Exception in thread Thread-1:
Traceback (most recent call last):
  File "/home/woody/vlbi/vlbi107v/miniconda3/envs/hifi-gan/lib/python3.8/threading.py", line 932, in _bootstrap_inner
    self.run()
  File "/home/woody/vlbi/vlbi107v/miniconda3/envs/hifi-gan/lib/python3.8/site-packages/tensorboard/summary/writer/event_file_writer.py", line 244, in run
    self._run()
  File "/home/woody/vlbi/vlbi107v/miniconda3/envs/hifi-gan/lib/python3.8/site-packages/tensorboard/summary/writer/event_file_writer.py", line 275, in _run
    self._record_writer.write(data)
  File "/home/woody/vlbi/vlbi107v/miniconda3/envs/hifi-gan/lib/python3.8/site-packages/tensorboard/summary/writer/record_writer.py", line 40, in write
    self._writer.write(header + header_crc + data + footer_crc)
  File "/home/woody/vlbi/vlbi107v/miniconda3/envs/hifi-gan/lib/python3.8/site-packages/tensorboard/compat/tensorflow_stub/io/gfile.py", line 773, in write
    self.fs.append(self.filename, file_content, self.binary_mode)
  File "/home/woody/vlbi/vlbi107v/miniconda3/envs/hifi-gan/lib/python3.8/site-packages/tensorboard/compat/tensorflow_stub/io/gfile.py", line 167, in append
    self._write(filename, file_content, "ab" if binary_mode else "a")
  File "/home/woody/vlbi/vlbi107v/miniconda3/envs/hifi-gan/lib/python3.8/site-packages/tensorboard/compat/tensorflow_stub/io/gfile.py", line 173, in _write
    f.write(compatify(file_content))
OSError: [Errno 122] Disk quota exceeded
Traceback (most recent call last):
  File "train.py", line 358, in <module>
    print('Time taken for epoch {} is {} sec\n'.format(epoch + 1, int(time.time() - start)))
  File "train.py", line 354, in main
    scheduler_g.step()
  File "train.py", line 287, in train
    generator_state = {
  File "/home/woody/vlbi/vlbi107v/miniconda3/envs/hifi-gan/lib/python3.8/site-packages/torch/utils/tensorboard/writer.py", line 753, in add_figure
    self.add_image(
  File "/home/woody/vlbi/vlbi107v/miniconda3/envs/hifi-gan/lib/python3.8/site-packages/torch/utils/tensorboard/writer.py", line 624, in add_image
    self._get_file_writer().add_summary(
  File "/home/woody/vlbi/vlbi107v/miniconda3/envs/hifi-gan/lib/python3.8/site-packages/torch/utils/tensorboard/writer.py", line 115, in add_summary
    self.add_event(event, global_step, walltime)
  File "/home/woody/vlbi/vlbi107v/miniconda3/envs/hifi-gan/lib/python3.8/site-packages/torch/utils/tensorboard/writer.py", line 99, in add_event
    self.event_writer.add_event(event)
  File "/home/woody/vlbi/vlbi107v/miniconda3/envs/hifi-gan/lib/python3.8/site-packages/tensorboard/summary/writer/event_file_writer.py", line 117, in add_event
    self._async_writer.write(event.SerializeToString())
  File "/home/woody/vlbi/vlbi107v/miniconda3/envs/hifi-gan/lib/python3.8/site-packages/tensorboard/summary/writer/event_file_writer.py", line 171, in write
    self._check_worker_status()
  File "/home/woody/vlbi/vlbi107v/miniconda3/envs/hifi-gan/lib/python3.8/site-packages/tensorboard/summary/writer/event_file_writer.py", line 212, in _check_worker_status
    raise exception
  File "/home/woody/vlbi/vlbi107v/miniconda3/envs/hifi-gan/lib/python3.8/threading.py", line 932, in _bootstrap_inner
    self.run()
  File "/home/woody/vlbi/vlbi107v/miniconda3/envs/hifi-gan/lib/python3.8/site-packages/tensorboard/summary/writer/event_file_writer.py", line 244, in run
    self._run()
  File "/home/woody/vlbi/vlbi107v/miniconda3/envs/hifi-gan/lib/python3.8/site-packages/tensorboard/summary/writer/event_file_writer.py", line 275, in _run
    self._record_writer.write(data)
  File "/home/woody/vlbi/vlbi107v/miniconda3/envs/hifi-gan/lib/python3.8/site-packages/tensorboard/summary/writer/record_writer.py", line 40, in write
    self._writer.write(header + header_crc + data + footer_crc)
  File "/home/woody/vlbi/vlbi107v/miniconda3/envs/hifi-gan/lib/python3.8/site-packages/tensorboard/compat/tensorflow_stub/io/gfile.py", line 773, in write
    self.fs.append(self.filename, file_content, self.binary_mode)
  File "/home/woody/vlbi/vlbi107v/miniconda3/envs/hifi-gan/lib/python3.8/site-packages/tensorboard/compat/tensorflow_stub/io/gfile.py", line 167, in append
    self._write(filename, file_content, "ab" if binary_mode else "a")
  File "/home/woody/vlbi/vlbi107v/miniconda3/envs/hifi-gan/lib/python3.8/site-packages/tensorboard/compat/tensorflow_stub/io/gfile.py", line 173, in _write
    f.write(compatify(file_content))
OSError: [Errno 122] Disk quota exceeded
srun: error: tg095: task 0: Exited with exit code 1
srun: Terminating StepId=1698681.0
