### Starting TaskPrologue of job 1428685 on tf061 at Sun Jul  5 01:46:57 PM CEST 2026
Running on cores 40-47,104-111 with governor ondemand
No GPU known
### Finished TaskPrologue

==========(sbatch.tinyfat) Inference: 512 Channels (g_07960000) ==========
========== H2: quantized (INT8 dynamic quantization) ==========
Initializing Inference Process..
Using device: cpu (baseline and quantized inference both run on CPU)
Quantization enabled: forcing CPU inference for INT8 model.
Loading '/home/hpc/vlbi/vlbi107v/hifi-gan/cp_hifigan/v1_c512/g_07960000'
Complete.
Checkpoint contains weight_norm parameters. Keeping weight_norm wrappers for loading...
Removing weight norm...
Calibrating static quantization using 50 samples...
INT8 quantization scope: no_output
Checking quantized modules after static quantization:
Quantized module: conv_pre (torch.ao.nn.quantized.modules.conv.Conv1d)
Quantized module: ups.0 (torch.ao.nn.quantized.modules.conv.ConvTranspose1d)
Quantized module: ups.1 (torch.ao.nn.quantized.modules.conv.ConvTranspose1d)
Quantized module: ups.2 (torch.ao.nn.quantized.modules.conv.ConvTranspose1d)
Quantized module: ups.3 (torch.ao.nn.quantized.modules.conv.ConvTranspose1d)
Quantized module: resblocks.0.convs1.0 (torch.ao.nn.quantized.modules.conv.Conv1d)
Quantized module: resblocks.0.convs1.1 (torch.ao.nn.quantized.modules.conv.Conv1d)
Quantized module: resblocks.0.convs1.2 (torch.ao.nn.quantized.modules.conv.Conv1d)
Quantized module: resblocks.0.convs2.0 (torch.ao.nn.quantized.modules.conv.Conv1d)
Quantized module: resblocks.0.convs2.1 (torch.ao.nn.quantized.modules.conv.Conv1d)
Quantized module: resblocks.0.convs2.2 (torch.ao.nn.quantized.modules.conv.Conv1d)
Quantized module: resblocks.1.convs1.0 (torch.ao.nn.quantized.modules.conv.Conv1d)
Quantized module: resblocks.1.convs1.1 (torch.ao.nn.quantized.modules.conv.Conv1d)
Quantized module: resblocks.1.convs1.2 (torch.ao.nn.quantized.modules.conv.Conv1d)
Quantized module: resblocks.1.convs2.0 (torch.ao.nn.quantized.modules.conv.Conv1d)
Quantized module: resblocks.1.convs2.1 (torch.ao.nn.quantized.modules.conv.Conv1d)
Quantized module: resblocks.1.convs2.2 (torch.ao.nn.quantized.modules.conv.Conv1d)
Quantized module: resblocks.2.convs1.0 (torch.ao.nn.quantized.modules.conv.Conv1d)
Quantized module: resblocks.2.convs1.1 (torch.ao.nn.quantized.modules.conv.Conv1d)
Quantized module: resblocks.2.convs1.2 (torch.ao.nn.quantized.modules.conv.Conv1d)
Quantized module: resblocks.2.convs2.0 (torch.ao.nn.quantized.modules.conv.Conv1d)
Quantized module: resblocks.2.convs2.1 (torch.ao.nn.quantized.modules.conv.Conv1d)
Quantized module: resblocks.2.convs2.2 (torch.ao.nn.quantized.modules.conv.Conv1d)
Quantized module: resblocks.3.convs1.0 (torch.ao.nn.quantized.modules.conv.Conv1d)
Quantized module: resblocks.3.convs1.1 (torch.ao.nn.quantized.modules.conv.Conv1d)
Quantized module: resblocks.3.convs1.2 (torch.ao.nn.quantized.modules.conv.Conv1d)
Quantized module: resblocks.3.convs2.0 (torch.ao.nn.quantized.modules.conv.Conv1d)
Quantized module: resblocks.3.convs2.1 (torch.ao.nn.quantized.modules.conv.Conv1d)
Quantized module: resblocks.3.convs2.2 (torch.ao.nn.quantized.modules.conv.Conv1d)
Quantized module: resblocks.4.convs1.0 (torch.ao.nn.quantized.modules.conv.Conv1d)
Quantized module: resblocks.4.convs1.1 (torch.ao.nn.quantized.modules.conv.Conv1d)
Quantized module: resblocks.4.convs1.2 (torch.ao.nn.quantized.modules.conv.Conv1d)
Quantized module: resblocks.4.convs2.0 (torch.ao.nn.quantized.modules.conv.Conv1d)
Quantized module: resblocks.4.convs2.1 (torch.ao.nn.quantized.modules.conv.Conv1d)
Quantized module: resblocks.4.convs2.2 (torch.ao.nn.quantized.modules.conv.Conv1d)
Quantized module: resblocks.5.convs1.0 (torch.ao.nn.quantized.modules.conv.Conv1d)
Quantized module: resblocks.5.convs1.1 (torch.ao.nn.quantized.modules.conv.Conv1d)
Quantized module: resblocks.5.convs1.2 (torch.ao.nn.quantized.modules.conv.Conv1d)
Quantized module: resblocks.5.convs2.0 (torch.ao.nn.quantized.modules.conv.Conv1d)
Quantized module: resblocks.5.convs2.1 (torch.ao.nn.quantized.modules.conv.Conv1d)
Quantized module: resblocks.5.convs2.2 (torch.ao.nn.quantized.modules.conv.Conv1d)
Quantized module: resblocks.6.convs1.0 (torch.ao.nn.quantized.modules.conv.Conv1d)
Quantized module: resblocks.6.convs1.1 (torch.ao.nn.quantized.modules.conv.Conv1d)
Quantized module: resblocks.6.convs1.2 (torch.ao.nn.quantized.modules.conv.Conv1d)
Quantized module: resblocks.6.convs2.0 (torch.ao.nn.quantized.modules.conv.Conv1d)
Quantized module: resblocks.6.convs2.1 (torch.ao.nn.quantized.modules.conv.Conv1d)
Quantized module: resblocks.6.convs2.2 (torch.ao.nn.quantized.modules.conv.Conv1d)
Quantized module: resblocks.7.convs1.0 (torch.ao.nn.quantized.modules.conv.Conv1d)
Quantized module: resblocks.7.convs1.1 (torch.ao.nn.quantized.modules.conv.Conv1d)
Quantized module: resblocks.7.convs1.2 (torch.ao.nn.quantized.modules.conv.Conv1d)
Quantized module: resblocks.7.convs2.0 (torch.ao.nn.quantized.modules.conv.Conv1d)
Quantized module: resblocks.7.convs2.1 (torch.ao.nn.quantized.modules.conv.Conv1d)
Quantized module: resblocks.7.convs2.2 (torch.ao.nn.quantized.modules.conv.Conv1d)
Quantized module: resblocks.8.convs1.0 (torch.ao.nn.quantized.modules.conv.Conv1d)
Quantized module: resblocks.8.convs1.1 (torch.ao.nn.quantized.modules.conv.Conv1d)
Quantized module: resblocks.8.convs1.2 (torch.ao.nn.quantized.modules.conv.Conv1d)
Quantized module: resblocks.8.convs2.0 (torch.ao.nn.quantized.modules.conv.Conv1d)
Quantized module: resblocks.8.convs2.1 (torch.ao.nn.quantized.modules.conv.Conv1d)
Quantized module: resblocks.8.convs2.2 (torch.ao.nn.quantized.modules.conv.Conv1d)
Quantized module: resblocks.9.convs1.0 (torch.ao.nn.quantized.modules.conv.Conv1d)
Quantized module: resblocks.9.convs1.1 (torch.ao.nn.quantized.modules.conv.Conv1d)
Quantized module: resblocks.9.convs1.2 (torch.ao.nn.quantized.modules.conv.Conv1d)
Quantized module: resblocks.9.convs2.0 (torch.ao.nn.quantized.modules.conv.Conv1d)
Quantized module: resblocks.9.convs2.1 (torch.ao.nn.quantized.modules.conv.Conv1d)
Quantized module: resblocks.9.convs2.2 (torch.ao.nn.quantized.modules.conv.Conv1d)
Quantized module: resblocks.10.convs1.0 (torch.ao.nn.quantized.modules.conv.Conv1d)
Quantized module: resblocks.10.convs1.1 (torch.ao.nn.quantized.modules.conv.Conv1d)
Quantized module: resblocks.10.convs1.2 (torch.ao.nn.quantized.modules.conv.Conv1d)
Quantized module: resblocks.10.convs2.0 (torch.ao.nn.quantized.modules.conv.Conv1d)
Quantized module: resblocks.10.convs2.1 (torch.ao.nn.quantized.modules.conv.Conv1d)
Quantized module: resblocks.10.convs2.2 (torch.ao.nn.quantized.modules.conv.Conv1d)
Quantized module: resblocks.11.convs1.0 (torch.ao.nn.quantized.modules.conv.Conv1d)
Quantized module: resblocks.11.convs1.1 (torch.ao.nn.quantized.modules.conv.Conv1d)
Quantized module: resblocks.11.convs1.2 (torch.ao.nn.quantized.modules.conv.Conv1d)
Quantized module: resblocks.11.convs2.0 (torch.ao.nn.quantized.modules.conv.Conv1d)
Quantized module: resblocks.11.convs2.1 (torch.ao.nn.quantized.modules.conv.Conv1d)
Quantized module: resblocks.11.convs2.2 (torch.ao.nn.quantized.modules.conv.Conv1d)
Saving checkpoint to /home/hpc/vlbi/vlbi107v/hifi-gan/cp_hifigan/v1_c512/compressed_checkpoint_int8
Complete.
Saved compressed checkpoint: /home/hpc/vlbi/vlbi107v/hifi-gan/cp_hifigan/v1_c512/compressed_checkpoint_int8 (13.661 MB)
Compressed checkpoint parameters: 13,926,425
Loaded checkpoint: /home/hpc/vlbi/vlbi107v/hifi-gan/cp_hifigan/v1_c512/g_07960000 (53.239 MB)
Generator parameters: 13,926,425
generated_audios/generated_H2_512C_int8/1089-134686-0000_generated.wav | RTF: 0.1504(1.569s / 10.435s) | Generator RTF: 0.1500(1.566s / 10.435s)
generated_audios/generated_H2_512C_int8/1089-134686-0001_generated.wav | RTF: 0.1538(0.504s / 3.275s) | Generator RTF: 0.1529(0.501s / 3.275s)
generated_audios/generated_H2_512C_int8/1089-134686-0002_generated.wav | RTF: 0.1487(0.985s / 6.625s) | Generator RTF: 0.1481(0.981s / 6.625s)
generated_audios/generated_H2_512C_int8/1089-134686-0003_generated.wav | RTF: 0.1529(0.410s / 2.680s) | Generator RTF: 0.1519(0.407s / 2.680s)
generated_audios/generated_H2_512C_int8/1089-134686-0004_generated.wav | RTF: 0.1467(0.765s / 5.215s) | Generator RTF: 0.1461(0.762s / 5.215s)
generated_audios/generated_H2_512C_int8/1089-134686-0005_generated.wav | RTF: 0.1444(1.391s / 9.635s) | Generator RTF: 0.1439(1.387s / 9.635s)
generated_audios/generated_H2_512C_int8/1089-134686-0006_generated.wav | RTF: 0.1452(1.533s / 10.555s) | Generator RTF: 0.1448(1.529s / 10.555s)
generated_audios/generated_H2_512C_int8/1089-134686-0007_generated.wav | RTF: 0.1567(0.670s / 4.275s) | Generator RTF: 0.1559(0.667s / 4.275s)
generated_audios/generated_H2_512C_int8/1089-134686-0008_generated.wav | RTF: 0.1496(1.007s / 6.730s) | Generator RTF: 0.1489(1.002s / 6.730s)
generated_audios/generated_H2_512C_int8/1089-134686-0009_generated.wav | RTF: 0.1452(1.536s / 10.575s) | Generator RTF: 0.1448(1.532s / 10.575s)
generated_audios/generated_H2_512C_int8/1089-134686-0010_generated.wav | RTF: 0.1453(0.640s / 4.405s) | Generator RTF: 0.1442(0.635s / 4.405s)
generated_audios/generated_H2_512C_int8/1089-134686-0011_generated.wav | RTF: 0.1458(1.815s / 12.445s) | Generator RTF: 0.1455(1.811s / 12.445s)
generated_audios/generated_H2_512C_int8/1089-134686-0012_generated.wav | RTF: 0.1580(1.839s / 11.640s) | Generator RTF: 0.1576(1.834s / 11.640s)
generated_audios/generated_H2_512C_int8/1089-134686-0013_generated.wav | RTF: 0.1469(1.163s / 7.915s) | Generator RTF: 0.1464(1.159s / 7.915s)
generated_audios/generated_H2_512C_int8/1089-134686-0014_generated.wav | RTF: 0.1588(0.353s / 2.225s) | Generator RTF: 0.1571(0.349s / 2.225s)
generated_audios/generated_H2_512C_int8/1089-134686-0015_generated.wav | RTF: 0.1456(0.847s / 5.815s) | Generator RTF: 0.1451(0.844s / 5.815s)
generated_audios/generated_H2_512C_int8/1089-134686-0016_generated.wav | RTF: 0.1566(0.554s / 3.540s) | Generator RTF: 0.1557(0.551s / 3.540s)
generated_audios/generated_H2_512C_int8/1089-134686-0017_generated.wav | RTF: 0.1428(1.267s / 8.870s) | Generator RTF: 0.1424(1.263s / 8.870s)
generated_audios/generated_H2_512C_int8/1089-134686-0018_generated.wav | RTF: 0.1526(2.399s / 15.720s) | Generator RTF: 0.1523(2.393s / 15.720s)
generated_audios/generated_H2_512C_int8/1089-134686-0019_generated.wav | RTF: 0.1510(2.098s / 13.895s) | Generator RTF: 0.1506(2.093s / 13.895s)
generated_audios/generated_H2_512C_int8/1089-134686-0020_generated.wav | RTF: 0.1560(2.619s / 16.790s) | Generator RTF: 0.1557(2.614s / 16.790s)
generated_audios/generated_H2_512C_int8/1089-134686-0021_generated.wav | RTF: 0.1480(0.969s / 6.550s) | Generator RTF: 0.1474(0.965s / 6.550s)
generated_audios/generated_H2_512C_int8/1089-134686-0022_generated.wav | RTF: 0.1517(1.695s / 11.175s) | Generator RTF: 0.1513(1.690s / 11.175s)
generated_audios/generated_H2_512C_int8/1089-134686-0023_generated.wav | RTF: 0.1508(2.002s / 13.275s) | Generator RTF: 0.1504(1.997s / 13.275s)
generated_audios/generated_H2_512C_int8/1089-134686-0024_generated.wav | RTF: 0.1566(1.826s / 11.655s) | Generator RTF: 0.1563(1.822s / 11.655s)
generated_audios/generated_H2_512C_int8/1089-134686-0025_generated.wav | RTF: 0.1514(1.001s / 6.610s) | Generator RTF: 0.1508(0.997s / 6.610s)
generated_audios/generated_H2_512C_int8/1089-134686-0026_generated.wav | RTF: 0.1524(0.611s / 4.010s) | Generator RTF: 0.1514(0.607s / 4.010s)
generated_audios/generated_H2_512C_int8/1089-134686-0027_generated.wav | RTF: 0.1532(0.415s / 2.710s) | Generator RTF: 0.1521(0.412s / 2.710s)
generated_audios/generated_H2_512C_int8/1089-134686-0028_generated.wav | RTF: 0.1493(1.169s / 7.830s) | Generator RTF: 0.1489(1.166s / 7.830s)
generated_audios/generated_H2_512C_int8/1089-134686-0029_generated.wav | RTF: 0.1529(0.714s / 4.670s) | Generator RTF: 0.1520(0.710s / 4.670s)
generated_audios/generated_H2_512C_int8/1089-134686-0030_generated.wav | RTF: 0.1558(0.423s / 2.715s) | Generator RTF: 0.1544(0.419s / 2.715s)
generated_audios/generated_H2_512C_int8/1089-134686-0031_generated.wav | RTF: 0.1502(0.994s / 6.615s) | Generator RTF: 0.1495(0.989s / 6.615s)
generated_audios/generated_H2_512C_int8/121-121726-0000_generated.wav | RTF: 0.1507(1.275s / 8.460s) | Generator RTF: 0.1503(1.272s / 8.460s)
generated_audios/generated_H2_512C_int8/121-121726-0001_generated.wav | RTF: 0.1499(0.888s / 5.925s) | Generator RTF: 0.1493(0.885s / 5.925s)
generated_audios/generated_H2_512C_int8/121-121726-0002_generated.wav | RTF: 0.1518(0.669s / 4.410s) | Generator RTF: 0.1510(0.666s / 4.410s)
generated_audios/generated_H2_512C_int8/121-121726-0003_generated.wav | RTF: 0.1500(1.013s / 6.755s) | Generator RTF: 0.1494(1.009s / 6.755s)
generated_audios/generated_H2_512C_int8/121-121726-0004_generated.wav | RTF: 0.1541(0.619s / 4.020s) | Generator RTF: 0.1531(0.616s / 4.020s)
generated_audios/generated_H2_512C_int8/121-121726-0005_generated.wav | RTF: 0.1534(0.475s / 3.100s) | Generator RTF: 0.1522(0.472s / 3.100s)
generated_audios/generated_H2_512C_int8/121-121726-0006_generated.wav | RTF: 0.1539(0.600s / 3.895s) | Generator RTF: 0.1530(0.596s / 3.895s)
generated_audios/generated_H2_512C_int8/121-121726-0007_generated.wav | RTF: 0.1494(1.006s / 6.730s) | Generator RTF: 0.1490(1.003s / 6.730s)
generated_audios/generated_H2_512C_int8/121-121726-0008_generated.wav | RTF: 0.1518(0.758s / 4.990s) | Generator RTF: 0.1511(0.754s / 4.990s)
generated_audios/generated_H2_512C_int8/121-121726-0009_generated.wav | RTF: 0.1495(1.086s / 7.260s) | Generator RTF: 0.1491(1.082s / 7.260s)
generated_audios/generated_H2_512C_int8/121-121726-0010_generated.wav | RTF: 0.1484(1.456s / 9.810s) | Generator RTF: 0.1480(1.452s / 9.810s)
generated_audios/generated_H2_512C_int8/121-121726-0011_generated.wav | RTF: 0.1529(0.617s / 4.035s) | Generator RTF: 0.1520(0.613s / 4.035s)
generated_audios/generated_H2_512C_int8/121-121726-0012_generated.wav | RTF: 0.1544(0.625s / 4.045s) | Generator RTF: 0.1536(0.621s / 4.045s)
generated_audios/generated_H2_512C_int8/121-121726-0013_generated.wav | RTF: 0.1561(0.389s / 2.490s) | Generator RTF: 0.1547(0.385s / 2.490s)
generated_audios/generated_H2_512C_int8/121-121726-0014_generated.wav | RTF: 0.1606(0.508s / 3.165s) | Generator RTF: 0.1594(0.505s / 3.165s)
generated_audios/generated_H2_512C_int8/121-123852-0000_generated.wav | RTF: 0.1586(2.807s / 17.695s) | Generator RTF: 0.1583(2.802s / 17.695s)
generated_audios/generated_H2_512C_int8/121-123852-0001_generated.wav | RTF: 0.1566(0.293s / 1.870s) | Generator RTF: 0.1547(0.289s / 1.870s)
generated_audios/generated_H2_512C_int8/121-123852-0002_generated.wav | RTF: 0.1653(2.857s / 17.285s) | Generator RTF: 0.1650(2.852s / 17.285s)
generated_audios/generated_H2_512C_int8/121-123852-0003_generated.wav | RTF: 0.1726(4.058s / 23.505s) | Generator RTF: 0.1724(4.052s / 23.505s)
generated_audios/generated_H2_512C_int8/121-123852-0004_generated.wav | RTF: 0.1565(2.549s / 16.290s) | Generator RTF: 0.1562(2.544s / 16.290s)
generated_audios/generated_H2_512C_int8/121-123859-0000_generated.wav | RTF: 0.1584(2.755s / 17.390s) | Generator RTF: 0.1581(2.749s / 17.390s)
generated_audios/generated_H2_512C_int8/121-123859-0001_generated.wav | RTF: 0.1683(4.274s / 25.395s) | Generator RTF: 0.1681(4.268s / 25.395s)
generated_audios/generated_H2_512C_int8/121-123859-0002_generated.wav | RTF: 0.1760(5.288s / 30.040s) | Generator RTF: 0.1758(5.281s / 30.040s)
generated_audios/generated_H2_512C_int8/121-123859-0003_generated.wav | RTF: 0.1498(1.621s / 10.825s) | Generator RTF: 0.1493(1.616s / 10.825s)
generated_audios/generated_H2_512C_int8/121-123859-0004_generated.wav | RTF: 0.1852(1.760s / 9.505s) | Generator RTF: 0.1848(1.756s / 9.505s)
generated_audios/generated_H2_512C_int8/121-127105-0000_generated.wav | RTF: 0.1467(1.449s / 9.875s) | Generator RTF: 0.1463(1.444s / 9.875s)
generated_audios/generated_H2_512C_int8/121-127105-0001_generated.wav | RTF: 0.1529(0.768s / 5.025s) | Generator RTF: 0.1521(0.765s / 5.025s)
generated_audios/generated_H2_512C_int8/121-127105-0002_generated.wav | RTF: 0.1454(1.090s / 7.495s) | Generator RTF: 0.1449(1.086s / 7.495s)
generated_audios/generated_H2_512C_int8/121-127105-0003_generated.wav | RTF: 0.1452(1.122s / 7.725s) | Generator RTF: 0.1447(1.118s / 7.725s)
generated_audios/generated_H2_512C_int8/121-127105-0004_generated.wav | RTF: 0.1562(0.330s / 2.110s) | Generator RTF: 0.1546(0.326s / 2.110s)
generated_audios/generated_H2_512C_int8/121-127105-0005_generated.wav | RTF: 0.1505(0.876s / 5.820s) | Generator RTF: 0.1498(0.872s / 5.820s)
generated_audios/generated_H2_512C_int8/121-127105-0006_generated.wav | RTF: 0.1499(0.708s / 4.725s) | Generator RTF: 0.1491(0.704s / 4.725s)
generated_audios/generated_H2_512C_int8/121-127105-0007_generated.wav | RTF: 0.1455(0.843s / 5.790s) | Generator RTF: 0.1449(0.839s / 5.790s)
generated_audios/generated_H2_512C_int8/121-127105-0008_generated.wav | RTF: 0.1510(0.417s / 2.760s) | Generator RTF: 0.1497(0.413s / 2.760s)
generated_audios/generated_H2_512C_int8/121-127105-0009_generated.wav | RTF: 0.1514(0.347s / 2.290s) | Generator RTF: 0.1498(0.343s / 2.290s)
generated_audios/generated_H2_512C_int8/121-127105-0010_generated.wav | RTF: 0.1499(0.427s / 2.850s) | Generator RTF: 0.1486(0.423s / 2.850s)
generated_audios/generated_H2_512C_int8/121-127105-0011_generated.wav | RTF: 0.1442(0.833s / 5.780s) | Generator RTF: 0.1435(0.829s / 5.780s)
generated_audios/generated_H2_512C_int8/121-127105-0012_generated.wav | RTF: 0.1612(0.779s / 4.830s) | Generator RTF: 0.1605(0.775s / 4.830s)
generated_audios/generated_H2_512C_int8/121-127105-0013_generated.wav | RTF: 0.1525(0.899s / 5.895s) | Generator RTF: 0.1519(0.895s / 5.895s)
generated_audios/generated_H2_512C_int8/121-127105-0014_generated.wav | RTF: 0.1533(0.346s / 2.255s) | Generator RTF: 0.1518(0.342s / 2.255s)
generated_audios/generated_H2_512C_int8/121-127105-0015_generated.wav | RTF: 0.1501(0.444s / 2.960s) | Generator RTF: 0.1492(0.442s / 2.960s)
generated_audios/generated_H2_512C_int8/121-127105-0016_generated.wav | RTF: 0.1525(0.310s / 2.030s) | Generator RTF: 0.1507(0.306s / 2.030s)
generated_audios/generated_H2_512C_int8/121-127105-0017_generated.wav | RTF: 0.1497(0.403s / 2.695s) | Generator RTF: 0.1485(0.400s / 2.695s)
generated_audios/generated_H2_512C_int8/121-127105-0018_generated.wav | RTF: 0.1457(0.404s / 2.770s) | Generator RTF: 0.1446(0.400s / 2.770s)
generated_audios/generated_H2_512C_int8/121-127105-0019_generated.wav | RTF: 0.1495(0.527s / 3.525s) | Generator RTF: 0.1484(0.523s / 3.525s)
generated_audios/generated_H2_512C_int8/121-127105-0020_generated.wav | RTF: 0.1533(2.200s / 14.355s) | Generator RTF: 0.1530(2.196s / 14.355s)
generated_audios/generated_H2_512C_int8/121-127105-0021_generated.wav | RTF: 0.1522(0.304s / 2.000s) | Generator RTF: 0.1505(0.301s / 2.000s)
generated_audios/generated_H2_512C_int8/121-127105-0022_generated.wav | RTF: 0.1495(0.759s / 5.075s) | Generator RTF: 0.1488(0.755s / 5.075s)
generated_audios/generated_H2_512C_int8/121-127105-0023_generated.wav | RTF: 0.1453(1.585s / 10.910s) | Generator RTF: 0.1449(1.580s / 10.910s)
generated_audios/generated_H2_512C_int8/121-127105-0024_generated.wav | RTF: 0.1530(2.212s / 14.450s) | Generator RTF: 0.1528(2.207s / 14.450s)
generated_audios/generated_H2_512C_int8/121-127105-0025_generated.wav | RTF: 0.1567(2.517s / 16.065s) | Generator RTF: 0.1563(2.512s / 16.065s)
generated_audios/generated_H2_512C_int8/121-127105-0026_generated.wav | RTF: 0.1500(1.130s / 7.530s) | Generator RTF: 0.1495(1.125s / 7.530s)
generated_audios/generated_H2_512C_int8/121-127105-0027_generated.wav | RTF: 0.1483(2.057s / 13.870s) | Generator RTF: 0.1480(2.053s / 13.870s)
generated_audios/generated_H2_512C_int8/121-127105-0028_generated.wav | RTF: 0.1469(0.992s / 6.750s) | Generator RTF: 0.1463(0.988s / 6.750s)
generated_audios/generated_H2_512C_int8/121-127105-0029_generated.wav | RTF: 0.1431(1.046s / 7.310s) | Generator RTF: 0.1426(1.042s / 7.310s)
generated_audios/generated_H2_512C_int8/121-127105-0030_generated.wav | RTF: 0.1483(0.322s / 2.175s) | Generator RTF: 0.1470(0.320s / 2.175s)
generated_audios/generated_H2_512C_int8/121-127105-0031_generated.wav | RTF: 0.1442(1.552s / 10.765s) | Generator RTF: 0.1437(1.547s / 10.765s)
generated_audios/generated_H2_512C_int8/121-127105-0032_generated.wav | RTF: 0.1479(0.469s / 3.170s) | Generator RTF: 0.1468(0.466s / 3.170s)
generated_audios/generated_H2_512C_int8/121-127105-0033_generated.wav | RTF: 0.1486(0.350s / 2.355s) | Generator RTF: 0.1472(0.347s / 2.355s)
generated_audios/generated_H2_512C_int8/121-127105-0034_generated.wav | RTF: 0.1415(1.048s / 7.410s) | Generator RTF: 0.1410(1.045s / 7.410s)
generated_audios/generated_H2_512C_int8/121-127105-0035_generated.wav | RTF: 0.1472(2.083s / 14.150s) | Generator RTF: 0.1469(2.078s / 14.150s)
generated_audios/generated_H2_512C_int8/121-127105-0036_generated.wav | RTF: 0.1471(0.610s / 4.150s) | Generator RTF: 0.1462(0.607s / 4.150s)
generated_audios/generated_H2_512C_int8/237-126133-0000_generated.wav | RTF: 0.1474(1.959s / 13.290s) | Generator RTF: 0.1470(1.954s / 13.290s)
generated_audios/generated_H2_512C_int8/237-126133-0001_generated.wav | RTF: 0.1432(1.713s / 11.965s) | Generator RTF: 0.1428(1.709s / 11.965s)
generated_audios/generated_H2_512C_int8/237-126133-0002_generated.wav | RTF: 0.1782(1.589s / 8.920s) | Generator RTF: 0.1777(1.585s / 8.920s)
generated_audios/generated_H2_512C_int8/237-126133-0003_generated.wav | RTF: 0.1432(0.939s / 6.560s) | Generator RTF: 0.1426(0.935s / 6.560s)
generated_audios/generated_H2_512C_int8/237-126133-0004_generated.wav | RTF: 0.1461(0.481s / 3.295s) | Generator RTF: 0.1451(0.478s / 3.295s)
generated_audios/generated_H2_512C_int8/237-126133-0005_generated.wav | RTF: 0.1487(0.968s / 6.510s) | Generator RTF: 0.1482(0.965s / 6.510s)
generated_audios/generated_H2_512C_int8/237-126133-0006_generated.wav | RTF: 0.1429(0.879s / 6.150s) | Generator RTF: 0.1422(0.875s / 6.150s)
generated_audios/generated_H2_512C_int8/237-126133-0007_generated.wav | RTF: 0.1406(1.220s / 8.680s) | Generator RTF: 0.1401(1.216s / 8.680s)
generated_audios/generated_H2_512C_int8/237-126133-0008_generated.wav | RTF: 0.1459(0.564s / 3.865s) | Generator RTF: 0.1450(0.561s / 3.865s)
generated_audios/generated_H2_512C_int8/237-126133-0009_generated.wav | RTF: 0.1454(0.577s / 3.970s) | Generator RTF: 0.1445(0.574s / 3.970s)
generated_audios/generated_H2_512C_int8/237-126133-0010_generated.wav | RTF: 0.1423(0.888s / 6.240s) | Generator RTF: 0.1417(0.884s / 6.240s)
generated_audios/generated_H2_512C_int8/237-126133-0011_generated.wav | RTF: 0.1417(0.950s / 6.710s) | Generator RTF: 0.1411(0.947s / 6.710s)
generated_audios/generated_H2_512C_int8/237-126133-0012_generated.wav | RTF: 0.1459(0.649s / 4.450s) | Generator RTF: 0.1451(0.645s / 4.450s)
generated_audios/generated_H2_512C_int8/237-126133-0013_generated.wav | RTF: 0.1427(0.973s / 6.815s) | Generator RTF: 0.1422(0.969s / 6.815s)
generated_audios/generated_H2_512C_int8/237-126133-0014_generated.wav | RTF: 0.1450(0.984s / 6.790s) | Generator RTF: 0.1444(0.981s / 6.790s)
generated_audios/generated_H2_512C_int8/237-126133-0015_generated.wav | RTF: 0.1414(1.320s / 9.340s) | Generator RTF: 0.1409(1.316s / 9.340s)
generated_audios/generated_H2_512C_int8/237-126133-0016_generated.wav | RTF: 0.1454(0.618s / 4.250s) | Generator RTF: 0.1445(0.614s / 4.250s)
generated_audios/generated_H2_512C_int8/237-126133-0017_generated.wav | RTF: 0.1429(0.888s / 6.210s) | Generator RTF: 0.1424(0.884s / 6.210s)
generated_audios/generated_H2_512C_int8/237-126133-0018_generated.wav | RTF: 0.1546(0.633s / 4.095s) | Generator RTF: 0.1538(0.630s / 4.095s)
generated_audios/generated_H2_512C_int8/237-126133-0019_generated.wav | RTF: 0.1431(1.019s / 7.120s) | Generator RTF: 0.1425(1.015s / 7.120s)
generated_audios/generated_H2_512C_int8/237-126133-0020_generated.wav | RTF: 0.1672(0.375s / 2.240s) | Generator RTF: 0.1657(0.371s / 2.240s)
generated_audios/generated_H2_512C_int8/237-126133-0021_generated.wav | RTF: 0.1453(0.634s / 4.365s) | Generator RTF: 0.1444(0.630s / 4.365s)
generated_audios/generated_H2_512C_int8/237-126133-0022_generated.wav | RTF: 0.1465(0.738s / 5.040s) | Generator RTF: 0.1458(0.735s / 5.040s)
generated_audios/generated_H2_512C_int8/237-126133-0023_generated.wav | RTF: 0.1422(0.949s / 6.675s) | Generator RTF: 0.1416(0.945s / 6.675s)
generated_audios/generated_H2_512C_int8/237-126133-0024_generated.wav | RTF: 0.1587(1.534s / 9.665s) | Generator RTF: 0.1583(1.530s / 9.665s)
generated_audios/generated_H2_512C_int8/237-126133-0025_generated.wav | RTF: 0.1465(0.550s / 3.755s) | Generator RTF: 0.1457(0.547s / 3.755s)
generated_audios/generated_H2_512C_int8/237-134493-0000_generated.wav | RTF: 0.1444(0.593s / 4.105s) | Generator RTF: 0.1435(0.589s / 4.105s)
generated_audios/generated_H2_512C_int8/237-134493-0001_generated.wav | RTF: 0.1413(1.042s / 7.380s) | Generator RTF: 0.1408(1.039s / 7.380s)
generated_audios/generated_H2_512C_int8/237-134493-0002_generated.wav | RTF: 0.1442(1.643s / 11.395s) | Generator RTF: 0.1438(1.639s / 11.395s)
generated_audios/generated_H2_512C_int8/237-134493-0003_generated.wav | RTF: 0.1450(1.851s / 12.765s) | Generator RTF: 0.1447(1.847s / 12.765s)
generated_audios/generated_H2_512C_int8/237-134493-0004_generated.wav | RTF: 0.1415(0.965s / 6.825s) | Generator RTF: 0.1410(0.962s / 6.825s)
generated_audios/generated_H2_512C_int8/237-134493-0005_generated.wav | RTF: 0.1446(1.583s / 10.945s) | Generator RTF: 0.1443(1.579s / 10.945s)
generated_audios/generated_H2_512C_int8/237-134493-0006_generated.wav | RTF: 0.1453(0.638s / 4.395s) | Generator RTF: 0.1444(0.635s / 4.395s)
generated_audios/generated_H2_512C_int8/237-134493-0007_generated.wav | RTF: 0.1491(0.303s / 2.035s) | Generator RTF: 0.1475(0.300s / 2.035s)
generated_audios/generated_H2_512C_int8/237-134493-0008_generated.wav | RTF: 0.1493(0.344s / 2.305s) | Generator RTF: 0.1481(0.341s / 2.305s)
generated_audios/generated_H2_512C_int8/237-134493-0009_generated.wav | RTF: 0.2284(0.680s / 2.975s) | Generator RTF: 0.2273(0.676s / 2.975s)
generated_audios/generated_H2_512C_int8/237-134493-0010_generated.wav | RTF: 0.1465(0.421s / 2.875s) | Generator RTF: 0.1453(0.418s / 2.875s)
generated_audios/generated_H2_512C_int8/237-134493-0011_generated.wav | RTF: 0.1463(0.737s / 5.035s) | Generator RTF: 0.1456(0.733s / 5.035s)
generated_audios/generated_H2_512C_int8/237-134493-0012_generated.wav | RTF: 0.1453(0.532s / 3.660s) | Generator RTF: 0.1444(0.528s / 3.660s)
generated_audios/generated_H2_512C_int8/237-134493-0013_generated.wav | RTF: 0.1553(0.635s / 4.090s) | Generator RTF: 0.1544(0.632s / 4.090s)
generated_audios/generated_H2_512C_int8/237-134493-0014_generated.wav | RTF: 0.1472(0.545s / 3.700s) | Generator RTF: 0.1463(0.541s / 3.700s)
generated_audios/generated_H2_512C_int8/237-134493-0015_generated.wav | RTF: 0.1426(0.934s / 6.550s) | Generator RTF: 0.1420(0.930s / 6.550s)
generated_audios/generated_H2_512C_int8/237-134493-0016_generated.wav | RTF: 0.1430(1.442s / 10.085s) | Generator RTF: 0.1425(1.438s / 10.085s)
generated_audios/generated_H2_512C_int8/237-134493-0017_generated.wav | RTF: 0.1475(1.343s / 9.105s) | Generator RTF: 0.1470(1.339s / 9.105s)
generated_audios/generated_H2_512C_int8/237-134493-0018_generated.wav | RTF: 0.1454(0.696s / 4.790s) | Generator RTF: 0.1447(0.693s / 4.790s)
generated_audios/generated_H2_512C_int8/237-134500-0000_generated.wav | RTF: 0.1438(0.882s / 6.130s) | Generator RTF: 0.1431(0.877s / 6.130s)
generated_audios/generated_H2_512C_int8/237-134500-0001_generated.wav | RTF: 0.1513(0.274s / 1.810s) | Generator RTF: 0.1494(0.270s / 1.810s)
generated_audios/generated_H2_512C_int8/237-134500-0002_generated.wav | RTF: 0.1439(0.730s / 5.070s) | Generator RTF: 0.1433(0.727s / 5.070s)
generated_audios/generated_H2_512C_int8/237-134500-0003_generated.wav | RTF: 0.1466(0.465s / 3.170s) | Generator RTF: 0.1455(0.461s / 3.170s)
generated_audios/generated_H2_512C_int8/237-134500-0004_generated.wav | RTF: 0.1475(0.328s / 2.225s) | Generator RTF: 0.1460(0.325s / 2.225s)
generated_audios/generated_H2_512C_int8/237-134500-0005_generated.wav | RTF: 0.1474(0.352s / 2.390s) | Generator RTF: 0.1461(0.349s / 2.390s)
generated_audios/generated_H2_512C_int8/237-134500-0006_generated.wav | RTF: 0.1456(0.615s / 4.225s) | Generator RTF: 0.1448(0.612s / 4.225s)
generated_audios/generated_H2_512C_int8/237-134500-0007_generated.wav | RTF: 0.1475(0.353s / 2.390s) | Generator RTF: 0.1462(0.349s / 2.390s)
generated_audios/generated_H2_512C_int8/237-134500-0008_generated.wav | RTF: 0.1444(0.543s / 3.760s) | Generator RTF: 0.1435(0.539s / 3.760s)
generated_audios/generated_H2_512C_int8/237-134500-0009_generated.wav | RTF: 0.1478(0.328s / 2.220s) | Generator RTF: 0.1463(0.325s / 2.220s)
generated_audios/generated_H2_512C_int8/237-134500-0010_generated.wav | RTF: 0.1485(0.593s / 3.995s) | Generator RTF: 0.1477(0.590s / 3.995s)
generated_audios/generated_H2_512C_int8/237-134500-0011_generated.wav | RTF: 0.1550(0.519s / 3.350s) | Generator RTF: 0.1540(0.516s / 3.350s)
generated_audios/generated_H2_512C_int8/237-134500-0012_generated.wav | RTF: 0.1451(1.587s / 10.935s) | Generator RTF: 0.1447(1.582s / 10.935s)
generated_audios/generated_H2_512C_int8/237-134500-0013_generated.wav | RTF: 0.1422(1.501s / 10.560s) | Generator RTF: 0.1418(1.497s / 10.560s)
generated_audios/generated_H2_512C_int8/237-134500-0014_generated.wav | RTF: 0.1461(0.621s / 4.250s) | Generator RTF: 0.1452(0.617s / 4.250s)
generated_audios/generated_H2_512C_int8/237-134500-0015_generated.wav | RTF: 0.1444(1.562s / 10.815s) | Generator RTF: 0.1440(1.558s / 10.815s)
generated_audios/generated_H2_512C_int8/237-134500-0016_generated.wav | RTF: 0.1520(0.480s / 3.160s) | Generator RTF: 0.1509(0.477s / 3.160s)
generated_audios/generated_H2_512C_int8/237-134500-0017_generated.wav | RTF: 0.1476(0.322s / 2.180s) | Generator RTF: 0.1461(0.319s / 2.180s)
generated_audios/generated_H2_512C_int8/237-134500-0018_generated.wav | RTF: 0.1455(1.869s / 12.845s) | Generator RTF: 0.1451(1.864s / 12.845s)
generated_audios/generated_H2_512C_int8/237-134500-0019_generated.wav | RTF: 0.1473(0.421s / 2.860s) | Generator RTF: 0.1461(0.418s / 2.860s)
generated_audios/generated_H2_512C_int8/237-134500-0020_generated.wav | RTF: 0.1474(0.321s / 2.180s) | Generator RTF: 0.1458(0.318s / 2.180s)
generated_audios/generated_H2_512C_int8/237-134500-0021_generated.wav | RTF: 0.1440(0.737s / 5.120s) | Generator RTF: 0.1433(0.734s / 5.120s)
generated_audios/generated_H2_512C_int8/237-134500-0022_generated.wav | RTF: 0.1428(0.738s / 5.165s) | Generator RTF: 0.1421(0.734s / 5.165s)
generated_audios/generated_H2_512C_int8/237-134500-0023_generated.wav | RTF: 0.1477(0.452s / 3.060s) | Generator RTF: 0.1466(0.449s / 3.060s)
generated_audios/generated_H2_512C_int8/237-134500-0024_generated.wav | RTF: 0.1462(0.645s / 4.410s) | Generator RTF: 0.1454(0.641s / 4.410s)
generated_audios/generated_H2_512C_int8/237-134500-0025_generated.wav | RTF: 0.1525(0.249s / 1.630s) | Generator RTF: 0.1505(0.245s / 1.630s)
generated_audios/generated_H2_512C_int8/237-134500-0026_generated.wav | RTF: 0.1453(0.443s / 3.050s) | Generator RTF: 0.1442(0.440s / 3.050s)
generated_audios/generated_H2_512C_int8/237-134500-0027_generated.wav | RTF: 0.1476(0.483s / 3.270s) | Generator RTF: 0.1466(0.479s / 3.270s)
generated_audios/generated_H2_512C_int8/237-134500-0028_generated.wav | RTF: 0.1443(0.653s / 4.525s) | Generator RTF: 0.1435(0.649s / 4.525s)
generated_audios/generated_H2_512C_int8/237-134500-0029_generated.wav | RTF: 0.1484(0.306s / 2.065s) | Generator RTF: 0.1468(0.303s / 2.065s)
generated_audios/generated_H2_512C_int8/237-134500-0030_generated.wav | RTF: 0.1463(0.407s / 2.780s) | Generator RTF: 0.1450(0.403s / 2.780s)
generated_audios/generated_H2_512C_int8/237-134500-0031_generated.wav | RTF: 0.1409(1.495s / 10.610s) | Generator RTF: 0.1405(1.491s / 10.610s)
generated_audios/generated_H2_512C_int8/237-134500-0032_generated.wav | RTF: 0.1486(0.747s / 5.025s) | Generator RTF: 0.1479(0.743s / 5.025s)
generated_audios/generated_H2_512C_int8/237-134500-0033_generated.wav | RTF: 0.1419(0.901s / 6.350s) | Generator RTF: 0.1413(0.897s / 6.350s)
generated_audios/generated_H2_512C_int8/237-134500-0034_generated.wav | RTF: 0.1479(0.455s / 3.075s) | Generator RTF: 0.1467(0.451s / 3.075s)
generated_audios/generated_H2_512C_int8/237-134500-0035_generated.wav | RTF: 0.1483(0.379s / 2.555s) | Generator RTF: 0.1471(0.376s / 2.555s)
generated_audios/generated_H2_512C_int8/237-134500-0036_generated.wav | RTF: 0.1445(0.954s / 6.600s) | Generator RTF: 0.1439(0.950s / 6.600s)
generated_audios/generated_H2_512C_int8/237-134500-0037_generated.wav | RTF: 0.1412(1.004s / 7.105s) | Generator RTF: 0.1407(1.000s / 7.105s)
generated_audios/generated_H2_512C_int8/237-134500-0038_generated.wav | RTF: 0.1482(0.361s / 2.435s) | Generator RTF: 0.1470(0.358s / 2.435s)
generated_audios/generated_H2_512C_int8/237-134500-0039_generated.wav | RTF: 0.1440(0.667s / 4.630s) | Generator RTF: 0.1433(0.664s / 4.630s)
generated_audios/generated_H2_512C_int8/237-134500-0040_generated.wav | RTF: 0.1448(0.584s / 4.030s) | Generator RTF: 0.1440(0.580s / 4.030s)
generated_audios/generated_H2_512C_int8/237-134500-0041_generated.wav | RTF: 0.1800(1.606s / 8.920s) | Generator RTF: 0.1796(1.602s / 8.920s)
generated_audios/generated_H2_512C_int8/237-134500-0042_generated.wav | RTF: 0.1476(0.380s / 2.575s) | Generator RTF: 0.1464(0.377s / 2.575s)
generated_audios/generated_H2_512C_int8/260-123286-0000_generated.wav | RTF: 0.1426(1.004s / 7.040s) | Generator RTF: 0.1420(1.000s / 7.040s)
generated_audios/generated_H2_512C_int8/260-123286-0001_generated.wav | RTF: 0.1473(0.452s / 3.070s) | Generator RTF: 0.1462(0.449s / 3.070s)
generated_audios/generated_H2_512C_int8/260-123286-0002_generated.wav | RTF: 0.1409(1.407s / 9.985s) | Generator RTF: 0.1406(1.403s / 9.985s)
generated_audios/generated_H2_512C_int8/260-123286-0003_generated.wav | RTF: 0.1412(1.041s / 7.370s) | Generator RTF: 0.1407(1.037s / 7.370s)
generated_audios/generated_H2_512C_int8/260-123286-0004_generated.wav | RTF: 0.1459(0.506s / 3.465s) | Generator RTF: 0.1450(0.503s / 3.465s)
generated_audios/generated_H2_512C_int8/260-123286-0005_generated.wav | RTF: 0.1443(0.694s / 4.810s) | Generator RTF: 0.1435(0.690s / 4.810s)
generated_audios/generated_H2_512C_int8/260-123286-0006_generated.wav | RTF: 0.1417(1.049s / 7.405s) | Generator RTF: 0.1411(1.045s / 7.405s)
generated_audios/generated_H2_512C_int8/260-123286-0007_generated.wav | RTF: 0.1436(0.654s / 4.550s) | Generator RTF: 0.1429(0.650s / 4.550s)
generated_audios/generated_H2_512C_int8/260-123286-0008_generated.wav | RTF: 0.1460(0.545s / 3.735s) | Generator RTF: 0.1452(0.542s / 3.735s)
generated_audios/generated_H2_512C_int8/260-123286-0009_generated.wav | RTF: 0.1416(0.820s / 5.795s) | Generator RTF: 0.1409(0.817s / 5.795s)
generated_audios/generated_H2_512C_int8/260-123286-0010_generated.wav | RTF: 0.1462(0.376s / 2.575s) | Generator RTF: 0.1451(0.374s / 2.575s)
generated_audios/generated_H2_512C_int8/260-123286-0011_generated.wav | RTF: 0.1441(0.613s / 4.255s) | Generator RTF: 0.1433(0.610s / 4.255s)
generated_audios/generated_H2_512C_int8/260-123286-0012_generated.wav | RTF: 0.1485(0.361s / 2.430s) | Generator RTF: 0.1471(0.357s / 2.430s)
generated_audios/generated_H2_512C_int8/260-123286-0013_generated.wav | RTF: 0.1450(0.686s / 4.730s) | Generator RTF: 0.1442(0.682s / 4.730s)
generated_audios/generated_H2_512C_int8/260-123286-0014_generated.wav | RTF: 0.2300(0.685s / 2.980s) | Generator RTF: 0.2289(0.682s / 2.980s)
generated_audios/generated_H2_512C_int8/260-123286-0015_generated.wav | RTF: 0.1642(0.856s / 5.210s) | Generator RTF: 0.1635(0.852s / 5.210s)
generated_audios/generated_H2_512C_int8/260-123286-0016_generated.wav | RTF: 0.1419(0.993s / 7.000s) | Generator RTF: 0.1413(0.989s / 7.000s)
generated_audios/generated_H2_512C_int8/260-123286-0017_generated.wav | RTF: 0.1467(0.583s / 3.975s) | Generator RTF: 0.1459(0.580s / 3.975s)
generated_audios/generated_H2_512C_int8/260-123286-0018_generated.wav | RTF: 0.1464(0.830s / 5.670s) | Generator RTF: 0.1458(0.827s / 5.670s)
generated_audios/generated_H2_512C_int8/260-123286-0019_generated.wav | RTF: 0.1430(1.703s / 11.905s) | Generator RTF: 0.1427(1.699s / 11.905s)
generated_audios/generated_H2_512C_int8/260-123286-0020_generated.wav | RTF: 0.1442(0.441s / 3.060s) | Generator RTF: 0.1432(0.438s / 3.060s)
generated_audios/generated_H2_512C_int8/260-123286-0021_generated.wav | RTF: 0.1497(0.382s / 2.550s) | Generator RTF: 0.1484(0.378s / 2.550s)
generated_audios/generated_H2_512C_int8/260-123286-0022_generated.wav | RTF: 0.1464(0.474s / 3.235s) | Generator RTF: 0.1454(0.471s / 3.235s)
generated_audios/generated_H2_512C_int8/260-123286-0023_generated.wav | RTF: 0.1421(0.835s / 5.875s) | Generator RTF: 0.1414(0.831s / 5.875s)
generated_audios/generated_H2_512C_int8/260-123286-0024_generated.wav | RTF: 0.1468(0.446s / 3.040s) | Generator RTF: 0.1456(0.443s / 3.040s)
generated_audios/generated_H2_512C_int8/260-123286-0025_generated.wav | RTF: 0.1437(1.323s / 9.205s) | Generator RTF: 0.1433(1.319s / 9.205s)
generated_audios/generated_H2_512C_int8/260-123286-0026_generated.wav | RTF: 0.1422(0.987s / 6.940s) | Generator RTF: 0.1417(0.984s / 6.940s)
generated_audios/generated_H2_512C_int8/260-123286-0027_generated.wav | RTF: 0.1416(1.015s / 7.170s) | Generator RTF: 0.1410(1.011s / 7.170s)
generated_audios/generated_H2_512C_int8/260-123286-0028_generated.wav | RTF: 0.1415(1.056s / 7.465s) | Generator RTF: 0.1410(1.053s / 7.465s)
generated_audios/generated_H2_512C_int8/260-123286-0029_generated.wav | RTF: 0.1457(0.662s / 4.545s) | Generator RTF: 0.1449(0.659s / 4.545s)
generated_audios/generated_H2_512C_int8/260-123286-0030_generated.wav | RTF: 0.1441(1.085s / 7.530s) | Generator RTF: 0.1436(1.082s / 7.530s)
generated_audios/generated_H2_512C_int8/260-123286-0031_generated.wav | RTF: 0.1452(0.735s / 5.060s) | Generator RTF: 0.1444(0.731s / 5.060s)
generated_audios/generated_H2_512C_int8/260-123288-0000_generated.wav | RTF: 0.1457(0.443s / 3.040s) | Generator RTF: 0.1446(0.440s / 3.040s)
generated_audios/generated_H2_512C_int8/260-123288-0001_generated.wav | RTF: 0.1480(0.752s / 5.080s) | Generator RTF: 0.1473(0.748s / 5.080s)
generated_audios/generated_H2_512C_int8/260-123288-0002_generated.wav | RTF: 0.1484(1.076s / 7.250s) | Generator RTF: 0.1479(1.072s / 7.250s)
generated_audios/generated_H2_512C_int8/260-123288-0003_generated.wav | RTF: 0.1408(1.254s / 8.905s) | Generator RTF: 0.1404(1.250s / 8.905s)
generated_audios/generated_H2_512C_int8/260-123288-0004_generated.wav | RTF: 0.1468(0.633s / 4.310s) | Generator RTF: 0.1460(0.629s / 4.310s)
generated_audios/generated_H2_512C_int8/260-123288-0005_generated.wav | RTF: 0.1461(1.833s / 12.550s) | Generator RTF: 0.1458(1.829s / 12.550s)
generated_audios/generated_H2_512C_int8/260-123288-0006_generated.wav | RTF: 0.1445(0.705s / 4.880s) | Generator RTF: 0.1438(0.702s / 4.880s)
generated_audios/generated_H2_512C_int8/260-123288-0007_generated.wav | RTF: 0.1450(1.624s / 11.200s) | Generator RTF: 0.1446(1.620s / 11.200s)
generated_audios/generated_H2_512C_int8/260-123288-0008_generated.wav | RTF: 0.1439(0.794s / 5.515s) | Generator RTF: 0.1433(0.790s / 5.515s)
generated_audios/generated_H2_512C_int8/260-123288-0009_generated.wav | RTF: 0.1451(0.498s / 3.435s) | Generator RTF: 0.1442(0.495s / 3.435s)
generated_audios/generated_H2_512C_int8/260-123288-0010_generated.wav | RTF: 0.1397(1.396s / 9.995s) | Generator RTF: 0.1393(1.392s / 9.995s)
generated_audios/generated_H2_512C_int8/260-123288-0011_generated.wav | RTF: 0.1426(1.281s / 8.980s) | Generator RTF: 0.1422(1.277s / 8.980s)
generated_audios/generated_H2_512C_int8/260-123288-0012_generated.wav | RTF: 0.1470(0.521s / 3.545s) | Generator RTF: 0.1460(0.517s / 3.545s)
generated_audios/generated_H2_512C_int8/260-123288-0013_generated.wav | RTF: 0.1437(1.636s / 11.385s) | Generator RTF: 0.1434(1.632s / 11.385s)
generated_audios/generated_H2_512C_int8/260-123288-0014_generated.wav | RTF: 0.1511(0.273s / 1.805s) | Generator RTF: 0.1494(0.270s / 1.805s)
generated_audios/generated_H2_512C_int8/260-123288-0015_generated.wav | RTF: 0.1655(3.507s / 21.185s) | Generator RTF: 0.1653(3.501s / 21.185s)
generated_audios/generated_H2_512C_int8/260-123288-0016_generated.wav | RTF: 0.1453(0.707s / 4.865s) | Generator RTF: 0.1445(0.703s / 4.865s)
generated_audios/generated_H2_512C_int8/260-123288-0017_generated.wav | RTF: 0.1454(0.760s / 5.225s) | Generator RTF: 0.1447(0.756s / 5.225s)
generated_audios/generated_H2_512C_int8/260-123288-0018_generated.wav | RTF: 0.1468(0.476s / 3.245s) | Generator RTF: 0.1457(0.473s / 3.245s)
generated_audios/generated_H2_512C_int8/260-123288-0019_generated.wav | RTF: 0.1459(0.431s / 2.955s) | Generator RTF: 0.1449(0.428s / 2.955s)
generated_audios/generated_H2_512C_int8/260-123288-0020_generated.wav | RTF: 0.1474(0.428s / 2.900s) | Generator RTF: 0.1463(0.424s / 2.900s)
generated_audios/generated_H2_512C_int8/260-123288-0021_generated.wav | RTF: 0.1492(0.404s / 2.710s) | Generator RTF: 0.1479(0.401s / 2.710s)
generated_audios/generated_H2_512C_int8/260-123288-0022_generated.wav | RTF: 0.1456(0.539s / 3.705s) | Generator RTF: 0.1446(0.536s / 3.705s)
generated_audios/generated_H2_512C_int8/260-123288-0023_generated.wav | RTF: 0.1465(0.349s / 2.385s) | Generator RTF: 0.1452(0.346s / 2.385s)
generated_audios/generated_H2_512C_int8/260-123288-0024_generated.wav | RTF: 0.1497(2.185s / 14.595s) | Generator RTF: 0.1494(2.180s / 14.595s)
generated_audios/generated_H2_512C_int8/260-123288-0025_generated.wav | RTF: 0.1472(1.979s / 13.445s) | Generator RTF: 0.1468(1.974s / 13.445s)
generated_audios/generated_H2_512C_int8/260-123288-0026_generated.wav | RTF: 0.1498(2.402s / 16.040s) | Generator RTF: 0.1495(2.397s / 16.040s)
generated_audios/generated_H2_512C_int8/260-123288-0027_generated.wav | RTF: 0.1436(0.905s / 6.305s) | Generator RTF: 0.1429(0.901s / 6.305s)
generated_audios/generated_H2_512C_int8/260-123288-0028_generated.wav | RTF: 0.1579(0.412s / 2.610s) | Generator RTF: 0.1566(0.409s / 2.610s)
generated_audios/generated_H2_512C_int8/260-123440-0000_generated.wav | RTF: 0.1477(0.320s / 2.165s) | Generator RTF: 0.1462(0.317s / 2.165s)
generated_audios/generated_H2_512C_int8/260-123440-0001_generated.wav | RTF: 0.1555(0.271s / 1.740s) | Generator RTF: 0.1536(0.267s / 1.740s)
generated_audios/generated_H2_512C_int8/260-123440-0002_generated.wav | RTF: 0.1488(2.189s / 14.715s) | Generator RTF: 0.1484(2.184s / 14.715s)
generated_audios/generated_H2_512C_int8/260-123440-0003_generated.wav | RTF: 0.1461(0.524s / 3.585s) | Generator RTF: 0.1451(0.520s / 3.585s)
generated_audios/generated_H2_512C_int8/260-123440-0004_generated.wav | RTF: 0.1437(1.727s / 12.020s) | Generator RTF: 0.1434(1.723s / 12.020s)
generated_audios/generated_H2_512C_int8/260-123440-0005_generated.wav | RTF: 0.1501(0.466s / 3.105s) | Generator RTF: 0.1489(0.462s / 3.105s)
generated_audios/generated_H2_512C_int8/260-123440-0006_generated.wav | RTF: 0.1471(0.399s / 2.715s) | Generator RTF: 0.1459(0.396s / 2.715s)
generated_audios/generated_H2_512C_int8/260-123440-0007_generated.wav | RTF: 0.1463(0.495s / 3.385s) | Generator RTF: 0.1452(0.491s / 3.385s)
generated_audios/generated_H2_512C_int8/260-123440-0008_generated.wav | RTF: 0.1451(0.544s / 3.745s) | Generator RTF: 0.1442(0.540s / 3.745s)
generated_audios/generated_H2_512C_int8/260-123440-0009_generated.wav | RTF: 0.1493(0.465s / 3.115s) | Generator RTF: 0.1482(0.462s / 3.115s)
generated_audios/generated_H2_512C_int8/260-123440-0010_generated.wav | RTF: 0.1432(1.191s / 8.315s) | Generator RTF: 0.1427(1.187s / 8.315s)
generated_audios/generated_H2_512C_int8/260-123440-0011_generated.wav | RTF: 0.1440(0.701s / 4.870s) | Generator RTF: 0.1432(0.697s / 4.870s)
generated_audios/generated_H2_512C_int8/260-123440-0012_generated.wav | RTF: 0.1459(0.765s / 5.245s) | Generator RTF: 0.1453(0.762s / 5.245s)
generated_audios/generated_H2_512C_int8/260-123440-0013_generated.wav | RTF: 0.1475(0.513s / 3.475s) | Generator RTF: 0.1466(0.509s / 3.475s)
generated_audios/generated_H2_512C_int8/260-123440-0014_generated.wav | RTF: 0.1515(0.578s / 3.815s) | Generator RTF: 0.1505(0.574s / 3.815s)
generated_audios/generated_H2_512C_int8/260-123440-0015_generated.wav | RTF: 0.1425(0.884s / 6.200s) | Generator RTF: 0.1419(0.880s / 6.200s)
generated_audios/generated_H2_512C_int8/260-123440-0016_generated.wav | RTF: 0.1439(0.705s / 4.895s) | Generator RTF: 0.1432(0.701s / 4.895s)
generated_audios/generated_H2_512C_int8/260-123440-0017_generated.wav | RTF: 0.1484(0.456s / 3.070s) | Generator RTF: 0.1473(0.452s / 3.070s)
generated_audios/generated_H2_512C_int8/260-123440-0018_generated.wav | RTF: 0.1455(0.530s / 3.640s) | Generator RTF: 0.1446(0.526s / 3.640s)
generated_audios/generated_H2_512C_int8/260-123440-0019_generated.wav | RTF: 0.1447(0.959s / 6.630s) | Generator RTF: 0.1441(0.956s / 6.630s)
generated_audios/generated_H2_512C_int8/260-123440-0020_generated.wav | RTF: 0.1442(0.720s / 4.995s) | Generator RTF: 0.1435(0.717s / 4.995s)
generated_audios/generated_H2_512C_int8/61-70968-0000_generated.wav | RTF: 0.1444(0.708s / 4.905s) | Generator RTF: 0.1437(0.705s / 4.905s)
generated_audios/generated_H2_512C_int8/61-70968-0001_generated.wav | RTF: 0.1464(0.529s / 3.610s) | Generator RTF: 0.1454(0.525s / 3.610s)
generated_audios/generated_H2_512C_int8/61-70968-0002_generated.wav | RTF: 0.1470(0.436s / 2.970s) | Generator RTF: 0.1458(0.433s / 2.970s)
generated_audios/generated_H2_512C_int8/61-70968-0003_generated.wav | RTF: 0.1475(0.636s / 4.315s) | Generator RTF: 0.1467(0.633s / 4.315s)
generated_audios/generated_H2_512C_int8/61-70968-0004_generated.wav | RTF: 0.1466(0.570s / 3.885s) | Generator RTF: 0.1457(0.566s / 3.885s)
generated_audios/generated_H2_512C_int8/61-70968-0005_generated.wav | RTF: 0.1438(0.729s / 5.070s) | Generator RTF: 0.1431(0.725s / 5.070s)
generated_audios/generated_H2_512C_int8/61-70968-0006_generated.wav | RTF: 0.1458(0.428s / 2.935s) | Generator RTF: 0.1448(0.425s / 2.935s)
generated_audios/generated_H2_512C_int8/61-70968-0007_generated.wav | RTF: 0.1459(0.518s / 3.550s) | Generator RTF: 0.1449(0.514s / 3.550s)
generated_audios/generated_H2_512C_int8/61-70968-0008_generated.wav | RTF: 0.1514(0.535s / 3.535s) | Generator RTF: 0.1506(0.532s / 3.535s)
generated_audios/generated_H2_512C_int8/61-70968-0009_generated.wav | RTF: 0.1448(0.653s / 4.510s) | Generator RTF: 0.1440(0.650s / 4.510s)
generated_audios/generated_H2_512C_int8/61-70968-0010_generated.wav | RTF: 0.1430(1.187s / 8.295s) | Generator RTF: 0.1425(1.182s / 8.295s)
generated_audios/generated_H2_512C_int8/61-70968-0011_generated.wav | RTF: 0.1439(0.917s / 6.375s) | Generator RTF: 0.1434(0.914s / 6.375s)
generated_audios/generated_H2_512C_int8/61-70968-0012_generated.wav | RTF: 0.1577(0.412s / 2.610s) | Generator RTF: 0.1564(0.408s / 2.610s)
generated_audios/generated_H2_512C_int8/61-70968-0013_generated.wav | RTF: 0.1437(0.640s / 4.450s) | Generator RTF: 0.1430(0.636s / 4.450s)
generated_audios/generated_H2_512C_int8/61-70968-0014_generated.wav | RTF: 0.1439(1.077s / 7.485s) | Generator RTF: 0.1435(1.074s / 7.485s)
generated_audios/generated_H2_512C_int8/61-70968-0015_generated.wav | RTF: 0.1438(0.773s / 5.375s) | Generator RTF: 0.1431(0.769s / 5.375s)
generated_audios/generated_H2_512C_int8/61-70968-0016_generated.wav | RTF: 0.1640(0.610s / 3.720s) | Generator RTF: 0.1630(0.606s / 3.720s)
generated_audios/generated_H2_512C_int8/61-70968-0017_generated.wav | RTF: 0.1474(0.753s / 5.110s) | Generator RTF: 0.1467(0.749s / 5.110s)
generated_audios/generated_H2_512C_int8/61-70968-0018_generated.wav | RTF: 0.1487(0.358s / 2.405s) | Generator RTF: 0.1473(0.354s / 2.405s)
generated_audios/generated_H2_512C_int8/61-70968-0019_generated.wav | RTF: 0.1441(0.789s / 5.475s) | Generator RTF: 0.1434(0.785s / 5.475s)
generated_audios/generated_H2_512C_int8/61-70968-0020_generated.wav | RTF: 0.1452(0.741s / 5.105s) | Generator RTF: 0.1445(0.738s / 5.105s)
generated_audios/generated_H2_512C_int8/61-70968-0021_generated.wav | RTF: 0.1489(0.401s / 2.690s) | Generator RTF: 0.1477(0.397s / 2.690s)
generated_audios/generated_H2_512C_int8/61-70968-0022_generated.wav | RTF: 0.1442(0.674s / 4.670s) | Generator RTF: 0.1435(0.670s / 4.670s)
generated_audios/generated_H2_512C_int8/61-70968-0023_generated.wav | RTF: 0.1496(0.752s / 5.025s) | Generator RTF: 0.1489(0.748s / 5.025s)
generated_audios/generated_H2_512C_int8/61-70968-0024_generated.wav | RTF: 0.1427(0.860s / 6.025s) | Generator RTF: 0.1421(0.856s / 6.025s)
generated_audios/generated_H2_512C_int8/61-70968-0025_generated.wav | RTF: 0.1462(0.645s / 4.410s) | Generator RTF: 0.1454(0.641s / 4.410s)
generated_audios/generated_H2_512C_int8/61-70968-0026_generated.wav | RTF: 0.1457(0.717s / 4.920s) | Generator RTF: 0.1450(0.713s / 4.920s)
generated_audios/generated_H2_512C_int8/61-70968-0027_generated.wav | RTF: 0.1423(0.977s / 6.870s) | Generator RTF: 0.1417(0.973s / 6.870s)
generated_audios/generated_H2_512C_int8/61-70968-0028_generated.wav | RTF: 0.1445(0.774s / 5.355s) | Generator RTF: 0.1439(0.771s / 5.355s)
generated_audios/generated_H2_512C_int8/61-70968-0029_generated.wav | RTF: 0.1929(0.674s / 3.495s) | Generator RTF: 0.1918(0.670s / 3.495s)
generated_audios/generated_H2_512C_int8/61-70968-0030_generated.wav | RTF: 0.1448(0.823s / 5.685s) | Generator RTF: 0.1442(0.820s / 5.685s)
generated_audios/generated_H2_512C_int8/61-70968-0031_generated.wav | RTF: 0.1454(0.425s / 2.925s) | Generator RTF: 0.1443(0.422s / 2.925s)
generated_audios/generated_H2_512C_int8/61-70968-0032_generated.wav | RTF: 0.1508(0.646s / 4.280s) | Generator RTF: 0.1500(0.642s / 4.280s)
generated_audios/generated_H2_512C_int8/61-70968-0033_generated.wav | RTF: 0.1869(1.063s / 5.685s) | Generator RTF: 0.1748(0.994s / 5.685s)
generated_audios/generated_H2_512C_int8/61-70968-0034_generated.wav | RTF: 0.1468(0.621s / 4.230s) | Generator RTF: 0.1460(0.617s / 4.230s)
generated_audios/generated_H2_512C_int8/61-70968-0035_generated.wav | RTF: 0.1415(1.125s / 7.950s) | Generator RTF: 0.1410(1.121s / 7.950s)
generated_audios/generated_H2_512C_int8/61-70968-0036_generated.wav | RTF: 0.1486(0.436s / 2.935s) | Generator RTF: 0.1474(0.433s / 2.935s)
generated_audios/generated_H2_512C_int8/61-70968-0037_generated.wav | RTF: 0.1447(0.624s / 4.315s) | Generator RTF: 0.1438(0.621s / 4.315s)
generated_audios/generated_H2_512C_int8/61-70968-0038_generated.wav | RTF: 0.1552(0.318s / 2.050s) | Generator RTF: 0.1536(0.315s / 2.050s)
generated_audios/generated_H2_512C_int8/61-70968-0039_generated.wav | RTF: 0.1465(0.557s / 3.805s) | Generator RTF: 0.1456(0.554s / 3.805s)
generated_audios/generated_H2_512C_int8/61-70968-0040_generated.wav | RTF: 0.1459(0.576s / 3.950s) | Generator RTF: 0.1451(0.573s / 3.950s)
generated_audios/generated_H2_512C_int8/61-70968-0041_generated.wav | RTF: 0.1440(0.983s / 6.825s) | Generator RTF: 0.1434(0.979s / 6.825s)
generated_audios/generated_H2_512C_int8/61-70968-0042_generated.wav | RTF: 0.1462(0.407s / 2.785s) | Generator RTF: 0.1450(0.404s / 2.785s)
generated_audios/generated_H2_512C_int8/61-70968-0043_generated.wav | RTF: 0.1418(0.955s / 6.735s) | Generator RTF: 0.1412(0.951s / 6.735s)
generated_audios/generated_H2_512C_int8/61-70968-0044_generated.wav | RTF: 0.1466(0.406s / 2.770s) | Generator RTF: 0.1453(0.403s / 2.770s)
generated_audios/generated_H2_512C_int8/61-70968-0045_generated.wav | RTF: 0.1458(0.506s / 3.475s) | Generator RTF: 0.1447(0.503s / 3.475s)
generated_audios/generated_H2_512C_int8/61-70968-0046_generated.wav | RTF: 0.1463(0.519s / 3.550s) | Generator RTF: 0.1453(0.516s / 3.550s)
generated_audios/generated_H2_512C_int8/61-70968-0047_generated.wav | RTF: 0.1448(0.692s / 4.775s) | Generator RTF: 0.1441(0.688s / 4.775s)
generated_audios/generated_H2_512C_int8/61-70968-0048_generated.wav | RTF: 0.1468(0.443s / 3.020s) | Generator RTF: 0.1456(0.440s / 3.020s)
generated_audios/generated_H2_512C_int8/61-70968-0049_generated.wav | RTF: 0.1422(1.173s / 8.250s) | Generator RTF: 0.1418(1.170s / 8.250s)
generated_audios/generated_H2_512C_int8/61-70968-0050_generated.wav | RTF: 0.1522(0.849s / 5.580s) | Generator RTF: 0.1516(0.846s / 5.580s)
generated_audios/generated_H2_512C_int8/61-70968-0051_generated.wav | RTF: 0.1476(0.463s / 3.135s) | Generator RTF: 0.1465(0.459s / 3.135s)
generated_audios/generated_H2_512C_int8/61-70968-0052_generated.wav | RTF: 0.1534(0.406s / 2.650s) | Generator RTF: 0.1520(0.403s / 2.650s)
generated_audios/generated_H2_512C_int8/61-70968-0053_generated.wav | RTF: 0.1465(0.618s / 4.220s) | Generator RTF: 0.1457(0.615s / 4.220s)
generated_audios/generated_H2_512C_int8/61-70968-0054_generated.wav | RTF: 0.1425(1.120s / 7.860s) | Generator RTF: 0.1420(1.116s / 7.860s)
generated_audios/generated_H2_512C_int8/61-70968-0055_generated.wav | RTF: 0.1464(0.581s / 3.965s) | Generator RTF: 0.1455(0.577s / 3.965s)
generated_audios/generated_H2_512C_int8/61-70968-0056_generated.wav | RTF: 0.1473(0.525s / 3.565s) | Generator RTF: 0.1463(0.522s / 3.565s)
generated_audios/generated_H2_512C_int8/61-70968-0057_generated.wav | RTF: 0.1453(0.736s / 5.065s) | Generator RTF: 0.1447(0.733s / 5.065s)
generated_audios/generated_H2_512C_int8/61-70968-0058_generated.wav | RTF: 0.1518(0.276s / 1.820s) | Generator RTF: 0.1499(0.273s / 1.820s)
generated_audios/generated_H2_512C_int8/61-70968-0059_generated.wav | RTF: 0.1480(0.321s / 2.170s) | Generator RTF: 0.1464(0.318s / 2.170s)
generated_audios/generated_H2_512C_int8/61-70968-0060_generated.wav | RTF: 0.1452(0.542s / 3.735s) | Generator RTF: 0.1443(0.539s / 3.735s)
generated_audios/generated_H2_512C_int8/61-70968-0061_generated.wav | RTF: 0.1432(0.792s / 5.530s) | Generator RTF: 0.1425(0.788s / 5.530s)
generated_audios/generated_H2_512C_int8/61-70968-0062_generated.wav | RTF: 0.1473(0.376s / 2.555s) | Generator RTF: 0.1460(0.373s / 2.555s)
generated_audios/generated_H2_512C_int8/61-70970-0000_generated.wav | RTF: 0.1444(0.877s / 6.075s) | Generator RTF: 0.1438(0.874s / 6.075s)
generated_audios/generated_H2_512C_int8/61-70970-0001_generated.wav | RTF: 0.1427(0.878s / 6.155s) | Generator RTF: 0.1421(0.875s / 6.155s)
generated_audios/generated_H2_512C_int8/61-70970-0002_generated.wav | RTF: 0.1471(0.613s / 4.165s) | Generator RTF: 0.1463(0.609s / 4.165s)
generated_audios/generated_H2_512C_int8/61-70970-0003_generated.wav | RTF: 0.1461(0.560s / 3.835s) | Generator RTF: 0.1451(0.557s / 3.835s)
generated_audios/generated_H2_512C_int8/61-70970-0004_generated.wav | RTF: 0.1429(1.503s / 10.515s) | Generator RTF: 0.1425(1.498s / 10.515s)
generated_audios/generated_H2_512C_int8/61-70970-0005_generated.wav | RTF: 0.1516(0.306s / 2.020s) | Generator RTF: 0.1499(0.303s / 2.020s)
generated_audios/generated_H2_512C_int8/61-70970-0006_generated.wav | RTF: 0.1501(0.350s / 2.335s) | Generator RTF: 0.1486(0.347s / 2.335s)
generated_audios/generated_H2_512C_int8/61-70970-0007_generated.wav | RTF: 0.1467(0.658s / 4.485s) | Generator RTF: 0.1460(0.655s / 4.485s)
generated_audios/generated_H2_512C_int8/61-70970-0008_generated.wav | RTF: 0.1488(0.320s / 2.150s) | Generator RTF: 0.1472(0.317s / 2.150s)
generated_audios/generated_H2_512C_int8/61-70970-0009_generated.wav | RTF: 0.1480(0.504s / 3.405s) | Generator RTF: 0.1471(0.501s / 3.405s)
generated_audios/generated_H2_512C_int8/61-70970-0010_generated.wav | RTF: 0.1465(0.446s / 3.045s) | Generator RTF: 0.1454(0.443s / 3.045s)
generated_audios/generated_H2_512C_int8/61-70970-0011_generated.wav | RTF: 0.1419(0.862s / 6.075s) | Generator RTF: 0.1413(0.858s / 6.075s)
generated_audios/generated_H2_512C_int8/61-70970-0012_generated.wav | RTF: 0.1475(0.462s / 3.135s) | Generator RTF: 0.1463(0.459s / 3.135s)
generated_audios/generated_H2_512C_int8/61-70970-0013_generated.wav | RTF: 0.1454(0.633s / 4.350s) | Generator RTF: 0.1447(0.630s / 4.350s)
generated_audios/generated_H2_512C_int8/61-70970-0014_generated.wav | RTF: 0.1459(0.497s / 3.405s) | Generator RTF: 0.1449(0.493s / 3.405s)
generated_audios/generated_H2_512C_int8/61-70970-0015_generated.wav | RTF: 0.1428(1.201s / 8.415s) | Generator RTF: 0.1423(1.197s / 8.415s)
generated_audios/generated_H2_512C_int8/61-70970-0016_generated.wav | RTF: 0.1495(0.653s / 4.370s) | Generator RTF: 0.1487(0.650s / 4.370s)
generated_audios/generated_H2_512C_int8/61-70970-0017_generated.wav | RTF: 0.1470(0.375s / 2.550s) | Generator RTF: 0.1456(0.371s / 2.550s)
generated_audios/generated_H2_512C_int8/61-70970-0018_generated.wav | RTF: 0.1462(0.673s / 4.600s) | Generator RTF: 0.1455(0.669s / 4.600s)
generated_audios/generated_H2_512C_int8/61-70970-0019_generated.wav | RTF: 0.1455(0.550s / 3.780s) | Generator RTF: 0.1445(0.546s / 3.780s)
generated_audios/generated_H2_512C_int8/61-70970-0020_generated.wav | RTF: 0.1497(0.752s / 5.025s) | Generator RTF: 0.1490(0.748s / 5.025s)
generated_audios/generated_H2_512C_int8/61-70970-0021_generated.wav | RTF: 0.1430(0.773s / 5.405s) | Generator RTF: 0.1423(0.769s / 5.405s)
generated_audios/generated_H2_512C_int8/61-70970-0022_generated.wav | RTF: 0.1454(0.577s / 3.970s) | Generator RTF: 0.1446(0.574s / 3.970s)
generated_audios/generated_H2_512C_int8/61-70970-0023_generated.wav | RTF: 0.1465(0.543s / 3.705s) | Generator RTF: 0.1456(0.539s / 3.705s)
generated_audios/generated_H2_512C_int8/61-70970-0024_generated.wav | RTF: 0.1422(1.029s / 7.235s) | Generator RTF: 0.1416(1.025s / 7.235s)
generated_audios/generated_H2_512C_int8/61-70970-0025_generated.wav | RTF: 0.1677(1.247s / 7.435s) | Generator RTF: 0.1672(1.243s / 7.435s)
generated_audios/generated_H2_512C_int8/61-70970-0026_generated.wav | RTF: 0.1437(0.787s / 5.475s) | Generator RTF: 0.1430(0.783s / 5.475s)
generated_audios/generated_H2_512C_int8/61-70970-0027_generated.wav | RTF: 0.1462(0.743s / 5.080s) | Generator RTF: 0.1455(0.739s / 5.080s)
generated_audios/generated_H2_512C_int8/61-70970-0028_generated.wav | RTF: 0.1419(0.930s / 6.550s) | Generator RTF: 0.1413(0.926s / 6.550s)
generated_audios/generated_H2_512C_int8/61-70970-0029_generated.wav | RTF: 0.1457(0.587s / 4.030s) | Generator RTF: 0.1448(0.584s / 4.030s)
generated_audios/generated_H2_512C_int8/61-70970-0030_generated.wav | RTF: 0.1476(0.478s / 3.240s) | Generator RTF: 0.1465(0.475s / 3.240s)
generated_audios/generated_H2_512C_int8/61-70970-0031_generated.wav | RTF: 0.1460(0.750s / 5.135s) | Generator RTF: 0.1453(0.746s / 5.135s)
generated_audios/generated_H2_512C_int8/61-70970-0032_generated.wav | RTF: 0.1456(0.456s / 3.135s) | Generator RTF: 0.1444(0.453s / 3.135s)
generated_audios/generated_H2_512C_int8/61-70970-0033_generated.wav | RTF: 0.1490(0.509s / 3.420s) | Generator RTF: 0.1480(0.506s / 3.420s)
generated_audios/generated_H2_512C_int8/61-70970-0034_generated.wav | RTF: 0.1446(0.649s / 4.485s) | Generator RTF: 0.1438(0.645s / 4.485s)
generated_audios/generated_H2_512C_int8/61-70970-0035_generated.wav | RTF: 0.1422(1.053s / 7.405s) | Generator RTF: 0.1416(1.049s / 7.405s)
generated_audios/generated_H2_512C_int8/61-70970-0036_generated.wav | RTF: 0.1455(0.987s / 6.785s) | Generator RTF: 0.1449(0.983s / 6.785s)
generated_audios/generated_H2_512C_int8/61-70970-0037_generated.wav | RTF: 0.1425(0.852s / 5.980s) | Generator RTF: 0.1419(0.849s / 5.980s)
generated_audios/generated_H2_512C_int8/61-70970-0038_generated.wav | RTF: 0.1413(1.469s / 10.400s) | Generator RTF: 0.1409(1.465s / 10.400s)
generated_audios/generated_H2_512C_int8/61-70970-0039_generated.wav | RTF: 0.1436(0.957s / 6.665s) | Generator RTF: 0.1430(0.953s / 6.665s)
generated_audios/generated_H2_512C_int8/61-70970-0040_generated.wav | RTF: 0.1443(0.601s / 4.165s) | Generator RTF: 0.1435(0.598s / 4.165s)
generated_audios/generated_H2_512C_int8/672-122797-0000_generated.wav | RTF: 0.1452(0.591s / 4.070s) | Generator RTF: 0.1443(0.587s / 4.070s)
generated_audios/generated_H2_512C_int8/672-122797-0001_generated.wav | RTF: 0.1491(2.256s / 15.130s) | Generator RTF: 0.1488(2.251s / 15.130s)
generated_audios/generated_H2_512C_int8/672-122797-0002_generated.wav | RTF: 0.1482(2.019s / 13.620s) | Generator RTF: 0.1478(2.014s / 13.620s)
generated_audios/generated_H2_512C_int8/672-122797-0003_generated.wav | RTF: 0.1456(0.693s / 4.760s) | Generator RTF: 0.1449(0.690s / 4.760s)
generated_audios/generated_H2_512C_int8/672-122797-0004_generated.wav | RTF: 0.1409(1.444s / 10.250s) | Generator RTF: 0.1405(1.440s / 10.250s)
generated_audios/generated_H2_512C_int8/672-122797-0005_generated.wav | RTF: 0.1491(0.486s / 3.260s) | Generator RTF: 0.1480(0.482s / 3.260s)
generated_audios/generated_H2_512C_int8/672-122797-0006_generated.wav | RTF: 0.1477(2.060s / 13.950s) | Generator RTF: 0.1474(2.056s / 13.950s)
generated_audios/generated_H2_512C_int8/672-122797-0007_generated.wav | RTF: 0.1466(0.941s / 6.420s) | Generator RTF: 0.1460(0.937s / 6.420s)
generated_audios/generated_H2_512C_int8/672-122797-0008_generated.wav | RTF: 0.1655(5.098s / 30.810s) | Generator RTF: 0.1652(5.091s / 30.810s)
generated_audios/generated_H2_512C_int8/672-122797-0009_generated.wav | RTF: 0.1477(0.409s / 2.765s) | Generator RTF: 0.1465(0.405s / 2.765s)
generated_audios/generated_H2_512C_int8/672-122797-0010_generated.wav | RTF: 0.1477(0.564s / 3.815s) | Generator RTF: 0.1468(0.560s / 3.815s)
generated_audios/generated_H2_512C_int8/672-122797-0011_generated.wav | RTF: 0.1522(0.387s / 2.540s) | Generator RTF: 0.1509(0.383s / 2.540s)
generated_audios/generated_H2_512C_int8/672-122797-0012_generated.wav | RTF: 0.1418(1.101s / 7.765s) | Generator RTF: 0.1414(1.098s / 7.765s)
generated_audios/generated_H2_512C_int8/672-122797-0013_generated.wav | RTF: 0.1414(1.231s / 8.705s) | Generator RTF: 0.1410(1.227s / 8.705s)
generated_audios/generated_H2_512C_int8/672-122797-0014_generated.wav | RTF: 0.1481(0.378s / 2.555s) | Generator RTF: 0.1467(0.375s / 2.555s)
generated_audios/generated_H2_512C_int8/672-122797-0015_generated.wav | RTF: 0.1459(0.650s / 4.455s) | Generator RTF: 0.1451(0.646s / 4.455s)
generated_audios/generated_H2_512C_int8/672-122797-0016_generated.wav | RTF: 0.1424(1.312s / 9.215s) | Generator RTF: 0.1419(1.308s / 9.215s)
generated_audios/generated_H2_512C_int8/672-122797-0017_generated.wav | RTF: 0.1449(0.698s / 4.820s) | Generator RTF: 0.1441(0.695s / 4.820s)
generated_audios/generated_H2_512C_int8/672-122797-0018_generated.wav | RTF: 0.1475(0.727s / 4.930s) | Generator RTF: 0.1468(0.724s / 4.930s)
generated_audios/generated_H2_512C_int8/672-122797-0019_generated.wav | RTF: 0.1458(0.599s / 4.110s) | Generator RTF: 0.1450(0.596s / 4.110s)
generated_audios/generated_H2_512C_int8/672-122797-0020_generated.wav | RTF: 0.1459(1.288s / 8.825s) | Generator RTF: 0.1455(1.284s / 8.825s)
generated_audios/generated_H2_512C_int8/672-122797-0021_generated.wav | RTF: 0.1456(0.604s / 4.150s) | Generator RTF: 0.1447(0.600s / 4.150s)
generated_audios/generated_H2_512C_int8/672-122797-0022_generated.wav | RTF: 0.1539(2.925s / 19.005s) | Generator RTF: 0.1536(2.919s / 19.005s)
generated_audios/generated_H2_512C_int8/672-122797-0023_generated.wav | RTF: 0.1438(1.394s / 9.695s) | Generator RTF: 0.1433(1.389s / 9.695s)
generated_audios/generated_H2_512C_int8/672-122797-0024_generated.wav | RTF: 0.1454(0.600s / 4.130s) | Generator RTF: 0.1445(0.597s / 4.130s)
generated_audios/generated_H2_512C_int8/672-122797-0025_generated.wav | RTF: 0.1441(1.540s / 10.690s) | Generator RTF: 0.1437(1.536s / 10.690s)
generated_audios/generated_H2_512C_int8/672-122797-0026_generated.wav | RTF: 0.1474(2.058s / 13.960s) | Generator RTF: 0.1471(2.053s / 13.960s)
generated_audios/generated_H2_512C_int8/672-122797-0027_generated.wav | RTF: 0.1441(0.690s / 4.790s) | Generator RTF: 0.1433(0.686s / 4.790s)
generated_audios/generated_H2_512C_int8/672-122797-0028_generated.wav | RTF: 0.1578(0.412s / 2.610s) | Generator RTF: 0.1565(0.408s / 2.610s)
generated_audios/generated_H2_512C_int8/672-122797-0029_generated.wav | RTF: 0.1464(0.447s / 3.050s) | Generator RTF: 0.1453(0.443s / 3.050s)
generated_audios/generated_H2_512C_int8/672-122797-0030_generated.wav | RTF: 0.1452(0.664s / 4.575s) | Generator RTF: 0.1444(0.661s / 4.575s)
generated_audios/generated_H2_512C_int8/672-122797-0031_generated.wav | RTF: 0.1471(0.586s / 3.980s) | Generator RTF: 0.1462(0.582s / 3.980s)
generated_audios/generated_H2_512C_int8/672-122797-0032_generated.wav | RTF: 0.1480(0.592s / 4.000s) | Generator RTF: 0.1472(0.589s / 4.000s)
generated_audios/generated_H2_512C_int8/672-122797-0033_generated.wav | RTF: 0.1532(0.197s / 1.285s) | Generator RTF: 0.1506(0.194s / 1.285s)
generated_audios/generated_H2_512C_int8/672-122797-0034_generated.wav | RTF: 0.1464(0.748s / 5.110s) | Generator RTF: 0.1457(0.744s / 5.110s)
generated_audios/generated_H2_512C_int8/672-122797-0035_generated.wav | RTF: 0.1463(0.424s / 2.900s) | Generator RTF: 0.1451(0.421s / 2.900s)
generated_audios/generated_H2_512C_int8/672-122797-0036_generated.wav | RTF: 0.1437(0.771s / 5.365s) | Generator RTF: 0.1431(0.767s / 5.365s)
generated_audios/generated_H2_512C_int8/672-122797-0037_generated.wav | RTF: 0.1535(0.301s / 1.960s) | Generator RTF: 0.1518(0.298s / 1.960s)
generated_audios/generated_H2_512C_int8/672-122797-0038_generated.wav | RTF: 0.1414(1.245s / 8.800s) | Generator RTF: 0.1409(1.240s / 8.800s)
generated_audios/generated_H2_512C_int8/672-122797-0039_generated.wav | RTF: 0.1449(0.583s / 4.025s) | Generator RTF: 0.1440(0.580s / 4.025s)
generated_audios/generated_H2_512C_int8/672-122797-0040_generated.wav | RTF: 0.1446(0.741s / 5.125s) | Generator RTF: 0.1439(0.737s / 5.125s)
generated_audios/generated_H2_512C_int8/672-122797-0041_generated.wav | RTF: 0.1452(0.563s / 3.880s) | Generator RTF: 0.1443(0.560s / 3.880s)
generated_audios/generated_H2_512C_int8/672-122797-0042_generated.wav | RTF: 0.1504(2.303s / 15.310s) | Generator RTF: 0.1501(2.298s / 15.310s)
generated_audios/generated_H2_512C_int8/672-122797-0043_generated.wav | RTF: 0.1482(0.560s / 3.780s) | Generator RTF: 0.1472(0.556s / 3.780s)
generated_audios/generated_H2_512C_int8/672-122797-0044_generated.wav | RTF: 0.1457(0.545s / 3.740s) | Generator RTF: 0.1448(0.541s / 3.740s)
generated_audios/generated_H2_512C_int8/672-122797-0045_generated.wav | RTF: 0.1470(2.052s / 13.960s) | Generator RTF: 0.1467(2.047s / 13.960s)
generated_audios/generated_H2_512C_int8/672-122797-0046_generated.wav | RTF: 0.1470(0.693s / 4.715s) | Generator RTF: 0.1463(0.690s / 4.715s)
generated_audios/generated_H2_512C_int8/672-122797-0047_generated.wav | RTF: 0.1478(0.492s / 3.325s) | Generator RTF: 0.1469(0.488s / 3.325s)
generated_audios/generated_H2_512C_int8/672-122797-0048_generated.wav | RTF: 0.1435(0.941s / 6.555s) | Generator RTF: 0.1430(0.938s / 6.555s)
generated_audios/generated_H2_512C_int8/672-122797-0049_generated.wav | RTF: 0.1491(0.301s / 2.020s) | Generator RTF: 0.1475(0.298s / 2.020s)
generated_audios/generated_H2_512C_int8/672-122797-0050_generated.wav | RTF: 0.1462(0.710s / 4.855s) | Generator RTF: 0.1454(0.706s / 4.855s)
generated_audios/generated_H2_512C_int8/672-122797-0051_generated.wav | RTF: 0.1463(0.683s / 4.665s) | Generator RTF: 0.1456(0.679s / 4.665s)
generated_audios/generated_H2_512C_int8/672-122797-0052_generated.wav | RTF: 0.1455(0.624s / 4.285s) | Generator RTF: 0.1447(0.620s / 4.285s)
generated_audios/generated_H2_512C_int8/672-122797-0053_generated.wav | RTF: 0.1496(0.442s / 2.955s) | Generator RTF: 0.1484(0.439s / 2.955s)
generated_audios/generated_H2_512C_int8/672-122797-0054_generated.wav | RTF: 0.1452(0.617s / 4.250s) | Generator RTF: 0.1444(0.614s / 4.250s)
generated_audios/generated_H2_512C_int8/672-122797-0055_generated.wav | RTF: 0.1428(1.175s / 8.230s) | Generator RTF: 0.1423(1.171s / 8.230s)
generated_audios/generated_H2_512C_int8/672-122797-0056_generated.wav | RTF: 0.1444(0.754s / 5.225s) | Generator RTF: 0.1437(0.751s / 5.225s)
generated_audios/generated_H2_512C_int8/672-122797-0057_generated.wav | RTF: 0.1426(0.936s / 6.560s) | Generator RTF: 0.1421(0.932s / 6.560s)
generated_audios/generated_H2_512C_int8/672-122797-0058_generated.wav | RTF: 0.1448(0.647s / 4.470s) | Generator RTF: 0.1440(0.643s / 4.470s)
generated_audios/generated_H2_512C_int8/672-122797-0059_generated.wav | RTF: 0.1471(0.518s / 3.520s) | Generator RTF: 0.1461(0.514s / 3.520s)
generated_audios/generated_H2_512C_int8/672-122797-0060_generated.wav | RTF: 0.1590(0.533s / 3.350s) | Generator RTF: 0.1580(0.529s / 3.350s)
generated_audios/generated_H2_512C_int8/672-122797-0061_generated.wav | RTF: 0.1431(1.086s / 7.590s) | Generator RTF: 0.1425(1.082s / 7.590s)
generated_audios/generated_H2_512C_int8/672-122797-0062_generated.wav | RTF: 0.1478(0.395s / 2.675s) | Generator RTF: 0.1470(0.393s / 2.675s)
generated_audios/generated_H2_512C_int8/672-122797-0063_generated.wav | RTF: 0.1454(0.738s / 5.075s) | Generator RTF: 0.1446(0.734s / 5.075s)
generated_audios/generated_H2_512C_int8/672-122797-0064_generated.wav | RTF: 0.1513(2.310s / 15.270s) | Generator RTF: 0.1510(2.306s / 15.270s)
generated_audios/generated_H2_512C_int8/672-122797-0065_generated.wav | RTF: 0.1464(0.444s / 3.030s) | Generator RTF: 0.1453(0.440s / 3.030s)
generated_audios/generated_H2_512C_int8/672-122797-0066_generated.wav | RTF: 0.1450(0.698s / 4.815s) | Generator RTF: 0.1442(0.694s / 4.815s)
generated_audios/generated_H2_512C_int8/672-122797-0067_generated.wav | RTF: 0.1447(1.887s / 13.035s) | Generator RTF: 0.1444(1.882s / 13.035s)
generated_audios/generated_H2_512C_int8/672-122797-0068_generated.wav | RTF: 0.1450(0.583s / 4.020s) | Generator RTF: 0.1441(0.579s / 4.020s)
generated_audios/generated_H2_512C_int8/672-122797-0069_generated.wav | RTF: 0.1456(0.729s / 5.010s) | Generator RTF: 0.1449(0.726s / 5.010s)
generated_audios/generated_H2_512C_int8/672-122797-0070_generated.wav | RTF: 0.1460(0.915s / 6.270s) | Generator RTF: 0.1454(0.911s / 6.270s)
generated_audios/generated_H2_512C_int8/672-122797-0071_generated.wav | RTF: 0.1416(1.256s / 8.875s) | Generator RTF: 0.1411(1.252s / 8.875s)
generated_audios/generated_H2_512C_int8/672-122797-0072_generated.wav | RTF: 0.1446(1.148s / 7.940s) | Generator RTF: 0.1441(1.144s / 7.940s)
generated_audios/generated_H2_512C_int8/672-122797-0073_generated.wav | RTF: 0.1408(1.155s / 8.205s) | Generator RTF: 0.1403(1.151s / 8.205s)
generated_audios/generated_H2_512C_int8/672-122797-0074_generated.wav | RTF: 0.1412(1.233s / 8.730s) | Generator RTF: 0.1407(1.229s / 8.730s)
generated_audios/generated_H2_512C_int8/908-157963-0000_generated.wav | RTF: 0.1445(1.823s / 12.620s) | Generator RTF: 0.1441(1.819s / 12.620s)
generated_audios/generated_H2_512C_int8/908-157963-0001_generated.wav | RTF: 0.1485(0.428s / 2.885s) | Generator RTF: 0.1474(0.425s / 2.885s)
generated_audios/generated_H2_512C_int8/908-157963-0002_generated.wav | RTF: 0.1466(0.404s / 2.755s) | Generator RTF: 0.1454(0.401s / 2.755s)
generated_audios/generated_H2_512C_int8/908-157963-0003_generated.wav | RTF: 0.1462(0.450s / 3.080s) | Generator RTF: 0.1451(0.447s / 3.080s)
generated_audios/generated_H2_512C_int8/908-157963-0004_generated.wav | RTF: 0.1471(2.057s / 13.990s) | Generator RTF: 0.1467(2.052s / 13.990s)
generated_audios/generated_H2_512C_int8/908-157963-0005_generated.wav | RTF: 0.1434(1.009s / 7.035s) | Generator RTF: 0.1428(1.004s / 7.035s)
generated_audios/generated_H2_512C_int8/908-157963-0006_generated.wav | RTF: 0.1417(1.149s / 8.110s) | Generator RTF: 0.1411(1.145s / 8.110s)
generated_audios/generated_H2_512C_int8/908-157963-0007_generated.wav | RTF: 0.1696(5.559s / 32.770s) | Generator RTF: 0.1694(5.551s / 32.770s)
generated_audios/generated_H2_512C_int8/908-157963-0008_generated.wav | RTF: 0.1530(3.053s / 19.950s) | Generator RTF: 0.1528(3.048s / 19.950s)
generated_audios/generated_H2_512C_int8/908-157963-0009_generated.wav | RTF: 0.1447(0.587s / 4.060s) | Generator RTF: 0.1438(0.584s / 4.060s)
generated_audios/generated_H2_512C_int8/908-157963-0010_generated.wav | RTF: 0.1445(0.908s / 6.280s) | Generator RTF: 0.1440(0.904s / 6.280s)
generated_audios/generated_H2_512C_int8/908-157963-0011_generated.wav | RTF: 0.1433(1.490s / 10.395s) | Generator RTF: 0.1429(1.486s / 10.395s)
generated_audios/generated_H2_512C_int8/908-157963-0012_generated.wav | RTF: 0.1399(1.412s / 10.090s) | Generator RTF: 0.1395(1.408s / 10.090s)
generated_audios/generated_H2_512C_int8/908-157963-0013_generated.wav | RTF: 0.1439(0.621s / 4.315s) | Generator RTF: 0.1430(0.617s / 4.315s)
generated_audios/generated_H2_512C_int8/908-157963-0014_generated.wav | RTF: 0.1446(0.654s / 4.520s) | Generator RTF: 0.1438(0.650s / 4.520s)
generated_audios/generated_H2_512C_int8/908-157963-0015_generated.wav | RTF: 0.1481(2.142s / 14.465s) | Generator RTF: 0.1477(2.137s / 14.465s)
generated_audios/generated_H2_512C_int8/908-157963-0016_generated.wav | RTF: 0.1446(0.738s / 5.105s) | Generator RTF: 0.1439(0.735s / 5.105s)
generated_audios/generated_H2_512C_int8/908-157963-0017_generated.wav | RTF: 0.1462(0.724s / 4.950s) | Generator RTF: 0.1455(0.720s / 4.950s)
generated_audios/generated_H2_512C_int8/908-157963-0018_generated.wav | RTF: 0.1472(0.626s / 4.255s) | Generator RTF: 0.1464(0.623s / 4.255s)
generated_audios/generated_H2_512C_int8/908-157963-0019_generated.wav | RTF: 0.1551(3.326s / 21.440s) | Generator RTF: 0.1549(3.320s / 21.440s)
generated_audios/generated_H2_512C_int8/908-157963-0020_generated.wav | RTF: 0.1438(1.410s / 9.800s) | Generator RTF: 0.1434(1.405s / 9.800s)
generated_audios/generated_H2_512C_int8/908-157963-0021_generated.wav | RTF: 0.1410(1.444s / 10.240s) | Generator RTF: 0.1406(1.440s / 10.240s)
generated_audios/generated_H2_512C_int8/908-157963-0022_generated.wav | RTF: 0.1445(0.666s / 4.610s) | Generator RTF: 0.1438(0.663s / 4.610s)
generated_audios/generated_H2_512C_int8/908-157963-0023_generated.wav | RTF: 0.1416(1.363s / 9.625s) | Generator RTF: 0.1412(1.359s / 9.625s)
generated_audios/generated_H2_512C_int8/908-157963-0024_generated.wav | RTF: 0.1491(0.513s / 3.440s) | Generator RTF: 0.1481(0.509s / 3.440s)
generated_audios/generated_H2_512C_int8/908-157963-0025_generated.wav | RTF: 0.1424(1.320s / 9.265s) | Generator RTF: 0.1420(1.315s / 9.265s)
generated_audios/generated_H2_512C_int8/908-157963-0026_generated.wav | RTF: 0.1415(1.146s / 8.100s) | Generator RTF: 0.1410(1.142s / 8.100s)
generated_audios/generated_H2_512C_int8/908-157963-0027_generated.wav | RTF: 0.1434(0.749s / 5.225s) | Generator RTF: 0.1426(0.745s / 5.225s)
generated_audios/generated_H2_512C_int8/908-157963-0028_generated.wav | RTF: 0.1455(0.721s / 4.955s) | Generator RTF: 0.1448(0.718s / 4.955s)
generated_audios/generated_H2_512C_int8/908-157963-0029_generated.wav | RTF: 0.1504(0.546s / 3.630s) | Generator RTF: 0.1494(0.543s / 3.630s)
generated_audios/generated_H2_512C_int8/908-157963-0030_generated.wav | RTF: 0.1459(0.660s / 4.520s) | Generator RTF: 0.1452(0.656s / 4.520s)
generated_audios/generated_H2_512C_int8/908-31957-0000_generated.wav | RTF: 0.1498(0.318s / 2.125s) | Generator RTF: 0.1483(0.315s / 2.125s)
generated_audios/generated_H2_512C_int8/908-31957-0001_generated.wav | RTF: 0.1455(1.646s / 11.315s) | Generator RTF: 0.1451(1.642s / 11.315s)
generated_audios/generated_H2_512C_int8/908-31957-0002_generated.wav | RTF: 0.1444(0.692s / 4.790s) | Generator RTF: 0.1436(0.688s / 4.790s)
generated_audios/generated_H2_512C_int8/908-31957-0003_generated.wav | RTF: 0.1429(0.938s / 6.565s) | Generator RTF: 0.1423(0.934s / 6.565s)
generated_audios/generated_H2_512C_int8/908-31957-0004_generated.wav | RTF: 0.1477(2.180s / 14.755s) | Generator RTF: 0.1475(2.176s / 14.755s)
generated_audios/generated_H2_512C_int8/908-31957-0005_generated.wav | RTF: 0.1444(0.649s / 4.490s) | Generator RTF: 0.1436(0.645s / 4.490s)
generated_audios/generated_H2_512C_int8/908-31957-0006_generated.wav | RTF: 0.1419(0.836s / 5.890s) | Generator RTF: 0.1413(0.832s / 5.890s)
generated_audios/generated_H2_512C_int8/908-31957-0007_generated.wav | RTF: 0.1423(0.826s / 5.800s) | Generator RTF: 0.1418(0.822s / 5.800s)
generated_audios/generated_H2_512C_int8/908-31957-0008_generated.wav | RTF: 0.1407(1.408s / 10.005s) | Generator RTF: 0.1403(1.404s / 10.005s)
generated_audios/generated_H2_512C_int8/908-31957-0009_generated.wav | RTF: 0.1418(1.092s / 7.705s) | Generator RTF: 0.1412(1.088s / 7.705s)
generated_audios/generated_H2_512C_int8/908-31957-0010_generated.wav | RTF: 0.1499(0.376s / 2.510s) | Generator RTF: 0.1487(0.373s / 2.510s)
generated_audios/generated_H2_512C_int8/908-31957-0011_generated.wav | RTF: 0.1474(0.344s / 2.335s) | Generator RTF: 0.1460(0.341s / 2.335s)
generated_audios/generated_H2_512C_int8/908-31957-0012_generated.wav | RTF: 0.1415(1.077s / 7.615s) | Generator RTF: 0.1410(1.074s / 7.615s)
generated_audios/generated_H2_512C_int8/908-31957-0013_generated.wav | RTF: 0.1452(0.897s / 6.180s) | Generator RTF: 0.1446(0.893s / 6.180s)
generated_audios/generated_H2_512C_int8/908-31957-0014_generated.wav | RTF: 0.1423(1.076s / 7.560s) | Generator RTF: 0.1418(1.072s / 7.560s)
generated_audios/generated_H2_512C_int8/908-31957-0015_generated.wav | RTF: 0.1587(3.406s / 21.465s) | Generator RTF: 0.1584(3.400s / 21.465s)
generated_audios/generated_H2_512C_int8/908-31957-0016_generated.wav | RTF: 0.1437(0.931s / 6.480s) | Generator RTF: 0.1431(0.927s / 6.480s)
generated_audios/generated_H2_512C_int8/908-31957-0017_generated.wav | RTF: 0.1442(1.124s / 7.795s) | Generator RTF: 0.1437(1.120s / 7.795s)
generated_audios/generated_H2_512C_int8/908-31957-0018_generated.wav | RTF: 0.1474(0.577s / 3.915s) | Generator RTF: 0.1465(0.573s / 3.915s)
generated_audios/generated_H2_512C_int8/908-31957-0019_generated.wav | RTF: 0.1418(1.353s / 9.540s) | Generator RTF: 0.1413(1.348s / 9.540s)
generated_audios/generated_H2_512C_int8/908-31957-0020_generated.wav | RTF: 0.1429(0.842s / 5.895s) | Generator RTF: 0.1423(0.839s / 5.895s)
generated_audios/generated_H2_512C_int8/908-31957-0021_generated.wav | RTF: 0.1451(1.582s / 10.905s) | Generator RTF: 0.1447(1.578s / 10.905s)
generated_audios/generated_H2_512C_int8/908-31957-0022_generated.wav | RTF: 0.1494(2.106s / 14.100s) | Generator RTF: 0.1491(2.102s / 14.100s)
generated_audios/generated_H2_512C_int8/908-31957-0023_generated.wav | RTF: 0.1411(1.202s / 8.515s) | Generator RTF: 0.1407(1.198s / 8.515s)
generated_audios/generated_H2_512C_int8/908-31957-0024_generated.wav | RTF: 0.1431(1.079s / 7.540s) | Generator RTF: 0.1426(1.075s / 7.540s)
generated_audios/generated_H2_512C_int8/908-31957-0025_generated.wav | RTF: 0.1581(3.250s / 20.560s) | Generator RTF: 0.1578(3.244s / 20.560s)
Average RTF: 0.1487(469.971s / 3159.849s)
Average Generator RTF: 0.1481(468.026s / 3159.849s)
Evaluation summary:
  Mel-spectrogram L1: 0.984442
  PESQ: 1.457201
  STOI: 0.881269
Appended per-audio metrics to CSV: per_audio_results/H2_quantized_no_output

Appended metrics to CSV: experiments_results.csv
Appended to experiments_results.csv:
H2_512C_quantized_no_output,13926425,13.661,0.1487,0.1481,1.4572010083198548,0.8812692116216784,0.9844423063993454
========== Done ==========
=== JOB_STATISTICS ===
=== current date     : Sun Jul  5 01:59:45 PM CEST 2026
= Job-ID             : 1428685 on tinyfat
= Job-Name           : inference_512ch_h1-4
= Job-Command        : /home/hpc/vlbi/vlbi107v/hifi-gan/inference_Test.sh
= Initial workdir    : /home/hpc/vlbi/vlbi107v/hifi-gan
= Queue/Partition    : work
= Slurm account      : vlbi with QOS=normal
= Requested resources:  for 1-00:00:00
= Elapsed runtime    : 00:12:48
= Total RAM usage    : 1.9 GiB of requested  GiB (%)   
= Node list          : tf061
= Subm/Elig/Start/End: 2026-07-05T13:46:56 / 2026-07-05T13:46:56 / 2026-07-05T13:46:56 / 2026-07-05T13:59:44
======================
=== Quota infos ======
    Path                 Used     SoftQ    HardQ    Gracetime  Filec    FileQ    FiHaQ    FileGrace    
    /home/woody           281.2G  1000.0G  1500.0G        N/A     118K   5,000K   7,500K        N/A    
    /home/hpc              92.0G   104.9G   209.7G        N/A      86K     500K   1,000K        N/A    
======================
