### Starting TaskPrologue of job 1428684 on tf061 at Sun Jul  5 01:46:45 PM CEST 2026
Running on cores 32-39,96-103 with governor ondemand
No GPU known
### Finished TaskPrologue

==========(sbatch.tinyfat) Inference: 256 Channels (g_07960000) ==========
========== H2: quantized (INT8 dynamic quantization) ==========
Initializing Inference Process..
Using device: cpu (baseline and quantized inference both run on CPU)
Quantization enabled: forcing CPU inference for INT8 model.
Loading '/home/hpc/vlbi/vlbi107v/hifi-gan/cp_hifigan/v1_c256/g_07960000'
Complete.
Checkpoint contains weight_norm parameters. Keeping weight_norm wrappers for loading...
Removing weight norm...
Calibrating static quantization using 50 samples...
INT8 quantization scope: no_output
Checking quantized modules after static quantization:
Quantized module: conv_pre (torch.ao.nn.quantized.modules.conv.Conv1d)
Quantized module: ups.0 (torch.ao.nn.quantized.modules.conv.ConvTranspose1d)
Quantized module: ups.1 (torch.ao.nn.quantized.modules.conv.ConvTranspose1d)
Quantized module: ups.2 (torch.ao.nn.quantized.modules.conv.ConvTranspose1d)
Quantized module: ups.3 (torch.ao.nn.quantized.modules.conv.ConvTranspose1d)
Quantized module: resblocks.0.convs1.0 (torch.ao.nn.quantized.modules.conv.Conv1d)
Quantized module: resblocks.0.convs1.1 (torch.ao.nn.quantized.modules.conv.Conv1d)
Quantized module: resblocks.0.convs1.2 (torch.ao.nn.quantized.modules.conv.Conv1d)
Quantized module: resblocks.0.convs2.0 (torch.ao.nn.quantized.modules.conv.Conv1d)
Quantized module: resblocks.0.convs2.1 (torch.ao.nn.quantized.modules.conv.Conv1d)
Quantized module: resblocks.0.convs2.2 (torch.ao.nn.quantized.modules.conv.Conv1d)
Quantized module: resblocks.1.convs1.0 (torch.ao.nn.quantized.modules.conv.Conv1d)
Quantized module: resblocks.1.convs1.1 (torch.ao.nn.quantized.modules.conv.Conv1d)
Quantized module: resblocks.1.convs1.2 (torch.ao.nn.quantized.modules.conv.Conv1d)
Quantized module: resblocks.1.convs2.0 (torch.ao.nn.quantized.modules.conv.Conv1d)
Quantized module: resblocks.1.convs2.1 (torch.ao.nn.quantized.modules.conv.Conv1d)
Quantized module: resblocks.1.convs2.2 (torch.ao.nn.quantized.modules.conv.Conv1d)
Quantized module: resblocks.2.convs1.0 (torch.ao.nn.quantized.modules.conv.Conv1d)
Quantized module: resblocks.2.convs1.1 (torch.ao.nn.quantized.modules.conv.Conv1d)
Quantized module: resblocks.2.convs1.2 (torch.ao.nn.quantized.modules.conv.Conv1d)
Quantized module: resblocks.2.convs2.0 (torch.ao.nn.quantized.modules.conv.Conv1d)
Quantized module: resblocks.2.convs2.1 (torch.ao.nn.quantized.modules.conv.Conv1d)
Quantized module: resblocks.2.convs2.2 (torch.ao.nn.quantized.modules.conv.Conv1d)
Quantized module: resblocks.3.convs1.0 (torch.ao.nn.quantized.modules.conv.Conv1d)
Quantized module: resblocks.3.convs1.1 (torch.ao.nn.quantized.modules.conv.Conv1d)
Quantized module: resblocks.3.convs1.2 (torch.ao.nn.quantized.modules.conv.Conv1d)
Quantized module: resblocks.3.convs2.0 (torch.ao.nn.quantized.modules.conv.Conv1d)
Quantized module: resblocks.3.convs2.1 (torch.ao.nn.quantized.modules.conv.Conv1d)
Quantized module: resblocks.3.convs2.2 (torch.ao.nn.quantized.modules.conv.Conv1d)
Quantized module: resblocks.4.convs1.0 (torch.ao.nn.quantized.modules.conv.Conv1d)
Quantized module: resblocks.4.convs1.1 (torch.ao.nn.quantized.modules.conv.Conv1d)
Quantized module: resblocks.4.convs1.2 (torch.ao.nn.quantized.modules.conv.Conv1d)
Quantized module: resblocks.4.convs2.0 (torch.ao.nn.quantized.modules.conv.Conv1d)
Quantized module: resblocks.4.convs2.1 (torch.ao.nn.quantized.modules.conv.Conv1d)
Quantized module: resblocks.4.convs2.2 (torch.ao.nn.quantized.modules.conv.Conv1d)
Quantized module: resblocks.5.convs1.0 (torch.ao.nn.quantized.modules.conv.Conv1d)
Quantized module: resblocks.5.convs1.1 (torch.ao.nn.quantized.modules.conv.Conv1d)
Quantized module: resblocks.5.convs1.2 (torch.ao.nn.quantized.modules.conv.Conv1d)
Quantized module: resblocks.5.convs2.0 (torch.ao.nn.quantized.modules.conv.Conv1d)
Quantized module: resblocks.5.convs2.1 (torch.ao.nn.quantized.modules.conv.Conv1d)
Quantized module: resblocks.5.convs2.2 (torch.ao.nn.quantized.modules.conv.Conv1d)
Quantized module: resblocks.6.convs1.0 (torch.ao.nn.quantized.modules.conv.Conv1d)
Quantized module: resblocks.6.convs1.1 (torch.ao.nn.quantized.modules.conv.Conv1d)
Quantized module: resblocks.6.convs1.2 (torch.ao.nn.quantized.modules.conv.Conv1d)
Quantized module: resblocks.6.convs2.0 (torch.ao.nn.quantized.modules.conv.Conv1d)
Quantized module: resblocks.6.convs2.1 (torch.ao.nn.quantized.modules.conv.Conv1d)
Quantized module: resblocks.6.convs2.2 (torch.ao.nn.quantized.modules.conv.Conv1d)
Quantized module: resblocks.7.convs1.0 (torch.ao.nn.quantized.modules.conv.Conv1d)
Quantized module: resblocks.7.convs1.1 (torch.ao.nn.quantized.modules.conv.Conv1d)
Quantized module: resblocks.7.convs1.2 (torch.ao.nn.quantized.modules.conv.Conv1d)
Quantized module: resblocks.7.convs2.0 (torch.ao.nn.quantized.modules.conv.Conv1d)
Quantized module: resblocks.7.convs2.1 (torch.ao.nn.quantized.modules.conv.Conv1d)
Quantized module: resblocks.7.convs2.2 (torch.ao.nn.quantized.modules.conv.Conv1d)
Quantized module: resblocks.8.convs1.0 (torch.ao.nn.quantized.modules.conv.Conv1d)
Quantized module: resblocks.8.convs1.1 (torch.ao.nn.quantized.modules.conv.Conv1d)
Quantized module: resblocks.8.convs1.2 (torch.ao.nn.quantized.modules.conv.Conv1d)
Quantized module: resblocks.8.convs2.0 (torch.ao.nn.quantized.modules.conv.Conv1d)
Quantized module: resblocks.8.convs2.1 (torch.ao.nn.quantized.modules.conv.Conv1d)
Quantized module: resblocks.8.convs2.2 (torch.ao.nn.quantized.modules.conv.Conv1d)
Quantized module: resblocks.9.convs1.0 (torch.ao.nn.quantized.modules.conv.Conv1d)
Quantized module: resblocks.9.convs1.1 (torch.ao.nn.quantized.modules.conv.Conv1d)
Quantized module: resblocks.9.convs1.2 (torch.ao.nn.quantized.modules.conv.Conv1d)
Quantized module: resblocks.9.convs2.0 (torch.ao.nn.quantized.modules.conv.Conv1d)
Quantized module: resblocks.9.convs2.1 (torch.ao.nn.quantized.modules.conv.Conv1d)
Quantized module: resblocks.9.convs2.2 (torch.ao.nn.quantized.modules.conv.Conv1d)
Quantized module: resblocks.10.convs1.0 (torch.ao.nn.quantized.modules.conv.Conv1d)
Quantized module: resblocks.10.convs1.1 (torch.ao.nn.quantized.modules.conv.Conv1d)
Quantized module: resblocks.10.convs1.2 (torch.ao.nn.quantized.modules.conv.Conv1d)
Quantized module: resblocks.10.convs2.0 (torch.ao.nn.quantized.modules.conv.Conv1d)
Quantized module: resblocks.10.convs2.1 (torch.ao.nn.quantized.modules.conv.Conv1d)
Quantized module: resblocks.10.convs2.2 (torch.ao.nn.quantized.modules.conv.Conv1d)
Quantized module: resblocks.11.convs1.0 (torch.ao.nn.quantized.modules.conv.Conv1d)
Quantized module: resblocks.11.convs1.1 (torch.ao.nn.quantized.modules.conv.Conv1d)
Quantized module: resblocks.11.convs1.2 (torch.ao.nn.quantized.modules.conv.Conv1d)
Quantized module: resblocks.11.convs2.0 (torch.ao.nn.quantized.modules.conv.Conv1d)
Quantized module: resblocks.11.convs2.1 (torch.ao.nn.quantized.modules.conv.Conv1d)
Quantized module: resblocks.11.convs2.2 (torch.ao.nn.quantized.modules.conv.Conv1d)
Saving checkpoint to /home/hpc/vlbi/vlbi107v/hifi-gan/cp_hifigan/v1_c256/compressed_checkpoint_int8
Complete.
Saved compressed checkpoint: /home/hpc/vlbi/vlbi107v/hifi-gan/cp_hifigan/v1_c256/compressed_checkpoint_int8 (3.687 MB)
Compressed checkpoint parameters: 3,556,057
Loaded checkpoint: /home/hpc/vlbi/vlbi107v/hifi-gan/cp_hifigan/v1_c256/g_07960000 (13.660 MB)
Generator parameters: 3,556,057
generated_audios/generated_H2_256C_int8/1089-134686-0000_generated.wav | RTF: 0.0561(0.586s / 10.435s) | Generator RTF: 0.0558(0.582s / 10.435s)
generated_audios/generated_H2_256C_int8/1089-134686-0001_generated.wav | RTF: 0.0584(0.191s / 3.275s) | Generator RTF: 0.0575(0.188s / 3.275s)
generated_audios/generated_H2_256C_int8/1089-134686-0002_generated.wav | RTF: 0.0574(0.380s / 6.625s) | Generator RTF: 0.0568(0.376s / 6.625s)
generated_audios/generated_H2_256C_int8/1089-134686-0003_generated.wav | RTF: 0.0578(0.155s / 2.680s) | Generator RTF: 0.0566(0.152s / 2.680s)
generated_audios/generated_H2_256C_int8/1089-134686-0004_generated.wav | RTF: 0.0561(0.293s / 5.215s) | Generator RTF: 0.0554(0.289s / 5.215s)
generated_audios/generated_H2_256C_int8/1089-134686-0005_generated.wav | RTF: 0.0561(0.541s / 9.635s) | Generator RTF: 0.0557(0.536s / 9.635s)
generated_audios/generated_H2_256C_int8/1089-134686-0006_generated.wav | RTF: 0.0557(0.588s / 10.555s) | Generator RTF: 0.0553(0.583s / 10.555s)
generated_audios/generated_H2_256C_int8/1089-134686-0007_generated.wav | RTF: 0.0594(0.254s / 4.275s) | Generator RTF: 0.0586(0.250s / 4.275s)
generated_audios/generated_H2_256C_int8/1089-134686-0008_generated.wav | RTF: 0.0570(0.383s / 6.730s) | Generator RTF: 0.0564(0.380s / 6.730s)
generated_audios/generated_H2_256C_int8/1089-134686-0009_generated.wav | RTF: 0.0550(0.581s / 10.575s) | Generator RTF: 0.0545(0.577s / 10.575s)
generated_audios/generated_H2_256C_int8/1089-134686-0010_generated.wav | RTF: 0.0561(0.247s / 4.405s) | Generator RTF: 0.0553(0.244s / 4.405s)
generated_audios/generated_H2_256C_int8/1089-134686-0011_generated.wav | RTF: 0.0556(0.693s / 12.445s) | Generator RTF: 0.0553(0.688s / 12.445s)
generated_audios/generated_H2_256C_int8/1089-134686-0012_generated.wav | RTF: 0.0558(0.650s / 11.640s) | Generator RTF: 0.0554(0.645s / 11.640s)
generated_audios/generated_H2_256C_int8/1089-134686-0013_generated.wav | RTF: 0.0574(0.455s / 7.915s) | Generator RTF: 0.0570(0.451s / 7.915s)
generated_audios/generated_H2_256C_int8/1089-134686-0014_generated.wav | RTF: 0.0618(0.138s / 2.225s) | Generator RTF: 0.0603(0.134s / 2.225s)
generated_audios/generated_H2_256C_int8/1089-134686-0015_generated.wav | RTF: 0.0575(0.335s / 5.815s) | Generator RTF: 0.0570(0.332s / 5.815s)
generated_audios/generated_H2_256C_int8/1089-134686-0016_generated.wav | RTF: 0.0587(0.208s / 3.540s) | Generator RTF: 0.0577(0.204s / 3.540s)
generated_audios/generated_H2_256C_int8/1089-134686-0017_generated.wav | RTF: 0.0551(0.489s / 8.870s) | Generator RTF: 0.0546(0.485s / 8.870s)
generated_audios/generated_H2_256C_int8/1089-134686-0018_generated.wav | RTF: 0.0544(0.855s / 15.720s) | Generator RTF: 0.0541(0.850s / 15.720s)
generated_audios/generated_H2_256C_int8/1089-134686-0019_generated.wav | RTF: 0.0554(0.770s / 13.895s) | Generator RTF: 0.0550(0.765s / 13.895s)
generated_audios/generated_H2_256C_int8/1089-134686-0020_generated.wav | RTF: 0.0549(0.922s / 16.790s) | Generator RTF: 0.0546(0.917s / 16.790s)
generated_audios/generated_H2_256C_int8/1089-134686-0021_generated.wav | RTF: 0.0584(0.383s / 6.550s) | Generator RTF: 0.0578(0.378s / 6.550s)
generated_audios/generated_H2_256C_int8/1089-134686-0022_generated.wav | RTF: 0.0554(0.619s / 11.175s) | Generator RTF: 0.0549(0.614s / 11.175s)
generated_audios/generated_H2_256C_int8/1089-134686-0023_generated.wav | RTF: 0.0549(0.729s / 13.275s) | Generator RTF: 0.0545(0.724s / 13.275s)
generated_audios/generated_H2_256C_int8/1089-134686-0024_generated.wav | RTF: 0.0567(0.661s / 11.655s) | Generator RTF: 0.0563(0.656s / 11.655s)
generated_audios/generated_H2_256C_int8/1089-134686-0025_generated.wav | RTF: 0.0559(0.370s / 6.610s) | Generator RTF: 0.0553(0.366s / 6.610s)
generated_audios/generated_H2_256C_int8/1089-134686-0026_generated.wav | RTF: 0.0577(0.232s / 4.010s) | Generator RTF: 0.0568(0.228s / 4.010s)
generated_audios/generated_H2_256C_int8/1089-134686-0027_generated.wav | RTF: 0.0588(0.159s / 2.710s) | Generator RTF: 0.0579(0.157s / 2.710s)
generated_audios/generated_H2_256C_int8/1089-134686-0028_generated.wav | RTF: 0.0593(0.464s / 7.830s) | Generator RTF: 0.0588(0.461s / 7.830s)
generated_audios/generated_H2_256C_int8/1089-134686-0029_generated.wav | RTF: 0.0566(0.264s / 4.670s) | Generator RTF: 0.0558(0.261s / 4.670s)
generated_audios/generated_H2_256C_int8/1089-134686-0030_generated.wav | RTF: 0.0575(0.156s / 2.715s) | Generator RTF: 0.0563(0.153s / 2.715s)
generated_audios/generated_H2_256C_int8/1089-134686-0031_generated.wav | RTF: 0.0571(0.378s / 6.615s) | Generator RTF: 0.0565(0.374s / 6.615s)
generated_audios/generated_H2_256C_int8/121-121726-0000_generated.wav | RTF: 0.0580(0.490s / 8.460s) | Generator RTF: 0.0575(0.486s / 8.460s)
generated_audios/generated_H2_256C_int8/121-121726-0001_generated.wav | RTF: 0.0568(0.337s / 5.925s) | Generator RTF: 0.0561(0.333s / 5.925s)
generated_audios/generated_H2_256C_int8/121-121726-0002_generated.wav | RTF: 0.0576(0.254s / 4.410s) | Generator RTF: 0.0567(0.250s / 4.410s)
generated_audios/generated_H2_256C_int8/121-121726-0003_generated.wav | RTF: 0.0565(0.382s / 6.755s) | Generator RTF: 0.0559(0.378s / 6.755s)
generated_audios/generated_H2_256C_int8/121-121726-0004_generated.wav | RTF: 0.0570(0.229s / 4.020s) | Generator RTF: 0.0561(0.226s / 4.020s)
generated_audios/generated_H2_256C_int8/121-121726-0005_generated.wav | RTF: 0.0571(0.177s / 3.100s) | Generator RTF: 0.0560(0.173s / 3.100s)
generated_audios/generated_H2_256C_int8/121-121726-0006_generated.wav | RTF: 0.0568(0.221s / 3.895s) | Generator RTF: 0.0559(0.218s / 3.895s)
generated_audios/generated_H2_256C_int8/121-121726-0007_generated.wav | RTF: 0.0579(0.389s / 6.730s) | Generator RTF: 0.0573(0.386s / 6.730s)
generated_audios/generated_H2_256C_int8/121-121726-0008_generated.wav | RTF: 0.0589(0.294s / 4.990s) | Generator RTF: 0.0582(0.290s / 4.990s)
generated_audios/generated_H2_256C_int8/121-121726-0009_generated.wav | RTF: 0.0566(0.411s / 7.260s) | Generator RTF: 0.0560(0.407s / 7.260s)
generated_audios/generated_H2_256C_int8/121-121726-0010_generated.wav | RTF: 0.0560(0.549s / 9.810s) | Generator RTF: 0.0555(0.545s / 9.810s)
generated_audios/generated_H2_256C_int8/121-121726-0011_generated.wav | RTF: 0.0570(0.230s / 4.035s) | Generator RTF: 0.0561(0.226s / 4.035s)
generated_audios/generated_H2_256C_int8/121-121726-0012_generated.wav | RTF: 0.0562(0.227s / 4.045s) | Generator RTF: 0.0553(0.224s / 4.045s)
generated_audios/generated_H2_256C_int8/121-121726-0013_generated.wav | RTF: 0.0576(0.143s / 2.490s) | Generator RTF: 0.0564(0.140s / 2.490s)
generated_audios/generated_H2_256C_int8/121-121726-0014_generated.wav | RTF: 0.0596(0.189s / 3.165s) | Generator RTF: 0.0585(0.185s / 3.165s)
generated_audios/generated_H2_256C_int8/121-123852-0000_generated.wav | RTF: 0.0547(0.968s / 17.695s) | Generator RTF: 0.0544(0.963s / 17.695s)
generated_audios/generated_H2_256C_int8/121-123852-0001_generated.wav | RTF: 0.0617(0.115s / 1.870s) | Generator RTF: 0.0601(0.112s / 1.870s)
generated_audios/generated_H2_256C_int8/121-123852-0002_generated.wav | RTF: 0.0574(0.992s / 17.285s) | Generator RTF: 0.0571(0.987s / 17.285s)
generated_audios/generated_H2_256C_int8/121-123852-0003_generated.wav | RTF: 0.0549(1.291s / 23.505s) | Generator RTF: 0.0547(1.285s / 23.505s)
generated_audios/generated_H2_256C_int8/121-123852-0004_generated.wav | RTF: 0.0551(0.898s / 16.290s) | Generator RTF: 0.0548(0.892s / 16.290s)
generated_audios/generated_H2_256C_int8/121-123859-0000_generated.wav | RTF: 0.0550(0.956s / 17.390s) | Generator RTF: 0.0547(0.951s / 17.390s)
generated_audios/generated_H2_256C_int8/121-123859-0001_generated.wav | RTF: 0.0559(1.421s / 25.395s) | Generator RTF: 0.0557(1.414s / 25.395s)
generated_audios/generated_H2_256C_int8/121-123859-0002_generated.wav | RTF: 0.0549(1.649s / 30.040s) | Generator RTF: 0.0546(1.641s / 30.040s)
generated_audios/generated_H2_256C_int8/121-123859-0003_generated.wav | RTF: 0.0554(0.600s / 10.825s) | Generator RTF: 0.0550(0.595s / 10.825s)
generated_audios/generated_H2_256C_int8/121-123859-0004_generated.wav | RTF: 0.0560(0.532s / 9.505s) | Generator RTF: 0.0555(0.528s / 9.505s)
generated_audios/generated_H2_256C_int8/121-127105-0000_generated.wav | RTF: 0.0572(0.565s / 9.875s) | Generator RTF: 0.0568(0.561s / 9.875s)
generated_audios/generated_H2_256C_int8/121-127105-0001_generated.wav | RTF: 0.0579(0.291s / 5.025s) | Generator RTF: 0.0571(0.287s / 5.025s)
generated_audios/generated_H2_256C_int8/121-127105-0002_generated.wav | RTF: 0.0591(0.443s / 7.495s) | Generator RTF: 0.0575(0.431s / 7.495s)
generated_audios/generated_H2_256C_int8/121-127105-0003_generated.wav | RTF: 0.0579(0.447s / 7.725s) | Generator RTF: 0.0573(0.443s / 7.725s)
generated_audios/generated_H2_256C_int8/121-127105-0004_generated.wav | RTF: 0.0621(0.131s / 2.110s) | Generator RTF: 0.0606(0.128s / 2.110s)
generated_audios/generated_H2_256C_int8/121-127105-0005_generated.wav | RTF: 0.0568(0.331s / 5.820s) | Generator RTF: 0.0561(0.326s / 5.820s)
generated_audios/generated_H2_256C_int8/121-127105-0006_generated.wav | RTF: 0.0579(0.273s / 4.725s) | Generator RTF: 0.0571(0.270s / 4.725s)
generated_audios/generated_H2_256C_int8/121-127105-0007_generated.wav | RTF: 0.0567(0.328s / 5.790s) | Generator RTF: 0.0561(0.325s / 5.790s)
generated_audios/generated_H2_256C_int8/121-127105-0008_generated.wav | RTF: 0.0588(0.162s / 2.760s) | Generator RTF: 0.0576(0.159s / 2.760s)
generated_audios/generated_H2_256C_int8/121-127105-0009_generated.wav | RTF: 0.0599(0.137s / 2.290s) | Generator RTF: 0.0588(0.135s / 2.290s)
generated_audios/generated_H2_256C_int8/121-127105-0010_generated.wav | RTF: 0.0582(0.166s / 2.850s) | Generator RTF: 0.0571(0.163s / 2.850s)
generated_audios/generated_H2_256C_int8/121-127105-0011_generated.wav | RTF: 0.0590(0.341s / 5.780s) | Generator RTF: 0.0583(0.337s / 5.780s)
generated_audios/generated_H2_256C_int8/121-127105-0012_generated.wav | RTF: 0.0607(0.293s / 4.830s) | Generator RTF: 0.0600(0.290s / 4.830s)
generated_audios/generated_H2_256C_int8/121-127105-0013_generated.wav | RTF: 0.0570(0.336s / 5.895s) | Generator RTF: 0.0564(0.332s / 5.895s)
generated_audios/generated_H2_256C_int8/121-127105-0014_generated.wav | RTF: 0.0623(0.140s / 2.255s) | Generator RTF: 0.0609(0.137s / 2.255s)
generated_audios/generated_H2_256C_int8/121-127105-0015_generated.wav | RTF: 0.0592(0.175s / 2.960s) | Generator RTF: 0.0583(0.172s / 2.960s)
generated_audios/generated_H2_256C_int8/121-127105-0016_generated.wav | RTF: 0.0610(0.124s / 2.030s) | Generator RTF: 0.0594(0.121s / 2.030s)
generated_audios/generated_H2_256C_int8/121-127105-0017_generated.wav | RTF: 0.0576(0.155s / 2.695s) | Generator RTF: 0.0564(0.152s / 2.695s)
generated_audios/generated_H2_256C_int8/121-127105-0018_generated.wav | RTF: 0.0575(0.159s / 2.770s) | Generator RTF: 0.0562(0.156s / 2.770s)
generated_audios/generated_H2_256C_int8/121-127105-0019_generated.wav | RTF: 0.0565(0.199s / 3.525s) | Generator RTF: 0.0555(0.196s / 3.525s)
generated_audios/generated_H2_256C_int8/121-127105-0020_generated.wav | RTF: 0.0541(0.776s / 14.355s) | Generator RTF: 0.0538(0.772s / 14.355s)
generated_audios/generated_H2_256C_int8/121-127105-0021_generated.wav | RTF: 0.0621(0.124s / 2.000s) | Generator RTF: 0.0605(0.121s / 2.000s)
generated_audios/generated_H2_256C_int8/121-127105-0022_generated.wav | RTF: 0.0592(0.300s / 5.075s) | Generator RTF: 0.0585(0.297s / 5.075s)
generated_audios/generated_H2_256C_int8/121-127105-0023_generated.wav | RTF: 0.0541(0.590s / 10.910s) | Generator RTF: 0.0537(0.586s / 10.910s)
generated_audios/generated_H2_256C_int8/121-127105-0024_generated.wav | RTF: 0.0544(0.787s / 14.450s) | Generator RTF: 0.0541(0.782s / 14.450s)
generated_audios/generated_H2_256C_int8/121-127105-0025_generated.wav | RTF: 0.0548(0.881s / 16.065s) | Generator RTF: 0.0545(0.876s / 16.065s)
generated_audios/generated_H2_256C_int8/121-127105-0026_generated.wav | RTF: 0.0567(0.427s / 7.530s) | Generator RTF: 0.0561(0.422s / 7.530s)
generated_audios/generated_H2_256C_int8/121-127105-0027_generated.wav | RTF: 0.0545(0.755s / 13.870s) | Generator RTF: 0.0541(0.751s / 13.870s)
generated_audios/generated_H2_256C_int8/121-127105-0028_generated.wav | RTF: 0.0570(0.385s / 6.750s) | Generator RTF: 0.0564(0.381s / 6.750s)
generated_audios/generated_H2_256C_int8/121-127105-0029_generated.wav | RTF: 0.0593(0.434s / 7.310s) | Generator RTF: 0.0587(0.429s / 7.310s)
generated_audios/generated_H2_256C_int8/121-127105-0030_generated.wav | RTF: 0.0593(0.129s / 2.175s) | Generator RTF: 0.0578(0.126s / 2.175s)
generated_audios/generated_H2_256C_int8/121-127105-0031_generated.wav | RTF: 0.0545(0.587s / 10.765s) | Generator RTF: 0.0541(0.583s / 10.765s)
generated_audios/generated_H2_256C_int8/121-127105-0032_generated.wav | RTF: 0.0574(0.182s / 3.170s) | Generator RTF: 0.0562(0.178s / 3.170s)
generated_audios/generated_H2_256C_int8/121-127105-0033_generated.wav | RTF: 0.0586(0.138s / 2.355s) | Generator RTF: 0.0571(0.134s / 2.355s)
generated_audios/generated_H2_256C_int8/121-127105-0034_generated.wav | RTF: 0.0574(0.425s / 7.410s) | Generator RTF: 0.0569(0.421s / 7.410s)
generated_audios/generated_H2_256C_int8/121-127105-0035_generated.wav | RTF: 0.0566(0.801s / 14.150s) | Generator RTF: 0.0563(0.796s / 14.150s)
generated_audios/generated_H2_256C_int8/121-127105-0036_generated.wav | RTF: 0.0582(0.241s / 4.150s) | Generator RTF: 0.0573(0.238s / 4.150s)
generated_audios/generated_H2_256C_int8/237-126133-0000_generated.wav | RTF: 0.0554(0.736s / 13.290s) | Generator RTF: 0.0550(0.731s / 13.290s)
generated_audios/generated_H2_256C_int8/237-126133-0001_generated.wav | RTF: 0.0577(0.690s / 11.965s) | Generator RTF: 0.0573(0.685s / 11.965s)
generated_audios/generated_H2_256C_int8/237-126133-0002_generated.wav | RTF: 0.0710(0.633s / 8.920s) | Generator RTF: 0.0705(0.629s / 8.920s)
generated_audios/generated_H2_256C_int8/237-126133-0003_generated.wav | RTF: 0.0561(0.368s / 6.560s) | Generator RTF: 0.0555(0.364s / 6.560s)
generated_audios/generated_H2_256C_int8/237-126133-0004_generated.wav | RTF: 0.0571(0.188s / 3.295s) | Generator RTF: 0.0560(0.185s / 3.295s)
generated_audios/generated_H2_256C_int8/237-126133-0005_generated.wav | RTF: 0.0590(0.384s / 6.510s) | Generator RTF: 0.0585(0.381s / 6.510s)
generated_audios/generated_H2_256C_int8/237-126133-0006_generated.wav | RTF: 0.0563(0.346s / 6.150s) | Generator RTF: 0.0557(0.342s / 6.150s)
generated_audios/generated_H2_256C_int8/237-126133-0007_generated.wav | RTF: 0.0561(0.487s / 8.680s) | Generator RTF: 0.0556(0.483s / 8.680s)
generated_audios/generated_H2_256C_int8/237-126133-0008_generated.wav | RTF: 0.0582(0.225s / 3.865s) | Generator RTF: 0.0573(0.221s / 3.865s)
generated_audios/generated_H2_256C_int8/237-126133-0009_generated.wav | RTF: 0.0579(0.230s / 3.970s) | Generator RTF: 0.0571(0.227s / 3.970s)
generated_audios/generated_H2_256C_int8/237-126133-0010_generated.wav | RTF: 0.0560(0.349s / 6.240s) | Generator RTF: 0.0554(0.346s / 6.240s)
generated_audios/generated_H2_256C_int8/237-126133-0011_generated.wav | RTF: 0.0569(0.382s / 6.710s) | Generator RTF: 0.0564(0.378s / 6.710s)
generated_audios/generated_H2_256C_int8/237-126133-0012_generated.wav | RTF: 0.0590(0.262s / 4.450s) | Generator RTF: 0.0583(0.259s / 4.450s)
generated_audios/generated_H2_256C_int8/237-126133-0013_generated.wav | RTF: 0.0559(0.381s / 6.815s) | Generator RTF: 0.0553(0.377s / 6.815s)
generated_audios/generated_H2_256C_int8/237-126133-0014_generated.wav | RTF: 0.0577(0.392s / 6.790s) | Generator RTF: 0.0572(0.389s / 6.790s)
generated_audios/generated_H2_256C_int8/237-126133-0015_generated.wav | RTF: 0.0550(0.514s / 9.340s) | Generator RTF: 0.0546(0.510s / 9.340s)
generated_audios/generated_H2_256C_int8/237-126133-0016_generated.wav | RTF: 0.0571(0.243s / 4.250s) | Generator RTF: 0.0563(0.239s / 4.250s)
generated_audios/generated_H2_256C_int8/237-126133-0017_generated.wav | RTF: 0.0558(0.347s / 6.210s) | Generator RTF: 0.0552(0.343s / 6.210s)
generated_audios/generated_H2_256C_int8/237-126133-0018_generated.wav | RTF: 0.0617(0.253s / 4.095s) | Generator RTF: 0.0609(0.249s / 4.095s)
generated_audios/generated_H2_256C_int8/237-126133-0019_generated.wav | RTF: 0.0583(0.415s / 7.120s) | Generator RTF: 0.0577(0.411s / 7.120s)
generated_audios/generated_H2_256C_int8/237-126133-0020_generated.wav | RTF: 0.0680(0.152s / 2.240s) | Generator RTF: 0.0666(0.149s / 2.240s)
generated_audios/generated_H2_256C_int8/237-126133-0021_generated.wav | RTF: 0.0587(0.256s / 4.365s) | Generator RTF: 0.0580(0.253s / 4.365s)
generated_audios/generated_H2_256C_int8/237-126133-0022_generated.wav | RTF: 0.0588(0.296s / 5.040s) | Generator RTF: 0.0581(0.293s / 5.040s)
generated_audios/generated_H2_256C_int8/237-126133-0023_generated.wav | RTF: 0.0579(0.386s / 6.675s) | Generator RTF: 0.0574(0.383s / 6.675s)
generated_audios/generated_H2_256C_int8/237-126133-0024_generated.wav | RTF: 0.0624(0.603s / 9.665s) | Generator RTF: 0.0620(0.599s / 9.665s)
generated_audios/generated_H2_256C_int8/237-126133-0025_generated.wav | RTF: 0.0604(0.227s / 3.755s) | Generator RTF: 0.0595(0.223s / 3.755s)
generated_audios/generated_H2_256C_int8/237-134493-0000_generated.wav | RTF: 0.0599(0.246s / 4.105s) | Generator RTF: 0.0590(0.242s / 4.105s)
generated_audios/generated_H2_256C_int8/237-134493-0001_generated.wav | RTF: 0.0577(0.426s / 7.380s) | Generator RTF: 0.0572(0.422s / 7.380s)
generated_audios/generated_H2_256C_int8/237-134493-0002_generated.wav | RTF: 0.0575(0.656s / 11.395s) | Generator RTF: 0.0572(0.651s / 11.395s)
generated_audios/generated_H2_256C_int8/237-134493-0003_generated.wav | RTF: 0.0571(0.729s / 12.765s) | Generator RTF: 0.0567(0.724s / 12.765s)
generated_audios/generated_H2_256C_int8/237-134493-0004_generated.wav | RTF: 0.0568(0.388s / 6.825s) | Generator RTF: 0.0562(0.384s / 6.825s)
generated_audios/generated_H2_256C_int8/237-134493-0005_generated.wav | RTF: 0.0565(0.618s / 10.945s) | Generator RTF: 0.0560(0.613s / 10.945s)
generated_audios/generated_H2_256C_int8/237-134493-0006_generated.wav | RTF: 0.0589(0.259s / 4.395s) | Generator RTF: 0.0581(0.255s / 4.395s)
generated_audios/generated_H2_256C_int8/237-134493-0007_generated.wav | RTF: 0.0626(0.127s / 2.035s) | Generator RTF: 0.0613(0.125s / 2.035s)
generated_audios/generated_H2_256C_int8/237-134493-0008_generated.wav | RTF: 0.0619(0.143s / 2.305s) | Generator RTF: 0.0605(0.139s / 2.305s)
generated_audios/generated_H2_256C_int8/237-134493-0009_generated.wav | RTF: 0.0763(0.227s / 2.975s) | Generator RTF: 0.0756(0.225s / 2.975s)
generated_audios/generated_H2_256C_int8/237-134493-0010_generated.wav | RTF: 0.0590(0.170s / 2.875s) | Generator RTF: 0.0579(0.166s / 2.875s)
generated_audios/generated_H2_256C_int8/237-134493-0011_generated.wav | RTF: 0.0589(0.297s / 5.035s) | Generator RTF: 0.0582(0.293s / 5.035s)
generated_audios/generated_H2_256C_int8/237-134493-0012_generated.wav | RTF: 0.0604(0.221s / 3.660s) | Generator RTF: 0.0595(0.218s / 3.660s)
generated_audios/generated_H2_256C_int8/237-134493-0013_generated.wav | RTF: 0.0630(0.257s / 4.090s) | Generator RTF: 0.0621(0.254s / 4.090s)
generated_audios/generated_H2_256C_int8/237-134493-0014_generated.wav | RTF: 0.0586(0.217s / 3.700s) | Generator RTF: 0.0578(0.214s / 3.700s)
generated_audios/generated_H2_256C_int8/237-134493-0015_generated.wav | RTF: 0.0600(0.393s / 6.550s) | Generator RTF: 0.0594(0.389s / 6.550s)
generated_audios/generated_H2_256C_int8/237-134493-0016_generated.wav | RTF: 0.0590(0.595s / 10.085s) | Generator RTF: 0.0586(0.591s / 10.085s)
generated_audios/generated_H2_256C_int8/237-134493-0017_generated.wav | RTF: 0.0585(0.533s / 9.105s) | Generator RTF: 0.0581(0.529s / 9.105s)
generated_audios/generated_H2_256C_int8/237-134493-0018_generated.wav | RTF: 0.0590(0.283s / 4.790s) | Generator RTF: 0.0582(0.279s / 4.790s)
generated_audios/generated_H2_256C_int8/237-134500-0000_generated.wav | RTF: 0.0577(0.354s / 6.130s) | Generator RTF: 0.0571(0.350s / 6.130s)
generated_audios/generated_H2_256C_int8/237-134500-0001_generated.wav | RTF: 0.0637(0.115s / 1.810s) | Generator RTF: 0.0620(0.112s / 1.810s)
generated_audios/generated_H2_256C_int8/237-134500-0002_generated.wav | RTF: 0.0584(0.296s / 5.070s) | Generator RTF: 0.0577(0.292s / 5.070s)
generated_audios/generated_H2_256C_int8/237-134500-0003_generated.wav | RTF: 0.0606(0.192s / 3.170s) | Generator RTF: 0.0595(0.189s / 3.170s)
generated_audios/generated_H2_256C_int8/237-134500-0004_generated.wav | RTF: 0.0607(0.135s / 2.225s) | Generator RTF: 0.0591(0.132s / 2.225s)
generated_audios/generated_H2_256C_int8/237-134500-0005_generated.wav | RTF: 0.0596(0.142s / 2.390s) | Generator RTF: 0.0582(0.139s / 2.390s)
generated_audios/generated_H2_256C_int8/237-134500-0006_generated.wav | RTF: 0.0578(0.244s / 4.225s) | Generator RTF: 0.0570(0.241s / 4.225s)
generated_audios/generated_H2_256C_int8/237-134500-0007_generated.wav | RTF: 0.0611(0.146s / 2.390s) | Generator RTF: 0.0596(0.142s / 2.390s)
generated_audios/generated_H2_256C_int8/237-134500-0008_generated.wav | RTF: 0.0580(0.218s / 3.760s) | Generator RTF: 0.0571(0.215s / 3.760s)
generated_audios/generated_H2_256C_int8/237-134500-0009_generated.wav | RTF: 0.0626(0.139s / 2.220s) | Generator RTF: 0.0611(0.136s / 2.220s)
generated_audios/generated_H2_256C_int8/237-134500-0010_generated.wav | RTF: 0.0608(0.243s / 3.995s) | Generator RTF: 0.0600(0.240s / 3.995s)
generated_audios/generated_H2_256C_int8/237-134500-0011_generated.wav | RTF: 0.0642(0.215s / 3.350s) | Generator RTF: 0.0632(0.212s / 3.350s)
generated_audios/generated_H2_256C_int8/237-134500-0012_generated.wav | RTF: 0.0568(0.621s / 10.935s) | Generator RTF: 0.0564(0.616s / 10.935s)
generated_audios/generated_H2_256C_int8/237-134500-0013_generated.wav | RTF: 0.0567(0.599s / 10.560s) | Generator RTF: 0.0564(0.595s / 10.560s)
generated_audios/generated_H2_256C_int8/237-134500-0014_generated.wav | RTF: 0.0574(0.244s / 4.250s) | Generator RTF: 0.0565(0.240s / 4.250s)
generated_audios/generated_H2_256C_int8/237-134500-0015_generated.wav | RTF: 0.0562(0.608s / 10.815s) | Generator RTF: 0.0558(0.604s / 10.815s)
generated_audios/generated_H2_256C_int8/237-134500-0016_generated.wav | RTF: 0.0607(0.192s / 3.160s) | Generator RTF: 0.0597(0.189s / 3.160s)
generated_audios/generated_H2_256C_int8/237-134500-0017_generated.wav | RTF: 0.0610(0.133s / 2.180s) | Generator RTF: 0.0595(0.130s / 2.180s)
generated_audios/generated_H2_256C_int8/237-134500-0018_generated.wav | RTF: 0.0572(0.735s / 12.845s) | Generator RTF: 0.0569(0.730s / 12.845s)
generated_audios/generated_H2_256C_int8/237-134500-0019_generated.wav | RTF: 0.0582(0.166s / 2.860s) | Generator RTF: 0.0570(0.163s / 2.860s)
generated_audios/generated_H2_256C_int8/237-134500-0020_generated.wav | RTF: 0.0602(0.131s / 2.180s) | Generator RTF: 0.0586(0.128s / 2.180s)
generated_audios/generated_H2_256C_int8/237-134500-0021_generated.wav | RTF: 0.0588(0.301s / 5.120s) | Generator RTF: 0.0581(0.297s / 5.120s)
generated_audios/generated_H2_256C_int8/237-134500-0022_generated.wav | RTF: 0.0592(0.306s / 5.165s) | Generator RTF: 0.0586(0.303s / 5.165s)
generated_audios/generated_H2_256C_int8/237-134500-0023_generated.wav | RTF: 0.0587(0.180s / 3.060s) | Generator RTF: 0.0576(0.176s / 3.060s)
generated_audios/generated_H2_256C_int8/237-134500-0024_generated.wav | RTF: 0.0587(0.259s / 4.410s) | Generator RTF: 0.0579(0.255s / 4.410s)
generated_audios/generated_H2_256C_int8/237-134500-0025_generated.wav | RTF: 0.0661(0.108s / 1.630s) | Generator RTF: 0.0641(0.104s / 1.630s)
generated_audios/generated_H2_256C_int8/237-134500-0026_generated.wav | RTF: 0.0618(0.188s / 3.050s) | Generator RTF: 0.0607(0.185s / 3.050s)
generated_audios/generated_H2_256C_int8/237-134500-0027_generated.wav | RTF: 0.0627(0.205s / 3.270s) | Generator RTF: 0.0616(0.201s / 3.270s)
generated_audios/generated_H2_256C_int8/237-134500-0028_generated.wav | RTF: 0.0579(0.262s / 4.525s) | Generator RTF: 0.0571(0.258s / 4.525s)
generated_audios/generated_H2_256C_int8/237-134500-0029_generated.wav | RTF: 0.0599(0.124s / 2.065s) | Generator RTF: 0.0586(0.121s / 2.065s)
generated_audios/generated_H2_256C_int8/237-134500-0030_generated.wav | RTF: 0.0576(0.160s / 2.780s) | Generator RTF: 0.0564(0.157s / 2.780s)
generated_audios/generated_H2_256C_int8/237-134500-0031_generated.wav | RTF: 0.0554(0.587s / 10.610s) | Generator RTF: 0.0550(0.583s / 10.610s)
generated_audios/generated_H2_256C_int8/237-134500-0032_generated.wav | RTF: 0.0597(0.300s / 5.025s) | Generator RTF: 0.0590(0.296s / 5.025s)
generated_audios/generated_H2_256C_int8/237-134500-0033_generated.wav | RTF: 0.0570(0.362s / 6.350s) | Generator RTF: 0.0564(0.358s / 6.350s)
generated_audios/generated_H2_256C_int8/237-134500-0034_generated.wav | RTF: 0.0581(0.179s / 3.075s) | Generator RTF: 0.0570(0.175s / 3.075s)
generated_audios/generated_H2_256C_int8/237-134500-0035_generated.wav | RTF: 0.0599(0.153s / 2.555s) | Generator RTF: 0.0585(0.150s / 2.555s)
generated_audios/generated_H2_256C_int8/237-134500-0036_generated.wav | RTF: 0.0580(0.383s / 6.600s) | Generator RTF: 0.0574(0.379s / 6.600s)
generated_audios/generated_H2_256C_int8/237-134500-0037_generated.wav | RTF: 0.0591(0.420s / 7.105s) | Generator RTF: 0.0586(0.416s / 7.105s)
generated_audios/generated_H2_256C_int8/237-134500-0038_generated.wav | RTF: 0.0619(0.151s / 2.435s) | Generator RTF: 0.0608(0.148s / 2.435s)
generated_audios/generated_H2_256C_int8/237-134500-0039_generated.wav | RTF: 0.0596(0.276s / 4.630s) | Generator RTF: 0.0589(0.273s / 4.630s)
generated_audios/generated_H2_256C_int8/237-134500-0040_generated.wav | RTF: 0.0586(0.236s / 4.030s) | Generator RTF: 0.0577(0.233s / 4.030s)
generated_audios/generated_H2_256C_int8/237-134500-0041_generated.wav | RTF: 0.0755(0.673s / 8.920s) | Generator RTF: 0.0749(0.669s / 8.920s)
generated_audios/generated_H2_256C_int8/237-134500-0042_generated.wav | RTF: 0.0623(0.160s / 2.575s) | Generator RTF: 0.0610(0.157s / 2.575s)
generated_audios/generated_H2_256C_int8/260-123286-0000_generated.wav | RTF: 0.0578(0.407s / 7.040s) | Generator RTF: 0.0573(0.403s / 7.040s)
generated_audios/generated_H2_256C_int8/260-123286-0001_generated.wav | RTF: 0.0564(0.173s / 3.070s) | Generator RTF: 0.0552(0.170s / 3.070s)
generated_audios/generated_H2_256C_int8/260-123286-0002_generated.wav | RTF: 0.0551(0.550s / 9.985s) | Generator RTF: 0.0547(0.546s / 9.985s)
generated_audios/generated_H2_256C_int8/260-123286-0003_generated.wav | RTF: 0.0562(0.414s / 7.370s) | Generator RTF: 0.0557(0.410s / 7.370s)
generated_audios/generated_H2_256C_int8/260-123286-0004_generated.wav | RTF: 0.0598(0.207s / 3.465s) | Generator RTF: 0.0588(0.204s / 3.465s)
generated_audios/generated_H2_256C_int8/260-123286-0005_generated.wav | RTF: 0.0583(0.280s / 4.810s) | Generator RTF: 0.0575(0.277s / 4.810s)
generated_audios/generated_H2_256C_int8/260-123286-0006_generated.wav | RTF: 0.0577(0.428s / 7.405s) | Generator RTF: 0.0572(0.423s / 7.405s)
generated_audios/generated_H2_256C_int8/260-123286-0007_generated.wav | RTF: 0.0571(0.260s / 4.550s) | Generator RTF: 0.0563(0.256s / 4.550s)
generated_audios/generated_H2_256C_int8/260-123286-0008_generated.wav | RTF: 0.0569(0.213s / 3.735s) | Generator RTF: 0.0560(0.209s / 3.735s)
generated_audios/generated_H2_256C_int8/260-123286-0009_generated.wav | RTF: 0.0567(0.329s / 5.795s) | Generator RTF: 0.0560(0.325s / 5.795s)
generated_audios/generated_H2_256C_int8/260-123286-0010_generated.wav | RTF: 0.0580(0.149s / 2.575s) | Generator RTF: 0.0567(0.146s / 2.575s)
generated_audios/generated_H2_256C_int8/260-123286-0011_generated.wav | RTF: 0.0561(0.239s / 4.255s) | Generator RTF: 0.0553(0.235s / 4.255s)
generated_audios/generated_H2_256C_int8/260-123286-0012_generated.wav | RTF: 0.0587(0.143s / 2.430s) | Generator RTF: 0.0574(0.139s / 2.430s)
generated_audios/generated_H2_256C_int8/260-123286-0013_generated.wav | RTF: 0.0560(0.265s / 4.730s) | Generator RTF: 0.0554(0.262s / 4.730s)
generated_audios/generated_H2_256C_int8/260-123286-0014_generated.wav | RTF: 0.0734(0.219s / 2.980s) | Generator RTF: 0.0723(0.215s / 2.980s)
generated_audios/generated_H2_256C_int8/260-123286-0015_generated.wav | RTF: 0.0619(0.322s / 5.210s) | Generator RTF: 0.0612(0.319s / 5.210s)
generated_audios/generated_H2_256C_int8/260-123286-0016_generated.wav | RTF: 0.0560(0.392s / 7.000s) | Generator RTF: 0.0554(0.388s / 7.000s)
generated_audios/generated_H2_256C_int8/260-123286-0017_generated.wav | RTF: 0.0571(0.227s / 3.975s) | Generator RTF: 0.0563(0.224s / 3.975s)
generated_audios/generated_H2_256C_int8/260-123286-0018_generated.wav | RTF: 0.0561(0.318s / 5.670s) | Generator RTF: 0.0555(0.315s / 5.670s)
generated_audios/generated_H2_256C_int8/260-123286-0019_generated.wav | RTF: 0.0545(0.649s / 11.905s) | Generator RTF: 0.0542(0.645s / 11.905s)
generated_audios/generated_H2_256C_int8/260-123286-0020_generated.wav | RTF: 0.0562(0.172s / 3.060s) | Generator RTF: 0.0550(0.168s / 3.060s)
generated_audios/generated_H2_256C_int8/260-123286-0021_generated.wav | RTF: 0.0590(0.151s / 2.550s) | Generator RTF: 0.0578(0.147s / 2.550s)
generated_audios/generated_H2_256C_int8/260-123286-0022_generated.wav | RTF: 0.0587(0.190s / 3.235s) | Generator RTF: 0.0576(0.186s / 3.235s)
generated_audios/generated_H2_256C_int8/260-123286-0023_generated.wav | RTF: 0.0580(0.341s / 5.875s) | Generator RTF: 0.0575(0.338s / 5.875s)
generated_audios/generated_H2_256C_int8/260-123286-0024_generated.wav | RTF: 0.0582(0.177s / 3.040s) | Generator RTF: 0.0569(0.173s / 3.040s)
generated_audios/generated_H2_256C_int8/260-123286-0025_generated.wav | RTF: 0.0546(0.503s / 9.205s) | Generator RTF: 0.0542(0.499s / 9.205s)
generated_audios/generated_H2_256C_int8/260-123286-0026_generated.wav | RTF: 0.0558(0.387s / 6.940s) | Generator RTF: 0.0552(0.383s / 6.940s)
generated_audios/generated_H2_256C_int8/260-123286-0027_generated.wav | RTF: 0.0560(0.402s / 7.170s) | Generator RTF: 0.0555(0.398s / 7.170s)
generated_audios/generated_H2_256C_int8/260-123286-0028_generated.wav | RTF: 0.0554(0.413s / 7.465s) | Generator RTF: 0.0548(0.409s / 7.465s)
generated_audios/generated_H2_256C_int8/260-123286-0029_generated.wav | RTF: 0.0558(0.253s / 4.545s) | Generator RTF: 0.0551(0.250s / 4.545s)
generated_audios/generated_H2_256C_int8/260-123286-0030_generated.wav | RTF: 0.0551(0.415s / 7.530s) | Generator RTF: 0.0546(0.411s / 7.530s)
generated_audios/generated_H2_256C_int8/260-123286-0031_generated.wav | RTF: 0.0569(0.288s / 5.060s) | Generator RTF: 0.0562(0.284s / 5.060s)
generated_audios/generated_H2_256C_int8/260-123288-0000_generated.wav | RTF: 0.0569(0.173s / 3.040s) | Generator RTF: 0.0558(0.170s / 3.040s)
generated_audios/generated_H2_256C_int8/260-123288-0001_generated.wav | RTF: 0.0577(0.293s / 5.080s) | Generator RTF: 0.0570(0.290s / 5.080s)
generated_audios/generated_H2_256C_int8/260-123288-0002_generated.wav | RTF: 0.0593(0.430s / 7.250s) | Generator RTF: 0.0589(0.427s / 7.250s)
generated_audios/generated_H2_256C_int8/260-123288-0003_generated.wav | RTF: 0.0592(0.527s / 8.905s) | Generator RTF: 0.0587(0.523s / 8.905s)
generated_audios/generated_H2_256C_int8/260-123288-0004_generated.wav | RTF: 0.0589(0.254s / 4.310s) | Generator RTF: 0.0581(0.250s / 4.310s)
generated_audios/generated_H2_256C_int8/260-123288-0005_generated.wav | RTF: 0.0561(0.704s / 12.550s) | Generator RTF: 0.0557(0.699s / 12.550s)
generated_audios/generated_H2_256C_int8/260-123288-0006_generated.wav | RTF: 0.0595(0.290s / 4.880s) | Generator RTF: 0.0589(0.287s / 4.880s)
generated_audios/generated_H2_256C_int8/260-123288-0007_generated.wav | RTF: 0.0562(0.629s / 11.200s) | Generator RTF: 0.0557(0.624s / 11.200s)
generated_audios/generated_H2_256C_int8/260-123288-0008_generated.wav | RTF: 0.0576(0.318s / 5.515s) | Generator RTF: 0.0569(0.314s / 5.515s)
generated_audios/generated_H2_256C_int8/260-123288-0009_generated.wav | RTF: 0.0574(0.197s / 3.435s) | Generator RTF: 0.0565(0.194s / 3.435s)
generated_audios/generated_H2_256C_int8/260-123288-0010_generated.wav | RTF: 0.0561(0.561s / 9.995s) | Generator RTF: 0.0557(0.556s / 9.995s)
generated_audios/generated_H2_256C_int8/260-123288-0011_generated.wav | RTF: 0.0560(0.503s / 8.980s) | Generator RTF: 0.0555(0.498s / 8.980s)
generated_audios/generated_H2_256C_int8/260-123288-0012_generated.wav | RTF: 0.0571(0.202s / 3.545s) | Generator RTF: 0.0561(0.199s / 3.545s)
generated_audios/generated_H2_256C_int8/260-123288-0013_generated.wav | RTF: 0.0553(0.630s / 11.385s) | Generator RTF: 0.0550(0.626s / 11.385s)
generated_audios/generated_H2_256C_int8/260-123288-0014_generated.wav | RTF: 0.0636(0.115s / 1.805s) | Generator RTF: 0.0617(0.111s / 1.805s)
generated_audios/generated_H2_256C_int8/260-123288-0015_generated.wav | RTF: 0.0589(1.248s / 21.185s) | Generator RTF: 0.0586(1.242s / 21.185s)
generated_audios/generated_H2_256C_int8/260-123288-0016_generated.wav | RTF: 0.0594(0.289s / 4.865s) | Generator RTF: 0.0587(0.286s / 4.865s)
generated_audios/generated_H2_256C_int8/260-123288-0017_generated.wav | RTF: 0.0601(0.314s / 5.225s) | Generator RTF: 0.0593(0.310s / 5.225s)
generated_audios/generated_H2_256C_int8/260-123288-0018_generated.wav | RTF: 0.0591(0.192s / 3.245s) | Generator RTF: 0.0580(0.188s / 3.245s)
generated_audios/generated_H2_256C_int8/260-123288-0019_generated.wav | RTF: 0.0599(0.177s / 2.955s) | Generator RTF: 0.0587(0.173s / 2.955s)
generated_audios/generated_H2_256C_int8/260-123288-0020_generated.wav | RTF: 0.0613(0.178s / 2.900s) | Generator RTF: 0.0601(0.174s / 2.900s)
generated_audios/generated_H2_256C_int8/260-123288-0021_generated.wav | RTF: 0.0596(0.161s / 2.710s) | Generator RTF: 0.0583(0.158s / 2.710s)
generated_audios/generated_H2_256C_int8/260-123288-0022_generated.wav | RTF: 0.0578(0.214s / 3.705s) | Generator RTF: 0.0569(0.211s / 3.705s)
generated_audios/generated_H2_256C_int8/260-123288-0023_generated.wav | RTF: 0.0590(0.141s / 2.385s) | Generator RTF: 0.0576(0.137s / 2.385s)
generated_audios/generated_H2_256C_int8/260-123288-0024_generated.wav | RTF: 0.0559(0.816s / 14.595s) | Generator RTF: 0.0556(0.811s / 14.595s)
generated_audios/generated_H2_256C_int8/260-123288-0025_generated.wav | RTF: 0.0555(0.746s / 13.445s) | Generator RTF: 0.0552(0.742s / 13.445s)
generated_audios/generated_H2_256C_int8/260-123288-0026_generated.wav | RTF: 0.0541(0.867s / 16.040s) | Generator RTF: 0.0538(0.862s / 16.040s)
generated_audios/generated_H2_256C_int8/260-123288-0027_generated.wav | RTF: 0.0564(0.356s / 6.305s) | Generator RTF: 0.0558(0.352s / 6.305s)
generated_audios/generated_H2_256C_int8/260-123288-0028_generated.wav | RTF: 0.0620(0.162s / 2.610s) | Generator RTF: 0.0610(0.159s / 2.610s)
generated_audios/generated_H2_256C_int8/260-123440-0000_generated.wav | RTF: 0.0609(0.132s / 2.165s) | Generator RTF: 0.0595(0.129s / 2.165s)
generated_audios/generated_H2_256C_int8/260-123440-0001_generated.wav | RTF: 0.0626(0.109s / 1.740s) | Generator RTF: 0.0607(0.106s / 1.740s)
generated_audios/generated_H2_256C_int8/260-123440-0002_generated.wav | RTF: 0.0559(0.822s / 14.715s) | Generator RTF: 0.0556(0.818s / 14.715s)
generated_audios/generated_H2_256C_int8/260-123440-0003_generated.wav | RTF: 0.0604(0.217s / 3.585s) | Generator RTF: 0.0594(0.213s / 3.585s)
generated_audios/generated_H2_256C_int8/260-123440-0004_generated.wav | RTF: 0.0578(0.694s / 12.020s) | Generator RTF: 0.0574(0.690s / 12.020s)
generated_audios/generated_H2_256C_int8/260-123440-0005_generated.wav | RTF: 0.0595(0.185s / 3.105s) | Generator RTF: 0.0584(0.181s / 3.105s)
generated_audios/generated_H2_256C_int8/260-123440-0006_generated.wav | RTF: 0.0593(0.161s / 2.715s) | Generator RTF: 0.0583(0.158s / 2.715s)
generated_audios/generated_H2_256C_int8/260-123440-0007_generated.wav | RTF: 0.0599(0.203s / 3.385s) | Generator RTF: 0.0587(0.199s / 3.385s)
generated_audios/generated_H2_256C_int8/260-123440-0008_generated.wav | RTF: 0.0567(0.212s / 3.745s) | Generator RTF: 0.0558(0.209s / 3.745s)
generated_audios/generated_H2_256C_int8/260-123440-0009_generated.wav | RTF: 0.0585(0.182s / 3.115s) | Generator RTF: 0.0574(0.179s / 3.115s)
generated_audios/generated_H2_256C_int8/260-123440-0010_generated.wav | RTF: 0.0589(0.490s / 8.315s) | Generator RTF: 0.0585(0.486s / 8.315s)
generated_audios/generated_H2_256C_int8/260-123440-0011_generated.wav | RTF: 0.0585(0.285s / 4.870s) | Generator RTF: 0.0577(0.281s / 4.870s)
generated_audios/generated_H2_256C_int8/260-123440-0012_generated.wav | RTF: 0.0596(0.313s / 5.245s) | Generator RTF: 0.0589(0.309s / 5.245s)
generated_audios/generated_H2_256C_int8/260-123440-0013_generated.wav | RTF: 0.0591(0.205s / 3.475s) | Generator RTF: 0.0580(0.202s / 3.475s)
generated_audios/generated_H2_256C_int8/260-123440-0014_generated.wav | RTF: 0.0597(0.228s / 3.815s) | Generator RTF: 0.0588(0.224s / 3.815s)
generated_audios/generated_H2_256C_int8/260-123440-0015_generated.wav | RTF: 0.0572(0.354s / 6.200s) | Generator RTF: 0.0564(0.350s / 6.200s)
generated_audios/generated_H2_256C_int8/260-123440-0016_generated.wav | RTF: 0.0581(0.285s / 4.895s) | Generator RTF: 0.0574(0.281s / 4.895s)
generated_audios/generated_H2_256C_int8/260-123440-0017_generated.wav | RTF: 0.0577(0.177s / 3.070s) | Generator RTF: 0.0566(0.174s / 3.070s)
generated_audios/generated_H2_256C_int8/260-123440-0018_generated.wav | RTF: 0.0584(0.213s / 3.640s) | Generator RTF: 0.0575(0.209s / 3.640s)
generated_audios/generated_H2_256C_int8/260-123440-0019_generated.wav | RTF: 0.0569(0.377s / 6.630s) | Generator RTF: 0.0563(0.374s / 6.630s)
generated_audios/generated_H2_256C_int8/260-123440-0020_generated.wav | RTF: 0.0569(0.284s / 4.995s) | Generator RTF: 0.0561(0.280s / 4.995s)
generated_audios/generated_H2_256C_int8/61-70968-0000_generated.wav | RTF: 0.0574(0.281s / 4.905s) | Generator RTF: 0.0566(0.278s / 4.905s)
generated_audios/generated_H2_256C_int8/61-70968-0001_generated.wav | RTF: 0.0572(0.206s / 3.610s) | Generator RTF: 0.0561(0.203s / 3.610s)
generated_audios/generated_H2_256C_int8/61-70968-0002_generated.wav | RTF: 0.0571(0.170s / 2.970s) | Generator RTF: 0.0562(0.167s / 2.970s)
generated_audios/generated_H2_256C_int8/61-70968-0003_generated.wav | RTF: 0.0569(0.245s / 4.315s) | Generator RTF: 0.0561(0.242s / 4.315s)
generated_audios/generated_H2_256C_int8/61-70968-0004_generated.wav | RTF: 0.0569(0.221s / 3.885s) | Generator RTF: 0.0560(0.218s / 3.885s)
generated_audios/generated_H2_256C_int8/61-70968-0005_generated.wav | RTF: 0.0574(0.291s / 5.070s) | Generator RTF: 0.0568(0.288s / 5.070s)
generated_audios/generated_H2_256C_int8/61-70968-0006_generated.wav | RTF: 0.0583(0.171s / 2.935s) | Generator RTF: 0.0572(0.168s / 2.935s)
generated_audios/generated_H2_256C_int8/61-70968-0007_generated.wav | RTF: 0.0573(0.204s / 3.550s) | Generator RTF: 0.0563(0.200s / 3.550s)
generated_audios/generated_H2_256C_int8/61-70968-0008_generated.wav | RTF: 0.0592(0.209s / 3.535s) | Generator RTF: 0.0582(0.206s / 3.535s)
generated_audios/generated_H2_256C_int8/61-70968-0009_generated.wav | RTF: 0.0577(0.260s / 4.510s) | Generator RTF: 0.0569(0.256s / 4.510s)
generated_audios/generated_H2_256C_int8/61-70968-0010_generated.wav | RTF: 0.0577(0.479s / 8.295s) | Generator RTF: 0.0572(0.475s / 8.295s)
generated_audios/generated_H2_256C_int8/61-70968-0011_generated.wav | RTF: 0.0566(0.361s / 6.375s) | Generator RTF: 0.0560(0.357s / 6.375s)
generated_audios/generated_H2_256C_int8/61-70968-0012_generated.wav | RTF: 0.0629(0.164s / 2.610s) | Generator RTF: 0.0616(0.161s / 2.610s)
generated_audios/generated_H2_256C_int8/61-70968-0013_generated.wav | RTF: 0.0578(0.257s / 4.450s) | Generator RTF: 0.0570(0.254s / 4.450s)
generated_audios/generated_H2_256C_int8/61-70968-0014_generated.wav | RTF: 0.0570(0.426s / 7.485s) | Generator RTF: 0.0564(0.422s / 7.485s)
generated_audios/generated_H2_256C_int8/61-70968-0015_generated.wav | RTF: 0.0583(0.313s / 5.375s) | Generator RTF: 0.0576(0.310s / 5.375s)
generated_audios/generated_H2_256C_int8/61-70968-0016_generated.wav | RTF: 0.0643(0.239s / 3.720s) | Generator RTF: 0.0633(0.236s / 3.720s)
generated_audios/generated_H2_256C_int8/61-70968-0017_generated.wav | RTF: 0.0569(0.291s / 5.110s) | Generator RTF: 0.0562(0.287s / 5.110s)
generated_audios/generated_H2_256C_int8/61-70968-0018_generated.wav | RTF: 0.0582(0.140s / 2.405s) | Generator RTF: 0.0571(0.137s / 2.405s)
generated_audios/generated_H2_256C_int8/61-70968-0019_generated.wav | RTF: 0.0565(0.309s / 5.475s) | Generator RTF: 0.0558(0.306s / 5.475s)
generated_audios/generated_H2_256C_int8/61-70968-0020_generated.wav | RTF: 0.0567(0.290s / 5.105s) | Generator RTF: 0.0560(0.286s / 5.105s)
generated_audios/generated_H2_256C_int8/61-70968-0021_generated.wav | RTF: 0.0570(0.153s / 2.690s) | Generator RTF: 0.0558(0.150s / 2.690s)
generated_audios/generated_H2_256C_int8/61-70968-0022_generated.wav | RTF: 0.0571(0.266s / 4.670s) | Generator RTF: 0.0563(0.263s / 4.670s)
generated_audios/generated_H2_256C_int8/61-70968-0023_generated.wav | RTF: 0.0609(0.306s / 5.025s) | Generator RTF: 0.0603(0.303s / 5.025s)
generated_audios/generated_H2_256C_int8/61-70968-0024_generated.wav | RTF: 0.0590(0.356s / 6.025s) | Generator RTF: 0.0583(0.351s / 6.025s)
generated_audios/generated_H2_256C_int8/61-70968-0025_generated.wav | RTF: 0.0603(0.266s / 4.410s) | Generator RTF: 0.0594(0.262s / 4.410s)
generated_audios/generated_H2_256C_int8/61-70968-0026_generated.wav | RTF: 0.0615(0.303s / 4.920s) | Generator RTF: 0.0607(0.299s / 4.920s)
generated_audios/generated_H2_256C_int8/61-70968-0027_generated.wav | RTF: 0.0580(0.399s / 6.870s) | Generator RTF: 0.0575(0.395s / 6.870s)
generated_audios/generated_H2_256C_int8/61-70968-0028_generated.wav | RTF: 0.0584(0.313s / 5.355s) | Generator RTF: 0.0577(0.309s / 5.355s)
generated_audios/generated_H2_256C_int8/61-70968-0029_generated.wav | RTF: 0.0592(0.207s / 3.495s) | Generator RTF: 0.0582(0.204s / 3.495s)
generated_audios/generated_H2_256C_int8/61-70968-0030_generated.wav | RTF: 0.0592(0.337s / 5.685s) | Generator RTF: 0.0586(0.333s / 5.685s)
generated_audios/generated_H2_256C_int8/61-70968-0031_generated.wav | RTF: 0.0601(0.176s / 2.925s) | Generator RTF: 0.0590(0.173s / 2.925s)
generated_audios/generated_H2_256C_int8/61-70968-0032_generated.wav | RTF: 0.0600(0.257s / 4.280s) | Generator RTF: 0.0592(0.253s / 4.280s)
generated_audios/generated_H2_256C_int8/61-70968-0033_generated.wav | RTF: 0.0596(0.339s / 5.685s) | Generator RTF: 0.0589(0.335s / 5.685s)
generated_audios/generated_H2_256C_int8/61-70968-0034_generated.wav | RTF: 0.0608(0.257s / 4.230s) | Generator RTF: 0.0599(0.254s / 4.230s)
generated_audios/generated_H2_256C_int8/61-70968-0035_generated.wav | RTF: 0.0577(0.459s / 7.950s) | Generator RTF: 0.0572(0.455s / 7.950s)
generated_audios/generated_H2_256C_int8/61-70968-0036_generated.wav | RTF: 0.0593(0.174s / 2.935s) | Generator RTF: 0.0581(0.171s / 2.935s)
generated_audios/generated_H2_256C_int8/61-70968-0037_generated.wav | RTF: 0.0577(0.249s / 4.315s) | Generator RTF: 0.0570(0.246s / 4.315s)
generated_audios/generated_H2_256C_int8/61-70968-0038_generated.wav | RTF: 0.0636(0.130s / 2.050s) | Generator RTF: 0.0621(0.127s / 2.050s)
generated_audios/generated_H2_256C_int8/61-70968-0039_generated.wav | RTF: 0.0591(0.225s / 3.805s) | Generator RTF: 0.0581(0.221s / 3.805s)
generated_audios/generated_H2_256C_int8/61-70968-0040_generated.wav | RTF: 0.0597(0.236s / 3.950s) | Generator RTF: 0.0590(0.233s / 3.950s)
generated_audios/generated_H2_256C_int8/61-70968-0041_generated.wav | RTF: 0.0609(0.416s / 6.825s) | Generator RTF: 0.0603(0.412s / 6.825s)
generated_audios/generated_H2_256C_int8/61-70968-0042_generated.wav | RTF: 0.0617(0.172s / 2.785s) | Generator RTF: 0.0605(0.168s / 2.785s)
generated_audios/generated_H2_256C_int8/61-70968-0043_generated.wav | RTF: 0.0587(0.395s / 6.735s) | Generator RTF: 0.0581(0.391s / 6.735s)
generated_audios/generated_H2_256C_int8/61-70968-0044_generated.wav | RTF: 0.0595(0.165s / 2.770s) | Generator RTF: 0.0582(0.161s / 2.770s)
generated_audios/generated_H2_256C_int8/61-70968-0045_generated.wav | RTF: 0.0590(0.205s / 3.475s) | Generator RTF: 0.0579(0.201s / 3.475s)
generated_audios/generated_H2_256C_int8/61-70968-0046_generated.wav | RTF: 0.0599(0.213s / 3.550s) | Generator RTF: 0.0589(0.209s / 3.550s)
generated_audios/generated_H2_256C_int8/61-70968-0047_generated.wav | RTF: 0.0598(0.286s / 4.775s) | Generator RTF: 0.0590(0.282s / 4.775s)
generated_audios/generated_H2_256C_int8/61-70968-0048_generated.wav | RTF: 0.0616(0.186s / 3.020s) | Generator RTF: 0.0607(0.183s / 3.020s)
generated_audios/generated_H2_256C_int8/61-70968-0049_generated.wav | RTF: 0.0579(0.477s / 8.250s) | Generator RTF: 0.0574(0.473s / 8.250s)
generated_audios/generated_H2_256C_int8/61-70968-0050_generated.wav | RTF: 0.0615(0.343s / 5.580s) | Generator RTF: 0.0609(0.340s / 5.580s)
generated_audios/generated_H2_256C_int8/61-70968-0051_generated.wav | RTF: 0.0593(0.186s / 3.135s) | Generator RTF: 0.0581(0.182s / 3.135s)
generated_audios/generated_H2_256C_int8/61-70968-0052_generated.wav | RTF: 0.0601(0.159s / 2.650s) | Generator RTF: 0.0591(0.157s / 2.650s)
generated_audios/generated_H2_256C_int8/61-70968-0053_generated.wav | RTF: 0.0600(0.253s / 4.220s) | Generator RTF: 0.0591(0.249s / 4.220s)
generated_audios/generated_H2_256C_int8/61-70968-0054_generated.wav | RTF: 0.0586(0.461s / 7.860s) | Generator RTF: 0.0581(0.456s / 7.860s)
generated_audios/generated_H2_256C_int8/61-70968-0055_generated.wav | RTF: 0.0603(0.239s / 3.965s) | Generator RTF: 0.0594(0.236s / 3.965s)
generated_audios/generated_H2_256C_int8/61-70968-0056_generated.wav | RTF: 0.0593(0.211s / 3.565s) | Generator RTF: 0.0585(0.209s / 3.565s)
generated_audios/generated_H2_256C_int8/61-70968-0057_generated.wav | RTF: 0.0586(0.297s / 5.065s) | Generator RTF: 0.0579(0.293s / 5.065s)
generated_audios/generated_H2_256C_int8/61-70968-0058_generated.wav | RTF: 0.0662(0.121s / 1.820s) | Generator RTF: 0.0644(0.117s / 1.820s)
generated_audios/generated_H2_256C_int8/61-70968-0059_generated.wav | RTF: 0.0598(0.130s / 2.170s) | Generator RTF: 0.0582(0.126s / 2.170s)
generated_audios/generated_H2_256C_int8/61-70968-0060_generated.wav | RTF: 0.0585(0.219s / 3.735s) | Generator RTF: 0.0578(0.216s / 3.735s)
generated_audios/generated_H2_256C_int8/61-70968-0061_generated.wav | RTF: 0.0598(0.331s / 5.530s) | Generator RTF: 0.0592(0.327s / 5.530s)
generated_audios/generated_H2_256C_int8/61-70968-0062_generated.wav | RTF: 0.0608(0.155s / 2.555s) | Generator RTF: 0.0594(0.152s / 2.555s)
generated_audios/generated_H2_256C_int8/61-70970-0000_generated.wav | RTF: 0.0587(0.357s / 6.075s) | Generator RTF: 0.0581(0.353s / 6.075s)
generated_audios/generated_H2_256C_int8/61-70970-0001_generated.wav | RTF: 0.0598(0.368s / 6.155s) | Generator RTF: 0.0591(0.364s / 6.155s)
generated_audios/generated_H2_256C_int8/61-70970-0002_generated.wav | RTF: 0.0594(0.247s / 4.165s) | Generator RTF: 0.0585(0.244s / 4.165s)
generated_audios/generated_H2_256C_int8/61-70970-0003_generated.wav | RTF: 0.0584(0.224s / 3.835s) | Generator RTF: 0.0577(0.221s / 3.835s)
generated_audios/generated_H2_256C_int8/61-70970-0004_generated.wav | RTF: 0.0574(0.603s / 10.515s) | Generator RTF: 0.0570(0.599s / 10.515s)
generated_audios/generated_H2_256C_int8/61-70970-0005_generated.wav | RTF: 0.0651(0.132s / 2.020s) | Generator RTF: 0.0633(0.128s / 2.020s)
generated_audios/generated_H2_256C_int8/61-70970-0006_generated.wav | RTF: 0.0619(0.144s / 2.335s) | Generator RTF: 0.0607(0.142s / 2.335s)
generated_audios/generated_H2_256C_int8/61-70970-0007_generated.wav | RTF: 0.0584(0.262s / 4.485s) | Generator RTF: 0.0578(0.259s / 4.485s)
generated_audios/generated_H2_256C_int8/61-70970-0008_generated.wav | RTF: 0.0620(0.133s / 2.150s) | Generator RTF: 0.0603(0.130s / 2.150s)
generated_audios/generated_H2_256C_int8/61-70970-0009_generated.wav | RTF: 0.0590(0.201s / 3.405s) | Generator RTF: 0.0580(0.198s / 3.405s)
generated_audios/generated_H2_256C_int8/61-70970-0010_generated.wav | RTF: 0.0599(0.182s / 3.045s) | Generator RTF: 0.0587(0.179s / 3.045s)
generated_audios/generated_H2_256C_int8/61-70970-0011_generated.wav | RTF: 0.0592(0.360s / 6.075s) | Generator RTF: 0.0586(0.356s / 6.075s)
generated_audios/generated_H2_256C_int8/61-70970-0012_generated.wav | RTF: 0.0604(0.189s / 3.135s) | Generator RTF: 0.0594(0.186s / 3.135s)
generated_audios/generated_H2_256C_int8/61-70970-0013_generated.wav | RTF: 0.0617(0.269s / 4.350s) | Generator RTF: 0.0609(0.265s / 4.350s)
generated_audios/generated_H2_256C_int8/61-70970-0014_generated.wav | RTF: 0.0586(0.200s / 3.405s) | Generator RTF: 0.0576(0.196s / 3.405s)
generated_audios/generated_H2_256C_int8/61-70970-0015_generated.wav | RTF: 0.0584(0.491s / 8.415s) | Generator RTF: 0.0579(0.487s / 8.415s)
generated_audios/generated_H2_256C_int8/61-70970-0016_generated.wav | RTF: 0.0607(0.265s / 4.370s) | Generator RTF: 0.0598(0.261s / 4.370s)
generated_audios/generated_H2_256C_int8/61-70970-0017_generated.wav | RTF: 0.0596(0.152s / 2.550s) | Generator RTF: 0.0583(0.149s / 2.550s)
generated_audios/generated_H2_256C_int8/61-70970-0018_generated.wav | RTF: 0.0587(0.270s / 4.600s) | Generator RTF: 0.0579(0.266s / 4.600s)
generated_audios/generated_H2_256C_int8/61-70970-0019_generated.wav | RTF: 0.0596(0.225s / 3.780s) | Generator RTF: 0.0587(0.222s / 3.780s)
generated_audios/generated_H2_256C_int8/61-70970-0020_generated.wav | RTF: 0.0607(0.305s / 5.025s) | Generator RTF: 0.0599(0.301s / 5.025s)
generated_audios/generated_H2_256C_int8/61-70970-0021_generated.wav | RTF: 0.0599(0.324s / 5.405s) | Generator RTF: 0.0594(0.321s / 5.405s)
generated_audios/generated_H2_256C_int8/61-70970-0022_generated.wav | RTF: 0.0592(0.235s / 3.970s) | Generator RTF: 0.0583(0.231s / 3.970s)
generated_audios/generated_H2_256C_int8/61-70970-0023_generated.wav | RTF: 0.0596(0.221s / 3.705s) | Generator RTF: 0.0586(0.217s / 3.705s)
generated_audios/generated_H2_256C_int8/61-70970-0024_generated.wav | RTF: 0.0593(0.429s / 7.235s) | Generator RTF: 0.0587(0.425s / 7.235s)
generated_audios/generated_H2_256C_int8/61-70970-0025_generated.wav | RTF: 0.0642(0.478s / 7.435s) | Generator RTF: 0.0637(0.474s / 7.435s)
generated_audios/generated_H2_256C_int8/61-70970-0026_generated.wav | RTF: 0.0585(0.320s / 5.475s) | Generator RTF: 0.0579(0.317s / 5.475s)
generated_audios/generated_H2_256C_int8/61-70970-0027_generated.wav | RTF: 0.0618(0.314s / 5.080s) | Generator RTF: 0.0612(0.311s / 5.080s)
generated_audios/generated_H2_256C_int8/61-70970-0028_generated.wav | RTF: 0.0594(0.389s / 6.550s) | Generator RTF: 0.0588(0.385s / 6.550s)
generated_audios/generated_H2_256C_int8/61-70970-0029_generated.wav | RTF: 0.0602(0.242s / 4.030s) | Generator RTF: 0.0592(0.239s / 4.030s)
generated_audios/generated_H2_256C_int8/61-70970-0030_generated.wav | RTF: 0.0592(0.192s / 3.240s) | Generator RTF: 0.0582(0.189s / 3.240s)
generated_audios/generated_H2_256C_int8/61-70970-0031_generated.wav | RTF: 0.0595(0.306s / 5.135s) | Generator RTF: 0.0589(0.302s / 5.135s)
generated_audios/generated_H2_256C_int8/61-70970-0032_generated.wav | RTF: 0.0589(0.185s / 3.135s) | Generator RTF: 0.0582(0.183s / 3.135s)
generated_audios/generated_H2_256C_int8/61-70970-0033_generated.wav | RTF: 0.0608(0.208s / 3.420s) | Generator RTF: 0.0597(0.204s / 3.420s)
generated_audios/generated_H2_256C_int8/61-70970-0034_generated.wav | RTF: 0.0591(0.265s / 4.485s) | Generator RTF: 0.0584(0.262s / 4.485s)
generated_audios/generated_H2_256C_int8/61-70970-0035_generated.wav | RTF: 0.0575(0.426s / 7.405s) | Generator RTF: 0.0570(0.422s / 7.405s)
generated_audios/generated_H2_256C_int8/61-70970-0036_generated.wav | RTF: 0.0589(0.400s / 6.785s) | Generator RTF: 0.0583(0.395s / 6.785s)
generated_audios/generated_H2_256C_int8/61-70970-0037_generated.wav | RTF: 0.0593(0.355s / 5.980s) | Generator RTF: 0.0586(0.351s / 5.980s)
generated_audios/generated_H2_256C_int8/61-70970-0038_generated.wav | RTF: 0.0577(0.600s / 10.400s) | Generator RTF: 0.0573(0.596s / 10.400s)
generated_audios/generated_H2_256C_int8/61-70970-0039_generated.wav | RTF: 0.0588(0.392s / 6.665s) | Generator RTF: 0.0583(0.389s / 6.665s)
generated_audios/generated_H2_256C_int8/61-70970-0040_generated.wav | RTF: 0.0624(0.260s / 4.165s) | Generator RTF: 0.0617(0.257s / 4.165s)
generated_audios/generated_H2_256C_int8/672-122797-0000_generated.wav | RTF: 0.0595(0.242s / 4.070s) | Generator RTF: 0.0586(0.239s / 4.070s)
generated_audios/generated_H2_256C_int8/672-122797-0001_generated.wav | RTF: 0.0569(0.860s / 15.130s) | Generator RTF: 0.0565(0.856s / 15.130s)
generated_audios/generated_H2_256C_int8/672-122797-0002_generated.wav | RTF: 0.0571(0.777s / 13.620s) | Generator RTF: 0.0567(0.773s / 13.620s)
generated_audios/generated_H2_256C_int8/672-122797-0003_generated.wav | RTF: 0.0596(0.283s / 4.760s) | Generator RTF: 0.0589(0.280s / 4.760s)
generated_audios/generated_H2_256C_int8/672-122797-0004_generated.wav | RTF: 0.0572(0.586s / 10.250s) | Generator RTF: 0.0568(0.582s / 10.250s)
generated_audios/generated_H2_256C_int8/672-122797-0005_generated.wav | RTF: 0.0600(0.195s / 3.260s) | Generator RTF: 0.0589(0.192s / 3.260s)
generated_audios/generated_H2_256C_int8/672-122797-0006_generated.wav | RTF: 0.0572(0.799s / 13.950s) | Generator RTF: 0.0569(0.794s / 13.950s)
generated_audios/generated_H2_256C_int8/672-122797-0007_generated.wav | RTF: 0.0598(0.384s / 6.420s) | Generator RTF: 0.0592(0.380s / 6.420s)
generated_audios/generated_H2_256C_int8/672-122797-0008_generated.wav | RTF: 0.0572(1.762s / 30.810s) | Generator RTF: 0.0570(1.755s / 30.810s)
generated_audios/generated_H2_256C_int8/672-122797-0009_generated.wav | RTF: 0.0589(0.163s / 2.765s) | Generator RTF: 0.0574(0.159s / 2.765s)
generated_audios/generated_H2_256C_int8/672-122797-0010_generated.wav | RTF: 0.0581(0.222s / 3.815s) | Generator RTF: 0.0572(0.218s / 3.815s)
generated_audios/generated_H2_256C_int8/672-122797-0011_generated.wav | RTF: 0.0608(0.155s / 2.540s) | Generator RTF: 0.0595(0.151s / 2.540s)
generated_audios/generated_H2_256C_int8/672-122797-0012_generated.wav | RTF: 0.0606(0.471s / 7.765s) | Generator RTF: 0.0602(0.467s / 7.765s)
generated_audios/generated_H2_256C_int8/672-122797-0013_generated.wav | RTF: 0.0579(0.504s / 8.705s) | Generator RTF: 0.0576(0.501s / 8.705s)
generated_audios/generated_H2_256C_int8/672-122797-0014_generated.wav | RTF: 0.1028(0.263s / 2.555s) | Generator RTF: 0.0836(0.214s / 2.555s)
generated_audios/generated_H2_256C_int8/672-122797-0015_generated.wav | RTF: 0.0585(0.260s / 4.455s) | Generator RTF: 0.0577(0.257s / 4.455s)
generated_audios/generated_H2_256C_int8/672-122797-0016_generated.wav | RTF: 0.0568(0.524s / 9.215s) | Generator RTF: 0.0564(0.520s / 9.215s)
generated_audios/generated_H2_256C_int8/672-122797-0017_generated.wav | RTF: 0.0597(0.288s / 4.820s) | Generator RTF: 0.0590(0.284s / 4.820s)
generated_audios/generated_H2_256C_int8/672-122797-0018_generated.wav | RTF: 0.0612(0.302s / 4.930s) | Generator RTF: 0.0604(0.298s / 4.930s)
generated_audios/generated_H2_256C_int8/672-122797-0019_generated.wav | RTF: 0.0610(0.251s / 4.110s) | Generator RTF: 0.0602(0.248s / 4.110s)
generated_audios/generated_H2_256C_int8/672-122797-0020_generated.wav | RTF: 0.0585(0.516s / 8.825s) | Generator RTF: 0.0580(0.512s / 8.825s)
generated_audios/generated_H2_256C_int8/672-122797-0021_generated.wav | RTF: 0.0577(0.239s / 4.150s) | Generator RTF: 0.0568(0.236s / 4.150s)
generated_audios/generated_H2_256C_int8/672-122797-0022_generated.wav | RTF: 0.0565(1.074s / 19.005s) | Generator RTF: 0.0562(1.069s / 19.005s)
generated_audios/generated_H2_256C_int8/672-122797-0023_generated.wav | RTF: 0.0579(0.562s / 9.695s) | Generator RTF: 0.0575(0.557s / 9.695s)
generated_audios/generated_H2_256C_int8/672-122797-0024_generated.wav | RTF: 0.0581(0.240s / 4.130s) | Generator RTF: 0.0572(0.236s / 4.130s)
generated_audios/generated_H2_256C_int8/672-122797-0025_generated.wav | RTF: 0.0582(0.622s / 10.690s) | Generator RTF: 0.0578(0.617s / 10.690s)
generated_audios/generated_H2_256C_int8/672-122797-0026_generated.wav | RTF: 0.0575(0.802s / 13.960s) | Generator RTF: 0.0571(0.798s / 13.960s)
generated_audios/generated_H2_256C_int8/672-122797-0027_generated.wav | RTF: 0.0591(0.283s / 4.790s) | Generator RTF: 0.0584(0.280s / 4.790s)
generated_audios/generated_H2_256C_int8/672-122797-0028_generated.wav | RTF: 0.0634(0.166s / 2.610s) | Generator RTF: 0.0620(0.162s / 2.610s)
generated_audios/generated_H2_256C_int8/672-122797-0029_generated.wav | RTF: 0.0589(0.180s / 3.050s) | Generator RTF: 0.0578(0.176s / 3.050s)
generated_audios/generated_H2_256C_int8/672-122797-0030_generated.wav | RTF: 0.0580(0.265s / 4.575s) | Generator RTF: 0.0574(0.263s / 4.575s)
generated_audios/generated_H2_256C_int8/672-122797-0031_generated.wav | RTF: 0.0578(0.230s / 3.980s) | Generator RTF: 0.0568(0.226s / 3.980s)
generated_audios/generated_H2_256C_int8/672-122797-0032_generated.wav | RTF: 0.0583(0.233s / 4.000s) | Generator RTF: 0.0575(0.230s / 4.000s)
generated_audios/generated_H2_256C_int8/672-122797-0033_generated.wav | RTF: 0.0660(0.085s / 1.285s) | Generator RTF: 0.0634(0.082s / 1.285s)
generated_audios/generated_H2_256C_int8/672-122797-0034_generated.wav | RTF: 0.0592(0.302s / 5.110s) | Generator RTF: 0.0584(0.298s / 5.110s)
generated_audios/generated_H2_256C_int8/672-122797-0035_generated.wav | RTF: 0.0622(0.180s / 2.900s) | Generator RTF: 0.0609(0.177s / 2.900s)
generated_audios/generated_H2_256C_int8/672-122797-0036_generated.wav | RTF: 0.0592(0.317s / 5.365s) | Generator RTF: 0.0585(0.314s / 5.365s)
generated_audios/generated_H2_256C_int8/672-122797-0037_generated.wav | RTF: 0.0626(0.123s / 1.960s) | Generator RTF: 0.0610(0.120s / 1.960s)
generated_audios/generated_H2_256C_int8/672-122797-0038_generated.wav | RTF: 0.0574(0.505s / 8.800s) | Generator RTF: 0.0570(0.502s / 8.800s)
generated_audios/generated_H2_256C_int8/672-122797-0039_generated.wav | RTF: 0.0609(0.245s / 4.025s) | Generator RTF: 0.0599(0.241s / 4.025s)
generated_audios/generated_H2_256C_int8/672-122797-0040_generated.wav | RTF: 0.0608(0.312s / 5.125s) | Generator RTF: 0.0602(0.309s / 5.125s)
generated_audios/generated_H2_256C_int8/672-122797-0041_generated.wav | RTF: 0.0580(0.225s / 3.880s) | Generator RTF: 0.0572(0.222s / 3.880s)
generated_audios/generated_H2_256C_int8/672-122797-0042_generated.wav | RTF: 0.0564(0.864s / 15.310s) | Generator RTF: 0.0561(0.859s / 15.310s)
generated_audios/generated_H2_256C_int8/672-122797-0043_generated.wav | RTF: 0.0576(0.218s / 3.780s) | Generator RTF: 0.0569(0.215s / 3.780s)
generated_audios/generated_H2_256C_int8/672-122797-0044_generated.wav | RTF: 0.0582(0.218s / 3.740s) | Generator RTF: 0.0573(0.214s / 3.740s)
generated_audios/generated_H2_256C_int8/672-122797-0045_generated.wav | RTF: 0.0565(0.788s / 13.960s) | Generator RTF: 0.0562(0.785s / 13.960s)
generated_audios/generated_H2_256C_int8/672-122797-0046_generated.wav | RTF: 0.0584(0.276s / 4.715s) | Generator RTF: 0.0576(0.272s / 4.715s)
generated_audios/generated_H2_256C_int8/672-122797-0047_generated.wav | RTF: 0.0588(0.196s / 3.325s) | Generator RTF: 0.0579(0.192s / 3.325s)
generated_audios/generated_H2_256C_int8/672-122797-0048_generated.wav | RTF: 0.0599(0.393s / 6.555s) | Generator RTF: 0.0593(0.389s / 6.555s)
generated_audios/generated_H2_256C_int8/672-122797-0049_generated.wav | RTF: 0.0615(0.124s / 2.020s) | Generator RTF: 0.0599(0.121s / 2.020s)
generated_audios/generated_H2_256C_int8/672-122797-0050_generated.wav | RTF: 0.0602(0.292s / 4.855s) | Generator RTF: 0.0595(0.289s / 4.855s)
generated_audios/generated_H2_256C_int8/672-122797-0051_generated.wav | RTF: 0.0599(0.279s / 4.665s) | Generator RTF: 0.0591(0.276s / 4.665s)
generated_audios/generated_H2_256C_int8/672-122797-0052_generated.wav | RTF: 0.0579(0.248s / 4.285s) | Generator RTF: 0.0571(0.245s / 4.285s)
generated_audios/generated_H2_256C_int8/672-122797-0053_generated.wav | RTF: 0.0586(0.173s / 2.955s) | Generator RTF: 0.0575(0.170s / 2.955s)
generated_audios/generated_H2_256C_int8/672-122797-0054_generated.wav | RTF: 0.0579(0.246s / 4.250s) | Generator RTF: 0.0571(0.243s / 4.250s)
generated_audios/generated_H2_256C_int8/672-122797-0055_generated.wav | RTF: 0.0578(0.476s / 8.230s) | Generator RTF: 0.0573(0.472s / 8.230s)
generated_audios/generated_H2_256C_int8/672-122797-0056_generated.wav | RTF: 0.0593(0.310s / 5.225s) | Generator RTF: 0.0586(0.306s / 5.225s)
generated_audios/generated_H2_256C_int8/672-122797-0057_generated.wav | RTF: 0.0586(0.384s / 6.560s) | Generator RTF: 0.0579(0.380s / 6.560s)
generated_audios/generated_H2_256C_int8/672-122797-0058_generated.wav | RTF: 0.0603(0.270s / 4.470s) | Generator RTF: 0.0597(0.267s / 4.470s)
generated_audios/generated_H2_256C_int8/672-122797-0059_generated.wav | RTF: 0.0612(0.215s / 3.520s) | Generator RTF: 0.0602(0.212s / 3.520s)
generated_audios/generated_H2_256C_int8/672-122797-0060_generated.wav | RTF: 0.0623(0.209s / 3.350s) | Generator RTF: 0.0613(0.205s / 3.350s)
generated_audios/generated_H2_256C_int8/672-122797-0061_generated.wav | RTF: 0.0578(0.438s / 7.590s) | Generator RTF: 0.0573(0.435s / 7.590s)
generated_audios/generated_H2_256C_int8/672-122797-0062_generated.wav | RTF: 0.0587(0.157s / 2.675s) | Generator RTF: 0.0575(0.154s / 2.675s)
generated_audios/generated_H2_256C_int8/672-122797-0063_generated.wav | RTF: 0.0583(0.296s / 5.075s) | Generator RTF: 0.0576(0.292s / 5.075s)
generated_audios/generated_H2_256C_int8/672-122797-0064_generated.wav | RTF: 0.0559(0.854s / 15.270s) | Generator RTF: 0.0556(0.849s / 15.270s)
generated_audios/generated_H2_256C_int8/672-122797-0065_generated.wav | RTF: 0.0579(0.175s / 3.030s) | Generator RTF: 0.0567(0.172s / 3.030s)
generated_audios/generated_H2_256C_int8/672-122797-0066_generated.wav | RTF: 0.0578(0.278s / 4.815s) | Generator RTF: 0.0571(0.275s / 4.815s)
generated_audios/generated_H2_256C_int8/672-122797-0067_generated.wav | RTF: 0.0584(0.761s / 13.035s) | Generator RTF: 0.0581(0.757s / 13.035s)
generated_audios/generated_H2_256C_int8/672-122797-0068_generated.wav | RTF: 0.0590(0.237s / 4.020s) | Generator RTF: 0.0581(0.234s / 4.020s)
generated_audios/generated_H2_256C_int8/672-122797-0069_generated.wav | RTF: 0.0609(0.305s / 5.010s) | Generator RTF: 0.0601(0.301s / 5.010s)
generated_audios/generated_H2_256C_int8/672-122797-0070_generated.wav | RTF: 0.0577(0.362s / 6.270s) | Generator RTF: 0.0571(0.358s / 6.270s)
generated_audios/generated_H2_256C_int8/672-122797-0071_generated.wav | RTF: 0.0573(0.508s / 8.875s) | Generator RTF: 0.0568(0.504s / 8.875s)
generated_audios/generated_H2_256C_int8/672-122797-0072_generated.wav | RTF: 0.0582(0.462s / 7.940s) | Generator RTF: 0.0576(0.458s / 7.940s)
generated_audios/generated_H2_256C_int8/672-122797-0073_generated.wav | RTF: 0.0580(0.476s / 8.205s) | Generator RTF: 0.0576(0.473s / 8.205s)
generated_audios/generated_H2_256C_int8/672-122797-0074_generated.wav | RTF: 0.0563(0.492s / 8.730s) | Generator RTF: 0.0558(0.487s / 8.730s)
generated_audios/generated_H2_256C_int8/908-157963-0000_generated.wav | RTF: 0.0578(0.730s / 12.620s) | Generator RTF: 0.0575(0.726s / 12.620s)
generated_audios/generated_H2_256C_int8/908-157963-0001_generated.wav | RTF: 0.0599(0.173s / 2.885s) | Generator RTF: 0.0588(0.170s / 2.885s)
generated_audios/generated_H2_256C_int8/908-157963-0002_generated.wav | RTF: 0.0588(0.162s / 2.755s) | Generator RTF: 0.0575(0.158s / 2.755s)
generated_audios/generated_H2_256C_int8/908-157963-0003_generated.wav | RTF: 0.0590(0.182s / 3.080s) | Generator RTF: 0.0579(0.178s / 3.080s)
generated_audios/generated_H2_256C_int8/908-157963-0004_generated.wav | RTF: 0.0562(0.786s / 13.990s) | Generator RTF: 0.0558(0.781s / 13.990s)
generated_audios/generated_H2_256C_int8/908-157963-0005_generated.wav | RTF: 0.0592(0.416s / 7.035s) | Generator RTF: 0.0587(0.413s / 7.035s)
generated_audios/generated_H2_256C_int8/908-157963-0006_generated.wav | RTF: 0.0575(0.466s / 8.110s) | Generator RTF: 0.0570(0.462s / 8.110s)
generated_audios/generated_H2_256C_int8/908-157963-0007_generated.wav | RTF: 0.0559(1.830s / 32.770s) | Generator RTF: 0.0556(1.824s / 32.770s)
generated_audios/generated_H2_256C_int8/908-157963-0008_generated.wav | RTF: 0.0557(1.112s / 19.950s) | Generator RTF: 0.0554(1.106s / 19.950s)
generated_audios/generated_H2_256C_int8/908-157963-0009_generated.wav | RTF: 0.0582(0.236s / 4.060s) | Generator RTF: 0.0575(0.233s / 4.060s)
generated_audios/generated_H2_256C_int8/908-157963-0010_generated.wav | RTF: 0.0594(0.373s / 6.280s) | Generator RTF: 0.0588(0.370s / 6.280s)
generated_audios/generated_H2_256C_int8/908-157963-0011_generated.wav | RTF: 0.0579(0.602s / 10.395s) | Generator RTF: 0.0575(0.597s / 10.395s)
generated_audios/generated_H2_256C_int8/908-157963-0012_generated.wav | RTF: 0.0571(0.576s / 10.090s) | Generator RTF: 0.0566(0.571s / 10.090s)
generated_audios/generated_H2_256C_int8/908-157963-0013_generated.wav | RTF: 0.0563(0.243s / 4.315s) | Generator RTF: 0.0554(0.239s / 4.315s)
generated_audios/generated_H2_256C_int8/908-157963-0014_generated.wav | RTF: 0.0580(0.262s / 4.520s) | Generator RTF: 0.0572(0.259s / 4.520s)
generated_audios/generated_H2_256C_int8/908-157963-0015_generated.wav | RTF: 0.0556(0.805s / 14.465s) | Generator RTF: 0.0553(0.800s / 14.465s)
generated_audios/generated_H2_256C_int8/908-157963-0016_generated.wav | RTF: 0.0576(0.294s / 5.105s) | Generator RTF: 0.0568(0.290s / 5.105s)
generated_audios/generated_H2_256C_int8/908-157963-0017_generated.wav | RTF: 0.0577(0.285s / 4.950s) | Generator RTF: 0.0569(0.282s / 4.950s)
generated_audios/generated_H2_256C_int8/908-157963-0018_generated.wav | RTF: 0.0560(0.238s / 4.255s) | Generator RTF: 0.0551(0.235s / 4.255s)
generated_audios/generated_H2_256C_int8/908-157963-0019_generated.wav | RTF: 0.0555(1.189s / 21.440s) | Generator RTF: 0.0552(1.184s / 21.440s)
generated_audios/generated_H2_256C_int8/908-157963-0020_generated.wav | RTF: 0.0577(0.566s / 9.800s) | Generator RTF: 0.0573(0.562s / 9.800s)
generated_audios/generated_H2_256C_int8/908-157963-0021_generated.wav | RTF: 0.0571(0.585s / 10.240s) | Generator RTF: 0.0567(0.580s / 10.240s)
generated_audios/generated_H2_256C_int8/908-157963-0022_generated.wav | RTF: 0.0582(0.268s / 4.610s) | Generator RTF: 0.0574(0.265s / 4.610s)
generated_audios/generated_H2_256C_int8/908-157963-0023_generated.wav | RTF: 0.0558(0.537s / 9.625s) | Generator RTF: 0.0554(0.533s / 9.625s)
generated_audios/generated_H2_256C_int8/908-157963-0024_generated.wav | RTF: 0.0574(0.197s / 3.440s) | Generator RTF: 0.0565(0.194s / 3.440s)
generated_audios/generated_H2_256C_int8/908-157963-0025_generated.wav | RTF: 0.0554(0.514s / 9.265s) | Generator RTF: 0.0550(0.510s / 9.265s)
generated_audios/generated_H2_256C_int8/908-157963-0026_generated.wav | RTF: 0.0553(0.448s / 8.100s) | Generator RTF: 0.0548(0.444s / 8.100s)
generated_audios/generated_H2_256C_int8/908-157963-0027_generated.wav | RTF: 0.0580(0.303s / 5.225s) | Generator RTF: 0.0573(0.299s / 5.225s)
generated_audios/generated_H2_256C_int8/908-157963-0028_generated.wav | RTF: 0.0584(0.289s / 4.955s) | Generator RTF: 0.0576(0.285s / 4.955s)
generated_audios/generated_H2_256C_int8/908-157963-0029_generated.wav | RTF: 0.0589(0.214s / 3.630s) | Generator RTF: 0.0579(0.210s / 3.630s)
generated_audios/generated_H2_256C_int8/908-157963-0030_generated.wav | RTF: 0.0602(0.272s / 4.520s) | Generator RTF: 0.0594(0.268s / 4.520s)
generated_audios/generated_H2_256C_int8/908-31957-0000_generated.wav | RTF: 0.0633(0.135s / 2.125s) | Generator RTF: 0.0618(0.131s / 2.125s)
generated_audios/generated_H2_256C_int8/908-31957-0001_generated.wav | RTF: 0.0571(0.646s / 11.315s) | Generator RTF: 0.0567(0.642s / 11.315s)
generated_audios/generated_H2_256C_int8/908-31957-0002_generated.wav | RTF: 0.0577(0.277s / 4.790s) | Generator RTF: 0.0570(0.273s / 4.790s)
generated_audios/generated_H2_256C_int8/908-31957-0003_generated.wav | RTF: 0.0575(0.378s / 6.565s) | Generator RTF: 0.0570(0.374s / 6.565s)
generated_audios/generated_H2_256C_int8/908-31957-0004_generated.wav | RTF: 0.0554(0.817s / 14.755s) | Generator RTF: 0.0551(0.813s / 14.755s)
generated_audios/generated_H2_256C_int8/908-31957-0005_generated.wav | RTF: 0.0581(0.261s / 4.490s) | Generator RTF: 0.0572(0.257s / 4.490s)
generated_audios/generated_H2_256C_int8/908-31957-0006_generated.wav | RTF: 0.0564(0.332s / 5.890s) | Generator RTF: 0.0557(0.328s / 5.890s)
generated_audios/generated_H2_256C_int8/908-31957-0007_generated.wav | RTF: 0.0571(0.331s / 5.800s) | Generator RTF: 0.0565(0.327s / 5.800s)
generated_audios/generated_H2_256C_int8/908-31957-0008_generated.wav | RTF: 0.0552(0.552s / 10.005s) | Generator RTF: 0.0548(0.548s / 10.005s)
generated_audios/generated_H2_256C_int8/908-31957-0009_generated.wav | RTF: 0.0561(0.432s / 7.705s) | Generator RTF: 0.0556(0.428s / 7.705s)
generated_audios/generated_H2_256C_int8/908-31957-0010_generated.wav | RTF: 0.0584(0.146s / 2.510s) | Generator RTF: 0.0572(0.144s / 2.510s)
generated_audios/generated_H2_256C_int8/908-31957-0011_generated.wav | RTF: 0.0583(0.136s / 2.335s) | Generator RTF: 0.0569(0.133s / 2.335s)
generated_audios/generated_H2_256C_int8/908-31957-0012_generated.wav | RTF: 0.0583(0.444s / 7.615s) | Generator RTF: 0.0578(0.441s / 7.615s)
generated_audios/generated_H2_256C_int8/908-31957-0013_generated.wav | RTF: 0.0599(0.370s / 6.180s) | Generator RTF: 0.0593(0.367s / 6.180s)
generated_audios/generated_H2_256C_int8/908-31957-0014_generated.wav | RTF: 0.0584(0.441s / 7.560s) | Generator RTF: 0.0579(0.437s / 7.560s)
generated_audios/generated_H2_256C_int8/908-31957-0015_generated.wav | RTF: 0.0565(1.212s / 21.465s) | Generator RTF: 0.0562(1.207s / 21.465s)
generated_audios/generated_H2_256C_int8/908-31957-0016_generated.wav | RTF: 0.0586(0.380s / 6.480s) | Generator RTF: 0.0580(0.376s / 6.480s)
generated_audios/generated_H2_256C_int8/908-31957-0017_generated.wav | RTF: 0.0568(0.443s / 7.795s) | Generator RTF: 0.0563(0.439s / 7.795s)
generated_audios/generated_H2_256C_int8/908-31957-0018_generated.wav | RTF: 0.0599(0.235s / 3.915s) | Generator RTF: 0.0591(0.231s / 3.915s)
generated_audios/generated_H2_256C_int8/908-31957-0019_generated.wav | RTF: 0.0568(0.542s / 9.540s) | Generator RTF: 0.0564(0.538s / 9.540s)
generated_audios/generated_H2_256C_int8/908-31957-0020_generated.wav | RTF: 0.0571(0.337s / 5.895s) | Generator RTF: 0.0564(0.332s / 5.895s)
generated_audios/generated_H2_256C_int8/908-31957-0021_generated.wav | RTF: 0.0571(0.622s / 10.905s) | Generator RTF: 0.0567(0.618s / 10.905s)
generated_audios/generated_H2_256C_int8/908-31957-0022_generated.wav | RTF: 0.0544(0.767s / 14.100s) | Generator RTF: 0.0541(0.763s / 14.100s)
generated_audios/generated_H2_256C_int8/908-31957-0023_generated.wav | RTF: 0.0562(0.479s / 8.515s) | Generator RTF: 0.0558(0.475s / 8.515s)
generated_audios/generated_H2_256C_int8/908-31957-0024_generated.wav | RTF: 0.0567(0.428s / 7.540s) | Generator RTF: 0.0562(0.424s / 7.540s)
generated_audios/generated_H2_256C_int8/908-31957-0025_generated.wav | RTF: 0.0546(1.122s / 20.560s) | Generator RTF: 0.0543(1.117s / 20.560s)
Average RTF: 0.0577(182.360s / 3159.849s)
Average Generator RTF: 0.0571(180.428s / 3159.849s)
Evaluation summary:
  Mel-spectrogram L1: 1.313603
  PESQ: 1.403835
  STOI: 0.833708
Appended per-audio metrics to CSV: per_audio_results/H2_quantized_no_output

Appended metrics to CSV: experiments_results.csv
Appended to experiments_results.csv:
H2_256C_quantized_no_output,3556057,3.687,0.0577,0.0571,1.403834790945053,0.8337084579754473,1.313603424191475
========== Done ==========
=== JOB_STATISTICS ===
=== current date     : Sun Jul  5 01:53:44 PM CEST 2026
= Job-ID             : 1428684 on tinyfat
= Job-Name           : inference_256ch_h1-4
= Job-Command        : /home/hpc/vlbi/vlbi107v/hifi-gan/inference_Test.sh
= Initial workdir    : /home/hpc/vlbi/vlbi107v/hifi-gan
= Queue/Partition    : work
= Slurm account      : vlbi with QOS=normal
= Requested resources:  for 1-00:00:00
= Elapsed runtime    : 00:07:00
= Total RAM usage    : 3.2 GiB of requested  GiB (%)   
= Node list          : tf061
= Subm/Elig/Start/End: 2026-07-05T13:46:44 / 2026-07-05T13:46:44 / 2026-07-05T13:46:44 / 2026-07-05T13:53:44
======================
=== Quota infos ======
    Path                 Used     SoftQ    HardQ    Gracetime  Filec    FileQ    FiHaQ    FileGrace    
    /home/woody           281.2G  1000.0G  1500.0G        N/A     118K   5,000K   7,500K        N/A    
    /home/hpc              91.9G   104.9G   209.7G        N/A      85K     500K   1,000K        N/A    
======================
