### Starting TaskPrologue of job 1376176 on tf060 at Fri Jun  5 08:36:48 PM CEST 2026
Running on cores 40-47,104-111 with governor ondemand
No GPU known
### Finished TaskPrologue

==========(sbatch.tinyfat) Inference: 512 Channels (g_05540000) ==========
========== H1: baseline (no compression) ==========
Initializing Inference Process..
Using device: cpu (baseline and quantized inference both run on CPU)
Loading '/home/hpc/vlbi/vlbi107v/hifi-gan/cp_hifigan/v1_c512/g_05540000'
Complete.
Removing weight norm...
Loaded checkpoint: /home/hpc/vlbi/vlbi107v/hifi-gan/cp_hifigan/v1_c512/g_05540000 (53.239 MB)
Generator parameters: 13,926,017
generated_audios/generated_H1_512C/61-70968-0004_generated.wav | RTF: 0.2850(1.107s / 3.885s)
generated_audios/generated_H1_512C/61-70968-0019_generated.wav | RTF: 0.2942(1.611s / 5.475s)
generated_audios/generated_H1_512C/61-70968-0014_generated.wav | RTF: 0.3074(2.301s / 7.485s)
generated_audios/generated_H1_512C/61-70968-0001_generated.wav | RTF: 0.2778(1.003s / 3.610s)
generated_audios/generated_H1_512C/61-70968-0015_generated.wav | RTF: 0.2897(1.557s / 5.375s)
generated_audios/generated_H1_512C/61-70968-0009_generated.wav | RTF: 0.2770(1.249s / 4.510s)
generated_audios/generated_H1_512C/61-70968-0011_generated.wav | RTF: 0.2993(1.908s / 6.375s)
generated_audios/generated_H1_512C/61-70968-0017_generated.wav | RTF: 0.2777(1.419s / 5.110s)
generated_audios/generated_H1_512C/61-70968-0007_generated.wav | RTF: 0.2787(0.989s / 3.550s)
generated_audios/generated_H1_512C/61-70968-0016_generated.wav | RTF: 0.2794(1.039s / 3.720s)
generated_audios/generated_H1_512C/61-70968-0003_generated.wav | RTF: 0.2759(1.190s / 4.315s)
generated_audios/generated_H1_512C/61-70968-0005_generated.wav | RTF: 0.2907(1.474s / 5.070s)
generated_audios/generated_H1_512C/61-70968-0006_generated.wav | RTF: 0.2761(0.810s / 2.935s)
generated_audios/generated_H1_512C/61-70968-0008_generated.wav | RTF: 0.2806(0.992s / 3.535s)
generated_audios/generated_H1_512C/61-70968-0000_generated.wav | RTF: 0.2840(1.393s / 4.905s)
generated_audios/generated_H1_512C/61-70968-0013_generated.wav | RTF: 0.2825(1.257s / 4.450s)
generated_audios/generated_H1_512C/61-70968-0002_generated.wav | RTF: 0.2774(0.824s / 2.970s)
generated_audios/generated_H1_512C/61-70968-0018_generated.wav | RTF: 0.2706(0.651s / 2.405s)
generated_audios/generated_H1_512C/61-70968-0010_generated.wav | RTF: 0.3069(2.546s / 8.295s)
generated_audios/generated_H1_512C/61-70968-0012_generated.wav | RTF: 0.2845(0.742s / 2.610s)
Average RTF: 0.2877(26.064s / 90.585s)
Evaluation summary:
  Mel-spectrogram L1: 0.209237
  PESQ: 2.616190
  STOI: 0.955341

Appended metrics to CSV: experiments_results.csv
========== H2: quantized (INT8 dynamic quantization) ==========
Initializing Inference Process..
Using device: cpu (baseline and quantized inference both run on CPU)
Quantization enabled: forcing CPU inference for INT8 model.
Loading '/home/hpc/vlbi/vlbi107v/hifi-gan/cp_hifigan/v1_c512/g_05540000'
Complete.
Removing weight norm...
Loaded checkpoint: /home/hpc/vlbi/vlbi107v/hifi-gan/cp_hifigan/v1_c512/g_05540000 (53.239 MB)
Generator parameters: 13,926,017
generated_audios/generated_H2_512C_int8/61-70968-0004_generated.wav | RTF: 0.3030(1.177s / 3.885s)
generated_audios/generated_H2_512C_int8/61-70968-0019_generated.wav | RTF: 0.3007(1.646s / 5.475s)
generated_audios/generated_H2_512C_int8/61-70968-0014_generated.wav | RTF: 0.3170(2.372s / 7.485s)
generated_audios/generated_H2_512C_int8/61-70968-0001_generated.wav | RTF: 0.2747(0.992s / 3.610s)
generated_audios/generated_H2_512C_int8/61-70968-0015_generated.wav | RTF: 0.2820(1.516s / 5.375s)
generated_audios/generated_H2_512C_int8/61-70968-0009_generated.wav | RTF: 0.2800(1.263s / 4.510s)
generated_audios/generated_H2_512C_int8/61-70968-0011_generated.wav | RTF: 0.2927(1.866s / 6.375s)
generated_audios/generated_H2_512C_int8/61-70968-0017_generated.wav | RTF: 0.2783(1.422s / 5.110s)
generated_audios/generated_H2_512C_int8/61-70968-0007_generated.wav | RTF: 0.2766(0.982s / 3.550s)
generated_audios/generated_H2_512C_int8/61-70968-0016_generated.wav | RTF: 0.2774(1.032s / 3.720s)
generated_audios/generated_H2_512C_int8/61-70968-0003_generated.wav | RTF: 0.2751(1.187s / 4.315s)
generated_audios/generated_H2_512C_int8/61-70968-0005_generated.wav | RTF: 0.2960(1.501s / 5.070s)
generated_audios/generated_H2_512C_int8/61-70968-0006_generated.wav | RTF: 0.2753(0.808s / 2.935s)
generated_audios/generated_H2_512C_int8/61-70968-0008_generated.wav | RTF: 0.2773(0.980s / 3.535s)
generated_audios/generated_H2_512C_int8/61-70968-0000_generated.wav | RTF: 0.2947(1.446s / 4.905s)
generated_audios/generated_H2_512C_int8/61-70968-0013_generated.wav | RTF: 0.2848(1.267s / 4.450s)
generated_audios/generated_H2_512C_int8/61-70968-0002_generated.wav | RTF: 0.2739(0.813s / 2.970s)
generated_audios/generated_H2_512C_int8/61-70968-0018_generated.wav | RTF: 0.2720(0.654s / 2.405s)
generated_audios/generated_H2_512C_int8/61-70968-0010_generated.wav | RTF: 0.3117(2.585s / 8.295s)
generated_audios/generated_H2_512C_int8/61-70968-0012_generated.wav | RTF: 0.2861(0.747s / 2.610s)
Average RTF: 0.2899(26.257s / 90.585s)
Evaluation summary:
  Mel-spectrogram L1: 0.209237
  PESQ: 2.616190
  STOI: 0.955341

Appended metrics to CSV: experiments_results.csv
========== H3: pruning 0% (test)==========
Initializing Inference Process..
Using device: cpu (baseline and quantized inference both run on CPU)
Loading '/home/hpc/vlbi/vlbi107v/hifi-gan/cp_hifigan/v1_c512/g_05540000'
Complete.
Removing weight norm...
Loaded checkpoint: /home/hpc/vlbi/vlbi107v/hifi-gan/cp_hifigan/v1_c512/g_05540000 (53.239 MB)
Generator parameters: 13,926,017
generated_audios/generated_H3_512C_pruned0/61-70968-0004_generated.wav | RTF: 0.2983(1.159s / 3.885s)
generated_audios/generated_H3_512C_pruned0/61-70968-0019_generated.wav | RTF: 0.2876(1.575s / 5.475s)
generated_audios/generated_H3_512C_pruned0/61-70968-0014_generated.wav | RTF: 0.3046(2.280s / 7.485s)
generated_audios/generated_H3_512C_pruned0/61-70968-0001_generated.wav | RTF: 0.2802(1.012s / 3.610s)
generated_audios/generated_H3_512C_pruned0/61-70968-0015_generated.wav | RTF: 0.2762(1.484s / 5.375s)
generated_audios/generated_H3_512C_pruned0/61-70968-0009_generated.wav | RTF: 0.2815(1.270s / 4.510s)
generated_audios/generated_H3_512C_pruned0/61-70968-0011_generated.wav | RTF: 0.2956(1.884s / 6.375s)
generated_audios/generated_H3_512C_pruned0/61-70968-0017_generated.wav | RTF: 0.2804(1.433s / 5.110s)
generated_audios/generated_H3_512C_pruned0/61-70968-0007_generated.wav | RTF: 0.2836(1.007s / 3.550s)
generated_audios/generated_H3_512C_pruned0/61-70968-0016_generated.wav | RTF: 0.2833(1.054s / 3.720s)
generated_audios/generated_H3_512C_pruned0/61-70968-0003_generated.wav | RTF: 0.2786(1.202s / 4.315s)
generated_audios/generated_H3_512C_pruned0/61-70968-0005_generated.wav | RTF: 0.2912(1.476s / 5.070s)
generated_audios/generated_H3_512C_pruned0/61-70968-0006_generated.wav | RTF: 0.2812(0.825s / 2.935s)
generated_audios/generated_H3_512C_pruned0/61-70968-0008_generated.wav | RTF: 0.2851(1.008s / 3.535s)
generated_audios/generated_H3_512C_pruned0/61-70968-0000_generated.wav | RTF: 0.2890(1.418s / 4.905s)
generated_audios/generated_H3_512C_pruned0/61-70968-0013_generated.wav | RTF: 0.2847(1.267s / 4.450s)
generated_audios/generated_H3_512C_pruned0/61-70968-0002_generated.wav | RTF: 0.2761(0.820s / 2.970s)
generated_audios/generated_H3_512C_pruned0/61-70968-0018_generated.wav | RTF: 0.2732(0.657s / 2.405s)
generated_audios/generated_H3_512C_pruned0/61-70968-0010_generated.wav | RTF: 0.3118(2.586s / 8.295s)
generated_audios/generated_H3_512C_pruned0/61-70968-0012_generated.wav | RTF: 0.2847(0.743s / 2.610s)
Average RTF: 0.2888(26.160s / 90.585s)
Evaluation summary:
  Mel-spectrogram L1: 0.209237
  PESQ: 2.616190
  STOI: 0.955341

Appended metrics to CSV: experiments_results.csv
========== H3: pruning 30% ==========
Initializing Inference Process..
Using device: cpu (baseline and quantized inference both run on CPU)
Loading '/home/hpc/vlbi/vlbi107v/hifi-gan/cp_hifigan/v1_c512/g_05540000'
Complete.
Removing weight norm...
Applying structured pruning with ratio 0.30...
Skipping ConvTranspose1d pruning for ups.0
Skipping ConvTranspose1d pruning for ups.1
Skipping ConvTranspose1d pruning for ups.2
Skipping ConvTranspose1d pruning for ups.3
Pruning resblocks.0.convs1.0 (Conv1d): out_channels=256, dim=0, amount=0.3
Done pruning resblocks.0.convs1.0 (Conv1d)
Pruning resblocks.0.convs1.1 (Conv1d): out_channels=256, dim=0, amount=0.3
Done pruning resblocks.0.convs1.1 (Conv1d)
Pruning resblocks.0.convs1.2 (Conv1d): out_channels=256, dim=0, amount=0.3
Done pruning resblocks.0.convs1.2 (Conv1d)
Pruning resblocks.0.convs2.0 (Conv1d): out_channels=256, dim=0, amount=0.3
Done pruning resblocks.0.convs2.0 (Conv1d)
Pruning resblocks.0.convs2.1 (Conv1d): out_channels=256, dim=0, amount=0.3
Done pruning resblocks.0.convs2.1 (Conv1d)
Pruning resblocks.0.convs2.2 (Conv1d): out_channels=256, dim=0, amount=0.3
Done pruning resblocks.0.convs2.2 (Conv1d)
Pruning resblocks.1.convs1.0 (Conv1d): out_channels=256, dim=0, amount=0.3
Done pruning resblocks.1.convs1.0 (Conv1d)
Pruning resblocks.1.convs1.1 (Conv1d): out_channels=256, dim=0, amount=0.3
Done pruning resblocks.1.convs1.1 (Conv1d)
Pruning resblocks.1.convs1.2 (Conv1d): out_channels=256, dim=0, amount=0.3
Done pruning resblocks.1.convs1.2 (Conv1d)
Pruning resblocks.1.convs2.0 (Conv1d): out_channels=256, dim=0, amount=0.3
Done pruning resblocks.1.convs2.0 (Conv1d)
Pruning resblocks.1.convs2.1 (Conv1d): out_channels=256, dim=0, amount=0.3
Done pruning resblocks.1.convs2.1 (Conv1d)
Pruning resblocks.1.convs2.2 (Conv1d): out_channels=256, dim=0, amount=0.3
Done pruning resblocks.1.convs2.2 (Conv1d)
Pruning resblocks.2.convs1.0 (Conv1d): out_channels=256, dim=0, amount=0.3
Done pruning resblocks.2.convs1.0 (Conv1d)
Pruning resblocks.2.convs1.1 (Conv1d): out_channels=256, dim=0, amount=0.3
Done pruning resblocks.2.convs1.1 (Conv1d)
Pruning resblocks.2.convs1.2 (Conv1d): out_channels=256, dim=0, amount=0.3
Done pruning resblocks.2.convs1.2 (Conv1d)
Pruning resblocks.2.convs2.0 (Conv1d): out_channels=256, dim=0, amount=0.3
Done pruning resblocks.2.convs2.0 (Conv1d)
Pruning resblocks.2.convs2.1 (Conv1d): out_channels=256, dim=0, amount=0.3
Done pruning resblocks.2.convs2.1 (Conv1d)
Pruning resblocks.2.convs2.2 (Conv1d): out_channels=256, dim=0, amount=0.3
Done pruning resblocks.2.convs2.2 (Conv1d)
Pruning resblocks.3.convs1.0 (Conv1d): out_channels=128, dim=0, amount=0.3
Done pruning resblocks.3.convs1.0 (Conv1d)
Pruning resblocks.3.convs1.1 (Conv1d): out_channels=128, dim=0, amount=0.3
Done pruning resblocks.3.convs1.1 (Conv1d)
Pruning resblocks.3.convs1.2 (Conv1d): out_channels=128, dim=0, amount=0.3
Done pruning resblocks.3.convs1.2 (Conv1d)
Pruning resblocks.3.convs2.0 (Conv1d): out_channels=128, dim=0, amount=0.3
Done pruning resblocks.3.convs2.0 (Conv1d)
Pruning resblocks.3.convs2.1 (Conv1d): out_channels=128, dim=0, amount=0.3
Done pruning resblocks.3.convs2.1 (Conv1d)
Pruning resblocks.3.convs2.2 (Conv1d): out_channels=128, dim=0, amount=0.3
Done pruning resblocks.3.convs2.2 (Conv1d)
Pruning resblocks.4.convs1.0 (Conv1d): out_channels=128, dim=0, amount=0.3
Done pruning resblocks.4.convs1.0 (Conv1d)
Pruning resblocks.4.convs1.1 (Conv1d): out_channels=128, dim=0, amount=0.3
Done pruning resblocks.4.convs1.1 (Conv1d)
Pruning resblocks.4.convs1.2 (Conv1d): out_channels=128, dim=0, amount=0.3
Done pruning resblocks.4.convs1.2 (Conv1d)
Pruning resblocks.4.convs2.0 (Conv1d): out_channels=128, dim=0, amount=0.3
Done pruning resblocks.4.convs2.0 (Conv1d)
Pruning resblocks.4.convs2.1 (Conv1d): out_channels=128, dim=0, amount=0.3
Done pruning resblocks.4.convs2.1 (Conv1d)
Pruning resblocks.4.convs2.2 (Conv1d): out_channels=128, dim=0, amount=0.3
Done pruning resblocks.4.convs2.2 (Conv1d)
Pruning resblocks.5.convs1.0 (Conv1d): out_channels=128, dim=0, amount=0.3
Done pruning resblocks.5.convs1.0 (Conv1d)
Pruning resblocks.5.convs1.1 (Conv1d): out_channels=128, dim=0, amount=0.3
Done pruning resblocks.5.convs1.1 (Conv1d)
Pruning resblocks.5.convs1.2 (Conv1d): out_channels=128, dim=0, amount=0.3
Done pruning resblocks.5.convs1.2 (Conv1d)
Pruning resblocks.5.convs2.0 (Conv1d): out_channels=128, dim=0, amount=0.3
Done pruning resblocks.5.convs2.0 (Conv1d)
Pruning resblocks.5.convs2.1 (Conv1d): out_channels=128, dim=0, amount=0.3
Done pruning resblocks.5.convs2.1 (Conv1d)
Pruning resblocks.5.convs2.2 (Conv1d): out_channels=128, dim=0, amount=0.3
Done pruning resblocks.5.convs2.2 (Conv1d)
Pruning resblocks.6.convs1.0 (Conv1d): out_channels=64, dim=0, amount=0.3
Done pruning resblocks.6.convs1.0 (Conv1d)
Pruning resblocks.6.convs1.1 (Conv1d): out_channels=64, dim=0, amount=0.3
Done pruning resblocks.6.convs1.1 (Conv1d)
Pruning resblocks.6.convs1.2 (Conv1d): out_channels=64, dim=0, amount=0.3
Done pruning resblocks.6.convs1.2 (Conv1d)
Pruning resblocks.6.convs2.0 (Conv1d): out_channels=64, dim=0, amount=0.3
Done pruning resblocks.6.convs2.0 (Conv1d)
Pruning resblocks.6.convs2.1 (Conv1d): out_channels=64, dim=0, amount=0.3
Done pruning resblocks.6.convs2.1 (Conv1d)
Pruning resblocks.6.convs2.2 (Conv1d): out_channels=64, dim=0, amount=0.3
Done pruning resblocks.6.convs2.2 (Conv1d)
Pruning resblocks.7.convs1.0 (Conv1d): out_channels=64, dim=0, amount=0.3
Done pruning resblocks.7.convs1.0 (Conv1d)
Pruning resblocks.7.convs1.1 (Conv1d): out_channels=64, dim=0, amount=0.3
Done pruning resblocks.7.convs1.1 (Conv1d)
Pruning resblocks.7.convs1.2 (Conv1d): out_channels=64, dim=0, amount=0.3
Done pruning resblocks.7.convs1.2 (Conv1d)
Pruning resblocks.7.convs2.0 (Conv1d): out_channels=64, dim=0, amount=0.3
Done pruning resblocks.7.convs2.0 (Conv1d)
Pruning resblocks.7.convs2.1 (Conv1d): out_channels=64, dim=0, amount=0.3
Done pruning resblocks.7.convs2.1 (Conv1d)
Pruning resblocks.7.convs2.2 (Conv1d): out_channels=64, dim=0, amount=0.3
Done pruning resblocks.7.convs2.2 (Conv1d)
Pruning resblocks.8.convs1.0 (Conv1d): out_channels=64, dim=0, amount=0.3
Done pruning resblocks.8.convs1.0 (Conv1d)
Pruning resblocks.8.convs1.1 (Conv1d): out_channels=64, dim=0, amount=0.3
Done pruning resblocks.8.convs1.1 (Conv1d)
Pruning resblocks.8.convs1.2 (Conv1d): out_channels=64, dim=0, amount=0.3
Done pruning resblocks.8.convs1.2 (Conv1d)
Pruning resblocks.8.convs2.0 (Conv1d): out_channels=64, dim=0, amount=0.3
Done pruning resblocks.8.convs2.0 (Conv1d)
Pruning resblocks.8.convs2.1 (Conv1d): out_channels=64, dim=0, amount=0.3
Done pruning resblocks.8.convs2.1 (Conv1d)
Pruning resblocks.8.convs2.2 (Conv1d): out_channels=64, dim=0, amount=0.3
Done pruning resblocks.8.convs2.2 (Conv1d)
Pruning resblocks.9.convs1.0 (Conv1d): out_channels=32, dim=0, amount=0.3
Done pruning resblocks.9.convs1.0 (Conv1d)
Pruning resblocks.9.convs1.1 (Conv1d): out_channels=32, dim=0, amount=0.3
Done pruning resblocks.9.convs1.1 (Conv1d)
Pruning resblocks.9.convs1.2 (Conv1d): out_channels=32, dim=0, amount=0.3
Done pruning resblocks.9.convs1.2 (Conv1d)
Pruning resblocks.9.convs2.0 (Conv1d): out_channels=32, dim=0, amount=0.3
Done pruning resblocks.9.convs2.0 (Conv1d)
Pruning resblocks.9.convs2.1 (Conv1d): out_channels=32, dim=0, amount=0.3
Done pruning resblocks.9.convs2.1 (Conv1d)
Pruning resblocks.9.convs2.2 (Conv1d): out_channels=32, dim=0, amount=0.3
Done pruning resblocks.9.convs2.2 (Conv1d)
Pruning resblocks.10.convs1.0 (Conv1d): out_channels=32, dim=0, amount=0.3
Done pruning resblocks.10.convs1.0 (Conv1d)
Pruning resblocks.10.convs1.1 (Conv1d): out_channels=32, dim=0, amount=0.3
Done pruning resblocks.10.convs1.1 (Conv1d)
Pruning resblocks.10.convs1.2 (Conv1d): out_channels=32, dim=0, amount=0.3
Done pruning resblocks.10.convs1.2 (Conv1d)
Pruning resblocks.10.convs2.0 (Conv1d): out_channels=32, dim=0, amount=0.3
Done pruning resblocks.10.convs2.0 (Conv1d)
Pruning resblocks.10.convs2.1 (Conv1d): out_channels=32, dim=0, amount=0.3
Done pruning resblocks.10.convs2.1 (Conv1d)
Pruning resblocks.10.convs2.2 (Conv1d): out_channels=32, dim=0, amount=0.3
Done pruning resblocks.10.convs2.2 (Conv1d)
Pruning resblocks.11.convs1.0 (Conv1d): out_channels=32, dim=0, amount=0.3
Done pruning resblocks.11.convs1.0 (Conv1d)
Pruning resblocks.11.convs1.1 (Conv1d): out_channels=32, dim=0, amount=0.3
Done pruning resblocks.11.convs1.1 (Conv1d)
Pruning resblocks.11.convs1.2 (Conv1d): out_channels=32, dim=0, amount=0.3
Done pruning resblocks.11.convs1.2 (Conv1d)
Pruning resblocks.11.convs2.0 (Conv1d): out_channels=32, dim=0, amount=0.3
Done pruning resblocks.11.convs2.0 (Conv1d)
Pruning resblocks.11.convs2.1 (Conv1d): out_channels=32, dim=0, amount=0.3
Done pruning resblocks.11.convs2.1 (Conv1d)
Pruning resblocks.11.convs2.2 (Conv1d): out_channels=32, dim=0, amount=0.3
Done pruning resblocks.11.convs2.2 (Conv1d)
Loaded checkpoint: /home/hpc/vlbi/vlbi107v/hifi-gan/cp_hifigan/v1_c512/g_05540000 (53.239 MB)
Generator parameters: 13,926,017
generated_audios/generated_H3_512C_pruned30/61-70968-0004_generated.wav | RTF: 0.2928(1.137s / 3.885s)
generated_audios/generated_H3_512C_pruned30/61-70968-0019_generated.wav | RTF: 0.2836(1.553s / 5.475s)
generated_audios/generated_H3_512C_pruned30/61-70968-0014_generated.wav | RTF: 0.3051(2.283s / 7.485s)
generated_audios/generated_H3_512C_pruned30/61-70968-0001_generated.wav | RTF: 0.2769(1.000s / 3.610s)
generated_audios/generated_H3_512C_pruned30/61-70968-0015_generated.wav | RTF: 0.2817(1.514s / 5.375s)
generated_audios/generated_H3_512C_pruned30/61-70968-0009_generated.wav | RTF: 0.2778(1.253s / 4.510s)
generated_audios/generated_H3_512C_pruned30/61-70968-0011_generated.wav | RTF: 0.2976(1.897s / 6.375s)
generated_audios/generated_H3_512C_pruned30/61-70968-0017_generated.wav | RTF: 0.2766(1.414s / 5.110s)
generated_audios/generated_H3_512C_pruned30/61-70968-0007_generated.wav | RTF: 0.2759(0.979s / 3.550s)
generated_audios/generated_H3_512C_pruned30/61-70968-0016_generated.wav | RTF: 0.2780(1.034s / 3.720s)
generated_audios/generated_H3_512C_pruned30/61-70968-0003_generated.wav | RTF: 0.2802(1.209s / 4.315s)
generated_audios/generated_H3_512C_pruned30/61-70968-0005_generated.wav | RTF: 0.3060(1.552s / 5.070s)
generated_audios/generated_H3_512C_pruned30/61-70968-0006_generated.wav | RTF: 0.2713(0.796s / 2.935s)
generated_audios/generated_H3_512C_pruned30/61-70968-0008_generated.wav | RTF: 0.2779(0.982s / 3.535s)
generated_audios/generated_H3_512C_pruned30/61-70968-0000_generated.wav | RTF: 0.2873(1.409s / 4.905s)
generated_audios/generated_H3_512C_pruned30/61-70968-0013_generated.wav | RTF: 0.2889(1.286s / 4.450s)
generated_audios/generated_H3_512C_pruned30/61-70968-0002_generated.wav | RTF: 0.2753(0.818s / 2.970s)
generated_audios/generated_H3_512C_pruned30/61-70968-0018_generated.wav | RTF: 0.2702(0.650s / 2.405s)
generated_audios/generated_H3_512C_pruned30/61-70968-0010_generated.wav | RTF: 0.3216(2.668s / 8.295s)
generated_audios/generated_H3_512C_pruned30/61-70968-0012_generated.wav | RTF: 0.2799(0.731s / 2.610s)
Average RTF: 0.2888(26.165s / 90.585s)
Evaluation summary:
  Mel-spectrogram L1: 2.343034
  PESQ: 1.033554
  STOI: 0.566858

Appended metrics to CSV: experiments_results.csv
========== H3: pruning 50% ==========
Initializing Inference Process..
Using device: cpu (baseline and quantized inference both run on CPU)
Loading '/home/hpc/vlbi/vlbi107v/hifi-gan/cp_hifigan/v1_c512/g_05540000'
Complete.
Removing weight norm...
Applying structured pruning with ratio 0.50...
Skipping ConvTranspose1d pruning for ups.0
Skipping ConvTranspose1d pruning for ups.1
Skipping ConvTranspose1d pruning for ups.2
Skipping ConvTranspose1d pruning for ups.3
Pruning resblocks.0.convs1.0 (Conv1d): out_channels=256, dim=0, amount=0.5
Done pruning resblocks.0.convs1.0 (Conv1d)
Pruning resblocks.0.convs1.1 (Conv1d): out_channels=256, dim=0, amount=0.5
Done pruning resblocks.0.convs1.1 (Conv1d)
Pruning resblocks.0.convs1.2 (Conv1d): out_channels=256, dim=0, amount=0.5
Done pruning resblocks.0.convs1.2 (Conv1d)
Pruning resblocks.0.convs2.0 (Conv1d): out_channels=256, dim=0, amount=0.5
Done pruning resblocks.0.convs2.0 (Conv1d)
Pruning resblocks.0.convs2.1 (Conv1d): out_channels=256, dim=0, amount=0.5
Done pruning resblocks.0.convs2.1 (Conv1d)
Pruning resblocks.0.convs2.2 (Conv1d): out_channels=256, dim=0, amount=0.5
Done pruning resblocks.0.convs2.2 (Conv1d)
Pruning resblocks.1.convs1.0 (Conv1d): out_channels=256, dim=0, amount=0.5
Done pruning resblocks.1.convs1.0 (Conv1d)
Pruning resblocks.1.convs1.1 (Conv1d): out_channels=256, dim=0, amount=0.5
Done pruning resblocks.1.convs1.1 (Conv1d)
Pruning resblocks.1.convs1.2 (Conv1d): out_channels=256, dim=0, amount=0.5
Done pruning resblocks.1.convs1.2 (Conv1d)
Pruning resblocks.1.convs2.0 (Conv1d): out_channels=256, dim=0, amount=0.5
Done pruning resblocks.1.convs2.0 (Conv1d)
Pruning resblocks.1.convs2.1 (Conv1d): out_channels=256, dim=0, amount=0.5
Done pruning resblocks.1.convs2.1 (Conv1d)
Pruning resblocks.1.convs2.2 (Conv1d): out_channels=256, dim=0, amount=0.5
Done pruning resblocks.1.convs2.2 (Conv1d)
Pruning resblocks.2.convs1.0 (Conv1d): out_channels=256, dim=0, amount=0.5
Done pruning resblocks.2.convs1.0 (Conv1d)
Pruning resblocks.2.convs1.1 (Conv1d): out_channels=256, dim=0, amount=0.5
Done pruning resblocks.2.convs1.1 (Conv1d)
Pruning resblocks.2.convs1.2 (Conv1d): out_channels=256, dim=0, amount=0.5
Done pruning resblocks.2.convs1.2 (Conv1d)
Pruning resblocks.2.convs2.0 (Conv1d): out_channels=256, dim=0, amount=0.5
Done pruning resblocks.2.convs2.0 (Conv1d)
Pruning resblocks.2.convs2.1 (Conv1d): out_channels=256, dim=0, amount=0.5
Done pruning resblocks.2.convs2.1 (Conv1d)
Pruning resblocks.2.convs2.2 (Conv1d): out_channels=256, dim=0, amount=0.5
Done pruning resblocks.2.convs2.2 (Conv1d)
Pruning resblocks.3.convs1.0 (Conv1d): out_channels=128, dim=0, amount=0.5
Done pruning resblocks.3.convs1.0 (Conv1d)
Pruning resblocks.3.convs1.1 (Conv1d): out_channels=128, dim=0, amount=0.5
Done pruning resblocks.3.convs1.1 (Conv1d)
Pruning resblocks.3.convs1.2 (Conv1d): out_channels=128, dim=0, amount=0.5
Done pruning resblocks.3.convs1.2 (Conv1d)
Pruning resblocks.3.convs2.0 (Conv1d): out_channels=128, dim=0, amount=0.5
Done pruning resblocks.3.convs2.0 (Conv1d)
Pruning resblocks.3.convs2.1 (Conv1d): out_channels=128, dim=0, amount=0.5
Done pruning resblocks.3.convs2.1 (Conv1d)
Pruning resblocks.3.convs2.2 (Conv1d): out_channels=128, dim=0, amount=0.5
Done pruning resblocks.3.convs2.2 (Conv1d)
Pruning resblocks.4.convs1.0 (Conv1d): out_channels=128, dim=0, amount=0.5
Done pruning resblocks.4.convs1.0 (Conv1d)
Pruning resblocks.4.convs1.1 (Conv1d): out_channels=128, dim=0, amount=0.5
Done pruning resblocks.4.convs1.1 (Conv1d)
Pruning resblocks.4.convs1.2 (Conv1d): out_channels=128, dim=0, amount=0.5
Done pruning resblocks.4.convs1.2 (Conv1d)
Pruning resblocks.4.convs2.0 (Conv1d): out_channels=128, dim=0, amount=0.5
Done pruning resblocks.4.convs2.0 (Conv1d)
Pruning resblocks.4.convs2.1 (Conv1d): out_channels=128, dim=0, amount=0.5
Done pruning resblocks.4.convs2.1 (Conv1d)
Pruning resblocks.4.convs2.2 (Conv1d): out_channels=128, dim=0, amount=0.5
Done pruning resblocks.4.convs2.2 (Conv1d)
Pruning resblocks.5.convs1.0 (Conv1d): out_channels=128, dim=0, amount=0.5
Done pruning resblocks.5.convs1.0 (Conv1d)
Pruning resblocks.5.convs1.1 (Conv1d): out_channels=128, dim=0, amount=0.5
Done pruning resblocks.5.convs1.1 (Conv1d)
Pruning resblocks.5.convs1.2 (Conv1d): out_channels=128, dim=0, amount=0.5
Done pruning resblocks.5.convs1.2 (Conv1d)
Pruning resblocks.5.convs2.0 (Conv1d): out_channels=128, dim=0, amount=0.5
Done pruning resblocks.5.convs2.0 (Conv1d)
Pruning resblocks.5.convs2.1 (Conv1d): out_channels=128, dim=0, amount=0.5
Done pruning resblocks.5.convs2.1 (Conv1d)
Pruning resblocks.5.convs2.2 (Conv1d): out_channels=128, dim=0, amount=0.5
Done pruning resblocks.5.convs2.2 (Conv1d)
Pruning resblocks.6.convs1.0 (Conv1d): out_channels=64, dim=0, amount=0.5
Done pruning resblocks.6.convs1.0 (Conv1d)
Pruning resblocks.6.convs1.1 (Conv1d): out_channels=64, dim=0, amount=0.5
Done pruning resblocks.6.convs1.1 (Conv1d)
Pruning resblocks.6.convs1.2 (Conv1d): out_channels=64, dim=0, amount=0.5
Done pruning resblocks.6.convs1.2 (Conv1d)
Pruning resblocks.6.convs2.0 (Conv1d): out_channels=64, dim=0, amount=0.5
Done pruning resblocks.6.convs2.0 (Conv1d)
Pruning resblocks.6.convs2.1 (Conv1d): out_channels=64, dim=0, amount=0.5
Done pruning resblocks.6.convs2.1 (Conv1d)
Pruning resblocks.6.convs2.2 (Conv1d): out_channels=64, dim=0, amount=0.5
Done pruning resblocks.6.convs2.2 (Conv1d)
Pruning resblocks.7.convs1.0 (Conv1d): out_channels=64, dim=0, amount=0.5
Done pruning resblocks.7.convs1.0 (Conv1d)
Pruning resblocks.7.convs1.1 (Conv1d): out_channels=64, dim=0, amount=0.5
Done pruning resblocks.7.convs1.1 (Conv1d)
Pruning resblocks.7.convs1.2 (Conv1d): out_channels=64, dim=0, amount=0.5
Done pruning resblocks.7.convs1.2 (Conv1d)
Pruning resblocks.7.convs2.0 (Conv1d): out_channels=64, dim=0, amount=0.5
Done pruning resblocks.7.convs2.0 (Conv1d)
Pruning resblocks.7.convs2.1 (Conv1d): out_channels=64, dim=0, amount=0.5
Done pruning resblocks.7.convs2.1 (Conv1d)
Pruning resblocks.7.convs2.2 (Conv1d): out_channels=64, dim=0, amount=0.5
Done pruning resblocks.7.convs2.2 (Conv1d)
Pruning resblocks.8.convs1.0 (Conv1d): out_channels=64, dim=0, amount=0.5
Done pruning resblocks.8.convs1.0 (Conv1d)
Pruning resblocks.8.convs1.1 (Conv1d): out_channels=64, dim=0, amount=0.5
Done pruning resblocks.8.convs1.1 (Conv1d)
Pruning resblocks.8.convs1.2 (Conv1d): out_channels=64, dim=0, amount=0.5
Done pruning resblocks.8.convs1.2 (Conv1d)
Pruning resblocks.8.convs2.0 (Conv1d): out_channels=64, dim=0, amount=0.5
Done pruning resblocks.8.convs2.0 (Conv1d)
Pruning resblocks.8.convs2.1 (Conv1d): out_channels=64, dim=0, amount=0.5
Done pruning resblocks.8.convs2.1 (Conv1d)
Pruning resblocks.8.convs2.2 (Conv1d): out_channels=64, dim=0, amount=0.5
Done pruning resblocks.8.convs2.2 (Conv1d)
Pruning resblocks.9.convs1.0 (Conv1d): out_channels=32, dim=0, amount=0.5
Done pruning resblocks.9.convs1.0 (Conv1d)
Pruning resblocks.9.convs1.1 (Conv1d): out_channels=32, dim=0, amount=0.5
Done pruning resblocks.9.convs1.1 (Conv1d)
Pruning resblocks.9.convs1.2 (Conv1d): out_channels=32, dim=0, amount=0.5
Done pruning resblocks.9.convs1.2 (Conv1d)
Pruning resblocks.9.convs2.0 (Conv1d): out_channels=32, dim=0, amount=0.5
Done pruning resblocks.9.convs2.0 (Conv1d)
Pruning resblocks.9.convs2.1 (Conv1d): out_channels=32, dim=0, amount=0.5
Done pruning resblocks.9.convs2.1 (Conv1d)
Pruning resblocks.9.convs2.2 (Conv1d): out_channels=32, dim=0, amount=0.5
Done pruning resblocks.9.convs2.2 (Conv1d)
Pruning resblocks.10.convs1.0 (Conv1d): out_channels=32, dim=0, amount=0.5
Done pruning resblocks.10.convs1.0 (Conv1d)
Pruning resblocks.10.convs1.1 (Conv1d): out_channels=32, dim=0, amount=0.5
Done pruning resblocks.10.convs1.1 (Conv1d)
Pruning resblocks.10.convs1.2 (Conv1d): out_channels=32, dim=0, amount=0.5
Done pruning resblocks.10.convs1.2 (Conv1d)
Pruning resblocks.10.convs2.0 (Conv1d): out_channels=32, dim=0, amount=0.5
Done pruning resblocks.10.convs2.0 (Conv1d)
Pruning resblocks.10.convs2.1 (Conv1d): out_channels=32, dim=0, amount=0.5
Done pruning resblocks.10.convs2.1 (Conv1d)
Pruning resblocks.10.convs2.2 (Conv1d): out_channels=32, dim=0, amount=0.5
Done pruning resblocks.10.convs2.2 (Conv1d)
Pruning resblocks.11.convs1.0 (Conv1d): out_channels=32, dim=0, amount=0.5
Done pruning resblocks.11.convs1.0 (Conv1d)
Pruning resblocks.11.convs1.1 (Conv1d): out_channels=32, dim=0, amount=0.5
Done pruning resblocks.11.convs1.1 (Conv1d)
Pruning resblocks.11.convs1.2 (Conv1d): out_channels=32, dim=0, amount=0.5
Done pruning resblocks.11.convs1.2 (Conv1d)
Pruning resblocks.11.convs2.0 (Conv1d): out_channels=32, dim=0, amount=0.5
Done pruning resblocks.11.convs2.0 (Conv1d)
Pruning resblocks.11.convs2.1 (Conv1d): out_channels=32, dim=0, amount=0.5
Done pruning resblocks.11.convs2.1 (Conv1d)
Pruning resblocks.11.convs2.2 (Conv1d): out_channels=32, dim=0, amount=0.5
Done pruning resblocks.11.convs2.2 (Conv1d)
Loaded checkpoint: /home/hpc/vlbi/vlbi107v/hifi-gan/cp_hifigan/v1_c512/g_05540000 (53.239 MB)
Generator parameters: 13,926,017
generated_audios/generated_H3_512C_pruned50/61-70968-0004_generated.wav | RTF: 0.2974(1.155s / 3.885s)
generated_audios/generated_H3_512C_pruned50/61-70968-0019_generated.wav | RTF: 0.3073(1.683s / 5.475s)
generated_audios/generated_H3_512C_pruned50/61-70968-0014_generated.wav | RTF: 0.3109(2.327s / 7.485s)
generated_audios/generated_H3_512C_pruned50/61-70968-0001_generated.wav | RTF: 0.2781(1.004s / 3.610s)
generated_audios/generated_H3_512C_pruned50/61-70968-0015_generated.wav | RTF: 0.2773(1.491s / 5.375s)
generated_audios/generated_H3_512C_pruned50/61-70968-0009_generated.wav | RTF: 0.2777(1.252s / 4.510s)
generated_audios/generated_H3_512C_pruned50/61-70968-0011_generated.wav | RTF: 0.3033(1.934s / 6.375s)
generated_audios/generated_H3_512C_pruned50/61-70968-0017_generated.wav | RTF: 0.2895(1.479s / 5.110s)
generated_audios/generated_H3_512C_pruned50/61-70968-0007_generated.wav | RTF: 0.2783(0.988s / 3.550s)
generated_audios/generated_H3_512C_pruned50/61-70968-0016_generated.wav | RTF: 0.2798(1.041s / 3.720s)
generated_audios/generated_H3_512C_pruned50/61-70968-0003_generated.wav | RTF: 0.2804(1.210s / 4.315s)
generated_audios/generated_H3_512C_pruned50/61-70968-0005_generated.wav | RTF: 0.2890(1.465s / 5.070s)
generated_audios/generated_H3_512C_pruned50/61-70968-0006_generated.wav | RTF: 0.2737(0.803s / 2.935s)
generated_audios/generated_H3_512C_pruned50/61-70968-0008_generated.wav | RTF: 0.2840(1.004s / 3.535s)
generated_audios/generated_H3_512C_pruned50/61-70968-0000_generated.wav | RTF: 0.2887(1.416s / 4.905s)
generated_audios/generated_H3_512C_pruned50/61-70968-0013_generated.wav | RTF: 0.2836(1.262s / 4.450s)
generated_audios/generated_H3_512C_pruned50/61-70968-0002_generated.wav | RTF: 0.2779(0.825s / 2.970s)
generated_audios/generated_H3_512C_pruned50/61-70968-0018_generated.wav | RTF: 0.2699(0.649s / 2.405s)
generated_audios/generated_H3_512C_pruned50/61-70968-0010_generated.wav | RTF: 0.3148(2.612s / 8.295s)
generated_audios/generated_H3_512C_pruned50/61-70968-0012_generated.wav | RTF: 0.2844(0.742s / 2.610s)
Average RTF: 0.2908(26.343s / 90.585s)
Evaluation summary:
  Mel-spectrogram L1: 2.305595
  PESQ: 1.167437
  STOI: 0.403759

Appended metrics to CSV: experiments_results.csv
========== H3: pruning 70% ==========
Initializing Inference Process..
Using device: cpu (baseline and quantized inference both run on CPU)
Loading '/home/hpc/vlbi/vlbi107v/hifi-gan/cp_hifigan/v1_c512/g_05540000'
Complete.
Removing weight norm...
Applying structured pruning with ratio 0.70...
Skipping ConvTranspose1d pruning for ups.0
Skipping ConvTranspose1d pruning for ups.1
Skipping ConvTranspose1d pruning for ups.2
Skipping ConvTranspose1d pruning for ups.3
Pruning resblocks.0.convs1.0 (Conv1d): out_channels=256, dim=0, amount=0.7
Done pruning resblocks.0.convs1.0 (Conv1d)
Pruning resblocks.0.convs1.1 (Conv1d): out_channels=256, dim=0, amount=0.7
Done pruning resblocks.0.convs1.1 (Conv1d)
Pruning resblocks.0.convs1.2 (Conv1d): out_channels=256, dim=0, amount=0.7
Done pruning resblocks.0.convs1.2 (Conv1d)
Pruning resblocks.0.convs2.0 (Conv1d): out_channels=256, dim=0, amount=0.7
Done pruning resblocks.0.convs2.0 (Conv1d)
Pruning resblocks.0.convs2.1 (Conv1d): out_channels=256, dim=0, amount=0.7
Done pruning resblocks.0.convs2.1 (Conv1d)
Pruning resblocks.0.convs2.2 (Conv1d): out_channels=256, dim=0, amount=0.7
Done pruning resblocks.0.convs2.2 (Conv1d)
Pruning resblocks.1.convs1.0 (Conv1d): out_channels=256, dim=0, amount=0.7
Done pruning resblocks.1.convs1.0 (Conv1d)
Pruning resblocks.1.convs1.1 (Conv1d): out_channels=256, dim=0, amount=0.7
Done pruning resblocks.1.convs1.1 (Conv1d)
Pruning resblocks.1.convs1.2 (Conv1d): out_channels=256, dim=0, amount=0.7
Done pruning resblocks.1.convs1.2 (Conv1d)
Pruning resblocks.1.convs2.0 (Conv1d): out_channels=256, dim=0, amount=0.7
Done pruning resblocks.1.convs2.0 (Conv1d)
Pruning resblocks.1.convs2.1 (Conv1d): out_channels=256, dim=0, amount=0.7
Done pruning resblocks.1.convs2.1 (Conv1d)
Pruning resblocks.1.convs2.2 (Conv1d): out_channels=256, dim=0, amount=0.7
Done pruning resblocks.1.convs2.2 (Conv1d)
Pruning resblocks.2.convs1.0 (Conv1d): out_channels=256, dim=0, amount=0.7
Done pruning resblocks.2.convs1.0 (Conv1d)
Pruning resblocks.2.convs1.1 (Conv1d): out_channels=256, dim=0, amount=0.7
Done pruning resblocks.2.convs1.1 (Conv1d)
Pruning resblocks.2.convs1.2 (Conv1d): out_channels=256, dim=0, amount=0.7
Done pruning resblocks.2.convs1.2 (Conv1d)
Pruning resblocks.2.convs2.0 (Conv1d): out_channels=256, dim=0, amount=0.7
Done pruning resblocks.2.convs2.0 (Conv1d)
Pruning resblocks.2.convs2.1 (Conv1d): out_channels=256, dim=0, amount=0.7
Done pruning resblocks.2.convs2.1 (Conv1d)
Pruning resblocks.2.convs2.2 (Conv1d): out_channels=256, dim=0, amount=0.7
Done pruning resblocks.2.convs2.2 (Conv1d)
Pruning resblocks.3.convs1.0 (Conv1d): out_channels=128, dim=0, amount=0.7
Done pruning resblocks.3.convs1.0 (Conv1d)
Pruning resblocks.3.convs1.1 (Conv1d): out_channels=128, dim=0, amount=0.7
Done pruning resblocks.3.convs1.1 (Conv1d)
Pruning resblocks.3.convs1.2 (Conv1d): out_channels=128, dim=0, amount=0.7
Done pruning resblocks.3.convs1.2 (Conv1d)
Pruning resblocks.3.convs2.0 (Conv1d): out_channels=128, dim=0, amount=0.7
Done pruning resblocks.3.convs2.0 (Conv1d)
Pruning resblocks.3.convs2.1 (Conv1d): out_channels=128, dim=0, amount=0.7
Done pruning resblocks.3.convs2.1 (Conv1d)
Pruning resblocks.3.convs2.2 (Conv1d): out_channels=128, dim=0, amount=0.7
Done pruning resblocks.3.convs2.2 (Conv1d)
Pruning resblocks.4.convs1.0 (Conv1d): out_channels=128, dim=0, amount=0.7
Done pruning resblocks.4.convs1.0 (Conv1d)
Pruning resblocks.4.convs1.1 (Conv1d): out_channels=128, dim=0, amount=0.7
Done pruning resblocks.4.convs1.1 (Conv1d)
Pruning resblocks.4.convs1.2 (Conv1d): out_channels=128, dim=0, amount=0.7
Done pruning resblocks.4.convs1.2 (Conv1d)
Pruning resblocks.4.convs2.0 (Conv1d): out_channels=128, dim=0, amount=0.7
Done pruning resblocks.4.convs2.0 (Conv1d)
Pruning resblocks.4.convs2.1 (Conv1d): out_channels=128, dim=0, amount=0.7
Done pruning resblocks.4.convs2.1 (Conv1d)
Pruning resblocks.4.convs2.2 (Conv1d): out_channels=128, dim=0, amount=0.7
Done pruning resblocks.4.convs2.2 (Conv1d)
Pruning resblocks.5.convs1.0 (Conv1d): out_channels=128, dim=0, amount=0.7
Done pruning resblocks.5.convs1.0 (Conv1d)
Pruning resblocks.5.convs1.1 (Conv1d): out_channels=128, dim=0, amount=0.7
Done pruning resblocks.5.convs1.1 (Conv1d)
Pruning resblocks.5.convs1.2 (Conv1d): out_channels=128, dim=0, amount=0.7
Done pruning resblocks.5.convs1.2 (Conv1d)
Pruning resblocks.5.convs2.0 (Conv1d): out_channels=128, dim=0, amount=0.7
Done pruning resblocks.5.convs2.0 (Conv1d)
Pruning resblocks.5.convs2.1 (Conv1d): out_channels=128, dim=0, amount=0.7
Done pruning resblocks.5.convs2.1 (Conv1d)
Pruning resblocks.5.convs2.2 (Conv1d): out_channels=128, dim=0, amount=0.7
Done pruning resblocks.5.convs2.2 (Conv1d)
Pruning resblocks.6.convs1.0 (Conv1d): out_channels=64, dim=0, amount=0.7
Done pruning resblocks.6.convs1.0 (Conv1d)
Pruning resblocks.6.convs1.1 (Conv1d): out_channels=64, dim=0, amount=0.7
Done pruning resblocks.6.convs1.1 (Conv1d)
Pruning resblocks.6.convs1.2 (Conv1d): out_channels=64, dim=0, amount=0.7
Done pruning resblocks.6.convs1.2 (Conv1d)
Pruning resblocks.6.convs2.0 (Conv1d): out_channels=64, dim=0, amount=0.7
Done pruning resblocks.6.convs2.0 (Conv1d)
Pruning resblocks.6.convs2.1 (Conv1d): out_channels=64, dim=0, amount=0.7
Done pruning resblocks.6.convs2.1 (Conv1d)
Pruning resblocks.6.convs2.2 (Conv1d): out_channels=64, dim=0, amount=0.7
Done pruning resblocks.6.convs2.2 (Conv1d)
Pruning resblocks.7.convs1.0 (Conv1d): out_channels=64, dim=0, amount=0.7
Done pruning resblocks.7.convs1.0 (Conv1d)
Pruning resblocks.7.convs1.1 (Conv1d): out_channels=64, dim=0, amount=0.7
Done pruning resblocks.7.convs1.1 (Conv1d)
Pruning resblocks.7.convs1.2 (Conv1d): out_channels=64, dim=0, amount=0.7
Done pruning resblocks.7.convs1.2 (Conv1d)
Pruning resblocks.7.convs2.0 (Conv1d): out_channels=64, dim=0, amount=0.7
Done pruning resblocks.7.convs2.0 (Conv1d)
Pruning resblocks.7.convs2.1 (Conv1d): out_channels=64, dim=0, amount=0.7
Done pruning resblocks.7.convs2.1 (Conv1d)
Pruning resblocks.7.convs2.2 (Conv1d): out_channels=64, dim=0, amount=0.7
Done pruning resblocks.7.convs2.2 (Conv1d)
Pruning resblocks.8.convs1.0 (Conv1d): out_channels=64, dim=0, amount=0.7
Done pruning resblocks.8.convs1.0 (Conv1d)
Pruning resblocks.8.convs1.1 (Conv1d): out_channels=64, dim=0, amount=0.7
Done pruning resblocks.8.convs1.1 (Conv1d)
Pruning resblocks.8.convs1.2 (Conv1d): out_channels=64, dim=0, amount=0.7
Done pruning resblocks.8.convs1.2 (Conv1d)
Pruning resblocks.8.convs2.0 (Conv1d): out_channels=64, dim=0, amount=0.7
Done pruning resblocks.8.convs2.0 (Conv1d)
Pruning resblocks.8.convs2.1 (Conv1d): out_channels=64, dim=0, amount=0.7
Done pruning resblocks.8.convs2.1 (Conv1d)
Pruning resblocks.8.convs2.2 (Conv1d): out_channels=64, dim=0, amount=0.7
Done pruning resblocks.8.convs2.2 (Conv1d)
Pruning resblocks.9.convs1.0 (Conv1d): out_channels=32, dim=0, amount=0.7
Done pruning resblocks.9.convs1.0 (Conv1d)
Pruning resblocks.9.convs1.1 (Conv1d): out_channels=32, dim=0, amount=0.7
Done pruning resblocks.9.convs1.1 (Conv1d)
Pruning resblocks.9.convs1.2 (Conv1d): out_channels=32, dim=0, amount=0.7
Done pruning resblocks.9.convs1.2 (Conv1d)
Pruning resblocks.9.convs2.0 (Conv1d): out_channels=32, dim=0, amount=0.7
Done pruning resblocks.9.convs2.0 (Conv1d)
Pruning resblocks.9.convs2.1 (Conv1d): out_channels=32, dim=0, amount=0.7
Done pruning resblocks.9.convs2.1 (Conv1d)
Pruning resblocks.9.convs2.2 (Conv1d): out_channels=32, dim=0, amount=0.7
Done pruning resblocks.9.convs2.2 (Conv1d)
Pruning resblocks.10.convs1.0 (Conv1d): out_channels=32, dim=0, amount=0.7
Done pruning resblocks.10.convs1.0 (Conv1d)
Pruning resblocks.10.convs1.1 (Conv1d): out_channels=32, dim=0, amount=0.7
Done pruning resblocks.10.convs1.1 (Conv1d)
Pruning resblocks.10.convs1.2 (Conv1d): out_channels=32, dim=0, amount=0.7
Done pruning resblocks.10.convs1.2 (Conv1d)
Pruning resblocks.10.convs2.0 (Conv1d): out_channels=32, dim=0, amount=0.7
Done pruning resblocks.10.convs2.0 (Conv1d)
Pruning resblocks.10.convs2.1 (Conv1d): out_channels=32, dim=0, amount=0.7
Done pruning resblocks.10.convs2.1 (Conv1d)
Pruning resblocks.10.convs2.2 (Conv1d): out_channels=32, dim=0, amount=0.7
Done pruning resblocks.10.convs2.2 (Conv1d)
Pruning resblocks.11.convs1.0 (Conv1d): out_channels=32, dim=0, amount=0.7
Done pruning resblocks.11.convs1.0 (Conv1d)
Pruning resblocks.11.convs1.1 (Conv1d): out_channels=32, dim=0, amount=0.7
Done pruning resblocks.11.convs1.1 (Conv1d)
Pruning resblocks.11.convs1.2 (Conv1d): out_channels=32, dim=0, amount=0.7
Done pruning resblocks.11.convs1.2 (Conv1d)
Pruning resblocks.11.convs2.0 (Conv1d): out_channels=32, dim=0, amount=0.7
Done pruning resblocks.11.convs2.0 (Conv1d)
Pruning resblocks.11.convs2.1 (Conv1d): out_channels=32, dim=0, amount=0.7
Done pruning resblocks.11.convs2.1 (Conv1d)
Pruning resblocks.11.convs2.2 (Conv1d): out_channels=32, dim=0, amount=0.7
Done pruning resblocks.11.convs2.2 (Conv1d)
Loaded checkpoint: /home/hpc/vlbi/vlbi107v/hifi-gan/cp_hifigan/v1_c512/g_05540000 (53.239 MB)
Generator parameters: 13,926,017
generated_audios/generated_H3_512C_pruned70/61-70968-0004_generated.wav | RTF: 0.2978(1.157s / 3.885s)
generated_audios/generated_H3_512C_pruned70/61-70968-0019_generated.wav | RTF: 0.2873(1.573s / 5.475s)
generated_audios/generated_H3_512C_pruned70/61-70968-0014_generated.wav | RTF: 0.3057(2.288s / 7.485s)
generated_audios/generated_H3_512C_pruned70/61-70968-0001_generated.wav | RTF: 0.2745(0.991s / 3.610s)
generated_audios/generated_H3_512C_pruned70/61-70968-0015_generated.wav | RTF: 0.2779(1.494s / 5.375s)
generated_audios/generated_H3_512C_pruned70/61-70968-0009_generated.wav | RTF: 0.2864(1.292s / 4.510s)
generated_audios/generated_H3_512C_pruned70/61-70968-0011_generated.wav | RTF: 0.2930(1.868s / 6.375s)
generated_audios/generated_H3_512C_pruned70/61-70968-0017_generated.wav | RTF: 0.2792(1.427s / 5.110s)
generated_audios/generated_H3_512C_pruned70/61-70968-0007_generated.wav | RTF: 0.2792(0.991s / 3.550s)
generated_audios/generated_H3_512C_pruned70/61-70968-0016_generated.wav | RTF: 0.2794(1.040s / 3.720s)
generated_audios/generated_H3_512C_pruned70/61-70968-0003_generated.wav | RTF: 0.2750(1.186s / 4.315s)
generated_audios/generated_H3_512C_pruned70/61-70968-0005_generated.wav | RTF: 0.2823(1.431s / 5.070s)
generated_audios/generated_H3_512C_pruned70/61-70968-0006_generated.wav | RTF: 0.2763(0.811s / 2.935s)
generated_audios/generated_H3_512C_pruned70/61-70968-0008_generated.wav | RTF: 0.2781(0.983s / 3.535s)
generated_audios/generated_H3_512C_pruned70/61-70968-0000_generated.wav | RTF: 0.2876(1.410s / 4.905s)
generated_audios/generated_H3_512C_pruned70/61-70968-0013_generated.wav | RTF: 0.2879(1.281s / 4.450s)
generated_audios/generated_H3_512C_pruned70/61-70968-0002_generated.wav | RTF: 0.2758(0.819s / 2.970s)
generated_audios/generated_H3_512C_pruned70/61-70968-0018_generated.wav | RTF: 0.2665(0.641s / 2.405s)
generated_audios/generated_H3_512C_pruned70/61-70968-0010_generated.wav | RTF: 0.3166(2.627s / 8.295s)
generated_audios/generated_H3_512C_pruned70/61-70968-0012_generated.wav | RTF: 0.2816(0.735s / 2.610s)
Average RTF: 0.2875(26.045s / 90.585s)
Evaluation summary:
  Mel-spectrogram L1: 3.457367
  PESQ: 1.185285
  STOI: 0.283587

Appended metrics to CSV: experiments_results.csv
========== H4: pruning 30% + quantize ==========
Initializing Inference Process..
Using device: cpu (baseline and quantized inference both run on CPU)
Quantization enabled: forcing CPU inference for INT8 model.
Loading '/home/hpc/vlbi/vlbi107v/hifi-gan/cp_hifigan/v1_c512/g_05540000'
Complete.
Removing weight norm...
Applying structured pruning with ratio 0.30...
Skipping ConvTranspose1d pruning for ups.0
Skipping ConvTranspose1d pruning for ups.1
Skipping ConvTranspose1d pruning for ups.2
Skipping ConvTranspose1d pruning for ups.3
Pruning resblocks.0.convs1.0 (Conv1d): out_channels=256, dim=0, amount=0.3
Done pruning resblocks.0.convs1.0 (Conv1d)
Pruning resblocks.0.convs1.1 (Conv1d): out_channels=256, dim=0, amount=0.3
Done pruning resblocks.0.convs1.1 (Conv1d)
Pruning resblocks.0.convs1.2 (Conv1d): out_channels=256, dim=0, amount=0.3
Done pruning resblocks.0.convs1.2 (Conv1d)
Pruning resblocks.0.convs2.0 (Conv1d): out_channels=256, dim=0, amount=0.3
Done pruning resblocks.0.convs2.0 (Conv1d)
Pruning resblocks.0.convs2.1 (Conv1d): out_channels=256, dim=0, amount=0.3
Done pruning resblocks.0.convs2.1 (Conv1d)
Pruning resblocks.0.convs2.2 (Conv1d): out_channels=256, dim=0, amount=0.3
Done pruning resblocks.0.convs2.2 (Conv1d)
Pruning resblocks.1.convs1.0 (Conv1d): out_channels=256, dim=0, amount=0.3
Done pruning resblocks.1.convs1.0 (Conv1d)
Pruning resblocks.1.convs1.1 (Conv1d): out_channels=256, dim=0, amount=0.3
Done pruning resblocks.1.convs1.1 (Conv1d)
Pruning resblocks.1.convs1.2 (Conv1d): out_channels=256, dim=0, amount=0.3
Done pruning resblocks.1.convs1.2 (Conv1d)
Pruning resblocks.1.convs2.0 (Conv1d): out_channels=256, dim=0, amount=0.3
Done pruning resblocks.1.convs2.0 (Conv1d)
Pruning resblocks.1.convs2.1 (Conv1d): out_channels=256, dim=0, amount=0.3
Done pruning resblocks.1.convs2.1 (Conv1d)
Pruning resblocks.1.convs2.2 (Conv1d): out_channels=256, dim=0, amount=0.3
Done pruning resblocks.1.convs2.2 (Conv1d)
Pruning resblocks.2.convs1.0 (Conv1d): out_channels=256, dim=0, amount=0.3
Done pruning resblocks.2.convs1.0 (Conv1d)
Pruning resblocks.2.convs1.1 (Conv1d): out_channels=256, dim=0, amount=0.3
Done pruning resblocks.2.convs1.1 (Conv1d)
Pruning resblocks.2.convs1.2 (Conv1d): out_channels=256, dim=0, amount=0.3
Done pruning resblocks.2.convs1.2 (Conv1d)
Pruning resblocks.2.convs2.0 (Conv1d): out_channels=256, dim=0, amount=0.3
Done pruning resblocks.2.convs2.0 (Conv1d)
Pruning resblocks.2.convs2.1 (Conv1d): out_channels=256, dim=0, amount=0.3
Done pruning resblocks.2.convs2.1 (Conv1d)
Pruning resblocks.2.convs2.2 (Conv1d): out_channels=256, dim=0, amount=0.3
Done pruning resblocks.2.convs2.2 (Conv1d)
Pruning resblocks.3.convs1.0 (Conv1d): out_channels=128, dim=0, amount=0.3
Done pruning resblocks.3.convs1.0 (Conv1d)
Pruning resblocks.3.convs1.1 (Conv1d): out_channels=128, dim=0, amount=0.3
Done pruning resblocks.3.convs1.1 (Conv1d)
Pruning resblocks.3.convs1.2 (Conv1d): out_channels=128, dim=0, amount=0.3
Done pruning resblocks.3.convs1.2 (Conv1d)
Pruning resblocks.3.convs2.0 (Conv1d): out_channels=128, dim=0, amount=0.3
Done pruning resblocks.3.convs2.0 (Conv1d)
Pruning resblocks.3.convs2.1 (Conv1d): out_channels=128, dim=0, amount=0.3
Done pruning resblocks.3.convs2.1 (Conv1d)
Pruning resblocks.3.convs2.2 (Conv1d): out_channels=128, dim=0, amount=0.3
Done pruning resblocks.3.convs2.2 (Conv1d)
Pruning resblocks.4.convs1.0 (Conv1d): out_channels=128, dim=0, amount=0.3
Done pruning resblocks.4.convs1.0 (Conv1d)
Pruning resblocks.4.convs1.1 (Conv1d): out_channels=128, dim=0, amount=0.3
Done pruning resblocks.4.convs1.1 (Conv1d)
Pruning resblocks.4.convs1.2 (Conv1d): out_channels=128, dim=0, amount=0.3
Done pruning resblocks.4.convs1.2 (Conv1d)
Pruning resblocks.4.convs2.0 (Conv1d): out_channels=128, dim=0, amount=0.3
Done pruning resblocks.4.convs2.0 (Conv1d)
Pruning resblocks.4.convs2.1 (Conv1d): out_channels=128, dim=0, amount=0.3
Done pruning resblocks.4.convs2.1 (Conv1d)
Pruning resblocks.4.convs2.2 (Conv1d): out_channels=128, dim=0, amount=0.3
Done pruning resblocks.4.convs2.2 (Conv1d)
Pruning resblocks.5.convs1.0 (Conv1d): out_channels=128, dim=0, amount=0.3
Done pruning resblocks.5.convs1.0 (Conv1d)
Pruning resblocks.5.convs1.1 (Conv1d): out_channels=128, dim=0, amount=0.3
Done pruning resblocks.5.convs1.1 (Conv1d)
Pruning resblocks.5.convs1.2 (Conv1d): out_channels=128, dim=0, amount=0.3
Done pruning resblocks.5.convs1.2 (Conv1d)
Pruning resblocks.5.convs2.0 (Conv1d): out_channels=128, dim=0, amount=0.3
Done pruning resblocks.5.convs2.0 (Conv1d)
Pruning resblocks.5.convs2.1 (Conv1d): out_channels=128, dim=0, amount=0.3
Done pruning resblocks.5.convs2.1 (Conv1d)
Pruning resblocks.5.convs2.2 (Conv1d): out_channels=128, dim=0, amount=0.3
Done pruning resblocks.5.convs2.2 (Conv1d)
Pruning resblocks.6.convs1.0 (Conv1d): out_channels=64, dim=0, amount=0.3
Done pruning resblocks.6.convs1.0 (Conv1d)
Pruning resblocks.6.convs1.1 (Conv1d): out_channels=64, dim=0, amount=0.3
Done pruning resblocks.6.convs1.1 (Conv1d)
Pruning resblocks.6.convs1.2 (Conv1d): out_channels=64, dim=0, amount=0.3
Done pruning resblocks.6.convs1.2 (Conv1d)
Pruning resblocks.6.convs2.0 (Conv1d): out_channels=64, dim=0, amount=0.3
Done pruning resblocks.6.convs2.0 (Conv1d)
Pruning resblocks.6.convs2.1 (Conv1d): out_channels=64, dim=0, amount=0.3
Done pruning resblocks.6.convs2.1 (Conv1d)
Pruning resblocks.6.convs2.2 (Conv1d): out_channels=64, dim=0, amount=0.3
Done pruning resblocks.6.convs2.2 (Conv1d)
Pruning resblocks.7.convs1.0 (Conv1d): out_channels=64, dim=0, amount=0.3
Done pruning resblocks.7.convs1.0 (Conv1d)
Pruning resblocks.7.convs1.1 (Conv1d): out_channels=64, dim=0, amount=0.3
Done pruning resblocks.7.convs1.1 (Conv1d)
Pruning resblocks.7.convs1.2 (Conv1d): out_channels=64, dim=0, amount=0.3
Done pruning resblocks.7.convs1.2 (Conv1d)
Pruning resblocks.7.convs2.0 (Conv1d): out_channels=64, dim=0, amount=0.3
Done pruning resblocks.7.convs2.0 (Conv1d)
Pruning resblocks.7.convs2.1 (Conv1d): out_channels=64, dim=0, amount=0.3
Done pruning resblocks.7.convs2.1 (Conv1d)
Pruning resblocks.7.convs2.2 (Conv1d): out_channels=64, dim=0, amount=0.3
Done pruning resblocks.7.convs2.2 (Conv1d)
Pruning resblocks.8.convs1.0 (Conv1d): out_channels=64, dim=0, amount=0.3
Done pruning resblocks.8.convs1.0 (Conv1d)
Pruning resblocks.8.convs1.1 (Conv1d): out_channels=64, dim=0, amount=0.3
Done pruning resblocks.8.convs1.1 (Conv1d)
Pruning resblocks.8.convs1.2 (Conv1d): out_channels=64, dim=0, amount=0.3
Done pruning resblocks.8.convs1.2 (Conv1d)
Pruning resblocks.8.convs2.0 (Conv1d): out_channels=64, dim=0, amount=0.3
Done pruning resblocks.8.convs2.0 (Conv1d)
Pruning resblocks.8.convs2.1 (Conv1d): out_channels=64, dim=0, amount=0.3
Done pruning resblocks.8.convs2.1 (Conv1d)
Pruning resblocks.8.convs2.2 (Conv1d): out_channels=64, dim=0, amount=0.3
Done pruning resblocks.8.convs2.2 (Conv1d)
Pruning resblocks.9.convs1.0 (Conv1d): out_channels=32, dim=0, amount=0.3
Done pruning resblocks.9.convs1.0 (Conv1d)
Pruning resblocks.9.convs1.1 (Conv1d): out_channels=32, dim=0, amount=0.3
Done pruning resblocks.9.convs1.1 (Conv1d)
Pruning resblocks.9.convs1.2 (Conv1d): out_channels=32, dim=0, amount=0.3
Done pruning resblocks.9.convs1.2 (Conv1d)
Pruning resblocks.9.convs2.0 (Conv1d): out_channels=32, dim=0, amount=0.3
Done pruning resblocks.9.convs2.0 (Conv1d)
Pruning resblocks.9.convs2.1 (Conv1d): out_channels=32, dim=0, amount=0.3
Done pruning resblocks.9.convs2.1 (Conv1d)
Pruning resblocks.9.convs2.2 (Conv1d): out_channels=32, dim=0, amount=0.3
Done pruning resblocks.9.convs2.2 (Conv1d)
Pruning resblocks.10.convs1.0 (Conv1d): out_channels=32, dim=0, amount=0.3
Done pruning resblocks.10.convs1.0 (Conv1d)
Pruning resblocks.10.convs1.1 (Conv1d): out_channels=32, dim=0, amount=0.3
Done pruning resblocks.10.convs1.1 (Conv1d)
Pruning resblocks.10.convs1.2 (Conv1d): out_channels=32, dim=0, amount=0.3
Done pruning resblocks.10.convs1.2 (Conv1d)
Pruning resblocks.10.convs2.0 (Conv1d): out_channels=32, dim=0, amount=0.3
Done pruning resblocks.10.convs2.0 (Conv1d)
Pruning resblocks.10.convs2.1 (Conv1d): out_channels=32, dim=0, amount=0.3
Done pruning resblocks.10.convs2.1 (Conv1d)
Pruning resblocks.10.convs2.2 (Conv1d): out_channels=32, dim=0, amount=0.3
Done pruning resblocks.10.convs2.2 (Conv1d)
Pruning resblocks.11.convs1.0 (Conv1d): out_channels=32, dim=0, amount=0.3
Done pruning resblocks.11.convs1.0 (Conv1d)
Pruning resblocks.11.convs1.1 (Conv1d): out_channels=32, dim=0, amount=0.3
Done pruning resblocks.11.convs1.1 (Conv1d)
Pruning resblocks.11.convs1.2 (Conv1d): out_channels=32, dim=0, amount=0.3
Done pruning resblocks.11.convs1.2 (Conv1d)
Pruning resblocks.11.convs2.0 (Conv1d): out_channels=32, dim=0, amount=0.3
Done pruning resblocks.11.convs2.0 (Conv1d)
Pruning resblocks.11.convs2.1 (Conv1d): out_channels=32, dim=0, amount=0.3
Done pruning resblocks.11.convs2.1 (Conv1d)
Pruning resblocks.11.convs2.2 (Conv1d): out_channels=32, dim=0, amount=0.3
Done pruning resblocks.11.convs2.2 (Conv1d)
Loaded checkpoint: /home/hpc/vlbi/vlbi107v/hifi-gan/cp_hifigan/v1_c512/g_05540000 (53.239 MB)
Generator parameters: 13,926,017
generated_audios/generated_H4_512C_pruned30_int8/61-70968-0004_generated.wav | RTF: 0.2898(1.126s / 3.885s)
generated_audios/generated_H4_512C_pruned30_int8/61-70968-0019_generated.wav | RTF: 0.2875(1.574s / 5.475s)
generated_audios/generated_H4_512C_pruned30_int8/61-70968-0014_generated.wav | RTF: 0.3077(2.303s / 7.485s)
generated_audios/generated_H4_512C_pruned30_int8/61-70968-0001_generated.wav | RTF: 0.2787(1.006s / 3.610s)
generated_audios/generated_H4_512C_pruned30_int8/61-70968-0015_generated.wav | RTF: 0.2979(1.601s / 5.375s)
generated_audios/generated_H4_512C_pruned30_int8/61-70968-0009_generated.wav | RTF: 0.2843(1.282s / 4.510s)
generated_audios/generated_H4_512C_pruned30_int8/61-70968-0011_generated.wav | RTF: 0.3021(1.926s / 6.375s)
generated_audios/generated_H4_512C_pruned30_int8/61-70968-0017_generated.wav | RTF: 0.2962(1.514s / 5.110s)
generated_audios/generated_H4_512C_pruned30_int8/61-70968-0007_generated.wav | RTF: 0.2792(0.991s / 3.550s)
generated_audios/generated_H4_512C_pruned30_int8/61-70968-0016_generated.wav | RTF: 0.2842(1.057s / 3.720s)
generated_audios/generated_H4_512C_pruned30_int8/61-70968-0003_generated.wav | RTF: 0.2815(1.215s / 4.315s)
generated_audios/generated_H4_512C_pruned30_int8/61-70968-0005_generated.wav | RTF: 0.2925(1.483s / 5.070s)
generated_audios/generated_H4_512C_pruned30_int8/61-70968-0006_generated.wav | RTF: 0.2711(0.796s / 2.935s)
generated_audios/generated_H4_512C_pruned30_int8/61-70968-0008_generated.wav | RTF: 0.2763(0.977s / 3.535s)
generated_audios/generated_H4_512C_pruned30_int8/61-70968-0000_generated.wav | RTF: 0.2795(1.371s / 4.905s)
generated_audios/generated_H4_512C_pruned30_int8/61-70968-0013_generated.wav | RTF: 0.2909(1.294s / 4.450s)
generated_audios/generated_H4_512C_pruned30_int8/61-70968-0002_generated.wav | RTF: 0.2750(0.817s / 2.970s)
generated_audios/generated_H4_512C_pruned30_int8/61-70968-0018_generated.wav | RTF: 0.2662(0.640s / 2.405s)
generated_audios/generated_H4_512C_pruned30_int8/61-70968-0010_generated.wav | RTF: 0.3202(2.656s / 8.295s)
generated_audios/generated_H4_512C_pruned30_int8/61-70968-0012_generated.wav | RTF: 0.2824(0.737s / 2.610s)
Average RTF: 0.2911(26.366s / 90.585s)
Evaluation summary:
  Mel-spectrogram L1: 2.343034
  PESQ: 1.033554
  STOI: 0.566858

Appended metrics to CSV: experiments_results.csv
========== H4: pruning 50% + quantize ==========
Initializing Inference Process..
Using device: cpu (baseline and quantized inference both run on CPU)
Quantization enabled: forcing CPU inference for INT8 model.
Loading '/home/hpc/vlbi/vlbi107v/hifi-gan/cp_hifigan/v1_c512/g_05540000'
Complete.
Removing weight norm...
Applying structured pruning with ratio 0.50...
Skipping ConvTranspose1d pruning for ups.0
Skipping ConvTranspose1d pruning for ups.1
Skipping ConvTranspose1d pruning for ups.2
Skipping ConvTranspose1d pruning for ups.3
Pruning resblocks.0.convs1.0 (Conv1d): out_channels=256, dim=0, amount=0.5
Done pruning resblocks.0.convs1.0 (Conv1d)
Pruning resblocks.0.convs1.1 (Conv1d): out_channels=256, dim=0, amount=0.5
Done pruning resblocks.0.convs1.1 (Conv1d)
Pruning resblocks.0.convs1.2 (Conv1d): out_channels=256, dim=0, amount=0.5
Done pruning resblocks.0.convs1.2 (Conv1d)
Pruning resblocks.0.convs2.0 (Conv1d): out_channels=256, dim=0, amount=0.5
Done pruning resblocks.0.convs2.0 (Conv1d)
Pruning resblocks.0.convs2.1 (Conv1d): out_channels=256, dim=0, amount=0.5
Done pruning resblocks.0.convs2.1 (Conv1d)
Pruning resblocks.0.convs2.2 (Conv1d): out_channels=256, dim=0, amount=0.5
Done pruning resblocks.0.convs2.2 (Conv1d)
Pruning resblocks.1.convs1.0 (Conv1d): out_channels=256, dim=0, amount=0.5
Done pruning resblocks.1.convs1.0 (Conv1d)
Pruning resblocks.1.convs1.1 (Conv1d): out_channels=256, dim=0, amount=0.5
Done pruning resblocks.1.convs1.1 (Conv1d)
Pruning resblocks.1.convs1.2 (Conv1d): out_channels=256, dim=0, amount=0.5
Done pruning resblocks.1.convs1.2 (Conv1d)
Pruning resblocks.1.convs2.0 (Conv1d): out_channels=256, dim=0, amount=0.5
Done pruning resblocks.1.convs2.0 (Conv1d)
Pruning resblocks.1.convs2.1 (Conv1d): out_channels=256, dim=0, amount=0.5
Done pruning resblocks.1.convs2.1 (Conv1d)
Pruning resblocks.1.convs2.2 (Conv1d): out_channels=256, dim=0, amount=0.5
Done pruning resblocks.1.convs2.2 (Conv1d)
Pruning resblocks.2.convs1.0 (Conv1d): out_channels=256, dim=0, amount=0.5
Done pruning resblocks.2.convs1.0 (Conv1d)
Pruning resblocks.2.convs1.1 (Conv1d): out_channels=256, dim=0, amount=0.5
Done pruning resblocks.2.convs1.1 (Conv1d)
Pruning resblocks.2.convs1.2 (Conv1d): out_channels=256, dim=0, amount=0.5
Done pruning resblocks.2.convs1.2 (Conv1d)
Pruning resblocks.2.convs2.0 (Conv1d): out_channels=256, dim=0, amount=0.5
Done pruning resblocks.2.convs2.0 (Conv1d)
Pruning resblocks.2.convs2.1 (Conv1d): out_channels=256, dim=0, amount=0.5
Done pruning resblocks.2.convs2.1 (Conv1d)
Pruning resblocks.2.convs2.2 (Conv1d): out_channels=256, dim=0, amount=0.5
Done pruning resblocks.2.convs2.2 (Conv1d)
Pruning resblocks.3.convs1.0 (Conv1d): out_channels=128, dim=0, amount=0.5
Done pruning resblocks.3.convs1.0 (Conv1d)
Pruning resblocks.3.convs1.1 (Conv1d): out_channels=128, dim=0, amount=0.5
Done pruning resblocks.3.convs1.1 (Conv1d)
Pruning resblocks.3.convs1.2 (Conv1d): out_channels=128, dim=0, amount=0.5
Done pruning resblocks.3.convs1.2 (Conv1d)
Pruning resblocks.3.convs2.0 (Conv1d): out_channels=128, dim=0, amount=0.5
Done pruning resblocks.3.convs2.0 (Conv1d)
Pruning resblocks.3.convs2.1 (Conv1d): out_channels=128, dim=0, amount=0.5
Done pruning resblocks.3.convs2.1 (Conv1d)
Pruning resblocks.3.convs2.2 (Conv1d): out_channels=128, dim=0, amount=0.5
Done pruning resblocks.3.convs2.2 (Conv1d)
Pruning resblocks.4.convs1.0 (Conv1d): out_channels=128, dim=0, amount=0.5
Done pruning resblocks.4.convs1.0 (Conv1d)
Pruning resblocks.4.convs1.1 (Conv1d): out_channels=128, dim=0, amount=0.5
Done pruning resblocks.4.convs1.1 (Conv1d)
Pruning resblocks.4.convs1.2 (Conv1d): out_channels=128, dim=0, amount=0.5
Done pruning resblocks.4.convs1.2 (Conv1d)
Pruning resblocks.4.convs2.0 (Conv1d): out_channels=128, dim=0, amount=0.5
Done pruning resblocks.4.convs2.0 (Conv1d)
Pruning resblocks.4.convs2.1 (Conv1d): out_channels=128, dim=0, amount=0.5
Done pruning resblocks.4.convs2.1 (Conv1d)
Pruning resblocks.4.convs2.2 (Conv1d): out_channels=128, dim=0, amount=0.5
Done pruning resblocks.4.convs2.2 (Conv1d)
Pruning resblocks.5.convs1.0 (Conv1d): out_channels=128, dim=0, amount=0.5
Done pruning resblocks.5.convs1.0 (Conv1d)
Pruning resblocks.5.convs1.1 (Conv1d): out_channels=128, dim=0, amount=0.5
Done pruning resblocks.5.convs1.1 (Conv1d)
Pruning resblocks.5.convs1.2 (Conv1d): out_channels=128, dim=0, amount=0.5
Done pruning resblocks.5.convs1.2 (Conv1d)
Pruning resblocks.5.convs2.0 (Conv1d): out_channels=128, dim=0, amount=0.5
Done pruning resblocks.5.convs2.0 (Conv1d)
Pruning resblocks.5.convs2.1 (Conv1d): out_channels=128, dim=0, amount=0.5
Done pruning resblocks.5.convs2.1 (Conv1d)
Pruning resblocks.5.convs2.2 (Conv1d): out_channels=128, dim=0, amount=0.5
Done pruning resblocks.5.convs2.2 (Conv1d)
Pruning resblocks.6.convs1.0 (Conv1d): out_channels=64, dim=0, amount=0.5
Done pruning resblocks.6.convs1.0 (Conv1d)
Pruning resblocks.6.convs1.1 (Conv1d): out_channels=64, dim=0, amount=0.5
Done pruning resblocks.6.convs1.1 (Conv1d)
Pruning resblocks.6.convs1.2 (Conv1d): out_channels=64, dim=0, amount=0.5
Done pruning resblocks.6.convs1.2 (Conv1d)
Pruning resblocks.6.convs2.0 (Conv1d): out_channels=64, dim=0, amount=0.5
Done pruning resblocks.6.convs2.0 (Conv1d)
Pruning resblocks.6.convs2.1 (Conv1d): out_channels=64, dim=0, amount=0.5
Done pruning resblocks.6.convs2.1 (Conv1d)
Pruning resblocks.6.convs2.2 (Conv1d): out_channels=64, dim=0, amount=0.5
Done pruning resblocks.6.convs2.2 (Conv1d)
Pruning resblocks.7.convs1.0 (Conv1d): out_channels=64, dim=0, amount=0.5
Done pruning resblocks.7.convs1.0 (Conv1d)
Pruning resblocks.7.convs1.1 (Conv1d): out_channels=64, dim=0, amount=0.5
Done pruning resblocks.7.convs1.1 (Conv1d)
Pruning resblocks.7.convs1.2 (Conv1d): out_channels=64, dim=0, amount=0.5
Done pruning resblocks.7.convs1.2 (Conv1d)
Pruning resblocks.7.convs2.0 (Conv1d): out_channels=64, dim=0, amount=0.5
Done pruning resblocks.7.convs2.0 (Conv1d)
Pruning resblocks.7.convs2.1 (Conv1d): out_channels=64, dim=0, amount=0.5
Done pruning resblocks.7.convs2.1 (Conv1d)
Pruning resblocks.7.convs2.2 (Conv1d): out_channels=64, dim=0, amount=0.5
Done pruning resblocks.7.convs2.2 (Conv1d)
Pruning resblocks.8.convs1.0 (Conv1d): out_channels=64, dim=0, amount=0.5
Done pruning resblocks.8.convs1.0 (Conv1d)
Pruning resblocks.8.convs1.1 (Conv1d): out_channels=64, dim=0, amount=0.5
Done pruning resblocks.8.convs1.1 (Conv1d)
Pruning resblocks.8.convs1.2 (Conv1d): out_channels=64, dim=0, amount=0.5
Done pruning resblocks.8.convs1.2 (Conv1d)
Pruning resblocks.8.convs2.0 (Conv1d): out_channels=64, dim=0, amount=0.5
Done pruning resblocks.8.convs2.0 (Conv1d)
Pruning resblocks.8.convs2.1 (Conv1d): out_channels=64, dim=0, amount=0.5
Done pruning resblocks.8.convs2.1 (Conv1d)
Pruning resblocks.8.convs2.2 (Conv1d): out_channels=64, dim=0, amount=0.5
Done pruning resblocks.8.convs2.2 (Conv1d)
Pruning resblocks.9.convs1.0 (Conv1d): out_channels=32, dim=0, amount=0.5
Done pruning resblocks.9.convs1.0 (Conv1d)
Pruning resblocks.9.convs1.1 (Conv1d): out_channels=32, dim=0, amount=0.5
Done pruning resblocks.9.convs1.1 (Conv1d)
Pruning resblocks.9.convs1.2 (Conv1d): out_channels=32, dim=0, amount=0.5
Done pruning resblocks.9.convs1.2 (Conv1d)
Pruning resblocks.9.convs2.0 (Conv1d): out_channels=32, dim=0, amount=0.5
Done pruning resblocks.9.convs2.0 (Conv1d)
Pruning resblocks.9.convs2.1 (Conv1d): out_channels=32, dim=0, amount=0.5
Done pruning resblocks.9.convs2.1 (Conv1d)
Pruning resblocks.9.convs2.2 (Conv1d): out_channels=32, dim=0, amount=0.5
Done pruning resblocks.9.convs2.2 (Conv1d)
Pruning resblocks.10.convs1.0 (Conv1d): out_channels=32, dim=0, amount=0.5
Done pruning resblocks.10.convs1.0 (Conv1d)
Pruning resblocks.10.convs1.1 (Conv1d): out_channels=32, dim=0, amount=0.5
Done pruning resblocks.10.convs1.1 (Conv1d)
Pruning resblocks.10.convs1.2 (Conv1d): out_channels=32, dim=0, amount=0.5
Done pruning resblocks.10.convs1.2 (Conv1d)
Pruning resblocks.10.convs2.0 (Conv1d): out_channels=32, dim=0, amount=0.5
Done pruning resblocks.10.convs2.0 (Conv1d)
Pruning resblocks.10.convs2.1 (Conv1d): out_channels=32, dim=0, amount=0.5
Done pruning resblocks.10.convs2.1 (Conv1d)
Pruning resblocks.10.convs2.2 (Conv1d): out_channels=32, dim=0, amount=0.5
Done pruning resblocks.10.convs2.2 (Conv1d)
Pruning resblocks.11.convs1.0 (Conv1d): out_channels=32, dim=0, amount=0.5
Done pruning resblocks.11.convs1.0 (Conv1d)
Pruning resblocks.11.convs1.1 (Conv1d): out_channels=32, dim=0, amount=0.5
Done pruning resblocks.11.convs1.1 (Conv1d)
Pruning resblocks.11.convs1.2 (Conv1d): out_channels=32, dim=0, amount=0.5
Done pruning resblocks.11.convs1.2 (Conv1d)
Pruning resblocks.11.convs2.0 (Conv1d): out_channels=32, dim=0, amount=0.5
Done pruning resblocks.11.convs2.0 (Conv1d)
Pruning resblocks.11.convs2.1 (Conv1d): out_channels=32, dim=0, amount=0.5
Done pruning resblocks.11.convs2.1 (Conv1d)
Pruning resblocks.11.convs2.2 (Conv1d): out_channels=32, dim=0, amount=0.5
Done pruning resblocks.11.convs2.2 (Conv1d)
Loaded checkpoint: /home/hpc/vlbi/vlbi107v/hifi-gan/cp_hifigan/v1_c512/g_05540000 (53.239 MB)
Generator parameters: 13,926,017
generated_audios/generated_H4_512C_pruned50_int8/61-70968-0004_generated.wav | RTF: 0.3009(1.169s / 3.885s)
generated_audios/generated_H4_512C_pruned50_int8/61-70968-0019_generated.wav | RTF: 0.2823(1.545s / 5.475s)
generated_audios/generated_H4_512C_pruned50_int8/61-70968-0014_generated.wav | RTF: 0.3090(2.313s / 7.485s)
generated_audios/generated_H4_512C_pruned50_int8/61-70968-0001_generated.wav | RTF: 0.2769(1.000s / 3.610s)
generated_audios/generated_H4_512C_pruned50_int8/61-70968-0015_generated.wav | RTF: 0.2767(1.487s / 5.375s)
generated_audios/generated_H4_512C_pruned50_int8/61-70968-0009_generated.wav | RTF: 0.2857(1.288s / 4.510s)
generated_audios/generated_H4_512C_pruned50_int8/61-70968-0011_generated.wav | RTF: 0.2924(1.864s / 6.375s)
generated_audios/generated_H4_512C_pruned50_int8/61-70968-0017_generated.wav | RTF: 0.2797(1.429s / 5.110s)
generated_audios/generated_H4_512C_pruned50_int8/61-70968-0007_generated.wav | RTF: 0.2824(1.003s / 3.550s)
generated_audios/generated_H4_512C_pruned50_int8/61-70968-0016_generated.wav | RTF: 0.2753(1.024s / 3.720s)
generated_audios/generated_H4_512C_pruned50_int8/61-70968-0003_generated.wav | RTF: 0.2787(1.203s / 4.315s)
generated_audios/generated_H4_512C_pruned50_int8/61-70968-0005_generated.wav | RTF: 0.2857(1.448s / 5.070s)
generated_audios/generated_H4_512C_pruned50_int8/61-70968-0006_generated.wav | RTF: 0.2722(0.799s / 2.935s)
generated_audios/generated_H4_512C_pruned50_int8/61-70968-0008_generated.wav | RTF: 0.2806(0.992s / 3.535s)
generated_audios/generated_H4_512C_pruned50_int8/61-70968-0000_generated.wav | RTF: 0.2863(1.404s / 4.905s)
generated_audios/generated_H4_512C_pruned50_int8/61-70968-0013_generated.wav | RTF: 0.2908(1.294s / 4.450s)
generated_audios/generated_H4_512C_pruned50_int8/61-70968-0002_generated.wav | RTF: 0.2787(0.828s / 2.970s)
generated_audios/generated_H4_512C_pruned50_int8/61-70968-0018_generated.wav | RTF: 0.2744(0.660s / 2.405s)
generated_audios/generated_H4_512C_pruned50_int8/61-70968-0010_generated.wav | RTF: 0.3213(2.665s / 8.295s)
generated_audios/generated_H4_512C_pruned50_int8/61-70968-0012_generated.wav | RTF: 0.2863(0.747s / 2.610s)
Average RTF: 0.2888(26.163s / 90.585s)
Evaluation summary:
  Mel-spectrogram L1: 2.305595
  PESQ: 1.167437
  STOI: 0.403759

Appended metrics to CSV: experiments_results.csv
========== H4: pruning 70% + quantize ==========
Initializing Inference Process..
Using device: cpu (baseline and quantized inference both run on CPU)
Quantization enabled: forcing CPU inference for INT8 model.
Loading '/home/hpc/vlbi/vlbi107v/hifi-gan/cp_hifigan/v1_c512/g_05540000'
Complete.
Removing weight norm...
Applying structured pruning with ratio 0.70...
Skipping ConvTranspose1d pruning for ups.0
Skipping ConvTranspose1d pruning for ups.1
Skipping ConvTranspose1d pruning for ups.2
Skipping ConvTranspose1d pruning for ups.3
Pruning resblocks.0.convs1.0 (Conv1d): out_channels=256, dim=0, amount=0.7
Done pruning resblocks.0.convs1.0 (Conv1d)
Pruning resblocks.0.convs1.1 (Conv1d): out_channels=256, dim=0, amount=0.7
Done pruning resblocks.0.convs1.1 (Conv1d)
Pruning resblocks.0.convs1.2 (Conv1d): out_channels=256, dim=0, amount=0.7
Done pruning resblocks.0.convs1.2 (Conv1d)
Pruning resblocks.0.convs2.0 (Conv1d): out_channels=256, dim=0, amount=0.7
Done pruning resblocks.0.convs2.0 (Conv1d)
Pruning resblocks.0.convs2.1 (Conv1d): out_channels=256, dim=0, amount=0.7
Done pruning resblocks.0.convs2.1 (Conv1d)
Pruning resblocks.0.convs2.2 (Conv1d): out_channels=256, dim=0, amount=0.7
Done pruning resblocks.0.convs2.2 (Conv1d)
Pruning resblocks.1.convs1.0 (Conv1d): out_channels=256, dim=0, amount=0.7
Done pruning resblocks.1.convs1.0 (Conv1d)
Pruning resblocks.1.convs1.1 (Conv1d): out_channels=256, dim=0, amount=0.7
Done pruning resblocks.1.convs1.1 (Conv1d)
Pruning resblocks.1.convs1.2 (Conv1d): out_channels=256, dim=0, amount=0.7
Done pruning resblocks.1.convs1.2 (Conv1d)
Pruning resblocks.1.convs2.0 (Conv1d): out_channels=256, dim=0, amount=0.7
Done pruning resblocks.1.convs2.0 (Conv1d)
Pruning resblocks.1.convs2.1 (Conv1d): out_channels=256, dim=0, amount=0.7
Done pruning resblocks.1.convs2.1 (Conv1d)
Pruning resblocks.1.convs2.2 (Conv1d): out_channels=256, dim=0, amount=0.7
Done pruning resblocks.1.convs2.2 (Conv1d)
Pruning resblocks.2.convs1.0 (Conv1d): out_channels=256, dim=0, amount=0.7
Done pruning resblocks.2.convs1.0 (Conv1d)
Pruning resblocks.2.convs1.1 (Conv1d): out_channels=256, dim=0, amount=0.7
Done pruning resblocks.2.convs1.1 (Conv1d)
Pruning resblocks.2.convs1.2 (Conv1d): out_channels=256, dim=0, amount=0.7
Done pruning resblocks.2.convs1.2 (Conv1d)
Pruning resblocks.2.convs2.0 (Conv1d): out_channels=256, dim=0, amount=0.7
Done pruning resblocks.2.convs2.0 (Conv1d)
Pruning resblocks.2.convs2.1 (Conv1d): out_channels=256, dim=0, amount=0.7
Done pruning resblocks.2.convs2.1 (Conv1d)
Pruning resblocks.2.convs2.2 (Conv1d): out_channels=256, dim=0, amount=0.7
Done pruning resblocks.2.convs2.2 (Conv1d)
Pruning resblocks.3.convs1.0 (Conv1d): out_channels=128, dim=0, amount=0.7
Done pruning resblocks.3.convs1.0 (Conv1d)
Pruning resblocks.3.convs1.1 (Conv1d): out_channels=128, dim=0, amount=0.7
Done pruning resblocks.3.convs1.1 (Conv1d)
Pruning resblocks.3.convs1.2 (Conv1d): out_channels=128, dim=0, amount=0.7
Done pruning resblocks.3.convs1.2 (Conv1d)
Pruning resblocks.3.convs2.0 (Conv1d): out_channels=128, dim=0, amount=0.7
Done pruning resblocks.3.convs2.0 (Conv1d)
Pruning resblocks.3.convs2.1 (Conv1d): out_channels=128, dim=0, amount=0.7
Done pruning resblocks.3.convs2.1 (Conv1d)
Pruning resblocks.3.convs2.2 (Conv1d): out_channels=128, dim=0, amount=0.7
Done pruning resblocks.3.convs2.2 (Conv1d)
Pruning resblocks.4.convs1.0 (Conv1d): out_channels=128, dim=0, amount=0.7
Done pruning resblocks.4.convs1.0 (Conv1d)
Pruning resblocks.4.convs1.1 (Conv1d): out_channels=128, dim=0, amount=0.7
Done pruning resblocks.4.convs1.1 (Conv1d)
Pruning resblocks.4.convs1.2 (Conv1d): out_channels=128, dim=0, amount=0.7
Done pruning resblocks.4.convs1.2 (Conv1d)
Pruning resblocks.4.convs2.0 (Conv1d): out_channels=128, dim=0, amount=0.7
Done pruning resblocks.4.convs2.0 (Conv1d)
Pruning resblocks.4.convs2.1 (Conv1d): out_channels=128, dim=0, amount=0.7
Done pruning resblocks.4.convs2.1 (Conv1d)
Pruning resblocks.4.convs2.2 (Conv1d): out_channels=128, dim=0, amount=0.7
Done pruning resblocks.4.convs2.2 (Conv1d)
Pruning resblocks.5.convs1.0 (Conv1d): out_channels=128, dim=0, amount=0.7
Done pruning resblocks.5.convs1.0 (Conv1d)
Pruning resblocks.5.convs1.1 (Conv1d): out_channels=128, dim=0, amount=0.7
Done pruning resblocks.5.convs1.1 (Conv1d)
Pruning resblocks.5.convs1.2 (Conv1d): out_channels=128, dim=0, amount=0.7
Done pruning resblocks.5.convs1.2 (Conv1d)
Pruning resblocks.5.convs2.0 (Conv1d): out_channels=128, dim=0, amount=0.7
Done pruning resblocks.5.convs2.0 (Conv1d)
Pruning resblocks.5.convs2.1 (Conv1d): out_channels=128, dim=0, amount=0.7
Done pruning resblocks.5.convs2.1 (Conv1d)
Pruning resblocks.5.convs2.2 (Conv1d): out_channels=128, dim=0, amount=0.7
Done pruning resblocks.5.convs2.2 (Conv1d)
Pruning resblocks.6.convs1.0 (Conv1d): out_channels=64, dim=0, amount=0.7
Done pruning resblocks.6.convs1.0 (Conv1d)
Pruning resblocks.6.convs1.1 (Conv1d): out_channels=64, dim=0, amount=0.7
Done pruning resblocks.6.convs1.1 (Conv1d)
Pruning resblocks.6.convs1.2 (Conv1d): out_channels=64, dim=0, amount=0.7
Done pruning resblocks.6.convs1.2 (Conv1d)
Pruning resblocks.6.convs2.0 (Conv1d): out_channels=64, dim=0, amount=0.7
Done pruning resblocks.6.convs2.0 (Conv1d)
Pruning resblocks.6.convs2.1 (Conv1d): out_channels=64, dim=0, amount=0.7
Done pruning resblocks.6.convs2.1 (Conv1d)
Pruning resblocks.6.convs2.2 (Conv1d): out_channels=64, dim=0, amount=0.7
Done pruning resblocks.6.convs2.2 (Conv1d)
Pruning resblocks.7.convs1.0 (Conv1d): out_channels=64, dim=0, amount=0.7
Done pruning resblocks.7.convs1.0 (Conv1d)
Pruning resblocks.7.convs1.1 (Conv1d): out_channels=64, dim=0, amount=0.7
Done pruning resblocks.7.convs1.1 (Conv1d)
Pruning resblocks.7.convs1.2 (Conv1d): out_channels=64, dim=0, amount=0.7
Done pruning resblocks.7.convs1.2 (Conv1d)
Pruning resblocks.7.convs2.0 (Conv1d): out_channels=64, dim=0, amount=0.7
Done pruning resblocks.7.convs2.0 (Conv1d)
Pruning resblocks.7.convs2.1 (Conv1d): out_channels=64, dim=0, amount=0.7
Done pruning resblocks.7.convs2.1 (Conv1d)
Pruning resblocks.7.convs2.2 (Conv1d): out_channels=64, dim=0, amount=0.7
Done pruning resblocks.7.convs2.2 (Conv1d)
Pruning resblocks.8.convs1.0 (Conv1d): out_channels=64, dim=0, amount=0.7
Done pruning resblocks.8.convs1.0 (Conv1d)
Pruning resblocks.8.convs1.1 (Conv1d): out_channels=64, dim=0, amount=0.7
Done pruning resblocks.8.convs1.1 (Conv1d)
Pruning resblocks.8.convs1.2 (Conv1d): out_channels=64, dim=0, amount=0.7
Done pruning resblocks.8.convs1.2 (Conv1d)
Pruning resblocks.8.convs2.0 (Conv1d): out_channels=64, dim=0, amount=0.7
Done pruning resblocks.8.convs2.0 (Conv1d)
Pruning resblocks.8.convs2.1 (Conv1d): out_channels=64, dim=0, amount=0.7
Done pruning resblocks.8.convs2.1 (Conv1d)
Pruning resblocks.8.convs2.2 (Conv1d): out_channels=64, dim=0, amount=0.7
Done pruning resblocks.8.convs2.2 (Conv1d)
Pruning resblocks.9.convs1.0 (Conv1d): out_channels=32, dim=0, amount=0.7
Done pruning resblocks.9.convs1.0 (Conv1d)
Pruning resblocks.9.convs1.1 (Conv1d): out_channels=32, dim=0, amount=0.7
Done pruning resblocks.9.convs1.1 (Conv1d)
Pruning resblocks.9.convs1.2 (Conv1d): out_channels=32, dim=0, amount=0.7
Done pruning resblocks.9.convs1.2 (Conv1d)
Pruning resblocks.9.convs2.0 (Conv1d): out_channels=32, dim=0, amount=0.7
Done pruning resblocks.9.convs2.0 (Conv1d)
Pruning resblocks.9.convs2.1 (Conv1d): out_channels=32, dim=0, amount=0.7
Done pruning resblocks.9.convs2.1 (Conv1d)
Pruning resblocks.9.convs2.2 (Conv1d): out_channels=32, dim=0, amount=0.7
Done pruning resblocks.9.convs2.2 (Conv1d)
Pruning resblocks.10.convs1.0 (Conv1d): out_channels=32, dim=0, amount=0.7
Done pruning resblocks.10.convs1.0 (Conv1d)
Pruning resblocks.10.convs1.1 (Conv1d): out_channels=32, dim=0, amount=0.7
Done pruning resblocks.10.convs1.1 (Conv1d)
Pruning resblocks.10.convs1.2 (Conv1d): out_channels=32, dim=0, amount=0.7
Done pruning resblocks.10.convs1.2 (Conv1d)
Pruning resblocks.10.convs2.0 (Conv1d): out_channels=32, dim=0, amount=0.7
Done pruning resblocks.10.convs2.0 (Conv1d)
Pruning resblocks.10.convs2.1 (Conv1d): out_channels=32, dim=0, amount=0.7
Done pruning resblocks.10.convs2.1 (Conv1d)
Pruning resblocks.10.convs2.2 (Conv1d): out_channels=32, dim=0, amount=0.7
Done pruning resblocks.10.convs2.2 (Conv1d)
Pruning resblocks.11.convs1.0 (Conv1d): out_channels=32, dim=0, amount=0.7
Done pruning resblocks.11.convs1.0 (Conv1d)
Pruning resblocks.11.convs1.1 (Conv1d): out_channels=32, dim=0, amount=0.7
Done pruning resblocks.11.convs1.1 (Conv1d)
Pruning resblocks.11.convs1.2 (Conv1d): out_channels=32, dim=0, amount=0.7
Done pruning resblocks.11.convs1.2 (Conv1d)
Pruning resblocks.11.convs2.0 (Conv1d): out_channels=32, dim=0, amount=0.7
Done pruning resblocks.11.convs2.0 (Conv1d)
Pruning resblocks.11.convs2.1 (Conv1d): out_channels=32, dim=0, amount=0.7
Done pruning resblocks.11.convs2.1 (Conv1d)
Pruning resblocks.11.convs2.2 (Conv1d): out_channels=32, dim=0, amount=0.7
Done pruning resblocks.11.convs2.2 (Conv1d)
Loaded checkpoint: /home/hpc/vlbi/vlbi107v/hifi-gan/cp_hifigan/v1_c512/g_05540000 (53.239 MB)
Generator parameters: 13,926,017
generated_audios/generated_H4_512C_pruned70_int8/61-70968-0004_generated.wav | RTF: 0.2937(1.141s / 3.885s)
generated_audios/generated_H4_512C_pruned70_int8/61-70968-0019_generated.wav | RTF: 0.2929(1.603s / 5.475s)
generated_audios/generated_H4_512C_pruned70_int8/61-70968-0014_generated.wav | RTF: 0.2939(2.200s / 7.485s)
generated_audios/generated_H4_512C_pruned70_int8/61-70968-0001_generated.wav | RTF: 0.2758(0.996s / 3.610s)
generated_audios/generated_H4_512C_pruned70_int8/61-70968-0015_generated.wav | RTF: 0.2829(1.521s / 5.375s)
generated_audios/generated_H4_512C_pruned70_int8/61-70968-0009_generated.wav | RTF: 0.2786(1.257s / 4.510s)
generated_audios/generated_H4_512C_pruned70_int8/61-70968-0011_generated.wav | RTF: 0.2829(1.803s / 6.375s)
generated_audios/generated_H4_512C_pruned70_int8/61-70968-0017_generated.wav | RTF: 0.2775(1.418s / 5.110s)
generated_audios/generated_H4_512C_pruned70_int8/61-70968-0007_generated.wav | RTF: 0.2773(0.984s / 3.550s)
generated_audios/generated_H4_512C_pruned70_int8/61-70968-0016_generated.wav | RTF: 0.2782(1.035s / 3.720s)
generated_audios/generated_H4_512C_pruned70_int8/61-70968-0003_generated.wav | RTF: 0.2780(1.199s / 4.315s)
generated_audios/generated_H4_512C_pruned70_int8/61-70968-0005_generated.wav | RTF: 0.2869(1.454s / 5.070s)
generated_audios/generated_H4_512C_pruned70_int8/61-70968-0006_generated.wav | RTF: 0.2734(0.802s / 2.935s)
generated_audios/generated_H4_512C_pruned70_int8/61-70968-0008_generated.wav | RTF: 0.2804(0.991s / 3.535s)
generated_audios/generated_H4_512C_pruned70_int8/61-70968-0000_generated.wav | RTF: 0.2856(1.401s / 4.905s)
generated_audios/generated_H4_512C_pruned70_int8/61-70968-0013_generated.wav | RTF: 0.2926(1.302s / 4.450s)
generated_audios/generated_H4_512C_pruned70_int8/61-70968-0002_generated.wav | RTF: 0.2766(0.822s / 2.970s)
generated_audios/generated_H4_512C_pruned70_int8/61-70968-0018_generated.wav | RTF: 0.2736(0.658s / 2.405s)
generated_audios/generated_H4_512C_pruned70_int8/61-70968-0010_generated.wav | RTF: 0.3088(2.561s / 8.295s)
generated_audios/generated_H4_512C_pruned70_int8/61-70968-0012_generated.wav | RTF: 0.2865(0.748s / 2.610s)
Average RTF: 0.2859(25.897s / 90.585s)
Evaluation summary:
  Mel-spectrogram L1: 3.457367
  PESQ: 1.185285
  STOI: 0.283587

Appended metrics to CSV: experiments_results.csv
Appended to experiments_results.csv:
H4_512C_pruned70_int8,13926017,53.239,0.2859,1.1852847993373872,0.2835867394460612,3.457367014884949
========== Done ==========
=== JOB_STATISTICS ===
=== current date     : Fri Jun  5 08:42:06 PM CEST 2026
= Job-ID             : 1376176 on tinyfat
= Job-Name           : inference_512ch_h1-4
= Job-Command        : /home/hpc/vlbi/vlbi107v/hifi-gan/inference.sh
= Initial workdir    : /home/hpc/vlbi/vlbi107v/hifi-gan
= Queue/Partition    : work
= Slurm account      : vlbi with QOS=normal
= Requested resources:  for 02:00:00
= Elapsed runtime    : 00:05:18
= Total RAM usage    : 1.1 GiB of requested  GiB (%)   
= Node list          : tf060
= Subm/Elig/Start/End: 2026-06-05T20:36:47 / 2026-06-05T20:36:47 / 2026-06-05T20:36:47 / 2026-06-05T20:42:05
======================
=== Quota infos ======
    Path                 Used     SoftQ    HardQ    Gracetime  Filec    FileQ    FiHaQ    FileGrace    
    /home/hpc              51.1G   104.9G   209.7G        N/A      64K     500K   1,000K        N/A    
    /home/woody            42.0G  1000.0G  1500.0G        N/A     116K   5,000K   7,500K        N/A    
======================
