### Starting TaskPrologue of job 1376170 on tf060 at Fri Jun  5 08:36:29 PM CEST 2026
Running on cores 32-39,96-103 with governor ondemand
No GPU known
### Finished TaskPrologue

==========(sbatch.tinyfat) Inference: 256 Channels (g_05540000) ==========
========== H1: baseline (no compression) ==========
Initializing Inference Process..
Using device: cpu (baseline and quantized inference both run on CPU)
Loading '/home/hpc/vlbi/vlbi107v/hifi-gan/cp_hifigan/v1_c256/g_05540000'
Complete.
Removing weight norm...
Loaded checkpoint: /home/hpc/vlbi/vlbi107v/hifi-gan/cp_hifigan/v1_c256/g_05540000 (13.660 MB)
Generator parameters: 3,555,649
generated_audios/generated_H1_256C/61-70968-0004_generated.wav | RTF: 0.3908(1.518s / 3.885s)
generated_audios/generated_H1_256C/61-70968-0019_generated.wav | RTF: 0.2961(1.621s / 5.475s)
generated_audios/generated_H1_256C/61-70968-0014_generated.wav | RTF: 0.2903(2.173s / 7.485s)
generated_audios/generated_H1_256C/61-70968-0001_generated.wav | RTF: 0.2637(0.952s / 3.610s)
generated_audios/generated_H1_256C/61-70968-0015_generated.wav | RTF: 0.2685(1.443s / 5.375s)
generated_audios/generated_H1_256C/61-70968-0009_generated.wav | RTF: 0.2613(1.178s / 4.510s)
generated_audios/generated_H1_256C/61-70968-0011_generated.wav | RTF: 0.2689(1.714s / 6.375s)
generated_audios/generated_H1_256C/61-70968-0017_generated.wav | RTF: 0.2698(1.378s / 5.110s)
generated_audios/generated_H1_256C/61-70968-0007_generated.wav | RTF: 0.2616(0.929s / 3.550s)
generated_audios/generated_H1_256C/61-70968-0016_generated.wav | RTF: 0.2611(0.971s / 3.720s)
generated_audios/generated_H1_256C/61-70968-0003_generated.wav | RTF: 0.2648(1.143s / 4.315s)
generated_audios/generated_H1_256C/61-70968-0005_generated.wav | RTF: 0.2627(1.332s / 5.070s)
generated_audios/generated_H1_256C/61-70968-0006_generated.wav | RTF: 0.2571(0.754s / 2.935s)
generated_audios/generated_H1_256C/61-70968-0008_generated.wav | RTF: 0.2652(0.937s / 3.535s)
generated_audios/generated_H1_256C/61-70968-0000_generated.wav | RTF: 0.2665(1.307s / 4.905s)
generated_audios/generated_H1_256C/61-70968-0013_generated.wav | RTF: 0.2636(1.173s / 4.450s)
generated_audios/generated_H1_256C/61-70968-0002_generated.wav | RTF: 0.2548(0.757s / 2.970s)
generated_audios/generated_H1_256C/61-70968-0018_generated.wav | RTF: 0.2579(0.620s / 2.405s)
generated_audios/generated_H1_256C/61-70968-0010_generated.wav | RTF: 0.2708(2.246s / 8.295s)
generated_audios/generated_H1_256C/61-70968-0012_generated.wav | RTF: 0.2624(0.685s / 2.610s)
Average RTF: 0.2741(24.833s / 90.585s)
Evaluation summary:
  Mel-spectrogram L1: 0.257751
  PESQ: 2.562441
  STOI: 0.944961

Appended metrics to CSV: experiments_results.csv
========== H2: quantized (INT8 dynamic quantization) ==========
Initializing Inference Process..
Using device: cpu (baseline and quantized inference both run on CPU)
Quantization enabled: forcing CPU inference for INT8 model.
Loading '/home/hpc/vlbi/vlbi107v/hifi-gan/cp_hifigan/v1_c256/g_05540000'
Complete.
Removing weight norm...
Loaded checkpoint: /home/hpc/vlbi/vlbi107v/hifi-gan/cp_hifigan/v1_c256/g_05540000 (13.660 MB)
Generator parameters: 3,555,649
generated_audios/generated_H2_256C_int8/61-70968-0004_generated.wav | RTF: 0.2693(1.046s / 3.885s)
generated_audios/generated_H2_256C_int8/61-70968-0019_generated.wav | RTF: 0.2853(1.562s / 5.475s)
generated_audios/generated_H2_256C_int8/61-70968-0014_generated.wav | RTF: 0.2837(2.124s / 7.485s)
generated_audios/generated_H2_256C_int8/61-70968-0001_generated.wav | RTF: 0.2581(0.932s / 3.610s)
generated_audios/generated_H2_256C_int8/61-70968-0015_generated.wav | RTF: 0.2625(1.411s / 5.375s)
generated_audios/generated_H2_256C_int8/61-70968-0009_generated.wav | RTF: 0.2619(1.181s / 4.510s)
generated_audios/generated_H2_256C_int8/61-70968-0011_generated.wav | RTF: 0.2894(1.845s / 6.375s)
generated_audios/generated_H2_256C_int8/61-70968-0017_generated.wav | RTF: 0.2664(1.361s / 5.110s)
generated_audios/generated_H2_256C_int8/61-70968-0007_generated.wav | RTF: 0.2600(0.923s / 3.550s)
generated_audios/generated_H2_256C_int8/61-70968-0016_generated.wav | RTF: 0.2654(0.987s / 3.720s)
generated_audios/generated_H2_256C_int8/61-70968-0003_generated.wav | RTF: 0.2677(1.155s / 4.315s)
generated_audios/generated_H2_256C_int8/61-70968-0005_generated.wav | RTF: 0.2661(1.349s / 5.070s)
generated_audios/generated_H2_256C_int8/61-70968-0006_generated.wav | RTF: 0.2520(0.740s / 2.935s)
generated_audios/generated_H2_256C_int8/61-70968-0008_generated.wav | RTF: 0.2626(0.928s / 3.535s)
generated_audios/generated_H2_256C_int8/61-70968-0000_generated.wav | RTF: 0.2640(1.295s / 4.905s)
generated_audios/generated_H2_256C_int8/61-70968-0013_generated.wav | RTF: 0.2629(1.170s / 4.450s)
generated_audios/generated_H2_256C_int8/61-70968-0002_generated.wav | RTF: 0.2560(0.760s / 2.970s)
generated_audios/generated_H2_256C_int8/61-70968-0018_generated.wav | RTF: 0.2558(0.615s / 2.405s)
generated_audios/generated_H2_256C_int8/61-70968-0010_generated.wav | RTF: 0.2682(2.225s / 8.295s)
generated_audios/generated_H2_256C_int8/61-70968-0012_generated.wav | RTF: 0.2607(0.680s / 2.610s)
Average RTF: 0.2681(24.290s / 90.585s)
Evaluation summary:
  Mel-spectrogram L1: 0.257751
  PESQ: 2.562441
  STOI: 0.944961

Appended metrics to CSV: experiments_results.csv
========== H3: pruning 0% (test)==========
Initializing Inference Process..
Using device: cpu (baseline and quantized inference both run on CPU)
Loading '/home/hpc/vlbi/vlbi107v/hifi-gan/cp_hifigan/v1_c256/g_05540000'
Complete.
Removing weight norm...
Loaded checkpoint: /home/hpc/vlbi/vlbi107v/hifi-gan/cp_hifigan/v1_c256/g_05540000 (13.660 MB)
Generator parameters: 3,555,649
generated_audios/generated_H3_256C_pruned0/61-70968-0004_generated.wav | RTF: 0.2712(1.054s / 3.885s)
generated_audios/generated_H3_256C_pruned0/61-70968-0019_generated.wav | RTF: 0.2973(1.628s / 5.475s)
generated_audios/generated_H3_256C_pruned0/61-70968-0014_generated.wav | RTF: 0.2696(2.018s / 7.485s)
generated_audios/generated_H3_256C_pruned0/61-70968-0001_generated.wav | RTF: 0.2675(0.966s / 3.610s)
generated_audios/generated_H3_256C_pruned0/61-70968-0015_generated.wav | RTF: 0.2640(1.419s / 5.375s)
generated_audios/generated_H3_256C_pruned0/61-70968-0009_generated.wav | RTF: 0.2595(1.170s / 4.510s)
generated_audios/generated_H3_256C_pruned0/61-70968-0011_generated.wav | RTF: 0.2641(1.684s / 6.375s)
generated_audios/generated_H3_256C_pruned0/61-70968-0017_generated.wav | RTF: 0.2654(1.356s / 5.110s)
generated_audios/generated_H3_256C_pruned0/61-70968-0007_generated.wav | RTF: 0.2707(0.961s / 3.550s)
generated_audios/generated_H3_256C_pruned0/61-70968-0016_generated.wav | RTF: 0.2613(0.972s / 3.720s)
generated_audios/generated_H3_256C_pruned0/61-70968-0003_generated.wav | RTF: 0.2653(1.145s / 4.315s)
generated_audios/generated_H3_256C_pruned0/61-70968-0005_generated.wav | RTF: 0.2706(1.372s / 5.070s)
generated_audios/generated_H3_256C_pruned0/61-70968-0006_generated.wav | RTF: 0.2651(0.778s / 2.935s)
generated_audios/generated_H3_256C_pruned0/61-70968-0008_generated.wav | RTF: 0.2606(0.921s / 3.535s)
generated_audios/generated_H3_256C_pruned0/61-70968-0000_generated.wav | RTF: 0.2738(1.343s / 4.905s)
generated_audios/generated_H3_256C_pruned0/61-70968-0013_generated.wav | RTF: 0.2660(1.184s / 4.450s)
generated_audios/generated_H3_256C_pruned0/61-70968-0002_generated.wav | RTF: 0.2565(0.762s / 2.970s)
generated_audios/generated_H3_256C_pruned0/61-70968-0018_generated.wav | RTF: 0.2624(0.631s / 2.405s)
generated_audios/generated_H3_256C_pruned0/61-70968-0010_generated.wav | RTF: 0.2751(2.282s / 8.295s)
generated_audios/generated_H3_256C_pruned0/61-70968-0012_generated.wav | RTF: 0.2645(0.690s / 2.610s)
Average RTF: 0.2686(24.336s / 90.585s)
Evaluation summary:
  Mel-spectrogram L1: 0.257751
  PESQ: 2.562441
  STOI: 0.944961

Appended metrics to CSV: experiments_results.csv
========== H3: pruning 30% ==========
Initializing Inference Process..
Using device: cpu (baseline and quantized inference both run on CPU)
Loading '/home/hpc/vlbi/vlbi107v/hifi-gan/cp_hifigan/v1_c256/g_05540000'
Complete.
Removing weight norm...
Applying structured pruning with ratio 0.30...
Skipping ConvTranspose1d pruning for ups.0
Skipping ConvTranspose1d pruning for ups.1
Skipping ConvTranspose1d pruning for ups.2
Skipping ConvTranspose1d pruning for ups.3
Pruning resblocks.0.convs1.0 (Conv1d): out_channels=128, dim=0, amount=0.3
Done pruning resblocks.0.convs1.0 (Conv1d)
Pruning resblocks.0.convs1.1 (Conv1d): out_channels=128, dim=0, amount=0.3
Done pruning resblocks.0.convs1.1 (Conv1d)
Pruning resblocks.0.convs1.2 (Conv1d): out_channels=128, dim=0, amount=0.3
Done pruning resblocks.0.convs1.2 (Conv1d)
Pruning resblocks.0.convs2.0 (Conv1d): out_channels=128, dim=0, amount=0.3
Done pruning resblocks.0.convs2.0 (Conv1d)
Pruning resblocks.0.convs2.1 (Conv1d): out_channels=128, dim=0, amount=0.3
Done pruning resblocks.0.convs2.1 (Conv1d)
Pruning resblocks.0.convs2.2 (Conv1d): out_channels=128, dim=0, amount=0.3
Done pruning resblocks.0.convs2.2 (Conv1d)
Pruning resblocks.1.convs1.0 (Conv1d): out_channels=128, dim=0, amount=0.3
Done pruning resblocks.1.convs1.0 (Conv1d)
Pruning resblocks.1.convs1.1 (Conv1d): out_channels=128, dim=0, amount=0.3
Done pruning resblocks.1.convs1.1 (Conv1d)
Pruning resblocks.1.convs1.2 (Conv1d): out_channels=128, dim=0, amount=0.3
Done pruning resblocks.1.convs1.2 (Conv1d)
Pruning resblocks.1.convs2.0 (Conv1d): out_channels=128, dim=0, amount=0.3
Done pruning resblocks.1.convs2.0 (Conv1d)
Pruning resblocks.1.convs2.1 (Conv1d): out_channels=128, dim=0, amount=0.3
Done pruning resblocks.1.convs2.1 (Conv1d)
Pruning resblocks.1.convs2.2 (Conv1d): out_channels=128, dim=0, amount=0.3
Done pruning resblocks.1.convs2.2 (Conv1d)
Pruning resblocks.2.convs1.0 (Conv1d): out_channels=128, dim=0, amount=0.3
Done pruning resblocks.2.convs1.0 (Conv1d)
Pruning resblocks.2.convs1.1 (Conv1d): out_channels=128, dim=0, amount=0.3
Done pruning resblocks.2.convs1.1 (Conv1d)
Pruning resblocks.2.convs1.2 (Conv1d): out_channels=128, dim=0, amount=0.3
Done pruning resblocks.2.convs1.2 (Conv1d)
Pruning resblocks.2.convs2.0 (Conv1d): out_channels=128, dim=0, amount=0.3
Done pruning resblocks.2.convs2.0 (Conv1d)
Pruning resblocks.2.convs2.1 (Conv1d): out_channels=128, dim=0, amount=0.3
Done pruning resblocks.2.convs2.1 (Conv1d)
Pruning resblocks.2.convs2.2 (Conv1d): out_channels=128, dim=0, amount=0.3
Done pruning resblocks.2.convs2.2 (Conv1d)
Pruning resblocks.3.convs1.0 (Conv1d): out_channels=64, dim=0, amount=0.3
Done pruning resblocks.3.convs1.0 (Conv1d)
Pruning resblocks.3.convs1.1 (Conv1d): out_channels=64, dim=0, amount=0.3
Done pruning resblocks.3.convs1.1 (Conv1d)
Pruning resblocks.3.convs1.2 (Conv1d): out_channels=64, dim=0, amount=0.3
Done pruning resblocks.3.convs1.2 (Conv1d)
Pruning resblocks.3.convs2.0 (Conv1d): out_channels=64, dim=0, amount=0.3
Done pruning resblocks.3.convs2.0 (Conv1d)
Pruning resblocks.3.convs2.1 (Conv1d): out_channels=64, dim=0, amount=0.3
Done pruning resblocks.3.convs2.1 (Conv1d)
Pruning resblocks.3.convs2.2 (Conv1d): out_channels=64, dim=0, amount=0.3
Done pruning resblocks.3.convs2.2 (Conv1d)
Pruning resblocks.4.convs1.0 (Conv1d): out_channels=64, dim=0, amount=0.3
Done pruning resblocks.4.convs1.0 (Conv1d)
Pruning resblocks.4.convs1.1 (Conv1d): out_channels=64, dim=0, amount=0.3
Done pruning resblocks.4.convs1.1 (Conv1d)
Pruning resblocks.4.convs1.2 (Conv1d): out_channels=64, dim=0, amount=0.3
Done pruning resblocks.4.convs1.2 (Conv1d)
Pruning resblocks.4.convs2.0 (Conv1d): out_channels=64, dim=0, amount=0.3
Done pruning resblocks.4.convs2.0 (Conv1d)
Pruning resblocks.4.convs2.1 (Conv1d): out_channels=64, dim=0, amount=0.3
Done pruning resblocks.4.convs2.1 (Conv1d)
Pruning resblocks.4.convs2.2 (Conv1d): out_channels=64, dim=0, amount=0.3
Done pruning resblocks.4.convs2.2 (Conv1d)
Pruning resblocks.5.convs1.0 (Conv1d): out_channels=64, dim=0, amount=0.3
Done pruning resblocks.5.convs1.0 (Conv1d)
Pruning resblocks.5.convs1.1 (Conv1d): out_channels=64, dim=0, amount=0.3
Done pruning resblocks.5.convs1.1 (Conv1d)
Pruning resblocks.5.convs1.2 (Conv1d): out_channels=64, dim=0, amount=0.3
Done pruning resblocks.5.convs1.2 (Conv1d)
Pruning resblocks.5.convs2.0 (Conv1d): out_channels=64, dim=0, amount=0.3
Done pruning resblocks.5.convs2.0 (Conv1d)
Pruning resblocks.5.convs2.1 (Conv1d): out_channels=64, dim=0, amount=0.3
Done pruning resblocks.5.convs2.1 (Conv1d)
Pruning resblocks.5.convs2.2 (Conv1d): out_channels=64, dim=0, amount=0.3
Done pruning resblocks.5.convs2.2 (Conv1d)
Pruning resblocks.6.convs1.0 (Conv1d): out_channels=32, dim=0, amount=0.3
Done pruning resblocks.6.convs1.0 (Conv1d)
Pruning resblocks.6.convs1.1 (Conv1d): out_channels=32, dim=0, amount=0.3
Done pruning resblocks.6.convs1.1 (Conv1d)
Pruning resblocks.6.convs1.2 (Conv1d): out_channels=32, dim=0, amount=0.3
Done pruning resblocks.6.convs1.2 (Conv1d)
Pruning resblocks.6.convs2.0 (Conv1d): out_channels=32, dim=0, amount=0.3
Done pruning resblocks.6.convs2.0 (Conv1d)
Pruning resblocks.6.convs2.1 (Conv1d): out_channels=32, dim=0, amount=0.3
Done pruning resblocks.6.convs2.1 (Conv1d)
Pruning resblocks.6.convs2.2 (Conv1d): out_channels=32, dim=0, amount=0.3
Done pruning resblocks.6.convs2.2 (Conv1d)
Pruning resblocks.7.convs1.0 (Conv1d): out_channels=32, dim=0, amount=0.3
Done pruning resblocks.7.convs1.0 (Conv1d)
Pruning resblocks.7.convs1.1 (Conv1d): out_channels=32, dim=0, amount=0.3
Done pruning resblocks.7.convs1.1 (Conv1d)
Pruning resblocks.7.convs1.2 (Conv1d): out_channels=32, dim=0, amount=0.3
Done pruning resblocks.7.convs1.2 (Conv1d)
Pruning resblocks.7.convs2.0 (Conv1d): out_channels=32, dim=0, amount=0.3
Done pruning resblocks.7.convs2.0 (Conv1d)
Pruning resblocks.7.convs2.1 (Conv1d): out_channels=32, dim=0, amount=0.3
Done pruning resblocks.7.convs2.1 (Conv1d)
Pruning resblocks.7.convs2.2 (Conv1d): out_channels=32, dim=0, amount=0.3
Done pruning resblocks.7.convs2.2 (Conv1d)
Pruning resblocks.8.convs1.0 (Conv1d): out_channels=32, dim=0, amount=0.3
Done pruning resblocks.8.convs1.0 (Conv1d)
Pruning resblocks.8.convs1.1 (Conv1d): out_channels=32, dim=0, amount=0.3
Done pruning resblocks.8.convs1.1 (Conv1d)
Pruning resblocks.8.convs1.2 (Conv1d): out_channels=32, dim=0, amount=0.3
Done pruning resblocks.8.convs1.2 (Conv1d)
Pruning resblocks.8.convs2.0 (Conv1d): out_channels=32, dim=0, amount=0.3
Done pruning resblocks.8.convs2.0 (Conv1d)
Pruning resblocks.8.convs2.1 (Conv1d): out_channels=32, dim=0, amount=0.3
Done pruning resblocks.8.convs2.1 (Conv1d)
Pruning resblocks.8.convs2.2 (Conv1d): out_channels=32, dim=0, amount=0.3
Done pruning resblocks.8.convs2.2 (Conv1d)
Pruning resblocks.9.convs1.0 (Conv1d): out_channels=16, dim=0, amount=0.3
Done pruning resblocks.9.convs1.0 (Conv1d)
Pruning resblocks.9.convs1.1 (Conv1d): out_channels=16, dim=0, amount=0.3
Done pruning resblocks.9.convs1.1 (Conv1d)
Pruning resblocks.9.convs1.2 (Conv1d): out_channels=16, dim=0, amount=0.3
Done pruning resblocks.9.convs1.2 (Conv1d)
Pruning resblocks.9.convs2.0 (Conv1d): out_channels=16, dim=0, amount=0.3
Done pruning resblocks.9.convs2.0 (Conv1d)
Pruning resblocks.9.convs2.1 (Conv1d): out_channels=16, dim=0, amount=0.3
Done pruning resblocks.9.convs2.1 (Conv1d)
Pruning resblocks.9.convs2.2 (Conv1d): out_channels=16, dim=0, amount=0.3
Done pruning resblocks.9.convs2.2 (Conv1d)
Pruning resblocks.10.convs1.0 (Conv1d): out_channels=16, dim=0, amount=0.3
Done pruning resblocks.10.convs1.0 (Conv1d)
Pruning resblocks.10.convs1.1 (Conv1d): out_channels=16, dim=0, amount=0.3
Done pruning resblocks.10.convs1.1 (Conv1d)
Pruning resblocks.10.convs1.2 (Conv1d): out_channels=16, dim=0, amount=0.3
Done pruning resblocks.10.convs1.2 (Conv1d)
Pruning resblocks.10.convs2.0 (Conv1d): out_channels=16, dim=0, amount=0.3
Done pruning resblocks.10.convs2.0 (Conv1d)
Pruning resblocks.10.convs2.1 (Conv1d): out_channels=16, dim=0, amount=0.3
Done pruning resblocks.10.convs2.1 (Conv1d)
Pruning resblocks.10.convs2.2 (Conv1d): out_channels=16, dim=0, amount=0.3
Done pruning resblocks.10.convs2.2 (Conv1d)
Pruning resblocks.11.convs1.0 (Conv1d): out_channels=16, dim=0, amount=0.3
Done pruning resblocks.11.convs1.0 (Conv1d)
Pruning resblocks.11.convs1.1 (Conv1d): out_channels=16, dim=0, amount=0.3
Done pruning resblocks.11.convs1.1 (Conv1d)
Pruning resblocks.11.convs1.2 (Conv1d): out_channels=16, dim=0, amount=0.3
Done pruning resblocks.11.convs1.2 (Conv1d)
Pruning resblocks.11.convs2.0 (Conv1d): out_channels=16, dim=0, amount=0.3
Done pruning resblocks.11.convs2.0 (Conv1d)
Pruning resblocks.11.convs2.1 (Conv1d): out_channels=16, dim=0, amount=0.3
Done pruning resblocks.11.convs2.1 (Conv1d)
Pruning resblocks.11.convs2.2 (Conv1d): out_channels=16, dim=0, amount=0.3
Done pruning resblocks.11.convs2.2 (Conv1d)
Loaded checkpoint: /home/hpc/vlbi/vlbi107v/hifi-gan/cp_hifigan/v1_c256/g_05540000 (13.660 MB)
Generator parameters: 3,555,649
generated_audios/generated_H3_256C_pruned30/61-70968-0004_generated.wav | RTF: 0.2736(1.063s / 3.885s)
generated_audios/generated_H3_256C_pruned30/61-70968-0019_generated.wav | RTF: 0.2652(1.452s / 5.475s)
generated_audios/generated_H3_256C_pruned30/61-70968-0014_generated.wav | RTF: 0.2681(2.006s / 7.485s)
generated_audios/generated_H3_256C_pruned30/61-70968-0001_generated.wav | RTF: 0.2575(0.930s / 3.610s)
generated_audios/generated_H3_256C_pruned30/61-70968-0015_generated.wav | RTF: 0.2597(1.396s / 5.375s)
generated_audios/generated_H3_256C_pruned30/61-70968-0009_generated.wav | RTF: 0.2573(1.160s / 4.510s)
generated_audios/generated_H3_256C_pruned30/61-70968-0011_generated.wav | RTF: 0.2681(1.709s / 6.375s)
generated_audios/generated_H3_256C_pruned30/61-70968-0017_generated.wav | RTF: 0.2623(1.340s / 5.110s)
generated_audios/generated_H3_256C_pruned30/61-70968-0007_generated.wav | RTF: 0.2600(0.923s / 3.550s)
generated_audios/generated_H3_256C_pruned30/61-70968-0016_generated.wav | RTF: 0.2606(0.969s / 3.720s)
generated_audios/generated_H3_256C_pruned30/61-70968-0003_generated.wav | RTF: 0.2699(1.165s / 4.315s)
generated_audios/generated_H3_256C_pruned30/61-70968-0005_generated.wav | RTF: 0.2692(1.365s / 5.070s)
generated_audios/generated_H3_256C_pruned30/61-70968-0006_generated.wav | RTF: 0.2516(0.738s / 2.935s)
generated_audios/generated_H3_256C_pruned30/61-70968-0008_generated.wav | RTF: 0.2607(0.921s / 3.535s)
generated_audios/generated_H3_256C_pruned30/61-70968-0000_generated.wav | RTF: 0.2639(1.295s / 4.905s)
generated_audios/generated_H3_256C_pruned30/61-70968-0013_generated.wav | RTF: 0.2625(1.168s / 4.450s)
generated_audios/generated_H3_256C_pruned30/61-70968-0002_generated.wav | RTF: 0.2553(0.758s / 2.970s)
generated_audios/generated_H3_256C_pruned30/61-70968-0018_generated.wav | RTF: 0.2557(0.615s / 2.405s)
generated_audios/generated_H3_256C_pruned30/61-70968-0010_generated.wav | RTF: 0.2685(2.227s / 8.295s)
generated_audios/generated_H3_256C_pruned30/61-70968-0012_generated.wav | RTF: 0.2616(0.683s / 2.610s)
Average RTF: 0.2637(23.884s / 90.585s)
Evaluation summary:
  Mel-spectrogram L1: 3.216585
  PESQ: 1.038069
  STOI: 0.368944

Appended metrics to CSV: experiments_results.csv
========== H3: pruning 50% ==========
Initializing Inference Process..
Using device: cpu (baseline and quantized inference both run on CPU)
Loading '/home/hpc/vlbi/vlbi107v/hifi-gan/cp_hifigan/v1_c256/g_05540000'
Complete.
Removing weight norm...
Applying structured pruning with ratio 0.50...
Skipping ConvTranspose1d pruning for ups.0
Skipping ConvTranspose1d pruning for ups.1
Skipping ConvTranspose1d pruning for ups.2
Skipping ConvTranspose1d pruning for ups.3
Pruning resblocks.0.convs1.0 (Conv1d): out_channels=128, dim=0, amount=0.5
Done pruning resblocks.0.convs1.0 (Conv1d)
Pruning resblocks.0.convs1.1 (Conv1d): out_channels=128, dim=0, amount=0.5
Done pruning resblocks.0.convs1.1 (Conv1d)
Pruning resblocks.0.convs1.2 (Conv1d): out_channels=128, dim=0, amount=0.5
Done pruning resblocks.0.convs1.2 (Conv1d)
Pruning resblocks.0.convs2.0 (Conv1d): out_channels=128, dim=0, amount=0.5
Done pruning resblocks.0.convs2.0 (Conv1d)
Pruning resblocks.0.convs2.1 (Conv1d): out_channels=128, dim=0, amount=0.5
Done pruning resblocks.0.convs2.1 (Conv1d)
Pruning resblocks.0.convs2.2 (Conv1d): out_channels=128, dim=0, amount=0.5
Done pruning resblocks.0.convs2.2 (Conv1d)
Pruning resblocks.1.convs1.0 (Conv1d): out_channels=128, dim=0, amount=0.5
Done pruning resblocks.1.convs1.0 (Conv1d)
Pruning resblocks.1.convs1.1 (Conv1d): out_channels=128, dim=0, amount=0.5
Done pruning resblocks.1.convs1.1 (Conv1d)
Pruning resblocks.1.convs1.2 (Conv1d): out_channels=128, dim=0, amount=0.5
Done pruning resblocks.1.convs1.2 (Conv1d)
Pruning resblocks.1.convs2.0 (Conv1d): out_channels=128, dim=0, amount=0.5
Done pruning resblocks.1.convs2.0 (Conv1d)
Pruning resblocks.1.convs2.1 (Conv1d): out_channels=128, dim=0, amount=0.5
Done pruning resblocks.1.convs2.1 (Conv1d)
Pruning resblocks.1.convs2.2 (Conv1d): out_channels=128, dim=0, amount=0.5
Done pruning resblocks.1.convs2.2 (Conv1d)
Pruning resblocks.2.convs1.0 (Conv1d): out_channels=128, dim=0, amount=0.5
Done pruning resblocks.2.convs1.0 (Conv1d)
Pruning resblocks.2.convs1.1 (Conv1d): out_channels=128, dim=0, amount=0.5
Done pruning resblocks.2.convs1.1 (Conv1d)
Pruning resblocks.2.convs1.2 (Conv1d): out_channels=128, dim=0, amount=0.5
Done pruning resblocks.2.convs1.2 (Conv1d)
Pruning resblocks.2.convs2.0 (Conv1d): out_channels=128, dim=0, amount=0.5
Done pruning resblocks.2.convs2.0 (Conv1d)
Pruning resblocks.2.convs2.1 (Conv1d): out_channels=128, dim=0, amount=0.5
Done pruning resblocks.2.convs2.1 (Conv1d)
Pruning resblocks.2.convs2.2 (Conv1d): out_channels=128, dim=0, amount=0.5
Done pruning resblocks.2.convs2.2 (Conv1d)
Pruning resblocks.3.convs1.0 (Conv1d): out_channels=64, dim=0, amount=0.5
Done pruning resblocks.3.convs1.0 (Conv1d)
Pruning resblocks.3.convs1.1 (Conv1d): out_channels=64, dim=0, amount=0.5
Done pruning resblocks.3.convs1.1 (Conv1d)
Pruning resblocks.3.convs1.2 (Conv1d): out_channels=64, dim=0, amount=0.5
Done pruning resblocks.3.convs1.2 (Conv1d)
Pruning resblocks.3.convs2.0 (Conv1d): out_channels=64, dim=0, amount=0.5
Done pruning resblocks.3.convs2.0 (Conv1d)
Pruning resblocks.3.convs2.1 (Conv1d): out_channels=64, dim=0, amount=0.5
Done pruning resblocks.3.convs2.1 (Conv1d)
Pruning resblocks.3.convs2.2 (Conv1d): out_channels=64, dim=0, amount=0.5
Done pruning resblocks.3.convs2.2 (Conv1d)
Pruning resblocks.4.convs1.0 (Conv1d): out_channels=64, dim=0, amount=0.5
Done pruning resblocks.4.convs1.0 (Conv1d)
Pruning resblocks.4.convs1.1 (Conv1d): out_channels=64, dim=0, amount=0.5
Done pruning resblocks.4.convs1.1 (Conv1d)
Pruning resblocks.4.convs1.2 (Conv1d): out_channels=64, dim=0, amount=0.5
Done pruning resblocks.4.convs1.2 (Conv1d)
Pruning resblocks.4.convs2.0 (Conv1d): out_channels=64, dim=0, amount=0.5
Done pruning resblocks.4.convs2.0 (Conv1d)
Pruning resblocks.4.convs2.1 (Conv1d): out_channels=64, dim=0, amount=0.5
Done pruning resblocks.4.convs2.1 (Conv1d)
Pruning resblocks.4.convs2.2 (Conv1d): out_channels=64, dim=0, amount=0.5
Done pruning resblocks.4.convs2.2 (Conv1d)
Pruning resblocks.5.convs1.0 (Conv1d): out_channels=64, dim=0, amount=0.5
Done pruning resblocks.5.convs1.0 (Conv1d)
Pruning resblocks.5.convs1.1 (Conv1d): out_channels=64, dim=0, amount=0.5
Done pruning resblocks.5.convs1.1 (Conv1d)
Pruning resblocks.5.convs1.2 (Conv1d): out_channels=64, dim=0, amount=0.5
Done pruning resblocks.5.convs1.2 (Conv1d)
Pruning resblocks.5.convs2.0 (Conv1d): out_channels=64, dim=0, amount=0.5
Done pruning resblocks.5.convs2.0 (Conv1d)
Pruning resblocks.5.convs2.1 (Conv1d): out_channels=64, dim=0, amount=0.5
Done pruning resblocks.5.convs2.1 (Conv1d)
Pruning resblocks.5.convs2.2 (Conv1d): out_channels=64, dim=0, amount=0.5
Done pruning resblocks.5.convs2.2 (Conv1d)
Pruning resblocks.6.convs1.0 (Conv1d): out_channels=32, dim=0, amount=0.5
Done pruning resblocks.6.convs1.0 (Conv1d)
Pruning resblocks.6.convs1.1 (Conv1d): out_channels=32, dim=0, amount=0.5
Done pruning resblocks.6.convs1.1 (Conv1d)
Pruning resblocks.6.convs1.2 (Conv1d): out_channels=32, dim=0, amount=0.5
Done pruning resblocks.6.convs1.2 (Conv1d)
Pruning resblocks.6.convs2.0 (Conv1d): out_channels=32, dim=0, amount=0.5
Done pruning resblocks.6.convs2.0 (Conv1d)
Pruning resblocks.6.convs2.1 (Conv1d): out_channels=32, dim=0, amount=0.5
Done pruning resblocks.6.convs2.1 (Conv1d)
Pruning resblocks.6.convs2.2 (Conv1d): out_channels=32, dim=0, amount=0.5
Done pruning resblocks.6.convs2.2 (Conv1d)
Pruning resblocks.7.convs1.0 (Conv1d): out_channels=32, dim=0, amount=0.5
Done pruning resblocks.7.convs1.0 (Conv1d)
Pruning resblocks.7.convs1.1 (Conv1d): out_channels=32, dim=0, amount=0.5
Done pruning resblocks.7.convs1.1 (Conv1d)
Pruning resblocks.7.convs1.2 (Conv1d): out_channels=32, dim=0, amount=0.5
Done pruning resblocks.7.convs1.2 (Conv1d)
Pruning resblocks.7.convs2.0 (Conv1d): out_channels=32, dim=0, amount=0.5
Done pruning resblocks.7.convs2.0 (Conv1d)
Pruning resblocks.7.convs2.1 (Conv1d): out_channels=32, dim=0, amount=0.5
Done pruning resblocks.7.convs2.1 (Conv1d)
Pruning resblocks.7.convs2.2 (Conv1d): out_channels=32, dim=0, amount=0.5
Done pruning resblocks.7.convs2.2 (Conv1d)
Pruning resblocks.8.convs1.0 (Conv1d): out_channels=32, dim=0, amount=0.5
Done pruning resblocks.8.convs1.0 (Conv1d)
Pruning resblocks.8.convs1.1 (Conv1d): out_channels=32, dim=0, amount=0.5
Done pruning resblocks.8.convs1.1 (Conv1d)
Pruning resblocks.8.convs1.2 (Conv1d): out_channels=32, dim=0, amount=0.5
Done pruning resblocks.8.convs1.2 (Conv1d)
Pruning resblocks.8.convs2.0 (Conv1d): out_channels=32, dim=0, amount=0.5
Done pruning resblocks.8.convs2.0 (Conv1d)
Pruning resblocks.8.convs2.1 (Conv1d): out_channels=32, dim=0, amount=0.5
Done pruning resblocks.8.convs2.1 (Conv1d)
Pruning resblocks.8.convs2.2 (Conv1d): out_channels=32, dim=0, amount=0.5
Done pruning resblocks.8.convs2.2 (Conv1d)
Pruning resblocks.9.convs1.0 (Conv1d): out_channels=16, dim=0, amount=0.5
Done pruning resblocks.9.convs1.0 (Conv1d)
Pruning resblocks.9.convs1.1 (Conv1d): out_channels=16, dim=0, amount=0.5
Done pruning resblocks.9.convs1.1 (Conv1d)
Pruning resblocks.9.convs1.2 (Conv1d): out_channels=16, dim=0, amount=0.5
Done pruning resblocks.9.convs1.2 (Conv1d)
Pruning resblocks.9.convs2.0 (Conv1d): out_channels=16, dim=0, amount=0.5
Done pruning resblocks.9.convs2.0 (Conv1d)
Pruning resblocks.9.convs2.1 (Conv1d): out_channels=16, dim=0, amount=0.5
Done pruning resblocks.9.convs2.1 (Conv1d)
Pruning resblocks.9.convs2.2 (Conv1d): out_channels=16, dim=0, amount=0.5
Done pruning resblocks.9.convs2.2 (Conv1d)
Pruning resblocks.10.convs1.0 (Conv1d): out_channels=16, dim=0, amount=0.5
Done pruning resblocks.10.convs1.0 (Conv1d)
Pruning resblocks.10.convs1.1 (Conv1d): out_channels=16, dim=0, amount=0.5
Done pruning resblocks.10.convs1.1 (Conv1d)
Pruning resblocks.10.convs1.2 (Conv1d): out_channels=16, dim=0, amount=0.5
Done pruning resblocks.10.convs1.2 (Conv1d)
Pruning resblocks.10.convs2.0 (Conv1d): out_channels=16, dim=0, amount=0.5
Done pruning resblocks.10.convs2.0 (Conv1d)
Pruning resblocks.10.convs2.1 (Conv1d): out_channels=16, dim=0, amount=0.5
Done pruning resblocks.10.convs2.1 (Conv1d)
Pruning resblocks.10.convs2.2 (Conv1d): out_channels=16, dim=0, amount=0.5
Done pruning resblocks.10.convs2.2 (Conv1d)
Pruning resblocks.11.convs1.0 (Conv1d): out_channels=16, dim=0, amount=0.5
Done pruning resblocks.11.convs1.0 (Conv1d)
Pruning resblocks.11.convs1.1 (Conv1d): out_channels=16, dim=0, amount=0.5
Done pruning resblocks.11.convs1.1 (Conv1d)
Pruning resblocks.11.convs1.2 (Conv1d): out_channels=16, dim=0, amount=0.5
Done pruning resblocks.11.convs1.2 (Conv1d)
Pruning resblocks.11.convs2.0 (Conv1d): out_channels=16, dim=0, amount=0.5
Done pruning resblocks.11.convs2.0 (Conv1d)
Pruning resblocks.11.convs2.1 (Conv1d): out_channels=16, dim=0, amount=0.5
Done pruning resblocks.11.convs2.1 (Conv1d)
Pruning resblocks.11.convs2.2 (Conv1d): out_channels=16, dim=0, amount=0.5
Done pruning resblocks.11.convs2.2 (Conv1d)
Loaded checkpoint: /home/hpc/vlbi/vlbi107v/hifi-gan/cp_hifigan/v1_c256/g_05540000 (13.660 MB)
Generator parameters: 3,555,649
generated_audios/generated_H3_256C_pruned50/61-70968-0004_generated.wav | RTF: 0.2710(1.053s / 3.885s)
generated_audios/generated_H3_256C_pruned50/61-70968-0019_generated.wav | RTF: 0.2638(1.444s / 5.475s)
generated_audios/generated_H3_256C_pruned50/61-70968-0014_generated.wav | RTF: 0.2701(2.022s / 7.485s)
generated_audios/generated_H3_256C_pruned50/61-70968-0001_generated.wav | RTF: 0.2581(0.932s / 3.610s)
generated_audios/generated_H3_256C_pruned50/61-70968-0015_generated.wav | RTF: 0.2664(1.432s / 5.375s)
generated_audios/generated_H3_256C_pruned50/61-70968-0009_generated.wav | RTF: 0.2606(1.175s / 4.510s)
generated_audios/generated_H3_256C_pruned50/61-70968-0011_generated.wav | RTF: 0.2638(1.681s / 6.375s)
generated_audios/generated_H3_256C_pruned50/61-70968-0017_generated.wav | RTF: 0.2617(1.337s / 5.110s)
generated_audios/generated_H3_256C_pruned50/61-70968-0007_generated.wav | RTF: 0.2589(0.919s / 3.550s)
generated_audios/generated_H3_256C_pruned50/61-70968-0016_generated.wav | RTF: 0.2575(0.958s / 3.720s)
generated_audios/generated_H3_256C_pruned50/61-70968-0003_generated.wav | RTF: 0.2648(1.143s / 4.315s)
generated_audios/generated_H3_256C_pruned50/61-70968-0005_generated.wav | RTF: 0.2630(1.333s / 5.070s)
generated_audios/generated_H3_256C_pruned50/61-70968-0006_generated.wav | RTF: 0.2546(0.747s / 2.935s)
generated_audios/generated_H3_256C_pruned50/61-70968-0008_generated.wav | RTF: 0.2648(0.936s / 3.535s)
generated_audios/generated_H3_256C_pruned50/61-70968-0000_generated.wav | RTF: 0.2670(1.310s / 4.905s)
generated_audios/generated_H3_256C_pruned50/61-70968-0013_generated.wav | RTF: 0.2670(1.188s / 4.450s)
generated_audios/generated_H3_256C_pruned50/61-70968-0002_generated.wav | RTF: 0.2550(0.757s / 2.970s)
generated_audios/generated_H3_256C_pruned50/61-70968-0018_generated.wav | RTF: 0.2551(0.614s / 2.405s)
generated_audios/generated_H3_256C_pruned50/61-70968-0010_generated.wav | RTF: 0.2699(2.239s / 8.295s)
generated_audios/generated_H3_256C_pruned50/61-70968-0012_generated.wav | RTF: 0.2615(0.683s / 2.610s)
Average RTF: 0.2639(23.904s / 90.585s)
Evaluation summary:
  Mel-spectrogram L1: 3.169383
  PESQ: 1.042890
  STOI: 0.354065

Appended metrics to CSV: experiments_results.csv
========== H3: pruning 70% ==========
Initializing Inference Process..
Using device: cpu (baseline and quantized inference both run on CPU)
Loading '/home/hpc/vlbi/vlbi107v/hifi-gan/cp_hifigan/v1_c256/g_05540000'
Complete.
Removing weight norm...
Applying structured pruning with ratio 0.70...
Skipping ConvTranspose1d pruning for ups.0
Skipping ConvTranspose1d pruning for ups.1
Skipping ConvTranspose1d pruning for ups.2
Skipping ConvTranspose1d pruning for ups.3
Pruning resblocks.0.convs1.0 (Conv1d): out_channels=128, dim=0, amount=0.7
Done pruning resblocks.0.convs1.0 (Conv1d)
Pruning resblocks.0.convs1.1 (Conv1d): out_channels=128, dim=0, amount=0.7
Done pruning resblocks.0.convs1.1 (Conv1d)
Pruning resblocks.0.convs1.2 (Conv1d): out_channels=128, dim=0, amount=0.7
Done pruning resblocks.0.convs1.2 (Conv1d)
Pruning resblocks.0.convs2.0 (Conv1d): out_channels=128, dim=0, amount=0.7
Done pruning resblocks.0.convs2.0 (Conv1d)
Pruning resblocks.0.convs2.1 (Conv1d): out_channels=128, dim=0, amount=0.7
Done pruning resblocks.0.convs2.1 (Conv1d)
Pruning resblocks.0.convs2.2 (Conv1d): out_channels=128, dim=0, amount=0.7
Done pruning resblocks.0.convs2.2 (Conv1d)
Pruning resblocks.1.convs1.0 (Conv1d): out_channels=128, dim=0, amount=0.7
Done pruning resblocks.1.convs1.0 (Conv1d)
Pruning resblocks.1.convs1.1 (Conv1d): out_channels=128, dim=0, amount=0.7
Done pruning resblocks.1.convs1.1 (Conv1d)
Pruning resblocks.1.convs1.2 (Conv1d): out_channels=128, dim=0, amount=0.7
Done pruning resblocks.1.convs1.2 (Conv1d)
Pruning resblocks.1.convs2.0 (Conv1d): out_channels=128, dim=0, amount=0.7
Done pruning resblocks.1.convs2.0 (Conv1d)
Pruning resblocks.1.convs2.1 (Conv1d): out_channels=128, dim=0, amount=0.7
Done pruning resblocks.1.convs2.1 (Conv1d)
Pruning resblocks.1.convs2.2 (Conv1d): out_channels=128, dim=0, amount=0.7
Done pruning resblocks.1.convs2.2 (Conv1d)
Pruning resblocks.2.convs1.0 (Conv1d): out_channels=128, dim=0, amount=0.7
Done pruning resblocks.2.convs1.0 (Conv1d)
Pruning resblocks.2.convs1.1 (Conv1d): out_channels=128, dim=0, amount=0.7
Done pruning resblocks.2.convs1.1 (Conv1d)
Pruning resblocks.2.convs1.2 (Conv1d): out_channels=128, dim=0, amount=0.7
Done pruning resblocks.2.convs1.2 (Conv1d)
Pruning resblocks.2.convs2.0 (Conv1d): out_channels=128, dim=0, amount=0.7
Done pruning resblocks.2.convs2.0 (Conv1d)
Pruning resblocks.2.convs2.1 (Conv1d): out_channels=128, dim=0, amount=0.7
Done pruning resblocks.2.convs2.1 (Conv1d)
Pruning resblocks.2.convs2.2 (Conv1d): out_channels=128, dim=0, amount=0.7
Done pruning resblocks.2.convs2.2 (Conv1d)
Pruning resblocks.3.convs1.0 (Conv1d): out_channels=64, dim=0, amount=0.7
Done pruning resblocks.3.convs1.0 (Conv1d)
Pruning resblocks.3.convs1.1 (Conv1d): out_channels=64, dim=0, amount=0.7
Done pruning resblocks.3.convs1.1 (Conv1d)
Pruning resblocks.3.convs1.2 (Conv1d): out_channels=64, dim=0, amount=0.7
Done pruning resblocks.3.convs1.2 (Conv1d)
Pruning resblocks.3.convs2.0 (Conv1d): out_channels=64, dim=0, amount=0.7
Done pruning resblocks.3.convs2.0 (Conv1d)
Pruning resblocks.3.convs2.1 (Conv1d): out_channels=64, dim=0, amount=0.7
Done pruning resblocks.3.convs2.1 (Conv1d)
Pruning resblocks.3.convs2.2 (Conv1d): out_channels=64, dim=0, amount=0.7
Done pruning resblocks.3.convs2.2 (Conv1d)
Pruning resblocks.4.convs1.0 (Conv1d): out_channels=64, dim=0, amount=0.7
Done pruning resblocks.4.convs1.0 (Conv1d)
Pruning resblocks.4.convs1.1 (Conv1d): out_channels=64, dim=0, amount=0.7
Done pruning resblocks.4.convs1.1 (Conv1d)
Pruning resblocks.4.convs1.2 (Conv1d): out_channels=64, dim=0, amount=0.7
Done pruning resblocks.4.convs1.2 (Conv1d)
Pruning resblocks.4.convs2.0 (Conv1d): out_channels=64, dim=0, amount=0.7
Done pruning resblocks.4.convs2.0 (Conv1d)
Pruning resblocks.4.convs2.1 (Conv1d): out_channels=64, dim=0, amount=0.7
Done pruning resblocks.4.convs2.1 (Conv1d)
Pruning resblocks.4.convs2.2 (Conv1d): out_channels=64, dim=0, amount=0.7
Done pruning resblocks.4.convs2.2 (Conv1d)
Pruning resblocks.5.convs1.0 (Conv1d): out_channels=64, dim=0, amount=0.7
Done pruning resblocks.5.convs1.0 (Conv1d)
Pruning resblocks.5.convs1.1 (Conv1d): out_channels=64, dim=0, amount=0.7
Done pruning resblocks.5.convs1.1 (Conv1d)
Pruning resblocks.5.convs1.2 (Conv1d): out_channels=64, dim=0, amount=0.7
Done pruning resblocks.5.convs1.2 (Conv1d)
Pruning resblocks.5.convs2.0 (Conv1d): out_channels=64, dim=0, amount=0.7
Done pruning resblocks.5.convs2.0 (Conv1d)
Pruning resblocks.5.convs2.1 (Conv1d): out_channels=64, dim=0, amount=0.7
Done pruning resblocks.5.convs2.1 (Conv1d)
Pruning resblocks.5.convs2.2 (Conv1d): out_channels=64, dim=0, amount=0.7
Done pruning resblocks.5.convs2.2 (Conv1d)
Pruning resblocks.6.convs1.0 (Conv1d): out_channels=32, dim=0, amount=0.7
Done pruning resblocks.6.convs1.0 (Conv1d)
Pruning resblocks.6.convs1.1 (Conv1d): out_channels=32, dim=0, amount=0.7
Done pruning resblocks.6.convs1.1 (Conv1d)
Pruning resblocks.6.convs1.2 (Conv1d): out_channels=32, dim=0, amount=0.7
Done pruning resblocks.6.convs1.2 (Conv1d)
Pruning resblocks.6.convs2.0 (Conv1d): out_channels=32, dim=0, amount=0.7
Done pruning resblocks.6.convs2.0 (Conv1d)
Pruning resblocks.6.convs2.1 (Conv1d): out_channels=32, dim=0, amount=0.7
Done pruning resblocks.6.convs2.1 (Conv1d)
Pruning resblocks.6.convs2.2 (Conv1d): out_channels=32, dim=0, amount=0.7
Done pruning resblocks.6.convs2.2 (Conv1d)
Pruning resblocks.7.convs1.0 (Conv1d): out_channels=32, dim=0, amount=0.7
Done pruning resblocks.7.convs1.0 (Conv1d)
Pruning resblocks.7.convs1.1 (Conv1d): out_channels=32, dim=0, amount=0.7
Done pruning resblocks.7.convs1.1 (Conv1d)
Pruning resblocks.7.convs1.2 (Conv1d): out_channels=32, dim=0, amount=0.7
Done pruning resblocks.7.convs1.2 (Conv1d)
Pruning resblocks.7.convs2.0 (Conv1d): out_channels=32, dim=0, amount=0.7
Done pruning resblocks.7.convs2.0 (Conv1d)
Pruning resblocks.7.convs2.1 (Conv1d): out_channels=32, dim=0, amount=0.7
Done pruning resblocks.7.convs2.1 (Conv1d)
Pruning resblocks.7.convs2.2 (Conv1d): out_channels=32, dim=0, amount=0.7
Done pruning resblocks.7.convs2.2 (Conv1d)
Pruning resblocks.8.convs1.0 (Conv1d): out_channels=32, dim=0, amount=0.7
Done pruning resblocks.8.convs1.0 (Conv1d)
Pruning resblocks.8.convs1.1 (Conv1d): out_channels=32, dim=0, amount=0.7
Done pruning resblocks.8.convs1.1 (Conv1d)
Pruning resblocks.8.convs1.2 (Conv1d): out_channels=32, dim=0, amount=0.7
Done pruning resblocks.8.convs1.2 (Conv1d)
Pruning resblocks.8.convs2.0 (Conv1d): out_channels=32, dim=0, amount=0.7
Done pruning resblocks.8.convs2.0 (Conv1d)
Pruning resblocks.8.convs2.1 (Conv1d): out_channels=32, dim=0, amount=0.7
Done pruning resblocks.8.convs2.1 (Conv1d)
Pruning resblocks.8.convs2.2 (Conv1d): out_channels=32, dim=0, amount=0.7
Done pruning resblocks.8.convs2.2 (Conv1d)
Pruning resblocks.9.convs1.0 (Conv1d): out_channels=16, dim=0, amount=0.7
Done pruning resblocks.9.convs1.0 (Conv1d)
Pruning resblocks.9.convs1.1 (Conv1d): out_channels=16, dim=0, amount=0.7
Done pruning resblocks.9.convs1.1 (Conv1d)
Pruning resblocks.9.convs1.2 (Conv1d): out_channels=16, dim=0, amount=0.7
Done pruning resblocks.9.convs1.2 (Conv1d)
Pruning resblocks.9.convs2.0 (Conv1d): out_channels=16, dim=0, amount=0.7
Done pruning resblocks.9.convs2.0 (Conv1d)
Pruning resblocks.9.convs2.1 (Conv1d): out_channels=16, dim=0, amount=0.7
Done pruning resblocks.9.convs2.1 (Conv1d)
Pruning resblocks.9.convs2.2 (Conv1d): out_channels=16, dim=0, amount=0.7
Done pruning resblocks.9.convs2.2 (Conv1d)
Pruning resblocks.10.convs1.0 (Conv1d): out_channels=16, dim=0, amount=0.7
Done pruning resblocks.10.convs1.0 (Conv1d)
Pruning resblocks.10.convs1.1 (Conv1d): out_channels=16, dim=0, amount=0.7
Done pruning resblocks.10.convs1.1 (Conv1d)
Pruning resblocks.10.convs1.2 (Conv1d): out_channels=16, dim=0, amount=0.7
Done pruning resblocks.10.convs1.2 (Conv1d)
Pruning resblocks.10.convs2.0 (Conv1d): out_channels=16, dim=0, amount=0.7
Done pruning resblocks.10.convs2.0 (Conv1d)
Pruning resblocks.10.convs2.1 (Conv1d): out_channels=16, dim=0, amount=0.7
Done pruning resblocks.10.convs2.1 (Conv1d)
Pruning resblocks.10.convs2.2 (Conv1d): out_channels=16, dim=0, amount=0.7
Done pruning resblocks.10.convs2.2 (Conv1d)
Pruning resblocks.11.convs1.0 (Conv1d): out_channels=16, dim=0, amount=0.7
Done pruning resblocks.11.convs1.0 (Conv1d)
Pruning resblocks.11.convs1.1 (Conv1d): out_channels=16, dim=0, amount=0.7
Done pruning resblocks.11.convs1.1 (Conv1d)
Pruning resblocks.11.convs1.2 (Conv1d): out_channels=16, dim=0, amount=0.7
Done pruning resblocks.11.convs1.2 (Conv1d)
Pruning resblocks.11.convs2.0 (Conv1d): out_channels=16, dim=0, amount=0.7
Done pruning resblocks.11.convs2.0 (Conv1d)
Pruning resblocks.11.convs2.1 (Conv1d): out_channels=16, dim=0, amount=0.7
Done pruning resblocks.11.convs2.1 (Conv1d)
Pruning resblocks.11.convs2.2 (Conv1d): out_channels=16, dim=0, amount=0.7
Done pruning resblocks.11.convs2.2 (Conv1d)
Loaded checkpoint: /home/hpc/vlbi/vlbi107v/hifi-gan/cp_hifigan/v1_c256/g_05540000 (13.660 MB)
Generator parameters: 3,555,649
generated_audios/generated_H3_256C_pruned70/61-70968-0004_generated.wav | RTF: 0.2714(1.054s / 3.885s)
generated_audios/generated_H3_256C_pruned70/61-70968-0019_generated.wav | RTF: 0.2919(1.598s / 5.475s)
generated_audios/generated_H3_256C_pruned70/61-70968-0014_generated.wav | RTF: 0.2693(2.016s / 7.485s)
generated_audios/generated_H3_256C_pruned70/61-70968-0001_generated.wav | RTF: 0.2589(0.935s / 3.610s)
generated_audios/generated_H3_256C_pruned70/61-70968-0015_generated.wav | RTF: 0.2563(1.377s / 5.375s)
generated_audios/generated_H3_256C_pruned70/61-70968-0009_generated.wav | RTF: 0.2602(1.174s / 4.510s)
generated_audios/generated_H3_256C_pruned70/61-70968-0011_generated.wav | RTF: 0.2640(1.683s / 6.375s)
generated_audios/generated_H3_256C_pruned70/61-70968-0017_generated.wav | RTF: 0.2707(1.383s / 5.110s)
generated_audios/generated_H3_256C_pruned70/61-70968-0007_generated.wav | RTF: 0.2610(0.926s / 3.550s)
generated_audios/generated_H3_256C_pruned70/61-70968-0016_generated.wav | RTF: 0.2622(0.975s / 3.720s)
generated_audios/generated_H3_256C_pruned70/61-70968-0003_generated.wav | RTF: 0.2649(1.143s / 4.315s)
generated_audios/generated_H3_256C_pruned70/61-70968-0005_generated.wav | RTF: 0.2667(1.352s / 5.070s)
generated_audios/generated_H3_256C_pruned70/61-70968-0006_generated.wav | RTF: 0.2581(0.758s / 2.935s)
generated_audios/generated_H3_256C_pruned70/61-70968-0008_generated.wav | RTF: 0.2650(0.937s / 3.535s)
generated_audios/generated_H3_256C_pruned70/61-70968-0000_generated.wav | RTF: 0.2684(1.317s / 4.905s)
generated_audios/generated_H3_256C_pruned70/61-70968-0013_generated.wav | RTF: 0.2665(1.186s / 4.450s)
generated_audios/generated_H3_256C_pruned70/61-70968-0002_generated.wav | RTF: 0.2556(0.759s / 2.970s)
generated_audios/generated_H3_256C_pruned70/61-70968-0018_generated.wav | RTF: 0.2548(0.613s / 2.405s)
generated_audios/generated_H3_256C_pruned70/61-70968-0010_generated.wav | RTF: 0.2671(2.216s / 8.295s)
generated_audios/generated_H3_256C_pruned70/61-70968-0012_generated.wav | RTF: 0.2622(0.684s / 2.610s)
Average RTF: 0.2659(24.085s / 90.585s)
Evaluation summary:
  Mel-spectrogram L1: 3.470118
  PESQ: 1.242382
  STOI: 0.322904

Appended metrics to CSV: experiments_results.csv
========== H4: pruning 30% + quantize ==========
Initializing Inference Process..
Using device: cpu (baseline and quantized inference both run on CPU)
Quantization enabled: forcing CPU inference for INT8 model.
Loading '/home/hpc/vlbi/vlbi107v/hifi-gan/cp_hifigan/v1_c256/g_05540000'
Complete.
Removing weight norm...
Applying structured pruning with ratio 0.30...
Skipping ConvTranspose1d pruning for ups.0
Skipping ConvTranspose1d pruning for ups.1
Skipping ConvTranspose1d pruning for ups.2
Skipping ConvTranspose1d pruning for ups.3
Pruning resblocks.0.convs1.0 (Conv1d): out_channels=128, dim=0, amount=0.3
Done pruning resblocks.0.convs1.0 (Conv1d)
Pruning resblocks.0.convs1.1 (Conv1d): out_channels=128, dim=0, amount=0.3
Done pruning resblocks.0.convs1.1 (Conv1d)
Pruning resblocks.0.convs1.2 (Conv1d): out_channels=128, dim=0, amount=0.3
Done pruning resblocks.0.convs1.2 (Conv1d)
Pruning resblocks.0.convs2.0 (Conv1d): out_channels=128, dim=0, amount=0.3
Done pruning resblocks.0.convs2.0 (Conv1d)
Pruning resblocks.0.convs2.1 (Conv1d): out_channels=128, dim=0, amount=0.3
Done pruning resblocks.0.convs2.1 (Conv1d)
Pruning resblocks.0.convs2.2 (Conv1d): out_channels=128, dim=0, amount=0.3
Done pruning resblocks.0.convs2.2 (Conv1d)
Pruning resblocks.1.convs1.0 (Conv1d): out_channels=128, dim=0, amount=0.3
Done pruning resblocks.1.convs1.0 (Conv1d)
Pruning resblocks.1.convs1.1 (Conv1d): out_channels=128, dim=0, amount=0.3
Done pruning resblocks.1.convs1.1 (Conv1d)
Pruning resblocks.1.convs1.2 (Conv1d): out_channels=128, dim=0, amount=0.3
Done pruning resblocks.1.convs1.2 (Conv1d)
Pruning resblocks.1.convs2.0 (Conv1d): out_channels=128, dim=0, amount=0.3
Done pruning resblocks.1.convs2.0 (Conv1d)
Pruning resblocks.1.convs2.1 (Conv1d): out_channels=128, dim=0, amount=0.3
Done pruning resblocks.1.convs2.1 (Conv1d)
Pruning resblocks.1.convs2.2 (Conv1d): out_channels=128, dim=0, amount=0.3
Done pruning resblocks.1.convs2.2 (Conv1d)
Pruning resblocks.2.convs1.0 (Conv1d): out_channels=128, dim=0, amount=0.3
Done pruning resblocks.2.convs1.0 (Conv1d)
Pruning resblocks.2.convs1.1 (Conv1d): out_channels=128, dim=0, amount=0.3
Done pruning resblocks.2.convs1.1 (Conv1d)
Pruning resblocks.2.convs1.2 (Conv1d): out_channels=128, dim=0, amount=0.3
Done pruning resblocks.2.convs1.2 (Conv1d)
Pruning resblocks.2.convs2.0 (Conv1d): out_channels=128, dim=0, amount=0.3
Done pruning resblocks.2.convs2.0 (Conv1d)
Pruning resblocks.2.convs2.1 (Conv1d): out_channels=128, dim=0, amount=0.3
Done pruning resblocks.2.convs2.1 (Conv1d)
Pruning resblocks.2.convs2.2 (Conv1d): out_channels=128, dim=0, amount=0.3
Done pruning resblocks.2.convs2.2 (Conv1d)
Pruning resblocks.3.convs1.0 (Conv1d): out_channels=64, dim=0, amount=0.3
Done pruning resblocks.3.convs1.0 (Conv1d)
Pruning resblocks.3.convs1.1 (Conv1d): out_channels=64, dim=0, amount=0.3
Done pruning resblocks.3.convs1.1 (Conv1d)
Pruning resblocks.3.convs1.2 (Conv1d): out_channels=64, dim=0, amount=0.3
Done pruning resblocks.3.convs1.2 (Conv1d)
Pruning resblocks.3.convs2.0 (Conv1d): out_channels=64, dim=0, amount=0.3
Done pruning resblocks.3.convs2.0 (Conv1d)
Pruning resblocks.3.convs2.1 (Conv1d): out_channels=64, dim=0, amount=0.3
Done pruning resblocks.3.convs2.1 (Conv1d)
Pruning resblocks.3.convs2.2 (Conv1d): out_channels=64, dim=0, amount=0.3
Done pruning resblocks.3.convs2.2 (Conv1d)
Pruning resblocks.4.convs1.0 (Conv1d): out_channels=64, dim=0, amount=0.3
Done pruning resblocks.4.convs1.0 (Conv1d)
Pruning resblocks.4.convs1.1 (Conv1d): out_channels=64, dim=0, amount=0.3
Done pruning resblocks.4.convs1.1 (Conv1d)
Pruning resblocks.4.convs1.2 (Conv1d): out_channels=64, dim=0, amount=0.3
Done pruning resblocks.4.convs1.2 (Conv1d)
Pruning resblocks.4.convs2.0 (Conv1d): out_channels=64, dim=0, amount=0.3
Done pruning resblocks.4.convs2.0 (Conv1d)
Pruning resblocks.4.convs2.1 (Conv1d): out_channels=64, dim=0, amount=0.3
Done pruning resblocks.4.convs2.1 (Conv1d)
Pruning resblocks.4.convs2.2 (Conv1d): out_channels=64, dim=0, amount=0.3
Done pruning resblocks.4.convs2.2 (Conv1d)
Pruning resblocks.5.convs1.0 (Conv1d): out_channels=64, dim=0, amount=0.3
Done pruning resblocks.5.convs1.0 (Conv1d)
Pruning resblocks.5.convs1.1 (Conv1d): out_channels=64, dim=0, amount=0.3
Done pruning resblocks.5.convs1.1 (Conv1d)
Pruning resblocks.5.convs1.2 (Conv1d): out_channels=64, dim=0, amount=0.3
Done pruning resblocks.5.convs1.2 (Conv1d)
Pruning resblocks.5.convs2.0 (Conv1d): out_channels=64, dim=0, amount=0.3
Done pruning resblocks.5.convs2.0 (Conv1d)
Pruning resblocks.5.convs2.1 (Conv1d): out_channels=64, dim=0, amount=0.3
Done pruning resblocks.5.convs2.1 (Conv1d)
Pruning resblocks.5.convs2.2 (Conv1d): out_channels=64, dim=0, amount=0.3
Done pruning resblocks.5.convs2.2 (Conv1d)
Pruning resblocks.6.convs1.0 (Conv1d): out_channels=32, dim=0, amount=0.3
Done pruning resblocks.6.convs1.0 (Conv1d)
Pruning resblocks.6.convs1.1 (Conv1d): out_channels=32, dim=0, amount=0.3
Done pruning resblocks.6.convs1.1 (Conv1d)
Pruning resblocks.6.convs1.2 (Conv1d): out_channels=32, dim=0, amount=0.3
Done pruning resblocks.6.convs1.2 (Conv1d)
Pruning resblocks.6.convs2.0 (Conv1d): out_channels=32, dim=0, amount=0.3
Done pruning resblocks.6.convs2.0 (Conv1d)
Pruning resblocks.6.convs2.1 (Conv1d): out_channels=32, dim=0, amount=0.3
Done pruning resblocks.6.convs2.1 (Conv1d)
Pruning resblocks.6.convs2.2 (Conv1d): out_channels=32, dim=0, amount=0.3
Done pruning resblocks.6.convs2.2 (Conv1d)
Pruning resblocks.7.convs1.0 (Conv1d): out_channels=32, dim=0, amount=0.3
Done pruning resblocks.7.convs1.0 (Conv1d)
Pruning resblocks.7.convs1.1 (Conv1d): out_channels=32, dim=0, amount=0.3
Done pruning resblocks.7.convs1.1 (Conv1d)
Pruning resblocks.7.convs1.2 (Conv1d): out_channels=32, dim=0, amount=0.3
Done pruning resblocks.7.convs1.2 (Conv1d)
Pruning resblocks.7.convs2.0 (Conv1d): out_channels=32, dim=0, amount=0.3
Done pruning resblocks.7.convs2.0 (Conv1d)
Pruning resblocks.7.convs2.1 (Conv1d): out_channels=32, dim=0, amount=0.3
Done pruning resblocks.7.convs2.1 (Conv1d)
Pruning resblocks.7.convs2.2 (Conv1d): out_channels=32, dim=0, amount=0.3
Done pruning resblocks.7.convs2.2 (Conv1d)
Pruning resblocks.8.convs1.0 (Conv1d): out_channels=32, dim=0, amount=0.3
Done pruning resblocks.8.convs1.0 (Conv1d)
Pruning resblocks.8.convs1.1 (Conv1d): out_channels=32, dim=0, amount=0.3
Done pruning resblocks.8.convs1.1 (Conv1d)
Pruning resblocks.8.convs1.2 (Conv1d): out_channels=32, dim=0, amount=0.3
Done pruning resblocks.8.convs1.2 (Conv1d)
Pruning resblocks.8.convs2.0 (Conv1d): out_channels=32, dim=0, amount=0.3
Done pruning resblocks.8.convs2.0 (Conv1d)
Pruning resblocks.8.convs2.1 (Conv1d): out_channels=32, dim=0, amount=0.3
Done pruning resblocks.8.convs2.1 (Conv1d)
Pruning resblocks.8.convs2.2 (Conv1d): out_channels=32, dim=0, amount=0.3
Done pruning resblocks.8.convs2.2 (Conv1d)
Pruning resblocks.9.convs1.0 (Conv1d): out_channels=16, dim=0, amount=0.3
Done pruning resblocks.9.convs1.0 (Conv1d)
Pruning resblocks.9.convs1.1 (Conv1d): out_channels=16, dim=0, amount=0.3
Done pruning resblocks.9.convs1.1 (Conv1d)
Pruning resblocks.9.convs1.2 (Conv1d): out_channels=16, dim=0, amount=0.3
Done pruning resblocks.9.convs1.2 (Conv1d)
Pruning resblocks.9.convs2.0 (Conv1d): out_channels=16, dim=0, amount=0.3
Done pruning resblocks.9.convs2.0 (Conv1d)
Pruning resblocks.9.convs2.1 (Conv1d): out_channels=16, dim=0, amount=0.3
Done pruning resblocks.9.convs2.1 (Conv1d)
Pruning resblocks.9.convs2.2 (Conv1d): out_channels=16, dim=0, amount=0.3
Done pruning resblocks.9.convs2.2 (Conv1d)
Pruning resblocks.10.convs1.0 (Conv1d): out_channels=16, dim=0, amount=0.3
Done pruning resblocks.10.convs1.0 (Conv1d)
Pruning resblocks.10.convs1.1 (Conv1d): out_channels=16, dim=0, amount=0.3
Done pruning resblocks.10.convs1.1 (Conv1d)
Pruning resblocks.10.convs1.2 (Conv1d): out_channels=16, dim=0, amount=0.3
Done pruning resblocks.10.convs1.2 (Conv1d)
Pruning resblocks.10.convs2.0 (Conv1d): out_channels=16, dim=0, amount=0.3
Done pruning resblocks.10.convs2.0 (Conv1d)
Pruning resblocks.10.convs2.1 (Conv1d): out_channels=16, dim=0, amount=0.3
Done pruning resblocks.10.convs2.1 (Conv1d)
Pruning resblocks.10.convs2.2 (Conv1d): out_channels=16, dim=0, amount=0.3
Done pruning resblocks.10.convs2.2 (Conv1d)
Pruning resblocks.11.convs1.0 (Conv1d): out_channels=16, dim=0, amount=0.3
Done pruning resblocks.11.convs1.0 (Conv1d)
Pruning resblocks.11.convs1.1 (Conv1d): out_channels=16, dim=0, amount=0.3
Done pruning resblocks.11.convs1.1 (Conv1d)
Pruning resblocks.11.convs1.2 (Conv1d): out_channels=16, dim=0, amount=0.3
Done pruning resblocks.11.convs1.2 (Conv1d)
Pruning resblocks.11.convs2.0 (Conv1d): out_channels=16, dim=0, amount=0.3
Done pruning resblocks.11.convs2.0 (Conv1d)
Pruning resblocks.11.convs2.1 (Conv1d): out_channels=16, dim=0, amount=0.3
Done pruning resblocks.11.convs2.1 (Conv1d)
Pruning resblocks.11.convs2.2 (Conv1d): out_channels=16, dim=0, amount=0.3
Done pruning resblocks.11.convs2.2 (Conv1d)
Loaded checkpoint: /home/hpc/vlbi/vlbi107v/hifi-gan/cp_hifigan/v1_c256/g_05540000 (13.660 MB)
Generator parameters: 3,555,649
generated_audios/generated_H4_256C_pruned30_int8/61-70968-0004_generated.wav | RTF: 0.2702(1.050s / 3.885s)
generated_audios/generated_H4_256C_pruned30_int8/61-70968-0019_generated.wav | RTF: 0.2711(1.484s / 5.475s)
generated_audios/generated_H4_256C_pruned30_int8/61-70968-0014_generated.wav | RTF: 0.2703(2.023s / 7.485s)
generated_audios/generated_H4_256C_pruned30_int8/61-70968-0001_generated.wav | RTF: 0.2584(0.933s / 3.610s)
generated_audios/generated_H4_256C_pruned30_int8/61-70968-0015_generated.wav | RTF: 0.2569(1.381s / 5.375s)
generated_audios/generated_H4_256C_pruned30_int8/61-70968-0009_generated.wav | RTF: 0.2616(1.180s / 4.510s)
generated_audios/generated_H4_256C_pruned30_int8/61-70968-0011_generated.wav | RTF: 0.2623(1.672s / 6.375s)
generated_audios/generated_H4_256C_pruned30_int8/61-70968-0017_generated.wav | RTF: 0.2622(1.340s / 5.110s)
generated_audios/generated_H4_256C_pruned30_int8/61-70968-0007_generated.wav | RTF: 0.2680(0.951s / 3.550s)
generated_audios/generated_H4_256C_pruned30_int8/61-70968-0016_generated.wav | RTF: 0.2636(0.981s / 3.720s)
generated_audios/generated_H4_256C_pruned30_int8/61-70968-0003_generated.wav | RTF: 0.2729(1.178s / 4.315s)
generated_audios/generated_H4_256C_pruned30_int8/61-70968-0005_generated.wav | RTF: 0.2709(1.373s / 5.070s)
generated_audios/generated_H4_256C_pruned30_int8/61-70968-0006_generated.wav | RTF: 0.2583(0.758s / 2.935s)
generated_audios/generated_H4_256C_pruned30_int8/61-70968-0008_generated.wav | RTF: 0.2746(0.971s / 3.535s)
generated_audios/generated_H4_256C_pruned30_int8/61-70968-0000_generated.wav | RTF: 0.2650(1.300s / 4.905s)
generated_audios/generated_H4_256C_pruned30_int8/61-70968-0013_generated.wav | RTF: 0.2613(1.163s / 4.450s)
generated_audios/generated_H4_256C_pruned30_int8/61-70968-0002_generated.wav | RTF: 0.2527(0.751s / 2.970s)
generated_audios/generated_H4_256C_pruned30_int8/61-70968-0018_generated.wav | RTF: 0.2548(0.613s / 2.405s)
generated_audios/generated_H4_256C_pruned30_int8/61-70968-0010_generated.wav | RTF: 0.2662(2.208s / 8.295s)
generated_audios/generated_H4_256C_pruned30_int8/61-70968-0012_generated.wav | RTF: 0.2603(0.679s / 2.610s)
Average RTF: 0.2648(23.988s / 90.585s)
Evaluation summary:
  Mel-spectrogram L1: 3.216585
  PESQ: 1.038069
  STOI: 0.368944

Appended metrics to CSV: experiments_results.csv
========== H4: pruning 50% + quantize ==========
Initializing Inference Process..
Using device: cpu (baseline and quantized inference both run on CPU)
Quantization enabled: forcing CPU inference for INT8 model.
Loading '/home/hpc/vlbi/vlbi107v/hifi-gan/cp_hifigan/v1_c256/g_05540000'
Complete.
Removing weight norm...
Applying structured pruning with ratio 0.50...
Skipping ConvTranspose1d pruning for ups.0
Skipping ConvTranspose1d pruning for ups.1
Skipping ConvTranspose1d pruning for ups.2
Skipping ConvTranspose1d pruning for ups.3
Pruning resblocks.0.convs1.0 (Conv1d): out_channels=128, dim=0, amount=0.5
Done pruning resblocks.0.convs1.0 (Conv1d)
Pruning resblocks.0.convs1.1 (Conv1d): out_channels=128, dim=0, amount=0.5
Done pruning resblocks.0.convs1.1 (Conv1d)
Pruning resblocks.0.convs1.2 (Conv1d): out_channels=128, dim=0, amount=0.5
Done pruning resblocks.0.convs1.2 (Conv1d)
Pruning resblocks.0.convs2.0 (Conv1d): out_channels=128, dim=0, amount=0.5
Done pruning resblocks.0.convs2.0 (Conv1d)
Pruning resblocks.0.convs2.1 (Conv1d): out_channels=128, dim=0, amount=0.5
Done pruning resblocks.0.convs2.1 (Conv1d)
Pruning resblocks.0.convs2.2 (Conv1d): out_channels=128, dim=0, amount=0.5
Done pruning resblocks.0.convs2.2 (Conv1d)
Pruning resblocks.1.convs1.0 (Conv1d): out_channels=128, dim=0, amount=0.5
Done pruning resblocks.1.convs1.0 (Conv1d)
Pruning resblocks.1.convs1.1 (Conv1d): out_channels=128, dim=0, amount=0.5
Done pruning resblocks.1.convs1.1 (Conv1d)
Pruning resblocks.1.convs1.2 (Conv1d): out_channels=128, dim=0, amount=0.5
Done pruning resblocks.1.convs1.2 (Conv1d)
Pruning resblocks.1.convs2.0 (Conv1d): out_channels=128, dim=0, amount=0.5
Done pruning resblocks.1.convs2.0 (Conv1d)
Pruning resblocks.1.convs2.1 (Conv1d): out_channels=128, dim=0, amount=0.5
Done pruning resblocks.1.convs2.1 (Conv1d)
Pruning resblocks.1.convs2.2 (Conv1d): out_channels=128, dim=0, amount=0.5
Done pruning resblocks.1.convs2.2 (Conv1d)
Pruning resblocks.2.convs1.0 (Conv1d): out_channels=128, dim=0, amount=0.5
Done pruning resblocks.2.convs1.0 (Conv1d)
Pruning resblocks.2.convs1.1 (Conv1d): out_channels=128, dim=0, amount=0.5
Done pruning resblocks.2.convs1.1 (Conv1d)
Pruning resblocks.2.convs1.2 (Conv1d): out_channels=128, dim=0, amount=0.5
Done pruning resblocks.2.convs1.2 (Conv1d)
Pruning resblocks.2.convs2.0 (Conv1d): out_channels=128, dim=0, amount=0.5
Done pruning resblocks.2.convs2.0 (Conv1d)
Pruning resblocks.2.convs2.1 (Conv1d): out_channels=128, dim=0, amount=0.5
Done pruning resblocks.2.convs2.1 (Conv1d)
Pruning resblocks.2.convs2.2 (Conv1d): out_channels=128, dim=0, amount=0.5
Done pruning resblocks.2.convs2.2 (Conv1d)
Pruning resblocks.3.convs1.0 (Conv1d): out_channels=64, dim=0, amount=0.5
Done pruning resblocks.3.convs1.0 (Conv1d)
Pruning resblocks.3.convs1.1 (Conv1d): out_channels=64, dim=0, amount=0.5
Done pruning resblocks.3.convs1.1 (Conv1d)
Pruning resblocks.3.convs1.2 (Conv1d): out_channels=64, dim=0, amount=0.5
Done pruning resblocks.3.convs1.2 (Conv1d)
Pruning resblocks.3.convs2.0 (Conv1d): out_channels=64, dim=0, amount=0.5
Done pruning resblocks.3.convs2.0 (Conv1d)
Pruning resblocks.3.convs2.1 (Conv1d): out_channels=64, dim=0, amount=0.5
Done pruning resblocks.3.convs2.1 (Conv1d)
Pruning resblocks.3.convs2.2 (Conv1d): out_channels=64, dim=0, amount=0.5
Done pruning resblocks.3.convs2.2 (Conv1d)
Pruning resblocks.4.convs1.0 (Conv1d): out_channels=64, dim=0, amount=0.5
Done pruning resblocks.4.convs1.0 (Conv1d)
Pruning resblocks.4.convs1.1 (Conv1d): out_channels=64, dim=0, amount=0.5
Done pruning resblocks.4.convs1.1 (Conv1d)
Pruning resblocks.4.convs1.2 (Conv1d): out_channels=64, dim=0, amount=0.5
Done pruning resblocks.4.convs1.2 (Conv1d)
Pruning resblocks.4.convs2.0 (Conv1d): out_channels=64, dim=0, amount=0.5
Done pruning resblocks.4.convs2.0 (Conv1d)
Pruning resblocks.4.convs2.1 (Conv1d): out_channels=64, dim=0, amount=0.5
Done pruning resblocks.4.convs2.1 (Conv1d)
Pruning resblocks.4.convs2.2 (Conv1d): out_channels=64, dim=0, amount=0.5
Done pruning resblocks.4.convs2.2 (Conv1d)
Pruning resblocks.5.convs1.0 (Conv1d): out_channels=64, dim=0, amount=0.5
Done pruning resblocks.5.convs1.0 (Conv1d)
Pruning resblocks.5.convs1.1 (Conv1d): out_channels=64, dim=0, amount=0.5
Done pruning resblocks.5.convs1.1 (Conv1d)
Pruning resblocks.5.convs1.2 (Conv1d): out_channels=64, dim=0, amount=0.5
Done pruning resblocks.5.convs1.2 (Conv1d)
Pruning resblocks.5.convs2.0 (Conv1d): out_channels=64, dim=0, amount=0.5
Done pruning resblocks.5.convs2.0 (Conv1d)
Pruning resblocks.5.convs2.1 (Conv1d): out_channels=64, dim=0, amount=0.5
Done pruning resblocks.5.convs2.1 (Conv1d)
Pruning resblocks.5.convs2.2 (Conv1d): out_channels=64, dim=0, amount=0.5
Done pruning resblocks.5.convs2.2 (Conv1d)
Pruning resblocks.6.convs1.0 (Conv1d): out_channels=32, dim=0, amount=0.5
Done pruning resblocks.6.convs1.0 (Conv1d)
Pruning resblocks.6.convs1.1 (Conv1d): out_channels=32, dim=0, amount=0.5
Done pruning resblocks.6.convs1.1 (Conv1d)
Pruning resblocks.6.convs1.2 (Conv1d): out_channels=32, dim=0, amount=0.5
Done pruning resblocks.6.convs1.2 (Conv1d)
Pruning resblocks.6.convs2.0 (Conv1d): out_channels=32, dim=0, amount=0.5
Done pruning resblocks.6.convs2.0 (Conv1d)
Pruning resblocks.6.convs2.1 (Conv1d): out_channels=32, dim=0, amount=0.5
Done pruning resblocks.6.convs2.1 (Conv1d)
Pruning resblocks.6.convs2.2 (Conv1d): out_channels=32, dim=0, amount=0.5
Done pruning resblocks.6.convs2.2 (Conv1d)
Pruning resblocks.7.convs1.0 (Conv1d): out_channels=32, dim=0, amount=0.5
Done pruning resblocks.7.convs1.0 (Conv1d)
Pruning resblocks.7.convs1.1 (Conv1d): out_channels=32, dim=0, amount=0.5
Done pruning resblocks.7.convs1.1 (Conv1d)
Pruning resblocks.7.convs1.2 (Conv1d): out_channels=32, dim=0, amount=0.5
Done pruning resblocks.7.convs1.2 (Conv1d)
Pruning resblocks.7.convs2.0 (Conv1d): out_channels=32, dim=0, amount=0.5
Done pruning resblocks.7.convs2.0 (Conv1d)
Pruning resblocks.7.convs2.1 (Conv1d): out_channels=32, dim=0, amount=0.5
Done pruning resblocks.7.convs2.1 (Conv1d)
Pruning resblocks.7.convs2.2 (Conv1d): out_channels=32, dim=0, amount=0.5
Done pruning resblocks.7.convs2.2 (Conv1d)
Pruning resblocks.8.convs1.0 (Conv1d): out_channels=32, dim=0, amount=0.5
Done pruning resblocks.8.convs1.0 (Conv1d)
Pruning resblocks.8.convs1.1 (Conv1d): out_channels=32, dim=0, amount=0.5
Done pruning resblocks.8.convs1.1 (Conv1d)
Pruning resblocks.8.convs1.2 (Conv1d): out_channels=32, dim=0, amount=0.5
Done pruning resblocks.8.convs1.2 (Conv1d)
Pruning resblocks.8.convs2.0 (Conv1d): out_channels=32, dim=0, amount=0.5
Done pruning resblocks.8.convs2.0 (Conv1d)
Pruning resblocks.8.convs2.1 (Conv1d): out_channels=32, dim=0, amount=0.5
Done pruning resblocks.8.convs2.1 (Conv1d)
Pruning resblocks.8.convs2.2 (Conv1d): out_channels=32, dim=0, amount=0.5
Done pruning resblocks.8.convs2.2 (Conv1d)
Pruning resblocks.9.convs1.0 (Conv1d): out_channels=16, dim=0, amount=0.5
Done pruning resblocks.9.convs1.0 (Conv1d)
Pruning resblocks.9.convs1.1 (Conv1d): out_channels=16, dim=0, amount=0.5
Done pruning resblocks.9.convs1.1 (Conv1d)
Pruning resblocks.9.convs1.2 (Conv1d): out_channels=16, dim=0, amount=0.5
Done pruning resblocks.9.convs1.2 (Conv1d)
Pruning resblocks.9.convs2.0 (Conv1d): out_channels=16, dim=0, amount=0.5
Done pruning resblocks.9.convs2.0 (Conv1d)
Pruning resblocks.9.convs2.1 (Conv1d): out_channels=16, dim=0, amount=0.5
Done pruning resblocks.9.convs2.1 (Conv1d)
Pruning resblocks.9.convs2.2 (Conv1d): out_channels=16, dim=0, amount=0.5
Done pruning resblocks.9.convs2.2 (Conv1d)
Pruning resblocks.10.convs1.0 (Conv1d): out_channels=16, dim=0, amount=0.5
Done pruning resblocks.10.convs1.0 (Conv1d)
Pruning resblocks.10.convs1.1 (Conv1d): out_channels=16, dim=0, amount=0.5
Done pruning resblocks.10.convs1.1 (Conv1d)
Pruning resblocks.10.convs1.2 (Conv1d): out_channels=16, dim=0, amount=0.5
Done pruning resblocks.10.convs1.2 (Conv1d)
Pruning resblocks.10.convs2.0 (Conv1d): out_channels=16, dim=0, amount=0.5
Done pruning resblocks.10.convs2.0 (Conv1d)
Pruning resblocks.10.convs2.1 (Conv1d): out_channels=16, dim=0, amount=0.5
Done pruning resblocks.10.convs2.1 (Conv1d)
Pruning resblocks.10.convs2.2 (Conv1d): out_channels=16, dim=0, amount=0.5
Done pruning resblocks.10.convs2.2 (Conv1d)
Pruning resblocks.11.convs1.0 (Conv1d): out_channels=16, dim=0, amount=0.5
Done pruning resblocks.11.convs1.0 (Conv1d)
Pruning resblocks.11.convs1.1 (Conv1d): out_channels=16, dim=0, amount=0.5
Done pruning resblocks.11.convs1.1 (Conv1d)
Pruning resblocks.11.convs1.2 (Conv1d): out_channels=16, dim=0, amount=0.5
Done pruning resblocks.11.convs1.2 (Conv1d)
Pruning resblocks.11.convs2.0 (Conv1d): out_channels=16, dim=0, amount=0.5
Done pruning resblocks.11.convs2.0 (Conv1d)
Pruning resblocks.11.convs2.1 (Conv1d): out_channels=16, dim=0, amount=0.5
Done pruning resblocks.11.convs2.1 (Conv1d)
Pruning resblocks.11.convs2.2 (Conv1d): out_channels=16, dim=0, amount=0.5
Done pruning resblocks.11.convs2.2 (Conv1d)
Loaded checkpoint: /home/hpc/vlbi/vlbi107v/hifi-gan/cp_hifigan/v1_c256/g_05540000 (13.660 MB)
Generator parameters: 3,555,649
generated_audios/generated_H4_256C_pruned50_int8/61-70968-0004_generated.wav | RTF: 0.2726(1.059s / 3.885s)
generated_audios/generated_H4_256C_pruned50_int8/61-70968-0019_generated.wav | RTF: 0.2986(1.635s / 5.475s)
generated_audios/generated_H4_256C_pruned50_int8/61-70968-0014_generated.wav | RTF: 0.2887(2.161s / 7.485s)
generated_audios/generated_H4_256C_pruned50_int8/61-70968-0001_generated.wav | RTF: 0.2609(0.942s / 3.610s)
generated_audios/generated_H4_256C_pruned50_int8/61-70968-0015_generated.wav | RTF: 0.2600(1.398s / 5.375s)
generated_audios/generated_H4_256C_pruned50_int8/61-70968-0009_generated.wav | RTF: 0.2613(1.179s / 4.510s)
generated_audios/generated_H4_256C_pruned50_int8/61-70968-0011_generated.wav | RTF: 0.2642(1.684s / 6.375s)
generated_audios/generated_H4_256C_pruned50_int8/61-70968-0017_generated.wav | RTF: 0.2666(1.363s / 5.110s)
generated_audios/generated_H4_256C_pruned50_int8/61-70968-0007_generated.wav | RTF: 0.2651(0.941s / 3.550s)
generated_audios/generated_H4_256C_pruned50_int8/61-70968-0016_generated.wav | RTF: 0.2652(0.986s / 3.720s)
generated_audios/generated_H4_256C_pruned50_int8/61-70968-0003_generated.wav | RTF: 0.2640(1.139s / 4.315s)
generated_audios/generated_H4_256C_pruned50_int8/61-70968-0005_generated.wav | RTF: 0.2623(1.330s / 5.070s)
generated_audios/generated_H4_256C_pruned50_int8/61-70968-0006_generated.wav | RTF: 0.2567(0.753s / 2.935s)
generated_audios/generated_H4_256C_pruned50_int8/61-70968-0008_generated.wav | RTF: 0.2660(0.940s / 3.535s)
generated_audios/generated_H4_256C_pruned50_int8/61-70968-0000_generated.wav | RTF: 0.2658(1.304s / 4.905s)
generated_audios/generated_H4_256C_pruned50_int8/61-70968-0013_generated.wav | RTF: 0.2646(1.177s / 4.450s)
generated_audios/generated_H4_256C_pruned50_int8/61-70968-0002_generated.wav | RTF: 0.2550(0.757s / 2.970s)
generated_audios/generated_H4_256C_pruned50_int8/61-70968-0018_generated.wav | RTF: 0.2549(0.613s / 2.405s)
generated_audios/generated_H4_256C_pruned50_int8/61-70968-0010_generated.wav | RTF: 0.2681(2.224s / 8.295s)
generated_audios/generated_H4_256C_pruned50_int8/61-70968-0012_generated.wav | RTF: 0.2622(0.684s / 2.610s)
Average RTF: 0.2679(24.270s / 90.585s)
Evaluation summary:
  Mel-spectrogram L1: 3.169383
  PESQ: 1.042890
  STOI: 0.354065

Appended metrics to CSV: experiments_results.csv
========== H4: pruning 70% + quantize ==========
Initializing Inference Process..
Using device: cpu (baseline and quantized inference both run on CPU)
Quantization enabled: forcing CPU inference for INT8 model.
Loading '/home/hpc/vlbi/vlbi107v/hifi-gan/cp_hifigan/v1_c256/g_05540000'
Complete.
Removing weight norm...
Applying structured pruning with ratio 0.70...
Skipping ConvTranspose1d pruning for ups.0
Skipping ConvTranspose1d pruning for ups.1
Skipping ConvTranspose1d pruning for ups.2
Skipping ConvTranspose1d pruning for ups.3
Pruning resblocks.0.convs1.0 (Conv1d): out_channels=128, dim=0, amount=0.7
Done pruning resblocks.0.convs1.0 (Conv1d)
Pruning resblocks.0.convs1.1 (Conv1d): out_channels=128, dim=0, amount=0.7
Done pruning resblocks.0.convs1.1 (Conv1d)
Pruning resblocks.0.convs1.2 (Conv1d): out_channels=128, dim=0, amount=0.7
Done pruning resblocks.0.convs1.2 (Conv1d)
Pruning resblocks.0.convs2.0 (Conv1d): out_channels=128, dim=0, amount=0.7
Done pruning resblocks.0.convs2.0 (Conv1d)
Pruning resblocks.0.convs2.1 (Conv1d): out_channels=128, dim=0, amount=0.7
Done pruning resblocks.0.convs2.1 (Conv1d)
Pruning resblocks.0.convs2.2 (Conv1d): out_channels=128, dim=0, amount=0.7
Done pruning resblocks.0.convs2.2 (Conv1d)
Pruning resblocks.1.convs1.0 (Conv1d): out_channels=128, dim=0, amount=0.7
Done pruning resblocks.1.convs1.0 (Conv1d)
Pruning resblocks.1.convs1.1 (Conv1d): out_channels=128, dim=0, amount=0.7
Done pruning resblocks.1.convs1.1 (Conv1d)
Pruning resblocks.1.convs1.2 (Conv1d): out_channels=128, dim=0, amount=0.7
Done pruning resblocks.1.convs1.2 (Conv1d)
Pruning resblocks.1.convs2.0 (Conv1d): out_channels=128, dim=0, amount=0.7
Done pruning resblocks.1.convs2.0 (Conv1d)
Pruning resblocks.1.convs2.1 (Conv1d): out_channels=128, dim=0, amount=0.7
Done pruning resblocks.1.convs2.1 (Conv1d)
Pruning resblocks.1.convs2.2 (Conv1d): out_channels=128, dim=0, amount=0.7
Done pruning resblocks.1.convs2.2 (Conv1d)
Pruning resblocks.2.convs1.0 (Conv1d): out_channels=128, dim=0, amount=0.7
Done pruning resblocks.2.convs1.0 (Conv1d)
Pruning resblocks.2.convs1.1 (Conv1d): out_channels=128, dim=0, amount=0.7
Done pruning resblocks.2.convs1.1 (Conv1d)
Pruning resblocks.2.convs1.2 (Conv1d): out_channels=128, dim=0, amount=0.7
Done pruning resblocks.2.convs1.2 (Conv1d)
Pruning resblocks.2.convs2.0 (Conv1d): out_channels=128, dim=0, amount=0.7
Done pruning resblocks.2.convs2.0 (Conv1d)
Pruning resblocks.2.convs2.1 (Conv1d): out_channels=128, dim=0, amount=0.7
Done pruning resblocks.2.convs2.1 (Conv1d)
Pruning resblocks.2.convs2.2 (Conv1d): out_channels=128, dim=0, amount=0.7
Done pruning resblocks.2.convs2.2 (Conv1d)
Pruning resblocks.3.convs1.0 (Conv1d): out_channels=64, dim=0, amount=0.7
Done pruning resblocks.3.convs1.0 (Conv1d)
Pruning resblocks.3.convs1.1 (Conv1d): out_channels=64, dim=0, amount=0.7
Done pruning resblocks.3.convs1.1 (Conv1d)
Pruning resblocks.3.convs1.2 (Conv1d): out_channels=64, dim=0, amount=0.7
Done pruning resblocks.3.convs1.2 (Conv1d)
Pruning resblocks.3.convs2.0 (Conv1d): out_channels=64, dim=0, amount=0.7
Done pruning resblocks.3.convs2.0 (Conv1d)
Pruning resblocks.3.convs2.1 (Conv1d): out_channels=64, dim=0, amount=0.7
Done pruning resblocks.3.convs2.1 (Conv1d)
Pruning resblocks.3.convs2.2 (Conv1d): out_channels=64, dim=0, amount=0.7
Done pruning resblocks.3.convs2.2 (Conv1d)
Pruning resblocks.4.convs1.0 (Conv1d): out_channels=64, dim=0, amount=0.7
Done pruning resblocks.4.convs1.0 (Conv1d)
Pruning resblocks.4.convs1.1 (Conv1d): out_channels=64, dim=0, amount=0.7
Done pruning resblocks.4.convs1.1 (Conv1d)
Pruning resblocks.4.convs1.2 (Conv1d): out_channels=64, dim=0, amount=0.7
Done pruning resblocks.4.convs1.2 (Conv1d)
Pruning resblocks.4.convs2.0 (Conv1d): out_channels=64, dim=0, amount=0.7
Done pruning resblocks.4.convs2.0 (Conv1d)
Pruning resblocks.4.convs2.1 (Conv1d): out_channels=64, dim=0, amount=0.7
Done pruning resblocks.4.convs2.1 (Conv1d)
Pruning resblocks.4.convs2.2 (Conv1d): out_channels=64, dim=0, amount=0.7
Done pruning resblocks.4.convs2.2 (Conv1d)
Pruning resblocks.5.convs1.0 (Conv1d): out_channels=64, dim=0, amount=0.7
Done pruning resblocks.5.convs1.0 (Conv1d)
Pruning resblocks.5.convs1.1 (Conv1d): out_channels=64, dim=0, amount=0.7
Done pruning resblocks.5.convs1.1 (Conv1d)
Pruning resblocks.5.convs1.2 (Conv1d): out_channels=64, dim=0, amount=0.7
Done pruning resblocks.5.convs1.2 (Conv1d)
Pruning resblocks.5.convs2.0 (Conv1d): out_channels=64, dim=0, amount=0.7
Done pruning resblocks.5.convs2.0 (Conv1d)
Pruning resblocks.5.convs2.1 (Conv1d): out_channels=64, dim=0, amount=0.7
Done pruning resblocks.5.convs2.1 (Conv1d)
Pruning resblocks.5.convs2.2 (Conv1d): out_channels=64, dim=0, amount=0.7
Done pruning resblocks.5.convs2.2 (Conv1d)
Pruning resblocks.6.convs1.0 (Conv1d): out_channels=32, dim=0, amount=0.7
Done pruning resblocks.6.convs1.0 (Conv1d)
Pruning resblocks.6.convs1.1 (Conv1d): out_channels=32, dim=0, amount=0.7
Done pruning resblocks.6.convs1.1 (Conv1d)
Pruning resblocks.6.convs1.2 (Conv1d): out_channels=32, dim=0, amount=0.7
Done pruning resblocks.6.convs1.2 (Conv1d)
Pruning resblocks.6.convs2.0 (Conv1d): out_channels=32, dim=0, amount=0.7
Done pruning resblocks.6.convs2.0 (Conv1d)
Pruning resblocks.6.convs2.1 (Conv1d): out_channels=32, dim=0, amount=0.7
Done pruning resblocks.6.convs2.1 (Conv1d)
Pruning resblocks.6.convs2.2 (Conv1d): out_channels=32, dim=0, amount=0.7
Done pruning resblocks.6.convs2.2 (Conv1d)
Pruning resblocks.7.convs1.0 (Conv1d): out_channels=32, dim=0, amount=0.7
Done pruning resblocks.7.convs1.0 (Conv1d)
Pruning resblocks.7.convs1.1 (Conv1d): out_channels=32, dim=0, amount=0.7
Done pruning resblocks.7.convs1.1 (Conv1d)
Pruning resblocks.7.convs1.2 (Conv1d): out_channels=32, dim=0, amount=0.7
Done pruning resblocks.7.convs1.2 (Conv1d)
Pruning resblocks.7.convs2.0 (Conv1d): out_channels=32, dim=0, amount=0.7
Done pruning resblocks.7.convs2.0 (Conv1d)
Pruning resblocks.7.convs2.1 (Conv1d): out_channels=32, dim=0, amount=0.7
Done pruning resblocks.7.convs2.1 (Conv1d)
Pruning resblocks.7.convs2.2 (Conv1d): out_channels=32, dim=0, amount=0.7
Done pruning resblocks.7.convs2.2 (Conv1d)
Pruning resblocks.8.convs1.0 (Conv1d): out_channels=32, dim=0, amount=0.7
Done pruning resblocks.8.convs1.0 (Conv1d)
Pruning resblocks.8.convs1.1 (Conv1d): out_channels=32, dim=0, amount=0.7
Done pruning resblocks.8.convs1.1 (Conv1d)
Pruning resblocks.8.convs1.2 (Conv1d): out_channels=32, dim=0, amount=0.7
Done pruning resblocks.8.convs1.2 (Conv1d)
Pruning resblocks.8.convs2.0 (Conv1d): out_channels=32, dim=0, amount=0.7
Done pruning resblocks.8.convs2.0 (Conv1d)
Pruning resblocks.8.convs2.1 (Conv1d): out_channels=32, dim=0, amount=0.7
Done pruning resblocks.8.convs2.1 (Conv1d)
Pruning resblocks.8.convs2.2 (Conv1d): out_channels=32, dim=0, amount=0.7
Done pruning resblocks.8.convs2.2 (Conv1d)
Pruning resblocks.9.convs1.0 (Conv1d): out_channels=16, dim=0, amount=0.7
Done pruning resblocks.9.convs1.0 (Conv1d)
Pruning resblocks.9.convs1.1 (Conv1d): out_channels=16, dim=0, amount=0.7
Done pruning resblocks.9.convs1.1 (Conv1d)
Pruning resblocks.9.convs1.2 (Conv1d): out_channels=16, dim=0, amount=0.7
Done pruning resblocks.9.convs1.2 (Conv1d)
Pruning resblocks.9.convs2.0 (Conv1d): out_channels=16, dim=0, amount=0.7
Done pruning resblocks.9.convs2.0 (Conv1d)
Pruning resblocks.9.convs2.1 (Conv1d): out_channels=16, dim=0, amount=0.7
Done pruning resblocks.9.convs2.1 (Conv1d)
Pruning resblocks.9.convs2.2 (Conv1d): out_channels=16, dim=0, amount=0.7
Done pruning resblocks.9.convs2.2 (Conv1d)
Pruning resblocks.10.convs1.0 (Conv1d): out_channels=16, dim=0, amount=0.7
Done pruning resblocks.10.convs1.0 (Conv1d)
Pruning resblocks.10.convs1.1 (Conv1d): out_channels=16, dim=0, amount=0.7
Done pruning resblocks.10.convs1.1 (Conv1d)
Pruning resblocks.10.convs1.2 (Conv1d): out_channels=16, dim=0, amount=0.7
Done pruning resblocks.10.convs1.2 (Conv1d)
Pruning resblocks.10.convs2.0 (Conv1d): out_channels=16, dim=0, amount=0.7
Done pruning resblocks.10.convs2.0 (Conv1d)
Pruning resblocks.10.convs2.1 (Conv1d): out_channels=16, dim=0, amount=0.7
Done pruning resblocks.10.convs2.1 (Conv1d)
Pruning resblocks.10.convs2.2 (Conv1d): out_channels=16, dim=0, amount=0.7
Done pruning resblocks.10.convs2.2 (Conv1d)
Pruning resblocks.11.convs1.0 (Conv1d): out_channels=16, dim=0, amount=0.7
Done pruning resblocks.11.convs1.0 (Conv1d)
Pruning resblocks.11.convs1.1 (Conv1d): out_channels=16, dim=0, amount=0.7
Done pruning resblocks.11.convs1.1 (Conv1d)
Pruning resblocks.11.convs1.2 (Conv1d): out_channels=16, dim=0, amount=0.7
Done pruning resblocks.11.convs1.2 (Conv1d)
Pruning resblocks.11.convs2.0 (Conv1d): out_channels=16, dim=0, amount=0.7
Done pruning resblocks.11.convs2.0 (Conv1d)
Pruning resblocks.11.convs2.1 (Conv1d): out_channels=16, dim=0, amount=0.7
Done pruning resblocks.11.convs2.1 (Conv1d)
Pruning resblocks.11.convs2.2 (Conv1d): out_channels=16, dim=0, amount=0.7
Done pruning resblocks.11.convs2.2 (Conv1d)
Loaded checkpoint: /home/hpc/vlbi/vlbi107v/hifi-gan/cp_hifigan/v1_c256/g_05540000 (13.660 MB)
Generator parameters: 3,555,649
generated_audios/generated_H4_256C_pruned70_int8/61-70968-0004_generated.wav | RTF: 0.2723(1.058s / 3.885s)
generated_audios/generated_H4_256C_pruned70_int8/61-70968-0019_generated.wav | RTF: 0.2698(1.477s / 5.475s)
generated_audios/generated_H4_256C_pruned70_int8/61-70968-0014_generated.wav | RTF: 0.2688(2.012s / 7.485s)
generated_audios/generated_H4_256C_pruned70_int8/61-70968-0001_generated.wav | RTF: 0.2586(0.933s / 3.610s)
generated_audios/generated_H4_256C_pruned70_int8/61-70968-0015_generated.wav | RTF: 0.2589(1.392s / 5.375s)
generated_audios/generated_H4_256C_pruned70_int8/61-70968-0009_generated.wav | RTF: 0.2618(1.181s / 4.510s)
generated_audios/generated_H4_256C_pruned70_int8/61-70968-0011_generated.wav | RTF: 0.2610(1.664s / 6.375s)
generated_audios/generated_H4_256C_pruned70_int8/61-70968-0017_generated.wav | RTF: 0.2622(1.340s / 5.110s)
generated_audios/generated_H4_256C_pruned70_int8/61-70968-0007_generated.wav | RTF: 0.2587(0.918s / 3.550s)
generated_audios/generated_H4_256C_pruned70_int8/61-70968-0016_generated.wav | RTF: 0.2696(1.003s / 3.720s)
generated_audios/generated_H4_256C_pruned70_int8/61-70968-0003_generated.wav | RTF: 0.2640(1.139s / 4.315s)
generated_audios/generated_H4_256C_pruned70_int8/61-70968-0005_generated.wav | RTF: 0.2680(1.359s / 5.070s)
generated_audios/generated_H4_256C_pruned70_int8/61-70968-0006_generated.wav | RTF: 0.2576(0.756s / 2.935s)
generated_audios/generated_H4_256C_pruned70_int8/61-70968-0008_generated.wav | RTF: 0.2622(0.927s / 3.535s)
generated_audios/generated_H4_256C_pruned70_int8/61-70968-0000_generated.wav | RTF: 0.2662(1.306s / 4.905s)
generated_audios/generated_H4_256C_pruned70_int8/61-70968-0013_generated.wav | RTF: 0.2649(1.179s / 4.450s)
generated_audios/generated_H4_256C_pruned70_int8/61-70968-0002_generated.wav | RTF: 0.2550(0.757s / 2.970s)
generated_audios/generated_H4_256C_pruned70_int8/61-70968-0018_generated.wav | RTF: 0.2566(0.617s / 2.405s)
generated_audios/generated_H4_256C_pruned70_int8/61-70968-0010_generated.wav | RTF: 0.2686(2.228s / 8.295s)
generated_audios/generated_H4_256C_pruned70_int8/61-70968-0012_generated.wav | RTF: 0.2615(0.683s / 2.610s)
Average RTF: 0.2642(23.928s / 90.585s)
Evaluation summary:
  Mel-spectrogram L1: 3.470118
  PESQ: 1.242382
  STOI: 0.322904

Appended metrics to CSV: experiments_results.csv
Appended to experiments_results.csv:
H4_256C_pruned70_int8,3555649,13.66,0.2642,1.242382025718689,0.32290371027982506,3.470117974281311
========== Done ==========
=== JOB_STATISTICS ===
=== current date     : Fri Jun  5 08:41:31 PM CEST 2026
= Job-ID             : 1376170 on tinyfat
= Job-Name           : inference_256ch_h1-4
= Job-Command        : /home/hpc/vlbi/vlbi107v/hifi-gan/inference.sh
= Initial workdir    : /home/hpc/vlbi/vlbi107v/hifi-gan
= Queue/Partition    : work
= Slurm account      : vlbi with QOS=normal
= Requested resources:  for 02:00:00
= Elapsed runtime    : 00:05:04
= Total RAM usage    : 1.3 GiB of requested  GiB (%)   
= Node list          : tf060
= Subm/Elig/Start/End: 2026-06-05T20:36:26 / 2026-06-05T20:36:26 / 2026-06-05T20:36:27 / 2026-06-05T20:41:31
======================
=== Quota infos ======
    Path                 Used     SoftQ    HardQ    Gracetime  Filec    FileQ    FiHaQ    FileGrace    
    /home/hpc              51.1G   104.9G   209.7G        N/A      64K     500K   1,000K        N/A    
    /home/woody            42.0G  1000.0G  1500.0G        N/A     116K   5,000K   7,500K        N/A    
======================
