### Starting TaskPrologue of job 1428679 on tf060 at Sun Jul  5 01:45:17 PM CEST 2026
Running on cores 56-63,120-127 with governor ondemand
No GPU known
### Finished TaskPrologue

==========(sbatch.tinyfat) Inference: 512 Channels (g_07960000) ==========
========== H2: quantized (INT8 dynamic quantization) ==========
Initializing Inference Process..
Using device: cpu (baseline and quantized inference both run on CPU)
Quantization enabled: forcing CPU inference for INT8 model.
Loading '/home/hpc/vlbi/vlbi107v/hifi-gan/cp_hifigan/v1_c512/g_07960000'
Complete.
Checkpoint contains weight_norm parameters. Keeping weight_norm wrappers for loading...
Removing weight norm...
Calibrating static quantization using 50 samples...
INT8 quantization scope: resblocks
Checking quantized modules after static quantization:
Quantized module: resblocks.0.convs1.0 (torch.ao.nn.quantized.modules.conv.Conv1d)
Quantized module: resblocks.0.convs1.1 (torch.ao.nn.quantized.modules.conv.Conv1d)
Quantized module: resblocks.0.convs1.2 (torch.ao.nn.quantized.modules.conv.Conv1d)
Quantized module: resblocks.0.convs2.0 (torch.ao.nn.quantized.modules.conv.Conv1d)
Quantized module: resblocks.0.convs2.1 (torch.ao.nn.quantized.modules.conv.Conv1d)
Quantized module: resblocks.0.convs2.2 (torch.ao.nn.quantized.modules.conv.Conv1d)
Quantized module: resblocks.1.convs1.0 (torch.ao.nn.quantized.modules.conv.Conv1d)
Quantized module: resblocks.1.convs1.1 (torch.ao.nn.quantized.modules.conv.Conv1d)
Quantized module: resblocks.1.convs1.2 (torch.ao.nn.quantized.modules.conv.Conv1d)
Quantized module: resblocks.1.convs2.0 (torch.ao.nn.quantized.modules.conv.Conv1d)
Quantized module: resblocks.1.convs2.1 (torch.ao.nn.quantized.modules.conv.Conv1d)
Quantized module: resblocks.1.convs2.2 (torch.ao.nn.quantized.modules.conv.Conv1d)
Quantized module: resblocks.2.convs1.0 (torch.ao.nn.quantized.modules.conv.Conv1d)
Quantized module: resblocks.2.convs1.1 (torch.ao.nn.quantized.modules.conv.Conv1d)
Quantized module: resblocks.2.convs1.2 (torch.ao.nn.quantized.modules.conv.Conv1d)
Quantized module: resblocks.2.convs2.0 (torch.ao.nn.quantized.modules.conv.Conv1d)
Quantized module: resblocks.2.convs2.1 (torch.ao.nn.quantized.modules.conv.Conv1d)
Quantized module: resblocks.2.convs2.2 (torch.ao.nn.quantized.modules.conv.Conv1d)
Quantized module: resblocks.3.convs1.0 (torch.ao.nn.quantized.modules.conv.Conv1d)
Quantized module: resblocks.3.convs1.1 (torch.ao.nn.quantized.modules.conv.Conv1d)
Quantized module: resblocks.3.convs1.2 (torch.ao.nn.quantized.modules.conv.Conv1d)
Quantized module: resblocks.3.convs2.0 (torch.ao.nn.quantized.modules.conv.Conv1d)
Quantized module: resblocks.3.convs2.1 (torch.ao.nn.quantized.modules.conv.Conv1d)
Quantized module: resblocks.3.convs2.2 (torch.ao.nn.quantized.modules.conv.Conv1d)
Quantized module: resblocks.4.convs1.0 (torch.ao.nn.quantized.modules.conv.Conv1d)
Quantized module: resblocks.4.convs1.1 (torch.ao.nn.quantized.modules.conv.Conv1d)
Quantized module: resblocks.4.convs1.2 (torch.ao.nn.quantized.modules.conv.Conv1d)
Quantized module: resblocks.4.convs2.0 (torch.ao.nn.quantized.modules.conv.Conv1d)
Quantized module: resblocks.4.convs2.1 (torch.ao.nn.quantized.modules.conv.Conv1d)
Quantized module: resblocks.4.convs2.2 (torch.ao.nn.quantized.modules.conv.Conv1d)
Quantized module: resblocks.5.convs1.0 (torch.ao.nn.quantized.modules.conv.Conv1d)
Quantized module: resblocks.5.convs1.1 (torch.ao.nn.quantized.modules.conv.Conv1d)
Quantized module: resblocks.5.convs1.2 (torch.ao.nn.quantized.modules.conv.Conv1d)
Quantized module: resblocks.5.convs2.0 (torch.ao.nn.quantized.modules.conv.Conv1d)
Quantized module: resblocks.5.convs2.1 (torch.ao.nn.quantized.modules.conv.Conv1d)
Quantized module: resblocks.5.convs2.2 (torch.ao.nn.quantized.modules.conv.Conv1d)
Quantized module: resblocks.6.convs1.0 (torch.ao.nn.quantized.modules.conv.Conv1d)
Quantized module: resblocks.6.convs1.1 (torch.ao.nn.quantized.modules.conv.Conv1d)
Quantized module: resblocks.6.convs1.2 (torch.ao.nn.quantized.modules.conv.Conv1d)
Quantized module: resblocks.6.convs2.0 (torch.ao.nn.quantized.modules.conv.Conv1d)
Quantized module: resblocks.6.convs2.1 (torch.ao.nn.quantized.modules.conv.Conv1d)
Quantized module: resblocks.6.convs2.2 (torch.ao.nn.quantized.modules.conv.Conv1d)
Quantized module: resblocks.7.convs1.0 (torch.ao.nn.quantized.modules.conv.Conv1d)
Quantized module: resblocks.7.convs1.1 (torch.ao.nn.quantized.modules.conv.Conv1d)
Quantized module: resblocks.7.convs1.2 (torch.ao.nn.quantized.modules.conv.Conv1d)
Quantized module: resblocks.7.convs2.0 (torch.ao.nn.quantized.modules.conv.Conv1d)
Quantized module: resblocks.7.convs2.1 (torch.ao.nn.quantized.modules.conv.Conv1d)
Quantized module: resblocks.7.convs2.2 (torch.ao.nn.quantized.modules.conv.Conv1d)
Quantized module: resblocks.8.convs1.0 (torch.ao.nn.quantized.modules.conv.Conv1d)
Quantized module: resblocks.8.convs1.1 (torch.ao.nn.quantized.modules.conv.Conv1d)
Quantized module: resblocks.8.convs1.2 (torch.ao.nn.quantized.modules.conv.Conv1d)
Quantized module: resblocks.8.convs2.0 (torch.ao.nn.quantized.modules.conv.Conv1d)
Quantized module: resblocks.8.convs2.1 (torch.ao.nn.quantized.modules.conv.Conv1d)
Quantized module: resblocks.8.convs2.2 (torch.ao.nn.quantized.modules.conv.Conv1d)
Quantized module: resblocks.9.convs1.0 (torch.ao.nn.quantized.modules.conv.Conv1d)
Quantized module: resblocks.9.convs1.1 (torch.ao.nn.quantized.modules.conv.Conv1d)
Quantized module: resblocks.9.convs1.2 (torch.ao.nn.quantized.modules.conv.Conv1d)
Quantized module: resblocks.9.convs2.0 (torch.ao.nn.quantized.modules.conv.Conv1d)
Quantized module: resblocks.9.convs2.1 (torch.ao.nn.quantized.modules.conv.Conv1d)
Quantized module: resblocks.9.convs2.2 (torch.ao.nn.quantized.modules.conv.Conv1d)
Quantized module: resblocks.10.convs1.0 (torch.ao.nn.quantized.modules.conv.Conv1d)
Quantized module: resblocks.10.convs1.1 (torch.ao.nn.quantized.modules.conv.Conv1d)
Quantized module: resblocks.10.convs1.2 (torch.ao.nn.quantized.modules.conv.Conv1d)
Quantized module: resblocks.10.convs2.0 (torch.ao.nn.quantized.modules.conv.Conv1d)
Quantized module: resblocks.10.convs2.1 (torch.ao.nn.quantized.modules.conv.Conv1d)
Quantized module: resblocks.10.convs2.2 (torch.ao.nn.quantized.modules.conv.Conv1d)
Quantized module: resblocks.11.convs1.0 (torch.ao.nn.quantized.modules.conv.Conv1d)
Quantized module: resblocks.11.convs1.1 (torch.ao.nn.quantized.modules.conv.Conv1d)
Quantized module: resblocks.11.convs1.2 (torch.ao.nn.quantized.modules.conv.Conv1d)
Quantized module: resblocks.11.convs2.0 (torch.ao.nn.quantized.modules.conv.Conv1d)
Quantized module: resblocks.11.convs2.1 (torch.ao.nn.quantized.modules.conv.Conv1d)
Quantized module: resblocks.11.convs2.2 (torch.ao.nn.quantized.modules.conv.Conv1d)
Saving checkpoint to /home/hpc/vlbi/vlbi107v/hifi-gan/cp_hifigan/v1_c512/compressed_checkpoint_int8
Complete.
Saved compressed checkpoint: /home/hpc/vlbi/vlbi107v/hifi-gan/cp_hifigan/v1_c512/compressed_checkpoint_int8 (22.090 MB)
Compressed checkpoint parameters: 13,926,423
Loaded checkpoint: /home/hpc/vlbi/vlbi107v/hifi-gan/cp_hifigan/v1_c512/g_07960000 (53.239 MB)
Generator parameters: 13,926,423
generated_audios/generated_H2_512C_int8/1089-134686-0000_generated.wav | RTF: 0.1464(1.528s / 10.435s) | Generator RTF: 0.1460(1.524s / 10.435s)
generated_audios/generated_H2_512C_int8/1089-134686-0001_generated.wav | RTF: 0.1404(0.460s / 3.275s) | Generator RTF: 0.1393(0.456s / 3.275s)
generated_audios/generated_H2_512C_int8/1089-134686-0002_generated.wav | RTF: 0.1370(0.907s / 6.625s) | Generator RTF: 0.1364(0.903s / 6.625s)
generated_audios/generated_H2_512C_int8/1089-134686-0003_generated.wav | RTF: 0.1410(0.378s / 2.680s) | Generator RTF: 0.1397(0.374s / 2.680s)
generated_audios/generated_H2_512C_int8/1089-134686-0004_generated.wav | RTF: 0.1361(0.710s / 5.215s) | Generator RTF: 0.1354(0.706s / 5.215s)
generated_audios/generated_H2_512C_int8/1089-134686-0005_generated.wav | RTF: 0.1382(1.331s / 9.635s) | Generator RTF: 0.1377(1.327s / 9.635s)
generated_audios/generated_H2_512C_int8/1089-134686-0006_generated.wav | RTF: 0.1415(1.493s / 10.555s) | Generator RTF: 0.1411(1.489s / 10.555s)
generated_audios/generated_H2_512C_int8/1089-134686-0007_generated.wav | RTF: 0.1413(0.604s / 4.275s) | Generator RTF: 0.1404(0.600s / 4.275s)
generated_audios/generated_H2_512C_int8/1089-134686-0008_generated.wav | RTF: 0.1338(0.900s / 6.730s) | Generator RTF: 0.1332(0.897s / 6.730s)
generated_audios/generated_H2_512C_int8/1089-134686-0009_generated.wav | RTF: 0.1400(1.481s / 10.575s) | Generator RTF: 0.1396(1.477s / 10.575s)
generated_audios/generated_H2_512C_int8/1089-134686-0010_generated.wav | RTF: 0.1369(0.603s / 4.405s) | Generator RTF: 0.1361(0.599s / 4.405s)
generated_audios/generated_H2_512C_int8/1089-134686-0011_generated.wav | RTF: 0.1400(1.742s / 12.445s) | Generator RTF: 0.1397(1.738s / 12.445s)
generated_audios/generated_H2_512C_int8/1089-134686-0012_generated.wav | RTF: 0.1468(1.708s / 11.640s) | Generator RTF: 0.1464(1.704s / 11.640s)
generated_audios/generated_H2_512C_int8/1089-134686-0013_generated.wav | RTF: 0.1401(1.109s / 7.915s) | Generator RTF: 0.1396(1.105s / 7.915s)
generated_audios/generated_H2_512C_int8/1089-134686-0014_generated.wav | RTF: 0.1410(0.314s / 2.225s) | Generator RTF: 0.1397(0.311s / 2.225s)
generated_audios/generated_H2_512C_int8/1089-134686-0015_generated.wav | RTF: 0.1339(0.779s / 5.815s) | Generator RTF: 0.1333(0.775s / 5.815s)
generated_audios/generated_H2_512C_int8/1089-134686-0016_generated.wav | RTF: 0.1429(0.506s / 3.540s) | Generator RTF: 0.1420(0.503s / 3.540s)
generated_audios/generated_H2_512C_int8/1089-134686-0017_generated.wav | RTF: 0.1385(1.229s / 8.870s) | Generator RTF: 0.1381(1.225s / 8.870s)
generated_audios/generated_H2_512C_int8/1089-134686-0018_generated.wav | RTF: 0.1469(2.310s / 15.720s) | Generator RTF: 0.1466(2.305s / 15.720s)
generated_audios/generated_H2_512C_int8/1089-134686-0019_generated.wav | RTF: 0.1401(1.947s / 13.895s) | Generator RTF: 0.1397(1.942s / 13.895s)
generated_audios/generated_H2_512C_int8/1089-134686-0020_generated.wav | RTF: 0.1491(2.503s / 16.790s) | Generator RTF: 0.1488(2.498s / 16.790s)
generated_audios/generated_H2_512C_int8/1089-134686-0021_generated.wav | RTF: 0.1399(0.916s / 6.550s) | Generator RTF: 0.1393(0.913s / 6.550s)
generated_audios/generated_H2_512C_int8/1089-134686-0022_generated.wav | RTF: 0.1418(1.584s / 11.175s) | Generator RTF: 0.1414(1.581s / 11.175s)
generated_audios/generated_H2_512C_int8/1089-134686-0023_generated.wav | RTF: 0.1413(1.876s / 13.275s) | Generator RTF: 0.1409(1.871s / 13.275s)
generated_audios/generated_H2_512C_int8/1089-134686-0024_generated.wav | RTF: 0.1395(1.626s / 11.655s) | Generator RTF: 0.1391(1.621s / 11.655s)
generated_audios/generated_H2_512C_int8/1089-134686-0025_generated.wav | RTF: 0.1395(0.922s / 6.610s) | Generator RTF: 0.1390(0.919s / 6.610s)
generated_audios/generated_H2_512C_int8/1089-134686-0026_generated.wav | RTF: 0.1378(0.552s / 4.010s) | Generator RTF: 0.1369(0.549s / 4.010s)
generated_audios/generated_H2_512C_int8/1089-134686-0027_generated.wav | RTF: 0.1403(0.380s / 2.710s) | Generator RTF: 0.1393(0.377s / 2.710s)
generated_audios/generated_H2_512C_int8/1089-134686-0028_generated.wav | RTF: 0.1392(1.090s / 7.830s) | Generator RTF: 0.1388(1.086s / 7.830s)
generated_audios/generated_H2_512C_int8/1089-134686-0029_generated.wav | RTF: 0.1368(0.639s / 4.670s) | Generator RTF: 0.1361(0.635s / 4.670s)
generated_audios/generated_H2_512C_int8/1089-134686-0030_generated.wav | RTF: 0.1363(0.370s / 2.715s) | Generator RTF: 0.1351(0.367s / 2.715s)
generated_audios/generated_H2_512C_int8/1089-134686-0031_generated.wav | RTF: 0.1367(0.905s / 6.615s) | Generator RTF: 0.1362(0.901s / 6.615s)
generated_audios/generated_H2_512C_int8/121-121726-0000_generated.wav | RTF: 0.1437(1.216s / 8.460s) | Generator RTF: 0.1432(1.211s / 8.460s)
generated_audios/generated_H2_512C_int8/121-121726-0001_generated.wav | RTF: 0.1408(0.834s / 5.925s) | Generator RTF: 0.1402(0.830s / 5.925s)
generated_audios/generated_H2_512C_int8/121-121726-0002_generated.wav | RTF: 0.1343(0.592s / 4.410s) | Generator RTF: 0.1335(0.589s / 4.410s)
generated_audios/generated_H2_512C_int8/121-121726-0003_generated.wav | RTF: 0.1392(0.940s / 6.755s) | Generator RTF: 0.1386(0.936s / 6.755s)
generated_audios/generated_H2_512C_int8/121-121726-0004_generated.wav | RTF: 0.1359(0.546s / 4.020s) | Generator RTF: 0.1350(0.543s / 4.020s)
generated_audios/generated_H2_512C_int8/121-121726-0005_generated.wav | RTF: 0.1392(0.432s / 3.100s) | Generator RTF: 0.1380(0.428s / 3.100s)
generated_audios/generated_H2_512C_int8/121-121726-0006_generated.wav | RTF: 0.1363(0.531s / 3.895s) | Generator RTF: 0.1354(0.527s / 3.895s)
generated_audios/generated_H2_512C_int8/121-121726-0007_generated.wav | RTF: 0.1381(0.929s / 6.730s) | Generator RTF: 0.1376(0.926s / 6.730s)
generated_audios/generated_H2_512C_int8/121-121726-0008_generated.wav | RTF: 0.1368(0.683s / 4.990s) | Generator RTF: 0.1361(0.679s / 4.990s)
generated_audios/generated_H2_512C_int8/121-121726-0009_generated.wav | RTF: 0.1391(1.010s / 7.260s) | Generator RTF: 0.1386(1.006s / 7.260s)
generated_audios/generated_H2_512C_int8/121-121726-0010_generated.wav | RTF: 0.1437(1.410s / 9.810s) | Generator RTF: 0.1433(1.405s / 9.810s)
generated_audios/generated_H2_512C_int8/121-121726-0011_generated.wav | RTF: 0.1373(0.554s / 4.035s) | Generator RTF: 0.1364(0.550s / 4.035s)
generated_audios/generated_H2_512C_int8/121-121726-0012_generated.wav | RTF: 0.1385(0.560s / 4.045s) | Generator RTF: 0.1377(0.557s / 4.045s)
generated_audios/generated_H2_512C_int8/121-121726-0013_generated.wav | RTF: 0.1410(0.351s / 2.490s) | Generator RTF: 0.1397(0.348s / 2.490s)
generated_audios/generated_H2_512C_int8/121-121726-0014_generated.wav | RTF: 0.1446(0.458s / 3.165s) | Generator RTF: 0.1437(0.455s / 3.165s)
generated_audios/generated_H2_512C_int8/121-123852-0000_generated.wav | RTF: 0.1480(2.620s / 17.695s) | Generator RTF: 0.1478(2.615s / 17.695s)
generated_audios/generated_H2_512C_int8/121-123852-0001_generated.wav | RTF: 0.1456(0.272s / 1.870s) | Generator RTF: 0.1438(0.269s / 1.870s)
generated_audios/generated_H2_512C_int8/121-123852-0002_generated.wav | RTF: 0.1561(2.698s / 17.285s) | Generator RTF: 0.1558(2.693s / 17.285s)
generated_audios/generated_H2_512C_int8/121-123852-0003_generated.wav | RTF: 0.2679(6.298s / 23.505s) | Generator RTF: 0.2677(6.292s / 23.505s)
generated_audios/generated_H2_512C_int8/121-123852-0004_generated.wav | RTF: 0.2400(3.909s / 16.290s) | Generator RTF: 0.2397(3.905s / 16.290s)
generated_audios/generated_H2_512C_int8/121-123859-0000_generated.wav | RTF: 0.2395(4.165s / 17.390s) | Generator RTF: 0.2392(4.160s / 17.390s)
generated_audios/generated_H2_512C_int8/121-123859-0001_generated.wav | RTF: 0.2653(6.736s / 25.395s) | Generator RTF: 0.2650(6.730s / 25.395s)
generated_audios/generated_H2_512C_int8/121-123859-0002_generated.wav | RTF: 0.2687(8.071s / 30.040s) | Generator RTF: 0.2685(8.065s / 30.040s)
generated_audios/generated_H2_512C_int8/121-123859-0003_generated.wav | RTF: 0.2337(2.530s / 10.825s) | Generator RTF: 0.2333(2.525s / 10.825s)
generated_audios/generated_H2_512C_int8/121-123859-0004_generated.wav | RTF: 0.2404(2.285s / 9.505s) | Generator RTF: 0.2399(2.281s / 9.505s)
generated_audios/generated_H2_512C_int8/121-127105-0000_generated.wav | RTF: 0.2384(2.354s / 9.875s) | Generator RTF: 0.2380(2.351s / 9.875s)
generated_audios/generated_H2_512C_int8/121-127105-0001_generated.wav | RTF: 0.2407(1.210s / 5.025s) | Generator RTF: 0.2401(1.206s / 5.025s)
generated_audios/generated_H2_512C_int8/121-127105-0002_generated.wav | RTF: 0.2388(1.790s / 7.495s) | Generator RTF: 0.2383(1.786s / 7.495s)
generated_audios/generated_H2_512C_int8/121-127105-0003_generated.wav | RTF: 0.2399(1.853s / 7.725s) | Generator RTF: 0.2393(1.849s / 7.725s)
generated_audios/generated_H2_512C_int8/121-127105-0004_generated.wav | RTF: 0.2535(0.535s / 2.110s) | Generator RTF: 0.2521(0.532s / 2.110s)
generated_audios/generated_H2_512C_int8/121-127105-0005_generated.wav | RTF: 0.2367(1.377s / 5.820s) | Generator RTF: 0.2360(1.374s / 5.820s)
generated_audios/generated_H2_512C_int8/121-127105-0006_generated.wav | RTF: 0.2439(1.152s / 4.725s) | Generator RTF: 0.2431(1.149s / 4.725s)
generated_audios/generated_H2_512C_int8/121-127105-0007_generated.wav | RTF: 0.2372(1.374s / 5.790s) | Generator RTF: 0.2366(1.370s / 5.790s)
generated_audios/generated_H2_512C_int8/121-127105-0008_generated.wav | RTF: 0.2291(0.632s / 2.760s) | Generator RTF: 0.2280(0.629s / 2.760s)
generated_audios/generated_H2_512C_int8/121-127105-0009_generated.wav | RTF: 0.2429(0.556s / 2.290s) | Generator RTF: 0.2413(0.553s / 2.290s)
generated_audios/generated_H2_512C_int8/121-127105-0010_generated.wav | RTF: 0.2386(0.680s / 2.850s) | Generator RTF: 0.2379(0.678s / 2.850s)
generated_audios/generated_H2_512C_int8/121-127105-0011_generated.wav | RTF: 0.2434(1.407s / 5.780s) | Generator RTF: 0.2428(1.404s / 5.780s)
generated_audios/generated_H2_512C_int8/121-127105-0012_generated.wav | RTF: 0.2538(1.226s / 4.830s) | Generator RTF: 0.2531(1.222s / 4.830s)
generated_audios/generated_H2_512C_int8/121-127105-0013_generated.wav | RTF: 0.2383(1.405s / 5.895s) | Generator RTF: 0.2378(1.402s / 5.895s)
generated_audios/generated_H2_512C_int8/121-127105-0014_generated.wav | RTF: 0.2396(0.540s / 2.255s) | Generator RTF: 0.2382(0.537s / 2.255s)
generated_audios/generated_H2_512C_int8/121-127105-0015_generated.wav | RTF: 0.2373(0.703s / 2.960s) | Generator RTF: 0.2362(0.699s / 2.960s)
generated_audios/generated_H2_512C_int8/121-127105-0016_generated.wav | RTF: 0.2261(0.459s / 2.030s) | Generator RTF: 0.2246(0.456s / 2.030s)
generated_audios/generated_H2_512C_int8/121-127105-0017_generated.wav | RTF: 0.2374(0.640s / 2.695s) | Generator RTF: 0.2362(0.637s / 2.695s)
generated_audios/generated_H2_512C_int8/121-127105-0018_generated.wav | RTF: 0.2378(0.659s / 2.770s) | Generator RTF: 0.2367(0.656s / 2.770s)
generated_audios/generated_H2_512C_int8/121-127105-0019_generated.wav | RTF: 0.2312(0.815s / 3.525s) | Generator RTF: 0.2303(0.812s / 3.525s)
generated_audios/generated_H2_512C_int8/121-127105-0020_generated.wav | RTF: 0.2359(3.386s / 14.355s) | Generator RTF: 0.2355(3.381s / 14.355s)
generated_audios/generated_H2_512C_int8/121-127105-0021_generated.wav | RTF: 0.2464(0.493s / 2.000s) | Generator RTF: 0.2447(0.489s / 2.000s)
generated_audios/generated_H2_512C_int8/121-127105-0022_generated.wav | RTF: 0.2426(1.231s / 5.075s) | Generator RTF: 0.2419(1.228s / 5.075s)
generated_audios/generated_H2_512C_int8/121-127105-0023_generated.wav | RTF: 0.2406(2.625s / 10.910s) | Generator RTF: 0.2402(2.621s / 10.910s)
generated_audios/generated_H2_512C_int8/121-127105-0024_generated.wav | RTF: 0.2381(3.440s / 14.450s) | Generator RTF: 0.2377(3.435s / 14.450s)
generated_audios/generated_H2_512C_int8/121-127105-0025_generated.wav | RTF: 0.2370(3.807s / 16.065s) | Generator RTF: 0.2367(3.803s / 16.065s)
generated_audios/generated_H2_512C_int8/121-127105-0026_generated.wav | RTF: 0.2341(1.762s / 7.530s) | Generator RTF: 0.2335(1.759s / 7.530s)
generated_audios/generated_H2_512C_int8/121-127105-0027_generated.wav | RTF: 0.2370(3.287s / 13.870s) | Generator RTF: 0.2367(3.282s / 13.870s)
generated_audios/generated_H2_512C_int8/121-127105-0028_generated.wav | RTF: 0.1366(0.922s / 6.750s) | Generator RTF: 0.1361(0.918s / 6.750s)
generated_audios/generated_H2_512C_int8/121-127105-0029_generated.wav | RTF: 0.2363(1.727s / 7.310s) | Generator RTF: 0.2358(1.724s / 7.310s)
generated_audios/generated_H2_512C_int8/121-127105-0030_generated.wav | RTF: 0.2493(0.542s / 2.175s) | Generator RTF: 0.2478(0.539s / 2.175s)
generated_audios/generated_H2_512C_int8/121-127105-0031_generated.wav | RTF: 0.2418(2.603s / 10.765s) | Generator RTF: 0.2414(2.599s / 10.765s)
generated_audios/generated_H2_512C_int8/121-127105-0032_generated.wav | RTF: 0.2312(0.733s / 3.170s) | Generator RTF: 0.2302(0.730s / 3.170s)
generated_audios/generated_H2_512C_int8/121-127105-0033_generated.wav | RTF: 0.2429(0.572s / 2.355s) | Generator RTF: 0.2415(0.569s / 2.355s)
generated_audios/generated_H2_512C_int8/121-127105-0034_generated.wav | RTF: 0.2380(1.764s / 7.410s) | Generator RTF: 0.2376(1.760s / 7.410s)
generated_audios/generated_H2_512C_int8/121-127105-0035_generated.wav | RTF: 0.2382(3.370s / 14.150s) | Generator RTF: 0.2379(3.366s / 14.150s)
generated_audios/generated_H2_512C_int8/121-127105-0036_generated.wav | RTF: 0.2313(0.960s / 4.150s) | Generator RTF: 0.2305(0.957s / 4.150s)
generated_audios/generated_H2_512C_int8/237-126133-0000_generated.wav | RTF: 0.2440(3.243s / 13.290s) | Generator RTF: 0.2437(3.239s / 13.290s)
generated_audios/generated_H2_512C_int8/237-126133-0001_generated.wav | RTF: 0.2385(2.854s / 11.965s) | Generator RTF: 0.2381(2.849s / 11.965s)
generated_audios/generated_H2_512C_int8/237-126133-0002_generated.wav | RTF: 0.2625(2.342s / 8.920s) | Generator RTF: 0.2621(2.338s / 8.920s)
generated_audios/generated_H2_512C_int8/237-126133-0003_generated.wav | RTF: 0.2405(1.578s / 6.560s) | Generator RTF: 0.2399(1.574s / 6.560s)
generated_audios/generated_H2_512C_int8/237-126133-0004_generated.wav | RTF: 0.2341(0.771s / 3.295s) | Generator RTF: 0.2331(0.768s / 3.295s)
generated_audios/generated_H2_512C_int8/237-126133-0005_generated.wav | RTF: 0.2459(1.601s / 6.510s) | Generator RTF: 0.2454(1.597s / 6.510s)
generated_audios/generated_H2_512C_int8/237-126133-0006_generated.wav | RTF: 0.2390(1.470s / 6.150s) | Generator RTF: 0.2384(1.466s / 6.150s)
generated_audios/generated_H2_512C_int8/237-126133-0007_generated.wav | RTF: 0.2422(2.102s / 8.680s) | Generator RTF: 0.2417(2.098s / 8.680s)
generated_audios/generated_H2_512C_int8/237-126133-0008_generated.wav | RTF: 0.2369(0.916s / 3.865s) | Generator RTF: 0.2360(0.912s / 3.865s)
generated_audios/generated_H2_512C_int8/237-126133-0009_generated.wav | RTF: 0.2384(0.946s / 3.970s) | Generator RTF: 0.2375(0.943s / 3.970s)
generated_audios/generated_H2_512C_int8/237-126133-0010_generated.wav | RTF: 0.2340(1.460s / 6.240s) | Generator RTF: 0.2334(1.456s / 6.240s)
generated_audios/generated_H2_512C_int8/237-126133-0011_generated.wav | RTF: 0.2354(1.579s / 6.710s) | Generator RTF: 0.2348(1.575s / 6.710s)
generated_audios/generated_H2_512C_int8/237-126133-0012_generated.wav | RTF: 0.2354(1.047s / 4.450s) | Generator RTF: 0.2346(1.044s / 4.450s)
generated_audios/generated_H2_512C_int8/237-126133-0013_generated.wav | RTF: 0.2389(1.628s / 6.815s) | Generator RTF: 0.2383(1.624s / 6.815s)
generated_audios/generated_H2_512C_int8/237-126133-0014_generated.wav | RTF: 0.2424(1.646s / 6.790s) | Generator RTF: 0.2418(1.642s / 6.790s)
generated_audios/generated_H2_512C_int8/237-126133-0015_generated.wav | RTF: 0.2303(2.151s / 9.340s) | Generator RTF: 0.2299(2.147s / 9.340s)
generated_audios/generated_H2_512C_int8/237-126133-0016_generated.wav | RTF: 0.2239(0.952s / 4.250s) | Generator RTF: 0.2231(0.948s / 4.250s)
generated_audios/generated_H2_512C_int8/237-126133-0017_generated.wav | RTF: 0.2368(1.470s / 6.210s) | Generator RTF: 0.2362(1.467s / 6.210s)
generated_audios/generated_H2_512C_int8/237-126133-0018_generated.wav | RTF: 0.2473(1.013s / 4.095s) | Generator RTF: 0.2464(1.009s / 4.095s)
generated_audios/generated_H2_512C_int8/237-126133-0019_generated.wav | RTF: 0.2366(1.685s / 7.120s) | Generator RTF: 0.2361(1.681s / 7.120s)
generated_audios/generated_H2_512C_int8/237-126133-0020_generated.wav | RTF: 0.2384(0.534s / 2.240s) | Generator RTF: 0.2370(0.531s / 2.240s)
generated_audios/generated_H2_512C_int8/237-126133-0021_generated.wav | RTF: 0.2303(1.005s / 4.365s) | Generator RTF: 0.2296(1.002s / 4.365s)
generated_audios/generated_H2_512C_int8/237-126133-0022_generated.wav | RTF: 0.2389(1.204s / 5.040s) | Generator RTF: 0.2382(1.200s / 5.040s)
generated_audios/generated_H2_512C_int8/237-126133-0023_generated.wav | RTF: 0.2423(1.617s / 6.675s) | Generator RTF: 0.2417(1.614s / 6.675s)
generated_audios/generated_H2_512C_int8/237-126133-0024_generated.wav | RTF: 0.2557(2.471s / 9.665s) | Generator RTF: 0.2552(2.467s / 9.665s)
generated_audios/generated_H2_512C_int8/237-126133-0025_generated.wav | RTF: 0.2384(0.895s / 3.755s) | Generator RTF: 0.2374(0.892s / 3.755s)
generated_audios/generated_H2_512C_int8/237-134493-0000_generated.wav | RTF: 0.2359(0.969s / 4.105s) | Generator RTF: 0.2351(0.965s / 4.105s)
generated_audios/generated_H2_512C_int8/237-134493-0001_generated.wav | RTF: 0.2378(1.755s / 7.380s) | Generator RTF: 0.2372(1.751s / 7.380s)
generated_audios/generated_H2_512C_int8/237-134493-0002_generated.wav | RTF: 0.2404(2.739s / 11.395s) | Generator RTF: 0.2400(2.734s / 11.395s)
generated_audios/generated_H2_512C_int8/237-134493-0003_generated.wav | RTF: 0.2406(3.071s / 12.765s) | Generator RTF: 0.2402(3.066s / 12.765s)
generated_audios/generated_H2_512C_int8/237-134493-0004_generated.wav | RTF: 0.2367(1.615s / 6.825s) | Generator RTF: 0.2362(1.612s / 6.825s)
generated_audios/generated_H2_512C_int8/237-134493-0005_generated.wav | RTF: 0.2406(2.633s / 10.945s) | Generator RTF: 0.2402(2.629s / 10.945s)
generated_audios/generated_H2_512C_int8/237-134493-0006_generated.wav | RTF: 0.2350(1.033s / 4.395s) | Generator RTF: 0.2342(1.030s / 4.395s)
generated_audios/generated_H2_512C_int8/237-134493-0007_generated.wav | RTF: 0.2444(0.497s / 2.035s) | Generator RTF: 0.2428(0.494s / 2.035s)
generated_audios/generated_H2_512C_int8/237-134493-0008_generated.wav | RTF: 0.2387(0.550s / 2.305s) | Generator RTF: 0.2373(0.547s / 2.305s)
generated_audios/generated_H2_512C_int8/237-134493-0009_generated.wav | RTF: 0.2882(0.857s / 2.975s) | Generator RTF: 0.2870(0.854s / 2.975s)
generated_audios/generated_H2_512C_int8/237-134493-0010_generated.wav | RTF: 0.2399(0.690s / 2.875s) | Generator RTF: 0.2386(0.686s / 2.875s)
generated_audios/generated_H2_512C_int8/237-134493-0011_generated.wav | RTF: 0.2468(1.243s / 5.035s) | Generator RTF: 0.2461(1.239s / 5.035s)
generated_audios/generated_H2_512C_int8/237-134493-0012_generated.wav | RTF: 0.2350(0.860s / 3.660s) | Generator RTF: 0.2341(0.857s / 3.660s)
generated_audios/generated_H2_512C_int8/237-134493-0013_generated.wav | RTF: 0.1448(0.592s / 4.090s) | Generator RTF: 0.1440(0.589s / 4.090s)
generated_audios/generated_H2_512C_int8/237-134493-0014_generated.wav | RTF: 0.2287(0.846s / 3.700s) | Generator RTF: 0.2277(0.842s / 3.700s)
generated_audios/generated_H2_512C_int8/237-134493-0015_generated.wav | RTF: 0.1453(0.952s / 6.550s) | Generator RTF: 0.1447(0.948s / 6.550s)
generated_audios/generated_H2_512C_int8/237-134493-0016_generated.wav | RTF: 0.2441(2.462s / 10.085s) | Generator RTF: 0.2437(2.458s / 10.085s)
generated_audios/generated_H2_512C_int8/237-134493-0017_generated.wav | RTF: 0.2424(2.207s / 9.105s) | Generator RTF: 0.2419(2.203s / 9.105s)
generated_audios/generated_H2_512C_int8/237-134493-0018_generated.wav | RTF: 0.2435(1.166s / 4.790s) | Generator RTF: 0.2427(1.163s / 4.790s)
generated_audios/generated_H2_512C_int8/237-134500-0000_generated.wav | RTF: 0.2393(1.467s / 6.130s) | Generator RTF: 0.2387(1.463s / 6.130s)
generated_audios/generated_H2_512C_int8/237-134500-0001_generated.wav | RTF: 0.2483(0.449s / 1.810s) | Generator RTF: 0.2465(0.446s / 1.810s)
generated_audios/generated_H2_512C_int8/237-134500-0002_generated.wav | RTF: 0.2425(1.230s / 5.070s) | Generator RTF: 0.2418(1.226s / 5.070s)
generated_audios/generated_H2_512C_int8/237-134500-0003_generated.wav | RTF: 0.1424(0.451s / 3.170s) | Generator RTF: 0.1412(0.447s / 3.170s)
generated_audios/generated_H2_512C_int8/237-134500-0004_generated.wav | RTF: 0.1425(0.317s / 2.225s) | Generator RTF: 0.1411(0.314s / 2.225s)
generated_audios/generated_H2_512C_int8/237-134500-0005_generated.wav | RTF: 0.2421(0.579s / 2.390s) | Generator RTF: 0.2407(0.575s / 2.390s)
generated_audios/generated_H2_512C_int8/237-134500-0006_generated.wav | RTF: 0.2318(0.979s / 4.225s) | Generator RTF: 0.2309(0.976s / 4.225s)
generated_audios/generated_H2_512C_int8/237-134500-0007_generated.wav | RTF: 0.1383(0.331s / 2.390s) | Generator RTF: 0.1369(0.327s / 2.390s)
generated_audios/generated_H2_512C_int8/237-134500-0008_generated.wav | RTF: 0.1346(0.506s / 3.760s) | Generator RTF: 0.1336(0.503s / 3.760s)
generated_audios/generated_H2_512C_int8/237-134500-0009_generated.wav | RTF: 0.1438(0.319s / 2.220s) | Generator RTF: 0.1422(0.316s / 2.220s)
generated_audios/generated_H2_512C_int8/237-134500-0010_generated.wav | RTF: 0.2426(0.969s / 3.995s) | Generator RTF: 0.2417(0.966s / 3.995s)
generated_audios/generated_H2_512C_int8/237-134500-0011_generated.wav | RTF: 0.2365(0.792s / 3.350s) | Generator RTF: 0.2354(0.789s / 3.350s)
generated_audios/generated_H2_512C_int8/237-134500-0012_generated.wav | RTF: 0.2413(2.639s / 10.935s) | Generator RTF: 0.2409(2.634s / 10.935s)
generated_audios/generated_H2_512C_int8/237-134500-0013_generated.wav | RTF: 0.1421(1.501s / 10.560s) | Generator RTF: 0.1417(1.496s / 10.560s)
generated_audios/generated_H2_512C_int8/237-134500-0014_generated.wav | RTF: 0.1339(0.569s / 4.250s) | Generator RTF: 0.1331(0.566s / 4.250s)
generated_audios/generated_H2_512C_int8/237-134500-0015_generated.wav | RTF: 0.2417(2.614s / 10.815s) | Generator RTF: 0.2414(2.610s / 10.815s)
generated_audios/generated_H2_512C_int8/237-134500-0016_generated.wav | RTF: 0.1442(0.456s / 3.160s) | Generator RTF: 0.1431(0.452s / 3.160s)
generated_audios/generated_H2_512C_int8/237-134500-0017_generated.wav | RTF: 0.1425(0.311s / 2.180s) | Generator RTF: 0.1409(0.307s / 2.180s)
generated_audios/generated_H2_512C_int8/237-134500-0018_generated.wav | RTF: 0.2394(3.075s / 12.845s) | Generator RTF: 0.2391(3.071s / 12.845s)
generated_audios/generated_H2_512C_int8/237-134500-0019_generated.wav | RTF: 0.2267(0.648s / 2.860s) | Generator RTF: 0.2255(0.645s / 2.860s)
generated_audios/generated_H2_512C_int8/237-134500-0020_generated.wav | RTF: 0.1385(0.302s / 2.180s) | Generator RTF: 0.1370(0.299s / 2.180s)
generated_audios/generated_H2_512C_int8/237-134500-0021_generated.wav | RTF: 0.2313(1.184s / 5.120s) | Generator RTF: 0.2307(1.181s / 5.120s)
generated_audios/generated_H2_512C_int8/237-134500-0022_generated.wav | RTF: 0.2388(1.233s / 5.165s) | Generator RTF: 0.2380(1.230s / 5.165s)
generated_audios/generated_H2_512C_int8/237-134500-0023_generated.wav | RTF: 0.2364(0.723s / 3.060s) | Generator RTF: 0.2352(0.720s / 3.060s)
generated_audios/generated_H2_512C_int8/237-134500-0024_generated.wav | RTF: 0.1395(0.615s / 4.410s) | Generator RTF: 0.1387(0.612s / 4.410s)
generated_audios/generated_H2_512C_int8/237-134500-0025_generated.wav | RTF: 0.2602(0.424s / 1.630s) | Generator RTF: 0.2583(0.421s / 1.630s)
generated_audios/generated_H2_512C_int8/237-134500-0026_generated.wav | RTF: 0.2402(0.733s / 3.050s) | Generator RTF: 0.2392(0.729s / 3.050s)
generated_audios/generated_H2_512C_int8/237-134500-0027_generated.wav | RTF: 0.2359(0.771s / 3.270s) | Generator RTF: 0.2349(0.768s / 3.270s)
generated_audios/generated_H2_512C_int8/237-134500-0028_generated.wav | RTF: 0.2402(1.087s / 4.525s) | Generator RTF: 0.2394(1.083s / 4.525s)
generated_audios/generated_H2_512C_int8/237-134500-0029_generated.wav | RTF: 0.2305(0.476s / 2.065s) | Generator RTF: 0.2288(0.473s / 2.065s)
generated_audios/generated_H2_512C_int8/237-134500-0030_generated.wav | RTF: 0.2363(0.657s / 2.780s) | Generator RTF: 0.2350(0.653s / 2.780s)
generated_audios/generated_H2_512C_int8/237-134500-0031_generated.wav | RTF: 0.2401(2.547s / 10.610s) | Generator RTF: 0.2397(2.544s / 10.610s)
generated_audios/generated_H2_512C_int8/237-134500-0032_generated.wav | RTF: 0.1436(0.721s / 5.025s) | Generator RTF: 0.1428(0.718s / 5.025s)
generated_audios/generated_H2_512C_int8/237-134500-0033_generated.wav | RTF: 0.2311(1.467s / 6.350s) | Generator RTF: 0.2305(1.464s / 6.350s)
generated_audios/generated_H2_512C_int8/237-134500-0034_generated.wav | RTF: 0.2319(0.713s / 3.075s) | Generator RTF: 0.2308(0.710s / 3.075s)
generated_audios/generated_H2_512C_int8/237-134500-0035_generated.wav | RTF: 0.2376(0.607s / 2.555s) | Generator RTF: 0.2363(0.604s / 2.555s)
generated_audios/generated_H2_512C_int8/237-134500-0036_generated.wav | RTF: 0.2437(1.608s / 6.600s) | Generator RTF: 0.2431(1.604s / 6.600s)
generated_audios/generated_H2_512C_int8/237-134500-0037_generated.wav | RTF: 0.2404(1.708s / 7.105s) | Generator RTF: 0.2398(1.704s / 7.105s)
generated_audios/generated_H2_512C_int8/237-134500-0038_generated.wav | RTF: 0.2414(0.588s / 2.435s) | Generator RTF: 0.2401(0.585s / 2.435s)
generated_audios/generated_H2_512C_int8/237-134500-0039_generated.wav | RTF: 0.2387(1.105s / 4.630s) | Generator RTF: 0.2379(1.102s / 4.630s)
generated_audios/generated_H2_512C_int8/237-134500-0040_generated.wav | RTF: 0.1396(0.563s / 4.030s) | Generator RTF: 0.1387(0.559s / 4.030s)
generated_audios/generated_H2_512C_int8/237-134500-0041_generated.wav | RTF: 0.1693(1.510s / 8.920s) | Generator RTF: 0.1689(1.506s / 8.920s)
generated_audios/generated_H2_512C_int8/237-134500-0042_generated.wav | RTF: 0.2416(0.622s / 2.575s) | Generator RTF: 0.2402(0.619s / 2.575s)
generated_audios/generated_H2_512C_int8/260-123286-0000_generated.wav | RTF: 0.2316(1.630s / 7.040s) | Generator RTF: 0.2310(1.626s / 7.040s)
generated_audios/generated_H2_512C_int8/260-123286-0001_generated.wav | RTF: 0.1381(0.424s / 3.070s) | Generator RTF: 0.1369(0.420s / 3.070s)
generated_audios/generated_H2_512C_int8/260-123286-0002_generated.wav | RTF: 0.2402(2.398s / 9.985s) | Generator RTF: 0.2398(2.394s / 9.985s)
generated_audios/generated_H2_512C_int8/260-123286-0003_generated.wav | RTF: 0.2329(1.716s / 7.370s) | Generator RTF: 0.2324(1.712s / 7.370s)
generated_audios/generated_H2_512C_int8/260-123286-0004_generated.wav | RTF: 0.2333(0.808s / 3.465s) | Generator RTF: 0.2322(0.805s / 3.465s)
generated_audios/generated_H2_512C_int8/260-123286-0005_generated.wav | RTF: 0.2325(1.118s / 4.810s) | Generator RTF: 0.2318(1.115s / 4.810s)
generated_audios/generated_H2_512C_int8/260-123286-0006_generated.wav | RTF: 0.2431(1.800s / 7.405s) | Generator RTF: 0.2426(1.797s / 7.405s)
generated_audios/generated_H2_512C_int8/260-123286-0007_generated.wav | RTF: 0.2345(1.067s / 4.550s) | Generator RTF: 0.2337(1.063s / 4.550s)
generated_audios/generated_H2_512C_int8/260-123286-0008_generated.wav | RTF: 0.2291(0.856s / 3.735s) | Generator RTF: 0.2282(0.852s / 3.735s)
generated_audios/generated_H2_512C_int8/260-123286-0009_generated.wav | RTF: 0.2385(1.382s / 5.795s) | Generator RTF: 0.2378(1.378s / 5.795s)
generated_audios/generated_H2_512C_int8/260-123286-0010_generated.wav | RTF: 0.1397(0.360s / 2.575s) | Generator RTF: 0.1385(0.357s / 2.575s)
generated_audios/generated_H2_512C_int8/260-123286-0011_generated.wav | RTF: 0.1348(0.573s / 4.255s) | Generator RTF: 0.1339(0.570s / 4.255s)
generated_audios/generated_H2_512C_int8/260-123286-0012_generated.wav | RTF: 0.1429(0.347s / 2.430s) | Generator RTF: 0.1416(0.344s / 2.430s)
generated_audios/generated_H2_512C_int8/260-123286-0013_generated.wav | RTF: 0.2368(1.120s / 4.730s) | Generator RTF: 0.2363(1.117s / 4.730s)
generated_audios/generated_H2_512C_int8/260-123286-0014_generated.wav | RTF: 0.1818(0.542s / 2.980s) | Generator RTF: 0.1806(0.538s / 2.980s)
generated_audios/generated_H2_512C_int8/260-123286-0015_generated.wav | RTF: 0.2544(1.326s / 5.210s) | Generator RTF: 0.2537(1.322s / 5.210s)
generated_audios/generated_H2_512C_int8/260-123286-0016_generated.wav | RTF: 0.2415(1.691s / 7.000s) | Generator RTF: 0.2410(1.687s / 7.000s)
generated_audios/generated_H2_512C_int8/260-123286-0017_generated.wav | RTF: 0.2346(0.932s / 3.975s) | Generator RTF: 0.2337(0.929s / 3.975s)
generated_audios/generated_H2_512C_int8/260-123286-0018_generated.wav | RTF: 0.2450(1.389s / 5.670s) | Generator RTF: 0.2444(1.386s / 5.670s)
generated_audios/generated_H2_512C_int8/260-123286-0019_generated.wav | RTF: 0.2401(2.858s / 11.905s) | Generator RTF: 0.2397(2.854s / 11.905s)
generated_audios/generated_H2_512C_int8/260-123286-0020_generated.wav | RTF: 0.1387(0.425s / 3.060s) | Generator RTF: 0.1375(0.421s / 3.060s)
generated_audios/generated_H2_512C_int8/260-123286-0021_generated.wav | RTF: 0.2303(0.587s / 2.550s) | Generator RTF: 0.2290(0.584s / 2.550s)
generated_audios/generated_H2_512C_int8/260-123286-0022_generated.wav | RTF: 0.2386(0.772s / 3.235s) | Generator RTF: 0.2376(0.769s / 3.235s)
generated_audios/generated_H2_512C_int8/260-123286-0023_generated.wav | RTF: 0.2447(1.438s / 5.875s) | Generator RTF: 0.2441(1.434s / 5.875s)
generated_audios/generated_H2_512C_int8/260-123286-0024_generated.wav | RTF: 0.2292(0.697s / 3.040s) | Generator RTF: 0.2281(0.693s / 3.040s)
generated_audios/generated_H2_512C_int8/260-123286-0025_generated.wav | RTF: 0.2363(2.176s / 9.205s) | Generator RTF: 0.2360(2.172s / 9.205s)
generated_audios/generated_H2_512C_int8/260-123286-0026_generated.wav | RTF: 0.2372(1.646s / 6.940s) | Generator RTF: 0.2367(1.643s / 6.940s)
generated_audios/generated_H2_512C_int8/260-123286-0027_generated.wav | RTF: 0.2367(1.697s / 7.170s) | Generator RTF: 0.2362(1.693s / 7.170s)
generated_audios/generated_H2_512C_int8/260-123286-0028_generated.wav | RTF: 0.2346(1.751s / 7.465s) | Generator RTF: 0.2341(1.747s / 7.465s)
generated_audios/generated_H2_512C_int8/260-123286-0029_generated.wav | RTF: 0.1347(0.612s / 4.545s) | Generator RTF: 0.1339(0.609s / 4.545s)
generated_audios/generated_H2_512C_int8/260-123286-0030_generated.wav | RTF: 0.1434(1.080s / 7.530s) | Generator RTF: 0.1429(1.076s / 7.530s)
generated_audios/generated_H2_512C_int8/260-123286-0031_generated.wav | RTF: 0.2313(1.170s / 5.060s) | Generator RTF: 0.2306(1.167s / 5.060s)
generated_audios/generated_H2_512C_int8/260-123288-0000_generated.wav | RTF: 0.1363(0.414s / 3.040s) | Generator RTF: 0.1352(0.411s / 3.040s)
generated_audios/generated_H2_512C_int8/260-123288-0001_generated.wav | RTF: 0.1414(0.718s / 5.080s) | Generator RTF: 0.1407(0.715s / 5.080s)
generated_audios/generated_H2_512C_int8/260-123288-0002_generated.wav | RTF: 0.2452(1.778s / 7.250s) | Generator RTF: 0.2447(1.774s / 7.250s)
generated_audios/generated_H2_512C_int8/260-123288-0003_generated.wav | RTF: 0.2392(2.130s / 8.905s) | Generator RTF: 0.2387(2.126s / 8.905s)
generated_audios/generated_H2_512C_int8/260-123288-0004_generated.wav | RTF: 0.2316(0.998s / 4.310s) | Generator RTF: 0.2309(0.995s / 4.310s)
generated_audios/generated_H2_512C_int8/260-123288-0005_generated.wav | RTF: 0.2375(2.981s / 12.550s) | Generator RTF: 0.2371(2.976s / 12.550s)
generated_audios/generated_H2_512C_int8/260-123288-0006_generated.wav | RTF: 0.2348(1.146s / 4.880s) | Generator RTF: 0.2340(1.142s / 4.880s)
generated_audios/generated_H2_512C_int8/260-123288-0007_generated.wav | RTF: 0.2435(2.728s / 11.200s) | Generator RTF: 0.2431(2.723s / 11.200s)
generated_audios/generated_H2_512C_int8/260-123288-0008_generated.wav | RTF: 0.2435(1.343s / 5.515s) | Generator RTF: 0.2428(1.339s / 5.515s)
generated_audios/generated_H2_512C_int8/260-123288-0009_generated.wav | RTF: 0.2387(0.820s / 3.435s) | Generator RTF: 0.2377(0.817s / 3.435s)
generated_audios/generated_H2_512C_int8/260-123288-0010_generated.wav | RTF: 0.1431(1.430s / 9.995s) | Generator RTF: 0.1427(1.426s / 9.995s)
generated_audios/generated_H2_512C_int8/260-123288-0011_generated.wav | RTF: 0.2402(2.157s / 8.980s) | Generator RTF: 0.2397(2.152s / 8.980s)
generated_audios/generated_H2_512C_int8/260-123288-0012_generated.wav | RTF: 0.2393(0.848s / 3.545s) | Generator RTF: 0.2383(0.845s / 3.545s)
generated_audios/generated_H2_512C_int8/260-123288-0013_generated.wav | RTF: 0.2457(2.797s / 11.385s) | Generator RTF: 0.2453(2.793s / 11.385s)
generated_audios/generated_H2_512C_int8/260-123288-0014_generated.wav | RTF: 0.1447(0.261s / 1.805s) | Generator RTF: 0.1429(0.258s / 1.805s)
generated_audios/generated_H2_512C_int8/260-123288-0015_generated.wav | RTF: 0.2504(5.306s / 21.185s) | Generator RTF: 0.2502(5.300s / 21.185s)
generated_audios/generated_H2_512C_int8/260-123288-0016_generated.wav | RTF: 0.2356(1.146s / 4.865s) | Generator RTF: 0.2348(1.142s / 4.865s)
generated_audios/generated_H2_512C_int8/260-123288-0017_generated.wav | RTF: 0.2265(1.183s / 5.225s) | Generator RTF: 0.2258(1.180s / 5.225s)
generated_audios/generated_H2_512C_int8/260-123288-0018_generated.wav | RTF: 0.2299(0.746s / 3.245s) | Generator RTF: 0.2288(0.743s / 3.245s)
generated_audios/generated_H2_512C_int8/260-123288-0019_generated.wav | RTF: 0.1400(0.414s / 2.955s) | Generator RTF: 0.1388(0.410s / 2.955s)
generated_audios/generated_H2_512C_int8/260-123288-0020_generated.wav | RTF: 0.2297(0.666s / 2.900s) | Generator RTF: 0.2285(0.663s / 2.900s)
generated_audios/generated_H2_512C_int8/260-123288-0021_generated.wav | RTF: 0.1402(0.380s / 2.710s) | Generator RTF: 0.1392(0.377s / 2.710s)
generated_audios/generated_H2_512C_int8/260-123288-0022_generated.wav | RTF: 0.2346(0.869s / 3.705s) | Generator RTF: 0.2337(0.866s / 3.705s)
generated_audios/generated_H2_512C_int8/260-123288-0023_generated.wav | RTF: 0.1413(0.337s / 2.385s) | Generator RTF: 0.1399(0.334s / 2.385s)
generated_audios/generated_H2_512C_int8/260-123288-0024_generated.wav | RTF: 0.2354(3.435s / 14.595s) | Generator RTF: 0.2351(3.431s / 14.595s)
generated_audios/generated_H2_512C_int8/260-123288-0025_generated.wav | RTF: 0.2338(3.144s / 13.445s) | Generator RTF: 0.2335(3.139s / 13.445s)
generated_audios/generated_H2_512C_int8/260-123288-0026_generated.wav | RTF: 0.2408(3.863s / 16.040s) | Generator RTF: 0.2405(3.857s / 16.040s)
generated_audios/generated_H2_512C_int8/260-123288-0027_generated.wav | RTF: 0.2366(1.492s / 6.305s) | Generator RTF: 0.2359(1.488s / 6.305s)
generated_audios/generated_H2_512C_int8/260-123288-0028_generated.wav | RTF: 0.2468(0.644s / 2.610s) | Generator RTF: 0.2455(0.641s / 2.610s)
generated_audios/generated_H2_512C_int8/260-123440-0000_generated.wav | RTF: 0.2293(0.496s / 2.165s) | Generator RTF: 0.2277(0.493s / 2.165s)
generated_audios/generated_H2_512C_int8/260-123440-0001_generated.wav | RTF: 0.2533(0.441s / 1.740s) | Generator RTF: 0.2514(0.437s / 1.740s)
generated_audios/generated_H2_512C_int8/260-123440-0002_generated.wav | RTF: 0.2385(3.509s / 14.715s) | Generator RTF: 0.2381(3.504s / 14.715s)
generated_audios/generated_H2_512C_int8/260-123440-0003_generated.wav | RTF: 0.2371(0.850s / 3.585s) | Generator RTF: 0.2361(0.847s / 3.585s)
generated_audios/generated_H2_512C_int8/260-123440-0004_generated.wav | RTF: 0.2380(2.861s / 12.020s) | Generator RTF: 0.2377(2.857s / 12.020s)
generated_audios/generated_H2_512C_int8/260-123440-0005_generated.wav | RTF: 0.1391(0.432s / 3.105s) | Generator RTF: 0.1380(0.428s / 3.105s)
generated_audios/generated_H2_512C_int8/260-123440-0006_generated.wav | RTF: 0.1364(0.370s / 2.715s) | Generator RTF: 0.1352(0.367s / 2.715s)
generated_audios/generated_H2_512C_int8/260-123440-0007_generated.wav | RTF: 0.2283(0.773s / 3.385s) | Generator RTF: 0.2273(0.769s / 3.385s)
generated_audios/generated_H2_512C_int8/260-123440-0008_generated.wav | RTF: 0.2384(0.893s / 3.745s) | Generator RTF: 0.2375(0.890s / 3.745s)
generated_audios/generated_H2_512C_int8/260-123440-0009_generated.wav | RTF: 0.2339(0.728s / 3.115s) | Generator RTF: 0.2328(0.725s / 3.115s)
generated_audios/generated_H2_512C_int8/260-123440-0010_generated.wav | RTF: 0.2418(2.011s / 8.315s) | Generator RTF: 0.2413(2.007s / 8.315s)
generated_audios/generated_H2_512C_int8/260-123440-0011_generated.wav | RTF: 0.1375(0.670s / 4.870s) | Generator RTF: 0.1368(0.666s / 4.870s)
generated_audios/generated_H2_512C_int8/260-123440-0012_generated.wav | RTF: 0.2396(1.257s / 5.245s) | Generator RTF: 0.2390(1.253s / 5.245s)
generated_audios/generated_H2_512C_int8/260-123440-0013_generated.wav | RTF: 0.2432(0.845s / 3.475s) | Generator RTF: 0.2422(0.842s / 3.475s)
generated_audios/generated_H2_512C_int8/260-123440-0014_generated.wav | RTF: 0.2399(0.915s / 3.815s) | Generator RTF: 0.2389(0.911s / 3.815s)
generated_audios/generated_H2_512C_int8/260-123440-0015_generated.wav | RTF: 0.1442(0.894s / 6.200s) | Generator RTF: 0.1436(0.890s / 6.200s)
generated_audios/generated_H2_512C_int8/260-123440-0016_generated.wav | RTF: 0.2450(1.200s / 4.895s) | Generator RTF: 0.2443(1.196s / 4.895s)
generated_audios/generated_H2_512C_int8/260-123440-0017_generated.wav | RTF: 0.1437(0.441s / 3.070s) | Generator RTF: 0.1425(0.438s / 3.070s)
generated_audios/generated_H2_512C_int8/260-123440-0018_generated.wav | RTF: 0.2354(0.857s / 3.640s) | Generator RTF: 0.2344(0.853s / 3.640s)
generated_audios/generated_H2_512C_int8/260-123440-0019_generated.wav | RTF: 0.2359(1.564s / 6.630s) | Generator RTF: 0.2353(1.560s / 6.630s)
generated_audios/generated_H2_512C_int8/260-123440-0020_generated.wav | RTF: 0.2431(1.214s / 4.995s) | Generator RTF: 0.2423(1.211s / 4.995s)
generated_audios/generated_H2_512C_int8/61-70968-0000_generated.wav | RTF: 0.2455(1.204s / 4.905s) | Generator RTF: 0.2448(1.201s / 4.905s)
generated_audios/generated_H2_512C_int8/61-70968-0001_generated.wav | RTF: 0.2396(0.865s / 3.610s) | Generator RTF: 0.2387(0.862s / 3.610s)
generated_audios/generated_H2_512C_int8/61-70968-0002_generated.wav | RTF: 0.2302(0.684s / 2.970s) | Generator RTF: 0.2291(0.680s / 2.970s)
generated_audios/generated_H2_512C_int8/61-70968-0003_generated.wav | RTF: 0.1331(0.574s / 4.315s) | Generator RTF: 0.1322(0.571s / 4.315s)
generated_audios/generated_H2_512C_int8/61-70968-0004_generated.wav | RTF: 0.2371(0.921s / 3.885s) | Generator RTF: 0.2364(0.918s / 3.885s)
generated_audios/generated_H2_512C_int8/61-70968-0005_generated.wav | RTF: 0.1413(0.716s / 5.070s) | Generator RTF: 0.1405(0.713s / 5.070s)
generated_audios/generated_H2_512C_int8/61-70968-0006_generated.wav | RTF: 0.2330(0.684s / 2.935s) | Generator RTF: 0.2318(0.680s / 2.935s)
generated_audios/generated_H2_512C_int8/61-70968-0007_generated.wav | RTF: 0.1346(0.478s / 3.550s) | Generator RTF: 0.1336(0.474s / 3.550s)
generated_audios/generated_H2_512C_int8/61-70968-0008_generated.wav | RTF: 0.1430(0.506s / 3.535s) | Generator RTF: 0.1420(0.502s / 3.535s)
generated_audios/generated_H2_512C_int8/61-70968-0009_generated.wav | RTF: 0.2340(1.055s / 4.510s) | Generator RTF: 0.2331(1.052s / 4.510s)
generated_audios/generated_H2_512C_int8/61-70968-0010_generated.wav | RTF: 0.2344(1.944s / 8.295s) | Generator RTF: 0.2339(1.940s / 8.295s)
generated_audios/generated_H2_512C_int8/61-70968-0011_generated.wav | RTF: 0.2343(1.494s / 6.375s) | Generator RTF: 0.2337(1.490s / 6.375s)
generated_audios/generated_H2_512C_int8/61-70968-0012_generated.wav | RTF: 0.1454(0.380s / 2.610s) | Generator RTF: 0.1441(0.376s / 2.610s)
generated_audios/generated_H2_512C_int8/61-70968-0013_generated.wav | RTF: 0.1350(0.601s / 4.450s) | Generator RTF: 0.1342(0.597s / 4.450s)
generated_audios/generated_H2_512C_int8/61-70968-0014_generated.wav | RTF: 0.2385(1.785s / 7.485s) | Generator RTF: 0.2380(1.782s / 7.485s)
generated_audios/generated_H2_512C_int8/61-70968-0015_generated.wav | RTF: 0.2373(1.276s / 5.375s) | Generator RTF: 0.2367(1.272s / 5.375s)
generated_audios/generated_H2_512C_int8/61-70968-0016_generated.wav | RTF: 0.2559(0.952s / 3.720s) | Generator RTF: 0.2550(0.949s / 3.720s)
generated_audios/generated_H2_512C_int8/61-70968-0017_generated.wav | RTF: 0.2408(1.231s / 5.110s) | Generator RTF: 0.2402(1.227s / 5.110s)
generated_audios/generated_H2_512C_int8/61-70968-0018_generated.wav | RTF: 0.2272(0.546s / 2.405s) | Generator RTF: 0.2258(0.543s / 2.405s)
generated_audios/generated_H2_512C_int8/61-70968-0019_generated.wav | RTF: 0.2380(1.303s / 5.475s) | Generator RTF: 0.2373(1.299s / 5.475s)
generated_audios/generated_H2_512C_int8/61-70968-0020_generated.wav | RTF: 0.2411(1.231s / 5.105s) | Generator RTF: 0.2404(1.227s / 5.105s)
generated_audios/generated_H2_512C_int8/61-70968-0021_generated.wav | RTF: 0.2316(0.623s / 2.690s) | Generator RTF: 0.2303(0.620s / 2.690s)
generated_audios/generated_H2_512C_int8/61-70968-0022_generated.wav | RTF: 0.1463(0.683s / 4.670s) | Generator RTF: 0.1455(0.679s / 4.670s)
generated_audios/generated_H2_512C_int8/61-70968-0023_generated.wav | RTF: 0.1530(0.769s / 5.025s) | Generator RTF: 0.1523(0.765s / 5.025s)
generated_audios/generated_H2_512C_int8/61-70968-0024_generated.wav | RTF: 0.2444(1.472s / 6.025s) | Generator RTF: 0.2437(1.468s / 6.025s)
generated_audios/generated_H2_512C_int8/61-70968-0025_generated.wav | RTF: 0.1385(0.611s / 4.410s) | Generator RTF: 0.1377(0.607s / 4.410s)
generated_audios/generated_H2_512C_int8/61-70968-0026_generated.wav | RTF: 0.2357(1.160s / 4.920s) | Generator RTF: 0.2350(1.156s / 4.920s)
generated_audios/generated_H2_512C_int8/61-70968-0027_generated.wav | RTF: 0.2381(1.636s / 6.870s) | Generator RTF: 0.2375(1.631s / 6.870s)
generated_audios/generated_H2_512C_int8/61-70968-0028_generated.wav | RTF: 0.2378(1.273s / 5.355s) | Generator RTF: 0.2371(1.270s / 5.355s)
generated_audios/generated_H2_512C_int8/61-70968-0029_generated.wav | RTF: 0.2394(0.837s / 3.495s) | Generator RTF: 0.2383(0.833s / 3.495s)
generated_audios/generated_H2_512C_int8/61-70968-0030_generated.wav | RTF: 0.2372(1.349s / 5.685s) | Generator RTF: 0.2365(1.345s / 5.685s)
generated_audios/generated_H2_512C_int8/61-70968-0031_generated.wav | RTF: 0.2352(0.688s / 2.925s) | Generator RTF: 0.2341(0.685s / 2.925s)
generated_audios/generated_H2_512C_int8/61-70968-0032_generated.wav | RTF: 0.1429(0.612s / 4.280s) | Generator RTF: 0.1421(0.608s / 4.280s)
generated_audios/generated_H2_512C_int8/61-70968-0033_generated.wav | RTF: 0.1387(0.788s / 5.685s) | Generator RTF: 0.1380(0.785s / 5.685s)
generated_audios/generated_H2_512C_int8/61-70968-0034_generated.wav | RTF: 0.2387(1.010s / 4.230s) | Generator RTF: 0.2378(1.006s / 4.230s)
generated_audios/generated_H2_512C_int8/61-70968-0035_generated.wav | RTF: 0.2352(1.870s / 7.950s) | Generator RTF: 0.2347(1.866s / 7.950s)
generated_audios/generated_H2_512C_int8/61-70968-0036_generated.wav | RTF: 0.1353(0.397s / 2.935s) | Generator RTF: 0.1342(0.394s / 2.935s)
generated_audios/generated_H2_512C_int8/61-70968-0037_generated.wav | RTF: 0.1340(0.578s / 4.315s) | Generator RTF: 0.1332(0.575s / 4.315s)
generated_audios/generated_H2_512C_int8/61-70968-0038_generated.wav | RTF: 0.2558(0.524s / 2.050s) | Generator RTF: 0.2543(0.521s / 2.050s)
generated_audios/generated_H2_512C_int8/61-70968-0039_generated.wav | RTF: 0.2293(0.873s / 3.805s) | Generator RTF: 0.2284(0.869s / 3.805s)
generated_audios/generated_H2_512C_int8/61-70968-0040_generated.wav | RTF: 0.2317(0.915s / 3.950s) | Generator RTF: 0.2308(0.912s / 3.950s)
generated_audios/generated_H2_512C_int8/61-70968-0041_generated.wav | RTF: 0.1426(0.973s / 6.825s) | Generator RTF: 0.1421(0.970s / 6.825s)
generated_audios/generated_H2_512C_int8/61-70968-0042_generated.wav | RTF: 0.1396(0.389s / 2.785s) | Generator RTF: 0.1384(0.385s / 2.785s)
generated_audios/generated_H2_512C_int8/61-70968-0043_generated.wav | RTF: 0.2435(1.640s / 6.735s) | Generator RTF: 0.2429(1.636s / 6.735s)
generated_audios/generated_H2_512C_int8/61-70968-0044_generated.wav | RTF: 0.1412(0.391s / 2.770s) | Generator RTF: 0.1400(0.388s / 2.770s)
generated_audios/generated_H2_512C_int8/61-70968-0045_generated.wav | RTF: 0.1400(0.486s / 3.475s) | Generator RTF: 0.1389(0.483s / 3.475s)
generated_audios/generated_H2_512C_int8/61-70968-0046_generated.wav | RTF: 0.1350(0.479s / 3.550s) | Generator RTF: 0.1340(0.476s / 3.550s)
generated_audios/generated_H2_512C_int8/61-70968-0047_generated.wav | RTF: 0.2318(1.107s / 4.775s) | Generator RTF: 0.2311(1.104s / 4.775s)
generated_audios/generated_H2_512C_int8/61-70968-0048_generated.wav | RTF: 0.2418(0.730s / 3.020s) | Generator RTF: 0.2405(0.726s / 3.020s)
generated_audios/generated_H2_512C_int8/61-70968-0049_generated.wav | RTF: 0.2412(1.990s / 8.250s) | Generator RTF: 0.2408(1.987s / 8.250s)
generated_audios/generated_H2_512C_int8/61-70968-0050_generated.wav | RTF: 0.2466(1.376s / 5.580s) | Generator RTF: 0.2460(1.373s / 5.580s)
generated_audios/generated_H2_512C_int8/61-70968-0051_generated.wav | RTF: 0.2329(0.730s / 3.135s) | Generator RTF: 0.2319(0.727s / 3.135s)
generated_audios/generated_H2_512C_int8/61-70968-0052_generated.wav | RTF: 0.2237(0.593s / 2.650s) | Generator RTF: 0.2224(0.589s / 2.650s)
generated_audios/generated_H2_512C_int8/61-70968-0053_generated.wav | RTF: 0.1377(0.581s / 4.220s) | Generator RTF: 0.1368(0.577s / 4.220s)
generated_audios/generated_H2_512C_int8/61-70968-0054_generated.wav | RTF: 0.2442(1.919s / 7.860s) | Generator RTF: 0.2436(1.915s / 7.860s)
generated_audios/generated_H2_512C_int8/61-70968-0055_generated.wav | RTF: 0.1368(0.542s / 3.965s) | Generator RTF: 0.1359(0.539s / 3.965s)
generated_audios/generated_H2_512C_int8/61-70968-0056_generated.wav | RTF: 0.2376(0.847s / 3.565s) | Generator RTF: 0.2366(0.843s / 3.565s)
generated_audios/generated_H2_512C_int8/61-70968-0057_generated.wav | RTF: 0.1415(0.716s / 5.065s) | Generator RTF: 0.1408(0.713s / 5.065s)
generated_audios/generated_H2_512C_int8/61-70968-0058_generated.wav | RTF: 0.2364(0.430s / 1.820s) | Generator RTF: 0.2346(0.427s / 1.820s)
generated_audios/generated_H2_512C_int8/61-70968-0059_generated.wav | RTF: 0.1419(0.308s / 2.170s) | Generator RTF: 0.1405(0.305s / 2.170s)
generated_audios/generated_H2_512C_int8/61-70968-0060_generated.wav | RTF: 0.1383(0.516s / 3.735s) | Generator RTF: 0.1374(0.513s / 3.735s)
generated_audios/generated_H2_512C_int8/61-70968-0061_generated.wav | RTF: 0.2451(1.356s / 5.530s) | Generator RTF: 0.2445(1.352s / 5.530s)
generated_audios/generated_H2_512C_int8/61-70968-0062_generated.wav | RTF: 0.1406(0.359s / 2.555s) | Generator RTF: 0.1392(0.356s / 2.555s)
generated_audios/generated_H2_512C_int8/61-70970-0000_generated.wav | RTF: 0.2456(1.492s / 6.075s) | Generator RTF: 0.2450(1.488s / 6.075s)
generated_audios/generated_H2_512C_int8/61-70970-0001_generated.wav | RTF: 0.2443(1.503s / 6.155s) | Generator RTF: 0.2437(1.500s / 6.155s)
generated_audios/generated_H2_512C_int8/61-70970-0002_generated.wav | RTF: 0.2427(1.011s / 4.165s) | Generator RTF: 0.2418(1.007s / 4.165s)
generated_audios/generated_H2_512C_int8/61-70970-0003_generated.wav | RTF: 0.2331(0.894s / 3.835s) | Generator RTF: 0.2321(0.890s / 3.835s)
generated_audios/generated_H2_512C_int8/61-70970-0004_generated.wav | RTF: 0.2448(2.574s / 10.515s) | Generator RTF: 0.2444(2.570s / 10.515s)
generated_audios/generated_H2_512C_int8/61-70970-0005_generated.wav | RTF: 0.2577(0.520s / 2.020s) | Generator RTF: 0.2560(0.517s / 2.020s)
generated_audios/generated_H2_512C_int8/61-70970-0006_generated.wav | RTF: 0.2386(0.557s / 2.335s) | Generator RTF: 0.2371(0.554s / 2.335s)
generated_audios/generated_H2_512C_int8/61-70970-0007_generated.wav | RTF: 0.2460(1.103s / 4.485s) | Generator RTF: 0.2454(1.100s / 4.485s)
generated_audios/generated_H2_512C_int8/61-70970-0008_generated.wav | RTF: 0.2581(0.555s / 2.150s) | Generator RTF: 0.2566(0.552s / 2.150s)
generated_audios/generated_H2_512C_int8/61-70970-0009_generated.wav | RTF: 0.2490(0.848s / 3.405s) | Generator RTF: 0.2480(0.845s / 3.405s)
generated_audios/generated_H2_512C_int8/61-70970-0010_generated.wav | RTF: 0.1375(0.419s / 3.045s) | Generator RTF: 0.1364(0.415s / 3.045s)
generated_audios/generated_H2_512C_int8/61-70970-0011_generated.wav | RTF: 0.1320(0.802s / 6.075s) | Generator RTF: 0.1313(0.798s / 6.075s)
generated_audios/generated_H2_512C_int8/61-70970-0012_generated.wav | RTF: 0.1354(0.424s / 3.135s) | Generator RTF: 0.1343(0.421s / 3.135s)
generated_audios/generated_H2_512C_int8/61-70970-0013_generated.wav | RTF: 0.2506(1.090s / 4.350s) | Generator RTF: 0.2498(1.087s / 4.350s)
generated_audios/generated_H2_512C_int8/61-70970-0014_generated.wav | RTF: 0.1329(0.453s / 3.405s) | Generator RTF: 0.1319(0.449s / 3.405s)
generated_audios/generated_H2_512C_int8/61-70970-0015_generated.wav | RTF: 0.2507(2.109s / 8.415s) | Generator RTF: 0.2502(2.105s / 8.415s)
generated_audios/generated_H2_512C_int8/61-70970-0016_generated.wav | RTF: 0.2500(1.092s / 4.370s) | Generator RTF: 0.2491(1.089s / 4.370s)
generated_audios/generated_H2_512C_int8/61-70970-0017_generated.wav | RTF: 0.1414(0.361s / 2.550s) | Generator RTF: 0.1402(0.357s / 2.550s)
generated_audios/generated_H2_512C_int8/61-70970-0018_generated.wav | RTF: 0.2397(1.103s / 4.600s) | Generator RTF: 0.2390(1.099s / 4.600s)
generated_audios/generated_H2_512C_int8/61-70970-0019_generated.wav | RTF: 0.2471(0.934s / 3.780s) | Generator RTF: 0.2462(0.931s / 3.780s)
generated_audios/generated_H2_512C_int8/61-70970-0020_generated.wav | RTF: 0.1426(0.716s / 5.025s) | Generator RTF: 0.1418(0.713s / 5.025s)
generated_audios/generated_H2_512C_int8/61-70970-0021_generated.wav | RTF: 0.2396(1.295s / 5.405s) | Generator RTF: 0.2391(1.292s / 5.405s)
generated_audios/generated_H2_512C_int8/61-70970-0022_generated.wav | RTF: 0.1338(0.531s / 3.970s) | Generator RTF: 0.1329(0.528s / 3.970s)
generated_audios/generated_H2_512C_int8/61-70970-0023_generated.wav | RTF: 0.1381(0.512s / 3.705s) | Generator RTF: 0.1372(0.508s / 3.705s)
generated_audios/generated_H2_512C_int8/61-70970-0024_generated.wav | RTF: 0.2463(1.782s / 7.235s) | Generator RTF: 0.2459(1.779s / 7.235s)
generated_audios/generated_H2_512C_int8/61-70970-0025_generated.wav | RTF: 0.2725(2.026s / 7.435s) | Generator RTF: 0.2720(2.022s / 7.435s)
generated_audios/generated_H2_512C_int8/61-70970-0026_generated.wav | RTF: 0.1363(0.746s / 5.475s) | Generator RTF: 0.1356(0.743s / 5.475s)
generated_audios/generated_H2_512C_int8/61-70970-0027_generated.wav | RTF: 0.1341(0.681s / 5.080s) | Generator RTF: 0.1334(0.678s / 5.080s)
generated_audios/generated_H2_512C_int8/61-70970-0028_generated.wav | RTF: 0.1384(0.907s / 6.550s) | Generator RTF: 0.1378(0.903s / 6.550s)
generated_audios/generated_H2_512C_int8/61-70970-0029_generated.wav | RTF: 0.1364(0.550s / 4.030s) | Generator RTF: 0.1355(0.546s / 4.030s)
generated_audios/generated_H2_512C_int8/61-70970-0030_generated.wav | RTF: 0.1383(0.448s / 3.240s) | Generator RTF: 0.1373(0.445s / 3.240s)
generated_audios/generated_H2_512C_int8/61-70970-0031_generated.wav | RTF: 0.2448(1.257s / 5.135s) | Generator RTF: 0.2441(1.253s / 5.135s)
generated_audios/generated_H2_512C_int8/61-70970-0032_generated.wav | RTF: 0.1354(0.424s / 3.135s) | Generator RTF: 0.1343(0.421s / 3.135s)
generated_audios/generated_H2_512C_int8/61-70970-0033_generated.wav | RTF: 0.2377(0.813s / 3.420s) | Generator RTF: 0.2368(0.810s / 3.420s)
generated_audios/generated_H2_512C_int8/61-70970-0034_generated.wav | RTF: 0.1328(0.595s / 4.485s) | Generator RTF: 0.1320(0.592s / 4.485s)
generated_audios/generated_H2_512C_int8/61-70970-0035_generated.wav | RTF: 0.1382(1.023s / 7.405s) | Generator RTF: 0.1377(1.020s / 7.405s)
generated_audios/generated_H2_512C_int8/61-70970-0036_generated.wav | RTF: 0.1405(0.953s / 6.785s) | Generator RTF: 0.1399(0.949s / 6.785s)
generated_audios/generated_H2_512C_int8/61-70970-0037_generated.wav | RTF: 0.2412(1.442s / 5.980s) | Generator RTF: 0.2406(1.439s / 5.980s)
generated_audios/generated_H2_512C_int8/61-70970-0038_generated.wav | RTF: 0.2492(2.592s / 10.400s) | Generator RTF: 0.2488(2.588s / 10.400s)
generated_audios/generated_H2_512C_int8/61-70970-0039_generated.wav | RTF: 0.1381(0.920s / 6.665s) | Generator RTF: 0.1375(0.916s / 6.665s)
generated_audios/generated_H2_512C_int8/61-70970-0040_generated.wav | RTF: 0.1323(0.551s / 4.165s) | Generator RTF: 0.1314(0.547s / 4.165s)
generated_audios/generated_H2_512C_int8/672-122797-0000_generated.wav | RTF: 0.2493(1.015s / 4.070s) | Generator RTF: 0.2485(1.011s / 4.070s)
generated_audios/generated_H2_512C_int8/672-122797-0001_generated.wav | RTF: 0.2516(3.807s / 15.130s) | Generator RTF: 0.2513(3.803s / 15.130s)
generated_audios/generated_H2_512C_int8/672-122797-0002_generated.wav | RTF: 0.2510(3.419s / 13.620s) | Generator RTF: 0.2507(3.414s / 13.620s)
generated_audios/generated_H2_512C_int8/672-122797-0003_generated.wav | RTF: 0.2482(1.181s / 4.760s) | Generator RTF: 0.2474(1.178s / 4.760s)
generated_audios/generated_H2_512C_int8/672-122797-0004_generated.wav | RTF: 0.2430(2.490s / 10.250s) | Generator RTF: 0.2426(2.486s / 10.250s)
generated_audios/generated_H2_512C_int8/672-122797-0005_generated.wav | RTF: 0.2569(0.837s / 3.260s) | Generator RTF: 0.2559(0.834s / 3.260s)
generated_audios/generated_H2_512C_int8/672-122797-0006_generated.wav | RTF: 0.2534(3.535s / 13.950s) | Generator RTF: 0.2531(3.531s / 13.950s)
generated_audios/generated_H2_512C_int8/672-122797-0007_generated.wav | RTF: 0.2392(1.535s / 6.420s) | Generator RTF: 0.2386(1.532s / 6.420s)
generated_audios/generated_H2_512C_int8/672-122797-0008_generated.wav | RTF: 0.2646(8.152s / 30.810s) | Generator RTF: 0.2644(8.146s / 30.810s)
generated_audios/generated_H2_512C_int8/672-122797-0009_generated.wav | RTF: 0.1396(0.386s / 2.765s) | Generator RTF: 0.1383(0.382s / 2.765s)
generated_audios/generated_H2_512C_int8/672-122797-0010_generated.wav | RTF: 0.1381(0.527s / 3.815s) | Generator RTF: 0.1373(0.524s / 3.815s)
generated_audios/generated_H2_512C_int8/672-122797-0011_generated.wav | RTF: 0.2507(0.637s / 2.540s) | Generator RTF: 0.2494(0.634s / 2.540s)
generated_audios/generated_H2_512C_int8/672-122797-0012_generated.wav | RTF: 0.2446(1.899s / 7.765s) | Generator RTF: 0.2441(1.895s / 7.765s)
generated_audios/generated_H2_512C_int8/672-122797-0013_generated.wav | RTF: 0.2418(2.105s / 8.705s) | Generator RTF: 0.2414(2.101s / 8.705s)
generated_audios/generated_H2_512C_int8/672-122797-0014_generated.wav | RTF: 0.1398(0.357s / 2.555s) | Generator RTF: 0.1386(0.354s / 2.555s)
generated_audios/generated_H2_512C_int8/672-122797-0015_generated.wav | RTF: 0.1353(0.603s / 4.455s) | Generator RTF: 0.1345(0.599s / 4.455s)
generated_audios/generated_H2_512C_int8/672-122797-0016_generated.wav | RTF: 0.2411(2.222s / 9.215s) | Generator RTF: 0.2407(2.218s / 9.215s)
generated_audios/generated_H2_512C_int8/672-122797-0017_generated.wav | RTF: 0.2398(1.156s / 4.820s) | Generator RTF: 0.2391(1.152s / 4.820s)
generated_audios/generated_H2_512C_int8/672-122797-0018_generated.wav | RTF: 0.2463(1.214s / 4.930s) | Generator RTF: 0.2455(1.211s / 4.930s)
generated_audios/generated_H2_512C_int8/672-122797-0019_generated.wav | RTF: 0.2393(0.984s / 4.110s) | Generator RTF: 0.2384(0.980s / 4.110s)
generated_audios/generated_H2_512C_int8/672-122797-0020_generated.wav | RTF: 0.2457(2.168s / 8.825s) | Generator RTF: 0.2452(2.164s / 8.825s)
generated_audios/generated_H2_512C_int8/672-122797-0021_generated.wav | RTF: 0.1368(0.568s / 4.150s) | Generator RTF: 0.1359(0.564s / 4.150s)
generated_audios/generated_H2_512C_int8/672-122797-0022_generated.wav | RTF: 0.2428(4.614s / 19.005s) | Generator RTF: 0.2425(4.609s / 19.005s)
generated_audios/generated_H2_512C_int8/672-122797-0023_generated.wav | RTF: 0.2415(2.342s / 9.695s) | Generator RTF: 0.2411(2.337s / 9.695s)
generated_audios/generated_H2_512C_int8/672-122797-0024_generated.wav | RTF: 0.2464(1.018s / 4.130s) | Generator RTF: 0.2455(1.014s / 4.130s)
generated_audios/generated_H2_512C_int8/672-122797-0025_generated.wav | RTF: 0.2449(2.618s / 10.690s) | Generator RTF: 0.2445(2.614s / 10.690s)
generated_audios/generated_H2_512C_int8/672-122797-0026_generated.wav | RTF: 0.2429(3.390s / 13.960s) | Generator RTF: 0.2426(3.386s / 13.960s)
generated_audios/generated_H2_512C_int8/672-122797-0027_generated.wav | RTF: 0.1353(0.648s / 4.790s) | Generator RTF: 0.1347(0.645s / 4.790s)
generated_audios/generated_H2_512C_int8/672-122797-0028_generated.wav | RTF: 0.1480(0.386s / 2.610s) | Generator RTF: 0.1467(0.383s / 2.610s)
generated_audios/generated_H2_512C_int8/672-122797-0029_generated.wav | RTF: 0.1372(0.418s / 3.050s) | Generator RTF: 0.1361(0.415s / 3.050s)
generated_audios/generated_H2_512C_int8/672-122797-0030_generated.wav | RTF: 0.2412(1.104s / 4.575s) | Generator RTF: 0.2405(1.100s / 4.575s)
generated_audios/generated_H2_512C_int8/672-122797-0031_generated.wav | RTF: 0.1386(0.552s / 3.980s) | Generator RTF: 0.1376(0.548s / 3.980s)
generated_audios/generated_H2_512C_int8/672-122797-0032_generated.wav | RTF: 0.1409(0.563s / 4.000s) | Generator RTF: 0.1400(0.560s / 4.000s)
generated_audios/generated_H2_512C_int8/672-122797-0033_generated.wav | RTF: 0.2766(0.355s / 1.285s) | Generator RTF: 0.2740(0.352s / 1.285s)
generated_audios/generated_H2_512C_int8/672-122797-0034_generated.wav | RTF: 0.1382(0.706s / 5.110s) | Generator RTF: 0.1374(0.702s / 5.110s)
generated_audios/generated_H2_512C_int8/672-122797-0035_generated.wav | RTF: 0.1393(0.404s / 2.900s) | Generator RTF: 0.1381(0.400s / 2.900s)
generated_audios/generated_H2_512C_int8/672-122797-0036_generated.wav | RTF: 0.1361(0.730s / 5.365s) | Generator RTF: 0.1354(0.726s / 5.365s)
generated_audios/generated_H2_512C_int8/672-122797-0037_generated.wav | RTF: 0.2418(0.474s / 1.960s) | Generator RTF: 0.2402(0.471s / 1.960s)
generated_audios/generated_H2_512C_int8/672-122797-0038_generated.wav | RTF: 0.2407(2.118s / 8.800s) | Generator RTF: 0.2402(2.114s / 8.800s)
generated_audios/generated_H2_512C_int8/672-122797-0039_generated.wav | RTF: 0.2451(0.987s / 4.025s) | Generator RTF: 0.2443(0.983s / 4.025s)
generated_audios/generated_H2_512C_int8/672-122797-0040_generated.wav | RTF: 0.1367(0.701s / 5.125s) | Generator RTF: 0.1360(0.697s / 5.125s)
generated_audios/generated_H2_512C_int8/672-122797-0041_generated.wav | RTF: 0.1374(0.533s / 3.880s) | Generator RTF: 0.1365(0.530s / 3.880s)
generated_audios/generated_H2_512C_int8/672-122797-0042_generated.wav | RTF: 0.2408(3.686s / 15.310s) | Generator RTF: 0.2405(3.682s / 15.310s)
generated_audios/generated_H2_512C_int8/672-122797-0043_generated.wav | RTF: 0.1370(0.518s / 3.780s) | Generator RTF: 0.1362(0.515s / 3.780s)
generated_audios/generated_H2_512C_int8/672-122797-0044_generated.wav | RTF: 0.1388(0.519s / 3.740s) | Generator RTF: 0.1379(0.516s / 3.740s)
generated_audios/generated_H2_512C_int8/672-122797-0045_generated.wav | RTF: 0.1341(1.872s / 13.960s) | Generator RTF: 0.1337(1.867s / 13.960s)
generated_audios/generated_H2_512C_int8/672-122797-0046_generated.wav | RTF: 0.2424(1.143s / 4.715s) | Generator RTF: 0.2416(1.139s / 4.715s)
generated_audios/generated_H2_512C_int8/672-122797-0047_generated.wav | RTF: 0.2496(0.830s / 3.325s) | Generator RTF: 0.2490(0.828s / 3.325s)
generated_audios/generated_H2_512C_int8/672-122797-0048_generated.wav | RTF: 0.1366(0.896s / 6.555s) | Generator RTF: 0.1361(0.892s / 6.555s)
generated_audios/generated_H2_512C_int8/672-122797-0049_generated.wav | RTF: 0.1431(0.289s / 2.020s) | Generator RTF: 0.1414(0.286s / 2.020s)
generated_audios/generated_H2_512C_int8/672-122797-0050_generated.wav | RTF: 0.2439(1.184s / 4.855s) | Generator RTF: 0.2432(1.181s / 4.855s)
generated_audios/generated_H2_512C_int8/672-122797-0051_generated.wav | RTF: 0.2436(1.137s / 4.665s) | Generator RTF: 0.2428(1.133s / 4.665s)
generated_audios/generated_H2_512C_int8/672-122797-0052_generated.wav | RTF: 0.2349(1.007s / 4.285s) | Generator RTF: 0.2341(1.003s / 4.285s)
generated_audios/generated_H2_512C_int8/672-122797-0053_generated.wav | RTF: 0.1424(0.421s / 2.955s) | Generator RTF: 0.1412(0.417s / 2.955s)
generated_audios/generated_H2_512C_int8/672-122797-0054_generated.wav | RTF: 0.1383(0.588s / 4.250s) | Generator RTF: 0.1374(0.584s / 4.250s)
generated_audios/generated_H2_512C_int8/672-122797-0055_generated.wav | RTF: 0.2388(1.965s / 8.230s) | Generator RTF: 0.2383(1.961s / 8.230s)
generated_audios/generated_H2_512C_int8/672-122797-0056_generated.wav | RTF: 0.1367(0.714s / 5.225s) | Generator RTF: 0.1360(0.711s / 5.225s)
generated_audios/generated_H2_512C_int8/672-122797-0057_generated.wav | RTF: 0.1356(0.889s / 6.560s) | Generator RTF: 0.1350(0.885s / 6.560s)
generated_audios/generated_H2_512C_int8/672-122797-0058_generated.wav | RTF: 0.2463(1.101s / 4.470s) | Generator RTF: 0.2455(1.098s / 4.470s)
generated_audios/generated_H2_512C_int8/672-122797-0059_generated.wav | RTF: 0.2384(0.839s / 3.520s) | Generator RTF: 0.2374(0.836s / 3.520s)
generated_audios/generated_H2_512C_int8/672-122797-0060_generated.wav | RTF: 0.1486(0.498s / 3.350s) | Generator RTF: 0.1476(0.494s / 3.350s)
generated_audios/generated_H2_512C_int8/672-122797-0061_generated.wav | RTF: 0.2407(1.827s / 7.590s) | Generator RTF: 0.2402(1.823s / 7.590s)
generated_audios/generated_H2_512C_int8/672-122797-0062_generated.wav | RTF: 0.2516(0.673s / 2.675s) | Generator RTF: 0.2502(0.669s / 2.675s)
generated_audios/generated_H2_512C_int8/672-122797-0063_generated.wav | RTF: 0.1361(0.691s / 5.075s) | Generator RTF: 0.1353(0.687s / 5.075s)
generated_audios/generated_H2_512C_int8/672-122797-0064_generated.wav | RTF: 0.2429(3.709s / 15.270s) | Generator RTF: 0.2426(3.704s / 15.270s)
generated_audios/generated_H2_512C_int8/672-122797-0065_generated.wav | RTF: 0.1430(0.433s / 3.030s) | Generator RTF: 0.1418(0.430s / 3.030s)
generated_audios/generated_H2_512C_int8/672-122797-0066_generated.wav | RTF: 0.1369(0.659s / 4.815s) | Generator RTF: 0.1362(0.656s / 4.815s)
generated_audios/generated_H2_512C_int8/672-122797-0067_generated.wav | RTF: 0.2398(3.126s / 13.035s) | Generator RTF: 0.2394(3.121s / 13.035s)
generated_audios/generated_H2_512C_int8/672-122797-0068_generated.wav | RTF: 0.1345(0.541s / 4.020s) | Generator RTF: 0.1336(0.537s / 4.020s)
generated_audios/generated_H2_512C_int8/672-122797-0069_generated.wav | RTF: 0.2443(1.224s / 5.010s) | Generator RTF: 0.2436(1.220s / 5.010s)
generated_audios/generated_H2_512C_int8/672-122797-0070_generated.wav | RTF: 0.2377(1.490s / 6.270s) | Generator RTF: 0.2370(1.486s / 6.270s)
generated_audios/generated_H2_512C_int8/672-122797-0071_generated.wav | RTF: 0.2425(2.152s / 8.875s) | Generator RTF: 0.2421(2.148s / 8.875s)
generated_audios/generated_H2_512C_int8/672-122797-0072_generated.wav | RTF: 0.2396(1.902s / 7.940s) | Generator RTF: 0.2390(1.898s / 7.940s)
generated_audios/generated_H2_512C_int8/672-122797-0073_generated.wav | RTF: 0.2435(1.998s / 8.205s) | Generator RTF: 0.2430(1.994s / 8.205s)
generated_audios/generated_H2_512C_int8/672-122797-0074_generated.wav | RTF: 0.2399(2.094s / 8.730s) | Generator RTF: 0.2394(2.090s / 8.730s)
generated_audios/generated_H2_512C_int8/908-157963-0000_generated.wav | RTF: 0.2375(2.997s / 12.620s) | Generator RTF: 0.2371(2.992s / 12.620s)
generated_audios/generated_H2_512C_int8/908-157963-0001_generated.wav | RTF: 0.2485(0.717s / 2.885s) | Generator RTF: 0.2473(0.713s / 2.885s)
generated_audios/generated_H2_512C_int8/908-157963-0002_generated.wav | RTF: 0.2383(0.657s / 2.755s) | Generator RTF: 0.2370(0.653s / 2.755s)
generated_audios/generated_H2_512C_int8/908-157963-0003_generated.wav | RTF: 0.2468(0.760s / 3.080s) | Generator RTF: 0.2457(0.757s / 3.080s)
generated_audios/generated_H2_512C_int8/908-157963-0004_generated.wav | RTF: 0.2401(3.359s / 13.990s) | Generator RTF: 0.2398(3.355s / 13.990s)
generated_audios/generated_H2_512C_int8/908-157963-0005_generated.wav | RTF: 0.2425(1.706s / 7.035s) | Generator RTF: 0.2419(1.702s / 7.035s)
generated_audios/generated_H2_512C_int8/908-157963-0006_generated.wav | RTF: 0.2428(1.969s / 8.110s) | Generator RTF: 0.2423(1.965s / 8.110s)
generated_audios/generated_H2_512C_int8/908-157963-0007_generated.wav | RTF: 0.2649(8.682s / 32.770s) | Generator RTF: 0.2647(8.676s / 32.770s)
generated_audios/generated_H2_512C_int8/908-157963-0008_generated.wav | RTF: 0.2488(4.963s / 19.950s) | Generator RTF: 0.2485(4.958s / 19.950s)
generated_audios/generated_H2_512C_int8/908-157963-0009_generated.wav | RTF: 0.2463(1.000s / 4.060s) | Generator RTF: 0.2453(0.996s / 4.060s)
generated_audios/generated_H2_512C_int8/908-157963-0010_generated.wav | RTF: 0.1314(0.825s / 6.280s) | Generator RTF: 0.1308(0.821s / 6.280s)
generated_audios/generated_H2_512C_int8/908-157963-0011_generated.wav | RTF: 0.1344(1.397s / 10.395s) | Generator RTF: 0.1340(1.393s / 10.395s)
generated_audios/generated_H2_512C_int8/908-157963-0012_generated.wav | RTF: 0.2424(2.446s / 10.090s) | Generator RTF: 0.2420(2.442s / 10.090s)
generated_audios/generated_H2_512C_int8/908-157963-0013_generated.wav | RTF: 0.1359(0.586s / 4.315s) | Generator RTF: 0.1351(0.583s / 4.315s)
generated_audios/generated_H2_512C_int8/908-157963-0014_generated.wav | RTF: 0.1369(0.619s / 4.520s) | Generator RTF: 0.1362(0.616s / 4.520s)
generated_audios/generated_H2_512C_int8/908-157963-0015_generated.wav | RTF: 0.2408(3.483s / 14.465s) | Generator RTF: 0.2405(3.478s / 14.465s)
generated_audios/generated_H2_512C_int8/908-157963-0016_generated.wav | RTF: 0.1347(0.688s / 5.105s) | Generator RTF: 0.1340(0.684s / 5.105s)
generated_audios/generated_H2_512C_int8/908-157963-0017_generated.wav | RTF: 0.2360(1.168s / 4.950s) | Generator RTF: 0.2354(1.165s / 4.950s)
generated_audios/generated_H2_512C_int8/908-157963-0018_generated.wav | RTF: 0.1320(0.561s / 4.255s) | Generator RTF: 0.1311(0.558s / 4.255s)
generated_audios/generated_H2_512C_int8/908-157963-0019_generated.wav | RTF: 0.2481(5.318s / 21.440s) | Generator RTF: 0.2478(5.313s / 21.440s)
generated_audios/generated_H2_512C_int8/908-157963-0020_generated.wav | RTF: 0.2406(2.358s / 9.800s) | Generator RTF: 0.2402(2.354s / 9.800s)
generated_audios/generated_H2_512C_int8/908-157963-0021_generated.wav | RTF: 0.1371(1.404s / 10.240s) | Generator RTF: 0.1367(1.400s / 10.240s)
generated_audios/generated_H2_512C_int8/908-157963-0022_generated.wav | RTF: 0.2454(1.131s / 4.610s) | Generator RTF: 0.2446(1.128s / 4.610s)
generated_audios/generated_H2_512C_int8/908-157963-0023_generated.wav | RTF: 0.2389(2.299s / 9.625s) | Generator RTF: 0.2385(2.295s / 9.625s)
generated_audios/generated_H2_512C_int8/908-157963-0024_generated.wav | RTF: 0.2445(0.841s / 3.440s) | Generator RTF: 0.2436(0.838s / 3.440s)
generated_audios/generated_H2_512C_int8/908-157963-0025_generated.wav | RTF: 0.2381(2.206s / 9.265s) | Generator RTF: 0.2377(2.202s / 9.265s)
generated_audios/generated_H2_512C_int8/908-157963-0026_generated.wav | RTF: 0.2415(1.956s / 8.100s) | Generator RTF: 0.2410(1.952s / 8.100s)
generated_audios/generated_H2_512C_int8/908-157963-0027_generated.wav | RTF: 0.1329(0.694s / 5.225s) | Generator RTF: 0.1322(0.691s / 5.225s)
generated_audios/generated_H2_512C_int8/908-157963-0028_generated.wav | RTF: 0.1327(0.658s / 4.955s) | Generator RTF: 0.1320(0.654s / 4.955s)
generated_audios/generated_H2_512C_int8/908-157963-0029_generated.wav | RTF: 0.2402(0.872s / 3.630s) | Generator RTF: 0.2392(0.868s / 3.630s)
generated_audios/generated_H2_512C_int8/908-157963-0030_generated.wav | RTF: 0.1331(0.602s / 4.520s) | Generator RTF: 0.1324(0.599s / 4.520s)
generated_audios/generated_H2_512C_int8/908-31957-0000_generated.wav | RTF: 0.2370(0.504s / 2.125s) | Generator RTF: 0.2354(0.500s / 2.125s)
generated_audios/generated_H2_512C_int8/908-31957-0001_generated.wav | RTF: 0.2401(2.717s / 11.315s) | Generator RTF: 0.2398(2.713s / 11.315s)
generated_audios/generated_H2_512C_int8/908-31957-0002_generated.wav | RTF: 0.1349(0.646s / 4.790s) | Generator RTF: 0.1343(0.643s / 4.790s)
generated_audios/generated_H2_512C_int8/908-31957-0003_generated.wav | RTF: 0.1358(0.891s / 6.565s) | Generator RTF: 0.1352(0.888s / 6.565s)
generated_audios/generated_H2_512C_int8/908-31957-0004_generated.wav | RTF: 0.2396(3.536s / 14.755s) | Generator RTF: 0.2393(3.531s / 14.755s)
generated_audios/generated_H2_512C_int8/908-31957-0005_generated.wav | RTF: 0.1374(0.617s / 4.490s) | Generator RTF: 0.1366(0.613s / 4.490s)
generated_audios/generated_H2_512C_int8/908-31957-0006_generated.wav | RTF: 0.2371(1.397s / 5.890s) | Generator RTF: 0.2365(1.393s / 5.890s)
generated_audios/generated_H2_512C_int8/908-31957-0007_generated.wav | RTF: 0.1342(0.778s / 5.800s) | Generator RTF: 0.1336(0.775s / 5.800s)
generated_audios/generated_H2_512C_int8/908-31957-0008_generated.wav | RTF: 0.2372(2.374s / 10.005s) | Generator RTF: 0.2368(2.369s / 10.005s)
generated_audios/generated_H2_512C_int8/908-31957-0009_generated.wav | RTF: 0.2374(1.829s / 7.705s) | Generator RTF: 0.2369(1.825s / 7.705s)
generated_audios/generated_H2_512C_int8/908-31957-0010_generated.wav | RTF: 0.2332(0.585s / 2.510s) | Generator RTF: 0.2320(0.582s / 2.510s)
generated_audios/generated_H2_512C_int8/908-31957-0011_generated.wav | RTF: 0.1420(0.332s / 2.335s) | Generator RTF: 0.1405(0.328s / 2.335s)
generated_audios/generated_H2_512C_int8/908-31957-0012_generated.wav | RTF: 0.2410(1.836s / 7.615s) | Generator RTF: 0.2406(1.832s / 7.615s)
generated_audios/generated_H2_512C_int8/908-31957-0013_generated.wav | RTF: 0.2423(1.497s / 6.180s) | Generator RTF: 0.2417(1.494s / 6.180s)
generated_audios/generated_H2_512C_int8/908-31957-0014_generated.wav | RTF: 0.2408(1.820s / 7.560s) | Generator RTF: 0.2402(1.816s / 7.560s)
generated_audios/generated_H2_512C_int8/908-31957-0015_generated.wav | RTF: 0.2497(5.359s / 21.465s) | Generator RTF: 0.2494(5.353s / 21.465s)
generated_audios/generated_H2_512C_int8/908-31957-0016_generated.wav | RTF: 0.2378(1.541s / 6.480s) | Generator RTF: 0.2373(1.538s / 6.480s)
generated_audios/generated_H2_512C_int8/908-31957-0017_generated.wav | RTF: 0.2401(1.872s / 7.795s) | Generator RTF: 0.2396(1.868s / 7.795s)
generated_audios/generated_H2_512C_int8/908-31957-0018_generated.wav | RTF: 0.2402(0.941s / 3.915s) | Generator RTF: 0.2394(0.937s / 3.915s)
generated_audios/generated_H2_512C_int8/908-31957-0019_generated.wav | RTF: 0.2420(2.308s / 9.540s) | Generator RTF: 0.2415(2.304s / 9.540s)
generated_audios/generated_H2_512C_int8/908-31957-0020_generated.wav | RTF: 0.1322(0.779s / 5.895s) | Generator RTF: 0.1315(0.775s / 5.895s)
generated_audios/generated_H2_512C_int8/908-31957-0021_generated.wav | RTF: 0.2428(2.648s / 10.905s) | Generator RTF: 0.2424(2.643s / 10.905s)
generated_audios/generated_H2_512C_int8/908-31957-0022_generated.wav | RTF: 0.2452(3.458s / 14.100s) | Generator RTF: 0.2449(3.453s / 14.100s)
generated_audios/generated_H2_512C_int8/908-31957-0023_generated.wav | RTF: 0.2447(2.083s / 8.515s) | Generator RTF: 0.2442(2.080s / 8.515s)
generated_audios/generated_H2_512C_int8/908-31957-0024_generated.wav | RTF: 0.2465(1.859s / 7.540s) | Generator RTF: 0.2460(1.855s / 7.540s)
generated_audios/generated_H2_512C_int8/908-31957-0025_generated.wav | RTF: 0.2579(5.302s / 20.560s) | Generator RTF: 0.2576(5.296s / 20.560s)
Average RTF: 0.2127(672.175s / 3159.849s)
Average Generator RTF: 0.2121(670.300s / 3159.849s)
Evaluation summary:
  Mel-spectrogram L1: 0.980954
  PESQ: 1.477115
  STOI: 0.880018
Appended per-audio metrics to CSV: per_audio_results/H2_quantized_resblocks

Appended metrics to CSV: experiments_results.csv
Appended to experiments_results.csv:
H2_512C_quantized_resblocks,13926423,22.09,0.2127,0.2121,1.477115003824234,0.8800177469585476,0.9809544616937638
========== Done ==========
=== JOB_STATISTICS ===
=== current date     : Sun Jul  5 02:01:27 PM CEST 2026
= Job-ID             : 1428679 on tinyfat
= Job-Name           : inference_512ch_h1-4
= Job-Command        : /home/hpc/vlbi/vlbi107v/hifi-gan/inference_Test.sh
= Initial workdir    : /home/hpc/vlbi/vlbi107v/hifi-gan
= Queue/Partition    : work
= Slurm account      : vlbi with QOS=normal
= Requested resources:  for 1-00:00:00
= Elapsed runtime    : 00:16:11
= Total RAM usage    : 6.4 GiB of requested  GiB (%)   
= Node list          : tf060
= Subm/Elig/Start/End: 2026-07-05T13:45:16 / 2026-07-05T13:45:16 / 2026-07-05T13:45:16 / 2026-07-05T14:01:27
======================
=== Quota infos ======
    Path                 Used     SoftQ    HardQ    Gracetime  Filec    FileQ    FiHaQ    FileGrace    
    /home/woody           281.2G  1000.0G  1500.0G        N/A     118K   5,000K   7,500K        N/A    
    /home/hpc              92.0G   104.9G   209.7G        N/A      86K     500K   1,000K        N/A    
======================
