### Starting TaskPrologue of job 1367715 on tf063 at Fri May 29 12:13:50 PM CEST 2026
Running on cores 0-7,64-71 with governor ondemand
No GPU known
### Finished TaskPrologue

==========(sbatch.tinyfat) Inference: 128 Channels (g_05540000) ==========
========== H1: baseline (no compression) ==========
Initializing Inference Process..
Using device: cpu (baseline and quantized inference both run on CPU)
Loading '/home/hpc/vlbi/vlbi107v/hifi-gan/cp_hifigan/v1_c128/g_05540000'
Complete.
Removing weight norm...
Loaded checkpoint: /home/hpc/vlbi/vlbi107v/hifi-gan/cp_hifigan/v1_c128/g_05540000 (3.617 MB)
Generator parameters: 925,985
generated_audios/generated_H1_128C/61-70968-0004_generated.wav | RTF: 0.2987(1.161s / 3.885s)
generated_audios/generated_H1_128C/61-70968-0019_generated.wav | RTF: 0.2476(1.355s / 5.475s)
generated_audios/generated_H1_128C/61-70968-0014_generated.wav | RTF: 0.2664(1.994s / 7.485s)
generated_audios/generated_H1_128C/61-70968-0001_generated.wav | RTF: 0.2615(0.944s / 3.610s)
generated_audios/generated_H1_128C/61-70968-0015_generated.wav | RTF: 0.2487(1.337s / 5.375s)
generated_audios/generated_H1_128C/61-70968-0009_generated.wav | RTF: 0.2643(1.192s / 4.510s)
generated_audios/generated_H1_128C/61-70968-0011_generated.wav | RTF: 0.2527(1.611s / 6.375s)
generated_audios/generated_H1_128C/61-70968-0017_generated.wav | RTF: 0.2631(1.345s / 5.110s)
generated_audios/generated_H1_128C/61-70968-0007_generated.wav | RTF: 0.2670(0.948s / 3.550s)
generated_audios/generated_H1_128C/61-70968-0016_generated.wav | RTF: 0.2666(0.992s / 3.720s)
generated_audios/generated_H1_128C/61-70968-0003_generated.wav | RTF: 0.2582(1.114s / 4.315s)
generated_audios/generated_H1_128C/61-70968-0005_generated.wav | RTF: 0.2721(1.380s / 5.070s)
generated_audios/generated_H1_128C/61-70968-0006_generated.wav | RTF: 0.2514(0.738s / 2.935s)
generated_audios/generated_H1_128C/61-70968-0008_generated.wav | RTF: 0.2654(0.938s / 3.535s)
generated_audios/generated_H1_128C/61-70968-0000_generated.wav | RTF: 0.2698(1.323s / 4.905s)
generated_audios/generated_H1_128C/61-70968-0013_generated.wav | RTF: 0.2665(1.186s / 4.450s)
generated_audios/generated_H1_128C/61-70968-0002_generated.wav | RTF: 0.2595(0.771s / 2.970s)
generated_audios/generated_H1_128C/61-70968-0018_generated.wav | RTF: 0.2549(0.613s / 2.405s)
generated_audios/generated_H1_128C/61-70968-0010_generated.wav | RTF: 0.2530(2.099s / 8.295s)
generated_audios/generated_H1_128C/61-70968-0012_generated.wav | RTF: 0.2571(0.671s / 2.610s)
Average RTF: 0.2617(23.710s / 90.585s)
Evaluation summary:
  Mel-spectrogram L1: 0.310874
  PESQ: 2.074673
  STOI: 0.926944

Appended metrics to CSV: experiments_results.csv
========== H2: quantized (INT8 dynamic quantization) ==========
Initializing Inference Process..
Using device: cpu (baseline and quantized inference both run on CPU)
Quantization enabled: forcing CPU inference for INT8 model.
Loading '/home/hpc/vlbi/vlbi107v/hifi-gan/cp_hifigan/v1_c128/g_05540000'
Complete.
Removing weight norm...
Loaded checkpoint: /home/hpc/vlbi/vlbi107v/hifi-gan/cp_hifigan/v1_c128/g_05540000 (3.617 MB)
Generator parameters: 925,985
generated_audios/generated_H2_128C_int8/61-70968-0004_generated.wav | RTF: 0.3152(1.225s / 3.885s)
generated_audios/generated_H2_128C_int8/61-70968-0019_generated.wav | RTF: 0.2493(1.365s / 5.475s)
generated_audios/generated_H2_128C_int8/61-70968-0014_generated.wav | RTF: 0.2606(1.951s / 7.485s)
generated_audios/generated_H2_128C_int8/61-70968-0001_generated.wav | RTF: 0.2567(0.927s / 3.610s)
generated_audios/generated_H2_128C_int8/61-70968-0015_generated.wav | RTF: 0.2497(1.342s / 5.375s)
generated_audios/generated_H2_128C_int8/61-70968-0009_generated.wav | RTF: 0.2614(1.179s / 4.510s)
generated_audios/generated_H2_128C_int8/61-70968-0011_generated.wav | RTF: 0.2485(1.584s / 6.375s)
generated_audios/generated_H2_128C_int8/61-70968-0017_generated.wav | RTF: 0.2601(1.329s / 5.110s)
generated_audios/generated_H2_128C_int8/61-70968-0007_generated.wav | RTF: 0.2679(0.951s / 3.550s)
generated_audios/generated_H2_128C_int8/61-70968-0016_generated.wav | RTF: 0.2759(1.026s / 3.720s)
generated_audios/generated_H2_128C_int8/61-70968-0003_generated.wav | RTF: 0.2663(1.149s / 4.315s)
generated_audios/generated_H2_128C_int8/61-70968-0005_generated.wav | RTF: 0.2654(1.346s / 5.070s)
generated_audios/generated_H2_128C_int8/61-70968-0006_generated.wav | RTF: 0.2490(0.731s / 2.935s)
generated_audios/generated_H2_128C_int8/61-70968-0008_generated.wav | RTF: 0.2630(0.930s / 3.535s)
generated_audios/generated_H2_128C_int8/61-70968-0000_generated.wav | RTF: 0.2663(1.306s / 4.905s)
generated_audios/generated_H2_128C_int8/61-70968-0013_generated.wav | RTF: 0.2651(1.180s / 4.450s)
generated_audios/generated_H2_128C_int8/61-70968-0002_generated.wav | RTF: 0.2565(0.762s / 2.970s)
generated_audios/generated_H2_128C_int8/61-70968-0018_generated.wav | RTF: 0.2586(0.622s / 2.405s)
generated_audios/generated_H2_128C_int8/61-70968-0010_generated.wav | RTF: 0.2536(2.103s / 8.295s)
generated_audios/generated_H2_128C_int8/61-70968-0012_generated.wav | RTF: 0.2604(0.680s / 2.610s)
Average RTF: 0.2615(23.687s / 90.585s)
Evaluation summary:
  Mel-spectrogram L1: 0.310874
  PESQ: 2.074673
  STOI: 0.926944

Appended metrics to CSV: experiments_results.csv
========== H3: pruning 30% ==========
Initializing Inference Process..
Using device: cpu (baseline and quantized inference both run on CPU)
Loading '/home/hpc/vlbi/vlbi107v/hifi-gan/cp_hifigan/v1_c128/g_05540000'
Complete.
Removing weight norm...
Applying structured pruning with ratio 0.30...
Pruning Conv1d: out_channels=128, dim=0, amount=0.3
Done pruning Conv1d
Pruning ConvTranspose1d: out_channels=64, dim=1, amount=0.3
Done pruning ConvTranspose1d
Pruning ConvTranspose1d: out_channels=32, dim=1, amount=0.3
Done pruning ConvTranspose1d
Pruning ConvTranspose1d: out_channels=16, dim=1, amount=0.3
Done pruning ConvTranspose1d
Pruning ConvTranspose1d: out_channels=8, dim=1, amount=0.3
Done pruning ConvTranspose1d
Pruning Conv1d: out_channels=64, dim=0, amount=0.3
Done pruning Conv1d
Pruning Conv1d: out_channels=64, dim=0, amount=0.3
Done pruning Conv1d
Pruning Conv1d: out_channels=64, dim=0, amount=0.3
Done pruning Conv1d
Pruning Conv1d: out_channels=64, dim=0, amount=0.3
Done pruning Conv1d
Pruning Conv1d: out_channels=64, dim=0, amount=0.3
Done pruning Conv1d
Pruning Conv1d: out_channels=64, dim=0, amount=0.3
Done pruning Conv1d
Pruning Conv1d: out_channels=64, dim=0, amount=0.3
Done pruning Conv1d
Pruning Conv1d: out_channels=64, dim=0, amount=0.3
Done pruning Conv1d
Pruning Conv1d: out_channels=64, dim=0, amount=0.3
Done pruning Conv1d
Pruning Conv1d: out_channels=64, dim=0, amount=0.3
Done pruning Conv1d
Pruning Conv1d: out_channels=64, dim=0, amount=0.3
Done pruning Conv1d
Pruning Conv1d: out_channels=64, dim=0, amount=0.3
Done pruning Conv1d
Pruning Conv1d: out_channels=64, dim=0, amount=0.3
Done pruning Conv1d
Pruning Conv1d: out_channels=64, dim=0, amount=0.3
Done pruning Conv1d
Pruning Conv1d: out_channels=64, dim=0, amount=0.3
Done pruning Conv1d
Pruning Conv1d: out_channels=64, dim=0, amount=0.3
Done pruning Conv1d
Pruning Conv1d: out_channels=64, dim=0, amount=0.3
Done pruning Conv1d
Pruning Conv1d: out_channels=64, dim=0, amount=0.3
Done pruning Conv1d
Pruning Conv1d: out_channels=32, dim=0, amount=0.3
Done pruning Conv1d
Pruning Conv1d: out_channels=32, dim=0, amount=0.3
Done pruning Conv1d
Pruning Conv1d: out_channels=32, dim=0, amount=0.3
Done pruning Conv1d
Pruning Conv1d: out_channels=32, dim=0, amount=0.3
Done pruning Conv1d
Pruning Conv1d: out_channels=32, dim=0, amount=0.3
Done pruning Conv1d
Pruning Conv1d: out_channels=32, dim=0, amount=0.3
Done pruning Conv1d
Pruning Conv1d: out_channels=32, dim=0, amount=0.3
Done pruning Conv1d
Pruning Conv1d: out_channels=32, dim=0, amount=0.3
Done pruning Conv1d
Pruning Conv1d: out_channels=32, dim=0, amount=0.3
Done pruning Conv1d
Pruning Conv1d: out_channels=32, dim=0, amount=0.3
Done pruning Conv1d
Pruning Conv1d: out_channels=32, dim=0, amount=0.3
Done pruning Conv1d
Pruning Conv1d: out_channels=32, dim=0, amount=0.3
Done pruning Conv1d
Pruning Conv1d: out_channels=32, dim=0, amount=0.3
Done pruning Conv1d
Pruning Conv1d: out_channels=32, dim=0, amount=0.3
Done pruning Conv1d
Pruning Conv1d: out_channels=32, dim=0, amount=0.3
Done pruning Conv1d
Pruning Conv1d: out_channels=32, dim=0, amount=0.3
Done pruning Conv1d
Pruning Conv1d: out_channels=32, dim=0, amount=0.3
Done pruning Conv1d
Pruning Conv1d: out_channels=32, dim=0, amount=0.3
Done pruning Conv1d
Pruning Conv1d: out_channels=16, dim=0, amount=0.3
Done pruning Conv1d
Pruning Conv1d: out_channels=16, dim=0, amount=0.3
Done pruning Conv1d
Pruning Conv1d: out_channels=16, dim=0, amount=0.3
Done pruning Conv1d
Pruning Conv1d: out_channels=16, dim=0, amount=0.3
Done pruning Conv1d
Pruning Conv1d: out_channels=16, dim=0, amount=0.3
Done pruning Conv1d
Pruning Conv1d: out_channels=16, dim=0, amount=0.3
Done pruning Conv1d
Pruning Conv1d: out_channels=16, dim=0, amount=0.3
Done pruning Conv1d
Pruning Conv1d: out_channels=16, dim=0, amount=0.3
Done pruning Conv1d
Pruning Conv1d: out_channels=16, dim=0, amount=0.3
Done pruning Conv1d
Pruning Conv1d: out_channels=16, dim=0, amount=0.3
Done pruning Conv1d
Pruning Conv1d: out_channels=16, dim=0, amount=0.3
Done pruning Conv1d
Pruning Conv1d: out_channels=16, dim=0, amount=0.3
Done pruning Conv1d
Pruning Conv1d: out_channels=16, dim=0, amount=0.3
Done pruning Conv1d
Pruning Conv1d: out_channels=16, dim=0, amount=0.3
Done pruning Conv1d
Pruning Conv1d: out_channels=16, dim=0, amount=0.3
Done pruning Conv1d
Pruning Conv1d: out_channels=16, dim=0, amount=0.3
Done pruning Conv1d
Pruning Conv1d: out_channels=16, dim=0, amount=0.3
Done pruning Conv1d
Pruning Conv1d: out_channels=16, dim=0, amount=0.3
Done pruning Conv1d
Pruning Conv1d: out_channels=8, dim=0, amount=0.3
Done pruning Conv1d
Pruning Conv1d: out_channels=8, dim=0, amount=0.3
Done pruning Conv1d
Pruning Conv1d: out_channels=8, dim=0, amount=0.3
Done pruning Conv1d
Pruning Conv1d: out_channels=8, dim=0, amount=0.3
Done pruning Conv1d
Pruning Conv1d: out_channels=8, dim=0, amount=0.3
Done pruning Conv1d
Pruning Conv1d: out_channels=8, dim=0, amount=0.3
Done pruning Conv1d
Pruning Conv1d: out_channels=8, dim=0, amount=0.3
Done pruning Conv1d
Pruning Conv1d: out_channels=8, dim=0, amount=0.3
Done pruning Conv1d
Pruning Conv1d: out_channels=8, dim=0, amount=0.3
Done pruning Conv1d
Pruning Conv1d: out_channels=8, dim=0, amount=0.3
Done pruning Conv1d
Pruning Conv1d: out_channels=8, dim=0, amount=0.3
Done pruning Conv1d
Pruning Conv1d: out_channels=8, dim=0, amount=0.3
Done pruning Conv1d
Pruning Conv1d: out_channels=8, dim=0, amount=0.3
Done pruning Conv1d
Pruning Conv1d: out_channels=8, dim=0, amount=0.3
Done pruning Conv1d
Pruning Conv1d: out_channels=8, dim=0, amount=0.3
Done pruning Conv1d
Pruning Conv1d: out_channels=8, dim=0, amount=0.3
Done pruning Conv1d
Pruning Conv1d: out_channels=8, dim=0, amount=0.3
Done pruning Conv1d
Pruning Conv1d: out_channels=8, dim=0, amount=0.3
Done pruning Conv1d
Skipping pruning for Conv1d with out_channels=1
Loaded checkpoint: /home/hpc/vlbi/vlbi107v/hifi-gan/cp_hifigan/v1_c128/g_05540000 (3.617 MB)
Generator parameters: 925,985
generated_audios/generated_H3_128C_pruned30/61-70968-0004_generated.wav | RTF: 0.2713(1.054s / 3.885s)
generated_audios/generated_H3_128C_pruned30/61-70968-0019_generated.wav | RTF: 0.2508(1.373s / 5.475s)
generated_audios/generated_H3_128C_pruned30/61-70968-0014_generated.wav | RTF: 0.2669(1.998s / 7.485s)
generated_audios/generated_H3_128C_pruned30/61-70968-0001_generated.wav | RTF: 0.2618(0.945s / 3.610s)
generated_audios/generated_H3_128C_pruned30/61-70968-0015_generated.wav | RTF: 0.2493(1.340s / 5.375s)
generated_audios/generated_H3_128C_pruned30/61-70968-0009_generated.wav | RTF: 0.2651(1.196s / 4.510s)
generated_audios/generated_H3_128C_pruned30/61-70968-0011_generated.wav | RTF: 0.2585(1.648s / 6.375s)
generated_audios/generated_H3_128C_pruned30/61-70968-0017_generated.wav | RTF: 0.2622(1.340s / 5.110s)
generated_audios/generated_H3_128C_pruned30/61-70968-0007_generated.wav | RTF: 0.2595(0.921s / 3.550s)
generated_audios/generated_H3_128C_pruned30/61-70968-0016_generated.wav | RTF: 0.2646(0.984s / 3.720s)
generated_audios/generated_H3_128C_pruned30/61-70968-0003_generated.wav | RTF: 0.2715(1.172s / 4.315s)
generated_audios/generated_H3_128C_pruned30/61-70968-0005_generated.wav | RTF: 0.2742(1.390s / 5.070s)
generated_audios/generated_H3_128C_pruned30/61-70968-0006_generated.wav | RTF: 0.2594(0.761s / 2.935s)
generated_audios/generated_H3_128C_pruned30/61-70968-0008_generated.wav | RTF: 0.2655(0.938s / 3.535s)
generated_audios/generated_H3_128C_pruned30/61-70968-0000_generated.wav | RTF: 0.2691(1.320s / 4.905s)
generated_audios/generated_H3_128C_pruned30/61-70968-0013_generated.wav | RTF: 0.2674(1.190s / 4.450s)
generated_audios/generated_H3_128C_pruned30/61-70968-0002_generated.wav | RTF: 0.2572(0.764s / 2.970s)
generated_audios/generated_H3_128C_pruned30/61-70968-0018_generated.wav | RTF: 0.2567(0.617s / 2.405s)
generated_audios/generated_H3_128C_pruned30/61-70968-0010_generated.wav | RTF: 0.2547(2.112s / 8.295s)
generated_audios/generated_H3_128C_pruned30/61-70968-0012_generated.wav | RTF: 0.2588(0.675s / 2.610s)
Average RTF: 0.2621(23.740s / 90.585s)
Evaluation summary:
  Mel-spectrogram L1: 3.233988
  PESQ: 1.063696
  STOI: 0.264611

Appended metrics to CSV: experiments_results.csv
========== H3: pruning 50% ==========
Initializing Inference Process..
Using device: cpu (baseline and quantized inference both run on CPU)
Loading '/home/hpc/vlbi/vlbi107v/hifi-gan/cp_hifigan/v1_c128/g_05540000'
Complete.
Removing weight norm...
Applying structured pruning with ratio 0.50...
Pruning Conv1d: out_channels=128, dim=0, amount=0.5
Done pruning Conv1d
Pruning ConvTranspose1d: out_channels=64, dim=1, amount=0.5
Done pruning ConvTranspose1d
Pruning ConvTranspose1d: out_channels=32, dim=1, amount=0.5
Done pruning ConvTranspose1d
Pruning ConvTranspose1d: out_channels=16, dim=1, amount=0.5
Done pruning ConvTranspose1d
Pruning ConvTranspose1d: out_channels=8, dim=1, amount=0.5
Done pruning ConvTranspose1d
Pruning Conv1d: out_channels=64, dim=0, amount=0.5
Done pruning Conv1d
Pruning Conv1d: out_channels=64, dim=0, amount=0.5
Done pruning Conv1d
Pruning Conv1d: out_channels=64, dim=0, amount=0.5
Done pruning Conv1d
Pruning Conv1d: out_channels=64, dim=0, amount=0.5
Done pruning Conv1d
Pruning Conv1d: out_channels=64, dim=0, amount=0.5
Done pruning Conv1d
Pruning Conv1d: out_channels=64, dim=0, amount=0.5
Done pruning Conv1d
Pruning Conv1d: out_channels=64, dim=0, amount=0.5
Done pruning Conv1d
Pruning Conv1d: out_channels=64, dim=0, amount=0.5
Done pruning Conv1d
Pruning Conv1d: out_channels=64, dim=0, amount=0.5
Done pruning Conv1d
Pruning Conv1d: out_channels=64, dim=0, amount=0.5
Done pruning Conv1d
Pruning Conv1d: out_channels=64, dim=0, amount=0.5
Done pruning Conv1d
Pruning Conv1d: out_channels=64, dim=0, amount=0.5
Done pruning Conv1d
Pruning Conv1d: out_channels=64, dim=0, amount=0.5
Done pruning Conv1d
Pruning Conv1d: out_channels=64, dim=0, amount=0.5
Done pruning Conv1d
Pruning Conv1d: out_channels=64, dim=0, amount=0.5
Done pruning Conv1d
Pruning Conv1d: out_channels=64, dim=0, amount=0.5
Done pruning Conv1d
Pruning Conv1d: out_channels=64, dim=0, amount=0.5
Done pruning Conv1d
Pruning Conv1d: out_channels=64, dim=0, amount=0.5
Done pruning Conv1d
Pruning Conv1d: out_channels=32, dim=0, amount=0.5
Done pruning Conv1d
Pruning Conv1d: out_channels=32, dim=0, amount=0.5
Done pruning Conv1d
Pruning Conv1d: out_channels=32, dim=0, amount=0.5
Done pruning Conv1d
Pruning Conv1d: out_channels=32, dim=0, amount=0.5
Done pruning Conv1d
Pruning Conv1d: out_channels=32, dim=0, amount=0.5
Done pruning Conv1d
Pruning Conv1d: out_channels=32, dim=0, amount=0.5
Done pruning Conv1d
Pruning Conv1d: out_channels=32, dim=0, amount=0.5
Done pruning Conv1d
Pruning Conv1d: out_channels=32, dim=0, amount=0.5
Done pruning Conv1d
Pruning Conv1d: out_channels=32, dim=0, amount=0.5
Done pruning Conv1d
Pruning Conv1d: out_channels=32, dim=0, amount=0.5
Done pruning Conv1d
Pruning Conv1d: out_channels=32, dim=0, amount=0.5
Done pruning Conv1d
Pruning Conv1d: out_channels=32, dim=0, amount=0.5
Done pruning Conv1d
Pruning Conv1d: out_channels=32, dim=0, amount=0.5
Done pruning Conv1d
Pruning Conv1d: out_channels=32, dim=0, amount=0.5
Done pruning Conv1d
Pruning Conv1d: out_channels=32, dim=0, amount=0.5
Done pruning Conv1d
Pruning Conv1d: out_channels=32, dim=0, amount=0.5
Done pruning Conv1d
Pruning Conv1d: out_channels=32, dim=0, amount=0.5
Done pruning Conv1d
Pruning Conv1d: out_channels=32, dim=0, amount=0.5
Done pruning Conv1d
Pruning Conv1d: out_channels=16, dim=0, amount=0.5
Done pruning Conv1d
Pruning Conv1d: out_channels=16, dim=0, amount=0.5
Done pruning Conv1d
Pruning Conv1d: out_channels=16, dim=0, amount=0.5
Done pruning Conv1d
Pruning Conv1d: out_channels=16, dim=0, amount=0.5
Done pruning Conv1d
Pruning Conv1d: out_channels=16, dim=0, amount=0.5
Done pruning Conv1d
Pruning Conv1d: out_channels=16, dim=0, amount=0.5
Done pruning Conv1d
Pruning Conv1d: out_channels=16, dim=0, amount=0.5
Done pruning Conv1d
Pruning Conv1d: out_channels=16, dim=0, amount=0.5
Done pruning Conv1d
Pruning Conv1d: out_channels=16, dim=0, amount=0.5
Done pruning Conv1d
Pruning Conv1d: out_channels=16, dim=0, amount=0.5
Done pruning Conv1d
Pruning Conv1d: out_channels=16, dim=0, amount=0.5
Done pruning Conv1d
Pruning Conv1d: out_channels=16, dim=0, amount=0.5
Done pruning Conv1d
Pruning Conv1d: out_channels=16, dim=0, amount=0.5
Done pruning Conv1d
Pruning Conv1d: out_channels=16, dim=0, amount=0.5
Done pruning Conv1d
Pruning Conv1d: out_channels=16, dim=0, amount=0.5
Done pruning Conv1d
Pruning Conv1d: out_channels=16, dim=0, amount=0.5
Done pruning Conv1d
Pruning Conv1d: out_channels=16, dim=0, amount=0.5
Done pruning Conv1d
Pruning Conv1d: out_channels=16, dim=0, amount=0.5
Done pruning Conv1d
Pruning Conv1d: out_channels=8, dim=0, amount=0.5
Done pruning Conv1d
Pruning Conv1d: out_channels=8, dim=0, amount=0.5
Done pruning Conv1d
Pruning Conv1d: out_channels=8, dim=0, amount=0.5
Done pruning Conv1d
Pruning Conv1d: out_channels=8, dim=0, amount=0.5
Done pruning Conv1d
Pruning Conv1d: out_channels=8, dim=0, amount=0.5
Done pruning Conv1d
Pruning Conv1d: out_channels=8, dim=0, amount=0.5
Done pruning Conv1d
Pruning Conv1d: out_channels=8, dim=0, amount=0.5
Done pruning Conv1d
Pruning Conv1d: out_channels=8, dim=0, amount=0.5
Done pruning Conv1d
Pruning Conv1d: out_channels=8, dim=0, amount=0.5
Done pruning Conv1d
Pruning Conv1d: out_channels=8, dim=0, amount=0.5
Done pruning Conv1d
Pruning Conv1d: out_channels=8, dim=0, amount=0.5
Done pruning Conv1d
Pruning Conv1d: out_channels=8, dim=0, amount=0.5
Done pruning Conv1d
Pruning Conv1d: out_channels=8, dim=0, amount=0.5
Done pruning Conv1d
Pruning Conv1d: out_channels=8, dim=0, amount=0.5
Done pruning Conv1d
Pruning Conv1d: out_channels=8, dim=0, amount=0.5
Done pruning Conv1d
Pruning Conv1d: out_channels=8, dim=0, amount=0.5
Done pruning Conv1d
Pruning Conv1d: out_channels=8, dim=0, amount=0.5
Done pruning Conv1d
Pruning Conv1d: out_channels=8, dim=0, amount=0.5
Done pruning Conv1d
Skipping pruning for Conv1d with out_channels=1
Loaded checkpoint: /home/hpc/vlbi/vlbi107v/hifi-gan/cp_hifigan/v1_c128/g_05540000 (3.617 MB)
Generator parameters: 925,985
generated_audios/generated_H3_128C_pruned50/61-70968-0004_generated.wav | RTF: 0.2748(1.067s / 3.885s)
generated_audios/generated_H3_128C_pruned50/61-70968-0019_generated.wav | RTF: 0.2490(1.363s / 5.475s)
generated_audios/generated_H3_128C_pruned50/61-70968-0014_generated.wav | RTF: 0.2668(1.997s / 7.485s)
generated_audios/generated_H3_128C_pruned50/61-70968-0001_generated.wav | RTF: 0.2606(0.941s / 3.610s)
generated_audios/generated_H3_128C_pruned50/61-70968-0015_generated.wav | RTF: 0.2459(1.322s / 5.375s)
generated_audios/generated_H3_128C_pruned50/61-70968-0009_generated.wav | RTF: 0.2659(1.199s / 4.510s)
generated_audios/generated_H3_128C_pruned50/61-70968-0011_generated.wav | RTF: 0.2571(1.639s / 6.375s)
generated_audios/generated_H3_128C_pruned50/61-70968-0017_generated.wav | RTF: 0.2625(1.341s / 5.110s)
generated_audios/generated_H3_128C_pruned50/61-70968-0007_generated.wav | RTF: 0.2621(0.930s / 3.550s)
generated_audios/generated_H3_128C_pruned50/61-70968-0016_generated.wav | RTF: 0.2629(0.978s / 3.720s)
generated_audios/generated_H3_128C_pruned50/61-70968-0003_generated.wav | RTF: 0.2684(1.158s / 4.315s)
generated_audios/generated_H3_128C_pruned50/61-70968-0005_generated.wav | RTF: 0.2761(1.400s / 5.070s)
generated_audios/generated_H3_128C_pruned50/61-70968-0006_generated.wav | RTF: 0.2638(0.774s / 2.935s)
generated_audios/generated_H3_128C_pruned50/61-70968-0008_generated.wav | RTF: 0.2746(0.971s / 3.535s)
generated_audios/generated_H3_128C_pruned50/61-70968-0000_generated.wav | RTF: 0.2639(1.294s / 4.905s)
generated_audios/generated_H3_128C_pruned50/61-70968-0013_generated.wav | RTF: 0.2676(1.191s / 4.450s)
generated_audios/generated_H3_128C_pruned50/61-70968-0002_generated.wav | RTF: 0.2570(0.763s / 2.970s)
generated_audios/generated_H3_128C_pruned50/61-70968-0018_generated.wav | RTF: 0.2571(0.618s / 2.405s)
generated_audios/generated_H3_128C_pruned50/61-70968-0010_generated.wav | RTF: 0.2533(2.101s / 8.295s)
generated_audios/generated_H3_128C_pruned50/61-70968-0012_generated.wav | RTF: 0.2602(0.679s / 2.610s)
Average RTF: 0.2619(23.728s / 90.585s)
Evaluation summary:
  Mel-spectrogram L1: 4.070727
  PESQ: 1.180579
  STOI: 0.320975

Appended metrics to CSV: experiments_results.csv
========== H3: pruning 70% ==========
Initializing Inference Process..
Using device: cpu (baseline and quantized inference both run on CPU)
Loading '/home/hpc/vlbi/vlbi107v/hifi-gan/cp_hifigan/v1_c128/g_05540000'
Complete.
Removing weight norm...
Applying structured pruning with ratio 0.70...
Pruning Conv1d: out_channels=128, dim=0, amount=0.7
Done pruning Conv1d
Pruning ConvTranspose1d: out_channels=64, dim=1, amount=0.7
Done pruning ConvTranspose1d
Pruning ConvTranspose1d: out_channels=32, dim=1, amount=0.7
Done pruning ConvTranspose1d
Pruning ConvTranspose1d: out_channels=16, dim=1, amount=0.7
Done pruning ConvTranspose1d
Pruning ConvTranspose1d: out_channels=8, dim=1, amount=0.7
Done pruning ConvTranspose1d
Pruning Conv1d: out_channels=64, dim=0, amount=0.7
Done pruning Conv1d
Pruning Conv1d: out_channels=64, dim=0, amount=0.7
Done pruning Conv1d
Pruning Conv1d: out_channels=64, dim=0, amount=0.7
Done pruning Conv1d
Pruning Conv1d: out_channels=64, dim=0, amount=0.7
Done pruning Conv1d
Pruning Conv1d: out_channels=64, dim=0, amount=0.7
Done pruning Conv1d
Pruning Conv1d: out_channels=64, dim=0, amount=0.7
Done pruning Conv1d
Pruning Conv1d: out_channels=64, dim=0, amount=0.7
Done pruning Conv1d
Pruning Conv1d: out_channels=64, dim=0, amount=0.7
Done pruning Conv1d
Pruning Conv1d: out_channels=64, dim=0, amount=0.7
Done pruning Conv1d
Pruning Conv1d: out_channels=64, dim=0, amount=0.7
Done pruning Conv1d
Pruning Conv1d: out_channels=64, dim=0, amount=0.7
Done pruning Conv1d
Pruning Conv1d: out_channels=64, dim=0, amount=0.7
Done pruning Conv1d
Pruning Conv1d: out_channels=64, dim=0, amount=0.7
Done pruning Conv1d
Pruning Conv1d: out_channels=64, dim=0, amount=0.7
Done pruning Conv1d
Pruning Conv1d: out_channels=64, dim=0, amount=0.7
Done pruning Conv1d
Pruning Conv1d: out_channels=64, dim=0, amount=0.7
Done pruning Conv1d
Pruning Conv1d: out_channels=64, dim=0, amount=0.7
Done pruning Conv1d
Pruning Conv1d: out_channels=64, dim=0, amount=0.7
Done pruning Conv1d
Pruning Conv1d: out_channels=32, dim=0, amount=0.7
Done pruning Conv1d
Pruning Conv1d: out_channels=32, dim=0, amount=0.7
Done pruning Conv1d
Pruning Conv1d: out_channels=32, dim=0, amount=0.7
Done pruning Conv1d
Pruning Conv1d: out_channels=32, dim=0, amount=0.7
Done pruning Conv1d
Pruning Conv1d: out_channels=32, dim=0, amount=0.7
Done pruning Conv1d
Pruning Conv1d: out_channels=32, dim=0, amount=0.7
Done pruning Conv1d
Pruning Conv1d: out_channels=32, dim=0, amount=0.7
Done pruning Conv1d
Pruning Conv1d: out_channels=32, dim=0, amount=0.7
Done pruning Conv1d
Pruning Conv1d: out_channels=32, dim=0, amount=0.7
Done pruning Conv1d
Pruning Conv1d: out_channels=32, dim=0, amount=0.7
Done pruning Conv1d
Pruning Conv1d: out_channels=32, dim=0, amount=0.7
Done pruning Conv1d
Pruning Conv1d: out_channels=32, dim=0, amount=0.7
Done pruning Conv1d
Pruning Conv1d: out_channels=32, dim=0, amount=0.7
Done pruning Conv1d
Pruning Conv1d: out_channels=32, dim=0, amount=0.7
Done pruning Conv1d
Pruning Conv1d: out_channels=32, dim=0, amount=0.7
Done pruning Conv1d
Pruning Conv1d: out_channels=32, dim=0, amount=0.7
Done pruning Conv1d
Pruning Conv1d: out_channels=32, dim=0, amount=0.7
Done pruning Conv1d
Pruning Conv1d: out_channels=32, dim=0, amount=0.7
Done pruning Conv1d
Pruning Conv1d: out_channels=16, dim=0, amount=0.7
Done pruning Conv1d
Pruning Conv1d: out_channels=16, dim=0, amount=0.7
Done pruning Conv1d
Pruning Conv1d: out_channels=16, dim=0, amount=0.7
Done pruning Conv1d
Pruning Conv1d: out_channels=16, dim=0, amount=0.7
Done pruning Conv1d
Pruning Conv1d: out_channels=16, dim=0, amount=0.7
Done pruning Conv1d
Pruning Conv1d: out_channels=16, dim=0, amount=0.7
Done pruning Conv1d
Pruning Conv1d: out_channels=16, dim=0, amount=0.7
Done pruning Conv1d
Pruning Conv1d: out_channels=16, dim=0, amount=0.7
Done pruning Conv1d
Pruning Conv1d: out_channels=16, dim=0, amount=0.7
Done pruning Conv1d
Pruning Conv1d: out_channels=16, dim=0, amount=0.7
Done pruning Conv1d
Pruning Conv1d: out_channels=16, dim=0, amount=0.7
Done pruning Conv1d
Pruning Conv1d: out_channels=16, dim=0, amount=0.7
Done pruning Conv1d
Pruning Conv1d: out_channels=16, dim=0, amount=0.7
Done pruning Conv1d
Pruning Conv1d: out_channels=16, dim=0, amount=0.7
Done pruning Conv1d
Pruning Conv1d: out_channels=16, dim=0, amount=0.7
Done pruning Conv1d
Pruning Conv1d: out_channels=16, dim=0, amount=0.7
Done pruning Conv1d
Pruning Conv1d: out_channels=16, dim=0, amount=0.7
Done pruning Conv1d
Pruning Conv1d: out_channels=16, dim=0, amount=0.7
Done pruning Conv1d
Pruning Conv1d: out_channels=8, dim=0, amount=0.7
Done pruning Conv1d
Pruning Conv1d: out_channels=8, dim=0, amount=0.7
Done pruning Conv1d
Pruning Conv1d: out_channels=8, dim=0, amount=0.7
Done pruning Conv1d
Pruning Conv1d: out_channels=8, dim=0, amount=0.7
Done pruning Conv1d
Pruning Conv1d: out_channels=8, dim=0, amount=0.7
Done pruning Conv1d
Pruning Conv1d: out_channels=8, dim=0, amount=0.7
Done pruning Conv1d
Pruning Conv1d: out_channels=8, dim=0, amount=0.7
Done pruning Conv1d
Pruning Conv1d: out_channels=8, dim=0, amount=0.7
Done pruning Conv1d
Pruning Conv1d: out_channels=8, dim=0, amount=0.7
Done pruning Conv1d
Pruning Conv1d: out_channels=8, dim=0, amount=0.7
Done pruning Conv1d
Pruning Conv1d: out_channels=8, dim=0, amount=0.7
Done pruning Conv1d
Pruning Conv1d: out_channels=8, dim=0, amount=0.7
Done pruning Conv1d
Pruning Conv1d: out_channels=8, dim=0, amount=0.7
Done pruning Conv1d
Pruning Conv1d: out_channels=8, dim=0, amount=0.7
Done pruning Conv1d
Pruning Conv1d: out_channels=8, dim=0, amount=0.7
Done pruning Conv1d
Pruning Conv1d: out_channels=8, dim=0, amount=0.7
Done pruning Conv1d
Pruning Conv1d: out_channels=8, dim=0, amount=0.7
Done pruning Conv1d
Pruning Conv1d: out_channels=8, dim=0, amount=0.7
Done pruning Conv1d
Skipping pruning for Conv1d with out_channels=1
Loaded checkpoint: /home/hpc/vlbi/vlbi107v/hifi-gan/cp_hifigan/v1_c128/g_05540000 (3.617 MB)
Generator parameters: 925,985
generated_audios/generated_H3_128C_pruned70/61-70968-0004_generated.wav | RTF: 0.2861(1.112s / 3.885s)
generated_audios/generated_H3_128C_pruned70/61-70968-0019_generated.wav | RTF: 0.2510(1.374s / 5.475s)
generated_audios/generated_H3_128C_pruned70/61-70968-0014_generated.wav | RTF: 0.2663(1.993s / 7.485s)
generated_audios/generated_H3_128C_pruned70/61-70968-0001_generated.wav | RTF: 0.2602(0.939s / 3.610s)
generated_audios/generated_H3_128C_pruned70/61-70968-0015_generated.wav | RTF: 0.2505(1.346s / 5.375s)
generated_audios/generated_H3_128C_pruned70/61-70968-0009_generated.wav | RTF: 0.2706(1.220s / 4.510s)
generated_audios/generated_H3_128C_pruned70/61-70968-0011_generated.wav | RTF: 0.2507(1.598s / 6.375s)
generated_audios/generated_H3_128C_pruned70/61-70968-0017_generated.wav | RTF: 0.2671(1.365s / 5.110s)
generated_audios/generated_H3_128C_pruned70/61-70968-0007_generated.wav | RTF: 0.2601(0.923s / 3.550s)
generated_audios/generated_H3_128C_pruned70/61-70968-0016_generated.wav | RTF: 0.2627(0.977s / 3.720s)
generated_audios/generated_H3_128C_pruned70/61-70968-0003_generated.wav | RTF: 0.2632(1.136s / 4.315s)
generated_audios/generated_H3_128C_pruned70/61-70968-0005_generated.wav | RTF: 0.2736(1.387s / 5.070s)
generated_audios/generated_H3_128C_pruned70/61-70968-0006_generated.wav | RTF: 0.2527(0.742s / 2.935s)
generated_audios/generated_H3_128C_pruned70/61-70968-0008_generated.wav | RTF: 0.2758(0.975s / 3.535s)
generated_audios/generated_H3_128C_pruned70/61-70968-0000_generated.wav | RTF: 0.2697(1.323s / 4.905s)
generated_audios/generated_H3_128C_pruned70/61-70968-0013_generated.wav | RTF: 0.2682(1.194s / 4.450s)
generated_audios/generated_H3_128C_pruned70/61-70968-0002_generated.wav | RTF: 0.2586(0.768s / 2.970s)
generated_audios/generated_H3_128C_pruned70/61-70968-0018_generated.wav | RTF: 0.2574(0.619s / 2.405s)
generated_audios/generated_H3_128C_pruned70/61-70968-0010_generated.wav | RTF: 0.2523(2.093s / 8.295s)
generated_audios/generated_H3_128C_pruned70/61-70968-0012_generated.wav | RTF: 0.2603(0.679s / 2.610s)
Average RTF: 0.2623(23.763s / 90.585s)
Evaluation summary:
  Mel-spectrogram L1: 5.017232
  PESQ: 1.066990
  STOI: 0.335085

Appended metrics to CSV: experiments_results.csv
========== H4: pruning 30% + quantize ==========
Initializing Inference Process..
Using device: cpu (baseline and quantized inference both run on CPU)
Quantization enabled: forcing CPU inference for INT8 model.
Loading '/home/hpc/vlbi/vlbi107v/hifi-gan/cp_hifigan/v1_c128/g_05540000'
Complete.
Removing weight norm...
Applying structured pruning with ratio 0.30...
Pruning Conv1d: out_channels=128, dim=0, amount=0.3
Done pruning Conv1d
Pruning ConvTranspose1d: out_channels=64, dim=1, amount=0.3
Done pruning ConvTranspose1d
Pruning ConvTranspose1d: out_channels=32, dim=1, amount=0.3
Done pruning ConvTranspose1d
Pruning ConvTranspose1d: out_channels=16, dim=1, amount=0.3
Done pruning ConvTranspose1d
Pruning ConvTranspose1d: out_channels=8, dim=1, amount=0.3
Done pruning ConvTranspose1d
Pruning Conv1d: out_channels=64, dim=0, amount=0.3
Done pruning Conv1d
Pruning Conv1d: out_channels=64, dim=0, amount=0.3
Done pruning Conv1d
Pruning Conv1d: out_channels=64, dim=0, amount=0.3
Done pruning Conv1d
Pruning Conv1d: out_channels=64, dim=0, amount=0.3
Done pruning Conv1d
Pruning Conv1d: out_channels=64, dim=0, amount=0.3
Done pruning Conv1d
Pruning Conv1d: out_channels=64, dim=0, amount=0.3
Done pruning Conv1d
Pruning Conv1d: out_channels=64, dim=0, amount=0.3
Done pruning Conv1d
Pruning Conv1d: out_channels=64, dim=0, amount=0.3
Done pruning Conv1d
Pruning Conv1d: out_channels=64, dim=0, amount=0.3
Done pruning Conv1d
Pruning Conv1d: out_channels=64, dim=0, amount=0.3
Done pruning Conv1d
Pruning Conv1d: out_channels=64, dim=0, amount=0.3
Done pruning Conv1d
Pruning Conv1d: out_channels=64, dim=0, amount=0.3
Done pruning Conv1d
Pruning Conv1d: out_channels=64, dim=0, amount=0.3
Done pruning Conv1d
Pruning Conv1d: out_channels=64, dim=0, amount=0.3
Done pruning Conv1d
Pruning Conv1d: out_channels=64, dim=0, amount=0.3
Done pruning Conv1d
Pruning Conv1d: out_channels=64, dim=0, amount=0.3
Done pruning Conv1d
Pruning Conv1d: out_channels=64, dim=0, amount=0.3
Done pruning Conv1d
Pruning Conv1d: out_channels=64, dim=0, amount=0.3
Done pruning Conv1d
Pruning Conv1d: out_channels=32, dim=0, amount=0.3
Done pruning Conv1d
Pruning Conv1d: out_channels=32, dim=0, amount=0.3
Done pruning Conv1d
Pruning Conv1d: out_channels=32, dim=0, amount=0.3
Done pruning Conv1d
Pruning Conv1d: out_channels=32, dim=0, amount=0.3
Done pruning Conv1d
Pruning Conv1d: out_channels=32, dim=0, amount=0.3
Done pruning Conv1d
Pruning Conv1d: out_channels=32, dim=0, amount=0.3
Done pruning Conv1d
Pruning Conv1d: out_channels=32, dim=0, amount=0.3
Done pruning Conv1d
Pruning Conv1d: out_channels=32, dim=0, amount=0.3
Done pruning Conv1d
Pruning Conv1d: out_channels=32, dim=0, amount=0.3
Done pruning Conv1d
Pruning Conv1d: out_channels=32, dim=0, amount=0.3
Done pruning Conv1d
Pruning Conv1d: out_channels=32, dim=0, amount=0.3
Done pruning Conv1d
Pruning Conv1d: out_channels=32, dim=0, amount=0.3
Done pruning Conv1d
Pruning Conv1d: out_channels=32, dim=0, amount=0.3
Done pruning Conv1d
Pruning Conv1d: out_channels=32, dim=0, amount=0.3
Done pruning Conv1d
Pruning Conv1d: out_channels=32, dim=0, amount=0.3
Done pruning Conv1d
Pruning Conv1d: out_channels=32, dim=0, amount=0.3
Done pruning Conv1d
Pruning Conv1d: out_channels=32, dim=0, amount=0.3
Done pruning Conv1d
Pruning Conv1d: out_channels=32, dim=0, amount=0.3
Done pruning Conv1d
Pruning Conv1d: out_channels=16, dim=0, amount=0.3
Done pruning Conv1d
Pruning Conv1d: out_channels=16, dim=0, amount=0.3
Done pruning Conv1d
Pruning Conv1d: out_channels=16, dim=0, amount=0.3
Done pruning Conv1d
Pruning Conv1d: out_channels=16, dim=0, amount=0.3
Done pruning Conv1d
Pruning Conv1d: out_channels=16, dim=0, amount=0.3
Done pruning Conv1d
Pruning Conv1d: out_channels=16, dim=0, amount=0.3
Done pruning Conv1d
Pruning Conv1d: out_channels=16, dim=0, amount=0.3
Done pruning Conv1d
Pruning Conv1d: out_channels=16, dim=0, amount=0.3
Done pruning Conv1d
Pruning Conv1d: out_channels=16, dim=0, amount=0.3
Done pruning Conv1d
Pruning Conv1d: out_channels=16, dim=0, amount=0.3
Done pruning Conv1d
Pruning Conv1d: out_channels=16, dim=0, amount=0.3
Done pruning Conv1d
Pruning Conv1d: out_channels=16, dim=0, amount=0.3
Done pruning Conv1d
Pruning Conv1d: out_channels=16, dim=0, amount=0.3
Done pruning Conv1d
Pruning Conv1d: out_channels=16, dim=0, amount=0.3
Done pruning Conv1d
Pruning Conv1d: out_channels=16, dim=0, amount=0.3
Done pruning Conv1d
Pruning Conv1d: out_channels=16, dim=0, amount=0.3
Done pruning Conv1d
Pruning Conv1d: out_channels=16, dim=0, amount=0.3
Done pruning Conv1d
Pruning Conv1d: out_channels=16, dim=0, amount=0.3
Done pruning Conv1d
Pruning Conv1d: out_channels=8, dim=0, amount=0.3
Done pruning Conv1d
Pruning Conv1d: out_channels=8, dim=0, amount=0.3
Done pruning Conv1d
Pruning Conv1d: out_channels=8, dim=0, amount=0.3
Done pruning Conv1d
Pruning Conv1d: out_channels=8, dim=0, amount=0.3
Done pruning Conv1d
Pruning Conv1d: out_channels=8, dim=0, amount=0.3
Done pruning Conv1d
Pruning Conv1d: out_channels=8, dim=0, amount=0.3
Done pruning Conv1d
Pruning Conv1d: out_channels=8, dim=0, amount=0.3
Done pruning Conv1d
Pruning Conv1d: out_channels=8, dim=0, amount=0.3
Done pruning Conv1d
Pruning Conv1d: out_channels=8, dim=0, amount=0.3
Done pruning Conv1d
Pruning Conv1d: out_channels=8, dim=0, amount=0.3
Done pruning Conv1d
Pruning Conv1d: out_channels=8, dim=0, amount=0.3
Done pruning Conv1d
Pruning Conv1d: out_channels=8, dim=0, amount=0.3
Done pruning Conv1d
Pruning Conv1d: out_channels=8, dim=0, amount=0.3
Done pruning Conv1d
Pruning Conv1d: out_channels=8, dim=0, amount=0.3
Done pruning Conv1d
Pruning Conv1d: out_channels=8, dim=0, amount=0.3
Done pruning Conv1d
Pruning Conv1d: out_channels=8, dim=0, amount=0.3
Done pruning Conv1d
Pruning Conv1d: out_channels=8, dim=0, amount=0.3
Done pruning Conv1d
Pruning Conv1d: out_channels=8, dim=0, amount=0.3
Done pruning Conv1d
Skipping pruning for Conv1d with out_channels=1
Loaded checkpoint: /home/hpc/vlbi/vlbi107v/hifi-gan/cp_hifigan/v1_c128/g_05540000 (3.617 MB)
Generator parameters: 925,985
generated_audios/generated_H4_128C_pruned30_int8/61-70968-0004_generated.wav | RTF: 0.2721(1.057s / 3.885s)
generated_audios/generated_H4_128C_pruned30_int8/61-70968-0019_generated.wav | RTF: 0.2526(1.383s / 5.475s)
generated_audios/generated_H4_128C_pruned30_int8/61-70968-0014_generated.wav | RTF: 0.2621(1.962s / 7.485s)
generated_audios/generated_H4_128C_pruned30_int8/61-70968-0001_generated.wav | RTF: 0.2650(0.957s / 3.610s)
generated_audios/generated_H4_128C_pruned30_int8/61-70968-0015_generated.wav | RTF: 0.2523(1.356s / 5.375s)
generated_audios/generated_H4_128C_pruned30_int8/61-70968-0009_generated.wav | RTF: 0.2599(1.172s / 4.510s)
generated_audios/generated_H4_128C_pruned30_int8/61-70968-0011_generated.wav | RTF: 0.2482(1.582s / 6.375s)
generated_audios/generated_H4_128C_pruned30_int8/61-70968-0017_generated.wav | RTF: 0.2620(1.339s / 5.110s)
generated_audios/generated_H4_128C_pruned30_int8/61-70968-0007_generated.wav | RTF: 0.2748(0.976s / 3.550s)
generated_audios/generated_H4_128C_pruned30_int8/61-70968-0016_generated.wav | RTF: 0.2792(1.039s / 3.720s)
generated_audios/generated_H4_128C_pruned30_int8/61-70968-0003_generated.wav | RTF: 0.2625(1.133s / 4.315s)
generated_audios/generated_H4_128C_pruned30_int8/61-70968-0005_generated.wav | RTF: 0.2609(1.323s / 5.070s)
generated_audios/generated_H4_128C_pruned30_int8/61-70968-0006_generated.wav | RTF: 0.2464(0.723s / 2.935s)
generated_audios/generated_H4_128C_pruned30_int8/61-70968-0008_generated.wav | RTF: 0.2586(0.914s / 3.535s)
generated_audios/generated_H4_128C_pruned30_int8/61-70968-0000_generated.wav | RTF: 0.2604(1.277s / 4.905s)
generated_audios/generated_H4_128C_pruned30_int8/61-70968-0013_generated.wav | RTF: 0.2669(1.188s / 4.450s)
generated_audios/generated_H4_128C_pruned30_int8/61-70968-0002_generated.wav | RTF: 0.2551(0.758s / 2.970s)
generated_audios/generated_H4_128C_pruned30_int8/61-70968-0018_generated.wav | RTF: 0.2560(0.616s / 2.405s)
generated_audios/generated_H4_128C_pruned30_int8/61-70968-0010_generated.wav | RTF: 0.2499(2.073s / 8.295s)
generated_audios/generated_H4_128C_pruned30_int8/61-70968-0012_generated.wav | RTF: 0.2571(0.671s / 2.610s)
Average RTF: 0.2594(23.498s / 90.585s)
Evaluation summary:
  Mel-spectrogram L1: 3.233988
  PESQ: 1.063696
  STOI: 0.264611

Appended metrics to CSV: experiments_results.csv
========== H4: pruning 50% + quantize ==========
Initializing Inference Process..
Using device: cpu (baseline and quantized inference both run on CPU)
Quantization enabled: forcing CPU inference for INT8 model.
Loading '/home/hpc/vlbi/vlbi107v/hifi-gan/cp_hifigan/v1_c128/g_05540000'
Complete.
Removing weight norm...
Applying structured pruning with ratio 0.50...
Pruning Conv1d: out_channels=128, dim=0, amount=0.5
Done pruning Conv1d
Pruning ConvTranspose1d: out_channels=64, dim=1, amount=0.5
Done pruning ConvTranspose1d
Pruning ConvTranspose1d: out_channels=32, dim=1, amount=0.5
Done pruning ConvTranspose1d
Pruning ConvTranspose1d: out_channels=16, dim=1, amount=0.5
Done pruning ConvTranspose1d
Pruning ConvTranspose1d: out_channels=8, dim=1, amount=0.5
Done pruning ConvTranspose1d
Pruning Conv1d: out_channels=64, dim=0, amount=0.5
Done pruning Conv1d
Pruning Conv1d: out_channels=64, dim=0, amount=0.5
Done pruning Conv1d
Pruning Conv1d: out_channels=64, dim=0, amount=0.5
Done pruning Conv1d
Pruning Conv1d: out_channels=64, dim=0, amount=0.5
Done pruning Conv1d
Pruning Conv1d: out_channels=64, dim=0, amount=0.5
Done pruning Conv1d
Pruning Conv1d: out_channels=64, dim=0, amount=0.5
Done pruning Conv1d
Pruning Conv1d: out_channels=64, dim=0, amount=0.5
Done pruning Conv1d
Pruning Conv1d: out_channels=64, dim=0, amount=0.5
Done pruning Conv1d
Pruning Conv1d: out_channels=64, dim=0, amount=0.5
Done pruning Conv1d
Pruning Conv1d: out_channels=64, dim=0, amount=0.5
Done pruning Conv1d
Pruning Conv1d: out_channels=64, dim=0, amount=0.5
Done pruning Conv1d
Pruning Conv1d: out_channels=64, dim=0, amount=0.5
Done pruning Conv1d
Pruning Conv1d: out_channels=64, dim=0, amount=0.5
Done pruning Conv1d
Pruning Conv1d: out_channels=64, dim=0, amount=0.5
Done pruning Conv1d
Pruning Conv1d: out_channels=64, dim=0, amount=0.5
Done pruning Conv1d
Pruning Conv1d: out_channels=64, dim=0, amount=0.5
Done pruning Conv1d
Pruning Conv1d: out_channels=64, dim=0, amount=0.5
Done pruning Conv1d
Pruning Conv1d: out_channels=64, dim=0, amount=0.5
Done pruning Conv1d
Pruning Conv1d: out_channels=32, dim=0, amount=0.5
Done pruning Conv1d
Pruning Conv1d: out_channels=32, dim=0, amount=0.5
Done pruning Conv1d
Pruning Conv1d: out_channels=32, dim=0, amount=0.5
Done pruning Conv1d
Pruning Conv1d: out_channels=32, dim=0, amount=0.5
Done pruning Conv1d
Pruning Conv1d: out_channels=32, dim=0, amount=0.5
Done pruning Conv1d
Pruning Conv1d: out_channels=32, dim=0, amount=0.5
Done pruning Conv1d
Pruning Conv1d: out_channels=32, dim=0, amount=0.5
Done pruning Conv1d
Pruning Conv1d: out_channels=32, dim=0, amount=0.5
Done pruning Conv1d
Pruning Conv1d: out_channels=32, dim=0, amount=0.5
Done pruning Conv1d
Pruning Conv1d: out_channels=32, dim=0, amount=0.5
Done pruning Conv1d
Pruning Conv1d: out_channels=32, dim=0, amount=0.5
Done pruning Conv1d
Pruning Conv1d: out_channels=32, dim=0, amount=0.5
Done pruning Conv1d
Pruning Conv1d: out_channels=32, dim=0, amount=0.5
Done pruning Conv1d
Pruning Conv1d: out_channels=32, dim=0, amount=0.5
Done pruning Conv1d
Pruning Conv1d: out_channels=32, dim=0, amount=0.5
Done pruning Conv1d
Pruning Conv1d: out_channels=32, dim=0, amount=0.5
Done pruning Conv1d
Pruning Conv1d: out_channels=32, dim=0, amount=0.5
Done pruning Conv1d
Pruning Conv1d: out_channels=32, dim=0, amount=0.5
Done pruning Conv1d
Pruning Conv1d: out_channels=16, dim=0, amount=0.5
Done pruning Conv1d
Pruning Conv1d: out_channels=16, dim=0, amount=0.5
Done pruning Conv1d
Pruning Conv1d: out_channels=16, dim=0, amount=0.5
Done pruning Conv1d
Pruning Conv1d: out_channels=16, dim=0, amount=0.5
Done pruning Conv1d
Pruning Conv1d: out_channels=16, dim=0, amount=0.5
Done pruning Conv1d
Pruning Conv1d: out_channels=16, dim=0, amount=0.5
Done pruning Conv1d
Pruning Conv1d: out_channels=16, dim=0, amount=0.5
Done pruning Conv1d
Pruning Conv1d: out_channels=16, dim=0, amount=0.5
Done pruning Conv1d
Pruning Conv1d: out_channels=16, dim=0, amount=0.5
Done pruning Conv1d
Pruning Conv1d: out_channels=16, dim=0, amount=0.5
Done pruning Conv1d
Pruning Conv1d: out_channels=16, dim=0, amount=0.5
Done pruning Conv1d
Pruning Conv1d: out_channels=16, dim=0, amount=0.5
Done pruning Conv1d
Pruning Conv1d: out_channels=16, dim=0, amount=0.5
Done pruning Conv1d
Pruning Conv1d: out_channels=16, dim=0, amount=0.5
Done pruning Conv1d
Pruning Conv1d: out_channels=16, dim=0, amount=0.5
Done pruning Conv1d
Pruning Conv1d: out_channels=16, dim=0, amount=0.5
Done pruning Conv1d
Pruning Conv1d: out_channels=16, dim=0, amount=0.5
Done pruning Conv1d
Pruning Conv1d: out_channels=16, dim=0, amount=0.5
Done pruning Conv1d
Pruning Conv1d: out_channels=8, dim=0, amount=0.5
Done pruning Conv1d
Pruning Conv1d: out_channels=8, dim=0, amount=0.5
Done pruning Conv1d
Pruning Conv1d: out_channels=8, dim=0, amount=0.5
Done pruning Conv1d
Pruning Conv1d: out_channels=8, dim=0, amount=0.5
Done pruning Conv1d
Pruning Conv1d: out_channels=8, dim=0, amount=0.5
Done pruning Conv1d
Pruning Conv1d: out_channels=8, dim=0, amount=0.5
Done pruning Conv1d
Pruning Conv1d: out_channels=8, dim=0, amount=0.5
Done pruning Conv1d
Pruning Conv1d: out_channels=8, dim=0, amount=0.5
Done pruning Conv1d
Pruning Conv1d: out_channels=8, dim=0, amount=0.5
Done pruning Conv1d
Pruning Conv1d: out_channels=8, dim=0, amount=0.5
Done pruning Conv1d
Pruning Conv1d: out_channels=8, dim=0, amount=0.5
Done pruning Conv1d
Pruning Conv1d: out_channels=8, dim=0, amount=0.5
Done pruning Conv1d
Pruning Conv1d: out_channels=8, dim=0, amount=0.5
Done pruning Conv1d
Pruning Conv1d: out_channels=8, dim=0, amount=0.5
Done pruning Conv1d
Pruning Conv1d: out_channels=8, dim=0, amount=0.5
Done pruning Conv1d
Pruning Conv1d: out_channels=8, dim=0, amount=0.5
Done pruning Conv1d
Pruning Conv1d: out_channels=8, dim=0, amount=0.5
Done pruning Conv1d
Pruning Conv1d: out_channels=8, dim=0, amount=0.5
Done pruning Conv1d
Skipping pruning for Conv1d with out_channels=1
Loaded checkpoint: /home/hpc/vlbi/vlbi107v/hifi-gan/cp_hifigan/v1_c128/g_05540000 (3.617 MB)
Generator parameters: 925,985
generated_audios/generated_H4_128C_pruned50_int8/61-70968-0004_generated.wav | RTF: 0.2729(1.060s / 3.885s)
generated_audios/generated_H4_128C_pruned50_int8/61-70968-0019_generated.wav | RTF: 0.2487(1.361s / 5.475s)
generated_audios/generated_H4_128C_pruned50_int8/61-70968-0014_generated.wav | RTF: 0.2636(1.973s / 7.485s)
generated_audios/generated_H4_128C_pruned50_int8/61-70968-0001_generated.wav | RTF: 0.2676(0.966s / 3.610s)
generated_audios/generated_H4_128C_pruned50_int8/61-70968-0015_generated.wav | RTF: 0.2494(1.341s / 5.375s)
generated_audios/generated_H4_128C_pruned50_int8/61-70968-0009_generated.wav | RTF: 0.2695(1.216s / 4.510s)
generated_audios/generated_H4_128C_pruned50_int8/61-70968-0011_generated.wav | RTF: 0.2534(1.615s / 6.375s)
generated_audios/generated_H4_128C_pruned50_int8/61-70968-0017_generated.wav | RTF: 0.2573(1.315s / 5.110s)
generated_audios/generated_H4_128C_pruned50_int8/61-70968-0007_generated.wav | RTF: 0.2546(0.904s / 3.550s)
generated_audios/generated_H4_128C_pruned50_int8/61-70968-0016_generated.wav | RTF: 0.2751(1.023s / 3.720s)
generated_audios/generated_H4_128C_pruned50_int8/61-70968-0003_generated.wav | RTF: 0.2648(1.143s / 4.315s)
generated_audios/generated_H4_128C_pruned50_int8/61-70968-0005_generated.wav | RTF: 0.2738(1.388s / 5.070s)
generated_audios/generated_H4_128C_pruned50_int8/61-70968-0006_generated.wav | RTF: 0.2586(0.759s / 2.935s)
generated_audios/generated_H4_128C_pruned50_int8/61-70968-0008_generated.wav | RTF: 0.2703(0.955s / 3.535s)
generated_audios/generated_H4_128C_pruned50_int8/61-70968-0000_generated.wav | RTF: 0.2654(1.302s / 4.905s)
generated_audios/generated_H4_128C_pruned50_int8/61-70968-0013_generated.wav | RTF: 0.2649(1.179s / 4.450s)
generated_audios/generated_H4_128C_pruned50_int8/61-70968-0002_generated.wav | RTF: 0.2556(0.759s / 2.970s)
generated_audios/generated_H4_128C_pruned50_int8/61-70968-0018_generated.wav | RTF: 0.2573(0.619s / 2.405s)
generated_audios/generated_H4_128C_pruned50_int8/61-70968-0010_generated.wav | RTF: 0.2531(2.099s / 8.295s)
generated_audios/generated_H4_128C_pruned50_int8/61-70968-0012_generated.wav | RTF: 0.2577(0.673s / 2.610s)
Average RTF: 0.2611(23.650s / 90.585s)
Evaluation summary:
  Mel-spectrogram L1: 4.070727
  PESQ: 1.180579
  STOI: 0.320975

Appended metrics to CSV: experiments_results.csv
========== H4: pruning 70% + quantize ==========
Initializing Inference Process..
Using device: cpu (baseline and quantized inference both run on CPU)
Quantization enabled: forcing CPU inference for INT8 model.
Loading '/home/hpc/vlbi/vlbi107v/hifi-gan/cp_hifigan/v1_c128/g_05540000'
Complete.
Removing weight norm...
Applying structured pruning with ratio 0.70...
Pruning Conv1d: out_channels=128, dim=0, amount=0.7
Done pruning Conv1d
Pruning ConvTranspose1d: out_channels=64, dim=1, amount=0.7
Done pruning ConvTranspose1d
Pruning ConvTranspose1d: out_channels=32, dim=1, amount=0.7
Done pruning ConvTranspose1d
Pruning ConvTranspose1d: out_channels=16, dim=1, amount=0.7
Done pruning ConvTranspose1d
Pruning ConvTranspose1d: out_channels=8, dim=1, amount=0.7
Done pruning ConvTranspose1d
Pruning Conv1d: out_channels=64, dim=0, amount=0.7
Done pruning Conv1d
Pruning Conv1d: out_channels=64, dim=0, amount=0.7
Done pruning Conv1d
Pruning Conv1d: out_channels=64, dim=0, amount=0.7
Done pruning Conv1d
Pruning Conv1d: out_channels=64, dim=0, amount=0.7
Done pruning Conv1d
Pruning Conv1d: out_channels=64, dim=0, amount=0.7
Done pruning Conv1d
Pruning Conv1d: out_channels=64, dim=0, amount=0.7
Done pruning Conv1d
Pruning Conv1d: out_channels=64, dim=0, amount=0.7
Done pruning Conv1d
Pruning Conv1d: out_channels=64, dim=0, amount=0.7
Done pruning Conv1d
Pruning Conv1d: out_channels=64, dim=0, amount=0.7
Done pruning Conv1d
Pruning Conv1d: out_channels=64, dim=0, amount=0.7
Done pruning Conv1d
Pruning Conv1d: out_channels=64, dim=0, amount=0.7
Done pruning Conv1d
Pruning Conv1d: out_channels=64, dim=0, amount=0.7
Done pruning Conv1d
Pruning Conv1d: out_channels=64, dim=0, amount=0.7
Done pruning Conv1d
Pruning Conv1d: out_channels=64, dim=0, amount=0.7
Done pruning Conv1d
Pruning Conv1d: out_channels=64, dim=0, amount=0.7
Done pruning Conv1d
Pruning Conv1d: out_channels=64, dim=0, amount=0.7
Done pruning Conv1d
Pruning Conv1d: out_channels=64, dim=0, amount=0.7
Done pruning Conv1d
Pruning Conv1d: out_channels=64, dim=0, amount=0.7
Done pruning Conv1d
Pruning Conv1d: out_channels=32, dim=0, amount=0.7
Done pruning Conv1d
Pruning Conv1d: out_channels=32, dim=0, amount=0.7
Done pruning Conv1d
Pruning Conv1d: out_channels=32, dim=0, amount=0.7
Done pruning Conv1d
Pruning Conv1d: out_channels=32, dim=0, amount=0.7
Done pruning Conv1d
Pruning Conv1d: out_channels=32, dim=0, amount=0.7
Done pruning Conv1d
Pruning Conv1d: out_channels=32, dim=0, amount=0.7
Done pruning Conv1d
Pruning Conv1d: out_channels=32, dim=0, amount=0.7
Done pruning Conv1d
Pruning Conv1d: out_channels=32, dim=0, amount=0.7
Done pruning Conv1d
Pruning Conv1d: out_channels=32, dim=0, amount=0.7
Done pruning Conv1d
Pruning Conv1d: out_channels=32, dim=0, amount=0.7
Done pruning Conv1d
Pruning Conv1d: out_channels=32, dim=0, amount=0.7
Done pruning Conv1d
Pruning Conv1d: out_channels=32, dim=0, amount=0.7
Done pruning Conv1d
Pruning Conv1d: out_channels=32, dim=0, amount=0.7
Done pruning Conv1d
Pruning Conv1d: out_channels=32, dim=0, amount=0.7
Done pruning Conv1d
Pruning Conv1d: out_channels=32, dim=0, amount=0.7
Done pruning Conv1d
Pruning Conv1d: out_channels=32, dim=0, amount=0.7
Done pruning Conv1d
Pruning Conv1d: out_channels=32, dim=0, amount=0.7
Done pruning Conv1d
Pruning Conv1d: out_channels=32, dim=0, amount=0.7
Done pruning Conv1d
Pruning Conv1d: out_channels=16, dim=0, amount=0.7
Done pruning Conv1d
Pruning Conv1d: out_channels=16, dim=0, amount=0.7
Done pruning Conv1d
Pruning Conv1d: out_channels=16, dim=0, amount=0.7
Done pruning Conv1d
Pruning Conv1d: out_channels=16, dim=0, amount=0.7
Done pruning Conv1d
Pruning Conv1d: out_channels=16, dim=0, amount=0.7
Done pruning Conv1d
Pruning Conv1d: out_channels=16, dim=0, amount=0.7
Done pruning Conv1d
Pruning Conv1d: out_channels=16, dim=0, amount=0.7
Done pruning Conv1d
Pruning Conv1d: out_channels=16, dim=0, amount=0.7
Done pruning Conv1d
Pruning Conv1d: out_channels=16, dim=0, amount=0.7
Done pruning Conv1d
Pruning Conv1d: out_channels=16, dim=0, amount=0.7
Done pruning Conv1d
Pruning Conv1d: out_channels=16, dim=0, amount=0.7
Done pruning Conv1d
Pruning Conv1d: out_channels=16, dim=0, amount=0.7
Done pruning Conv1d
Pruning Conv1d: out_channels=16, dim=0, amount=0.7
Done pruning Conv1d
Pruning Conv1d: out_channels=16, dim=0, amount=0.7
Done pruning Conv1d
Pruning Conv1d: out_channels=16, dim=0, amount=0.7
Done pruning Conv1d
Pruning Conv1d: out_channels=16, dim=0, amount=0.7
Done pruning Conv1d
Pruning Conv1d: out_channels=16, dim=0, amount=0.7
Done pruning Conv1d
Pruning Conv1d: out_channels=16, dim=0, amount=0.7
Done pruning Conv1d
Pruning Conv1d: out_channels=8, dim=0, amount=0.7
Done pruning Conv1d
Pruning Conv1d: out_channels=8, dim=0, amount=0.7
Done pruning Conv1d
Pruning Conv1d: out_channels=8, dim=0, amount=0.7
Done pruning Conv1d
Pruning Conv1d: out_channels=8, dim=0, amount=0.7
Done pruning Conv1d
Pruning Conv1d: out_channels=8, dim=0, amount=0.7
Done pruning Conv1d
Pruning Conv1d: out_channels=8, dim=0, amount=0.7
Done pruning Conv1d
Pruning Conv1d: out_channels=8, dim=0, amount=0.7
Done pruning Conv1d
Pruning Conv1d: out_channels=8, dim=0, amount=0.7
Done pruning Conv1d
Pruning Conv1d: out_channels=8, dim=0, amount=0.7
Done pruning Conv1d
Pruning Conv1d: out_channels=8, dim=0, amount=0.7
Done pruning Conv1d
Pruning Conv1d: out_channels=8, dim=0, amount=0.7
Done pruning Conv1d
Pruning Conv1d: out_channels=8, dim=0, amount=0.7
Done pruning Conv1d
Pruning Conv1d: out_channels=8, dim=0, amount=0.7
Done pruning Conv1d
Pruning Conv1d: out_channels=8, dim=0, amount=0.7
Done pruning Conv1d
Pruning Conv1d: out_channels=8, dim=0, amount=0.7
Done pruning Conv1d
Pruning Conv1d: out_channels=8, dim=0, amount=0.7
Done pruning Conv1d
Pruning Conv1d: out_channels=8, dim=0, amount=0.7
Done pruning Conv1d
Pruning Conv1d: out_channels=8, dim=0, amount=0.7
Done pruning Conv1d
Skipping pruning for Conv1d with out_channels=1
Loaded checkpoint: /home/hpc/vlbi/vlbi107v/hifi-gan/cp_hifigan/v1_c128/g_05540000 (3.617 MB)
Generator parameters: 925,985
generated_audios/generated_H4_128C_pruned70_int8/61-70968-0004_generated.wav | RTF: 0.2996(1.164s / 3.885s)
generated_audios/generated_H4_128C_pruned70_int8/61-70968-0019_generated.wav | RTF: 0.2492(1.364s / 5.475s)
generated_audios/generated_H4_128C_pruned70_int8/61-70968-0014_generated.wav | RTF: 0.2611(1.954s / 7.485s)
generated_audios/generated_H4_128C_pruned70_int8/61-70968-0001_generated.wav | RTF: 0.2559(0.924s / 3.610s)
generated_audios/generated_H4_128C_pruned70_int8/61-70968-0015_generated.wav | RTF: 0.2509(1.349s / 5.375s)
generated_audios/generated_H4_128C_pruned70_int8/61-70968-0009_generated.wav | RTF: 0.2594(1.170s / 4.510s)
generated_audios/generated_H4_128C_pruned70_int8/61-70968-0011_generated.wav | RTF: 0.2536(1.617s / 6.375s)
generated_audios/generated_H4_128C_pruned70_int8/61-70968-0017_generated.wav | RTF: 0.2594(1.325s / 5.110s)
generated_audios/generated_H4_128C_pruned70_int8/61-70968-0007_generated.wav | RTF: 0.2545(0.904s / 3.550s)
generated_audios/generated_H4_128C_pruned70_int8/61-70968-0016_generated.wav | RTF: 0.2627(0.977s / 3.720s)
generated_audios/generated_H4_128C_pruned70_int8/61-70968-0003_generated.wav | RTF: 0.2572(1.110s / 4.315s)
generated_audios/generated_H4_128C_pruned70_int8/61-70968-0005_generated.wav | RTF: 0.2644(1.341s / 5.070s)
generated_audios/generated_H4_128C_pruned70_int8/61-70968-0006_generated.wav | RTF: 0.2564(0.752s / 2.935s)
generated_audios/generated_H4_128C_pruned70_int8/61-70968-0008_generated.wav | RTF: 0.2610(0.923s / 3.535s)
generated_audios/generated_H4_128C_pruned70_int8/61-70968-0000_generated.wav | RTF: 0.2635(1.293s / 4.905s)
generated_audios/generated_H4_128C_pruned70_int8/61-70968-0013_generated.wav | RTF: 0.2649(1.179s / 4.450s)
generated_audios/generated_H4_128C_pruned70_int8/61-70968-0002_generated.wav | RTF: 0.2566(0.762s / 2.970s)
generated_audios/generated_H4_128C_pruned70_int8/61-70968-0018_generated.wav | RTF: 0.2552(0.614s / 2.405s)
generated_audios/generated_H4_128C_pruned70_int8/61-70968-0010_generated.wav | RTF: 0.2501(2.074s / 8.295s)
generated_audios/generated_H4_128C_pruned70_int8/61-70968-0012_generated.wav | RTF: 0.2595(0.677s / 2.610s)
Average RTF: 0.2591(23.472s / 90.585s)
Evaluation summary:
  Mel-spectrogram L1: 5.017232
  PESQ: 1.066990
  STOI: 0.335085

Appended metrics to CSV: experiments_results.csv
Appended to experiments_results.csv:
H4_128C_pruned70_int8,925985,3.617,0.2591,1.0669902205467223,0.3350846706349536,5.017231678962707
========== Done ==========
=== JOB_STATISTICS ===
=== current date     : Fri May 29 12:18:17 PM CEST 2026
= Job-ID             : 1367715 on tinyfat
= Job-Name           : inference_128ch_h1-4
= Job-Command        : /home/hpc/vlbi/vlbi107v/hifi-gan/inference.sh
= Initial workdir    : /home/hpc/vlbi/vlbi107v/hifi-gan
= Queue/Partition    : work
= Slurm account      : vlbi with QOS=normal
= Requested resources:  for 02:00:00
= Elapsed runtime    : 00:04:28
= Total RAM usage    : 1.6 GiB of requested  GiB (%)   
= Node list          : tf063
= Subm/Elig/Start/End: 2026-05-29T12:13:49 / 2026-05-29T12:13:49 / 2026-05-29T12:13:49 / 2026-05-29T12:18:17
======================
=== Quota infos ======
    Path                 Used     SoftQ    HardQ    Gracetime  Filec    FileQ    FiHaQ    FileGrace    
    /home/woody            96.4G  1000.0G  1500.0G        N/A     116K   5,000K   7,500K        N/A    
!!! /home/hpc             105.4G   104.9G   209.7G  -29101days      60K     500K   1,000K        N/A !!!
======================
