### Starting TaskPrologue of job 1428681 on tf061 at Sun Jul  5 01:46:09 PM CEST 2026
Running on cores 8-15,72-79 with governor ondemand
No GPU known
### Finished TaskPrologue

==========(sbatch.tinyfat) Inference: 256 Channels (g_07960000) ==========
========== H2: quantized (INT8 dynamic quantization) ==========
Initializing Inference Process..
Using device: cpu (baseline and quantized inference both run on CPU)
Quantization enabled: forcing CPU inference for INT8 model.
Loading '/home/hpc/vlbi/vlbi107v/hifi-gan/cp_hifigan/v1_c256/g_07960000'
Complete.
Checkpoint contains weight_norm parameters. Keeping weight_norm wrappers for loading...
Removing weight norm...
Calibrating static quantization using 50 samples...
INT8 quantization scope: all
Checking quantized modules after static quantization:
Quantized module: conv_pre (torch.ao.nn.quantized.modules.conv.Conv1d)
Quantized module: ups.0 (torch.ao.nn.quantized.modules.conv.ConvTranspose1d)
Quantized module: ups.1 (torch.ao.nn.quantized.modules.conv.ConvTranspose1d)
Quantized module: ups.2 (torch.ao.nn.quantized.modules.conv.ConvTranspose1d)
Quantized module: ups.3 (torch.ao.nn.quantized.modules.conv.ConvTranspose1d)
Quantized module: resblocks.0.convs1.0 (torch.ao.nn.quantized.modules.conv.Conv1d)
Quantized module: resblocks.0.convs1.1 (torch.ao.nn.quantized.modules.conv.Conv1d)
Quantized module: resblocks.0.convs1.2 (torch.ao.nn.quantized.modules.conv.Conv1d)
Quantized module: resblocks.0.convs2.0 (torch.ao.nn.quantized.modules.conv.Conv1d)
Quantized module: resblocks.0.convs2.1 (torch.ao.nn.quantized.modules.conv.Conv1d)
Quantized module: resblocks.0.convs2.2 (torch.ao.nn.quantized.modules.conv.Conv1d)
Quantized module: resblocks.1.convs1.0 (torch.ao.nn.quantized.modules.conv.Conv1d)
Quantized module: resblocks.1.convs1.1 (torch.ao.nn.quantized.modules.conv.Conv1d)
Quantized module: resblocks.1.convs1.2 (torch.ao.nn.quantized.modules.conv.Conv1d)
Quantized module: resblocks.1.convs2.0 (torch.ao.nn.quantized.modules.conv.Conv1d)
Quantized module: resblocks.1.convs2.1 (torch.ao.nn.quantized.modules.conv.Conv1d)
Quantized module: resblocks.1.convs2.2 (torch.ao.nn.quantized.modules.conv.Conv1d)
Quantized module: resblocks.2.convs1.0 (torch.ao.nn.quantized.modules.conv.Conv1d)
Quantized module: resblocks.2.convs1.1 (torch.ao.nn.quantized.modules.conv.Conv1d)
Quantized module: resblocks.2.convs1.2 (torch.ao.nn.quantized.modules.conv.Conv1d)
Quantized module: resblocks.2.convs2.0 (torch.ao.nn.quantized.modules.conv.Conv1d)
Quantized module: resblocks.2.convs2.1 (torch.ao.nn.quantized.modules.conv.Conv1d)
Quantized module: resblocks.2.convs2.2 (torch.ao.nn.quantized.modules.conv.Conv1d)
Quantized module: resblocks.3.convs1.0 (torch.ao.nn.quantized.modules.conv.Conv1d)
Quantized module: resblocks.3.convs1.1 (torch.ao.nn.quantized.modules.conv.Conv1d)
Quantized module: resblocks.3.convs1.2 (torch.ao.nn.quantized.modules.conv.Conv1d)
Quantized module: resblocks.3.convs2.0 (torch.ao.nn.quantized.modules.conv.Conv1d)
Quantized module: resblocks.3.convs2.1 (torch.ao.nn.quantized.modules.conv.Conv1d)
Quantized module: resblocks.3.convs2.2 (torch.ao.nn.quantized.modules.conv.Conv1d)
Quantized module: resblocks.4.convs1.0 (torch.ao.nn.quantized.modules.conv.Conv1d)
Quantized module: resblocks.4.convs1.1 (torch.ao.nn.quantized.modules.conv.Conv1d)
Quantized module: resblocks.4.convs1.2 (torch.ao.nn.quantized.modules.conv.Conv1d)
Quantized module: resblocks.4.convs2.0 (torch.ao.nn.quantized.modules.conv.Conv1d)
Quantized module: resblocks.4.convs2.1 (torch.ao.nn.quantized.modules.conv.Conv1d)
Quantized module: resblocks.4.convs2.2 (torch.ao.nn.quantized.modules.conv.Conv1d)
Quantized module: resblocks.5.convs1.0 (torch.ao.nn.quantized.modules.conv.Conv1d)
Quantized module: resblocks.5.convs1.1 (torch.ao.nn.quantized.modules.conv.Conv1d)
Quantized module: resblocks.5.convs1.2 (torch.ao.nn.quantized.modules.conv.Conv1d)
Quantized module: resblocks.5.convs2.0 (torch.ao.nn.quantized.modules.conv.Conv1d)
Quantized module: resblocks.5.convs2.1 (torch.ao.nn.quantized.modules.conv.Conv1d)
Quantized module: resblocks.5.convs2.2 (torch.ao.nn.quantized.modules.conv.Conv1d)
Quantized module: resblocks.6.convs1.0 (torch.ao.nn.quantized.modules.conv.Conv1d)
Quantized module: resblocks.6.convs1.1 (torch.ao.nn.quantized.modules.conv.Conv1d)
Quantized module: resblocks.6.convs1.2 (torch.ao.nn.quantized.modules.conv.Conv1d)
Quantized module: resblocks.6.convs2.0 (torch.ao.nn.quantized.modules.conv.Conv1d)
Quantized module: resblocks.6.convs2.1 (torch.ao.nn.quantized.modules.conv.Conv1d)
Quantized module: resblocks.6.convs2.2 (torch.ao.nn.quantized.modules.conv.Conv1d)
Quantized module: resblocks.7.convs1.0 (torch.ao.nn.quantized.modules.conv.Conv1d)
Quantized module: resblocks.7.convs1.1 (torch.ao.nn.quantized.modules.conv.Conv1d)
Quantized module: resblocks.7.convs1.2 (torch.ao.nn.quantized.modules.conv.Conv1d)
Quantized module: resblocks.7.convs2.0 (torch.ao.nn.quantized.modules.conv.Conv1d)
Quantized module: resblocks.7.convs2.1 (torch.ao.nn.quantized.modules.conv.Conv1d)
Quantized module: resblocks.7.convs2.2 (torch.ao.nn.quantized.modules.conv.Conv1d)
Quantized module: resblocks.8.convs1.0 (torch.ao.nn.quantized.modules.conv.Conv1d)
Quantized module: resblocks.8.convs1.1 (torch.ao.nn.quantized.modules.conv.Conv1d)
Quantized module: resblocks.8.convs1.2 (torch.ao.nn.quantized.modules.conv.Conv1d)
Quantized module: resblocks.8.convs2.0 (torch.ao.nn.quantized.modules.conv.Conv1d)
Quantized module: resblocks.8.convs2.1 (torch.ao.nn.quantized.modules.conv.Conv1d)
Quantized module: resblocks.8.convs2.2 (torch.ao.nn.quantized.modules.conv.Conv1d)
Quantized module: resblocks.9.convs1.0 (torch.ao.nn.quantized.modules.conv.Conv1d)
Quantized module: resblocks.9.convs1.1 (torch.ao.nn.quantized.modules.conv.Conv1d)
Quantized module: resblocks.9.convs1.2 (torch.ao.nn.quantized.modules.conv.Conv1d)
Quantized module: resblocks.9.convs2.0 (torch.ao.nn.quantized.modules.conv.Conv1d)
Quantized module: resblocks.9.convs2.1 (torch.ao.nn.quantized.modules.conv.Conv1d)
Quantized module: resblocks.9.convs2.2 (torch.ao.nn.quantized.modules.conv.Conv1d)
Quantized module: resblocks.10.convs1.0 (torch.ao.nn.quantized.modules.conv.Conv1d)
Quantized module: resblocks.10.convs1.1 (torch.ao.nn.quantized.modules.conv.Conv1d)
Quantized module: resblocks.10.convs1.2 (torch.ao.nn.quantized.modules.conv.Conv1d)
Quantized module: resblocks.10.convs2.0 (torch.ao.nn.quantized.modules.conv.Conv1d)
Quantized module: resblocks.10.convs2.1 (torch.ao.nn.quantized.modules.conv.Conv1d)
Quantized module: resblocks.10.convs2.2 (torch.ao.nn.quantized.modules.conv.Conv1d)
Quantized module: resblocks.11.convs1.0 (torch.ao.nn.quantized.modules.conv.Conv1d)
Quantized module: resblocks.11.convs1.1 (torch.ao.nn.quantized.modules.conv.Conv1d)
Quantized module: resblocks.11.convs1.2 (torch.ao.nn.quantized.modules.conv.Conv1d)
Quantized module: resblocks.11.convs2.0 (torch.ao.nn.quantized.modules.conv.Conv1d)
Quantized module: resblocks.11.convs2.1 (torch.ao.nn.quantized.modules.conv.Conv1d)
Quantized module: resblocks.11.convs2.2 (torch.ao.nn.quantized.modules.conv.Conv1d)
Quantized module: conv_post (torch.ao.nn.quantized.modules.conv.Conv1d)
Saving checkpoint to /home/hpc/vlbi/vlbi107v/hifi-gan/cp_hifigan/v1_c256/compressed_checkpoint_int8
Complete.
Saved compressed checkpoint: /home/hpc/vlbi/vlbi107v/hifi-gan/cp_hifigan/v1_c256/compressed_checkpoint_int8 (3.688 MB)
Compressed checkpoint parameters: 3,556,057
Loaded checkpoint: /home/hpc/vlbi/vlbi107v/hifi-gan/cp_hifigan/v1_c256/g_07960000 (13.660 MB)
Generator parameters: 3,556,057
generated_audios/generated_H2_256C_int8/1089-134686-0000_generated.wav | RTF: 0.0561(0.586s / 10.435s) | Generator RTF: 0.0557(0.582s / 10.435s)
generated_audios/generated_H2_256C_int8/1089-134686-0001_generated.wav | RTF: 0.0583(0.191s / 3.275s) | Generator RTF: 0.0572(0.187s / 3.275s)
generated_audios/generated_H2_256C_int8/1089-134686-0002_generated.wav | RTF: 0.0570(0.378s / 6.625s) | Generator RTF: 0.0565(0.374s / 6.625s)
generated_audios/generated_H2_256C_int8/1089-134686-0003_generated.wav | RTF: 0.0603(0.162s / 2.680s) | Generator RTF: 0.0590(0.158s / 2.680s)
generated_audios/generated_H2_256C_int8/1089-134686-0004_generated.wav | RTF: 0.0579(0.302s / 5.215s) | Generator RTF: 0.0571(0.298s / 5.215s)
generated_audios/generated_H2_256C_int8/1089-134686-0005_generated.wav | RTF: 0.0548(0.528s / 9.635s) | Generator RTF: 0.0544(0.524s / 9.635s)
generated_audios/generated_H2_256C_int8/1089-134686-0006_generated.wav | RTF: 0.0556(0.586s / 10.555s) | Generator RTF: 0.0552(0.582s / 10.555s)
generated_audios/generated_H2_256C_int8/1089-134686-0007_generated.wav | RTF: 0.0600(0.257s / 4.275s) | Generator RTF: 0.0592(0.253s / 4.275s)
generated_audios/generated_H2_256C_int8/1089-134686-0008_generated.wav | RTF: 0.0572(0.385s / 6.730s) | Generator RTF: 0.0567(0.381s / 6.730s)
generated_audios/generated_H2_256C_int8/1089-134686-0009_generated.wav | RTF: 0.0566(0.599s / 10.575s) | Generator RTF: 0.0562(0.594s / 10.575s)
generated_audios/generated_H2_256C_int8/1089-134686-0010_generated.wav | RTF: 0.0576(0.254s / 4.405s) | Generator RTF: 0.0567(0.250s / 4.405s)
generated_audios/generated_H2_256C_int8/1089-134686-0011_generated.wav | RTF: 0.0550(0.684s / 12.445s) | Generator RTF: 0.0547(0.680s / 12.445s)
generated_audios/generated_H2_256C_int8/1089-134686-0012_generated.wav | RTF: 0.0557(0.648s / 11.640s) | Generator RTF: 0.0553(0.644s / 11.640s)
generated_audios/generated_H2_256C_int8/1089-134686-0013_generated.wav | RTF: 0.0555(0.439s / 7.915s) | Generator RTF: 0.0549(0.435s / 7.915s)
generated_audios/generated_H2_256C_int8/1089-134686-0014_generated.wav | RTF: 0.0584(0.130s / 2.225s) | Generator RTF: 0.0568(0.126s / 2.225s)
generated_audios/generated_H2_256C_int8/1089-134686-0015_generated.wav | RTF: 0.0560(0.325s / 5.815s) | Generator RTF: 0.0553(0.322s / 5.815s)
generated_audios/generated_H2_256C_int8/1089-134686-0016_generated.wav | RTF: 0.0612(0.217s / 3.540s) | Generator RTF: 0.0602(0.213s / 3.540s)
generated_audios/generated_H2_256C_int8/1089-134686-0017_generated.wav | RTF: 0.0559(0.496s / 8.870s) | Generator RTF: 0.0554(0.492s / 8.870s)
generated_audios/generated_H2_256C_int8/1089-134686-0018_generated.wav | RTF: 0.0553(0.869s / 15.720s) | Generator RTF: 0.0549(0.864s / 15.720s)
generated_audios/generated_H2_256C_int8/1089-134686-0019_generated.wav | RTF: 0.0550(0.765s / 13.895s) | Generator RTF: 0.0547(0.760s / 13.895s)
generated_audios/generated_H2_256C_int8/1089-134686-0020_generated.wav | RTF: 0.0552(0.926s / 16.790s) | Generator RTF: 0.0549(0.921s / 16.790s)
generated_audios/generated_H2_256C_int8/1089-134686-0021_generated.wav | RTF: 0.0572(0.375s / 6.550s) | Generator RTF: 0.0567(0.371s / 6.550s)
generated_audios/generated_H2_256C_int8/1089-134686-0022_generated.wav | RTF: 0.0561(0.627s / 11.175s) | Generator RTF: 0.0557(0.622s / 11.175s)
generated_audios/generated_H2_256C_int8/1089-134686-0023_generated.wav | RTF: 0.0552(0.733s / 13.275s) | Generator RTF: 0.0549(0.729s / 13.275s)
generated_audios/generated_H2_256C_int8/1089-134686-0024_generated.wav | RTF: 0.0552(0.643s / 11.655s) | Generator RTF: 0.0548(0.639s / 11.655s)
generated_audios/generated_H2_256C_int8/1089-134686-0025_generated.wav | RTF: 0.0567(0.375s / 6.610s) | Generator RTF: 0.0561(0.371s / 6.610s)
generated_audios/generated_H2_256C_int8/1089-134686-0026_generated.wav | RTF: 0.0572(0.229s / 4.010s) | Generator RTF: 0.0563(0.226s / 4.010s)
generated_audios/generated_H2_256C_int8/1089-134686-0027_generated.wav | RTF: 0.0582(0.158s / 2.710s) | Generator RTF: 0.0569(0.154s / 2.710s)
generated_audios/generated_H2_256C_int8/1089-134686-0028_generated.wav | RTF: 0.0558(0.437s / 7.830s) | Generator RTF: 0.0553(0.433s / 7.830s)
generated_audios/generated_H2_256C_int8/1089-134686-0029_generated.wav | RTF: 0.0561(0.262s / 4.670s) | Generator RTF: 0.0553(0.258s / 4.670s)
generated_audios/generated_H2_256C_int8/1089-134686-0030_generated.wav | RTF: 0.0591(0.161s / 2.715s) | Generator RTF: 0.0579(0.157s / 2.715s)
generated_audios/generated_H2_256C_int8/1089-134686-0031_generated.wav | RTF: 0.0571(0.378s / 6.615s) | Generator RTF: 0.0565(0.374s / 6.615s)
generated_audios/generated_H2_256C_int8/121-121726-0000_generated.wav | RTF: 0.0556(0.470s / 8.460s) | Generator RTF: 0.0552(0.467s / 8.460s)
generated_audios/generated_H2_256C_int8/121-121726-0001_generated.wav | RTF: 0.0560(0.332s / 5.925s) | Generator RTF: 0.0554(0.328s / 5.925s)
generated_audios/generated_H2_256C_int8/121-121726-0002_generated.wav | RTF: 0.0571(0.252s / 4.410s) | Generator RTF: 0.0563(0.248s / 4.410s)
generated_audios/generated_H2_256C_int8/121-121726-0003_generated.wav | RTF: 0.0581(0.392s / 6.755s) | Generator RTF: 0.0575(0.389s / 6.755s)
generated_audios/generated_H2_256C_int8/121-121726-0004_generated.wav | RTF: 0.0590(0.237s / 4.020s) | Generator RTF: 0.0581(0.234s / 4.020s)
generated_audios/generated_H2_256C_int8/121-121726-0005_generated.wav | RTF: 0.0570(0.177s / 3.100s) | Generator RTF: 0.0559(0.173s / 3.100s)
generated_audios/generated_H2_256C_int8/121-121726-0006_generated.wav | RTF: 0.0551(0.215s / 3.895s) | Generator RTF: 0.0542(0.211s / 3.895s)
generated_audios/generated_H2_256C_int8/121-121726-0007_generated.wav | RTF: 0.0546(0.368s / 6.730s) | Generator RTF: 0.0541(0.364s / 6.730s)
generated_audios/generated_H2_256C_int8/121-121726-0008_generated.wav | RTF: 0.0544(0.271s / 4.990s) | Generator RTF: 0.0537(0.268s / 4.990s)
generated_audios/generated_H2_256C_int8/121-121726-0009_generated.wav | RTF: 0.0545(0.395s / 7.260s) | Generator RTF: 0.0539(0.392s / 7.260s)
generated_audios/generated_H2_256C_int8/121-121726-0010_generated.wav | RTF: 0.0560(0.549s / 9.810s) | Generator RTF: 0.0555(0.545s / 9.810s)
generated_audios/generated_H2_256C_int8/121-121726-0011_generated.wav | RTF: 0.0571(0.230s / 4.035s) | Generator RTF: 0.0562(0.227s / 4.035s)
generated_audios/generated_H2_256C_int8/121-121726-0012_generated.wav | RTF: 0.0566(0.229s / 4.045s) | Generator RTF: 0.0558(0.226s / 4.045s)
generated_audios/generated_H2_256C_int8/121-121726-0013_generated.wav | RTF: 0.0602(0.150s / 2.490s) | Generator RTF: 0.0588(0.146s / 2.490s)
generated_audios/generated_H2_256C_int8/121-121726-0014_generated.wav | RTF: 0.0629(0.199s / 3.165s) | Generator RTF: 0.0619(0.196s / 3.165s)
generated_audios/generated_H2_256C_int8/121-123852-0000_generated.wav | RTF: 0.0564(0.999s / 17.695s) | Generator RTF: 0.0562(0.994s / 17.695s)
generated_audios/generated_H2_256C_int8/121-123852-0001_generated.wav | RTF: 0.0620(0.116s / 1.870s) | Generator RTF: 0.0603(0.113s / 1.870s)
generated_audios/generated_H2_256C_int8/121-123852-0002_generated.wav | RTF: 0.0572(0.989s / 17.285s) | Generator RTF: 0.0570(0.984s / 17.285s)
generated_audios/generated_H2_256C_int8/121-123852-0003_generated.wav | RTF: 0.0557(1.310s / 23.505s) | Generator RTF: 0.0555(1.304s / 23.505s)
generated_audios/generated_H2_256C_int8/121-123852-0004_generated.wav | RTF: 0.0552(0.899s / 16.290s) | Generator RTF: 0.0548(0.893s / 16.290s)
generated_audios/generated_H2_256C_int8/121-123859-0000_generated.wav | RTF: 0.0544(0.946s / 17.390s) | Generator RTF: 0.0541(0.941s / 17.390s)
generated_audios/generated_H2_256C_int8/121-123859-0001_generated.wav | RTF: 0.0553(1.405s / 25.395s) | Generator RTF: 0.0551(1.400s / 25.395s)
generated_audios/generated_H2_256C_int8/121-123859-0002_generated.wav | RTF: 0.0556(1.671s / 30.040s) | Generator RTF: 0.0554(1.664s / 30.040s)
generated_audios/generated_H2_256C_int8/121-123859-0003_generated.wav | RTF: 0.0555(0.601s / 10.825s) | Generator RTF: 0.0551(0.597s / 10.825s)
generated_audios/generated_H2_256C_int8/121-123859-0004_generated.wav | RTF: 0.0560(0.532s / 9.505s) | Generator RTF: 0.0555(0.528s / 9.505s)
generated_audios/generated_H2_256C_int8/121-127105-0000_generated.wav | RTF: 0.0570(0.562s / 9.875s) | Generator RTF: 0.0565(0.558s / 9.875s)
generated_audios/generated_H2_256C_int8/121-127105-0001_generated.wav | RTF: 0.0571(0.287s / 5.025s) | Generator RTF: 0.0563(0.283s / 5.025s)
generated_audios/generated_H2_256C_int8/121-127105-0002_generated.wav | RTF: 0.0539(0.404s / 7.495s) | Generator RTF: 0.0536(0.401s / 7.495s)
generated_audios/generated_H2_256C_int8/121-127105-0003_generated.wav | RTF: 0.0542(0.419s / 7.725s) | Generator RTF: 0.0537(0.415s / 7.725s)
generated_audios/generated_H2_256C_int8/121-127105-0004_generated.wav | RTF: 0.0585(0.123s / 2.110s) | Generator RTF: 0.0569(0.120s / 2.110s)
generated_audios/generated_H2_256C_int8/121-127105-0005_generated.wav | RTF: 0.0550(0.320s / 5.820s) | Generator RTF: 0.0545(0.317s / 5.820s)
generated_audios/generated_H2_256C_int8/121-127105-0006_generated.wav | RTF: 0.0560(0.265s / 4.725s) | Generator RTF: 0.0552(0.261s / 4.725s)
generated_audios/generated_H2_256C_int8/121-127105-0007_generated.wav | RTF: 0.0565(0.327s / 5.790s) | Generator RTF: 0.0559(0.324s / 5.790s)
generated_audios/generated_H2_256C_int8/121-127105-0008_generated.wav | RTF: 0.0586(0.162s / 2.760s) | Generator RTF: 0.0574(0.159s / 2.760s)
generated_audios/generated_H2_256C_int8/121-127105-0009_generated.wav | RTF: 0.0604(0.138s / 2.290s) | Generator RTF: 0.0594(0.136s / 2.290s)
generated_audios/generated_H2_256C_int8/121-127105-0010_generated.wav | RTF: 0.0590(0.168s / 2.850s) | Generator RTF: 0.0578(0.165s / 2.850s)
generated_audios/generated_H2_256C_int8/121-127105-0011_generated.wav | RTF: 0.0569(0.329s / 5.780s) | Generator RTF: 0.0562(0.325s / 5.780s)
generated_audios/generated_H2_256C_int8/121-127105-0012_generated.wav | RTF: 0.0613(0.296s / 4.830s) | Generator RTF: 0.0606(0.293s / 4.830s)
generated_audios/generated_H2_256C_int8/121-127105-0013_generated.wav | RTF: 0.0575(0.339s / 5.895s) | Generator RTF: 0.0569(0.335s / 5.895s)
generated_audios/generated_H2_256C_int8/121-127105-0014_generated.wav | RTF: 0.0621(0.140s / 2.255s) | Generator RTF: 0.0605(0.136s / 2.255s)
generated_audios/generated_H2_256C_int8/121-127105-0015_generated.wav | RTF: 0.0596(0.176s / 2.960s) | Generator RTF: 0.0587(0.174s / 2.960s)
generated_audios/generated_H2_256C_int8/121-127105-0016_generated.wav | RTF: 0.0628(0.128s / 2.030s) | Generator RTF: 0.0612(0.124s / 2.030s)
generated_audios/generated_H2_256C_int8/121-127105-0017_generated.wav | RTF: 0.0595(0.160s / 2.695s) | Generator RTF: 0.0585(0.158s / 2.695s)
generated_audios/generated_H2_256C_int8/121-127105-0018_generated.wav | RTF: 0.0599(0.166s / 2.770s) | Generator RTF: 0.0587(0.163s / 2.770s)
generated_audios/generated_H2_256C_int8/121-127105-0019_generated.wav | RTF: 0.0565(0.199s / 3.525s) | Generator RTF: 0.0557(0.196s / 3.525s)
generated_audios/generated_H2_256C_int8/121-127105-0020_generated.wav | RTF: 0.0542(0.777s / 14.355s) | Generator RTF: 0.0538(0.773s / 14.355s)
generated_audios/generated_H2_256C_int8/121-127105-0021_generated.wav | RTF: 0.0605(0.121s / 2.000s) | Generator RTF: 0.0590(0.118s / 2.000s)
generated_audios/generated_H2_256C_int8/121-127105-0022_generated.wav | RTF: 0.0561(0.285s / 5.075s) | Generator RTF: 0.0555(0.282s / 5.075s)
generated_audios/generated_H2_256C_int8/121-127105-0023_generated.wav | RTF: 0.0549(0.599s / 10.910s) | Generator RTF: 0.0545(0.595s / 10.910s)
generated_audios/generated_H2_256C_int8/121-127105-0024_generated.wav | RTF: 0.0548(0.792s / 14.450s) | Generator RTF: 0.0545(0.788s / 14.450s)
generated_audios/generated_H2_256C_int8/121-127105-0025_generated.wav | RTF: 0.0546(0.877s / 16.065s) | Generator RTF: 0.0543(0.872s / 16.065s)
generated_audios/generated_H2_256C_int8/121-127105-0026_generated.wav | RTF: 0.0556(0.419s / 7.530s) | Generator RTF: 0.0551(0.415s / 7.530s)
generated_audios/generated_H2_256C_int8/121-127105-0027_generated.wav | RTF: 0.0547(0.759s / 13.870s) | Generator RTF: 0.0544(0.754s / 13.870s)
generated_audios/generated_H2_256C_int8/121-127105-0028_generated.wav | RTF: 0.0556(0.376s / 6.750s) | Generator RTF: 0.0551(0.372s / 6.750s)
generated_audios/generated_H2_256C_int8/121-127105-0029_generated.wav | RTF: 0.0554(0.405s / 7.310s) | Generator RTF: 0.0549(0.401s / 7.310s)
generated_audios/generated_H2_256C_int8/121-127105-0030_generated.wav | RTF: 0.0596(0.130s / 2.175s) | Generator RTF: 0.0583(0.127s / 2.175s)
generated_audios/generated_H2_256C_int8/121-127105-0031_generated.wav | RTF: 0.0562(0.605s / 10.765s) | Generator RTF: 0.0559(0.601s / 10.765s)
generated_audios/generated_H2_256C_int8/121-127105-0032_generated.wav | RTF: 0.0580(0.184s / 3.170s) | Generator RTF: 0.0569(0.180s / 3.170s)
generated_audios/generated_H2_256C_int8/121-127105-0033_generated.wav | RTF: 0.0583(0.137s / 2.355s) | Generator RTF: 0.0572(0.135s / 2.355s)
generated_audios/generated_H2_256C_int8/121-127105-0034_generated.wav | RTF: 0.0550(0.408s / 7.410s) | Generator RTF: 0.0546(0.404s / 7.410s)
generated_audios/generated_H2_256C_int8/121-127105-0035_generated.wav | RTF: 0.0539(0.763s / 14.150s) | Generator RTF: 0.0536(0.758s / 14.150s)
generated_audios/generated_H2_256C_int8/121-127105-0036_generated.wav | RTF: 0.0553(0.230s / 4.150s) | Generator RTF: 0.0545(0.226s / 4.150s)
generated_audios/generated_H2_256C_int8/237-126133-0000_generated.wav | RTF: 0.0537(0.714s / 13.290s) | Generator RTF: 0.0533(0.709s / 13.290s)
generated_audios/generated_H2_256C_int8/237-126133-0001_generated.wav | RTF: 0.0540(0.646s / 11.965s) | Generator RTF: 0.0536(0.641s / 11.965s)
generated_audios/generated_H2_256C_int8/237-126133-0002_generated.wav | RTF: 0.0666(0.594s / 8.920s) | Generator RTF: 0.0662(0.590s / 8.920s)
generated_audios/generated_H2_256C_int8/237-126133-0003_generated.wav | RTF: 0.0573(0.376s / 6.560s) | Generator RTF: 0.0567(0.372s / 6.560s)
generated_audios/generated_H2_256C_int8/237-126133-0004_generated.wav | RTF: 0.0586(0.193s / 3.295s) | Generator RTF: 0.0575(0.189s / 3.295s)
generated_audios/generated_H2_256C_int8/237-126133-0005_generated.wav | RTF: 0.0580(0.378s / 6.510s) | Generator RTF: 0.0574(0.374s / 6.510s)
generated_audios/generated_H2_256C_int8/237-126133-0006_generated.wav | RTF: 0.0573(0.352s / 6.150s) | Generator RTF: 0.0566(0.348s / 6.150s)
generated_audios/generated_H2_256C_int8/237-126133-0007_generated.wav | RTF: 0.0565(0.490s / 8.680s) | Generator RTF: 0.0560(0.486s / 8.680s)
generated_audios/generated_H2_256C_int8/237-126133-0008_generated.wav | RTF: 0.0583(0.225s / 3.865s) | Generator RTF: 0.0573(0.222s / 3.865s)
generated_audios/generated_H2_256C_int8/237-126133-0009_generated.wav | RTF: 0.0578(0.230s / 3.970s) | Generator RTF: 0.0570(0.226s / 3.970s)
generated_audios/generated_H2_256C_int8/237-126133-0010_generated.wav | RTF: 0.0575(0.359s / 6.240s) | Generator RTF: 0.0569(0.355s / 6.240s)
generated_audios/generated_H2_256C_int8/237-126133-0011_generated.wav | RTF: 0.0571(0.383s / 6.710s) | Generator RTF: 0.0565(0.379s / 6.710s)
generated_audios/generated_H2_256C_int8/237-126133-0012_generated.wav | RTF: 0.0574(0.255s / 4.450s) | Generator RTF: 0.0566(0.252s / 4.450s)
generated_audios/generated_H2_256C_int8/237-126133-0013_generated.wav | RTF: 0.0573(0.391s / 6.815s) | Generator RTF: 0.0568(0.387s / 6.815s)
generated_audios/generated_H2_256C_int8/237-126133-0014_generated.wav | RTF: 0.0572(0.389s / 6.790s) | Generator RTF: 0.0567(0.385s / 6.790s)
generated_audios/generated_H2_256C_int8/237-126133-0015_generated.wav | RTF: 0.0567(0.530s / 9.340s) | Generator RTF: 0.0562(0.525s / 9.340s)
generated_audios/generated_H2_256C_int8/237-126133-0016_generated.wav | RTF: 0.0590(0.251s / 4.250s) | Generator RTF: 0.0582(0.247s / 4.250s)
generated_audios/generated_H2_256C_int8/237-126133-0017_generated.wav | RTF: 0.0572(0.355s / 6.210s) | Generator RTF: 0.0566(0.352s / 6.210s)
generated_audios/generated_H2_256C_int8/237-126133-0018_generated.wav | RTF: 0.0619(0.254s / 4.095s) | Generator RTF: 0.0612(0.251s / 4.095s)
generated_audios/generated_H2_256C_int8/237-126133-0019_generated.wav | RTF: 0.0571(0.406s / 7.120s) | Generator RTF: 0.0566(0.403s / 7.120s)
generated_audios/generated_H2_256C_int8/237-126133-0020_generated.wav | RTF: 0.0716(0.160s / 2.240s) | Generator RTF: 0.0701(0.157s / 2.240s)
generated_audios/generated_H2_256C_int8/237-126133-0021_generated.wav | RTF: 0.0585(0.255s / 4.365s) | Generator RTF: 0.0577(0.252s / 4.365s)
generated_audios/generated_H2_256C_int8/237-126133-0022_generated.wav | RTF: 0.0577(0.291s / 5.040s) | Generator RTF: 0.0570(0.287s / 5.040s)
generated_audios/generated_H2_256C_int8/237-126133-0023_generated.wav | RTF: 0.0578(0.386s / 6.675s) | Generator RTF: 0.0572(0.382s / 6.675s)
generated_audios/generated_H2_256C_int8/237-126133-0024_generated.wav | RTF: 0.0629(0.608s / 9.665s) | Generator RTF: 0.0625(0.604s / 9.665s)
generated_audios/generated_H2_256C_int8/237-126133-0025_generated.wav | RTF: 0.0580(0.218s / 3.755s) | Generator RTF: 0.0570(0.214s / 3.755s)
generated_audios/generated_H2_256C_int8/237-134493-0000_generated.wav | RTF: 0.0588(0.241s / 4.105s) | Generator RTF: 0.0579(0.238s / 4.105s)
generated_audios/generated_H2_256C_int8/237-134493-0001_generated.wav | RTF: 0.0568(0.419s / 7.380s) | Generator RTF: 0.0563(0.416s / 7.380s)
generated_audios/generated_H2_256C_int8/237-134493-0002_generated.wav | RTF: 0.0566(0.645s / 11.395s) | Generator RTF: 0.0562(0.640s / 11.395s)
generated_audios/generated_H2_256C_int8/237-134493-0003_generated.wav | RTF: 0.0563(0.719s / 12.765s) | Generator RTF: 0.0560(0.715s / 12.765s)
generated_audios/generated_H2_256C_int8/237-134493-0004_generated.wav | RTF: 0.0571(0.390s / 6.825s) | Generator RTF: 0.0566(0.386s / 6.825s)
generated_audios/generated_H2_256C_int8/237-134493-0005_generated.wav | RTF: 0.0567(0.620s / 10.945s) | Generator RTF: 0.0563(0.616s / 10.945s)
generated_audios/generated_H2_256C_int8/237-134493-0006_generated.wav | RTF: 0.0586(0.258s / 4.395s) | Generator RTF: 0.0580(0.255s / 4.395s)
generated_audios/generated_H2_256C_int8/237-134493-0007_generated.wav | RTF: 0.0625(0.127s / 2.035s) | Generator RTF: 0.0609(0.124s / 2.035s)
generated_audios/generated_H2_256C_int8/237-134493-0008_generated.wav | RTF: 0.0611(0.141s / 2.305s) | Generator RTF: 0.0596(0.137s / 2.305s)
generated_audios/generated_H2_256C_int8/237-134493-0009_generated.wav | RTF: 0.0983(0.292s / 2.975s) | Generator RTF: 0.0971(0.289s / 2.975s)
generated_audios/generated_H2_256C_int8/237-134493-0010_generated.wav | RTF: 0.0602(0.173s / 2.875s) | Generator RTF: 0.0592(0.170s / 2.875s)
generated_audios/generated_H2_256C_int8/237-134493-0011_generated.wav | RTF: 0.0579(0.292s / 5.035s) | Generator RTF: 0.0572(0.288s / 5.035s)
generated_audios/generated_H2_256C_int8/237-134493-0012_generated.wav | RTF: 0.0589(0.215s / 3.660s) | Generator RTF: 0.0578(0.212s / 3.660s)
generated_audios/generated_H2_256C_int8/237-134493-0013_generated.wav | RTF: 0.0620(0.254s / 4.090s) | Generator RTF: 0.0612(0.250s / 4.090s)
generated_audios/generated_H2_256C_int8/237-134493-0014_generated.wav | RTF: 0.0586(0.217s / 3.700s) | Generator RTF: 0.0577(0.214s / 3.700s)
generated_audios/generated_H2_256C_int8/237-134493-0015_generated.wav | RTF: 0.0573(0.375s / 6.550s) | Generator RTF: 0.0568(0.372s / 6.550s)
generated_audios/generated_H2_256C_int8/237-134493-0016_generated.wav | RTF: 0.0570(0.575s / 10.085s) | Generator RTF: 0.0566(0.571s / 10.085s)
generated_audios/generated_H2_256C_int8/237-134493-0017_generated.wav | RTF: 0.0590(0.538s / 9.105s) | Generator RTF: 0.0586(0.534s / 9.105s)
generated_audios/generated_H2_256C_int8/237-134493-0018_generated.wav | RTF: 0.0585(0.280s / 4.790s) | Generator RTF: 0.0578(0.277s / 4.790s)
generated_audios/generated_H2_256C_int8/237-134500-0000_generated.wav | RTF: 0.0581(0.356s / 6.130s) | Generator RTF: 0.0575(0.353s / 6.130s)
generated_audios/generated_H2_256C_int8/237-134500-0001_generated.wav | RTF: 0.0644(0.117s / 1.810s) | Generator RTF: 0.0627(0.113s / 1.810s)
generated_audios/generated_H2_256C_int8/237-134500-0002_generated.wav | RTF: 0.0581(0.295s / 5.070s) | Generator RTF: 0.0576(0.292s / 5.070s)
generated_audios/generated_H2_256C_int8/237-134500-0003_generated.wav | RTF: 0.0593(0.188s / 3.170s) | Generator RTF: 0.0583(0.185s / 3.170s)
generated_audios/generated_H2_256C_int8/237-134500-0004_generated.wav | RTF: 0.0607(0.135s / 2.225s) | Generator RTF: 0.0591(0.132s / 2.225s)
generated_audios/generated_H2_256C_int8/237-134500-0005_generated.wav | RTF: 0.0601(0.144s / 2.390s) | Generator RTF: 0.0587(0.140s / 2.390s)
generated_audios/generated_H2_256C_int8/237-134500-0006_generated.wav | RTF: 0.0579(0.245s / 4.225s) | Generator RTF: 0.0573(0.242s / 4.225s)
generated_audios/generated_H2_256C_int8/237-134500-0007_generated.wav | RTF: 0.0606(0.145s / 2.390s) | Generator RTF: 0.0593(0.142s / 2.390s)
generated_audios/generated_H2_256C_int8/237-134500-0008_generated.wav | RTF: 0.0585(0.220s / 3.760s) | Generator RTF: 0.0575(0.216s / 3.760s)
generated_audios/generated_H2_256C_int8/237-134500-0009_generated.wav | RTF: 0.0615(0.136s / 2.220s) | Generator RTF: 0.0601(0.133s / 2.220s)
generated_audios/generated_H2_256C_int8/237-134500-0010_generated.wav | RTF: 0.0581(0.232s / 3.995s) | Generator RTF: 0.0571(0.228s / 3.995s)
generated_audios/generated_H2_256C_int8/237-134500-0011_generated.wav | RTF: 0.0626(0.210s / 3.350s) | Generator RTF: 0.0616(0.206s / 3.350s)
generated_audios/generated_H2_256C_int8/237-134500-0012_generated.wav | RTF: 0.0565(0.618s / 10.935s) | Generator RTF: 0.0561(0.613s / 10.935s)
generated_audios/generated_H2_256C_int8/237-134500-0013_generated.wav | RTF: 0.0567(0.599s / 10.560s) | Generator RTF: 0.0564(0.595s / 10.560s)
generated_audios/generated_H2_256C_int8/237-134500-0014_generated.wav | RTF: 0.0596(0.253s / 4.250s) | Generator RTF: 0.0589(0.250s / 4.250s)
generated_audios/generated_H2_256C_int8/237-134500-0015_generated.wav | RTF: 0.0563(0.609s / 10.815s) | Generator RTF: 0.0560(0.605s / 10.815s)
generated_audios/generated_H2_256C_int8/237-134500-0016_generated.wav | RTF: 0.0601(0.190s / 3.160s) | Generator RTF: 0.0590(0.187s / 3.160s)
generated_audios/generated_H2_256C_int8/237-134500-0017_generated.wav | RTF: 0.0620(0.135s / 2.180s) | Generator RTF: 0.0606(0.132s / 2.180s)
generated_audios/generated_H2_256C_int8/237-134500-0018_generated.wav | RTF: 0.0566(0.727s / 12.845s) | Generator RTF: 0.0562(0.722s / 12.845s)
generated_audios/generated_H2_256C_int8/237-134500-0019_generated.wav | RTF: 0.0596(0.170s / 2.860s) | Generator RTF: 0.0584(0.167s / 2.860s)
generated_audios/generated_H2_256C_int8/237-134500-0020_generated.wav | RTF: 0.0616(0.134s / 2.180s) | Generator RTF: 0.0600(0.131s / 2.180s)
generated_audios/generated_H2_256C_int8/237-134500-0021_generated.wav | RTF: 0.0580(0.297s / 5.120s) | Generator RTF: 0.0574(0.294s / 5.120s)
generated_audios/generated_H2_256C_int8/237-134500-0022_generated.wav | RTF: 0.0571(0.295s / 5.165s) | Generator RTF: 0.0564(0.291s / 5.165s)
generated_audios/generated_H2_256C_int8/237-134500-0023_generated.wav | RTF: 0.0596(0.182s / 3.060s) | Generator RTF: 0.0585(0.179s / 3.060s)
generated_audios/generated_H2_256C_int8/237-134500-0024_generated.wav | RTF: 0.0578(0.255s / 4.410s) | Generator RTF: 0.0570(0.251s / 4.410s)
generated_audios/generated_H2_256C_int8/237-134500-0025_generated.wav | RTF: 0.0634(0.103s / 1.630s) | Generator RTF: 0.0619(0.101s / 1.630s)
generated_audios/generated_H2_256C_int8/237-134500-0026_generated.wav | RTF: 0.0590(0.180s / 3.050s) | Generator RTF: 0.0579(0.177s / 3.050s)
generated_audios/generated_H2_256C_int8/237-134500-0027_generated.wav | RTF: 0.0595(0.194s / 3.270s) | Generator RTF: 0.0584(0.191s / 3.270s)
generated_audios/generated_H2_256C_int8/237-134500-0028_generated.wav | RTF: 0.0580(0.263s / 4.525s) | Generator RTF: 0.0574(0.260s / 4.525s)
generated_audios/generated_H2_256C_int8/237-134500-0029_generated.wav | RTF: 0.0632(0.130s / 2.065s) | Generator RTF: 0.0616(0.127s / 2.065s)
generated_audios/generated_H2_256C_int8/237-134500-0030_generated.wav | RTF: 0.0605(0.168s / 2.780s) | Generator RTF: 0.0593(0.165s / 2.780s)
generated_audios/generated_H2_256C_int8/237-134500-0031_generated.wav | RTF: 0.0567(0.602s / 10.610s) | Generator RTF: 0.0563(0.597s / 10.610s)
generated_audios/generated_H2_256C_int8/237-134500-0032_generated.wav | RTF: 0.0597(0.300s / 5.025s) | Generator RTF: 0.0591(0.297s / 5.025s)
generated_audios/generated_H2_256C_int8/237-134500-0033_generated.wav | RTF: 0.0576(0.366s / 6.350s) | Generator RTF: 0.0570(0.362s / 6.350s)
generated_audios/generated_H2_256C_int8/237-134500-0034_generated.wav | RTF: 0.0605(0.186s / 3.075s) | Generator RTF: 0.0594(0.183s / 3.075s)
generated_audios/generated_H2_256C_int8/237-134500-0035_generated.wav | RTF: 0.0601(0.154s / 2.555s) | Generator RTF: 0.0589(0.150s / 2.555s)
generated_audios/generated_H2_256C_int8/237-134500-0036_generated.wav | RTF: 0.0581(0.384s / 6.600s) | Generator RTF: 0.0575(0.380s / 6.600s)
generated_audios/generated_H2_256C_int8/237-134500-0037_generated.wav | RTF: 0.0574(0.408s / 7.105s) | Generator RTF: 0.0568(0.404s / 7.105s)
generated_audios/generated_H2_256C_int8/237-134500-0038_generated.wav | RTF: 0.0600(0.146s / 2.435s) | Generator RTF: 0.0588(0.143s / 2.435s)
generated_audios/generated_H2_256C_int8/237-134500-0039_generated.wav | RTF: 0.0581(0.269s / 4.630s) | Generator RTF: 0.0575(0.266s / 4.630s)
generated_audios/generated_H2_256C_int8/237-134500-0040_generated.wav | RTF: 0.0581(0.234s / 4.030s) | Generator RTF: 0.0571(0.230s / 4.030s)
generated_audios/generated_H2_256C_int8/237-134500-0041_generated.wav | RTF: 0.0682(0.609s / 8.920s) | Generator RTF: 0.0678(0.604s / 8.920s)
generated_audios/generated_H2_256C_int8/237-134500-0042_generated.wav | RTF: 0.0614(0.158s / 2.575s) | Generator RTF: 0.0601(0.155s / 2.575s)
generated_audios/generated_H2_256C_int8/260-123286-0000_generated.wav | RTF: 0.0575(0.405s / 7.040s) | Generator RTF: 0.0570(0.401s / 7.040s)
generated_audios/generated_H2_256C_int8/260-123286-0001_generated.wav | RTF: 0.0588(0.181s / 3.070s) | Generator RTF: 0.0577(0.177s / 3.070s)
generated_audios/generated_H2_256C_int8/260-123286-0002_generated.wav | RTF: 0.0567(0.567s / 9.985s) | Generator RTF: 0.0563(0.562s / 9.985s)
generated_audios/generated_H2_256C_int8/260-123286-0003_generated.wav | RTF: 0.0570(0.420s / 7.370s) | Generator RTF: 0.0564(0.416s / 7.370s)
generated_audios/generated_H2_256C_int8/260-123286-0004_generated.wav | RTF: 0.0593(0.205s / 3.465s) | Generator RTF: 0.0583(0.202s / 3.465s)
generated_audios/generated_H2_256C_int8/260-123286-0005_generated.wav | RTF: 0.0586(0.282s / 4.810s) | Generator RTF: 0.0580(0.279s / 4.810s)
generated_audios/generated_H2_256C_int8/260-123286-0006_generated.wav | RTF: 0.0572(0.424s / 7.405s) | Generator RTF: 0.0568(0.421s / 7.405s)
generated_audios/generated_H2_256C_int8/260-123286-0007_generated.wav | RTF: 0.0585(0.266s / 4.550s) | Generator RTF: 0.0577(0.262s / 4.550s)
generated_audios/generated_H2_256C_int8/260-123286-0008_generated.wav | RTF: 0.0596(0.223s / 3.735s) | Generator RTF: 0.0586(0.219s / 3.735s)
generated_audios/generated_H2_256C_int8/260-123286-0009_generated.wav | RTF: 0.0579(0.336s / 5.795s) | Generator RTF: 0.0573(0.332s / 5.795s)
generated_audios/generated_H2_256C_int8/260-123286-0010_generated.wav | RTF: 0.0618(0.159s / 2.575s) | Generator RTF: 0.0604(0.155s / 2.575s)
generated_audios/generated_H2_256C_int8/260-123286-0011_generated.wav | RTF: 0.0592(0.252s / 4.255s) | Generator RTF: 0.0585(0.249s / 4.255s)
generated_audios/generated_H2_256C_int8/260-123286-0012_generated.wav | RTF: 0.0612(0.149s / 2.430s) | Generator RTF: 0.0598(0.145s / 2.430s)
generated_audios/generated_H2_256C_int8/260-123286-0013_generated.wav | RTF: 0.0580(0.274s / 4.730s) | Generator RTF: 0.0572(0.271s / 4.730s)
generated_audios/generated_H2_256C_int8/260-123286-0014_generated.wav | RTF: 0.0669(0.199s / 2.980s) | Generator RTF: 0.0661(0.197s / 2.980s)
generated_audios/generated_H2_256C_int8/260-123286-0015_generated.wav | RTF: 0.0642(0.335s / 5.210s) | Generator RTF: 0.0637(0.332s / 5.210s)
generated_audios/generated_H2_256C_int8/260-123286-0016_generated.wav | RTF: 0.0578(0.405s / 7.000s) | Generator RTF: 0.0573(0.401s / 7.000s)
generated_audios/generated_H2_256C_int8/260-123286-0017_generated.wav | RTF: 0.0584(0.232s / 3.975s) | Generator RTF: 0.0576(0.229s / 3.975s)
generated_audios/generated_H2_256C_int8/260-123286-0018_generated.wav | RTF: 0.0575(0.326s / 5.670s) | Generator RTF: 0.0569(0.322s / 5.670s)
generated_audios/generated_H2_256C_int8/260-123286-0019_generated.wav | RTF: 0.0569(0.677s / 11.905s) | Generator RTF: 0.0565(0.672s / 11.905s)
generated_audios/generated_H2_256C_int8/260-123286-0020_generated.wav | RTF: 0.0604(0.185s / 3.060s) | Generator RTF: 0.0592(0.181s / 3.060s)
generated_audios/generated_H2_256C_int8/260-123286-0021_generated.wav | RTF: 0.0609(0.155s / 2.550s) | Generator RTF: 0.0598(0.153s / 2.550s)
generated_audios/generated_H2_256C_int8/260-123286-0022_generated.wav | RTF: 0.0598(0.193s / 3.235s) | Generator RTF: 0.0587(0.190s / 3.235s)
generated_audios/generated_H2_256C_int8/260-123286-0023_generated.wav | RTF: 0.0590(0.347s / 5.875s) | Generator RTF: 0.0584(0.343s / 5.875s)
generated_audios/generated_H2_256C_int8/260-123286-0024_generated.wav | RTF: 0.0601(0.183s / 3.040s) | Generator RTF: 0.0588(0.179s / 3.040s)
generated_audios/generated_H2_256C_int8/260-123286-0025_generated.wav | RTF: 0.0570(0.525s / 9.205s) | Generator RTF: 0.0566(0.521s / 9.205s)
generated_audios/generated_H2_256C_int8/260-123286-0026_generated.wav | RTF: 0.0575(0.399s / 6.940s) | Generator RTF: 0.0569(0.395s / 6.940s)
generated_audios/generated_H2_256C_int8/260-123286-0027_generated.wav | RTF: 0.0572(0.410s / 7.170s) | Generator RTF: 0.0567(0.407s / 7.170s)
generated_audios/generated_H2_256C_int8/260-123286-0028_generated.wav | RTF: 0.0575(0.429s / 7.465s) | Generator RTF: 0.0571(0.426s / 7.465s)
generated_audios/generated_H2_256C_int8/260-123286-0029_generated.wav | RTF: 0.0581(0.264s / 4.545s) | Generator RTF: 0.0572(0.260s / 4.545s)
generated_audios/generated_H2_256C_int8/260-123286-0030_generated.wav | RTF: 0.0576(0.434s / 7.530s) | Generator RTF: 0.0571(0.430s / 7.530s)
generated_audios/generated_H2_256C_int8/260-123286-0031_generated.wav | RTF: 0.0576(0.292s / 5.060s) | Generator RTF: 0.0570(0.288s / 5.060s)
generated_audios/generated_H2_256C_int8/260-123288-0000_generated.wav | RTF: 0.0597(0.182s / 3.040s) | Generator RTF: 0.0587(0.178s / 3.040s)
generated_audios/generated_H2_256C_int8/260-123288-0001_generated.wav | RTF: 0.0580(0.294s / 5.080s) | Generator RTF: 0.0572(0.291s / 5.080s)
generated_audios/generated_H2_256C_int8/260-123288-0002_generated.wav | RTF: 0.0591(0.429s / 7.250s) | Generator RTF: 0.0585(0.424s / 7.250s)
generated_audios/generated_H2_256C_int8/260-123288-0003_generated.wav | RTF: 0.0585(0.521s / 8.905s) | Generator RTF: 0.0580(0.517s / 8.905s)
generated_audios/generated_H2_256C_int8/260-123288-0004_generated.wav | RTF: 0.0586(0.253s / 4.310s) | Generator RTF: 0.0578(0.249s / 4.310s)
generated_audios/generated_H2_256C_int8/260-123288-0005_generated.wav | RTF: 0.0575(0.722s / 12.550s) | Generator RTF: 0.0572(0.718s / 12.550s)
generated_audios/generated_H2_256C_int8/260-123288-0006_generated.wav | RTF: 0.0581(0.283s / 4.880s) | Generator RTF: 0.0574(0.280s / 4.880s)
generated_audios/generated_H2_256C_int8/260-123288-0007_generated.wav | RTF: 0.0556(0.623s / 11.200s) | Generator RTF: 0.0552(0.618s / 11.200s)
generated_audios/generated_H2_256C_int8/260-123288-0008_generated.wav | RTF: 0.0559(0.308s / 5.515s) | Generator RTF: 0.0552(0.305s / 5.515s)
generated_audios/generated_H2_256C_int8/260-123288-0009_generated.wav | RTF: 0.0571(0.196s / 3.435s) | Generator RTF: 0.0561(0.193s / 3.435s)
generated_audios/generated_H2_256C_int8/260-123288-0010_generated.wav | RTF: 0.0560(0.560s / 9.995s) | Generator RTF: 0.0556(0.555s / 9.995s)
generated_audios/generated_H2_256C_int8/260-123288-0011_generated.wav | RTF: 0.0548(0.493s / 8.980s) | Generator RTF: 0.0544(0.488s / 8.980s)
generated_audios/generated_H2_256C_int8/260-123288-0012_generated.wav | RTF: 0.0564(0.200s / 3.545s) | Generator RTF: 0.0555(0.197s / 3.545s)
generated_audios/generated_H2_256C_int8/260-123288-0013_generated.wav | RTF: 0.0549(0.625s / 11.385s) | Generator RTF: 0.0546(0.621s / 11.385s)
generated_audios/generated_H2_256C_int8/260-123288-0014_generated.wav | RTF: 0.0613(0.111s / 1.805s) | Generator RTF: 0.0595(0.107s / 1.805s)
generated_audios/generated_H2_256C_int8/260-123288-0015_generated.wav | RTF: 0.0586(1.242s / 21.185s) | Generator RTF: 0.0584(1.237s / 21.185s)
generated_audios/generated_H2_256C_int8/260-123288-0016_generated.wav | RTF: 0.0584(0.284s / 4.865s) | Generator RTF: 0.0577(0.281s / 4.865s)
generated_audios/generated_H2_256C_int8/260-123288-0017_generated.wav | RTF: 0.0564(0.295s / 5.225s) | Generator RTF: 0.0558(0.291s / 5.225s)
generated_audios/generated_H2_256C_int8/260-123288-0018_generated.wav | RTF: 0.0573(0.186s / 3.245s) | Generator RTF: 0.0562(0.182s / 3.245s)
generated_audios/generated_H2_256C_int8/260-123288-0019_generated.wav | RTF: 0.0577(0.170s / 2.955s) | Generator RTF: 0.0566(0.167s / 2.955s)
generated_audios/generated_H2_256C_int8/260-123288-0020_generated.wav | RTF: 0.0574(0.166s / 2.900s) | Generator RTF: 0.0562(0.163s / 2.900s)
generated_audios/generated_H2_256C_int8/260-123288-0021_generated.wav | RTF: 0.0584(0.158s / 2.710s) | Generator RTF: 0.0571(0.155s / 2.710s)
generated_audios/generated_H2_256C_int8/260-123288-0022_generated.wav | RTF: 0.0568(0.210s / 3.705s) | Generator RTF: 0.0559(0.207s / 3.705s)
generated_audios/generated_H2_256C_int8/260-123288-0023_generated.wav | RTF: 0.0579(0.138s / 2.385s) | Generator RTF: 0.0566(0.135s / 2.385s)
generated_audios/generated_H2_256C_int8/260-123288-0024_generated.wav | RTF: 0.0528(0.771s / 14.595s) | Generator RTF: 0.0525(0.766s / 14.595s)
generated_audios/generated_H2_256C_int8/260-123288-0025_generated.wav | RTF: 0.0529(0.712s / 13.445s) | Generator RTF: 0.0526(0.707s / 13.445s)
generated_audios/generated_H2_256C_int8/260-123288-0026_generated.wav | RTF: 0.0536(0.860s / 16.040s) | Generator RTF: 0.0533(0.855s / 16.040s)
generated_audios/generated_H2_256C_int8/260-123288-0027_generated.wav | RTF: 0.0544(0.343s / 6.305s) | Generator RTF: 0.0538(0.339s / 6.305s)
generated_audios/generated_H2_256C_int8/260-123288-0028_generated.wav | RTF: 0.0611(0.159s / 2.610s) | Generator RTF: 0.0597(0.156s / 2.610s)
generated_audios/generated_H2_256C_int8/260-123440-0000_generated.wav | RTF: 0.0578(0.125s / 2.165s) | Generator RTF: 0.0566(0.122s / 2.165s)
generated_audios/generated_H2_256C_int8/260-123440-0001_generated.wav | RTF: 0.0594(0.103s / 1.740s) | Generator RTF: 0.0576(0.100s / 1.740s)
generated_audios/generated_H2_256C_int8/260-123440-0002_generated.wav | RTF: 0.0529(0.779s / 14.715s) | Generator RTF: 0.0526(0.774s / 14.715s)
generated_audios/generated_H2_256C_int8/260-123440-0003_generated.wav | RTF: 0.0553(0.198s / 3.585s) | Generator RTF: 0.0544(0.195s / 3.585s)
generated_audios/generated_H2_256C_int8/260-123440-0004_generated.wav | RTF: 0.0527(0.634s / 12.020s) | Generator RTF: 0.0524(0.630s / 12.020s)
generated_audios/generated_H2_256C_int8/260-123440-0005_generated.wav | RTF: 0.0558(0.173s / 3.105s) | Generator RTF: 0.0549(0.170s / 3.105s)
generated_audios/generated_H2_256C_int8/260-123440-0006_generated.wav | RTF: 0.0556(0.151s / 2.715s) | Generator RTF: 0.0544(0.148s / 2.715s)
generated_audios/generated_H2_256C_int8/260-123440-0007_generated.wav | RTF: 0.0552(0.187s / 3.385s) | Generator RTF: 0.0542(0.183s / 3.385s)
generated_audios/generated_H2_256C_int8/260-123440-0008_generated.wav | RTF: 0.0547(0.205s / 3.745s) | Generator RTF: 0.0538(0.202s / 3.745s)
generated_audios/generated_H2_256C_int8/260-123440-0009_generated.wav | RTF: 0.0558(0.174s / 3.115s) | Generator RTF: 0.0548(0.171s / 3.115s)
generated_audios/generated_H2_256C_int8/260-123440-0010_generated.wav | RTF: 0.0535(0.445s / 8.315s) | Generator RTF: 0.0531(0.442s / 8.315s)
generated_audios/generated_H2_256C_int8/260-123440-0011_generated.wav | RTF: 0.0569(0.277s / 4.870s) | Generator RTF: 0.0562(0.274s / 4.870s)
generated_audios/generated_H2_256C_int8/260-123440-0012_generated.wav | RTF: 0.0546(0.286s / 5.245s) | Generator RTF: 0.0539(0.283s / 5.245s)
generated_audios/generated_H2_256C_int8/260-123440-0013_generated.wav | RTF: 0.0558(0.194s / 3.475s) | Generator RTF: 0.0548(0.191s / 3.475s)
generated_audios/generated_H2_256C_int8/260-123440-0014_generated.wav | RTF: 0.0556(0.212s / 3.815s) | Generator RTF: 0.0547(0.209s / 3.815s)
generated_audios/generated_H2_256C_int8/260-123440-0015_generated.wav | RTF: 0.0549(0.340s / 6.200s) | Generator RTF: 0.0542(0.336s / 6.200s)
generated_audios/generated_H2_256C_int8/260-123440-0016_generated.wav | RTF: 0.0546(0.267s / 4.895s) | Generator RTF: 0.0539(0.264s / 4.895s)
generated_audios/generated_H2_256C_int8/260-123440-0017_generated.wav | RTF: 0.0559(0.172s / 3.070s) | Generator RTF: 0.0548(0.168s / 3.070s)
generated_audios/generated_H2_256C_int8/260-123440-0018_generated.wav | RTF: 0.0549(0.200s / 3.640s) | Generator RTF: 0.0540(0.196s / 3.640s)
generated_audios/generated_H2_256C_int8/260-123440-0019_generated.wav | RTF: 0.0539(0.357s / 6.630s) | Generator RTF: 0.0533(0.353s / 6.630s)
generated_audios/generated_H2_256C_int8/260-123440-0020_generated.wav | RTF: 0.0539(0.269s / 4.995s) | Generator RTF: 0.0532(0.266s / 4.995s)
generated_audios/generated_H2_256C_int8/61-70968-0000_generated.wav | RTF: 0.0542(0.266s / 4.905s) | Generator RTF: 0.0535(0.262s / 4.905s)
generated_audios/generated_H2_256C_int8/61-70968-0001_generated.wav | RTF: 0.0552(0.199s / 3.610s) | Generator RTF: 0.0543(0.196s / 3.610s)
generated_audios/generated_H2_256C_int8/61-70968-0002_generated.wav | RTF: 0.0567(0.168s / 2.970s) | Generator RTF: 0.0556(0.165s / 2.970s)
generated_audios/generated_H2_256C_int8/61-70968-0003_generated.wav | RTF: 0.0553(0.239s / 4.315s) | Generator RTF: 0.0545(0.235s / 4.315s)
generated_audios/generated_H2_256C_int8/61-70968-0004_generated.wav | RTF: 0.0544(0.211s / 3.885s) | Generator RTF: 0.0535(0.208s / 3.885s)
generated_audios/generated_H2_256C_int8/61-70968-0005_generated.wav | RTF: 0.0544(0.276s / 5.070s) | Generator RTF: 0.0538(0.273s / 5.070s)
generated_audios/generated_H2_256C_int8/61-70968-0006_generated.wav | RTF: 0.0555(0.163s / 2.935s) | Generator RTF: 0.0544(0.160s / 2.935s)
generated_audios/generated_H2_256C_int8/61-70968-0007_generated.wav | RTF: 0.0542(0.192s / 3.550s) | Generator RTF: 0.0534(0.190s / 3.550s)
generated_audios/generated_H2_256C_int8/61-70968-0008_generated.wav | RTF: 0.0565(0.200s / 3.535s) | Generator RTF: 0.0556(0.197s / 3.535s)
generated_audios/generated_H2_256C_int8/61-70968-0009_generated.wav | RTF: 0.0565(0.255s / 4.510s) | Generator RTF: 0.0558(0.251s / 4.510s)
generated_audios/generated_H2_256C_int8/61-70968-0010_generated.wav | RTF: 0.0536(0.444s / 8.295s) | Generator RTF: 0.0531(0.440s / 8.295s)
generated_audios/generated_H2_256C_int8/61-70968-0011_generated.wav | RTF: 0.0540(0.344s / 6.375s) | Generator RTF: 0.0534(0.340s / 6.375s)
generated_audios/generated_H2_256C_int8/61-70968-0012_generated.wav | RTF: 0.0604(0.158s / 2.610s) | Generator RTF: 0.0591(0.154s / 2.610s)
generated_audios/generated_H2_256C_int8/61-70968-0013_generated.wav | RTF: 0.0546(0.243s / 4.450s) | Generator RTF: 0.0539(0.240s / 4.450s)
generated_audios/generated_H2_256C_int8/61-70968-0014_generated.wav | RTF: 0.0535(0.401s / 7.485s) | Generator RTF: 0.0530(0.396s / 7.485s)
generated_audios/generated_H2_256C_int8/61-70968-0015_generated.wav | RTF: 0.0545(0.293s / 5.375s) | Generator RTF: 0.0538(0.289s / 5.375s)
generated_audios/generated_H2_256C_int8/61-70968-0016_generated.wav | RTF: 0.0613(0.228s / 3.720s) | Generator RTF: 0.0604(0.225s / 3.720s)
generated_audios/generated_H2_256C_int8/61-70968-0017_generated.wav | RTF: 0.0543(0.278s / 5.110s) | Generator RTF: 0.0536(0.274s / 5.110s)
generated_audios/generated_H2_256C_int8/61-70968-0018_generated.wav | RTF: 0.0583(0.140s / 2.405s) | Generator RTF: 0.0570(0.137s / 2.405s)
generated_audios/generated_H2_256C_int8/61-70968-0019_generated.wav | RTF: 0.0545(0.298s / 5.475s) | Generator RTF: 0.0538(0.294s / 5.475s)
generated_audios/generated_H2_256C_int8/61-70968-0020_generated.wav | RTF: 0.0542(0.276s / 5.105s) | Generator RTF: 0.0535(0.273s / 5.105s)
generated_audios/generated_H2_256C_int8/61-70968-0021_generated.wav | RTF: 0.0563(0.151s / 2.690s) | Generator RTF: 0.0551(0.148s / 2.690s)
generated_audios/generated_H2_256C_int8/61-70968-0022_generated.wav | RTF: 0.0547(0.255s / 4.670s) | Generator RTF: 0.0539(0.252s / 4.670s)
generated_audios/generated_H2_256C_int8/61-70968-0023_generated.wav | RTF: 0.0558(0.280s / 5.025s) | Generator RTF: 0.0551(0.277s / 5.025s)
generated_audios/generated_H2_256C_int8/61-70968-0024_generated.wav | RTF: 0.0560(0.338s / 6.025s) | Generator RTF: 0.0554(0.334s / 6.025s)
generated_audios/generated_H2_256C_int8/61-70968-0025_generated.wav | RTF: 0.0554(0.244s / 4.410s) | Generator RTF: 0.0546(0.241s / 4.410s)
generated_audios/generated_H2_256C_int8/61-70968-0026_generated.wav | RTF: 0.0541(0.266s / 4.920s) | Generator RTF: 0.0534(0.263s / 4.920s)
generated_audios/generated_H2_256C_int8/61-70968-0027_generated.wav | RTF: 0.0539(0.371s / 6.870s) | Generator RTF: 0.0534(0.367s / 6.870s)
generated_audios/generated_H2_256C_int8/61-70968-0028_generated.wav | RTF: 0.0539(0.289s / 5.355s) | Generator RTF: 0.0533(0.286s / 5.355s)
generated_audios/generated_H2_256C_int8/61-70968-0029_generated.wav | RTF: 0.0559(0.195s / 3.495s) | Generator RTF: 0.0550(0.192s / 3.495s)
generated_audios/generated_H2_256C_int8/61-70968-0030_generated.wav | RTF: 0.0543(0.309s / 5.685s) | Generator RTF: 0.0537(0.305s / 5.685s)
generated_audios/generated_H2_256C_int8/61-70968-0031_generated.wav | RTF: 0.0565(0.165s / 2.925s) | Generator RTF: 0.0552(0.162s / 2.925s)
generated_audios/generated_H2_256C_int8/61-70968-0032_generated.wav | RTF: 0.0568(0.243s / 4.280s) | Generator RTF: 0.0561(0.240s / 4.280s)
generated_audios/generated_H2_256C_int8/61-70968-0033_generated.wav | RTF: 0.0540(0.307s / 5.685s) | Generator RTF: 0.0534(0.303s / 5.685s)
generated_audios/generated_H2_256C_int8/61-70968-0034_generated.wav | RTF: 0.0547(0.231s / 4.230s) | Generator RTF: 0.0538(0.228s / 4.230s)
generated_audios/generated_H2_256C_int8/61-70968-0035_generated.wav | RTF: 0.0542(0.431s / 7.950s) | Generator RTF: 0.0537(0.427s / 7.950s)
generated_audios/generated_H2_256C_int8/61-70968-0036_generated.wav | RTF: 0.0554(0.163s / 2.935s) | Generator RTF: 0.0545(0.160s / 2.935s)
generated_audios/generated_H2_256C_int8/61-70968-0037_generated.wav | RTF: 0.0549(0.237s / 4.315s) | Generator RTF: 0.0541(0.234s / 4.315s)
generated_audios/generated_H2_256C_int8/61-70968-0038_generated.wav | RTF: 0.0595(0.122s / 2.050s) | Generator RTF: 0.0580(0.119s / 2.050s)
generated_audios/generated_H2_256C_int8/61-70968-0039_generated.wav | RTF: 0.0546(0.208s / 3.805s) | Generator RTF: 0.0538(0.205s / 3.805s)
generated_audios/generated_H2_256C_int8/61-70968-0040_generated.wav | RTF: 0.0551(0.218s / 3.950s) | Generator RTF: 0.0544(0.215s / 3.950s)
generated_audios/generated_H2_256C_int8/61-70968-0041_generated.wav | RTF: 0.0553(0.378s / 6.825s) | Generator RTF: 0.0548(0.374s / 6.825s)
generated_audios/generated_H2_256C_int8/61-70968-0042_generated.wav | RTF: 0.0567(0.158s / 2.785s) | Generator RTF: 0.0555(0.155s / 2.785s)
generated_audios/generated_H2_256C_int8/61-70968-0043_generated.wav | RTF: 0.0535(0.360s / 6.735s) | Generator RTF: 0.0529(0.356s / 6.735s)
generated_audios/generated_H2_256C_int8/61-70968-0044_generated.wav | RTF: 0.0562(0.156s / 2.770s) | Generator RTF: 0.0551(0.153s / 2.770s)
generated_audios/generated_H2_256C_int8/61-70968-0045_generated.wav | RTF: 0.0552(0.192s / 3.475s) | Generator RTF: 0.0542(0.188s / 3.475s)
generated_audios/generated_H2_256C_int8/61-70968-0046_generated.wav | RTF: 0.0551(0.196s / 3.550s) | Generator RTF: 0.0542(0.192s / 3.550s)
generated_audios/generated_H2_256C_int8/61-70968-0047_generated.wav | RTF: 0.0546(0.261s / 4.775s) | Generator RTF: 0.0539(0.258s / 4.775s)
generated_audios/generated_H2_256C_int8/61-70968-0048_generated.wav | RTF: 0.0560(0.169s / 3.020s) | Generator RTF: 0.0549(0.166s / 3.020s)
generated_audios/generated_H2_256C_int8/61-70968-0049_generated.wav | RTF: 0.0542(0.447s / 8.250s) | Generator RTF: 0.0538(0.443s / 8.250s)
generated_audios/generated_H2_256C_int8/61-70968-0050_generated.wav | RTF: 0.0583(0.325s / 5.580s) | Generator RTF: 0.0577(0.322s / 5.580s)
generated_audios/generated_H2_256C_int8/61-70968-0051_generated.wav | RTF: 0.0558(0.175s / 3.135s) | Generator RTF: 0.0547(0.171s / 3.135s)
generated_audios/generated_H2_256C_int8/61-70968-0052_generated.wav | RTF: 0.0566(0.150s / 2.650s) | Generator RTF: 0.0553(0.146s / 2.650s)
generated_audios/generated_H2_256C_int8/61-70968-0053_generated.wav | RTF: 0.0547(0.231s / 4.220s) | Generator RTF: 0.0539(0.228s / 4.220s)
generated_audios/generated_H2_256C_int8/61-70968-0054_generated.wav | RTF: 0.0539(0.424s / 7.860s) | Generator RTF: 0.0534(0.420s / 7.860s)
generated_audios/generated_H2_256C_int8/61-70968-0055_generated.wav | RTF: 0.0547(0.217s / 3.965s) | Generator RTF: 0.0540(0.214s / 3.965s)
generated_audios/generated_H2_256C_int8/61-70968-0056_generated.wav | RTF: 0.0547(0.195s / 3.565s) | Generator RTF: 0.0540(0.192s / 3.565s)
generated_audios/generated_H2_256C_int8/61-70968-0057_generated.wav | RTF: 0.0539(0.273s / 5.065s) | Generator RTF: 0.0532(0.270s / 5.065s)
generated_audios/generated_H2_256C_int8/61-70968-0058_generated.wav | RTF: 0.0587(0.107s / 1.820s) | Generator RTF: 0.0568(0.103s / 1.820s)
generated_audios/generated_H2_256C_int8/61-70968-0059_generated.wav | RTF: 0.0568(0.123s / 2.170s) | Generator RTF: 0.0555(0.120s / 2.170s)
generated_audios/generated_H2_256C_int8/61-70968-0060_generated.wav | RTF: 0.0578(0.216s / 3.735s) | Generator RTF: 0.0569(0.213s / 3.735s)
generated_audios/generated_H2_256C_int8/61-70968-0061_generated.wav | RTF: 0.0537(0.297s / 5.530s) | Generator RTF: 0.0530(0.293s / 5.530s)
generated_audios/generated_H2_256C_int8/61-70968-0062_generated.wav | RTF: 0.0575(0.147s / 2.555s) | Generator RTF: 0.0562(0.144s / 2.555s)
generated_audios/generated_H2_256C_int8/61-70970-0000_generated.wav | RTF: 0.0544(0.330s / 6.075s) | Generator RTF: 0.0538(0.327s / 6.075s)
generated_audios/generated_H2_256C_int8/61-70970-0001_generated.wav | RTF: 0.0538(0.331s / 6.155s) | Generator RTF: 0.0533(0.328s / 6.155s)
generated_audios/generated_H2_256C_int8/61-70970-0002_generated.wav | RTF: 0.0550(0.229s / 4.165s) | Generator RTF: 0.0541(0.225s / 4.165s)
generated_audios/generated_H2_256C_int8/61-70970-0003_generated.wav | RTF: 0.0547(0.210s / 3.835s) | Generator RTF: 0.0538(0.206s / 3.835s)
generated_audios/generated_H2_256C_int8/61-70970-0004_generated.wav | RTF: 0.0534(0.561s / 10.515s) | Generator RTF: 0.0529(0.557s / 10.515s)
generated_audios/generated_H2_256C_int8/61-70970-0005_generated.wav | RTF: 0.0586(0.118s / 2.020s) | Generator RTF: 0.0571(0.115s / 2.020s)
generated_audios/generated_H2_256C_int8/61-70970-0006_generated.wav | RTF: 0.0574(0.134s / 2.335s) | Generator RTF: 0.0561(0.131s / 2.335s)
generated_audios/generated_H2_256C_int8/61-70970-0007_generated.wav | RTF: 0.0552(0.247s / 4.485s) | Generator RTF: 0.0544(0.244s / 4.485s)
generated_audios/generated_H2_256C_int8/61-70970-0008_generated.wav | RTF: 0.0585(0.126s / 2.150s) | Generator RTF: 0.0570(0.123s / 2.150s)
generated_audios/generated_H2_256C_int8/61-70970-0009_generated.wav | RTF: 0.0556(0.189s / 3.405s) | Generator RTF: 0.0547(0.186s / 3.405s)
generated_audios/generated_H2_256C_int8/61-70970-0010_generated.wav | RTF: 0.0564(0.172s / 3.045s) | Generator RTF: 0.0553(0.168s / 3.045s)
generated_audios/generated_H2_256C_int8/61-70970-0011_generated.wav | RTF: 0.0542(0.329s / 6.075s) | Generator RTF: 0.0537(0.326s / 6.075s)
generated_audios/generated_H2_256C_int8/61-70970-0012_generated.wav | RTF: 0.0561(0.176s / 3.135s) | Generator RTF: 0.0551(0.173s / 3.135s)
generated_audios/generated_H2_256C_int8/61-70970-0013_generated.wav | RTF: 0.0555(0.241s / 4.350s) | Generator RTF: 0.0548(0.238s / 4.350s)
generated_audios/generated_H2_256C_int8/61-70970-0014_generated.wav | RTF: 0.0566(0.193s / 3.405s) | Generator RTF: 0.0556(0.189s / 3.405s)
generated_audios/generated_H2_256C_int8/61-70970-0015_generated.wav | RTF: 0.0549(0.462s / 8.415s) | Generator RTF: 0.0544(0.458s / 8.415s)
generated_audios/generated_H2_256C_int8/61-70970-0016_generated.wav | RTF: 0.0555(0.243s / 4.370s) | Generator RTF: 0.0547(0.239s / 4.370s)
generated_audios/generated_H2_256C_int8/61-70970-0017_generated.wav | RTF: 0.0573(0.146s / 2.550s) | Generator RTF: 0.0559(0.143s / 2.550s)
generated_audios/generated_H2_256C_int8/61-70970-0018_generated.wav | RTF: 0.0560(0.257s / 4.600s) | Generator RTF: 0.0552(0.254s / 4.600s)
generated_audios/generated_H2_256C_int8/61-70970-0019_generated.wav | RTF: 0.0556(0.210s / 3.780s) | Generator RTF: 0.0547(0.207s / 3.780s)
generated_audios/generated_H2_256C_int8/61-70970-0020_generated.wav | RTF: 0.0565(0.284s / 5.025s) | Generator RTF: 0.0559(0.281s / 5.025s)
generated_audios/generated_H2_256C_int8/61-70970-0021_generated.wav | RTF: 0.0546(0.295s / 5.405s) | Generator RTF: 0.0540(0.292s / 5.405s)
generated_audios/generated_H2_256C_int8/61-70970-0022_generated.wav | RTF: 0.0557(0.221s / 3.970s) | Generator RTF: 0.0548(0.217s / 3.970s)
generated_audios/generated_H2_256C_int8/61-70970-0023_generated.wav | RTF: 0.0560(0.207s / 3.705s) | Generator RTF: 0.0552(0.205s / 3.705s)
generated_audios/generated_H2_256C_int8/61-70970-0024_generated.wav | RTF: 0.0545(0.394s / 7.235s) | Generator RTF: 0.0539(0.390s / 7.235s)
generated_audios/generated_H2_256C_int8/61-70970-0025_generated.wav | RTF: 0.0602(0.447s / 7.435s) | Generator RTF: 0.0597(0.444s / 7.435s)
generated_audios/generated_H2_256C_int8/61-70970-0026_generated.wav | RTF: 0.0549(0.301s / 5.475s) | Generator RTF: 0.0543(0.297s / 5.475s)
generated_audios/generated_H2_256C_int8/61-70970-0027_generated.wav | RTF: 0.0549(0.279s / 5.080s) | Generator RTF: 0.0542(0.275s / 5.080s)
generated_audios/generated_H2_256C_int8/61-70970-0028_generated.wav | RTF: 0.0542(0.355s / 6.550s) | Generator RTF: 0.0537(0.352s / 6.550s)
generated_audios/generated_H2_256C_int8/61-70970-0029_generated.wav | RTF: 0.0558(0.225s / 4.030s) | Generator RTF: 0.0549(0.221s / 4.030s)
generated_audios/generated_H2_256C_int8/61-70970-0030_generated.wav | RTF: 0.0566(0.183s / 3.240s) | Generator RTF: 0.0556(0.180s / 3.240s)
generated_audios/generated_H2_256C_int8/61-70970-0031_generated.wav | RTF: 0.0551(0.283s / 5.135s) | Generator RTF: 0.0544(0.280s / 5.135s)
generated_audios/generated_H2_256C_int8/61-70970-0032_generated.wav | RTF: 0.0569(0.179s / 3.135s) | Generator RTF: 0.0560(0.176s / 3.135s)
generated_audios/generated_H2_256C_int8/61-70970-0033_generated.wav | RTF: 0.0558(0.191s / 3.420s) | Generator RTF: 0.0548(0.188s / 3.420s)
generated_audios/generated_H2_256C_int8/61-70970-0034_generated.wav | RTF: 0.0552(0.247s / 4.485s) | Generator RTF: 0.0545(0.244s / 4.485s)
generated_audios/generated_H2_256C_int8/61-70970-0035_generated.wav | RTF: 0.0537(0.398s / 7.405s) | Generator RTF: 0.0532(0.394s / 7.405s)
generated_audios/generated_H2_256C_int8/61-70970-0036_generated.wav | RTF: 0.0544(0.369s / 6.785s) | Generator RTF: 0.0538(0.365s / 6.785s)
generated_audios/generated_H2_256C_int8/61-70970-0037_generated.wav | RTF: 0.0544(0.326s / 5.980s) | Generator RTF: 0.0538(0.322s / 5.980s)
generated_audios/generated_H2_256C_int8/61-70970-0038_generated.wav | RTF: 0.0539(0.560s / 10.400s) | Generator RTF: 0.0534(0.556s / 10.400s)
generated_audios/generated_H2_256C_int8/61-70970-0039_generated.wav | RTF: 0.0543(0.362s / 6.665s) | Generator RTF: 0.0537(0.358s / 6.665s)
generated_audios/generated_H2_256C_int8/61-70970-0040_generated.wav | RTF: 0.0554(0.231s / 4.165s) | Generator RTF: 0.0546(0.227s / 4.165s)
generated_audios/generated_H2_256C_int8/672-122797-0000_generated.wav | RTF: 0.0554(0.225s / 4.070s) | Generator RTF: 0.0546(0.222s / 4.070s)
generated_audios/generated_H2_256C_int8/672-122797-0001_generated.wav | RTF: 0.0531(0.803s / 15.130s) | Generator RTF: 0.0528(0.798s / 15.130s)
generated_audios/generated_H2_256C_int8/672-122797-0002_generated.wav | RTF: 0.0531(0.723s / 13.620s) | Generator RTF: 0.0528(0.719s / 13.620s)
generated_audios/generated_H2_256C_int8/672-122797-0003_generated.wav | RTF: 0.0553(0.263s / 4.760s) | Generator RTF: 0.0546(0.260s / 4.760s)
generated_audios/generated_H2_256C_int8/672-122797-0004_generated.wav | RTF: 0.0540(0.553s / 10.250s) | Generator RTF: 0.0536(0.549s / 10.250s)
generated_audios/generated_H2_256C_int8/672-122797-0005_generated.wav | RTF: 0.0561(0.183s / 3.260s) | Generator RTF: 0.0551(0.180s / 3.260s)
generated_audios/generated_H2_256C_int8/672-122797-0006_generated.wav | RTF: 0.0536(0.748s / 13.950s) | Generator RTF: 0.0533(0.744s / 13.950s)
generated_audios/generated_H2_256C_int8/672-122797-0007_generated.wav | RTF: 0.0553(0.355s / 6.420s) | Generator RTF: 0.0547(0.351s / 6.420s)
generated_audios/generated_H2_256C_int8/672-122797-0008_generated.wav | RTF: 0.0531(1.636s / 30.810s) | Generator RTF: 0.0529(1.629s / 30.810s)
generated_audios/generated_H2_256C_int8/672-122797-0009_generated.wav | RTF: 0.0564(0.156s / 2.765s) | Generator RTF: 0.0552(0.153s / 2.765s)
generated_audios/generated_H2_256C_int8/672-122797-0010_generated.wav | RTF: 0.0555(0.212s / 3.815s) | Generator RTF: 0.0546(0.208s / 3.815s)
generated_audios/generated_H2_256C_int8/672-122797-0011_generated.wav | RTF: 0.0574(0.146s / 2.540s) | Generator RTF: 0.0561(0.143s / 2.540s)
generated_audios/generated_H2_256C_int8/672-122797-0012_generated.wav | RTF: 0.0556(0.432s / 7.765s) | Generator RTF: 0.0551(0.428s / 7.765s)
generated_audios/generated_H2_256C_int8/672-122797-0013_generated.wav | RTF: 0.0534(0.465s / 8.705s) | Generator RTF: 0.0530(0.461s / 8.705s)
generated_audios/generated_H2_256C_int8/672-122797-0014_generated.wav | RTF: 0.0569(0.145s / 2.555s) | Generator RTF: 0.0559(0.143s / 2.555s)
generated_audios/generated_H2_256C_int8/672-122797-0015_generated.wav | RTF: 0.0549(0.245s / 4.455s) | Generator RTF: 0.0542(0.241s / 4.455s)
generated_audios/generated_H2_256C_int8/672-122797-0016_generated.wav | RTF: 0.0539(0.497s / 9.215s) | Generator RTF: 0.0535(0.493s / 9.215s)
generated_audios/generated_H2_256C_int8/672-122797-0017_generated.wav | RTF: 0.0555(0.268s / 4.820s) | Generator RTF: 0.0548(0.264s / 4.820s)
generated_audios/generated_H2_256C_int8/672-122797-0018_generated.wav | RTF: 0.0550(0.271s / 4.930s) | Generator RTF: 0.0543(0.268s / 4.930s)
generated_audios/generated_H2_256C_int8/672-122797-0019_generated.wav | RTF: 0.0556(0.229s / 4.110s) | Generator RTF: 0.0547(0.225s / 4.110s)
generated_audios/generated_H2_256C_int8/672-122797-0020_generated.wav | RTF: 0.0544(0.480s / 8.825s) | Generator RTF: 0.0540(0.476s / 8.825s)
generated_audios/generated_H2_256C_int8/672-122797-0021_generated.wav | RTF: 0.0552(0.229s / 4.150s) | Generator RTF: 0.0544(0.226s / 4.150s)
generated_audios/generated_H2_256C_int8/672-122797-0022_generated.wav | RTF: 0.0529(1.005s / 19.005s) | Generator RTF: 0.0526(1.000s / 19.005s)
generated_audios/generated_H2_256C_int8/672-122797-0023_generated.wav | RTF: 0.0537(0.520s / 9.695s) | Generator RTF: 0.0533(0.516s / 9.695s)
generated_audios/generated_H2_256C_int8/672-122797-0024_generated.wav | RTF: 0.0554(0.229s / 4.130s) | Generator RTF: 0.0545(0.225s / 4.130s)
generated_audios/generated_H2_256C_int8/672-122797-0025_generated.wav | RTF: 0.0534(0.571s / 10.690s) | Generator RTF: 0.0531(0.568s / 10.690s)
generated_audios/generated_H2_256C_int8/672-122797-0026_generated.wav | RTF: 0.0530(0.740s / 13.960s) | Generator RTF: 0.0527(0.736s / 13.960s)
generated_audios/generated_H2_256C_int8/672-122797-0027_generated.wav | RTF: 0.0546(0.262s / 4.790s) | Generator RTF: 0.0539(0.258s / 4.790s)
generated_audios/generated_H2_256C_int8/672-122797-0028_generated.wav | RTF: 0.0632(0.165s / 2.610s) | Generator RTF: 0.0619(0.162s / 2.610s)
generated_audios/generated_H2_256C_int8/672-122797-0029_generated.wav | RTF: 0.0574(0.175s / 3.050s) | Generator RTF: 0.0563(0.172s / 3.050s)
generated_audios/generated_H2_256C_int8/672-122797-0030_generated.wav | RTF: 0.0554(0.253s / 4.575s) | Generator RTF: 0.0547(0.250s / 4.575s)
generated_audios/generated_H2_256C_int8/672-122797-0031_generated.wav | RTF: 0.0549(0.219s / 3.980s) | Generator RTF: 0.0541(0.215s / 3.980s)
generated_audios/generated_H2_256C_int8/672-122797-0032_generated.wav | RTF: 0.0550(0.220s / 4.000s) | Generator RTF: 0.0543(0.217s / 4.000s)
generated_audios/generated_H2_256C_int8/672-122797-0033_generated.wav | RTF: 0.0640(0.082s / 1.285s) | Generator RTF: 0.0619(0.080s / 1.285s)
generated_audios/generated_H2_256C_int8/672-122797-0034_generated.wav | RTF: 0.0543(0.278s / 5.110s) | Generator RTF: 0.0538(0.275s / 5.110s)
generated_audios/generated_H2_256C_int8/672-122797-0035_generated.wav | RTF: 0.0566(0.164s / 2.900s) | Generator RTF: 0.0553(0.160s / 2.900s)
generated_audios/generated_H2_256C_int8/672-122797-0036_generated.wav | RTF: 0.0536(0.288s / 5.365s) | Generator RTF: 0.0530(0.284s / 5.365s)
generated_audios/generated_H2_256C_int8/672-122797-0037_generated.wav | RTF: 0.0588(0.115s / 1.960s) | Generator RTF: 0.0570(0.112s / 1.960s)
generated_audios/generated_H2_256C_int8/672-122797-0038_generated.wav | RTF: 0.0534(0.470s / 8.800s) | Generator RTF: 0.0530(0.466s / 8.800s)
generated_audios/generated_H2_256C_int8/672-122797-0039_generated.wav | RTF: 0.0554(0.223s / 4.025s) | Generator RTF: 0.0545(0.219s / 4.025s)
generated_audios/generated_H2_256C_int8/672-122797-0040_generated.wav | RTF: 0.0544(0.279s / 5.125s) | Generator RTF: 0.0537(0.275s / 5.125s)
generated_audios/generated_H2_256C_int8/672-122797-0041_generated.wav | RTF: 0.0552(0.214s / 3.880s) | Generator RTF: 0.0544(0.211s / 3.880s)
generated_audios/generated_H2_256C_int8/672-122797-0042_generated.wav | RTF: 0.0526(0.805s / 15.310s) | Generator RTF: 0.0523(0.801s / 15.310s)
generated_audios/generated_H2_256C_int8/672-122797-0043_generated.wav | RTF: 0.0553(0.209s / 3.780s) | Generator RTF: 0.0544(0.206s / 3.780s)
generated_audios/generated_H2_256C_int8/672-122797-0044_generated.wav | RTF: 0.0555(0.207s / 3.740s) | Generator RTF: 0.0546(0.204s / 3.740s)
generated_audios/generated_H2_256C_int8/672-122797-0045_generated.wav | RTF: 0.0526(0.734s / 13.960s) | Generator RTF: 0.0523(0.730s / 13.960s)
generated_audios/generated_H2_256C_int8/672-122797-0046_generated.wav | RTF: 0.0549(0.259s / 4.715s) | Generator RTF: 0.0542(0.256s / 4.715s)
generated_audios/generated_H2_256C_int8/672-122797-0047_generated.wav | RTF: 0.0550(0.183s / 3.325s) | Generator RTF: 0.0540(0.179s / 3.325s)
generated_audios/generated_H2_256C_int8/672-122797-0048_generated.wav | RTF: 0.0548(0.359s / 6.555s) | Generator RTF: 0.0542(0.355s / 6.555s)
generated_audios/generated_H2_256C_int8/672-122797-0049_generated.wav | RTF: 0.0593(0.120s / 2.020s) | Generator RTF: 0.0576(0.116s / 2.020s)
generated_audios/generated_H2_256C_int8/672-122797-0050_generated.wav | RTF: 0.0549(0.267s / 4.855s) | Generator RTF: 0.0541(0.263s / 4.855s)
generated_audios/generated_H2_256C_int8/672-122797-0051_generated.wav | RTF: 0.0546(0.255s / 4.665s) | Generator RTF: 0.0538(0.251s / 4.665s)
generated_audios/generated_H2_256C_int8/672-122797-0052_generated.wav | RTF: 0.0553(0.237s / 4.285s) | Generator RTF: 0.0545(0.233s / 4.285s)
generated_audios/generated_H2_256C_int8/672-122797-0053_generated.wav | RTF: 0.0579(0.171s / 2.955s) | Generator RTF: 0.0567(0.168s / 2.955s)
generated_audios/generated_H2_256C_int8/672-122797-0054_generated.wav | RTF: 0.0549(0.233s / 4.250s) | Generator RTF: 0.0541(0.230s / 4.250s)
generated_audios/generated_H2_256C_int8/672-122797-0055_generated.wav | RTF: 0.0541(0.446s / 8.230s) | Generator RTF: 0.0537(0.442s / 8.230s)
generated_audios/generated_H2_256C_int8/672-122797-0056_generated.wav | RTF: 0.0552(0.288s / 5.225s) | Generator RTF: 0.0545(0.285s / 5.225s)
generated_audios/generated_H2_256C_int8/672-122797-0057_generated.wav | RTF: 0.0541(0.355s / 6.560s) | Generator RTF: 0.0535(0.351s / 6.560s)
generated_audios/generated_H2_256C_int8/672-122797-0058_generated.wav | RTF: 0.0552(0.247s / 4.470s) | Generator RTF: 0.0543(0.243s / 4.470s)
generated_audios/generated_H2_256C_int8/672-122797-0059_generated.wav | RTF: 0.0555(0.195s / 3.520s) | Generator RTF: 0.0545(0.192s / 3.520s)
generated_audios/generated_H2_256C_int8/672-122797-0060_generated.wav | RTF: 0.0591(0.198s / 3.350s) | Generator RTF: 0.0581(0.195s / 3.350s)
generated_audios/generated_H2_256C_int8/672-122797-0061_generated.wav | RTF: 0.0540(0.410s / 7.590s) | Generator RTF: 0.0536(0.407s / 7.590s)
generated_audios/generated_H2_256C_int8/672-122797-0062_generated.wav | RTF: 0.0570(0.152s / 2.675s) | Generator RTF: 0.0557(0.149s / 2.675s)
generated_audios/generated_H2_256C_int8/672-122797-0063_generated.wav | RTF: 0.0552(0.280s / 5.075s) | Generator RTF: 0.0545(0.277s / 5.075s)
generated_audios/generated_H2_256C_int8/672-122797-0064_generated.wav | RTF: 0.0529(0.807s / 15.270s) | Generator RTF: 0.0526(0.802s / 15.270s)
generated_audios/generated_H2_256C_int8/672-122797-0065_generated.wav | RTF: 0.0558(0.169s / 3.030s) | Generator RTF: 0.0546(0.166s / 3.030s)
generated_audios/generated_H2_256C_int8/672-122797-0066_generated.wav | RTF: 0.0551(0.265s / 4.815s) | Generator RTF: 0.0544(0.262s / 4.815s)
generated_audios/generated_H2_256C_int8/672-122797-0067_generated.wav | RTF: 0.0537(0.700s / 13.035s) | Generator RTF: 0.0533(0.695s / 13.035s)
generated_audios/generated_H2_256C_int8/672-122797-0068_generated.wav | RTF: 0.0547(0.220s / 4.020s) | Generator RTF: 0.0539(0.217s / 4.020s)
generated_audios/generated_H2_256C_int8/672-122797-0069_generated.wav | RTF: 0.0539(0.270s / 5.010s) | Generator RTF: 0.0532(0.267s / 5.010s)
generated_audios/generated_H2_256C_int8/672-122797-0070_generated.wav | RTF: 0.0541(0.339s / 6.270s) | Generator RTF: 0.0536(0.336s / 6.270s)
generated_audios/generated_H2_256C_int8/672-122797-0071_generated.wav | RTF: 0.0535(0.475s / 8.875s) | Generator RTF: 0.0531(0.471s / 8.875s)
generated_audios/generated_H2_256C_int8/672-122797-0072_generated.wav | RTF: 0.0534(0.424s / 7.940s) | Generator RTF: 0.0529(0.420s / 7.940s)
generated_audios/generated_H2_256C_int8/672-122797-0073_generated.wav | RTF: 0.0531(0.436s / 8.205s) | Generator RTF: 0.0526(0.432s / 8.205s)
generated_audios/generated_H2_256C_int8/672-122797-0074_generated.wav | RTF: 0.0534(0.466s / 8.730s) | Generator RTF: 0.0529(0.462s / 8.730s)
generated_audios/generated_H2_256C_int8/908-157963-0000_generated.wav | RTF: 0.0531(0.670s / 12.620s) | Generator RTF: 0.0527(0.666s / 12.620s)
generated_audios/generated_H2_256C_int8/908-157963-0001_generated.wav | RTF: 0.0565(0.163s / 2.885s) | Generator RTF: 0.0553(0.159s / 2.885s)
generated_audios/generated_H2_256C_int8/908-157963-0002_generated.wav | RTF: 0.0565(0.156s / 2.755s) | Generator RTF: 0.0553(0.152s / 2.755s)
generated_audios/generated_H2_256C_int8/908-157963-0003_generated.wav | RTF: 0.0560(0.173s / 3.080s) | Generator RTF: 0.0549(0.169s / 3.080s)
generated_audios/generated_H2_256C_int8/908-157963-0004_generated.wav | RTF: 0.0530(0.741s / 13.990s) | Generator RTF: 0.0527(0.737s / 13.990s)
generated_audios/generated_H2_256C_int8/908-157963-0005_generated.wav | RTF: 0.0536(0.377s / 7.035s) | Generator RTF: 0.0530(0.373s / 7.035s)
generated_audios/generated_H2_256C_int8/908-157963-0006_generated.wav | RTF: 0.0539(0.437s / 8.110s) | Generator RTF: 0.0534(0.433s / 8.110s)
generated_audios/generated_H2_256C_int8/908-157963-0007_generated.wav | RTF: 0.0544(1.782s / 32.770s) | Generator RTF: 0.0542(1.775s / 32.770s)
generated_audios/generated_H2_256C_int8/908-157963-0008_generated.wav | RTF: 0.0534(1.066s / 19.950s) | Generator RTF: 0.0532(1.061s / 19.950s)
generated_audios/generated_H2_256C_int8/908-157963-0009_generated.wav | RTF: 0.0553(0.224s / 4.060s) | Generator RTF: 0.0544(0.221s / 4.060s)
generated_audios/generated_H2_256C_int8/908-157963-0010_generated.wav | RTF: 0.0549(0.345s / 6.280s) | Generator RTF: 0.0543(0.341s / 6.280s)
generated_audios/generated_H2_256C_int8/908-157963-0011_generated.wav | RTF: 0.0557(0.579s / 10.395s) | Generator RTF: 0.0553(0.575s / 10.395s)
generated_audios/generated_H2_256C_int8/908-157963-0012_generated.wav | RTF: 0.0535(0.540s / 10.090s) | Generator RTF: 0.0531(0.535s / 10.090s)
generated_audios/generated_H2_256C_int8/908-157963-0013_generated.wav | RTF: 0.0554(0.239s / 4.315s) | Generator RTF: 0.0546(0.236s / 4.315s)
generated_audios/generated_H2_256C_int8/908-157963-0014_generated.wav | RTF: 0.0543(0.246s / 4.520s) | Generator RTF: 0.0535(0.242s / 4.520s)
generated_audios/generated_H2_256C_int8/908-157963-0015_generated.wav | RTF: 0.0531(0.768s / 14.465s) | Generator RTF: 0.0528(0.764s / 14.465s)
generated_audios/generated_H2_256C_int8/908-157963-0016_generated.wav | RTF: 0.0553(0.282s / 5.105s) | Generator RTF: 0.0547(0.279s / 5.105s)
generated_audios/generated_H2_256C_int8/908-157963-0017_generated.wav | RTF: 0.0545(0.270s / 4.950s) | Generator RTF: 0.0538(0.266s / 4.950s)
generated_audios/generated_H2_256C_int8/908-157963-0018_generated.wav | RTF: 0.0545(0.232s / 4.255s) | Generator RTF: 0.0537(0.229s / 4.255s)
generated_audios/generated_H2_256C_int8/908-157963-0019_generated.wav | RTF: 0.0520(1.114s / 21.440s) | Generator RTF: 0.0517(1.109s / 21.440s)
generated_audios/generated_H2_256C_int8/908-157963-0020_generated.wav | RTF: 0.0534(0.523s / 9.800s) | Generator RTF: 0.0530(0.519s / 9.800s)
generated_audios/generated_H2_256C_int8/908-157963-0021_generated.wav | RTF: 0.0536(0.549s / 10.240s) | Generator RTF: 0.0532(0.545s / 10.240s)
generated_audios/generated_H2_256C_int8/908-157963-0022_generated.wav | RTF: 0.0555(0.256s / 4.610s) | Generator RTF: 0.0547(0.252s / 4.610s)
generated_audios/generated_H2_256C_int8/908-157963-0023_generated.wav | RTF: 0.0532(0.512s / 9.625s) | Generator RTF: 0.0528(0.508s / 9.625s)
generated_audios/generated_H2_256C_int8/908-157963-0024_generated.wav | RTF: 0.0553(0.190s / 3.440s) | Generator RTF: 0.0543(0.187s / 3.440s)
generated_audios/generated_H2_256C_int8/908-157963-0025_generated.wav | RTF: 0.0532(0.493s / 9.265s) | Generator RTF: 0.0528(0.489s / 9.265s)
generated_audios/generated_H2_256C_int8/908-157963-0026_generated.wav | RTF: 0.0539(0.437s / 8.100s) | Generator RTF: 0.0535(0.433s / 8.100s)
generated_audios/generated_H2_256C_int8/908-157963-0027_generated.wav | RTF: 0.0544(0.284s / 5.225s) | Generator RTF: 0.0537(0.280s / 5.225s)
generated_audios/generated_H2_256C_int8/908-157963-0028_generated.wav | RTF: 0.0542(0.268s / 4.955s) | Generator RTF: 0.0535(0.265s / 4.955s)
generated_audios/generated_H2_256C_int8/908-157963-0029_generated.wav | RTF: 0.0552(0.200s / 3.630s) | Generator RTF: 0.0543(0.197s / 3.630s)
generated_audios/generated_H2_256C_int8/908-157963-0030_generated.wav | RTF: 0.0545(0.247s / 4.520s) | Generator RTF: 0.0538(0.243s / 4.520s)
generated_audios/generated_H2_256C_int8/908-31957-0000_generated.wav | RTF: 0.0584(0.124s / 2.125s) | Generator RTF: 0.0569(0.121s / 2.125s)
generated_audios/generated_H2_256C_int8/908-31957-0001_generated.wav | RTF: 0.0538(0.608s / 11.315s) | Generator RTF: 0.0534(0.604s / 11.315s)
generated_audios/generated_H2_256C_int8/908-31957-0002_generated.wav | RTF: 0.0546(0.262s / 4.790s) | Generator RTF: 0.0540(0.259s / 4.790s)
generated_audios/generated_H2_256C_int8/908-31957-0003_generated.wav | RTF: 0.0543(0.357s / 6.565s) | Generator RTF: 0.0537(0.353s / 6.565s)
generated_audios/generated_H2_256C_int8/908-31957-0004_generated.wav | RTF: 0.0530(0.782s / 14.755s) | Generator RTF: 0.0527(0.777s / 14.755s)
generated_audios/generated_H2_256C_int8/908-31957-0005_generated.wav | RTF: 0.0550(0.247s / 4.490s) | Generator RTF: 0.0542(0.243s / 4.490s)
generated_audios/generated_H2_256C_int8/908-31957-0006_generated.wav | RTF: 0.0542(0.319s / 5.890s) | Generator RTF: 0.0536(0.316s / 5.890s)
generated_audios/generated_H2_256C_int8/908-31957-0007_generated.wav | RTF: 0.0539(0.313s / 5.800s) | Generator RTF: 0.0533(0.309s / 5.800s)
generated_audios/generated_H2_256C_int8/908-31957-0008_generated.wav | RTF: 0.0541(0.542s / 10.005s) | Generator RTF: 0.0537(0.537s / 10.005s)
generated_audios/generated_H2_256C_int8/908-31957-0009_generated.wav | RTF: 0.0538(0.415s / 7.705s) | Generator RTF: 0.0533(0.411s / 7.705s)
generated_audios/generated_H2_256C_int8/908-31957-0010_generated.wav | RTF: 0.0577(0.145s / 2.510s) | Generator RTF: 0.0565(0.142s / 2.510s)
generated_audios/generated_H2_256C_int8/908-31957-0011_generated.wav | RTF: 0.0575(0.134s / 2.335s) | Generator RTF: 0.0561(0.131s / 2.335s)
generated_audios/generated_H2_256C_int8/908-31957-0012_generated.wav | RTF: 0.0538(0.409s / 7.615s) | Generator RTF: 0.0533(0.406s / 7.615s)
generated_audios/generated_H2_256C_int8/908-31957-0013_generated.wav | RTF: 0.0539(0.333s / 6.180s) | Generator RTF: 0.0533(0.329s / 6.180s)
generated_audios/generated_H2_256C_int8/908-31957-0014_generated.wav | RTF: 0.0535(0.404s / 7.560s) | Generator RTF: 0.0529(0.400s / 7.560s)
generated_audios/generated_H2_256C_int8/908-31957-0015_generated.wav | RTF: 0.0520(1.116s / 21.465s) | Generator RTF: 0.0518(1.111s / 21.465s)
generated_audios/generated_H2_256C_int8/908-31957-0016_generated.wav | RTF: 0.0545(0.353s / 6.480s) | Generator RTF: 0.0539(0.350s / 6.480s)
generated_audios/generated_H2_256C_int8/908-31957-0017_generated.wav | RTF: 0.0537(0.419s / 7.795s) | Generator RTF: 0.0533(0.415s / 7.795s)
generated_audios/generated_H2_256C_int8/908-31957-0018_generated.wav | RTF: 0.0551(0.216s / 3.915s) | Generator RTF: 0.0542(0.212s / 3.915s)
generated_audios/generated_H2_256C_int8/908-31957-0019_generated.wav | RTF: 0.0539(0.514s / 9.540s) | Generator RTF: 0.0534(0.510s / 9.540s)
generated_audios/generated_H2_256C_int8/908-31957-0020_generated.wav | RTF: 0.0540(0.319s / 5.895s) | Generator RTF: 0.0535(0.315s / 5.895s)
generated_audios/generated_H2_256C_int8/908-31957-0021_generated.wav | RTF: 0.0530(0.578s / 10.905s) | Generator RTF: 0.0526(0.574s / 10.905s)
generated_audios/generated_H2_256C_int8/908-31957-0022_generated.wav | RTF: 0.0541(0.763s / 14.100s) | Generator RTF: 0.0538(0.758s / 14.100s)
generated_audios/generated_H2_256C_int8/908-31957-0023_generated.wav | RTF: 0.0536(0.456s / 8.515s) | Generator RTF: 0.0531(0.452s / 8.515s)
generated_audios/generated_H2_256C_int8/908-31957-0024_generated.wav | RTF: 0.0541(0.408s / 7.540s) | Generator RTF: 0.0536(0.404s / 7.540s)
generated_audios/generated_H2_256C_int8/908-31957-0025_generated.wav | RTF: 0.0529(1.087s / 20.560s) | Generator RTF: 0.0526(1.082s / 20.560s)
Average RTF: 0.0558(176.221s / 3159.849s)
Average Generator RTF: 0.0552(174.394s / 3159.849s)
Evaluation summary:
  Mel-spectrogram L1: 1.382133
  PESQ: 1.331503
  STOI: 0.827893
Appended per-audio metrics to CSV: per_audio_results/H2_quantized_all

Appended metrics to CSV: experiments_results.csv
Appended to experiments_results.csv:
H2_256C_quantized_all,3556057,3.688,0.0558,0.0552,1.3315025482177734,0.8278928998630927,1.3821325491666794
========== Done ==========
=== JOB_STATISTICS ===
=== current date     : Sun Jul  5 01:53:01 PM CEST 2026
= Job-ID             : 1428681 on tinyfat
= Job-Name           : inference_256ch_h1-4
= Job-Command        : /home/hpc/vlbi/vlbi107v/hifi-gan/inference_Test.sh
= Initial workdir    : /home/hpc/vlbi/vlbi107v/hifi-gan
= Queue/Partition    : work
= Slurm account      : vlbi with QOS=normal
= Requested resources:  for 1-00:00:00
= Elapsed runtime    : 00:06:52
= Total RAM usage    : 3.2 GiB of requested  GiB (%)   
= Node list          : tf061
= Subm/Elig/Start/End: 2026-07-05T13:46:08 / 2026-07-05T13:46:08 / 2026-07-05T13:46:08 / 2026-07-05T13:53:00
======================
=== Quota infos ======
    Path                 Used     SoftQ    HardQ    Gracetime  Filec    FileQ    FiHaQ    FileGrace    
    /home/woody           281.2G  1000.0G  1500.0G        N/A     118K   5,000K   7,500K        N/A    
    /home/hpc              91.9G   104.9G   209.7G        N/A      85K     500K   1,000K        N/A    
======================
