### Starting TaskPrologue of job 1428686 on tf061 at Sun Jul  5 01:47:19 PM CEST 2026
Running on cores 48-55,112-119 with governor ondemand
No GPU known
### Finished TaskPrologue

==========(sbatch.tinyfat) Inference: 512 Channels (g_07960000) ==========
========== H2: quantized (INT8 dynamic quantization) ==========
Initializing Inference Process..
Using device: cpu (baseline and quantized inference both run on CPU)
Quantization enabled: forcing CPU inference for INT8 model.
Loading '/home/hpc/vlbi/vlbi107v/hifi-gan/cp_hifigan/v1_c512/g_07960000'
Complete.
Checkpoint contains weight_norm parameters. Keeping weight_norm wrappers for loading...
Removing weight norm...
Calibrating static quantization using 50 samples...
INT8 quantization scope: no_upsample
Checking quantized modules after static quantization:
Quantized module: conv_pre (torch.ao.nn.quantized.modules.conv.Conv1d)
Quantized module: resblocks.0.convs1.0 (torch.ao.nn.quantized.modules.conv.Conv1d)
Quantized module: resblocks.0.convs1.1 (torch.ao.nn.quantized.modules.conv.Conv1d)
Quantized module: resblocks.0.convs1.2 (torch.ao.nn.quantized.modules.conv.Conv1d)
Quantized module: resblocks.0.convs2.0 (torch.ao.nn.quantized.modules.conv.Conv1d)
Quantized module: resblocks.0.convs2.1 (torch.ao.nn.quantized.modules.conv.Conv1d)
Quantized module: resblocks.0.convs2.2 (torch.ao.nn.quantized.modules.conv.Conv1d)
Quantized module: resblocks.1.convs1.0 (torch.ao.nn.quantized.modules.conv.Conv1d)
Quantized module: resblocks.1.convs1.1 (torch.ao.nn.quantized.modules.conv.Conv1d)
Quantized module: resblocks.1.convs1.2 (torch.ao.nn.quantized.modules.conv.Conv1d)
Quantized module: resblocks.1.convs2.0 (torch.ao.nn.quantized.modules.conv.Conv1d)
Quantized module: resblocks.1.convs2.1 (torch.ao.nn.quantized.modules.conv.Conv1d)
Quantized module: resblocks.1.convs2.2 (torch.ao.nn.quantized.modules.conv.Conv1d)
Quantized module: resblocks.2.convs1.0 (torch.ao.nn.quantized.modules.conv.Conv1d)
Quantized module: resblocks.2.convs1.1 (torch.ao.nn.quantized.modules.conv.Conv1d)
Quantized module: resblocks.2.convs1.2 (torch.ao.nn.quantized.modules.conv.Conv1d)
Quantized module: resblocks.2.convs2.0 (torch.ao.nn.quantized.modules.conv.Conv1d)
Quantized module: resblocks.2.convs2.1 (torch.ao.nn.quantized.modules.conv.Conv1d)
Quantized module: resblocks.2.convs2.2 (torch.ao.nn.quantized.modules.conv.Conv1d)
Quantized module: resblocks.3.convs1.0 (torch.ao.nn.quantized.modules.conv.Conv1d)
Quantized module: resblocks.3.convs1.1 (torch.ao.nn.quantized.modules.conv.Conv1d)
Quantized module: resblocks.3.convs1.2 (torch.ao.nn.quantized.modules.conv.Conv1d)
Quantized module: resblocks.3.convs2.0 (torch.ao.nn.quantized.modules.conv.Conv1d)
Quantized module: resblocks.3.convs2.1 (torch.ao.nn.quantized.modules.conv.Conv1d)
Quantized module: resblocks.3.convs2.2 (torch.ao.nn.quantized.modules.conv.Conv1d)
Quantized module: resblocks.4.convs1.0 (torch.ao.nn.quantized.modules.conv.Conv1d)
Quantized module: resblocks.4.convs1.1 (torch.ao.nn.quantized.modules.conv.Conv1d)
Quantized module: resblocks.4.convs1.2 (torch.ao.nn.quantized.modules.conv.Conv1d)
Quantized module: resblocks.4.convs2.0 (torch.ao.nn.quantized.modules.conv.Conv1d)
Quantized module: resblocks.4.convs2.1 (torch.ao.nn.quantized.modules.conv.Conv1d)
Quantized module: resblocks.4.convs2.2 (torch.ao.nn.quantized.modules.conv.Conv1d)
Quantized module: resblocks.5.convs1.0 (torch.ao.nn.quantized.modules.conv.Conv1d)
Quantized module: resblocks.5.convs1.1 (torch.ao.nn.quantized.modules.conv.Conv1d)
Quantized module: resblocks.5.convs1.2 (torch.ao.nn.quantized.modules.conv.Conv1d)
Quantized module: resblocks.5.convs2.0 (torch.ao.nn.quantized.modules.conv.Conv1d)
Quantized module: resblocks.5.convs2.1 (torch.ao.nn.quantized.modules.conv.Conv1d)
Quantized module: resblocks.5.convs2.2 (torch.ao.nn.quantized.modules.conv.Conv1d)
Quantized module: resblocks.6.convs1.0 (torch.ao.nn.quantized.modules.conv.Conv1d)
Quantized module: resblocks.6.convs1.1 (torch.ao.nn.quantized.modules.conv.Conv1d)
Quantized module: resblocks.6.convs1.2 (torch.ao.nn.quantized.modules.conv.Conv1d)
Quantized module: resblocks.6.convs2.0 (torch.ao.nn.quantized.modules.conv.Conv1d)
Quantized module: resblocks.6.convs2.1 (torch.ao.nn.quantized.modules.conv.Conv1d)
Quantized module: resblocks.6.convs2.2 (torch.ao.nn.quantized.modules.conv.Conv1d)
Quantized module: resblocks.7.convs1.0 (torch.ao.nn.quantized.modules.conv.Conv1d)
Quantized module: resblocks.7.convs1.1 (torch.ao.nn.quantized.modules.conv.Conv1d)
Quantized module: resblocks.7.convs1.2 (torch.ao.nn.quantized.modules.conv.Conv1d)
Quantized module: resblocks.7.convs2.0 (torch.ao.nn.quantized.modules.conv.Conv1d)
Quantized module: resblocks.7.convs2.1 (torch.ao.nn.quantized.modules.conv.Conv1d)
Quantized module: resblocks.7.convs2.2 (torch.ao.nn.quantized.modules.conv.Conv1d)
Quantized module: resblocks.8.convs1.0 (torch.ao.nn.quantized.modules.conv.Conv1d)
Quantized module: resblocks.8.convs1.1 (torch.ao.nn.quantized.modules.conv.Conv1d)
Quantized module: resblocks.8.convs1.2 (torch.ao.nn.quantized.modules.conv.Conv1d)
Quantized module: resblocks.8.convs2.0 (torch.ao.nn.quantized.modules.conv.Conv1d)
Quantized module: resblocks.8.convs2.1 (torch.ao.nn.quantized.modules.conv.Conv1d)
Quantized module: resblocks.8.convs2.2 (torch.ao.nn.quantized.modules.conv.Conv1d)
Quantized module: resblocks.9.convs1.0 (torch.ao.nn.quantized.modules.conv.Conv1d)
Quantized module: resblocks.9.convs1.1 (torch.ao.nn.quantized.modules.conv.Conv1d)
Quantized module: resblocks.9.convs1.2 (torch.ao.nn.quantized.modules.conv.Conv1d)
Quantized module: resblocks.9.convs2.0 (torch.ao.nn.quantized.modules.conv.Conv1d)
Quantized module: resblocks.9.convs2.1 (torch.ao.nn.quantized.modules.conv.Conv1d)
Quantized module: resblocks.9.convs2.2 (torch.ao.nn.quantized.modules.conv.Conv1d)
Quantized module: resblocks.10.convs1.0 (torch.ao.nn.quantized.modules.conv.Conv1d)
Quantized module: resblocks.10.convs1.1 (torch.ao.nn.quantized.modules.conv.Conv1d)
Quantized module: resblocks.10.convs1.2 (torch.ao.nn.quantized.modules.conv.Conv1d)
Quantized module: resblocks.10.convs2.0 (torch.ao.nn.quantized.modules.conv.Conv1d)
Quantized module: resblocks.10.convs2.1 (torch.ao.nn.quantized.modules.conv.Conv1d)
Quantized module: resblocks.10.convs2.2 (torch.ao.nn.quantized.modules.conv.Conv1d)
Quantized module: resblocks.11.convs1.0 (torch.ao.nn.quantized.modules.conv.Conv1d)
Quantized module: resblocks.11.convs1.1 (torch.ao.nn.quantized.modules.conv.Conv1d)
Quantized module: resblocks.11.convs1.2 (torch.ao.nn.quantized.modules.conv.Conv1d)
Quantized module: resblocks.11.convs2.0 (torch.ao.nn.quantized.modules.conv.Conv1d)
Quantized module: resblocks.11.convs2.1 (torch.ao.nn.quantized.modules.conv.Conv1d)
Quantized module: resblocks.11.convs2.2 (torch.ao.nn.quantized.modules.conv.Conv1d)
Quantized module: conv_post (torch.ao.nn.quantized.modules.conv.Conv1d)
Saving checkpoint to /home/hpc/vlbi/vlbi107v/hifi-gan/cp_hifigan/v1_c512/compressed_checkpoint_int8
Complete.
Saved compressed checkpoint: /home/hpc/vlbi/vlbi107v/hifi-gan/cp_hifigan/v1_c512/compressed_checkpoint_int8 (21.278 MB)
Compressed checkpoint parameters: 13,926,425
Loaded checkpoint: /home/hpc/vlbi/vlbi107v/hifi-gan/cp_hifigan/v1_c512/g_07960000 (53.239 MB)
Generator parameters: 13,926,425
generated_audios/generated_H2_512C_int8/1089-134686-0000_generated.wav | RTF: 0.1492(1.557s / 10.435s) | Generator RTF: 0.1489(1.554s / 10.435s)
generated_audios/generated_H2_512C_int8/1089-134686-0001_generated.wav | RTF: 0.1434(0.470s / 3.275s) | Generator RTF: 0.1423(0.466s / 3.275s)
generated_audios/generated_H2_512C_int8/1089-134686-0002_generated.wav | RTF: 0.1461(0.968s / 6.625s) | Generator RTF: 0.1455(0.964s / 6.625s)
generated_audios/generated_H2_512C_int8/1089-134686-0003_generated.wav | RTF: 0.1504(0.403s / 2.680s) | Generator RTF: 0.1490(0.399s / 2.680s)
generated_audios/generated_H2_512C_int8/1089-134686-0004_generated.wav | RTF: 0.1403(0.732s / 5.215s) | Generator RTF: 0.1397(0.728s / 5.215s)
generated_audios/generated_H2_512C_int8/1089-134686-0005_generated.wav | RTF: 0.1476(1.422s / 9.635s) | Generator RTF: 0.1471(1.418s / 9.635s)
generated_audios/generated_H2_512C_int8/1089-134686-0006_generated.wav | RTF: 0.1502(1.585s / 10.555s) | Generator RTF: 0.1497(1.580s / 10.555s)
generated_audios/generated_H2_512C_int8/1089-134686-0007_generated.wav | RTF: 0.1479(0.632s / 4.275s) | Generator RTF: 0.1470(0.629s / 4.275s)
generated_audios/generated_H2_512C_int8/1089-134686-0008_generated.wav | RTF: 0.1425(0.959s / 6.730s) | Generator RTF: 0.1421(0.956s / 6.730s)
generated_audios/generated_H2_512C_int8/1089-134686-0009_generated.wav | RTF: 0.1480(1.565s / 10.575s) | Generator RTF: 0.1477(1.561s / 10.575s)
generated_audios/generated_H2_512C_int8/1089-134686-0010_generated.wav | RTF: 0.1436(0.633s / 4.405s) | Generator RTF: 0.1428(0.629s / 4.405s)
generated_audios/generated_H2_512C_int8/1089-134686-0011_generated.wav | RTF: 0.1453(1.808s / 12.445s) | Generator RTF: 0.1449(1.803s / 12.445s)
generated_audios/generated_H2_512C_int8/1089-134686-0012_generated.wav | RTF: 0.1522(1.772s / 11.640s) | Generator RTF: 0.1518(1.767s / 11.640s)
generated_audios/generated_H2_512C_int8/1089-134686-0013_generated.wav | RTF: 0.1498(1.186s / 7.915s) | Generator RTF: 0.1493(1.182s / 7.915s)
generated_audios/generated_H2_512C_int8/1089-134686-0014_generated.wav | RTF: 0.1496(0.333s / 2.225s) | Generator RTF: 0.1480(0.329s / 2.225s)
generated_audios/generated_H2_512C_int8/1089-134686-0015_generated.wav | RTF: 0.1449(0.842s / 5.815s) | Generator RTF: 0.1442(0.839s / 5.815s)
generated_audios/generated_H2_512C_int8/1089-134686-0016_generated.wav | RTF: 0.1487(0.526s / 3.540s) | Generator RTF: 0.1476(0.523s / 3.540s)
generated_audios/generated_H2_512C_int8/1089-134686-0017_generated.wav | RTF: 0.1452(1.288s / 8.870s) | Generator RTF: 0.1447(1.284s / 8.870s)
generated_audios/generated_H2_512C_int8/1089-134686-0018_generated.wav | RTF: 0.1514(2.379s / 15.720s) | Generator RTF: 0.1511(2.375s / 15.720s)
generated_audios/generated_H2_512C_int8/1089-134686-0019_generated.wav | RTF: 0.1544(2.145s / 13.895s) | Generator RTF: 0.1540(2.140s / 13.895s)
generated_audios/generated_H2_512C_int8/1089-134686-0020_generated.wav | RTF: 0.1550(2.603s / 16.790s) | Generator RTF: 0.1547(2.597s / 16.790s)
generated_audios/generated_H2_512C_int8/1089-134686-0021_generated.wav | RTF: 0.1504(0.985s / 6.550s) | Generator RTF: 0.1498(0.981s / 6.550s)
generated_audios/generated_H2_512C_int8/1089-134686-0022_generated.wav | RTF: 0.1513(1.690s / 11.175s) | Generator RTF: 0.1508(1.686s / 11.175s)
generated_audios/generated_H2_512C_int8/1089-134686-0023_generated.wav | RTF: 0.1452(1.927s / 13.275s) | Generator RTF: 0.1448(1.922s / 13.275s)
generated_audios/generated_H2_512C_int8/1089-134686-0024_generated.wav | RTF: 0.1550(1.806s / 11.655s) | Generator RTF: 0.1545(1.801s / 11.655s)
generated_audios/generated_H2_512C_int8/1089-134686-0025_generated.wav | RTF: 0.1499(0.991s / 6.610s) | Generator RTF: 0.1494(0.987s / 6.610s)
generated_audios/generated_H2_512C_int8/1089-134686-0026_generated.wav | RTF: 0.1425(0.571s / 4.010s) | Generator RTF: 0.1416(0.568s / 4.010s)
generated_audios/generated_H2_512C_int8/1089-134686-0027_generated.wav | RTF: 0.1450(0.393s / 2.710s) | Generator RTF: 0.1437(0.389s / 2.710s)
generated_audios/generated_H2_512C_int8/1089-134686-0028_generated.wav | RTF: 0.1498(1.173s / 7.830s) | Generator RTF: 0.1493(1.169s / 7.830s)
generated_audios/generated_H2_512C_int8/1089-134686-0029_generated.wav | RTF: 0.1440(0.673s / 4.670s) | Generator RTF: 0.1432(0.669s / 4.670s)
generated_audios/generated_H2_512C_int8/1089-134686-0030_generated.wav | RTF: 0.1520(0.413s / 2.715s) | Generator RTF: 0.1506(0.409s / 2.715s)
generated_audios/generated_H2_512C_int8/1089-134686-0031_generated.wav | RTF: 0.1444(0.955s / 6.615s) | Generator RTF: 0.1438(0.951s / 6.615s)
generated_audios/generated_H2_512C_int8/121-121726-0000_generated.wav | RTF: 0.1421(1.202s / 8.460s) | Generator RTF: 0.1416(1.198s / 8.460s)
generated_audios/generated_H2_512C_int8/121-121726-0001_generated.wav | RTF: 0.1520(0.901s / 5.925s) | Generator RTF: 0.1513(0.897s / 5.925s)
generated_audios/generated_H2_512C_int8/121-121726-0002_generated.wav | RTF: 0.1465(0.646s / 4.410s) | Generator RTF: 0.1457(0.642s / 4.410s)
generated_audios/generated_H2_512C_int8/121-121726-0003_generated.wav | RTF: 0.1443(0.975s / 6.755s) | Generator RTF: 0.1437(0.971s / 6.755s)
generated_audios/generated_H2_512C_int8/121-121726-0004_generated.wav | RTF: 0.1413(0.568s / 4.020s) | Generator RTF: 0.1404(0.564s / 4.020s)
generated_audios/generated_H2_512C_int8/121-121726-0005_generated.wav | RTF: 0.1442(0.447s / 3.100s) | Generator RTF: 0.1431(0.444s / 3.100s)
generated_audios/generated_H2_512C_int8/121-121726-0006_generated.wav | RTF: 0.1401(0.546s / 3.895s) | Generator RTF: 0.1392(0.542s / 3.895s)
generated_audios/generated_H2_512C_int8/121-121726-0007_generated.wav | RTF: 0.1452(0.977s / 6.730s) | Generator RTF: 0.1446(0.973s / 6.730s)
generated_audios/generated_H2_512C_int8/121-121726-0008_generated.wav | RTF: 0.1496(0.747s / 4.990s) | Generator RTF: 0.1489(0.743s / 4.990s)
generated_audios/generated_H2_512C_int8/121-121726-0009_generated.wav | RTF: 0.1471(1.068s / 7.260s) | Generator RTF: 0.1466(1.064s / 7.260s)
generated_audios/generated_H2_512C_int8/121-121726-0010_generated.wav | RTF: 0.1494(1.466s / 9.810s) | Generator RTF: 0.1490(1.461s / 9.810s)
generated_audios/generated_H2_512C_int8/121-121726-0011_generated.wav | RTF: 0.1465(0.591s / 4.035s) | Generator RTF: 0.1455(0.587s / 4.035s)
generated_audios/generated_H2_512C_int8/121-121726-0012_generated.wav | RTF: 0.1409(0.570s / 4.045s) | Generator RTF: 0.1402(0.567s / 4.045s)
generated_audios/generated_H2_512C_int8/121-121726-0013_generated.wav | RTF: 0.1407(0.350s / 2.490s) | Generator RTF: 0.1397(0.348s / 2.490s)
generated_audios/generated_H2_512C_int8/121-121726-0014_generated.wav | RTF: 0.1478(0.468s / 3.165s) | Generator RTF: 0.1468(0.465s / 3.165s)
generated_audios/generated_H2_512C_int8/121-123852-0000_generated.wav | RTF: 0.1531(2.709s / 17.695s) | Generator RTF: 0.1528(2.704s / 17.695s)
generated_audios/generated_H2_512C_int8/121-123852-0001_generated.wav | RTF: 0.1449(0.271s / 1.870s) | Generator RTF: 0.1430(0.267s / 1.870s)
generated_audios/generated_H2_512C_int8/121-123852-0002_generated.wav | RTF: 0.1594(2.755s / 17.285s) | Generator RTF: 0.1591(2.750s / 17.285s)
generated_audios/generated_H2_512C_int8/121-123852-0003_generated.wav | RTF: 0.2726(6.408s / 23.505s) | Generator RTF: 0.2723(6.401s / 23.505s)
generated_audios/generated_H2_512C_int8/121-123852-0004_generated.wav | RTF: 0.2477(4.035s / 16.290s) | Generator RTF: 0.2473(4.029s / 16.290s)
generated_audios/generated_H2_512C_int8/121-123859-0000_generated.wav | RTF: 0.2440(4.244s / 17.390s) | Generator RTF: 0.2438(4.239s / 17.390s)
generated_audios/generated_H2_512C_int8/121-123859-0001_generated.wav | RTF: 0.2716(6.898s / 25.395s) | Generator RTF: 0.2714(6.892s / 25.395s)
generated_audios/generated_H2_512C_int8/121-123859-0002_generated.wav | RTF: 0.2653(7.970s / 30.040s) | Generator RTF: 0.2651(7.963s / 30.040s)
generated_audios/generated_H2_512C_int8/121-123859-0003_generated.wav | RTF: 0.2328(2.520s / 10.825s) | Generator RTF: 0.2324(2.515s / 10.825s)
generated_audios/generated_H2_512C_int8/121-123859-0004_generated.wav | RTF: 0.2429(2.309s / 9.505s) | Generator RTF: 0.2425(2.305s / 9.505s)
generated_audios/generated_H2_512C_int8/121-127105-0000_generated.wav | RTF: 0.2444(2.413s / 9.875s) | Generator RTF: 0.2440(2.409s / 9.875s)
generated_audios/generated_H2_512C_int8/121-127105-0001_generated.wav | RTF: 0.2391(1.202s / 5.025s) | Generator RTF: 0.2385(1.198s / 5.025s)
generated_audios/generated_H2_512C_int8/121-127105-0002_generated.wav | RTF: 0.2393(1.794s / 7.495s) | Generator RTF: 0.2387(1.789s / 7.495s)
generated_audios/generated_H2_512C_int8/121-127105-0003_generated.wav | RTF: 0.2404(1.857s / 7.725s) | Generator RTF: 0.2399(1.853s / 7.725s)
generated_audios/generated_H2_512C_int8/121-127105-0004_generated.wav | RTF: 0.2555(0.539s / 2.110s) | Generator RTF: 0.2538(0.536s / 2.110s)
generated_audios/generated_H2_512C_int8/121-127105-0005_generated.wav | RTF: 0.2359(1.373s / 5.820s) | Generator RTF: 0.2353(1.370s / 5.820s)
generated_audios/generated_H2_512C_int8/121-127105-0006_generated.wav | RTF: 0.2380(1.124s / 4.725s) | Generator RTF: 0.2372(1.121s / 4.725s)
generated_audios/generated_H2_512C_int8/121-127105-0007_generated.wav | RTF: 0.2324(1.345s / 5.790s) | Generator RTF: 0.2317(1.341s / 5.790s)
generated_audios/generated_H2_512C_int8/121-127105-0008_generated.wav | RTF: 0.2281(0.630s / 2.760s) | Generator RTF: 0.2269(0.626s / 2.760s)
generated_audios/generated_H2_512C_int8/121-127105-0009_generated.wav | RTF: 0.2417(0.554s / 2.290s) | Generator RTF: 0.2403(0.550s / 2.290s)
generated_audios/generated_H2_512C_int8/121-127105-0010_generated.wav | RTF: 0.2430(0.693s / 2.850s) | Generator RTF: 0.2419(0.690s / 2.850s)
generated_audios/generated_H2_512C_int8/121-127105-0011_generated.wav | RTF: 0.2399(1.386s / 5.780s) | Generator RTF: 0.2392(1.383s / 5.780s)
generated_audios/generated_H2_512C_int8/121-127105-0012_generated.wav | RTF: 0.2539(1.226s / 4.830s) | Generator RTF: 0.2531(1.223s / 4.830s)
generated_audios/generated_H2_512C_int8/121-127105-0013_generated.wav | RTF: 0.2365(1.394s / 5.895s) | Generator RTF: 0.2358(1.390s / 5.895s)
generated_audios/generated_H2_512C_int8/121-127105-0014_generated.wav | RTF: 0.2417(0.545s / 2.255s) | Generator RTF: 0.2402(0.542s / 2.255s)
generated_audios/generated_H2_512C_int8/121-127105-0015_generated.wav | RTF: 0.2388(0.707s / 2.960s) | Generator RTF: 0.2377(0.704s / 2.960s)
generated_audios/generated_H2_512C_int8/121-127105-0016_generated.wav | RTF: 0.2241(0.455s / 2.030s) | Generator RTF: 0.2225(0.452s / 2.030s)
generated_audios/generated_H2_512C_int8/121-127105-0017_generated.wav | RTF: 0.2375(0.640s / 2.695s) | Generator RTF: 0.2363(0.637s / 2.695s)
generated_audios/generated_H2_512C_int8/121-127105-0018_generated.wav | RTF: 0.2401(0.665s / 2.770s) | Generator RTF: 0.2389(0.662s / 2.770s)
generated_audios/generated_H2_512C_int8/121-127105-0019_generated.wav | RTF: 0.2323(0.819s / 3.525s) | Generator RTF: 0.2314(0.816s / 3.525s)
generated_audios/generated_H2_512C_int8/121-127105-0020_generated.wav | RTF: 0.2361(3.389s / 14.355s) | Generator RTF: 0.2357(3.384s / 14.355s)
generated_audios/generated_H2_512C_int8/121-127105-0021_generated.wav | RTF: 0.2457(0.491s / 2.000s) | Generator RTF: 0.2440(0.488s / 2.000s)
generated_audios/generated_H2_512C_int8/121-127105-0022_generated.wav | RTF: 0.2427(1.232s / 5.075s) | Generator RTF: 0.2420(1.228s / 5.075s)
generated_audios/generated_H2_512C_int8/121-127105-0023_generated.wav | RTF: 0.2378(2.594s / 10.910s) | Generator RTF: 0.2374(2.590s / 10.910s)
generated_audios/generated_H2_512C_int8/121-127105-0024_generated.wav | RTF: 0.2384(3.445s / 14.450s) | Generator RTF: 0.2381(3.440s / 14.450s)
generated_audios/generated_H2_512C_int8/121-127105-0025_generated.wav | RTF: 0.2402(3.858s / 16.065s) | Generator RTF: 0.2399(3.854s / 16.065s)
generated_audios/generated_H2_512C_int8/121-127105-0026_generated.wav | RTF: 0.2356(1.774s / 7.530s) | Generator RTF: 0.2351(1.770s / 7.530s)
generated_audios/generated_H2_512C_int8/121-127105-0027_generated.wav | RTF: 0.2365(3.280s / 13.870s) | Generator RTF: 0.2362(3.276s / 13.870s)
generated_audios/generated_H2_512C_int8/121-127105-0028_generated.wav | RTF: 0.1346(0.908s / 6.750s) | Generator RTF: 0.1340(0.904s / 6.750s)
generated_audios/generated_H2_512C_int8/121-127105-0029_generated.wav | RTF: 0.2412(1.763s / 7.310s) | Generator RTF: 0.2407(1.760s / 7.310s)
generated_audios/generated_H2_512C_int8/121-127105-0030_generated.wav | RTF: 0.2483(0.540s / 2.175s) | Generator RTF: 0.2469(0.537s / 2.175s)
generated_audios/generated_H2_512C_int8/121-127105-0031_generated.wav | RTF: 0.2359(2.539s / 10.765s) | Generator RTF: 0.2355(2.535s / 10.765s)
generated_audios/generated_H2_512C_int8/121-127105-0032_generated.wav | RTF: 0.2320(0.735s / 3.170s) | Generator RTF: 0.2309(0.732s / 3.170s)
generated_audios/generated_H2_512C_int8/121-127105-0033_generated.wav | RTF: 0.2423(0.571s / 2.355s) | Generator RTF: 0.2410(0.568s / 2.355s)
generated_audios/generated_H2_512C_int8/121-127105-0034_generated.wav | RTF: 0.2386(1.768s / 7.410s) | Generator RTF: 0.2381(1.765s / 7.410s)
generated_audios/generated_H2_512C_int8/121-127105-0035_generated.wav | RTF: 0.2365(3.347s / 14.150s) | Generator RTF: 0.2362(3.342s / 14.150s)
generated_audios/generated_H2_512C_int8/121-127105-0036_generated.wav | RTF: 0.2333(0.968s / 4.150s) | Generator RTF: 0.2324(0.964s / 4.150s)
generated_audios/generated_H2_512C_int8/237-126133-0000_generated.wav | RTF: 0.2407(3.199s / 13.290s) | Generator RTF: 0.2403(3.194s / 13.290s)
generated_audios/generated_H2_512C_int8/237-126133-0001_generated.wav | RTF: 0.2364(2.829s / 11.965s) | Generator RTF: 0.2360(2.824s / 11.965s)
generated_audios/generated_H2_512C_int8/237-126133-0002_generated.wav | RTF: 0.2599(2.318s / 8.920s) | Generator RTF: 0.2594(2.314s / 8.920s)
generated_audios/generated_H2_512C_int8/237-126133-0003_generated.wav | RTF: 0.2391(1.568s / 6.560s) | Generator RTF: 0.2385(1.564s / 6.560s)
generated_audios/generated_H2_512C_int8/237-126133-0004_generated.wav | RTF: 0.2339(0.771s / 3.295s) | Generator RTF: 0.2329(0.767s / 3.295s)
generated_audios/generated_H2_512C_int8/237-126133-0005_generated.wav | RTF: 0.2441(1.589s / 6.510s) | Generator RTF: 0.2435(1.585s / 6.510s)
generated_audios/generated_H2_512C_int8/237-126133-0006_generated.wav | RTF: 0.2343(1.441s / 6.150s) | Generator RTF: 0.2337(1.437s / 6.150s)
generated_audios/generated_H2_512C_int8/237-126133-0007_generated.wav | RTF: 0.2355(2.044s / 8.680s) | Generator RTF: 0.2351(2.040s / 8.680s)
generated_audios/generated_H2_512C_int8/237-126133-0008_generated.wav | RTF: 0.2368(0.915s / 3.865s) | Generator RTF: 0.2359(0.912s / 3.865s)
generated_audios/generated_H2_512C_int8/237-126133-0009_generated.wav | RTF: 0.2349(0.932s / 3.970s) | Generator RTF: 0.2340(0.929s / 3.970s)
generated_audios/generated_H2_512C_int8/237-126133-0010_generated.wav | RTF: 0.2337(1.458s / 6.240s) | Generator RTF: 0.2331(1.454s / 6.240s)
generated_audios/generated_H2_512C_int8/237-126133-0011_generated.wav | RTF: 0.2338(1.569s / 6.710s) | Generator RTF: 0.2333(1.565s / 6.710s)
generated_audios/generated_H2_512C_int8/237-126133-0012_generated.wav | RTF: 0.2351(1.046s / 4.450s) | Generator RTF: 0.2343(1.043s / 4.450s)
generated_audios/generated_H2_512C_int8/237-126133-0013_generated.wav | RTF: 0.2367(1.613s / 6.815s) | Generator RTF: 0.2362(1.610s / 6.815s)
generated_audios/generated_H2_512C_int8/237-126133-0014_generated.wav | RTF: 0.2396(1.627s / 6.790s) | Generator RTF: 0.2391(1.623s / 6.790s)
generated_audios/generated_H2_512C_int8/237-126133-0015_generated.wav | RTF: 0.2325(2.172s / 9.340s) | Generator RTF: 0.2321(2.168s / 9.340s)
generated_audios/generated_H2_512C_int8/237-126133-0016_generated.wav | RTF: 0.2237(0.951s / 4.250s) | Generator RTF: 0.2229(0.947s / 4.250s)
generated_audios/generated_H2_512C_int8/237-126133-0017_generated.wav | RTF: 0.2368(1.470s / 6.210s) | Generator RTF: 0.2362(1.467s / 6.210s)
generated_audios/generated_H2_512C_int8/237-126133-0018_generated.wav | RTF: 0.2513(1.029s / 4.095s) | Generator RTF: 0.2505(1.026s / 4.095s)
generated_audios/generated_H2_512C_int8/237-126133-0019_generated.wav | RTF: 0.2338(1.665s / 7.120s) | Generator RTF: 0.2332(1.661s / 7.120s)
generated_audios/generated_H2_512C_int8/237-126133-0020_generated.wav | RTF: 0.2445(0.548s / 2.240s) | Generator RTF: 0.2433(0.545s / 2.240s)
generated_audios/generated_H2_512C_int8/237-126133-0021_generated.wav | RTF: 0.2281(0.996s / 4.365s) | Generator RTF: 0.2274(0.992s / 4.365s)
generated_audios/generated_H2_512C_int8/237-126133-0022_generated.wav | RTF: 0.2423(1.221s / 5.040s) | Generator RTF: 0.2416(1.217s / 5.040s)
generated_audios/generated_H2_512C_int8/237-126133-0023_generated.wav | RTF: 0.2394(1.598s / 6.675s) | Generator RTF: 0.2389(1.595s / 6.675s)
generated_audios/generated_H2_512C_int8/237-126133-0024_generated.wav | RTF: 0.2621(2.533s / 9.665s) | Generator RTF: 0.2617(2.529s / 9.665s)
generated_audios/generated_H2_512C_int8/237-126133-0025_generated.wav | RTF: 0.2400(0.901s / 3.755s) | Generator RTF: 0.2391(0.898s / 3.755s)
generated_audios/generated_H2_512C_int8/237-134493-0000_generated.wav | RTF: 0.2365(0.971s / 4.105s) | Generator RTF: 0.2356(0.967s / 4.105s)
generated_audios/generated_H2_512C_int8/237-134493-0001_generated.wav | RTF: 0.2351(1.735s / 7.380s) | Generator RTF: 0.2347(1.732s / 7.380s)
generated_audios/generated_H2_512C_int8/237-134493-0002_generated.wav | RTF: 0.2393(2.727s / 11.395s) | Generator RTF: 0.2390(2.723s / 11.395s)
generated_audios/generated_H2_512C_int8/237-134493-0003_generated.wav | RTF: 0.2374(3.031s / 12.765s) | Generator RTF: 0.2371(3.027s / 12.765s)
generated_audios/generated_H2_512C_int8/237-134493-0004_generated.wav | RTF: 0.2361(1.611s / 6.825s) | Generator RTF: 0.2355(1.607s / 6.825s)
generated_audios/generated_H2_512C_int8/237-134493-0005_generated.wav | RTF: 0.2324(2.544s / 10.945s) | Generator RTF: 0.2321(2.540s / 10.945s)
generated_audios/generated_H2_512C_int8/237-134493-0006_generated.wav | RTF: 0.2310(1.015s / 4.395s) | Generator RTF: 0.2302(1.012s / 4.395s)
generated_audios/generated_H2_512C_int8/237-134493-0007_generated.wav | RTF: 0.2418(0.492s / 2.035s) | Generator RTF: 0.2401(0.489s / 2.035s)
generated_audios/generated_H2_512C_int8/237-134493-0008_generated.wav | RTF: 0.2373(0.547s / 2.305s) | Generator RTF: 0.2359(0.544s / 2.305s)
generated_audios/generated_H2_512C_int8/237-134493-0009_generated.wav | RTF: 0.2969(0.883s / 2.975s) | Generator RTF: 0.2958(0.880s / 2.975s)
generated_audios/generated_H2_512C_int8/237-134493-0010_generated.wav | RTF: 0.2426(0.697s / 2.875s) | Generator RTF: 0.2415(0.694s / 2.875s)
generated_audios/generated_H2_512C_int8/237-134493-0011_generated.wav | RTF: 0.2442(1.230s / 5.035s) | Generator RTF: 0.2435(1.226s / 5.035s)
generated_audios/generated_H2_512C_int8/237-134493-0012_generated.wav | RTF: 0.2303(0.843s / 3.660s) | Generator RTF: 0.2294(0.840s / 3.660s)
generated_audios/generated_H2_512C_int8/237-134493-0013_generated.wav | RTF: 0.1456(0.595s / 4.090s) | Generator RTF: 0.1448(0.592s / 4.090s)
generated_audios/generated_H2_512C_int8/237-134493-0014_generated.wav | RTF: 0.2282(0.844s / 3.700s) | Generator RTF: 0.2273(0.841s / 3.700s)
generated_audios/generated_H2_512C_int8/237-134493-0015_generated.wav | RTF: 0.1449(0.949s / 6.550s) | Generator RTF: 0.1443(0.945s / 6.550s)
generated_audios/generated_H2_512C_int8/237-134493-0016_generated.wav | RTF: 0.2377(2.398s / 10.085s) | Generator RTF: 0.2374(2.394s / 10.085s)
generated_audios/generated_H2_512C_int8/237-134493-0017_generated.wav | RTF: 0.2506(2.282s / 9.105s) | Generator RTF: 0.2501(2.278s / 9.105s)
generated_audios/generated_H2_512C_int8/237-134493-0018_generated.wav | RTF: 0.2416(1.157s / 4.790s) | Generator RTF: 0.2408(1.153s / 4.790s)
generated_audios/generated_H2_512C_int8/237-134500-0000_generated.wav | RTF: 0.2410(1.477s / 6.130s) | Generator RTF: 0.2404(1.473s / 6.130s)
generated_audios/generated_H2_512C_int8/237-134500-0001_generated.wav | RTF: 0.2539(0.460s / 1.810s) | Generator RTF: 0.2521(0.456s / 1.810s)
generated_audios/generated_H2_512C_int8/237-134500-0002_generated.wav | RTF: 0.2398(1.216s / 5.070s) | Generator RTF: 0.2391(1.212s / 5.070s)
generated_audios/generated_H2_512C_int8/237-134500-0003_generated.wav | RTF: 0.1370(0.434s / 3.170s) | Generator RTF: 0.1358(0.431s / 3.170s)
generated_audios/generated_H2_512C_int8/237-134500-0004_generated.wav | RTF: 0.1425(0.317s / 2.225s) | Generator RTF: 0.1410(0.314s / 2.225s)
generated_audios/generated_H2_512C_int8/237-134500-0005_generated.wav | RTF: 0.2426(0.580s / 2.390s) | Generator RTF: 0.2412(0.576s / 2.390s)
generated_audios/generated_H2_512C_int8/237-134500-0006_generated.wav | RTF: 0.2320(0.980s / 4.225s) | Generator RTF: 0.2311(0.977s / 4.225s)
generated_audios/generated_H2_512C_int8/237-134500-0007_generated.wav | RTF: 0.1410(0.337s / 2.390s) | Generator RTF: 0.1396(0.334s / 2.390s)
generated_audios/generated_H2_512C_int8/237-134500-0008_generated.wav | RTF: 0.1390(0.523s / 3.760s) | Generator RTF: 0.1380(0.519s / 3.760s)
generated_audios/generated_H2_512C_int8/237-134500-0009_generated.wav | RTF: 0.1443(0.320s / 2.220s) | Generator RTF: 0.1428(0.317s / 2.220s)
generated_audios/generated_H2_512C_int8/237-134500-0010_generated.wav | RTF: 0.2433(0.972s / 3.995s) | Generator RTF: 0.2424(0.968s / 3.995s)
generated_audios/generated_H2_512C_int8/237-134500-0011_generated.wav | RTF: 0.2389(0.800s / 3.350s) | Generator RTF: 0.2378(0.797s / 3.350s)
generated_audios/generated_H2_512C_int8/237-134500-0012_generated.wav | RTF: 0.2389(2.613s / 10.935s) | Generator RTF: 0.2385(2.608s / 10.935s)
generated_audios/generated_H2_512C_int8/237-134500-0013_generated.wav | RTF: 0.1422(1.502s / 10.560s) | Generator RTF: 0.1418(1.498s / 10.560s)
generated_audios/generated_H2_512C_int8/237-134500-0014_generated.wav | RTF: 0.1366(0.581s / 4.250s) | Generator RTF: 0.1357(0.577s / 4.250s)
generated_audios/generated_H2_512C_int8/237-134500-0015_generated.wav | RTF: 0.2447(2.647s / 10.815s) | Generator RTF: 0.2444(2.643s / 10.815s)
generated_audios/generated_H2_512C_int8/237-134500-0016_generated.wav | RTF: 0.1474(0.466s / 3.160s) | Generator RTF: 0.1462(0.462s / 3.160s)
generated_audios/generated_H2_512C_int8/237-134500-0017_generated.wav | RTF: 0.1376(0.300s / 2.180s) | Generator RTF: 0.1366(0.298s / 2.180s)
generated_audios/generated_H2_512C_int8/237-134500-0018_generated.wav | RTF: 0.2386(3.065s / 12.845s) | Generator RTF: 0.2382(3.060s / 12.845s)
generated_audios/generated_H2_512C_int8/237-134500-0019_generated.wav | RTF: 0.2248(0.643s / 2.860s) | Generator RTF: 0.2236(0.640s / 2.860s)
generated_audios/generated_H2_512C_int8/237-134500-0020_generated.wav | RTF: 0.1372(0.299s / 2.180s) | Generator RTF: 0.1357(0.296s / 2.180s)
generated_audios/generated_H2_512C_int8/237-134500-0021_generated.wav | RTF: 0.2297(1.176s / 5.120s) | Generator RTF: 0.2290(1.172s / 5.120s)
generated_audios/generated_H2_512C_int8/237-134500-0022_generated.wav | RTF: 0.2418(1.249s / 5.165s) | Generator RTF: 0.2410(1.245s / 5.165s)
generated_audios/generated_H2_512C_int8/237-134500-0023_generated.wav | RTF: 0.2436(0.745s / 3.060s) | Generator RTF: 0.2424(0.742s / 3.060s)
generated_audios/generated_H2_512C_int8/237-134500-0024_generated.wav | RTF: 0.1374(0.606s / 4.410s) | Generator RTF: 0.1365(0.602s / 4.410s)
generated_audios/generated_H2_512C_int8/237-134500-0025_generated.wav | RTF: 0.2603(0.424s / 1.630s) | Generator RTF: 0.2583(0.421s / 1.630s)
generated_audios/generated_H2_512C_int8/237-134500-0026_generated.wav | RTF: 0.2409(0.735s / 3.050s) | Generator RTF: 0.2398(0.732s / 3.050s)
generated_audios/generated_H2_512C_int8/237-134500-0027_generated.wav | RTF: 0.2359(0.771s / 3.270s) | Generator RTF: 0.2349(0.768s / 3.270s)
generated_audios/generated_H2_512C_int8/237-134500-0028_generated.wav | RTF: 0.2409(1.090s / 4.525s) | Generator RTF: 0.2401(1.087s / 4.525s)
generated_audios/generated_H2_512C_int8/237-134500-0029_generated.wav | RTF: 0.2315(0.478s / 2.065s) | Generator RTF: 0.2304(0.476s / 2.065s)
generated_audios/generated_H2_512C_int8/237-134500-0030_generated.wav | RTF: 0.2355(0.655s / 2.780s) | Generator RTF: 0.2343(0.651s / 2.780s)
generated_audios/generated_H2_512C_int8/237-134500-0031_generated.wav | RTF: 0.2364(2.508s / 10.610s) | Generator RTF: 0.2360(2.503s / 10.610s)
generated_audios/generated_H2_512C_int8/237-134500-0032_generated.wav | RTF: 0.1439(0.723s / 5.025s) | Generator RTF: 0.1431(0.719s / 5.025s)
generated_audios/generated_H2_512C_int8/237-134500-0033_generated.wav | RTF: 0.2353(1.494s / 6.350s) | Generator RTF: 0.2348(1.491s / 6.350s)
generated_audios/generated_H2_512C_int8/237-134500-0034_generated.wav | RTF: 0.2365(0.727s / 3.075s) | Generator RTF: 0.2354(0.724s / 3.075s)
generated_audios/generated_H2_512C_int8/237-134500-0035_generated.wav | RTF: 0.2394(0.612s / 2.555s) | Generator RTF: 0.2380(0.608s / 2.555s)
generated_audios/generated_H2_512C_int8/237-134500-0036_generated.wav | RTF: 0.2382(1.572s / 6.600s) | Generator RTF: 0.2378(1.569s / 6.600s)
generated_audios/generated_H2_512C_int8/237-134500-0037_generated.wav | RTF: 0.2393(1.700s / 7.105s) | Generator RTF: 0.2388(1.697s / 7.105s)
generated_audios/generated_H2_512C_int8/237-134500-0038_generated.wav | RTF: 0.2412(0.587s / 2.435s) | Generator RTF: 0.2398(0.584s / 2.435s)
generated_audios/generated_H2_512C_int8/237-134500-0039_generated.wav | RTF: 0.2368(1.097s / 4.630s) | Generator RTF: 0.2360(1.093s / 4.630s)
generated_audios/generated_H2_512C_int8/237-134500-0040_generated.wav | RTF: 0.1375(0.554s / 4.030s) | Generator RTF: 0.1368(0.551s / 4.030s)
generated_audios/generated_H2_512C_int8/237-134500-0041_generated.wav | RTF: 0.1947(1.737s / 8.920s) | Generator RTF: 0.1942(1.733s / 8.920s)
generated_audios/generated_H2_512C_int8/237-134500-0042_generated.wav | RTF: 0.2481(0.639s / 2.575s) | Generator RTF: 0.2468(0.636s / 2.575s)
generated_audios/generated_H2_512C_int8/260-123286-0000_generated.wav | RTF: 0.2330(1.640s / 7.040s) | Generator RTF: 0.2326(1.638s / 7.040s)
generated_audios/generated_H2_512C_int8/260-123286-0001_generated.wav | RTF: 0.1390(0.427s / 3.070s) | Generator RTF: 0.1378(0.423s / 3.070s)
generated_audios/generated_H2_512C_int8/260-123286-0002_generated.wav | RTF: 0.2402(2.399s / 9.985s) | Generator RTF: 0.2398(2.395s / 9.985s)
generated_audios/generated_H2_512C_int8/260-123286-0003_generated.wav | RTF: 0.2331(1.718s / 7.370s) | Generator RTF: 0.2325(1.714s / 7.370s)
generated_audios/generated_H2_512C_int8/260-123286-0004_generated.wav | RTF: 0.2387(0.827s / 3.465s) | Generator RTF: 0.2377(0.824s / 3.465s)
generated_audios/generated_H2_512C_int8/260-123286-0005_generated.wav | RTF: 0.2315(1.113s / 4.810s) | Generator RTF: 0.2308(1.110s / 4.810s)
generated_audios/generated_H2_512C_int8/260-123286-0006_generated.wav | RTF: 0.2401(1.778s / 7.405s) | Generator RTF: 0.2395(1.774s / 7.405s)
generated_audios/generated_H2_512C_int8/260-123286-0007_generated.wav | RTF: 0.2380(1.083s / 4.550s) | Generator RTF: 0.2372(1.079s / 4.550s)
generated_audios/generated_H2_512C_int8/260-123286-0008_generated.wav | RTF: 0.2298(0.858s / 3.735s) | Generator RTF: 0.2288(0.855s / 3.735s)
generated_audios/generated_H2_512C_int8/260-123286-0009_generated.wav | RTF: 0.2348(1.361s / 5.795s) | Generator RTF: 0.2341(1.357s / 5.795s)
generated_audios/generated_H2_512C_int8/260-123286-0010_generated.wav | RTF: 0.1426(0.367s / 2.575s) | Generator RTF: 0.1418(0.365s / 2.575s)
generated_audios/generated_H2_512C_int8/260-123286-0011_generated.wav | RTF: 0.1417(0.603s / 4.255s) | Generator RTF: 0.1409(0.599s / 4.255s)
generated_audios/generated_H2_512C_int8/260-123286-0012_generated.wav | RTF: 0.1438(0.350s / 2.430s) | Generator RTF: 0.1424(0.346s / 2.430s)
generated_audios/generated_H2_512C_int8/260-123286-0013_generated.wav | RTF: 0.2354(1.113s / 4.730s) | Generator RTF: 0.2346(1.110s / 4.730s)
generated_audios/generated_H2_512C_int8/260-123286-0014_generated.wav | RTF: 0.1824(0.544s / 2.980s) | Generator RTF: 0.1812(0.540s / 2.980s)
generated_audios/generated_H2_512C_int8/260-123286-0015_generated.wav | RTF: 0.2574(1.341s / 5.210s) | Generator RTF: 0.2566(1.337s / 5.210s)
generated_audios/generated_H2_512C_int8/260-123286-0016_generated.wav | RTF: 0.2426(1.698s / 7.000s) | Generator RTF: 0.2420(1.694s / 7.000s)
generated_audios/generated_H2_512C_int8/260-123286-0017_generated.wav | RTF: 0.2310(0.918s / 3.975s) | Generator RTF: 0.2301(0.915s / 3.975s)
generated_audios/generated_H2_512C_int8/260-123286-0018_generated.wav | RTF: 0.2405(1.364s / 5.670s) | Generator RTF: 0.2399(1.360s / 5.670s)
generated_audios/generated_H2_512C_int8/260-123286-0019_generated.wav | RTF: 0.2384(2.838s / 11.905s) | Generator RTF: 0.2380(2.833s / 11.905s)
generated_audios/generated_H2_512C_int8/260-123286-0020_generated.wav | RTF: 0.1385(0.424s / 3.060s) | Generator RTF: 0.1374(0.420s / 3.060s)
generated_audios/generated_H2_512C_int8/260-123286-0021_generated.wav | RTF: 0.2317(0.591s / 2.550s) | Generator RTF: 0.2303(0.587s / 2.550s)
generated_audios/generated_H2_512C_int8/260-123286-0022_generated.wav | RTF: 0.2401(0.777s / 3.235s) | Generator RTF: 0.2391(0.773s / 3.235s)
generated_audios/generated_H2_512C_int8/260-123286-0023_generated.wav | RTF: 0.2412(1.417s / 5.875s) | Generator RTF: 0.2406(1.414s / 5.875s)
generated_audios/generated_H2_512C_int8/260-123286-0024_generated.wav | RTF: 0.2267(0.689s / 3.040s) | Generator RTF: 0.2255(0.686s / 3.040s)
generated_audios/generated_H2_512C_int8/260-123286-0025_generated.wav | RTF: 0.2365(2.177s / 9.205s) | Generator RTF: 0.2361(2.173s / 9.205s)
generated_audios/generated_H2_512C_int8/260-123286-0026_generated.wav | RTF: 0.2385(1.655s / 6.940s) | Generator RTF: 0.2380(1.651s / 6.940s)
generated_audios/generated_H2_512C_int8/260-123286-0027_generated.wav | RTF: 0.2343(1.680s / 7.170s) | Generator RTF: 0.2338(1.676s / 7.170s)
generated_audios/generated_H2_512C_int8/260-123286-0028_generated.wav | RTF: 0.2376(1.774s / 7.465s) | Generator RTF: 0.2371(1.770s / 7.465s)
generated_audios/generated_H2_512C_int8/260-123286-0029_generated.wav | RTF: 0.1331(0.605s / 4.545s) | Generator RTF: 0.1323(0.601s / 4.545s)
generated_audios/generated_H2_512C_int8/260-123286-0030_generated.wav | RTF: 0.1473(1.109s / 7.530s) | Generator RTF: 0.1469(1.106s / 7.530s)
generated_audios/generated_H2_512C_int8/260-123286-0031_generated.wav | RTF: 0.2323(1.175s / 5.060s) | Generator RTF: 0.2315(1.172s / 5.060s)
generated_audios/generated_H2_512C_int8/260-123288-0000_generated.wav | RTF: 0.1374(0.418s / 3.040s) | Generator RTF: 0.1362(0.414s / 3.040s)
generated_audios/generated_H2_512C_int8/260-123288-0001_generated.wav | RTF: 0.1412(0.717s / 5.080s) | Generator RTF: 0.1405(0.714s / 5.080s)
generated_audios/generated_H2_512C_int8/260-123288-0002_generated.wav | RTF: 0.2429(1.761s / 7.250s) | Generator RTF: 0.2424(1.757s / 7.250s)
generated_audios/generated_H2_512C_int8/260-123288-0003_generated.wav | RTF: 0.2382(2.121s / 8.905s) | Generator RTF: 0.2377(2.117s / 8.905s)
generated_audios/generated_H2_512C_int8/260-123288-0004_generated.wav | RTF: 0.2314(0.998s / 4.310s) | Generator RTF: 0.2306(0.994s / 4.310s)
generated_audios/generated_H2_512C_int8/260-123288-0005_generated.wav | RTF: 0.2381(2.988s / 12.550s) | Generator RTF: 0.2377(2.984s / 12.550s)
generated_audios/generated_H2_512C_int8/260-123288-0006_generated.wav | RTF: 0.2383(1.163s / 4.880s) | Generator RTF: 0.2375(1.159s / 4.880s)
generated_audios/generated_H2_512C_int8/260-123288-0007_generated.wav | RTF: 0.2421(2.711s / 11.200s) | Generator RTF: 0.2417(2.707s / 11.200s)
generated_audios/generated_H2_512C_int8/260-123288-0008_generated.wav | RTF: 0.2431(1.340s / 5.515s) | Generator RTF: 0.2423(1.336s / 5.515s)
generated_audios/generated_H2_512C_int8/260-123288-0009_generated.wav | RTF: 0.2405(0.826s / 3.435s) | Generator RTF: 0.2395(0.823s / 3.435s)
generated_audios/generated_H2_512C_int8/260-123288-0010_generated.wav | RTF: 0.1411(1.410s / 9.995s) | Generator RTF: 0.1407(1.406s / 9.995s)
generated_audios/generated_H2_512C_int8/260-123288-0011_generated.wav | RTF: 0.2386(2.142s / 8.980s) | Generator RTF: 0.2381(2.138s / 8.980s)
generated_audios/generated_H2_512C_int8/260-123288-0012_generated.wav | RTF: 0.2423(0.859s / 3.545s) | Generator RTF: 0.2414(0.856s / 3.545s)
generated_audios/generated_H2_512C_int8/260-123288-0013_generated.wav | RTF: 0.2440(2.777s / 11.385s) | Generator RTF: 0.2436(2.773s / 11.385s)
generated_audios/generated_H2_512C_int8/260-123288-0014_generated.wav | RTF: 0.1467(0.265s / 1.805s) | Generator RTF: 0.1449(0.262s / 1.805s)
generated_audios/generated_H2_512C_int8/260-123288-0015_generated.wav | RTF: 0.2564(5.432s / 21.185s) | Generator RTF: 0.2562(5.427s / 21.185s)
generated_audios/generated_H2_512C_int8/260-123288-0016_generated.wav | RTF: 0.2362(1.149s / 4.865s) | Generator RTF: 0.2354(1.145s / 4.865s)
generated_audios/generated_H2_512C_int8/260-123288-0017_generated.wav | RTF: 0.2256(1.179s / 5.225s) | Generator RTF: 0.2249(1.175s / 5.225s)
generated_audios/generated_H2_512C_int8/260-123288-0018_generated.wav | RTF: 0.2307(0.749s / 3.245s) | Generator RTF: 0.2296(0.745s / 3.245s)
generated_audios/generated_H2_512C_int8/260-123288-0019_generated.wav | RTF: 0.1375(0.406s / 2.955s) | Generator RTF: 0.1363(0.403s / 2.955s)
generated_audios/generated_H2_512C_int8/260-123288-0020_generated.wav | RTF: 0.2269(0.658s / 2.900s) | Generator RTF: 0.2257(0.655s / 2.900s)
generated_audios/generated_H2_512C_int8/260-123288-0021_generated.wav | RTF: 0.1422(0.385s / 2.710s) | Generator RTF: 0.1409(0.382s / 2.710s)
generated_audios/generated_H2_512C_int8/260-123288-0022_generated.wav | RTF: 0.2352(0.871s / 3.705s) | Generator RTF: 0.2343(0.868s / 3.705s)
generated_audios/generated_H2_512C_int8/260-123288-0023_generated.wav | RTF: 0.1432(0.341s / 2.385s) | Generator RTF: 0.1416(0.338s / 2.385s)
generated_audios/generated_H2_512C_int8/260-123288-0024_generated.wav | RTF: 0.2342(3.418s / 14.595s) | Generator RTF: 0.2339(3.413s / 14.595s)
generated_audios/generated_H2_512C_int8/260-123288-0025_generated.wav | RTF: 0.2384(3.205s / 13.445s) | Generator RTF: 0.2381(3.201s / 13.445s)
generated_audios/generated_H2_512C_int8/260-123288-0026_generated.wav | RTF: 0.2397(3.845s / 16.040s) | Generator RTF: 0.2394(3.840s / 16.040s)
generated_audios/generated_H2_512C_int8/260-123288-0027_generated.wav | RTF: 0.2359(1.488s / 6.305s) | Generator RTF: 0.2353(1.484s / 6.305s)
generated_audios/generated_H2_512C_int8/260-123288-0028_generated.wav | RTF: 0.2479(0.647s / 2.610s) | Generator RTF: 0.2466(0.644s / 2.610s)
generated_audios/generated_H2_512C_int8/260-123440-0000_generated.wav | RTF: 0.2279(0.493s / 2.165s) | Generator RTF: 0.2263(0.490s / 2.165s)
generated_audios/generated_H2_512C_int8/260-123440-0001_generated.wav | RTF: 0.2521(0.439s / 1.740s) | Generator RTF: 0.2502(0.435s / 1.740s)
generated_audios/generated_H2_512C_int8/260-123440-0002_generated.wav | RTF: 0.2370(3.487s / 14.715s) | Generator RTF: 0.2366(3.482s / 14.715s)
generated_audios/generated_H2_512C_int8/260-123440-0003_generated.wav | RTF: 0.2395(0.859s / 3.585s) | Generator RTF: 0.2385(0.855s / 3.585s)
generated_audios/generated_H2_512C_int8/260-123440-0004_generated.wav | RTF: 0.2357(2.833s / 12.020s) | Generator RTF: 0.2353(2.828s / 12.020s)
generated_audios/generated_H2_512C_int8/260-123440-0005_generated.wav | RTF: 0.1427(0.443s / 3.105s) | Generator RTF: 0.1417(0.440s / 3.105s)
generated_audios/generated_H2_512C_int8/260-123440-0006_generated.wav | RTF: 0.1415(0.384s / 2.715s) | Generator RTF: 0.1404(0.381s / 2.715s)
generated_audios/generated_H2_512C_int8/260-123440-0007_generated.wav | RTF: 0.2304(0.780s / 3.385s) | Generator RTF: 0.2296(0.777s / 3.385s)
generated_audios/generated_H2_512C_int8/260-123440-0008_generated.wav | RTF: 0.2403(0.900s / 3.745s) | Generator RTF: 0.2394(0.897s / 3.745s)
generated_audios/generated_H2_512C_int8/260-123440-0009_generated.wav | RTF: 0.2328(0.725s / 3.115s) | Generator RTF: 0.2317(0.722s / 3.115s)
generated_audios/generated_H2_512C_int8/260-123440-0010_generated.wav | RTF: 0.2419(2.011s / 8.315s) | Generator RTF: 0.2414(2.007s / 8.315s)
generated_audios/generated_H2_512C_int8/260-123440-0011_generated.wav | RTF: 0.1365(0.665s / 4.870s) | Generator RTF: 0.1357(0.661s / 4.870s)
generated_audios/generated_H2_512C_int8/260-123440-0012_generated.wav | RTF: 0.2401(1.259s / 5.245s) | Generator RTF: 0.2393(1.255s / 5.245s)
generated_audios/generated_H2_512C_int8/260-123440-0013_generated.wav | RTF: 0.2423(0.842s / 3.475s) | Generator RTF: 0.2413(0.838s / 3.475s)
generated_audios/generated_H2_512C_int8/260-123440-0014_generated.wav | RTF: 0.2413(0.921s / 3.815s) | Generator RTF: 0.2404(0.917s / 3.815s)
generated_audios/generated_H2_512C_int8/260-123440-0015_generated.wav | RTF: 0.1434(0.889s / 6.200s) | Generator RTF: 0.1428(0.885s / 6.200s)
generated_audios/generated_H2_512C_int8/260-123440-0016_generated.wav | RTF: 0.2460(1.204s / 4.895s) | Generator RTF: 0.2452(1.200s / 4.895s)
generated_audios/generated_H2_512C_int8/260-123440-0017_generated.wav | RTF: 0.1440(0.442s / 3.070s) | Generator RTF: 0.1429(0.439s / 3.070s)
generated_audios/generated_H2_512C_int8/260-123440-0018_generated.wav | RTF: 0.2368(0.862s / 3.640s) | Generator RTF: 0.2358(0.858s / 3.640s)
generated_audios/generated_H2_512C_int8/260-123440-0019_generated.wav | RTF: 0.2364(1.568s / 6.630s) | Generator RTF: 0.2358(1.563s / 6.630s)
generated_audios/generated_H2_512C_int8/260-123440-0020_generated.wav | RTF: 0.2450(1.224s / 4.995s) | Generator RTF: 0.2442(1.220s / 4.995s)
generated_audios/generated_H2_512C_int8/61-70968-0000_generated.wav | RTF: 0.2456(1.205s / 4.905s) | Generator RTF: 0.2449(1.201s / 4.905s)
generated_audios/generated_H2_512C_int8/61-70968-0001_generated.wav | RTF: 0.2392(0.864s / 3.610s) | Generator RTF: 0.2383(0.860s / 3.610s)
generated_audios/generated_H2_512C_int8/61-70968-0002_generated.wav | RTF: 0.2285(0.679s / 2.970s) | Generator RTF: 0.2275(0.676s / 2.970s)
generated_audios/generated_H2_512C_int8/61-70968-0003_generated.wav | RTF: 0.1364(0.589s / 4.315s) | Generator RTF: 0.1356(0.585s / 4.315s)
generated_audios/generated_H2_512C_int8/61-70968-0004_generated.wav | RTF: 0.2435(0.946s / 3.885s) | Generator RTF: 0.2425(0.942s / 3.885s)
generated_audios/generated_H2_512C_int8/61-70968-0005_generated.wav | RTF: 0.1428(0.724s / 5.070s) | Generator RTF: 0.1422(0.721s / 5.070s)
generated_audios/generated_H2_512C_int8/61-70968-0006_generated.wav | RTF: 0.2308(0.677s / 2.935s) | Generator RTF: 0.2297(0.674s / 2.935s)
generated_audios/generated_H2_512C_int8/61-70968-0007_generated.wav | RTF: 0.1348(0.479s / 3.550s) | Generator RTF: 0.1339(0.475s / 3.550s)
generated_audios/generated_H2_512C_int8/61-70968-0008_generated.wav | RTF: 0.1471(0.520s / 3.535s) | Generator RTF: 0.1462(0.517s / 3.535s)
generated_audios/generated_H2_512C_int8/61-70968-0009_generated.wav | RTF: 0.2349(1.059s / 4.510s) | Generator RTF: 0.2342(1.056s / 4.510s)
generated_audios/generated_H2_512C_int8/61-70968-0010_generated.wav | RTF: 0.2373(1.968s / 8.295s) | Generator RTF: 0.2368(1.964s / 8.295s)
generated_audios/generated_H2_512C_int8/61-70968-0011_generated.wav | RTF: 0.2349(1.498s / 6.375s) | Generator RTF: 0.2343(1.494s / 6.375s)
generated_audios/generated_H2_512C_int8/61-70968-0012_generated.wav | RTF: 0.1473(0.385s / 2.610s) | Generator RTF: 0.1460(0.381s / 2.610s)
generated_audios/generated_H2_512C_int8/61-70968-0013_generated.wav | RTF: 0.1399(0.623s / 4.450s) | Generator RTF: 0.1391(0.619s / 4.450s)
generated_audios/generated_H2_512C_int8/61-70968-0014_generated.wav | RTF: 0.2348(1.758s / 7.485s) | Generator RTF: 0.2343(1.754s / 7.485s)
generated_audios/generated_H2_512C_int8/61-70968-0015_generated.wav | RTF: 0.2393(1.286s / 5.375s) | Generator RTF: 0.2386(1.282s / 5.375s)
generated_audios/generated_H2_512C_int8/61-70968-0016_generated.wav | RTF: 0.2568(0.955s / 3.720s) | Generator RTF: 0.2558(0.952s / 3.720s)
generated_audios/generated_H2_512C_int8/61-70968-0017_generated.wav | RTF: 0.2412(1.233s / 5.110s) | Generator RTF: 0.2404(1.229s / 5.110s)
generated_audios/generated_H2_512C_int8/61-70968-0018_generated.wav | RTF: 0.2269(0.546s / 2.405s) | Generator RTF: 0.2255(0.542s / 2.405s)
generated_audios/generated_H2_512C_int8/61-70968-0019_generated.wav | RTF: 0.2381(1.303s / 5.475s) | Generator RTF: 0.2375(1.300s / 5.475s)
generated_audios/generated_H2_512C_int8/61-70968-0020_generated.wav | RTF: 0.2417(1.234s / 5.105s) | Generator RTF: 0.2410(1.230s / 5.105s)
generated_audios/generated_H2_512C_int8/61-70968-0021_generated.wav | RTF: 0.2312(0.622s / 2.690s) | Generator RTF: 0.2299(0.619s / 2.690s)
generated_audios/generated_H2_512C_int8/61-70968-0022_generated.wav | RTF: 0.1432(0.669s / 4.670s) | Generator RTF: 0.1424(0.665s / 4.670s)
generated_audios/generated_H2_512C_int8/61-70968-0023_generated.wav | RTF: 0.1523(0.765s / 5.025s) | Generator RTF: 0.1515(0.761s / 5.025s)
generated_audios/generated_H2_512C_int8/61-70968-0024_generated.wav | RTF: 0.2424(1.460s / 6.025s) | Generator RTF: 0.2417(1.457s / 6.025s)
generated_audios/generated_H2_512C_int8/61-70968-0025_generated.wav | RTF: 0.1370(0.604s / 4.410s) | Generator RTF: 0.1361(0.600s / 4.410s)
generated_audios/generated_H2_512C_int8/61-70968-0026_generated.wav | RTF: 0.2336(1.149s / 4.920s) | Generator RTF: 0.2329(1.146s / 4.920s)
generated_audios/generated_H2_512C_int8/61-70968-0027_generated.wav | RTF: 0.2365(1.625s / 6.870s) | Generator RTF: 0.2361(1.622s / 6.870s)
generated_audios/generated_H2_512C_int8/61-70968-0028_generated.wav | RTF: 0.2397(1.284s / 5.355s) | Generator RTF: 0.2390(1.280s / 5.355s)
generated_audios/generated_H2_512C_int8/61-70968-0029_generated.wav | RTF: 0.2395(0.837s / 3.495s) | Generator RTF: 0.2386(0.834s / 3.495s)
generated_audios/generated_H2_512C_int8/61-70968-0030_generated.wav | RTF: 0.2359(1.341s / 5.685s) | Generator RTF: 0.2353(1.338s / 5.685s)
generated_audios/generated_H2_512C_int8/61-70968-0031_generated.wav | RTF: 0.2365(0.692s / 2.925s) | Generator RTF: 0.2353(0.688s / 2.925s)
generated_audios/generated_H2_512C_int8/61-70968-0032_generated.wav | RTF: 0.1452(0.622s / 4.280s) | Generator RTF: 0.1443(0.618s / 4.280s)
generated_audios/generated_H2_512C_int8/61-70968-0033_generated.wav | RTF: 0.1428(0.812s / 5.685s) | Generator RTF: 0.1421(0.808s / 5.685s)
generated_audios/generated_H2_512C_int8/61-70968-0034_generated.wav | RTF: 0.2376(1.005s / 4.230s) | Generator RTF: 0.2367(1.001s / 4.230s)
generated_audios/generated_H2_512C_int8/61-70968-0035_generated.wav | RTF: 0.2341(1.861s / 7.950s) | Generator RTF: 0.2337(1.858s / 7.950s)
generated_audios/generated_H2_512C_int8/61-70968-0036_generated.wav | RTF: 0.1345(0.395s / 2.935s) | Generator RTF: 0.1334(0.391s / 2.935s)
generated_audios/generated_H2_512C_int8/61-70968-0037_generated.wav | RTF: 0.1342(0.579s / 4.315s) | Generator RTF: 0.1334(0.576s / 4.315s)
generated_audios/generated_H2_512C_int8/61-70968-0038_generated.wav | RTF: 0.2537(0.520s / 2.050s) | Generator RTF: 0.2524(0.517s / 2.050s)
generated_audios/generated_H2_512C_int8/61-70968-0039_generated.wav | RTF: 0.2329(0.886s / 3.805s) | Generator RTF: 0.2321(0.883s / 3.805s)
generated_audios/generated_H2_512C_int8/61-70968-0040_generated.wav | RTF: 0.2325(0.918s / 3.950s) | Generator RTF: 0.2317(0.915s / 3.950s)
generated_audios/generated_H2_512C_int8/61-70968-0041_generated.wav | RTF: 0.1418(0.968s / 6.825s) | Generator RTF: 0.1412(0.964s / 6.825s)
generated_audios/generated_H2_512C_int8/61-70968-0042_generated.wav | RTF: 0.1408(0.392s / 2.785s) | Generator RTF: 0.1396(0.389s / 2.785s)
generated_audios/generated_H2_512C_int8/61-70968-0043_generated.wav | RTF: 0.2356(1.587s / 6.735s) | Generator RTF: 0.2350(1.583s / 6.735s)
generated_audios/generated_H2_512C_int8/61-70968-0044_generated.wav | RTF: 0.1421(0.394s / 2.770s) | Generator RTF: 0.1409(0.390s / 2.770s)
generated_audios/generated_H2_512C_int8/61-70968-0045_generated.wav | RTF: 0.1345(0.468s / 3.475s) | Generator RTF: 0.1335(0.464s / 3.475s)
generated_audios/generated_H2_512C_int8/61-70968-0046_generated.wav | RTF: 0.1334(0.474s / 3.550s) | Generator RTF: 0.1325(0.471s / 3.550s)
generated_audios/generated_H2_512C_int8/61-70968-0047_generated.wav | RTF: 0.2335(1.115s / 4.775s) | Generator RTF: 0.2328(1.111s / 4.775s)
generated_audios/generated_H2_512C_int8/61-70968-0048_generated.wav | RTF: 0.2430(0.734s / 3.020s) | Generator RTF: 0.2420(0.731s / 3.020s)
generated_audios/generated_H2_512C_int8/61-70968-0049_generated.wav | RTF: 0.2381(1.964s / 8.250s) | Generator RTF: 0.2376(1.960s / 8.250s)
generated_audios/generated_H2_512C_int8/61-70968-0050_generated.wav | RTF: 0.2463(1.374s / 5.580s) | Generator RTF: 0.2456(1.371s / 5.580s)
generated_audios/generated_H2_512C_int8/61-70968-0051_generated.wav | RTF: 0.2301(0.721s / 3.135s) | Generator RTF: 0.2290(0.718s / 3.135s)
generated_audios/generated_H2_512C_int8/61-70968-0052_generated.wav | RTF: 0.2250(0.596s / 2.650s) | Generator RTF: 0.2237(0.593s / 2.650s)
generated_audios/generated_H2_512C_int8/61-70968-0053_generated.wav | RTF: 0.1379(0.582s / 4.220s) | Generator RTF: 0.1372(0.579s / 4.220s)
generated_audios/generated_H2_512C_int8/61-70968-0054_generated.wav | RTF: 0.2409(1.893s / 7.860s) | Generator RTF: 0.2404(1.889s / 7.860s)
generated_audios/generated_H2_512C_int8/61-70968-0055_generated.wav | RTF: 0.1381(0.548s / 3.965s) | Generator RTF: 0.1372(0.544s / 3.965s)
generated_audios/generated_H2_512C_int8/61-70968-0056_generated.wav | RTF: 0.2386(0.851s / 3.565s) | Generator RTF: 0.2375(0.847s / 3.565s)
generated_audios/generated_H2_512C_int8/61-70968-0057_generated.wav | RTF: 0.1392(0.705s / 5.065s) | Generator RTF: 0.1385(0.701s / 5.065s)
generated_audios/generated_H2_512C_int8/61-70968-0058_generated.wav | RTF: 0.2334(0.425s / 1.820s) | Generator RTF: 0.2315(0.421s / 1.820s)
generated_audios/generated_H2_512C_int8/61-70968-0059_generated.wav | RTF: 0.1491(0.324s / 2.170s) | Generator RTF: 0.1475(0.320s / 2.170s)
generated_audios/generated_H2_512C_int8/61-70968-0060_generated.wav | RTF: 0.1433(0.535s / 3.735s) | Generator RTF: 0.1424(0.532s / 3.735s)
generated_audios/generated_H2_512C_int8/61-70968-0061_generated.wav | RTF: 0.2378(1.315s / 5.530s) | Generator RTF: 0.2370(1.311s / 5.530s)
generated_audios/generated_H2_512C_int8/61-70968-0062_generated.wav | RTF: 0.1400(0.358s / 2.555s) | Generator RTF: 0.1387(0.354s / 2.555s)
generated_audios/generated_H2_512C_int8/61-70970-0000_generated.wav | RTF: 0.2395(1.455s / 6.075s) | Generator RTF: 0.2389(1.451s / 6.075s)
generated_audios/generated_H2_512C_int8/61-70970-0001_generated.wav | RTF: 0.2393(1.473s / 6.155s) | Generator RTF: 0.2387(1.469s / 6.155s)
generated_audios/generated_H2_512C_int8/61-70970-0002_generated.wav | RTF: 0.2397(0.998s / 4.165s) | Generator RTF: 0.2388(0.995s / 4.165s)
generated_audios/generated_H2_512C_int8/61-70970-0003_generated.wav | RTF: 0.2318(0.889s / 3.835s) | Generator RTF: 0.2309(0.886s / 3.835s)
generated_audios/generated_H2_512C_int8/61-70970-0004_generated.wav | RTF: 0.2381(2.504s / 10.515s) | Generator RTF: 0.2377(2.499s / 10.515s)
generated_audios/generated_H2_512C_int8/61-70970-0005_generated.wav | RTF: 0.2545(0.514s / 2.020s) | Generator RTF: 0.2529(0.511s / 2.020s)
generated_audios/generated_H2_512C_int8/61-70970-0006_generated.wav | RTF: 0.2332(0.545s / 2.335s) | Generator RTF: 0.2318(0.541s / 2.335s)
generated_audios/generated_H2_512C_int8/61-70970-0007_generated.wav | RTF: 0.2397(1.075s / 4.485s) | Generator RTF: 0.2389(1.072s / 4.485s)
generated_audios/generated_H2_512C_int8/61-70970-0008_generated.wav | RTF: 0.2567(0.552s / 2.150s) | Generator RTF: 0.2551(0.548s / 2.150s)
generated_audios/generated_H2_512C_int8/61-70970-0009_generated.wav | RTF: 0.2408(0.820s / 3.405s) | Generator RTF: 0.2397(0.816s / 3.405s)
generated_audios/generated_H2_512C_int8/61-70970-0010_generated.wav | RTF: 0.1425(0.434s / 3.045s) | Generator RTF: 0.1414(0.430s / 3.045s)
generated_audios/generated_H2_512C_int8/61-70970-0011_generated.wav | RTF: 0.1310(0.796s / 6.075s) | Generator RTF: 0.1304(0.792s / 6.075s)
generated_audios/generated_H2_512C_int8/61-70970-0012_generated.wav | RTF: 0.1416(0.444s / 3.135s) | Generator RTF: 0.1405(0.441s / 3.135s)
generated_audios/generated_H2_512C_int8/61-70970-0013_generated.wav | RTF: 0.2448(1.065s / 4.350s) | Generator RTF: 0.2440(1.061s / 4.350s)
generated_audios/generated_H2_512C_int8/61-70970-0014_generated.wav | RTF: 0.1326(0.451s / 3.405s) | Generator RTF: 0.1315(0.448s / 3.405s)
generated_audios/generated_H2_512C_int8/61-70970-0015_generated.wav | RTF: 0.2446(2.059s / 8.415s) | Generator RTF: 0.2442(2.055s / 8.415s)
generated_audios/generated_H2_512C_int8/61-70970-0016_generated.wav | RTF: 0.2411(1.054s / 4.370s) | Generator RTF: 0.2403(1.050s / 4.370s)
generated_audios/generated_H2_512C_int8/61-70970-0017_generated.wav | RTF: 0.1433(0.365s / 2.550s) | Generator RTF: 0.1422(0.363s / 2.550s)
generated_audios/generated_H2_512C_int8/61-70970-0018_generated.wav | RTF: 0.2339(1.076s / 4.600s) | Generator RTF: 0.2331(1.072s / 4.600s)
generated_audios/generated_H2_512C_int8/61-70970-0019_generated.wav | RTF: 0.2392(0.904s / 3.780s) | Generator RTF: 0.2382(0.900s / 3.780s)
generated_audios/generated_H2_512C_int8/61-70970-0020_generated.wav | RTF: 0.1388(0.697s / 5.025s) | Generator RTF: 0.1380(0.694s / 5.025s)
generated_audios/generated_H2_512C_int8/61-70970-0021_generated.wav | RTF: 0.2364(1.278s / 5.405s) | Generator RTF: 0.2357(1.274s / 5.405s)
generated_audios/generated_H2_512C_int8/61-70970-0022_generated.wav | RTF: 0.1368(0.543s / 3.970s) | Generator RTF: 0.1358(0.539s / 3.970s)
generated_audios/generated_H2_512C_int8/61-70970-0023_generated.wav | RTF: 0.1396(0.517s / 3.705s) | Generator RTF: 0.1386(0.513s / 3.705s)
generated_audios/generated_H2_512C_int8/61-70970-0024_generated.wav | RTF: 0.2381(1.723s / 7.235s) | Generator RTF: 0.2376(1.719s / 7.235s)
generated_audios/generated_H2_512C_int8/61-70970-0025_generated.wav | RTF: 0.2730(2.029s / 7.435s) | Generator RTF: 0.2724(2.025s / 7.435s)
generated_audios/generated_H2_512C_int8/61-70970-0026_generated.wav | RTF: 0.1365(0.747s / 5.475s) | Generator RTF: 0.1360(0.745s / 5.475s)
generated_audios/generated_H2_512C_int8/61-70970-0027_generated.wav | RTF: 0.1394(0.708s / 5.080s) | Generator RTF: 0.1386(0.704s / 5.080s)
generated_audios/generated_H2_512C_int8/61-70970-0028_generated.wav | RTF: 0.1426(0.934s / 6.550s) | Generator RTF: 0.1421(0.931s / 6.550s)
generated_audios/generated_H2_512C_int8/61-70970-0029_generated.wav | RTF: 0.1349(0.543s / 4.030s) | Generator RTF: 0.1340(0.540s / 4.030s)
generated_audios/generated_H2_512C_int8/61-70970-0030_generated.wav | RTF: 0.1378(0.447s / 3.240s) | Generator RTF: 0.1368(0.443s / 3.240s)
generated_audios/generated_H2_512C_int8/61-70970-0031_generated.wav | RTF: 0.2374(1.219s / 5.135s) | Generator RTF: 0.2367(1.215s / 5.135s)
generated_audios/generated_H2_512C_int8/61-70970-0032_generated.wav | RTF: 0.1323(0.415s / 3.135s) | Generator RTF: 0.1312(0.411s / 3.135s)
generated_audios/generated_H2_512C_int8/61-70970-0033_generated.wav | RTF: 0.2352(0.804s / 3.420s) | Generator RTF: 0.2341(0.801s / 3.420s)
generated_audios/generated_H2_512C_int8/61-70970-0034_generated.wav | RTF: 0.1356(0.608s / 4.485s) | Generator RTF: 0.1348(0.605s / 4.485s)
generated_audios/generated_H2_512C_int8/61-70970-0035_generated.wav | RTF: 0.1362(1.008s / 7.405s) | Generator RTF: 0.1356(1.004s / 7.405s)
generated_audios/generated_H2_512C_int8/61-70970-0036_generated.wav | RTF: 0.1424(0.966s / 6.785s) | Generator RTF: 0.1418(0.962s / 6.785s)
generated_audios/generated_H2_512C_int8/61-70970-0037_generated.wav | RTF: 0.2364(1.414s / 5.980s) | Generator RTF: 0.2357(1.410s / 5.980s)
generated_audios/generated_H2_512C_int8/61-70970-0038_generated.wav | RTF: 0.2374(2.469s / 10.400s) | Generator RTF: 0.2369(2.464s / 10.400s)
generated_audios/generated_H2_512C_int8/61-70970-0039_generated.wav | RTF: 0.1363(0.909s / 6.665s) | Generator RTF: 0.1357(0.905s / 6.665s)
generated_audios/generated_H2_512C_int8/61-70970-0040_generated.wav | RTF: 0.1310(0.546s / 4.165s) | Generator RTF: 0.1301(0.542s / 4.165s)
generated_audios/generated_H2_512C_int8/672-122797-0000_generated.wav | RTF: 0.2422(0.986s / 4.070s) | Generator RTF: 0.2413(0.982s / 4.070s)
generated_audios/generated_H2_512C_int8/672-122797-0001_generated.wav | RTF: 0.2427(3.673s / 15.130s) | Generator RTF: 0.2424(3.668s / 15.130s)
generated_audios/generated_H2_512C_int8/672-122797-0002_generated.wav | RTF: 0.2412(3.285s / 13.620s) | Generator RTF: 0.2409(3.281s / 13.620s)
generated_audios/generated_H2_512C_int8/672-122797-0003_generated.wav | RTF: 0.2407(1.146s / 4.760s) | Generator RTF: 0.2400(1.142s / 4.760s)
generated_audios/generated_H2_512C_int8/672-122797-0004_generated.wav | RTF: 0.2381(2.440s / 10.250s) | Generator RTF: 0.2377(2.437s / 10.250s)
generated_audios/generated_H2_512C_int8/672-122797-0005_generated.wav | RTF: 0.2512(0.819s / 3.260s) | Generator RTF: 0.2501(0.815s / 3.260s)
generated_audios/generated_H2_512C_int8/672-122797-0006_generated.wav | RTF: 0.2392(3.337s / 13.950s) | Generator RTF: 0.2390(3.334s / 13.950s)
generated_audios/generated_H2_512C_int8/672-122797-0007_generated.wav | RTF: 0.2408(1.546s / 6.420s) | Generator RTF: 0.2403(1.542s / 6.420s)
generated_audios/generated_H2_512C_int8/672-122797-0008_generated.wav | RTF: 0.2625(8.088s / 30.810s) | Generator RTF: 0.2623(8.082s / 30.810s)
generated_audios/generated_H2_512C_int8/672-122797-0009_generated.wav | RTF: 0.1322(0.365s / 2.765s) | Generator RTF: 0.1309(0.362s / 2.765s)
generated_audios/generated_H2_512C_int8/672-122797-0010_generated.wav | RTF: 0.1355(0.517s / 3.815s) | Generator RTF: 0.1348(0.514s / 3.815s)
generated_audios/generated_H2_512C_int8/672-122797-0011_generated.wav | RTF: 0.2468(0.627s / 2.540s) | Generator RTF: 0.2455(0.624s / 2.540s)
generated_audios/generated_H2_512C_int8/672-122797-0012_generated.wav | RTF: 0.2394(1.859s / 7.765s) | Generator RTF: 0.2389(1.855s / 7.765s)
generated_audios/generated_H2_512C_int8/672-122797-0013_generated.wav | RTF: 0.2374(2.067s / 8.705s) | Generator RTF: 0.2369(2.062s / 8.705s)
generated_audios/generated_H2_512C_int8/672-122797-0014_generated.wav | RTF: 0.1323(0.338s / 2.555s) | Generator RTF: 0.1310(0.335s / 2.555s)
generated_audios/generated_H2_512C_int8/672-122797-0015_generated.wav | RTF: 0.1315(0.586s / 4.455s) | Generator RTF: 0.1308(0.583s / 4.455s)
generated_audios/generated_H2_512C_int8/672-122797-0016_generated.wav | RTF: 0.2389(2.201s / 9.215s) | Generator RTF: 0.2384(2.197s / 9.215s)
generated_audios/generated_H2_512C_int8/672-122797-0017_generated.wav | RTF: 0.2323(1.120s / 4.820s) | Generator RTF: 0.2315(1.116s / 4.820s)
generated_audios/generated_H2_512C_int8/672-122797-0018_generated.wav | RTF: 0.2397(1.182s / 4.930s) | Generator RTF: 0.2390(1.178s / 4.930s)
generated_audios/generated_H2_512C_int8/672-122797-0019_generated.wav | RTF: 0.2356(0.968s / 4.110s) | Generator RTF: 0.2347(0.965s / 4.110s)
generated_audios/generated_H2_512C_int8/672-122797-0020_generated.wav | RTF: 0.2430(2.145s / 8.825s) | Generator RTF: 0.2426(2.141s / 8.825s)
generated_audios/generated_H2_512C_int8/672-122797-0021_generated.wav | RTF: 0.1337(0.555s / 4.150s) | Generator RTF: 0.1328(0.551s / 4.150s)
generated_audios/generated_H2_512C_int8/672-122797-0022_generated.wav | RTF: 0.2404(4.568s / 19.005s) | Generator RTF: 0.2401(4.563s / 19.005s)
generated_audios/generated_H2_512C_int8/672-122797-0023_generated.wav | RTF: 0.2353(2.281s / 9.695s) | Generator RTF: 0.2348(2.276s / 9.695s)
generated_audios/generated_H2_512C_int8/672-122797-0024_generated.wav | RTF: 0.2401(0.991s / 4.130s) | Generator RTF: 0.2392(0.988s / 4.130s)
generated_audios/generated_H2_512C_int8/672-122797-0025_generated.wav | RTF: 0.2383(2.547s / 10.690s) | Generator RTF: 0.2378(2.542s / 10.690s)
generated_audios/generated_H2_512C_int8/672-122797-0026_generated.wav | RTF: 0.2366(3.303s / 13.960s) | Generator RTF: 0.2363(3.298s / 13.960s)
generated_audios/generated_H2_512C_int8/672-122797-0027_generated.wav | RTF: 0.1329(0.637s / 4.790s) | Generator RTF: 0.1322(0.633s / 4.790s)
generated_audios/generated_H2_512C_int8/672-122797-0028_generated.wav | RTF: 0.1459(0.381s / 2.610s) | Generator RTF: 0.1446(0.377s / 2.610s)
generated_audios/generated_H2_512C_int8/672-122797-0029_generated.wav | RTF: 0.1308(0.399s / 3.050s) | Generator RTF: 0.1297(0.395s / 3.050s)
generated_audios/generated_H2_512C_int8/672-122797-0030_generated.wav | RTF: 0.2372(1.085s / 4.575s) | Generator RTF: 0.2365(1.082s / 4.575s)
generated_audios/generated_H2_512C_int8/672-122797-0031_generated.wav | RTF: 0.1338(0.532s / 3.980s) | Generator RTF: 0.1329(0.529s / 3.980s)
generated_audios/generated_H2_512C_int8/672-122797-0032_generated.wav | RTF: 0.1347(0.539s / 4.000s) | Generator RTF: 0.1338(0.535s / 4.000s)
generated_audios/generated_H2_512C_int8/672-122797-0033_generated.wav | RTF: 0.2685(0.345s / 1.285s) | Generator RTF: 0.2659(0.342s / 1.285s)
generated_audios/generated_H2_512C_int8/672-122797-0034_generated.wav | RTF: 0.1339(0.684s / 5.110s) | Generator RTF: 0.1332(0.681s / 5.110s)
generated_audios/generated_H2_512C_int8/672-122797-0035_generated.wav | RTF: 0.1361(0.395s / 2.900s) | Generator RTF: 0.1350(0.391s / 2.900s)
generated_audios/generated_H2_512C_int8/672-122797-0036_generated.wav | RTF: 0.1316(0.706s / 5.365s) | Generator RTF: 0.1309(0.702s / 5.365s)
generated_audios/generated_H2_512C_int8/672-122797-0037_generated.wav | RTF: 0.2354(0.461s / 1.960s) | Generator RTF: 0.2340(0.459s / 1.960s)
generated_audios/generated_H2_512C_int8/672-122797-0038_generated.wav | RTF: 0.2318(2.040s / 8.800s) | Generator RTF: 0.2314(2.036s / 8.800s)
generated_audios/generated_H2_512C_int8/672-122797-0039_generated.wav | RTF: 0.2391(0.962s / 4.025s) | Generator RTF: 0.2381(0.959s / 4.025s)
generated_audios/generated_H2_512C_int8/672-122797-0040_generated.wav | RTF: 0.1329(0.681s / 5.125s) | Generator RTF: 0.1322(0.678s / 5.125s)
generated_audios/generated_H2_512C_int8/672-122797-0041_generated.wav | RTF: 0.1331(0.516s / 3.880s) | Generator RTF: 0.1321(0.513s / 3.880s)
generated_audios/generated_H2_512C_int8/672-122797-0042_generated.wav | RTF: 0.2348(3.594s / 15.310s) | Generator RTF: 0.2345(3.590s / 15.310s)
generated_audios/generated_H2_512C_int8/672-122797-0043_generated.wav | RTF: 0.1297(0.490s / 3.780s) | Generator RTF: 0.1288(0.487s / 3.780s)
generated_audios/generated_H2_512C_int8/672-122797-0044_generated.wav | RTF: 0.1324(0.495s / 3.740s) | Generator RTF: 0.1313(0.491s / 3.740s)
generated_audios/generated_H2_512C_int8/672-122797-0045_generated.wav | RTF: 0.1288(1.798s / 13.960s) | Generator RTF: 0.1284(1.793s / 13.960s)
generated_audios/generated_H2_512C_int8/672-122797-0046_generated.wav | RTF: 0.2370(1.117s / 4.715s) | Generator RTF: 0.2362(1.114s / 4.715s)
generated_audios/generated_H2_512C_int8/672-122797-0047_generated.wav | RTF: 0.2441(0.812s / 3.325s) | Generator RTF: 0.2431(0.808s / 3.325s)
generated_audios/generated_H2_512C_int8/672-122797-0048_generated.wav | RTF: 0.1298(0.851s / 6.555s) | Generator RTF: 0.1293(0.847s / 6.555s)
generated_audios/generated_H2_512C_int8/672-122797-0049_generated.wav | RTF: 0.1413(0.285s / 2.020s) | Generator RTF: 0.1398(0.282s / 2.020s)
generated_audios/generated_H2_512C_int8/672-122797-0050_generated.wav | RTF: 0.2379(1.155s / 4.855s) | Generator RTF: 0.2372(1.152s / 4.855s)
generated_audios/generated_H2_512C_int8/672-122797-0051_generated.wav | RTF: 0.2381(1.111s / 4.665s) | Generator RTF: 0.2373(1.107s / 4.665s)
generated_audios/generated_H2_512C_int8/672-122797-0052_generated.wav | RTF: 0.2253(0.966s / 4.285s) | Generator RTF: 0.2244(0.962s / 4.285s)
generated_audios/generated_H2_512C_int8/672-122797-0053_generated.wav | RTF: 0.1382(0.408s / 2.955s) | Generator RTF: 0.1372(0.405s / 2.955s)
generated_audios/generated_H2_512C_int8/672-122797-0054_generated.wav | RTF: 0.1333(0.566s / 4.250s) | Generator RTF: 0.1324(0.563s / 4.250s)
generated_audios/generated_H2_512C_int8/672-122797-0055_generated.wav | RTF: 0.2318(1.908s / 8.230s) | Generator RTF: 0.2313(1.904s / 8.230s)
generated_audios/generated_H2_512C_int8/672-122797-0056_generated.wav | RTF: 0.1316(0.688s / 5.225s) | Generator RTF: 0.1310(0.684s / 5.225s)
generated_audios/generated_H2_512C_int8/672-122797-0057_generated.wav | RTF: 0.1310(0.859s / 6.560s) | Generator RTF: 0.1304(0.855s / 6.560s)
generated_audios/generated_H2_512C_int8/672-122797-0058_generated.wav | RTF: 0.2396(1.071s / 4.470s) | Generator RTF: 0.2390(1.068s / 4.470s)
generated_audios/generated_H2_512C_int8/672-122797-0059_generated.wav | RTF: 0.2331(0.820s / 3.520s) | Generator RTF: 0.2320(0.817s / 3.520s)
generated_audios/generated_H2_512C_int8/672-122797-0060_generated.wav | RTF: 0.1447(0.485s / 3.350s) | Generator RTF: 0.1437(0.481s / 3.350s)
generated_audios/generated_H2_512C_int8/672-122797-0061_generated.wav | RTF: 0.2351(1.784s / 7.590s) | Generator RTF: 0.2345(1.780s / 7.590s)
generated_audios/generated_H2_512C_int8/672-122797-0062_generated.wav | RTF: 0.2370(0.634s / 2.675s) | Generator RTF: 0.2358(0.631s / 2.675s)
generated_audios/generated_H2_512C_int8/672-122797-0063_generated.wav | RTF: 0.1323(0.671s / 5.075s) | Generator RTF: 0.1318(0.669s / 5.075s)
generated_audios/generated_H2_512C_int8/672-122797-0064_generated.wav | RTF: 0.2355(3.596s / 15.270s) | Generator RTF: 0.2352(3.592s / 15.270s)
generated_audios/generated_H2_512C_int8/672-122797-0065_generated.wav | RTF: 0.1340(0.406s / 3.030s) | Generator RTF: 0.1328(0.402s / 3.030s)
generated_audios/generated_H2_512C_int8/672-122797-0066_generated.wav | RTF: 0.1334(0.642s / 4.815s) | Generator RTF: 0.1326(0.638s / 4.815s)
generated_audios/generated_H2_512C_int8/672-122797-0067_generated.wav | RTF: 0.2348(3.060s / 13.035s) | Generator RTF: 0.2345(3.056s / 13.035s)
generated_audios/generated_H2_512C_int8/672-122797-0068_generated.wav | RTF: 0.1332(0.536s / 4.020s) | Generator RTF: 0.1323(0.532s / 4.020s)
generated_audios/generated_H2_512C_int8/672-122797-0069_generated.wav | RTF: 0.2398(1.201s / 5.010s) | Generator RTF: 0.2390(1.198s / 5.010s)
generated_audios/generated_H2_512C_int8/672-122797-0070_generated.wav | RTF: 0.2357(1.478s / 6.270s) | Generator RTF: 0.2351(1.474s / 6.270s)
generated_audios/generated_H2_512C_int8/672-122797-0071_generated.wav | RTF: 0.2388(2.120s / 8.875s) | Generator RTF: 0.2384(2.116s / 8.875s)
generated_audios/generated_H2_512C_int8/672-122797-0072_generated.wav | RTF: 0.2364(1.877s / 7.940s) | Generator RTF: 0.2359(1.873s / 7.940s)
generated_audios/generated_H2_512C_int8/672-122797-0073_generated.wav | RTF: 0.2397(1.967s / 8.205s) | Generator RTF: 0.2392(1.963s / 8.205s)
generated_audios/generated_H2_512C_int8/672-122797-0074_generated.wav | RTF: 0.2361(2.061s / 8.730s) | Generator RTF: 0.2357(2.057s / 8.730s)
generated_audios/generated_H2_512C_int8/908-157963-0000_generated.wav | RTF: 0.2362(2.981s / 12.620s) | Generator RTF: 0.2359(2.976s / 12.620s)
generated_audios/generated_H2_512C_int8/908-157963-0001_generated.wav | RTF: 0.2440(0.704s / 2.885s) | Generator RTF: 0.2428(0.700s / 2.885s)
generated_audios/generated_H2_512C_int8/908-157963-0002_generated.wav | RTF: 0.2332(0.643s / 2.755s) | Generator RTF: 0.2320(0.639s / 2.755s)
generated_audios/generated_H2_512C_int8/908-157963-0003_generated.wav | RTF: 0.2413(0.743s / 3.080s) | Generator RTF: 0.2402(0.740s / 3.080s)
generated_audios/generated_H2_512C_int8/908-157963-0004_generated.wav | RTF: 0.2367(3.311s / 13.990s) | Generator RTF: 0.2363(3.306s / 13.990s)
generated_audios/generated_H2_512C_int8/908-157963-0005_generated.wav | RTF: 0.2405(1.692s / 7.035s) | Generator RTF: 0.2400(1.688s / 7.035s)
generated_audios/generated_H2_512C_int8/908-157963-0006_generated.wav | RTF: 0.2409(1.954s / 8.110s) | Generator RTF: 0.2404(1.950s / 8.110s)
generated_audios/generated_H2_512C_int8/908-157963-0007_generated.wav | RTF: 0.2598(8.513s / 32.770s) | Generator RTF: 0.2596(8.506s / 32.770s)
generated_audios/generated_H2_512C_int8/908-157963-0008_generated.wav | RTF: 0.2430(4.849s / 19.950s) | Generator RTF: 0.2428(4.843s / 19.950s)
generated_audios/generated_H2_512C_int8/908-157963-0009_generated.wav | RTF: 0.2437(0.990s / 4.060s) | Generator RTF: 0.2428(0.986s / 4.060s)
generated_audios/generated_H2_512C_int8/908-157963-0010_generated.wav | RTF: 0.1287(0.808s / 6.280s) | Generator RTF: 0.1282(0.805s / 6.280s)
generated_audios/generated_H2_512C_int8/908-157963-0011_generated.wav | RTF: 0.1299(1.351s / 10.395s) | Generator RTF: 0.1295(1.346s / 10.395s)
generated_audios/generated_H2_512C_int8/908-157963-0012_generated.wav | RTF: 0.2370(2.392s / 10.090s) | Generator RTF: 0.2366(2.388s / 10.090s)
generated_audios/generated_H2_512C_int8/908-157963-0013_generated.wav | RTF: 0.1344(0.580s / 4.315s) | Generator RTF: 0.1336(0.576s / 4.315s)
generated_audios/generated_H2_512C_int8/908-157963-0014_generated.wav | RTF: 0.1344(0.608s / 4.520s) | Generator RTF: 0.1336(0.604s / 4.520s)
generated_audios/generated_H2_512C_int8/908-157963-0015_generated.wav | RTF: 0.2362(3.417s / 14.465s) | Generator RTF: 0.2359(3.412s / 14.465s)
generated_audios/generated_H2_512C_int8/908-157963-0016_generated.wav | RTF: 0.1331(0.679s / 5.105s) | Generator RTF: 0.1323(0.676s / 5.105s)
generated_audios/generated_H2_512C_int8/908-157963-0017_generated.wav | RTF: 0.2368(1.172s / 4.950s) | Generator RTF: 0.2361(1.169s / 4.950s)
generated_audios/generated_H2_512C_int8/908-157963-0018_generated.wav | RTF: 0.1312(0.558s / 4.255s) | Generator RTF: 0.1303(0.554s / 4.255s)
generated_audios/generated_H2_512C_int8/908-157963-0019_generated.wav | RTF: 0.2463(5.280s / 21.440s) | Generator RTF: 0.2460(5.274s / 21.440s)
generated_audios/generated_H2_512C_int8/908-157963-0020_generated.wav | RTF: 0.2383(2.335s / 9.800s) | Generator RTF: 0.2379(2.331s / 9.800s)
generated_audios/generated_H2_512C_int8/908-157963-0021_generated.wav | RTF: 0.1330(1.362s / 10.240s) | Generator RTF: 0.1326(1.357s / 10.240s)
generated_audios/generated_H2_512C_int8/908-157963-0022_generated.wav | RTF: 0.2433(1.122s / 4.610s) | Generator RTF: 0.2426(1.118s / 4.610s)
generated_audios/generated_H2_512C_int8/908-157963-0023_generated.wav | RTF: 0.2373(2.284s / 9.625s) | Generator RTF: 0.2369(2.280s / 9.625s)
generated_audios/generated_H2_512C_int8/908-157963-0024_generated.wav | RTF: 0.2449(0.843s / 3.440s) | Generator RTF: 0.2440(0.839s / 3.440s)
generated_audios/generated_H2_512C_int8/908-157963-0025_generated.wav | RTF: 0.2379(2.204s / 9.265s) | Generator RTF: 0.2374(2.200s / 9.265s)
generated_audios/generated_H2_512C_int8/908-157963-0026_generated.wav | RTF: 0.2412(1.953s / 8.100s) | Generator RTF: 0.2407(1.949s / 8.100s)
generated_audios/generated_H2_512C_int8/908-157963-0027_generated.wav | RTF: 0.1298(0.678s / 5.225s) | Generator RTF: 0.1291(0.675s / 5.225s)
generated_audios/generated_H2_512C_int8/908-157963-0028_generated.wav | RTF: 0.1310(0.649s / 4.955s) | Generator RTF: 0.1302(0.645s / 4.955s)
generated_audios/generated_H2_512C_int8/908-157963-0029_generated.wav | RTF: 0.2406(0.874s / 3.630s) | Generator RTF: 0.2396(0.870s / 3.630s)
generated_audios/generated_H2_512C_int8/908-157963-0030_generated.wav | RTF: 0.1311(0.592s / 4.520s) | Generator RTF: 0.1302(0.589s / 4.520s)
generated_audios/generated_H2_512C_int8/908-31957-0000_generated.wav | RTF: 0.2367(0.503s / 2.125s) | Generator RTF: 0.2351(0.500s / 2.125s)
generated_audios/generated_H2_512C_int8/908-31957-0001_generated.wav | RTF: 0.2385(2.699s / 11.315s) | Generator RTF: 0.2381(2.694s / 11.315s)
generated_audios/generated_H2_512C_int8/908-31957-0002_generated.wav | RTF: 0.1319(0.632s / 4.790s) | Generator RTF: 0.1311(0.628s / 4.790s)
generated_audios/generated_H2_512C_int8/908-31957-0003_generated.wav | RTF: 0.1310(0.860s / 6.565s) | Generator RTF: 0.1304(0.856s / 6.565s)
generated_audios/generated_H2_512C_int8/908-31957-0004_generated.wav | RTF: 0.2371(3.498s / 14.755s) | Generator RTF: 0.2368(3.494s / 14.755s)
generated_audios/generated_H2_512C_int8/908-31957-0005_generated.wav | RTF: 0.1333(0.599s / 4.490s) | Generator RTF: 0.1325(0.595s / 4.490s)
generated_audios/generated_H2_512C_int8/908-31957-0006_generated.wav | RTF: 0.2381(1.403s / 5.890s) | Generator RTF: 0.2375(1.399s / 5.890s)
generated_audios/generated_H2_512C_int8/908-31957-0007_generated.wav | RTF: 0.1330(0.771s / 5.800s) | Generator RTF: 0.1323(0.767s / 5.800s)
generated_audios/generated_H2_512C_int8/908-31957-0008_generated.wav | RTF: 0.2362(2.363s / 10.005s) | Generator RTF: 0.2358(2.359s / 10.005s)
generated_audios/generated_H2_512C_int8/908-31957-0009_generated.wav | RTF: 0.2366(1.823s / 7.705s) | Generator RTF: 0.2361(1.819s / 7.705s)
generated_audios/generated_H2_512C_int8/908-31957-0010_generated.wav | RTF: 0.2323(0.583s / 2.510s) | Generator RTF: 0.2310(0.580s / 2.510s)
generated_audios/generated_H2_512C_int8/908-31957-0011_generated.wav | RTF: 0.1391(0.325s / 2.335s) | Generator RTF: 0.1377(0.322s / 2.335s)
generated_audios/generated_H2_512C_int8/908-31957-0012_generated.wav | RTF: 0.2372(1.806s / 7.615s) | Generator RTF: 0.2367(1.802s / 7.615s)
generated_audios/generated_H2_512C_int8/908-31957-0013_generated.wav | RTF: 0.2388(1.476s / 6.180s) | Generator RTF: 0.2382(1.472s / 6.180s)
generated_audios/generated_H2_512C_int8/908-31957-0014_generated.wav | RTF: 0.2384(1.802s / 7.560s) | Generator RTF: 0.2379(1.799s / 7.560s)
generated_audios/generated_H2_512C_int8/908-31957-0015_generated.wav | RTF: 0.2546(5.466s / 21.465s) | Generator RTF: 0.2544(5.460s / 21.465s)
generated_audios/generated_H2_512C_int8/908-31957-0016_generated.wav | RTF: 0.2418(1.567s / 6.480s) | Generator RTF: 0.2412(1.563s / 6.480s)
generated_audios/generated_H2_512C_int8/908-31957-0017_generated.wav | RTF: 0.2416(1.883s / 7.795s) | Generator RTF: 0.2411(1.879s / 7.795s)
generated_audios/generated_H2_512C_int8/908-31957-0018_generated.wav | RTF: 0.2421(0.948s / 3.915s) | Generator RTF: 0.2412(0.944s / 3.915s)
generated_audios/generated_H2_512C_int8/908-31957-0019_generated.wav | RTF: 0.2439(2.327s / 9.540s) | Generator RTF: 0.2434(2.322s / 9.540s)
generated_audios/generated_H2_512C_int8/908-31957-0020_generated.wav | RTF: 0.1283(0.757s / 5.895s) | Generator RTF: 0.1277(0.753s / 5.895s)
generated_audios/generated_H2_512C_int8/908-31957-0021_generated.wav | RTF: 0.2409(2.627s / 10.905s) | Generator RTF: 0.2405(2.623s / 10.905s)
generated_audios/generated_H2_512C_int8/908-31957-0022_generated.wav | RTF: 0.2430(3.426s / 14.100s) | Generator RTF: 0.2426(3.421s / 14.100s)
generated_audios/generated_H2_512C_int8/908-31957-0023_generated.wav | RTF: 0.2440(2.078s / 8.515s) | Generator RTF: 0.2435(2.074s / 8.515s)
generated_audios/generated_H2_512C_int8/908-31957-0024_generated.wav | RTF: 0.2446(1.844s / 7.540s) | Generator RTF: 0.2440(1.840s / 7.540s)
generated_audios/generated_H2_512C_int8/908-31957-0025_generated.wav | RTF: 0.2560(5.264s / 20.560s) | Generator RTF: 0.2558(5.259s / 20.560s)
Average RTF: 0.2123(670.828s / 3159.849s)
Average Generator RTF: 0.2117(668.941s / 3159.849s)
Evaluation summary:
  Mel-spectrogram L1: 0.886292
  PESQ: 1.721496
  STOI: 0.886817
Appended per-audio metrics to CSV: per_audio_results/H2_quantized_no_upsample

Appended metrics to CSV: experiments_results.csv
Appended to experiments_results.csv:
H2_512C_quantized_no_upsample,13926425,21.278,0.2123,0.2117,1.7214961400032043,0.8868169305602626,0.8862923964262008
========== Done ==========
=== JOB_STATISTICS ===
=== current date     : Sun Jul  5 02:03:35 PM CEST 2026
= Job-ID             : 1428686 on tinyfat
= Job-Name           : inference_512ch_h1-4
= Job-Command        : /home/hpc/vlbi/vlbi107v/hifi-gan/inference_Test.sh
= Initial workdir    : /home/hpc/vlbi/vlbi107v/hifi-gan
= Queue/Partition    : work
= Slurm account      : vlbi with QOS=normal
= Requested resources:  for 1-00:00:00
= Elapsed runtime    : 00:16:17
= Total RAM usage    : 6.3 GiB of requested  GiB (%)   
= Node list          : tf061
= Subm/Elig/Start/End: 2026-07-05T13:47:18 / 2026-07-05T13:47:18 / 2026-07-05T13:47:18 / 2026-07-05T14:03:35
======================
=== Quota infos ======
    Path                 Used     SoftQ    HardQ    Gracetime  Filec    FileQ    FiHaQ    FileGrace    
    /home/woody           281.2G  1000.0G  1500.0G        N/A     118K   5,000K   7,500K        N/A    
    /home/hpc              92.0G   104.9G   209.7G        N/A      86K     500K   1,000K        N/A    
======================
