### Starting TaskPrologue of job 1428682 on tf061 at Sun Jul  5 01:46:21 PM CEST 2026
Running on cores 16-23,80-87 with governor ondemand
No GPU known
### Finished TaskPrologue

==========(sbatch.tinyfat) Inference: 128 Channels (g_07960000) ==========
========== H2: quantized (INT8 dynamic quantization) ==========
Initializing Inference Process..
Using device: cpu (baseline and quantized inference both run on CPU)
Quantization enabled: forcing CPU inference for INT8 model.
Loading '/home/hpc/vlbi/vlbi107v/hifi-gan/cp_hifigan/v1_c128/g_07960000'
Complete.
Checkpoint contains weight_norm parameters. Keeping weight_norm wrappers for loading...
Removing weight norm...
Calibrating static quantization using 50 samples...
INT8 quantization scope: all
Checking quantized modules after static quantization:
Quantized module: conv_pre (torch.ao.nn.quantized.modules.conv.Conv1d)
Quantized module: ups.0 (torch.ao.nn.quantized.modules.conv.ConvTranspose1d)
Quantized module: ups.1 (torch.ao.nn.quantized.modules.conv.ConvTranspose1d)
Quantized module: ups.2 (torch.ao.nn.quantized.modules.conv.ConvTranspose1d)
Quantized module: ups.3 (torch.ao.nn.quantized.modules.conv.ConvTranspose1d)
Quantized module: resblocks.0.convs1.0 (torch.ao.nn.quantized.modules.conv.Conv1d)
Quantized module: resblocks.0.convs1.1 (torch.ao.nn.quantized.modules.conv.Conv1d)
Quantized module: resblocks.0.convs1.2 (torch.ao.nn.quantized.modules.conv.Conv1d)
Quantized module: resblocks.0.convs2.0 (torch.ao.nn.quantized.modules.conv.Conv1d)
Quantized module: resblocks.0.convs2.1 (torch.ao.nn.quantized.modules.conv.Conv1d)
Quantized module: resblocks.0.convs2.2 (torch.ao.nn.quantized.modules.conv.Conv1d)
Quantized module: resblocks.1.convs1.0 (torch.ao.nn.quantized.modules.conv.Conv1d)
Quantized module: resblocks.1.convs1.1 (torch.ao.nn.quantized.modules.conv.Conv1d)
Quantized module: resblocks.1.convs1.2 (torch.ao.nn.quantized.modules.conv.Conv1d)
Quantized module: resblocks.1.convs2.0 (torch.ao.nn.quantized.modules.conv.Conv1d)
Quantized module: resblocks.1.convs2.1 (torch.ao.nn.quantized.modules.conv.Conv1d)
Quantized module: resblocks.1.convs2.2 (torch.ao.nn.quantized.modules.conv.Conv1d)
Quantized module: resblocks.2.convs1.0 (torch.ao.nn.quantized.modules.conv.Conv1d)
Quantized module: resblocks.2.convs1.1 (torch.ao.nn.quantized.modules.conv.Conv1d)
Quantized module: resblocks.2.convs1.2 (torch.ao.nn.quantized.modules.conv.Conv1d)
Quantized module: resblocks.2.convs2.0 (torch.ao.nn.quantized.modules.conv.Conv1d)
Quantized module: resblocks.2.convs2.1 (torch.ao.nn.quantized.modules.conv.Conv1d)
Quantized module: resblocks.2.convs2.2 (torch.ao.nn.quantized.modules.conv.Conv1d)
Quantized module: resblocks.3.convs1.0 (torch.ao.nn.quantized.modules.conv.Conv1d)
Quantized module: resblocks.3.convs1.1 (torch.ao.nn.quantized.modules.conv.Conv1d)
Quantized module: resblocks.3.convs1.2 (torch.ao.nn.quantized.modules.conv.Conv1d)
Quantized module: resblocks.3.convs2.0 (torch.ao.nn.quantized.modules.conv.Conv1d)
Quantized module: resblocks.3.convs2.1 (torch.ao.nn.quantized.modules.conv.Conv1d)
Quantized module: resblocks.3.convs2.2 (torch.ao.nn.quantized.modules.conv.Conv1d)
Quantized module: resblocks.4.convs1.0 (torch.ao.nn.quantized.modules.conv.Conv1d)
Quantized module: resblocks.4.convs1.1 (torch.ao.nn.quantized.modules.conv.Conv1d)
Quantized module: resblocks.4.convs1.2 (torch.ao.nn.quantized.modules.conv.Conv1d)
Quantized module: resblocks.4.convs2.0 (torch.ao.nn.quantized.modules.conv.Conv1d)
Quantized module: resblocks.4.convs2.1 (torch.ao.nn.quantized.modules.conv.Conv1d)
Quantized module: resblocks.4.convs2.2 (torch.ao.nn.quantized.modules.conv.Conv1d)
Quantized module: resblocks.5.convs1.0 (torch.ao.nn.quantized.modules.conv.Conv1d)
Quantized module: resblocks.5.convs1.1 (torch.ao.nn.quantized.modules.conv.Conv1d)
Quantized module: resblocks.5.convs1.2 (torch.ao.nn.quantized.modules.conv.Conv1d)
Quantized module: resblocks.5.convs2.0 (torch.ao.nn.quantized.modules.conv.Conv1d)
Quantized module: resblocks.5.convs2.1 (torch.ao.nn.quantized.modules.conv.Conv1d)
Quantized module: resblocks.5.convs2.2 (torch.ao.nn.quantized.modules.conv.Conv1d)
Quantized module: resblocks.6.convs1.0 (torch.ao.nn.quantized.modules.conv.Conv1d)
Quantized module: resblocks.6.convs1.1 (torch.ao.nn.quantized.modules.conv.Conv1d)
Quantized module: resblocks.6.convs1.2 (torch.ao.nn.quantized.modules.conv.Conv1d)
Quantized module: resblocks.6.convs2.0 (torch.ao.nn.quantized.modules.conv.Conv1d)
Quantized module: resblocks.6.convs2.1 (torch.ao.nn.quantized.modules.conv.Conv1d)
Quantized module: resblocks.6.convs2.2 (torch.ao.nn.quantized.modules.conv.Conv1d)
Quantized module: resblocks.7.convs1.0 (torch.ao.nn.quantized.modules.conv.Conv1d)
Quantized module: resblocks.7.convs1.1 (torch.ao.nn.quantized.modules.conv.Conv1d)
Quantized module: resblocks.7.convs1.2 (torch.ao.nn.quantized.modules.conv.Conv1d)
Quantized module: resblocks.7.convs2.0 (torch.ao.nn.quantized.modules.conv.Conv1d)
Quantized module: resblocks.7.convs2.1 (torch.ao.nn.quantized.modules.conv.Conv1d)
Quantized module: resblocks.7.convs2.2 (torch.ao.nn.quantized.modules.conv.Conv1d)
Quantized module: resblocks.8.convs1.0 (torch.ao.nn.quantized.modules.conv.Conv1d)
Quantized module: resblocks.8.convs1.1 (torch.ao.nn.quantized.modules.conv.Conv1d)
Quantized module: resblocks.8.convs1.2 (torch.ao.nn.quantized.modules.conv.Conv1d)
Quantized module: resblocks.8.convs2.0 (torch.ao.nn.quantized.modules.conv.Conv1d)
Quantized module: resblocks.8.convs2.1 (torch.ao.nn.quantized.modules.conv.Conv1d)
Quantized module: resblocks.8.convs2.2 (torch.ao.nn.quantized.modules.conv.Conv1d)
Quantized module: resblocks.9.convs1.0 (torch.ao.nn.quantized.modules.conv.Conv1d)
Quantized module: resblocks.9.convs1.1 (torch.ao.nn.quantized.modules.conv.Conv1d)
Quantized module: resblocks.9.convs1.2 (torch.ao.nn.quantized.modules.conv.Conv1d)
Quantized module: resblocks.9.convs2.0 (torch.ao.nn.quantized.modules.conv.Conv1d)
Quantized module: resblocks.9.convs2.1 (torch.ao.nn.quantized.modules.conv.Conv1d)
Quantized module: resblocks.9.convs2.2 (torch.ao.nn.quantized.modules.conv.Conv1d)
Quantized module: resblocks.10.convs1.0 (torch.ao.nn.quantized.modules.conv.Conv1d)
Quantized module: resblocks.10.convs1.1 (torch.ao.nn.quantized.modules.conv.Conv1d)
Quantized module: resblocks.10.convs1.2 (torch.ao.nn.quantized.modules.conv.Conv1d)
Quantized module: resblocks.10.convs2.0 (torch.ao.nn.quantized.modules.conv.Conv1d)
Quantized module: resblocks.10.convs2.1 (torch.ao.nn.quantized.modules.conv.Conv1d)
Quantized module: resblocks.10.convs2.2 (torch.ao.nn.quantized.modules.conv.Conv1d)
Quantized module: resblocks.11.convs1.0 (torch.ao.nn.quantized.modules.conv.Conv1d)
Quantized module: resblocks.11.convs1.1 (torch.ao.nn.quantized.modules.conv.Conv1d)
Quantized module: resblocks.11.convs1.2 (torch.ao.nn.quantized.modules.conv.Conv1d)
Quantized module: resblocks.11.convs2.0 (torch.ao.nn.quantized.modules.conv.Conv1d)
Quantized module: resblocks.11.convs2.1 (torch.ao.nn.quantized.modules.conv.Conv1d)
Quantized module: resblocks.11.convs2.2 (torch.ao.nn.quantized.modules.conv.Conv1d)
Quantized module: conv_post (torch.ao.nn.quantized.modules.conv.Conv1d)
Saving checkpoint to /home/hpc/vlbi/vlbi107v/hifi-gan/cp_hifigan/v1_c128/compressed_checkpoint_int8
Complete.
Saved compressed checkpoint: /home/hpc/vlbi/vlbi107v/hifi-gan/cp_hifigan/v1_c128/compressed_checkpoint_int8 (1.137 MB)
Compressed checkpoint parameters: 926,393
Loaded checkpoint: /home/hpc/vlbi/vlbi107v/hifi-gan/cp_hifigan/v1_c128/g_07960000 (3.617 MB)
Generator parameters: 926,393
generated_audios/generated_H2_128C_int8/1089-134686-0000_generated.wav | RTF: 0.0264(0.275s / 10.435s) | Generator RTF: 0.0260(0.271s / 10.435s)
generated_audios/generated_H2_128C_int8/1089-134686-0001_generated.wav | RTF: 0.0285(0.093s / 3.275s) | Generator RTF: 0.0275(0.090s / 3.275s)
generated_audios/generated_H2_128C_int8/1089-134686-0002_generated.wav | RTF: 0.0257(0.170s / 6.625s) | Generator RTF: 0.0251(0.166s / 6.625s)
generated_audios/generated_H2_128C_int8/1089-134686-0003_generated.wav | RTF: 0.0292(0.078s / 2.680s) | Generator RTF: 0.0280(0.075s / 2.680s)
generated_audios/generated_H2_128C_int8/1089-134686-0004_generated.wav | RTF: 0.0267(0.139s / 5.215s) | Generator RTF: 0.0261(0.136s / 5.215s)
generated_audios/generated_H2_128C_int8/1089-134686-0005_generated.wav | RTF: 0.0251(0.242s / 9.635s) | Generator RTF: 0.0248(0.239s / 9.635s)
generated_audios/generated_H2_128C_int8/1089-134686-0006_generated.wav | RTF: 0.0247(0.260s / 10.555s) | Generator RTF: 0.0242(0.256s / 10.555s)
generated_audios/generated_H2_128C_int8/1089-134686-0007_generated.wav | RTF: 0.0273(0.117s / 4.275s) | Generator RTF: 0.0264(0.113s / 4.275s)
generated_audios/generated_H2_128C_int8/1089-134686-0008_generated.wav | RTF: 0.0258(0.173s / 6.730s) | Generator RTF: 0.0252(0.170s / 6.730s)
generated_audios/generated_H2_128C_int8/1089-134686-0009_generated.wav | RTF: 0.0248(0.262s / 10.575s) | Generator RTF: 0.0244(0.258s / 10.575s)
generated_audios/generated_H2_128C_int8/1089-134686-0010_generated.wav | RTF: 0.0270(0.119s / 4.405s) | Generator RTF: 0.0265(0.117s / 4.405s)
generated_audios/generated_H2_128C_int8/1089-134686-0011_generated.wav | RTF: 0.0251(0.312s / 12.445s) | Generator RTF: 0.0247(0.308s / 12.445s)
generated_audios/generated_H2_128C_int8/1089-134686-0012_generated.wav | RTF: 0.0248(0.289s / 11.640s) | Generator RTF: 0.0245(0.285s / 11.640s)
generated_audios/generated_H2_128C_int8/1089-134686-0013_generated.wav | RTF: 0.0253(0.200s / 7.915s) | Generator RTF: 0.0248(0.197s / 7.915s)
generated_audios/generated_H2_128C_int8/1089-134686-0014_generated.wav | RTF: 0.0310(0.069s / 2.225s) | Generator RTF: 0.0296(0.066s / 2.225s)
generated_audios/generated_H2_128C_int8/1089-134686-0015_generated.wav | RTF: 0.0261(0.152s / 5.815s) | Generator RTF: 0.0256(0.149s / 5.815s)
generated_audios/generated_H2_128C_int8/1089-134686-0016_generated.wav | RTF: 0.0277(0.098s / 3.540s) | Generator RTF: 0.0267(0.095s / 3.540s)
generated_audios/generated_H2_128C_int8/1089-134686-0017_generated.wav | RTF: 0.0252(0.224s / 8.870s) | Generator RTF: 0.0248(0.220s / 8.870s)
generated_audios/generated_H2_128C_int8/1089-134686-0018_generated.wav | RTF: 0.0247(0.389s / 15.720s) | Generator RTF: 0.0244(0.384s / 15.720s)
generated_audios/generated_H2_128C_int8/1089-134686-0019_generated.wav | RTF: 0.0252(0.351s / 13.895s) | Generator RTF: 0.0249(0.346s / 13.895s)
generated_audios/generated_H2_128C_int8/1089-134686-0020_generated.wav | RTF: 0.0247(0.415s / 16.790s) | Generator RTF: 0.0244(0.409s / 16.790s)
generated_audios/generated_H2_128C_int8/1089-134686-0021_generated.wav | RTF: 0.0260(0.170s / 6.550s) | Generator RTF: 0.0255(0.167s / 6.550s)
generated_audios/generated_H2_128C_int8/1089-134686-0022_generated.wav | RTF: 0.0248(0.277s / 11.175s) | Generator RTF: 0.0244(0.273s / 11.175s)
generated_audios/generated_H2_128C_int8/1089-134686-0023_generated.wav | RTF: 0.0244(0.324s / 13.275s) | Generator RTF: 0.0241(0.320s / 13.275s)
generated_audios/generated_H2_128C_int8/1089-134686-0024_generated.wav | RTF: 0.0245(0.286s / 11.655s) | Generator RTF: 0.0241(0.281s / 11.655s)
generated_audios/generated_H2_128C_int8/1089-134686-0025_generated.wav | RTF: 0.0253(0.167s / 6.610s) | Generator RTF: 0.0247(0.163s / 6.610s)
generated_audios/generated_H2_128C_int8/1089-134686-0026_generated.wav | RTF: 0.0276(0.111s / 4.010s) | Generator RTF: 0.0267(0.107s / 4.010s)
generated_audios/generated_H2_128C_int8/1089-134686-0027_generated.wav | RTF: 0.0297(0.081s / 2.710s) | Generator RTF: 0.0286(0.078s / 2.710s)
generated_audios/generated_H2_128C_int8/1089-134686-0028_generated.wav | RTF: 0.0256(0.200s / 7.830s) | Generator RTF: 0.0251(0.197s / 7.830s)
generated_audios/generated_H2_128C_int8/1089-134686-0029_generated.wav | RTF: 0.0271(0.127s / 4.670s) | Generator RTF: 0.0263(0.123s / 4.670s)
generated_audios/generated_H2_128C_int8/1089-134686-0030_generated.wav | RTF: 0.0303(0.082s / 2.715s) | Generator RTF: 0.0290(0.079s / 2.715s)
generated_audios/generated_H2_128C_int8/1089-134686-0031_generated.wav | RTF: 0.0257(0.170s / 6.615s) | Generator RTF: 0.0251(0.166s / 6.615s)
generated_audios/generated_H2_128C_int8/121-121726-0000_generated.wav | RTF: 0.0248(0.210s / 8.460s) | Generator RTF: 0.0244(0.207s / 8.460s)
generated_audios/generated_H2_128C_int8/121-121726-0001_generated.wav | RTF: 0.0261(0.155s / 5.925s) | Generator RTF: 0.0255(0.151s / 5.925s)
generated_audios/generated_H2_128C_int8/121-121726-0002_generated.wav | RTF: 0.0272(0.120s / 4.410s) | Generator RTF: 0.0265(0.117s / 4.410s)
generated_audios/generated_H2_128C_int8/121-121726-0003_generated.wav | RTF: 0.0256(0.173s / 6.755s) | Generator RTF: 0.0251(0.169s / 6.755s)
generated_audios/generated_H2_128C_int8/121-121726-0004_generated.wav | RTF: 0.0273(0.110s / 4.020s) | Generator RTF: 0.0264(0.106s / 4.020s)
generated_audios/generated_H2_128C_int8/121-121726-0005_generated.wav | RTF: 0.0285(0.088s / 3.100s) | Generator RTF: 0.0274(0.085s / 3.100s)
generated_audios/generated_H2_128C_int8/121-121726-0006_generated.wav | RTF: 0.0273(0.106s / 3.895s) | Generator RTF: 0.0265(0.103s / 3.895s)
generated_audios/generated_H2_128C_int8/121-121726-0007_generated.wav | RTF: 0.0257(0.173s / 6.730s) | Generator RTF: 0.0252(0.169s / 6.730s)
generated_audios/generated_H2_128C_int8/121-121726-0008_generated.wav | RTF: 0.0265(0.132s / 4.990s) | Generator RTF: 0.0258(0.129s / 4.990s)
generated_audios/generated_H2_128C_int8/121-121726-0009_generated.wav | RTF: 0.0253(0.184s / 7.260s) | Generator RTF: 0.0248(0.180s / 7.260s)
generated_audios/generated_H2_128C_int8/121-121726-0010_generated.wav | RTF: 0.0248(0.243s / 9.810s) | Generator RTF: 0.0244(0.239s / 9.810s)
generated_audios/generated_H2_128C_int8/121-121726-0011_generated.wav | RTF: 0.0270(0.109s / 4.035s) | Generator RTF: 0.0262(0.106s / 4.035s)
generated_audios/generated_H2_128C_int8/121-121726-0012_generated.wav | RTF: 0.0266(0.107s / 4.045s) | Generator RTF: 0.0261(0.106s / 4.045s)
generated_audios/generated_H2_128C_int8/121-121726-0013_generated.wav | RTF: 0.0299(0.074s / 2.490s) | Generator RTF: 0.0287(0.071s / 2.490s)
generated_audios/generated_H2_128C_int8/121-121726-0014_generated.wav | RTF: 0.0280(0.089s / 3.165s) | Generator RTF: 0.0270(0.085s / 3.165s)
generated_audios/generated_H2_128C_int8/121-123852-0000_generated.wav | RTF: 0.0246(0.434s / 17.695s) | Generator RTF: 0.0243(0.430s / 17.695s)
generated_audios/generated_H2_128C_int8/121-123852-0001_generated.wav | RTF: 0.0325(0.061s / 1.870s) | Generator RTF: 0.0305(0.057s / 1.870s)
generated_audios/generated_H2_128C_int8/121-123852-0002_generated.wav | RTF: 0.0247(0.428s / 17.285s) | Generator RTF: 0.0245(0.423s / 17.285s)
generated_audios/generated_H2_128C_int8/121-123852-0003_generated.wav | RTF: 0.0243(0.571s / 23.505s) | Generator RTF: 0.0241(0.566s / 23.505s)
generated_audios/generated_H2_128C_int8/121-123852-0004_generated.wav | RTF: 0.0245(0.399s / 16.290s) | Generator RTF: 0.0243(0.395s / 16.290s)
generated_audios/generated_H2_128C_int8/121-123859-0000_generated.wav | RTF: 0.0245(0.427s / 17.390s) | Generator RTF: 0.0243(0.422s / 17.390s)
generated_audios/generated_H2_128C_int8/121-123859-0001_generated.wav | RTF: 0.0243(0.616s / 25.395s) | Generator RTF: 0.0240(0.610s / 25.395s)
generated_audios/generated_H2_128C_int8/121-123859-0002_generated.wav | RTF: 0.0247(0.742s / 30.040s) | Generator RTF: 0.0245(0.735s / 30.040s)
generated_audios/generated_H2_128C_int8/121-123859-0003_generated.wav | RTF: 0.0248(0.269s / 10.825s) | Generator RTF: 0.0245(0.265s / 10.825s)
generated_audios/generated_H2_128C_int8/121-123859-0004_generated.wav | RTF: 0.0253(0.241s / 9.505s) | Generator RTF: 0.0249(0.236s / 9.505s)
generated_audios/generated_H2_128C_int8/121-127105-0000_generated.wav | RTF: 0.0253(0.249s / 9.875s) | Generator RTF: 0.0249(0.246s / 9.875s)
generated_audios/generated_H2_128C_int8/121-127105-0001_generated.wav | RTF: 0.0273(0.137s / 5.025s) | Generator RTF: 0.0266(0.134s / 5.025s)
generated_audios/generated_H2_128C_int8/121-127105-0002_generated.wav | RTF: 0.0265(0.199s / 7.495s) | Generator RTF: 0.0260(0.195s / 7.495s)
generated_audios/generated_H2_128C_int8/121-127105-0003_generated.wav | RTF: 0.0250(0.193s / 7.725s) | Generator RTF: 0.0246(0.190s / 7.725s)
generated_audios/generated_H2_128C_int8/121-127105-0004_generated.wav | RTF: 0.0317(0.067s / 2.110s) | Generator RTF: 0.0301(0.064s / 2.110s)
generated_audios/generated_H2_128C_int8/121-127105-0005_generated.wav | RTF: 0.0258(0.150s / 5.820s) | Generator RTF: 0.0252(0.147s / 5.820s)
generated_audios/generated_H2_128C_int8/121-127105-0006_generated.wav | RTF: 0.0266(0.126s / 4.725s) | Generator RTF: 0.0260(0.123s / 4.725s)
generated_audios/generated_H2_128C_int8/121-127105-0007_generated.wav | RTF: 0.0262(0.152s / 5.790s) | Generator RTF: 0.0256(0.148s / 5.790s)
generated_audios/generated_H2_128C_int8/121-127105-0008_generated.wav | RTF: 0.0300(0.083s / 2.760s) | Generator RTF: 0.0288(0.080s / 2.760s)
generated_audios/generated_H2_128C_int8/121-127105-0009_generated.wav | RTF: 0.0304(0.070s / 2.290s) | Generator RTF: 0.0293(0.067s / 2.290s)
generated_audios/generated_H2_128C_int8/121-127105-0010_generated.wav | RTF: 0.0295(0.084s / 2.850s) | Generator RTF: 0.0284(0.081s / 2.850s)
generated_audios/generated_H2_128C_int8/121-127105-0011_generated.wav | RTF: 0.0264(0.153s / 5.780s) | Generator RTF: 0.0259(0.149s / 5.780s)
generated_audios/generated_H2_128C_int8/121-127105-0012_generated.wav | RTF: 0.0283(0.137s / 4.830s) | Generator RTF: 0.0276(0.133s / 4.830s)
generated_audios/generated_H2_128C_int8/121-127105-0013_generated.wav | RTF: 0.0270(0.159s / 5.895s) | Generator RTF: 0.0263(0.155s / 5.895s)
generated_audios/generated_H2_128C_int8/121-127105-0014_generated.wav | RTF: 0.0311(0.070s / 2.255s) | Generator RTF: 0.0297(0.067s / 2.255s)
generated_audios/generated_H2_128C_int8/121-127105-0015_generated.wav | RTF: 0.0303(0.090s / 2.960s) | Generator RTF: 0.0292(0.086s / 2.960s)
generated_audios/generated_H2_128C_int8/121-127105-0016_generated.wav | RTF: 0.0313(0.064s / 2.030s) | Generator RTF: 0.0298(0.060s / 2.030s)
generated_audios/generated_H2_128C_int8/121-127105-0017_generated.wav | RTF: 0.0303(0.082s / 2.695s) | Generator RTF: 0.0291(0.078s / 2.695s)
generated_audios/generated_H2_128C_int8/121-127105-0018_generated.wav | RTF: 0.0306(0.085s / 2.770s) | Generator RTF: 0.0295(0.082s / 2.770s)
generated_audios/generated_H2_128C_int8/121-127105-0019_generated.wav | RTF: 0.0299(0.105s / 3.525s) | Generator RTF: 0.0289(0.102s / 3.525s)
generated_audios/generated_H2_128C_int8/121-127105-0020_generated.wav | RTF: 0.0259(0.372s / 14.355s) | Generator RTF: 0.0256(0.367s / 14.355s)
generated_audios/generated_H2_128C_int8/121-127105-0021_generated.wav | RTF: 0.0335(0.067s / 2.000s) | Generator RTF: 0.0317(0.063s / 2.000s)
generated_audios/generated_H2_128C_int8/121-127105-0022_generated.wav | RTF: 0.0287(0.146s / 5.075s) | Generator RTF: 0.0280(0.142s / 5.075s)
generated_audios/generated_H2_128C_int8/121-127105-0023_generated.wav | RTF: 0.0260(0.284s / 10.910s) | Generator RTF: 0.0257(0.280s / 10.910s)
generated_audios/generated_H2_128C_int8/121-127105-0024_generated.wav | RTF: 0.0254(0.366s / 14.450s) | Generator RTF: 0.0251(0.362s / 14.450s)
generated_audios/generated_H2_128C_int8/121-127105-0025_generated.wav | RTF: 0.0257(0.414s / 16.065s) | Generator RTF: 0.0255(0.409s / 16.065s)
generated_audios/generated_H2_128C_int8/121-127105-0026_generated.wav | RTF: 0.0268(0.202s / 7.530s) | Generator RTF: 0.0263(0.198s / 7.530s)
generated_audios/generated_H2_128C_int8/121-127105-0027_generated.wav | RTF: 0.0263(0.365s / 13.870s) | Generator RTF: 0.0260(0.361s / 13.870s)
generated_audios/generated_H2_128C_int8/121-127105-0028_generated.wav | RTF: 0.0270(0.182s / 6.750s) | Generator RTF: 0.0264(0.178s / 6.750s)
generated_audios/generated_H2_128C_int8/121-127105-0029_generated.wav | RTF: 0.0273(0.200s / 7.310s) | Generator RTF: 0.0268(0.196s / 7.310s)
generated_audios/generated_H2_128C_int8/121-127105-0030_generated.wav | RTF: 0.0335(0.073s / 2.175s) | Generator RTF: 0.0319(0.069s / 2.175s)
generated_audios/generated_H2_128C_int8/121-127105-0031_generated.wav | RTF: 0.0266(0.286s / 10.765s) | Generator RTF: 0.0262(0.282s / 10.765s)
generated_audios/generated_H2_128C_int8/121-127105-0032_generated.wav | RTF: 0.0298(0.094s / 3.170s) | Generator RTF: 0.0287(0.091s / 3.170s)
generated_audios/generated_H2_128C_int8/121-127105-0033_generated.wav | RTF: 0.0306(0.072s / 2.355s) | Generator RTF: 0.0292(0.069s / 2.355s)
generated_audios/generated_H2_128C_int8/121-127105-0034_generated.wav | RTF: 0.0269(0.199s / 7.410s) | Generator RTF: 0.0264(0.195s / 7.410s)
generated_audios/generated_H2_128C_int8/121-127105-0035_generated.wav | RTF: 0.0262(0.370s / 14.150s) | Generator RTF: 0.0259(0.366s / 14.150s)
generated_audios/generated_H2_128C_int8/121-127105-0036_generated.wav | RTF: 0.0290(0.120s / 4.150s) | Generator RTF: 0.0281(0.116s / 4.150s)
generated_audios/generated_H2_128C_int8/237-126133-0000_generated.wav | RTF: 0.0264(0.350s / 13.290s) | Generator RTF: 0.0260(0.346s / 13.290s)
generated_audios/generated_H2_128C_int8/237-126133-0001_generated.wav | RTF: 0.0263(0.314s / 11.965s) | Generator RTF: 0.0259(0.310s / 11.965s)
generated_audios/generated_H2_128C_int8/237-126133-0002_generated.wav | RTF: 0.0287(0.256s / 8.920s) | Generator RTF: 0.0282(0.251s / 8.920s)
generated_audios/generated_H2_128C_int8/237-126133-0003_generated.wav | RTF: 0.0270(0.177s / 6.560s) | Generator RTF: 0.0265(0.174s / 6.560s)
generated_audios/generated_H2_128C_int8/237-126133-0004_generated.wav | RTF: 0.0828(0.273s / 3.295s) | Generator RTF: 0.0820(0.270s / 3.295s)
generated_audios/generated_H2_128C_int8/237-126133-0005_generated.wav | RTF: 0.0270(0.176s / 6.510s) | Generator RTF: 0.0264(0.172s / 6.510s)
generated_audios/generated_H2_128C_int8/237-126133-0006_generated.wav | RTF: 0.0273(0.168s / 6.150s) | Generator RTF: 0.0268(0.165s / 6.150s)
generated_audios/generated_H2_128C_int8/237-126133-0007_generated.wav | RTF: 0.0266(0.231s / 8.680s) | Generator RTF: 0.0263(0.228s / 8.680s)
generated_audios/generated_H2_128C_int8/237-126133-0008_generated.wav | RTF: 0.0288(0.111s / 3.865s) | Generator RTF: 0.0278(0.108s / 3.865s)
generated_audios/generated_H2_128C_int8/237-126133-0009_generated.wav | RTF: 0.0291(0.116s / 3.970s) | Generator RTF: 0.0282(0.112s / 3.970s)
generated_audios/generated_H2_128C_int8/237-126133-0010_generated.wav | RTF: 0.0268(0.167s / 6.240s) | Generator RTF: 0.0261(0.163s / 6.240s)
generated_audios/generated_H2_128C_int8/237-126133-0011_generated.wav | RTF: 0.0262(0.176s / 6.710s) | Generator RTF: 0.0257(0.173s / 6.710s)
generated_audios/generated_H2_128C_int8/237-126133-0012_generated.wav | RTF: 0.0286(0.127s / 4.450s) | Generator RTF: 0.0280(0.124s / 4.450s)
generated_audios/generated_H2_128C_int8/237-126133-0013_generated.wav | RTF: 0.0273(0.186s / 6.815s) | Generator RTF: 0.0267(0.182s / 6.815s)
generated_audios/generated_H2_128C_int8/237-126133-0014_generated.wav | RTF: 0.0276(0.187s / 6.790s) | Generator RTF: 0.0270(0.183s / 6.790s)
generated_audios/generated_H2_128C_int8/237-126133-0015_generated.wav | RTF: 0.0263(0.246s / 9.340s) | Generator RTF: 0.0259(0.242s / 9.340s)
generated_audios/generated_H2_128C_int8/237-126133-0016_generated.wav | RTF: 0.0289(0.123s / 4.250s) | Generator RTF: 0.0282(0.120s / 4.250s)
generated_audios/generated_H2_128C_int8/237-126133-0017_generated.wav | RTF: 0.0271(0.168s / 6.210s) | Generator RTF: 0.0265(0.165s / 6.210s)
generated_audios/generated_H2_128C_int8/237-126133-0018_generated.wav | RTF: 0.0294(0.120s / 4.095s) | Generator RTF: 0.0287(0.118s / 4.095s)
generated_audios/generated_H2_128C_int8/237-126133-0019_generated.wav | RTF: 0.0269(0.192s / 7.120s) | Generator RTF: 0.0264(0.188s / 7.120s)
generated_audios/generated_H2_128C_int8/237-126133-0020_generated.wav | RTF: 0.0338(0.076s / 2.240s) | Generator RTF: 0.0323(0.072s / 2.240s)
generated_audios/generated_H2_128C_int8/237-126133-0021_generated.wav | RTF: 0.0286(0.125s / 4.365s) | Generator RTF: 0.0278(0.121s / 4.365s)
generated_audios/generated_H2_128C_int8/237-126133-0022_generated.wav | RTF: 0.0301(0.152s / 5.040s) | Generator RTF: 0.0295(0.149s / 5.040s)
generated_audios/generated_H2_128C_int8/237-126133-0023_generated.wav | RTF: 0.0271(0.181s / 6.675s) | Generator RTF: 0.0265(0.177s / 6.675s)
generated_audios/generated_H2_128C_int8/237-126133-0024_generated.wav | RTF: 0.0280(0.271s / 9.665s) | Generator RTF: 0.0276(0.267s / 9.665s)
generated_audios/generated_H2_128C_int8/237-126133-0025_generated.wav | RTF: 0.0283(0.106s / 3.755s) | Generator RTF: 0.0273(0.103s / 3.755s)
generated_audios/generated_H2_128C_int8/237-134493-0000_generated.wav | RTF: 0.0290(0.119s / 4.105s) | Generator RTF: 0.0281(0.116s / 4.105s)
generated_audios/generated_H2_128C_int8/237-134493-0001_generated.wav | RTF: 0.0269(0.198s / 7.380s) | Generator RTF: 0.0265(0.195s / 7.380s)
generated_audios/generated_H2_128C_int8/237-134493-0002_generated.wav | RTF: 0.0268(0.306s / 11.395s) | Generator RTF: 0.0265(0.302s / 11.395s)
generated_audios/generated_H2_128C_int8/237-134493-0003_generated.wav | RTF: 0.0260(0.332s / 12.765s) | Generator RTF: 0.0257(0.328s / 12.765s)
generated_audios/generated_H2_128C_int8/237-134493-0004_generated.wav | RTF: 0.0273(0.186s / 6.825s) | Generator RTF: 0.0268(0.183s / 6.825s)
generated_audios/generated_H2_128C_int8/237-134493-0005_generated.wav | RTF: 0.0261(0.286s / 10.945s) | Generator RTF: 0.0258(0.282s / 10.945s)
generated_audios/generated_H2_128C_int8/237-134493-0006_generated.wav | RTF: 0.0281(0.124s / 4.395s) | Generator RTF: 0.0273(0.120s / 4.395s)
generated_audios/generated_H2_128C_int8/237-134493-0007_generated.wav | RTF: 0.0332(0.068s / 2.035s) | Generator RTF: 0.0316(0.064s / 2.035s)
generated_audios/generated_H2_128C_int8/237-134493-0008_generated.wav | RTF: 0.0317(0.073s / 2.305s) | Generator RTF: 0.0304(0.070s / 2.305s)
generated_audios/generated_H2_128C_int8/237-134493-0009_generated.wav | RTF: 0.0362(0.108s / 2.975s) | Generator RTF: 0.0352(0.105s / 2.975s)
generated_audios/generated_H2_128C_int8/237-134493-0010_generated.wav | RTF: 0.0305(0.088s / 2.875s) | Generator RTF: 0.0293(0.084s / 2.875s)
generated_audios/generated_H2_128C_int8/237-134493-0011_generated.wav | RTF: 0.0280(0.141s / 5.035s) | Generator RTF: 0.0273(0.137s / 5.035s)
generated_audios/generated_H2_128C_int8/237-134493-0012_generated.wav | RTF: 0.0285(0.104s / 3.660s) | Generator RTF: 0.0276(0.101s / 3.660s)
generated_audios/generated_H2_128C_int8/237-134493-0013_generated.wav | RTF: 0.0292(0.119s / 4.090s) | Generator RTF: 0.0283(0.116s / 4.090s)
generated_audios/generated_H2_128C_int8/237-134493-0014_generated.wav | RTF: 0.0291(0.108s / 3.700s) | Generator RTF: 0.0283(0.105s / 3.700s)
generated_audios/generated_H2_128C_int8/237-134493-0015_generated.wav | RTF: 0.0272(0.178s / 6.550s) | Generator RTF: 0.0266(0.175s / 6.550s)
generated_audios/generated_H2_128C_int8/237-134493-0016_generated.wav | RTF: 0.0262(0.264s / 10.085s) | Generator RTF: 0.0259(0.261s / 10.085s)
generated_audios/generated_H2_128C_int8/237-134493-0017_generated.wav | RTF: 0.0260(0.237s / 9.105s) | Generator RTF: 0.0256(0.233s / 9.105s)
generated_audios/generated_H2_128C_int8/237-134493-0018_generated.wav | RTF: 0.0273(0.131s / 4.790s) | Generator RTF: 0.0268(0.128s / 4.790s)
generated_audios/generated_H2_128C_int8/237-134500-0000_generated.wav | RTF: 0.0270(0.165s / 6.130s) | Generator RTF: 0.0263(0.162s / 6.130s)
generated_audios/generated_H2_128C_int8/237-134500-0001_generated.wav | RTF: 0.0342(0.062s / 1.810s) | Generator RTF: 0.0324(0.059s / 1.810s)
generated_audios/generated_H2_128C_int8/237-134500-0002_generated.wav | RTF: 0.0269(0.137s / 5.070s) | Generator RTF: 0.0265(0.134s / 5.070s)
generated_audios/generated_H2_128C_int8/237-134500-0003_generated.wav | RTF: 0.0296(0.094s / 3.170s) | Generator RTF: 0.0285(0.090s / 3.170s)
generated_audios/generated_H2_128C_int8/237-134500-0004_generated.wav | RTF: 0.0315(0.070s / 2.225s) | Generator RTF: 0.0300(0.067s / 2.225s)
generated_audios/generated_H2_128C_int8/237-134500-0005_generated.wav | RTF: 0.0308(0.074s / 2.390s) | Generator RTF: 0.0294(0.070s / 2.390s)
generated_audios/generated_H2_128C_int8/237-134500-0006_generated.wav | RTF: 0.0288(0.122s / 4.225s) | Generator RTF: 0.0279(0.118s / 4.225s)
generated_audios/generated_H2_128C_int8/237-134500-0007_generated.wav | RTF: 0.0326(0.078s / 2.390s) | Generator RTF: 0.0312(0.075s / 2.390s)
generated_audios/generated_H2_128C_int8/237-134500-0008_generated.wav | RTF: 0.0291(0.109s / 3.760s) | Generator RTF: 0.0282(0.106s / 3.760s)
generated_audios/generated_H2_128C_int8/237-134500-0009_generated.wav | RTF: 0.0318(0.071s / 2.220s) | Generator RTF: 0.0304(0.068s / 2.220s)
generated_audios/generated_H2_128C_int8/237-134500-0010_generated.wav | RTF: 0.0284(0.113s / 3.995s) | Generator RTF: 0.0276(0.110s / 3.995s)
generated_audios/generated_H2_128C_int8/237-134500-0011_generated.wav | RTF: 0.0296(0.099s / 3.350s) | Generator RTF: 0.0285(0.096s / 3.350s)
generated_audios/generated_H2_128C_int8/237-134500-0012_generated.wav | RTF: 0.0265(0.290s / 10.935s) | Generator RTF: 0.0261(0.286s / 10.935s)
generated_audios/generated_H2_128C_int8/237-134500-0013_generated.wav | RTF: 0.0266(0.281s / 10.560s) | Generator RTF: 0.0262(0.277s / 10.560s)
generated_audios/generated_H2_128C_int8/237-134500-0014_generated.wav | RTF: 0.0282(0.120s / 4.250s) | Generator RTF: 0.0276(0.117s / 4.250s)
generated_audios/generated_H2_128C_int8/237-134500-0015_generated.wav | RTF: 0.0265(0.287s / 10.815s) | Generator RTF: 0.0261(0.283s / 10.815s)
generated_audios/generated_H2_128C_int8/237-134500-0016_generated.wav | RTF: 0.0309(0.098s / 3.160s) | Generator RTF: 0.0298(0.094s / 3.160s)
generated_audios/generated_H2_128C_int8/237-134500-0017_generated.wav | RTF: 0.0344(0.075s / 2.180s) | Generator RTF: 0.0328(0.071s / 2.180s)
generated_audios/generated_H2_128C_int8/237-134500-0018_generated.wav | RTF: 0.0264(0.339s / 12.845s) | Generator RTF: 0.0261(0.335s / 12.845s)
generated_audios/generated_H2_128C_int8/237-134500-0019_generated.wav | RTF: 0.0293(0.084s / 2.860s) | Generator RTF: 0.0281(0.080s / 2.860s)
generated_audios/generated_H2_128C_int8/237-134500-0020_generated.wav | RTF: 0.0312(0.068s / 2.180s) | Generator RTF: 0.0298(0.065s / 2.180s)
generated_audios/generated_H2_128C_int8/237-134500-0021_generated.wav | RTF: 0.0267(0.137s / 5.120s) | Generator RTF: 0.0261(0.133s / 5.120s)
generated_audios/generated_H2_128C_int8/237-134500-0022_generated.wav | RTF: 0.0266(0.138s / 5.165s) | Generator RTF: 0.0260(0.134s / 5.165s)
generated_audios/generated_H2_128C_int8/237-134500-0023_generated.wav | RTF: 0.0287(0.088s / 3.060s) | Generator RTF: 0.0277(0.085s / 3.060s)
generated_audios/generated_H2_128C_int8/237-134500-0024_generated.wav | RTF: 0.0275(0.121s / 4.410s) | Generator RTF: 0.0267(0.118s / 4.410s)
generated_audios/generated_H2_128C_int8/237-134500-0025_generated.wav | RTF: 0.0334(0.055s / 1.630s) | Generator RTF: 0.0315(0.051s / 1.630s)
generated_audios/generated_H2_128C_int8/237-134500-0026_generated.wav | RTF: 0.0291(0.089s / 3.050s) | Generator RTF: 0.0280(0.085s / 3.050s)
generated_audios/generated_H2_128C_int8/237-134500-0027_generated.wav | RTF: 0.0288(0.094s / 3.270s) | Generator RTF: 0.0278(0.091s / 3.270s)
generated_audios/generated_H2_128C_int8/237-134500-0028_generated.wav | RTF: 0.0283(0.128s / 4.525s) | Generator RTF: 0.0275(0.124s / 4.525s)
generated_audios/generated_H2_128C_int8/237-134500-0029_generated.wav | RTF: 0.0317(0.066s / 2.065s) | Generator RTF: 0.0302(0.062s / 2.065s)
generated_audios/generated_H2_128C_int8/237-134500-0030_generated.wav | RTF: 0.0299(0.083s / 2.780s) | Generator RTF: 0.0287(0.080s / 2.780s)
generated_audios/generated_H2_128C_int8/237-134500-0031_generated.wav | RTF: 0.0265(0.282s / 10.610s) | Generator RTF: 0.0261(0.277s / 10.610s)
generated_audios/generated_H2_128C_int8/237-134500-0032_generated.wav | RTF: 0.0272(0.137s / 5.025s) | Generator RTF: 0.0264(0.133s / 5.025s)
generated_audios/generated_H2_128C_int8/237-134500-0033_generated.wav | RTF: 0.0271(0.172s / 6.350s) | Generator RTF: 0.0264(0.168s / 6.350s)
generated_audios/generated_H2_128C_int8/237-134500-0034_generated.wav | RTF: 0.0301(0.093s / 3.075s) | Generator RTF: 0.0290(0.089s / 3.075s)
generated_audios/generated_H2_128C_int8/237-134500-0035_generated.wav | RTF: 0.0308(0.079s / 2.555s) | Generator RTF: 0.0295(0.075s / 2.555s)
generated_audios/generated_H2_128C_int8/237-134500-0036_generated.wav | RTF: 0.0272(0.180s / 6.600s) | Generator RTF: 0.0266(0.176s / 6.600s)
generated_audios/generated_H2_128C_int8/237-134500-0037_generated.wav | RTF: 0.0271(0.193s / 7.105s) | Generator RTF: 0.0266(0.189s / 7.105s)
generated_audios/generated_H2_128C_int8/237-134500-0038_generated.wav | RTF: 0.0314(0.076s / 2.435s) | Generator RTF: 0.0303(0.074s / 2.435s)
generated_audios/generated_H2_128C_int8/237-134500-0039_generated.wav | RTF: 0.0281(0.130s / 4.630s) | Generator RTF: 0.0274(0.127s / 4.630s)
generated_audios/generated_H2_128C_int8/237-134500-0040_generated.wav | RTF: 0.0286(0.115s / 4.030s) | Generator RTF: 0.0279(0.112s / 4.030s)
generated_audios/generated_H2_128C_int8/237-134500-0041_generated.wav | RTF: 0.0299(0.266s / 8.920s) | Generator RTF: 0.0295(0.263s / 8.920s)
generated_audios/generated_H2_128C_int8/237-134500-0042_generated.wav | RTF: 0.0304(0.078s / 2.575s) | Generator RTF: 0.0294(0.076s / 2.575s)
generated_audios/generated_H2_128C_int8/260-123286-0000_generated.wav | RTF: 0.0278(0.196s / 7.040s) | Generator RTF: 0.0273(0.192s / 7.040s)
generated_audios/generated_H2_128C_int8/260-123286-0001_generated.wav | RTF: 0.0307(0.094s / 3.070s) | Generator RTF: 0.0298(0.092s / 3.070s)
generated_audios/generated_H2_128C_int8/260-123286-0002_generated.wav | RTF: 0.0273(0.273s / 9.985s) | Generator RTF: 0.0270(0.270s / 9.985s)
generated_audios/generated_H2_128C_int8/260-123286-0003_generated.wav | RTF: 0.0266(0.196s / 7.370s) | Generator RTF: 0.0260(0.192s / 7.370s)
generated_audios/generated_H2_128C_int8/260-123286-0004_generated.wav | RTF: 0.0297(0.103s / 3.465s) | Generator RTF: 0.0287(0.100s / 3.465s)
generated_audios/generated_H2_128C_int8/260-123286-0005_generated.wav | RTF: 0.0279(0.134s / 4.810s) | Generator RTF: 0.0270(0.130s / 4.810s)
generated_audios/generated_H2_128C_int8/260-123286-0006_generated.wav | RTF: 0.0265(0.197s / 7.405s) | Generator RTF: 0.0260(0.193s / 7.405s)
generated_audios/generated_H2_128C_int8/260-123286-0007_generated.wav | RTF: 0.0282(0.128s / 4.550s) | Generator RTF: 0.0274(0.125s / 4.550s)
generated_audios/generated_H2_128C_int8/260-123286-0008_generated.wav | RTF: 0.0290(0.108s / 3.735s) | Generator RTF: 0.0280(0.105s / 3.735s)
generated_audios/generated_H2_128C_int8/260-123286-0009_generated.wav | RTF: 0.0272(0.158s / 5.795s) | Generator RTF: 0.0265(0.154s / 5.795s)
generated_audios/generated_H2_128C_int8/260-123286-0010_generated.wav | RTF: 0.0310(0.080s / 2.575s) | Generator RTF: 0.0297(0.076s / 2.575s)
generated_audios/generated_H2_128C_int8/260-123286-0011_generated.wav | RTF: 0.0323(0.138s / 4.255s) | Generator RTF: 0.0280(0.119s / 4.255s)
generated_audios/generated_H2_128C_int8/260-123286-0012_generated.wav | RTF: 0.0313(0.076s / 2.430s) | Generator RTF: 0.0300(0.073s / 2.430s)
generated_audios/generated_H2_128C_int8/260-123286-0013_generated.wav | RTF: 0.0285(0.135s / 4.730s) | Generator RTF: 0.0278(0.131s / 4.730s)
generated_audios/generated_H2_128C_int8/260-123286-0014_generated.wav | RTF: 0.0353(0.105s / 2.980s) | Generator RTF: 0.0341(0.102s / 2.980s)
generated_audios/generated_H2_128C_int8/260-123286-0015_generated.wav | RTF: 0.0294(0.153s / 5.210s) | Generator RTF: 0.0288(0.150s / 5.210s)
generated_audios/generated_H2_128C_int8/260-123286-0016_generated.wav | RTF: 0.0265(0.186s / 7.000s) | Generator RTF: 0.0259(0.182s / 7.000s)
generated_audios/generated_H2_128C_int8/260-123286-0017_generated.wav | RTF: 0.0295(0.117s / 3.975s) | Generator RTF: 0.0286(0.114s / 3.975s)
generated_audios/generated_H2_128C_int8/260-123286-0018_generated.wav | RTF: 0.0276(0.157s / 5.670s) | Generator RTF: 0.0270(0.153s / 5.670s)
generated_audios/generated_H2_128C_int8/260-123286-0019_generated.wav | RTF: 0.0264(0.314s / 11.905s) | Generator RTF: 0.0260(0.310s / 11.905s)
generated_audios/generated_H2_128C_int8/260-123286-0020_generated.wav | RTF: 0.0313(0.096s / 3.060s) | Generator RTF: 0.0301(0.092s / 3.060s)
generated_audios/generated_H2_128C_int8/260-123286-0021_generated.wav | RTF: 0.0309(0.079s / 2.550s) | Generator RTF: 0.0296(0.076s / 2.550s)
generated_audios/generated_H2_128C_int8/260-123286-0022_generated.wav | RTF: 0.0288(0.093s / 3.235s) | Generator RTF: 0.0278(0.090s / 3.235s)
generated_audios/generated_H2_128C_int8/260-123286-0023_generated.wav | RTF: 0.0272(0.160s / 5.875s) | Generator RTF: 0.0266(0.156s / 5.875s)
generated_audios/generated_H2_128C_int8/260-123286-0024_generated.wav | RTF: 0.0294(0.089s / 3.040s) | Generator RTF: 0.0283(0.086s / 3.040s)
generated_audios/generated_H2_128C_int8/260-123286-0025_generated.wav | RTF: 0.0260(0.240s / 9.205s) | Generator RTF: 0.0257(0.236s / 9.205s)
generated_audios/generated_H2_128C_int8/260-123286-0026_generated.wav | RTF: 0.0261(0.181s / 6.940s) | Generator RTF: 0.0255(0.177s / 6.940s)
generated_audios/generated_H2_128C_int8/260-123286-0027_generated.wav | RTF: 0.0265(0.190s / 7.170s) | Generator RTF: 0.0260(0.186s / 7.170s)
generated_audios/generated_H2_128C_int8/260-123286-0028_generated.wav | RTF: 0.0261(0.195s / 7.465s) | Generator RTF: 0.0256(0.191s / 7.465s)
generated_audios/generated_H2_128C_int8/260-123286-0029_generated.wav | RTF: 0.0281(0.128s / 4.545s) | Generator RTF: 0.0272(0.124s / 4.545s)
generated_audios/generated_H2_128C_int8/260-123286-0030_generated.wav | RTF: 0.0267(0.201s / 7.530s) | Generator RTF: 0.0261(0.197s / 7.530s)
generated_audios/generated_H2_128C_int8/260-123286-0031_generated.wav | RTF: 0.0276(0.140s / 5.060s) | Generator RTF: 0.0269(0.136s / 5.060s)
generated_audios/generated_H2_128C_int8/260-123288-0000_generated.wav | RTF: 0.0300(0.091s / 3.040s) | Generator RTF: 0.0289(0.088s / 3.040s)
generated_audios/generated_H2_128C_int8/260-123288-0001_generated.wav | RTF: 0.0275(0.140s / 5.080s) | Generator RTF: 0.0268(0.136s / 5.080s)
generated_audios/generated_H2_128C_int8/260-123288-0002_generated.wav | RTF: 0.0266(0.193s / 7.250s) | Generator RTF: 0.0261(0.189s / 7.250s)
generated_audios/generated_H2_128C_int8/260-123288-0003_generated.wav | RTF: 0.0270(0.240s / 8.905s) | Generator RTF: 0.0265(0.236s / 8.905s)
generated_audios/generated_H2_128C_int8/260-123288-0004_generated.wav | RTF: 0.0292(0.126s / 4.310s) | Generator RTF: 0.0284(0.122s / 4.310s)
generated_audios/generated_H2_128C_int8/260-123288-0005_generated.wav | RTF: 0.0260(0.327s / 12.550s) | Generator RTF: 0.0257(0.322s / 12.550s)
generated_audios/generated_H2_128C_int8/260-123288-0006_generated.wav | RTF: 0.0279(0.136s / 4.880s) | Generator RTF: 0.0272(0.133s / 4.880s)
generated_audios/generated_H2_128C_int8/260-123288-0007_generated.wav | RTF: 0.0258(0.289s / 11.200s) | Generator RTF: 0.0254(0.285s / 11.200s)
generated_audios/generated_H2_128C_int8/260-123288-0008_generated.wav | RTF: 0.0277(0.153s / 5.515s) | Generator RTF: 0.0270(0.149s / 5.515s)
generated_audios/generated_H2_128C_int8/260-123288-0009_generated.wav | RTF: 0.0295(0.101s / 3.435s) | Generator RTF: 0.0285(0.098s / 3.435s)
generated_audios/generated_H2_128C_int8/260-123288-0010_generated.wav | RTF: 0.0261(0.261s / 9.995s) | Generator RTF: 0.0257(0.257s / 9.995s)
generated_audios/generated_H2_128C_int8/260-123288-0011_generated.wav | RTF: 0.0262(0.235s / 8.980s) | Generator RTF: 0.0257(0.231s / 8.980s)
generated_audios/generated_H2_128C_int8/260-123288-0012_generated.wav | RTF: 0.0299(0.106s / 3.545s) | Generator RTF: 0.0289(0.102s / 3.545s)
generated_audios/generated_H2_128C_int8/260-123288-0013_generated.wav | RTF: 0.0268(0.305s / 11.385s) | Generator RTF: 0.0264(0.301s / 11.385s)
generated_audios/generated_H2_128C_int8/260-123288-0014_generated.wav | RTF: 0.0351(0.063s / 1.805s) | Generator RTF: 0.0336(0.061s / 1.805s)
generated_audios/generated_H2_128C_int8/260-123288-0015_generated.wav | RTF: 0.0261(0.553s / 21.185s) | Generator RTF: 0.0258(0.547s / 21.185s)
generated_audios/generated_H2_128C_int8/260-123288-0016_generated.wav | RTF: 0.0269(0.131s / 4.865s) | Generator RTF: 0.0262(0.127s / 4.865s)
generated_audios/generated_H2_128C_int8/260-123288-0017_generated.wav | RTF: 0.0266(0.139s / 5.225s) | Generator RTF: 0.0260(0.136s / 5.225s)
generated_audios/generated_H2_128C_int8/260-123288-0018_generated.wav | RTF: 0.0282(0.092s / 3.245s) | Generator RTF: 0.0272(0.088s / 3.245s)
generated_audios/generated_H2_128C_int8/260-123288-0019_generated.wav | RTF: 0.0292(0.086s / 2.955s) | Generator RTF: 0.0281(0.083s / 2.955s)
generated_audios/generated_H2_128C_int8/260-123288-0020_generated.wav | RTF: 0.0288(0.084s / 2.900s) | Generator RTF: 0.0277(0.080s / 2.900s)
generated_audios/generated_H2_128C_int8/260-123288-0021_generated.wav | RTF: 0.0294(0.080s / 2.710s) | Generator RTF: 0.0282(0.076s / 2.710s)
generated_audios/generated_H2_128C_int8/260-123288-0022_generated.wav | RTF: 0.0279(0.103s / 3.705s) | Generator RTF: 0.0270(0.100s / 3.705s)
generated_audios/generated_H2_128C_int8/260-123288-0023_generated.wav | RTF: 0.0315(0.075s / 2.385s) | Generator RTF: 0.0302(0.072s / 2.385s)
generated_audios/generated_H2_128C_int8/260-123288-0024_generated.wav | RTF: 0.0256(0.373s / 14.595s) | Generator RTF: 0.0253(0.369s / 14.595s)
generated_audios/generated_H2_128C_int8/260-123288-0025_generated.wav | RTF: 0.0260(0.350s / 13.445s) | Generator RTF: 0.0257(0.346s / 13.445s)
generated_audios/generated_H2_128C_int8/260-123288-0026_generated.wav | RTF: 0.0258(0.413s / 16.040s) | Generator RTF: 0.0255(0.409s / 16.040s)
generated_audios/generated_H2_128C_int8/260-123288-0027_generated.wav | RTF: 0.0275(0.173s / 6.305s) | Generator RTF: 0.0269(0.169s / 6.305s)
generated_audios/generated_H2_128C_int8/260-123288-0028_generated.wav | RTF: 0.0315(0.082s / 2.610s) | Generator RTF: 0.0302(0.079s / 2.610s)
generated_audios/generated_H2_128C_int8/260-123440-0000_generated.wav | RTF: 0.0323(0.070s / 2.165s) | Generator RTF: 0.0308(0.067s / 2.165s)
generated_audios/generated_H2_128C_int8/260-123440-0001_generated.wav | RTF: 0.0336(0.059s / 1.740s) | Generator RTF: 0.0319(0.055s / 1.740s)
generated_audios/generated_H2_128C_int8/260-123440-0002_generated.wav | RTF: 0.0263(0.387s / 14.715s) | Generator RTF: 0.0259(0.381s / 14.715s)
generated_audios/generated_H2_128C_int8/260-123440-0003_generated.wav | RTF: 0.0302(0.108s / 3.585s) | Generator RTF: 0.0292(0.105s / 3.585s)
generated_audios/generated_H2_128C_int8/260-123440-0004_generated.wav | RTF: 0.0268(0.322s / 12.020s) | Generator RTF: 0.0264(0.318s / 12.020s)
generated_audios/generated_H2_128C_int8/260-123440-0005_generated.wav | RTF: 0.0318(0.099s / 3.105s) | Generator RTF: 0.0306(0.095s / 3.105s)
generated_audios/generated_H2_128C_int8/260-123440-0006_generated.wav | RTF: 0.0302(0.082s / 2.715s) | Generator RTF: 0.0290(0.079s / 2.715s)
generated_audios/generated_H2_128C_int8/260-123440-0007_generated.wav | RTF: 0.0316(0.107s / 3.385s) | Generator RTF: 0.0306(0.103s / 3.385s)
generated_audios/generated_H2_128C_int8/260-123440-0008_generated.wav | RTF: 0.0302(0.113s / 3.745s) | Generator RTF: 0.0293(0.110s / 3.745s)
generated_audios/generated_H2_128C_int8/260-123440-0009_generated.wav | RTF: 0.0290(0.090s / 3.115s) | Generator RTF: 0.0279(0.087s / 3.115s)
generated_audios/generated_H2_128C_int8/260-123440-0010_generated.wav | RTF: 0.0261(0.217s / 8.315s) | Generator RTF: 0.0256(0.213s / 8.315s)
generated_audios/generated_H2_128C_int8/260-123440-0011_generated.wav | RTF: 0.0278(0.135s / 4.870s) | Generator RTF: 0.0270(0.132s / 4.870s)
generated_audios/generated_H2_128C_int8/260-123440-0012_generated.wav | RTF: 0.0273(0.143s / 5.245s) | Generator RTF: 0.0265(0.139s / 5.245s)
generated_audios/generated_H2_128C_int8/260-123440-0013_generated.wav | RTF: 0.0295(0.103s / 3.475s) | Generator RTF: 0.0284(0.099s / 3.475s)
generated_audios/generated_H2_128C_int8/260-123440-0014_generated.wav | RTF: 0.0286(0.109s / 3.815s) | Generator RTF: 0.0277(0.106s / 3.815s)
generated_audios/generated_H2_128C_int8/260-123440-0015_generated.wav | RTF: 0.0269(0.167s / 6.200s) | Generator RTF: 0.0263(0.163s / 6.200s)
generated_audios/generated_H2_128C_int8/260-123440-0016_generated.wav | RTF: 0.0281(0.137s / 4.895s) | Generator RTF: 0.0273(0.134s / 4.895s)
generated_audios/generated_H2_128C_int8/260-123440-0017_generated.wav | RTF: 0.0300(0.092s / 3.070s) | Generator RTF: 0.0289(0.089s / 3.070s)
generated_audios/generated_H2_128C_int8/260-123440-0018_generated.wav | RTF: 0.0295(0.107s / 3.640s) | Generator RTF: 0.0285(0.104s / 3.640s)
generated_audios/generated_H2_128C_int8/260-123440-0019_generated.wav | RTF: 0.0273(0.181s / 6.630s) | Generator RTF: 0.0267(0.177s / 6.630s)
generated_audios/generated_H2_128C_int8/260-123440-0020_generated.wav | RTF: 0.0273(0.137s / 4.995s) | Generator RTF: 0.0266(0.133s / 4.995s)
generated_audios/generated_H2_128C_int8/61-70968-0000_generated.wav | RTF: 0.0273(0.134s / 4.905s) | Generator RTF: 0.0265(0.130s / 4.905s)
generated_audios/generated_H2_128C_int8/61-70968-0001_generated.wav | RTF: 0.0290(0.105s / 3.610s) | Generator RTF: 0.0280(0.101s / 3.610s)
generated_audios/generated_H2_128C_int8/61-70968-0002_generated.wav | RTF: 0.0304(0.090s / 2.970s) | Generator RTF: 0.0293(0.087s / 2.970s)
generated_audios/generated_H2_128C_int8/61-70968-0003_generated.wav | RTF: 0.0290(0.125s / 4.315s) | Generator RTF: 0.0281(0.121s / 4.315s)
generated_audios/generated_H2_128C_int8/61-70968-0004_generated.wav | RTF: 0.0286(0.111s / 3.885s) | Generator RTF: 0.0277(0.108s / 3.885s)
generated_audios/generated_H2_128C_int8/61-70968-0005_generated.wav | RTF: 0.0278(0.141s / 5.070s) | Generator RTF: 0.0271(0.137s / 5.070s)
generated_audios/generated_H2_128C_int8/61-70968-0006_generated.wav | RTF: 0.0300(0.088s / 2.935s) | Generator RTF: 0.0289(0.085s / 2.935s)
generated_audios/generated_H2_128C_int8/61-70968-0007_generated.wav | RTF: 0.0304(0.108s / 3.550s) | Generator RTF: 0.0293(0.104s / 3.550s)
generated_audios/generated_H2_128C_int8/61-70968-0008_generated.wav | RTF: 0.0301(0.106s / 3.535s) | Generator RTF: 0.0291(0.103s / 3.535s)
generated_audios/generated_H2_128C_int8/61-70968-0009_generated.wav | RTF: 0.0281(0.127s / 4.510s) | Generator RTF: 0.0273(0.123s / 4.510s)
generated_audios/generated_H2_128C_int8/61-70968-0010_generated.wav | RTF: 0.0261(0.216s / 8.295s) | Generator RTF: 0.0256(0.212s / 8.295s)
generated_audios/generated_H2_128C_int8/61-70968-0011_generated.wav | RTF: 0.0265(0.169s / 6.375s) | Generator RTF: 0.0260(0.165s / 6.375s)
generated_audios/generated_H2_128C_int8/61-70968-0012_generated.wav | RTF: 0.0308(0.080s / 2.610s) | Generator RTF: 0.0297(0.077s / 2.610s)
generated_audios/generated_H2_128C_int8/61-70968-0013_generated.wav | RTF: 0.0279(0.124s / 4.450s) | Generator RTF: 0.0270(0.120s / 4.450s)
generated_audios/generated_H2_128C_int8/61-70968-0014_generated.wav | RTF: 0.0265(0.198s / 7.485s) | Generator RTF: 0.0260(0.194s / 7.485s)
generated_audios/generated_H2_128C_int8/61-70968-0015_generated.wav | RTF: 0.0275(0.148s / 5.375s) | Generator RTF: 0.0268(0.144s / 5.375s)
generated_audios/generated_H2_128C_int8/61-70968-0016_generated.wav | RTF: 0.0309(0.115s / 3.720s) | Generator RTF: 0.0300(0.112s / 3.720s)
generated_audios/generated_H2_128C_int8/61-70968-0017_generated.wav | RTF: 0.0276(0.141s / 5.110s) | Generator RTF: 0.0269(0.137s / 5.110s)
generated_audios/generated_H2_128C_int8/61-70968-0018_generated.wav | RTF: 0.0306(0.073s / 2.405s) | Generator RTF: 0.0291(0.070s / 2.405s)
generated_audios/generated_H2_128C_int8/61-70968-0019_generated.wav | RTF: 0.0274(0.150s / 5.475s) | Generator RTF: 0.0267(0.146s / 5.475s)
generated_audios/generated_H2_128C_int8/61-70968-0020_generated.wav | RTF: 0.0273(0.139s / 5.105s) | Generator RTF: 0.0266(0.136s / 5.105s)
generated_audios/generated_H2_128C_int8/61-70968-0021_generated.wav | RTF: 0.0317(0.085s / 2.690s) | Generator RTF: 0.0305(0.082s / 2.690s)
generated_audios/generated_H2_128C_int8/61-70968-0022_generated.wav | RTF: 0.0280(0.131s / 4.670s) | Generator RTF: 0.0272(0.127s / 4.670s)
generated_audios/generated_H2_128C_int8/61-70968-0023_generated.wav | RTF: 0.0274(0.138s / 5.025s) | Generator RTF: 0.0267(0.134s / 5.025s)
generated_audios/generated_H2_128C_int8/61-70968-0024_generated.wav | RTF: 0.0271(0.163s / 6.025s) | Generator RTF: 0.0265(0.160s / 6.025s)
generated_audios/generated_H2_128C_int8/61-70968-0025_generated.wav | RTF: 0.0286(0.126s / 4.410s) | Generator RTF: 0.0278(0.122s / 4.410s)
generated_audios/generated_H2_128C_int8/61-70968-0026_generated.wav | RTF: 0.0279(0.137s / 4.920s) | Generator RTF: 0.0271(0.133s / 4.920s)
generated_audios/generated_H2_128C_int8/61-70968-0027_generated.wav | RTF: 0.0265(0.182s / 6.870s) | Generator RTF: 0.0259(0.178s / 6.870s)
generated_audios/generated_H2_128C_int8/61-70968-0028_generated.wav | RTF: 0.0275(0.147s / 5.355s) | Generator RTF: 0.0268(0.143s / 5.355s)
generated_audios/generated_H2_128C_int8/61-70968-0029_generated.wav | RTF: 0.0289(0.101s / 3.495s) | Generator RTF: 0.0279(0.097s / 3.495s)
generated_audios/generated_H2_128C_int8/61-70968-0030_generated.wav | RTF: 0.0270(0.154s / 5.685s) | Generator RTF: 0.0264(0.150s / 5.685s)
generated_audios/generated_H2_128C_int8/61-70968-0031_generated.wav | RTF: 0.0296(0.087s / 2.925s) | Generator RTF: 0.0285(0.083s / 2.925s)
generated_audios/generated_H2_128C_int8/61-70968-0032_generated.wav | RTF: 0.0280(0.120s / 4.280s) | Generator RTF: 0.0271(0.116s / 4.280s)
generated_audios/generated_H2_128C_int8/61-70968-0033_generated.wav | RTF: 0.0267(0.152s / 5.685s) | Generator RTF: 0.0261(0.148s / 5.685s)
generated_audios/generated_H2_128C_int8/61-70968-0034_generated.wav | RTF: 0.0278(0.118s / 4.230s) | Generator RTF: 0.0270(0.114s / 4.230s)
generated_audios/generated_H2_128C_int8/61-70968-0035_generated.wav | RTF: 0.0258(0.205s / 7.950s) | Generator RTF: 0.0253(0.201s / 7.950s)
generated_audios/generated_H2_128C_int8/61-70968-0036_generated.wav | RTF: 0.0296(0.087s / 2.935s) | Generator RTF: 0.0285(0.084s / 2.935s)
generated_audios/generated_H2_128C_int8/61-70968-0037_generated.wav | RTF: 0.0275(0.119s / 4.315s) | Generator RTF: 0.0267(0.115s / 4.315s)
generated_audios/generated_H2_128C_int8/61-70968-0038_generated.wav | RTF: 0.0319(0.065s / 2.050s) | Generator RTF: 0.0303(0.062s / 2.050s)
generated_audios/generated_H2_128C_int8/61-70968-0039_generated.wav | RTF: 0.0283(0.108s / 3.805s) | Generator RTF: 0.0274(0.104s / 3.805s)
generated_audios/generated_H2_128C_int8/61-70968-0040_generated.wav | RTF: 0.0284(0.112s / 3.950s) | Generator RTF: 0.0275(0.109s / 3.950s)
generated_audios/generated_H2_128C_int8/61-70968-0041_generated.wav | RTF: 0.0262(0.179s / 6.825s) | Generator RTF: 0.0256(0.175s / 6.825s)
generated_audios/generated_H2_128C_int8/61-70968-0042_generated.wav | RTF: 0.0306(0.085s / 2.785s) | Generator RTF: 0.0294(0.082s / 2.785s)
generated_audios/generated_H2_128C_int8/61-70968-0043_generated.wav | RTF: 0.0261(0.175s / 6.735s) | Generator RTF: 0.0255(0.172s / 6.735s)
generated_audios/generated_H2_128C_int8/61-70968-0044_generated.wav | RTF: 0.0295(0.082s / 2.770s) | Generator RTF: 0.0283(0.078s / 2.770s)
generated_audios/generated_H2_128C_int8/61-70968-0045_generated.wav | RTF: 0.0293(0.102s / 3.475s) | Generator RTF: 0.0284(0.099s / 3.475s)
generated_audios/generated_H2_128C_int8/61-70968-0046_generated.wav | RTF: 0.0282(0.100s / 3.550s) | Generator RTF: 0.0272(0.097s / 3.550s)
generated_audios/generated_H2_128C_int8/61-70968-0047_generated.wav | RTF: 0.0271(0.129s / 4.775s) | Generator RTF: 0.0263(0.126s / 4.775s)
generated_audios/generated_H2_128C_int8/61-70968-0048_generated.wav | RTF: 0.0288(0.087s / 3.020s) | Generator RTF: 0.0278(0.084s / 3.020s)
generated_audios/generated_H2_128C_int8/61-70968-0049_generated.wav | RTF: 0.0259(0.214s / 8.250s) | Generator RTF: 0.0253(0.209s / 8.250s)
generated_audios/generated_H2_128C_int8/61-70968-0050_generated.wav | RTF: 0.0274(0.153s / 5.580s) | Generator RTF: 0.0268(0.149s / 5.580s)
generated_audios/generated_H2_128C_int8/61-70968-0051_generated.wav | RTF: 0.0306(0.096s / 3.135s) | Generator RTF: 0.0296(0.093s / 3.135s)
generated_audios/generated_H2_128C_int8/61-70968-0052_generated.wav | RTF: 0.0311(0.082s / 2.650s) | Generator RTF: 0.0299(0.079s / 2.650s)
generated_audios/generated_H2_128C_int8/61-70968-0053_generated.wav | RTF: 0.0294(0.124s / 4.220s) | Generator RTF: 0.0285(0.120s / 4.220s)
generated_audios/generated_H2_128C_int8/61-70968-0054_generated.wav | RTF: 0.0272(0.214s / 7.860s) | Generator RTF: 0.0267(0.210s / 7.860s)
generated_audios/generated_H2_128C_int8/61-70968-0055_generated.wav | RTF: 0.0283(0.112s / 3.965s) | Generator RTF: 0.0274(0.109s / 3.965s)
generated_audios/generated_H2_128C_int8/61-70968-0056_generated.wav | RTF: 0.0299(0.107s / 3.565s) | Generator RTF: 0.0289(0.103s / 3.565s)
generated_audios/generated_H2_128C_int8/61-70968-0057_generated.wav | RTF: 0.0274(0.139s / 5.065s) | Generator RTF: 0.0267(0.135s / 5.065s)
generated_audios/generated_H2_128C_int8/61-70968-0058_generated.wav | RTF: 0.0341(0.062s / 1.820s) | Generator RTF: 0.0323(0.059s / 1.820s)
generated_audios/generated_H2_128C_int8/61-70968-0059_generated.wav | RTF: 0.0329(0.071s / 2.170s) | Generator RTF: 0.0314(0.068s / 2.170s)
generated_audios/generated_H2_128C_int8/61-70968-0060_generated.wav | RTF: 0.0299(0.112s / 3.735s) | Generator RTF: 0.0290(0.108s / 3.735s)
generated_audios/generated_H2_128C_int8/61-70968-0061_generated.wav | RTF: 0.0280(0.155s / 5.530s) | Generator RTF: 0.0273(0.151s / 5.530s)
generated_audios/generated_H2_128C_int8/61-70968-0062_generated.wav | RTF: 0.0315(0.080s / 2.555s) | Generator RTF: 0.0300(0.077s / 2.555s)
generated_audios/generated_H2_128C_int8/61-70970-0000_generated.wav | RTF: 0.0278(0.169s / 6.075s) | Generator RTF: 0.0272(0.165s / 6.075s)
generated_audios/generated_H2_128C_int8/61-70970-0001_generated.wav | RTF: 0.0275(0.169s / 6.155s) | Generator RTF: 0.0268(0.165s / 6.155s)
generated_audios/generated_H2_128C_int8/61-70970-0002_generated.wav | RTF: 0.0291(0.121s / 4.165s) | Generator RTF: 0.0282(0.118s / 4.165s)
generated_audios/generated_H2_128C_int8/61-70970-0003_generated.wav | RTF: 0.0295(0.113s / 3.835s) | Generator RTF: 0.0286(0.110s / 3.835s)
generated_audios/generated_H2_128C_int8/61-70970-0004_generated.wav | RTF: 0.0271(0.285s / 10.515s) | Generator RTF: 0.0267(0.281s / 10.515s)
generated_audios/generated_H2_128C_int8/61-70970-0005_generated.wav | RTF: 0.0335(0.068s / 2.020s) | Generator RTF: 0.0318(0.064s / 2.020s)
generated_audios/generated_H2_128C_int8/61-70970-0006_generated.wav | RTF: 0.0321(0.075s / 2.335s) | Generator RTF: 0.0307(0.072s / 2.335s)
generated_audios/generated_H2_128C_int8/61-70970-0007_generated.wav | RTF: 0.0292(0.131s / 4.485s) | Generator RTF: 0.0283(0.127s / 4.485s)
generated_audios/generated_H2_128C_int8/61-70970-0008_generated.wav | RTF: 0.0327(0.070s / 2.150s) | Generator RTF: 0.0312(0.067s / 2.150s)
generated_audios/generated_H2_128C_int8/61-70970-0009_generated.wav | RTF: 0.0298(0.102s / 3.405s) | Generator RTF: 0.0288(0.098s / 3.405s)
generated_audios/generated_H2_128C_int8/61-70970-0010_generated.wav | RTF: 0.0307(0.093s / 3.045s) | Generator RTF: 0.0295(0.090s / 3.045s)
generated_audios/generated_H2_128C_int8/61-70970-0011_generated.wav | RTF: 0.0275(0.167s / 6.075s) | Generator RTF: 0.0269(0.164s / 6.075s)
generated_audios/generated_H2_128C_int8/61-70970-0012_generated.wav | RTF: 0.0307(0.096s / 3.135s) | Generator RTF: 0.0296(0.093s / 3.135s)
generated_audios/generated_H2_128C_int8/61-70970-0013_generated.wav | RTF: 0.0292(0.127s / 4.350s) | Generator RTF: 0.0283(0.123s / 4.350s)
generated_audios/generated_H2_128C_int8/61-70970-0014_generated.wav | RTF: 0.0299(0.102s / 3.405s) | Generator RTF: 0.0289(0.099s / 3.405s)
generated_audios/generated_H2_128C_int8/61-70970-0015_generated.wav | RTF: 0.0270(0.227s / 8.415s) | Generator RTF: 0.0265(0.223s / 8.415s)
generated_audios/generated_H2_128C_int8/61-70970-0016_generated.wav | RTF: 0.0291(0.127s / 4.370s) | Generator RTF: 0.0283(0.124s / 4.370s)
generated_audios/generated_H2_128C_int8/61-70970-0017_generated.wav | RTF: 0.0326(0.083s / 2.550s) | Generator RTF: 0.0313(0.080s / 2.550s)
generated_audios/generated_H2_128C_int8/61-70970-0018_generated.wav | RTF: 0.0285(0.131s / 4.600s) | Generator RTF: 0.0278(0.128s / 4.600s)
generated_audios/generated_H2_128C_int8/61-70970-0019_generated.wav | RTF: 0.0296(0.112s / 3.780s) | Generator RTF: 0.0286(0.108s / 3.780s)
generated_audios/generated_H2_128C_int8/61-70970-0020_generated.wav | RTF: 0.0284(0.143s / 5.025s) | Generator RTF: 0.0277(0.139s / 5.025s)
generated_audios/generated_H2_128C_int8/61-70970-0021_generated.wav | RTF: 0.0282(0.152s / 5.405s) | Generator RTF: 0.0274(0.148s / 5.405s)
generated_audios/generated_H2_128C_int8/61-70970-0022_generated.wav | RTF: 0.0293(0.116s / 3.970s) | Generator RTF: 0.0284(0.113s / 3.970s)
generated_audios/generated_H2_128C_int8/61-70970-0023_generated.wav | RTF: 0.0297(0.110s / 3.705s) | Generator RTF: 0.0288(0.107s / 3.705s)
generated_audios/generated_H2_128C_int8/61-70970-0024_generated.wav | RTF: 0.0275(0.199s / 7.235s) | Generator RTF: 0.0270(0.195s / 7.235s)
generated_audios/generated_H2_128C_int8/61-70970-0025_generated.wav | RTF: 0.0296(0.220s / 7.435s) | Generator RTF: 0.0292(0.217s / 7.435s)
generated_audios/generated_H2_128C_int8/61-70970-0026_generated.wav | RTF: 0.0278(0.152s / 5.475s) | Generator RTF: 0.0270(0.148s / 5.475s)
generated_audios/generated_H2_128C_int8/61-70970-0027_generated.wav | RTF: 0.0282(0.143s / 5.080s) | Generator RTF: 0.0275(0.140s / 5.080s)
generated_audios/generated_H2_128C_int8/61-70970-0028_generated.wav | RTF: 0.0273(0.179s / 6.550s) | Generator RTF: 0.0267(0.175s / 6.550s)
generated_audios/generated_H2_128C_int8/61-70970-0029_generated.wav | RTF: 0.0301(0.121s / 4.030s) | Generator RTF: 0.0291(0.117s / 4.030s)
generated_audios/generated_H2_128C_int8/61-70970-0030_generated.wav | RTF: 0.0304(0.098s / 3.240s) | Generator RTF: 0.0293(0.095s / 3.240s)
generated_audios/generated_H2_128C_int8/61-70970-0031_generated.wav | RTF: 0.0284(0.146s / 5.135s) | Generator RTF: 0.0277(0.142s / 5.135s)
generated_audios/generated_H2_128C_int8/61-70970-0032_generated.wav | RTF: 0.0309(0.097s / 3.135s) | Generator RTF: 0.0297(0.093s / 3.135s)
generated_audios/generated_H2_128C_int8/61-70970-0033_generated.wav | RTF: 0.0299(0.102s / 3.420s) | Generator RTF: 0.0289(0.099s / 3.420s)
generated_audios/generated_H2_128C_int8/61-70970-0034_generated.wav | RTF: 0.0286(0.128s / 4.485s) | Generator RTF: 0.0278(0.125s / 4.485s)
generated_audios/generated_H2_128C_int8/61-70970-0035_generated.wav | RTF: 0.0271(0.201s / 7.405s) | Generator RTF: 0.0266(0.197s / 7.405s)
generated_audios/generated_H2_128C_int8/61-70970-0036_generated.wav | RTF: 0.0275(0.187s / 6.785s) | Generator RTF: 0.0269(0.183s / 6.785s)
generated_audios/generated_H2_128C_int8/61-70970-0037_generated.wav | RTF: 0.0276(0.165s / 5.980s) | Generator RTF: 0.0269(0.161s / 5.980s)
generated_audios/generated_H2_128C_int8/61-70970-0038_generated.wav | RTF: 0.0268(0.279s / 10.400s) | Generator RTF: 0.0264(0.274s / 10.400s)
generated_audios/generated_H2_128C_int8/61-70970-0039_generated.wav | RTF: 0.0273(0.182s / 6.665s) | Generator RTF: 0.0267(0.178s / 6.665s)
generated_audios/generated_H2_128C_int8/61-70970-0040_generated.wav | RTF: 0.0290(0.121s / 4.165s) | Generator RTF: 0.0283(0.118s / 4.165s)
generated_audios/generated_H2_128C_int8/672-122797-0000_generated.wav | RTF: 0.0297(0.121s / 4.070s) | Generator RTF: 0.0288(0.117s / 4.070s)
generated_audios/generated_H2_128C_int8/672-122797-0001_generated.wav | RTF: 0.0266(0.402s / 15.130s) | Generator RTF: 0.0263(0.398s / 15.130s)
generated_audios/generated_H2_128C_int8/672-122797-0002_generated.wav | RTF: 0.0269(0.367s / 13.620s) | Generator RTF: 0.0266(0.362s / 13.620s)
generated_audios/generated_H2_128C_int8/672-122797-0003_generated.wav | RTF: 0.0286(0.136s / 4.760s) | Generator RTF: 0.0278(0.132s / 4.760s)
generated_audios/generated_H2_128C_int8/672-122797-0004_generated.wav | RTF: 0.0271(0.278s / 10.250s) | Generator RTF: 0.0267(0.273s / 10.250s)
generated_audios/generated_H2_128C_int8/672-122797-0005_generated.wav | RTF: 0.0302(0.099s / 3.260s) | Generator RTF: 0.0291(0.095s / 3.260s)
generated_audios/generated_H2_128C_int8/672-122797-0006_generated.wav | RTF: 0.0267(0.372s / 13.950s) | Generator RTF: 0.0263(0.367s / 13.950s)
generated_audios/generated_H2_128C_int8/672-122797-0007_generated.wav | RTF: 0.0279(0.179s / 6.420s) | Generator RTF: 0.0273(0.175s / 6.420s)
generated_audios/generated_H2_128C_int8/672-122797-0008_generated.wav | RTF: 0.0260(0.802s / 30.810s) | Generator RTF: 0.0258(0.794s / 30.810s)
generated_audios/generated_H2_128C_int8/672-122797-0009_generated.wav | RTF: 0.0321(0.089s / 2.765s) | Generator RTF: 0.0308(0.085s / 2.765s)
generated_audios/generated_H2_128C_int8/672-122797-0010_generated.wav | RTF: 0.0294(0.112s / 3.815s) | Generator RTF: 0.0285(0.109s / 3.815s)
generated_audios/generated_H2_128C_int8/672-122797-0011_generated.wav | RTF: 0.0315(0.080s / 2.540s) | Generator RTF: 0.0301(0.077s / 2.540s)
generated_audios/generated_H2_128C_int8/672-122797-0012_generated.wav | RTF: 0.0271(0.211s / 7.765s) | Generator RTF: 0.0266(0.207s / 7.765s)
generated_audios/generated_H2_128C_int8/672-122797-0013_generated.wav | RTF: 0.0270(0.235s / 8.705s) | Generator RTF: 0.0265(0.231s / 8.705s)
generated_audios/generated_H2_128C_int8/672-122797-0014_generated.wav | RTF: 0.0317(0.081s / 2.555s) | Generator RTF: 0.0304(0.078s / 2.555s)
generated_audios/generated_H2_128C_int8/672-122797-0015_generated.wav | RTF: 0.0288(0.128s / 4.455s) | Generator RTF: 0.0280(0.125s / 4.455s)
generated_audios/generated_H2_128C_int8/672-122797-0016_generated.wav | RTF: 0.0268(0.247s / 9.215s) | Generator RTF: 0.0264(0.243s / 9.215s)
generated_audios/generated_H2_128C_int8/672-122797-0017_generated.wav | RTF: 0.0282(0.136s / 4.820s) | Generator RTF: 0.0275(0.132s / 4.820s)
generated_audios/generated_H2_128C_int8/672-122797-0018_generated.wav | RTF: 0.0284(0.140s / 4.930s) | Generator RTF: 0.0277(0.136s / 4.930s)
generated_audios/generated_H2_128C_int8/672-122797-0019_generated.wav | RTF: 0.0289(0.119s / 4.110s) | Generator RTF: 0.0279(0.115s / 4.110s)
generated_audios/generated_H2_128C_int8/672-122797-0020_generated.wav | RTF: 0.0276(0.244s / 8.825s) | Generator RTF: 0.0271(0.239s / 8.825s)
generated_audios/generated_H2_128C_int8/672-122797-0021_generated.wav | RTF: 0.0291(0.121s / 4.150s) | Generator RTF: 0.0283(0.117s / 4.150s)
generated_audios/generated_H2_128C_int8/672-122797-0022_generated.wav | RTF: 0.0264(0.502s / 19.005s) | Generator RTF: 0.0261(0.497s / 19.005s)
generated_audios/generated_H2_128C_int8/672-122797-0023_generated.wav | RTF: 0.0270(0.262s / 9.695s) | Generator RTF: 0.0266(0.258s / 9.695s)
generated_audios/generated_H2_128C_int8/672-122797-0024_generated.wav | RTF: 0.0288(0.119s / 4.130s) | Generator RTF: 0.0281(0.116s / 4.130s)
generated_audios/generated_H2_128C_int8/672-122797-0025_generated.wav | RTF: 0.0269(0.287s / 10.690s) | Generator RTF: 0.0265(0.283s / 10.690s)
generated_audios/generated_H2_128C_int8/672-122797-0026_generated.wav | RTF: 0.0266(0.371s / 13.960s) | Generator RTF: 0.0262(0.366s / 13.960s)
generated_audios/generated_H2_128C_int8/672-122797-0027_generated.wav | RTF: 0.0285(0.137s / 4.790s) | Generator RTF: 0.0277(0.133s / 4.790s)
generated_audios/generated_H2_128C_int8/672-122797-0028_generated.wav | RTF: 0.0322(0.084s / 2.610s) | Generator RTF: 0.0311(0.081s / 2.610s)
generated_audios/generated_H2_128C_int8/672-122797-0029_generated.wav | RTF: 0.0300(0.092s / 3.050s) | Generator RTF: 0.0290(0.089s / 3.050s)
generated_audios/generated_H2_128C_int8/672-122797-0030_generated.wav | RTF: 0.0285(0.130s / 4.575s) | Generator RTF: 0.0277(0.127s / 4.575s)
generated_audios/generated_H2_128C_int8/672-122797-0031_generated.wav | RTF: 0.0291(0.116s / 3.980s) | Generator RTF: 0.0282(0.112s / 3.980s)
generated_audios/generated_H2_128C_int8/672-122797-0032_generated.wav | RTF: 0.0289(0.116s / 4.000s) | Generator RTF: 0.0281(0.112s / 4.000s)
generated_audios/generated_H2_128C_int8/672-122797-0033_generated.wav | RTF: 0.0408(0.052s / 1.285s) | Generator RTF: 0.0384(0.049s / 1.285s)
generated_audios/generated_H2_128C_int8/672-122797-0034_generated.wav | RTF: 0.0287(0.147s / 5.110s) | Generator RTF: 0.0280(0.143s / 5.110s)
generated_audios/generated_H2_128C_int8/672-122797-0035_generated.wav | RTF: 0.0311(0.090s / 2.900s) | Generator RTF: 0.0299(0.087s / 2.900s)
generated_audios/generated_H2_128C_int8/672-122797-0036_generated.wav | RTF: 0.0276(0.148s / 5.365s) | Generator RTF: 0.0269(0.144s / 5.365s)
generated_audios/generated_H2_128C_int8/672-122797-0037_generated.wav | RTF: 0.0336(0.066s / 1.960s) | Generator RTF: 0.0319(0.063s / 1.960s)
generated_audios/generated_H2_128C_int8/672-122797-0038_generated.wav | RTF: 0.0273(0.240s / 8.800s) | Generator RTF: 0.0268(0.236s / 8.800s)
generated_audios/generated_H2_128C_int8/672-122797-0039_generated.wav | RTF: 0.0296(0.119s / 4.025s) | Generator RTF: 0.0287(0.115s / 4.025s)
generated_audios/generated_H2_128C_int8/672-122797-0040_generated.wav | RTF: 0.0284(0.146s / 5.125s) | Generator RTF: 0.0277(0.142s / 5.125s)
generated_audios/generated_H2_128C_int8/672-122797-0041_generated.wav | RTF: 0.0290(0.112s / 3.880s) | Generator RTF: 0.0281(0.109s / 3.880s)
generated_audios/generated_H2_128C_int8/672-122797-0042_generated.wav | RTF: 0.0265(0.406s / 15.310s) | Generator RTF: 0.0262(0.402s / 15.310s)
generated_audios/generated_H2_128C_int8/672-122797-0043_generated.wav | RTF: 0.0299(0.113s / 3.780s) | Generator RTF: 0.0289(0.109s / 3.780s)
generated_audios/generated_H2_128C_int8/672-122797-0044_generated.wav | RTF: 0.0294(0.110s / 3.740s) | Generator RTF: 0.0285(0.106s / 3.740s)
generated_audios/generated_H2_128C_int8/672-122797-0045_generated.wav | RTF: 0.0270(0.376s / 13.960s) | Generator RTF: 0.0266(0.372s / 13.960s)
generated_audios/generated_H2_128C_int8/672-122797-0046_generated.wav | RTF: 0.0285(0.135s / 4.715s) | Generator RTF: 0.0277(0.131s / 4.715s)
generated_audios/generated_H2_128C_int8/672-122797-0047_generated.wav | RTF: 0.0304(0.101s / 3.325s) | Generator RTF: 0.0293(0.098s / 3.325s)
generated_audios/generated_H2_128C_int8/672-122797-0048_generated.wav | RTF: 0.0275(0.181s / 6.555s) | Generator RTF: 0.0270(0.177s / 6.555s)
generated_audios/generated_H2_128C_int8/672-122797-0049_generated.wav | RTF: 0.0331(0.067s / 2.020s) | Generator RTF: 0.0314(0.063s / 2.020s)
generated_audios/generated_H2_128C_int8/672-122797-0050_generated.wav | RTF: 0.0285(0.138s / 4.855s) | Generator RTF: 0.0277(0.135s / 4.855s)
generated_audios/generated_H2_128C_int8/672-122797-0051_generated.wav | RTF: 0.0290(0.135s / 4.665s) | Generator RTF: 0.0282(0.132s / 4.665s)
generated_audios/generated_H2_128C_int8/672-122797-0052_generated.wav | RTF: 0.0296(0.127s / 4.285s) | Generator RTF: 0.0288(0.123s / 4.285s)
generated_audios/generated_H2_128C_int8/672-122797-0053_generated.wav | RTF: 0.0315(0.093s / 2.955s) | Generator RTF: 0.0304(0.090s / 2.955s)
generated_audios/generated_H2_128C_int8/672-122797-0054_generated.wav | RTF: 0.0296(0.126s / 4.250s) | Generator RTF: 0.0288(0.122s / 4.250s)
generated_audios/generated_H2_128C_int8/672-122797-0055_generated.wav | RTF: 0.0269(0.221s / 8.230s) | Generator RTF: 0.0264(0.218s / 8.230s)
generated_audios/generated_H2_128C_int8/672-122797-0056_generated.wav | RTF: 0.0280(0.146s / 5.225s) | Generator RTF: 0.0273(0.143s / 5.225s)
generated_audios/generated_H2_128C_int8/672-122797-0057_generated.wav | RTF: 0.0278(0.183s / 6.560s) | Generator RTF: 0.0272(0.179s / 6.560s)
generated_audios/generated_H2_128C_int8/672-122797-0058_generated.wav | RTF: 0.0286(0.128s / 4.470s) | Generator RTF: 0.0278(0.124s / 4.470s)
generated_audios/generated_H2_128C_int8/672-122797-0059_generated.wav | RTF: 0.0307(0.108s / 3.520s) | Generator RTF: 0.0297(0.105s / 3.520s)
generated_audios/generated_H2_128C_int8/672-122797-0060_generated.wav | RTF: 0.0301(0.101s / 3.350s) | Generator RTF: 0.0290(0.097s / 3.350s)
generated_audios/generated_H2_128C_int8/672-122797-0061_generated.wav | RTF: 0.0274(0.208s / 7.590s) | Generator RTF: 0.0269(0.204s / 7.590s)
generated_audios/generated_H2_128C_int8/672-122797-0062_generated.wav | RTF: 0.0314(0.084s / 2.675s) | Generator RTF: 0.0301(0.081s / 2.675s)
generated_audios/generated_H2_128C_int8/672-122797-0063_generated.wav | RTF: 0.0284(0.144s / 5.075s) | Generator RTF: 0.0277(0.141s / 5.075s)
generated_audios/generated_H2_128C_int8/672-122797-0064_generated.wav | RTF: 0.0267(0.408s / 15.270s) | Generator RTF: 0.0264(0.403s / 15.270s)
generated_audios/generated_H2_128C_int8/672-122797-0065_generated.wav | RTF: 0.0305(0.092s / 3.030s) | Generator RTF: 0.0293(0.089s / 3.030s)
generated_audios/generated_H2_128C_int8/672-122797-0066_generated.wav | RTF: 0.0288(0.138s / 4.815s) | Generator RTF: 0.0280(0.135s / 4.815s)
generated_audios/generated_H2_128C_int8/672-122797-0067_generated.wav | RTF: 0.0270(0.352s / 13.035s) | Generator RTF: 0.0267(0.348s / 13.035s)
generated_audios/generated_H2_128C_int8/672-122797-0068_generated.wav | RTF: 0.0297(0.119s / 4.020s) | Generator RTF: 0.0288(0.116s / 4.020s)
generated_audios/generated_H2_128C_int8/672-122797-0069_generated.wav | RTF: 0.0286(0.143s / 5.010s) | Generator RTF: 0.0278(0.139s / 5.010s)
generated_audios/generated_H2_128C_int8/672-122797-0070_generated.wav | RTF: 0.0279(0.175s / 6.270s) | Generator RTF: 0.0273(0.171s / 6.270s)
generated_audios/generated_H2_128C_int8/672-122797-0071_generated.wav | RTF: 0.0273(0.242s / 8.875s) | Generator RTF: 0.0268(0.237s / 8.875s)
generated_audios/generated_H2_128C_int8/672-122797-0072_generated.wav | RTF: 0.0271(0.215s / 7.940s) | Generator RTF: 0.0266(0.211s / 7.940s)
generated_audios/generated_H2_128C_int8/672-122797-0073_generated.wav | RTF: 0.0274(0.224s / 8.205s) | Generator RTF: 0.0269(0.220s / 8.205s)
generated_audios/generated_H2_128C_int8/672-122797-0074_generated.wav | RTF: 0.0270(0.236s / 8.730s) | Generator RTF: 0.0265(0.232s / 8.730s)
generated_audios/generated_H2_128C_int8/908-157963-0000_generated.wav | RTF: 0.0269(0.339s / 12.620s) | Generator RTF: 0.0265(0.334s / 12.620s)
generated_audios/generated_H2_128C_int8/908-157963-0001_generated.wav | RTF: 0.0319(0.092s / 2.885s) | Generator RTF: 0.0307(0.089s / 2.885s)
generated_audios/generated_H2_128C_int8/908-157963-0002_generated.wav | RTF: 0.0317(0.087s / 2.755s) | Generator RTF: 0.0304(0.084s / 2.755s)
generated_audios/generated_H2_128C_int8/908-157963-0003_generated.wav | RTF: 0.0302(0.093s / 3.080s) | Generator RTF: 0.0291(0.090s / 3.080s)
generated_audios/generated_H2_128C_int8/908-157963-0004_generated.wav | RTF: 0.0270(0.377s / 13.990s) | Generator RTF: 0.0266(0.372s / 13.990s)
generated_audios/generated_H2_128C_int8/908-157963-0005_generated.wav | RTF: 0.0272(0.192s / 7.035s) | Generator RTF: 0.0267(0.188s / 7.035s)
generated_audios/generated_H2_128C_int8/908-157963-0006_generated.wav | RTF: 0.0271(0.219s / 8.110s) | Generator RTF: 0.0265(0.215s / 8.110s)
generated_audios/generated_H2_128C_int8/908-157963-0007_generated.wav | RTF: 0.0260(0.851s / 32.770s) | Generator RTF: 0.0257(0.843s / 32.770s)
generated_audios/generated_H2_128C_int8/908-157963-0008_generated.wav | RTF: 0.0267(0.532s / 19.950s) | Generator RTF: 0.0264(0.527s / 19.950s)
generated_audios/generated_H2_128C_int8/908-157963-0009_generated.wav | RTF: 0.0299(0.122s / 4.060s) | Generator RTF: 0.0290(0.118s / 4.060s)
generated_audios/generated_H2_128C_int8/908-157963-0010_generated.wav | RTF: 0.0282(0.177s / 6.280s) | Generator RTF: 0.0276(0.173s / 6.280s)
generated_audios/generated_H2_128C_int8/908-157963-0011_generated.wav | RTF: 0.0271(0.282s / 10.395s) | Generator RTF: 0.0267(0.277s / 10.395s)
generated_audios/generated_H2_128C_int8/908-157963-0012_generated.wav | RTF: 0.0268(0.270s / 10.090s) | Generator RTF: 0.0264(0.266s / 10.090s)
generated_audios/generated_H2_128C_int8/908-157963-0013_generated.wav | RTF: 0.0291(0.126s / 4.315s) | Generator RTF: 0.0283(0.122s / 4.315s)
generated_audios/generated_H2_128C_int8/908-157963-0014_generated.wav | RTF: 0.0285(0.129s / 4.520s) | Generator RTF: 0.0277(0.125s / 4.520s)
generated_audios/generated_H2_128C_int8/908-157963-0015_generated.wav | RTF: 0.0267(0.387s / 14.465s) | Generator RTF: 0.0264(0.382s / 14.465s)
generated_audios/generated_H2_128C_int8/908-157963-0016_generated.wav | RTF: 0.0302(0.154s / 5.105s) | Generator RTF: 0.0295(0.150s / 5.105s)
generated_audios/generated_H2_128C_int8/908-157963-0017_generated.wav | RTF: 0.0289(0.143s / 4.950s) | Generator RTF: 0.0280(0.139s / 4.950s)
generated_audios/generated_H2_128C_int8/908-157963-0018_generated.wav | RTF: 0.0295(0.125s / 4.255s) | Generator RTF: 0.0286(0.122s / 4.255s)
generated_audios/generated_H2_128C_int8/908-157963-0019_generated.wav | RTF: 0.0267(0.571s / 21.440s) | Generator RTF: 0.0264(0.566s / 21.440s)
generated_audios/generated_H2_128C_int8/908-157963-0020_generated.wav | RTF: 0.0269(0.263s / 9.800s) | Generator RTF: 0.0264(0.259s / 9.800s)
generated_audios/generated_H2_128C_int8/908-157963-0021_generated.wav | RTF: 0.0271(0.277s / 10.240s) | Generator RTF: 0.0266(0.273s / 10.240s)
generated_audios/generated_H2_128C_int8/908-157963-0022_generated.wav | RTF: 0.0288(0.133s / 4.610s) | Generator RTF: 0.0280(0.129s / 4.610s)
generated_audios/generated_H2_128C_int8/908-157963-0023_generated.wav | RTF: 0.0274(0.263s / 9.625s) | Generator RTF: 0.0269(0.259s / 9.625s)
generated_audios/generated_H2_128C_int8/908-157963-0024_generated.wav | RTF: 0.0303(0.104s / 3.440s) | Generator RTF: 0.0293(0.101s / 3.440s)
generated_audios/generated_H2_128C_int8/908-157963-0025_generated.wav | RTF: 0.0269(0.250s / 9.265s) | Generator RTF: 0.0265(0.245s / 9.265s)
generated_audios/generated_H2_128C_int8/908-157963-0026_generated.wav | RTF: 0.0273(0.221s / 8.100s) | Generator RTF: 0.0268(0.217s / 8.100s)
generated_audios/generated_H2_128C_int8/908-157963-0027_generated.wav | RTF: 0.0277(0.145s / 5.225s) | Generator RTF: 0.0270(0.141s / 5.225s)
generated_audios/generated_H2_128C_int8/908-157963-0028_generated.wav | RTF: 0.0286(0.142s / 4.955s) | Generator RTF: 0.0279(0.138s / 4.955s)
generated_audios/generated_H2_128C_int8/908-157963-0029_generated.wav | RTF: 0.0308(0.112s / 3.630s) | Generator RTF: 0.0298(0.108s / 3.630s)
generated_audios/generated_H2_128C_int8/908-157963-0030_generated.wav | RTF: 0.0287(0.130s / 4.520s) | Generator RTF: 0.0278(0.126s / 4.520s)
generated_audios/generated_H2_128C_int8/908-31957-0000_generated.wav | RTF: 0.0328(0.070s / 2.125s) | Generator RTF: 0.0312(0.066s / 2.125s)
generated_audios/generated_H2_128C_int8/908-31957-0001_generated.wav | RTF: 0.0269(0.305s / 11.315s) | Generator RTF: 0.0266(0.300s / 11.315s)
generated_audios/generated_H2_128C_int8/908-31957-0002_generated.wav | RTF: 0.0291(0.139s / 4.790s) | Generator RTF: 0.0283(0.136s / 4.790s)
generated_audios/generated_H2_128C_int8/908-31957-0003_generated.wav | RTF: 0.0295(0.194s / 6.565s) | Generator RTF: 0.0289(0.190s / 6.565s)
generated_audios/generated_H2_128C_int8/908-31957-0004_generated.wav | RTF: 0.0267(0.395s / 14.755s) | Generator RTF: 0.0264(0.390s / 14.755s)
generated_audios/generated_H2_128C_int8/908-31957-0005_generated.wav | RTF: 0.0287(0.129s / 4.490s) | Generator RTF: 0.0279(0.125s / 4.490s)
generated_audios/generated_H2_128C_int8/908-31957-0006_generated.wav | RTF: 0.0283(0.166s / 5.890s) | Generator RTF: 0.0276(0.162s / 5.890s)
generated_audios/generated_H2_128C_int8/908-31957-0007_generated.wav | RTF: 0.0283(0.164s / 5.800s) | Generator RTF: 0.0276(0.160s / 5.800s)
generated_audios/generated_H2_128C_int8/908-31957-0008_generated.wav | RTF: 0.0274(0.274s / 10.005s) | Generator RTF: 0.0270(0.270s / 10.005s)
generated_audios/generated_H2_128C_int8/908-31957-0009_generated.wav | RTF: 0.0273(0.211s / 7.705s) | Generator RTF: 0.0268(0.206s / 7.705s)
generated_audios/generated_H2_128C_int8/908-31957-0010_generated.wav | RTF: 0.0319(0.080s / 2.510s) | Generator RTF: 0.0306(0.077s / 2.510s)
generated_audios/generated_H2_128C_int8/908-31957-0011_generated.wav | RTF: 0.0313(0.073s / 2.335s) | Generator RTF: 0.0298(0.070s / 2.335s)
generated_audios/generated_H2_128C_int8/908-31957-0012_generated.wav | RTF: 0.0273(0.208s / 7.615s) | Generator RTF: 0.0268(0.204s / 7.615s)
generated_audios/generated_H2_128C_int8/908-31957-0013_generated.wav | RTF: 0.0277(0.171s / 6.180s) | Generator RTF: 0.0270(0.167s / 6.180s)
generated_audios/generated_H2_128C_int8/908-31957-0014_generated.wav | RTF: 0.0273(0.206s / 7.560s) | Generator RTF: 0.0267(0.202s / 7.560s)
generated_audios/generated_H2_128C_int8/908-31957-0015_generated.wav | RTF: 0.0264(0.566s / 21.465s) | Generator RTF: 0.0261(0.560s / 21.465s)
generated_audios/generated_H2_128C_int8/908-31957-0016_generated.wav | RTF: 0.0277(0.179s / 6.480s) | Generator RTF: 0.0271(0.176s / 6.480s)
generated_audios/generated_H2_128C_int8/908-31957-0017_generated.wav | RTF: 0.0274(0.213s / 7.795s) | Generator RTF: 0.0268(0.209s / 7.795s)
generated_audios/generated_H2_128C_int8/908-31957-0018_generated.wav | RTF: 0.0299(0.117s / 3.915s) | Generator RTF: 0.0290(0.113s / 3.915s)
generated_audios/generated_H2_128C_int8/908-31957-0019_generated.wav | RTF: 0.0272(0.259s / 9.540s) | Generator RTF: 0.0267(0.255s / 9.540s)
generated_audios/generated_H2_128C_int8/908-31957-0020_generated.wav | RTF: 0.0273(0.161s / 5.895s) | Generator RTF: 0.0266(0.157s / 5.895s)
generated_audios/generated_H2_128C_int8/908-31957-0021_generated.wav | RTF: 0.0279(0.304s / 10.905s) | Generator RTF: 0.0275(0.300s / 10.905s)
generated_audios/generated_H2_128C_int8/908-31957-0022_generated.wav | RTF: 0.0265(0.374s / 14.100s) | Generator RTF: 0.0262(0.369s / 14.100s)
generated_audios/generated_H2_128C_int8/908-31957-0023_generated.wav | RTF: 0.0271(0.230s / 8.515s) | Generator RTF: 0.0267(0.227s / 8.515s)
generated_audios/generated_H2_128C_int8/908-31957-0024_generated.wav | RTF: 0.0276(0.208s / 7.540s) | Generator RTF: 0.0271(0.204s / 7.540s)
generated_audios/generated_H2_128C_int8/908-31957-0025_generated.wav | RTF: 0.0264(0.542s / 20.560s) | Generator RTF: 0.0261(0.536s / 20.560s)
Average RTF: 0.0274(86.586s / 3159.849s)
Average Generator RTF: 0.0268(84.704s / 3159.849s)
Evaluation summary:
  Mel-spectrogram L1: 1.442513
  PESQ: 1.248798
  STOI: 0.828172
Appended per-audio metrics to CSV: per_audio_results/H2_quantized_all

Appended metrics to CSV: experiments_results.csv
Appended to experiments_results.csv:
H2_128C_quantized_all,926393,1.137,0.0274,0.0268,1.248798485994339,0.8281723063906189,1.4425131278038026
========== Done ==========
=== JOB_STATISTICS ===
=== current date     : Sun Jul  5 01:51:30 PM CEST 2026
= Job-ID             : 1428682 on tinyfat
= Job-Name           : inference_128ch_h1-4
= Job-Command        : /home/hpc/vlbi/vlbi107v/hifi-gan/inference_Test.sh
= Initial workdir    : /home/hpc/vlbi/vlbi107v/hifi-gan
= Queue/Partition    : work
= Slurm account      : vlbi with QOS=normal
= Requested resources:  for 1-00:00:00
= Elapsed runtime    : 00:05:09
= Total RAM usage    : 3.8 GiB of requested  GiB (%)   
= Node list          : tf061
= Subm/Elig/Start/End: 2026-07-05T13:46:20 / 2026-07-05T13:46:20 / 2026-07-05T13:46:20 / 2026-07-05T13:51:29
======================
=== Quota infos ======
    Path                 Used     SoftQ    HardQ    Gracetime  Filec    FileQ    FiHaQ    FileGrace    
    /home/woody           281.2G  1000.0G  1500.0G        N/A     118K   5,000K   7,500K        N/A    
    /home/hpc              91.8G   104.9G   209.7G        N/A      85K     500K   1,000K        N/A    
======================
