### Starting TaskPrologue of job 1424506 on tf079 at Thu Jun 25 10:30:38 PM CEST 2026
Running on cores 42-49,106-113 with governor ondemand
No GPU known
### Finished TaskPrologue

==========(sbatch.tinyfat) Inference: 128 Channels (g_07960000) ==========
========== H1: baseline (no compression) ==========
Initializing Inference Process..
Using device: cpu (baseline and quantized inference both run on CPU)
Loading '/home/hpc/vlbi/vlbi107v/hifi-gan/cp_hifigan/v1_c128/g_07960000'
Complete.
Checkpoint contains weight_norm parameters. Keeping weight_norm wrappers for loading...
Loaded checkpoint: /home/hpc/vlbi/vlbi107v/hifi-gan/cp_hifigan/v1_c128/g_07960000 (3.617 MB)
Generator parameters: 928,514
generated_audios/generated_H1_128C/61-70968-0000_generated.wav | RTF: 0.3070(1.506s / 4.905s)
generated_audios/generated_H1_128C/61-70968-0001_generated.wav | RTF: 0.2698(0.974s / 3.610s)
generated_audios/generated_H1_128C/61-70968-0002_generated.wav | RTF: 0.2736(0.812s / 2.970s)
generated_audios/generated_H1_128C/61-70968-0003_generated.wav | RTF: 0.2646(1.142s / 4.315s)
generated_audios/generated_H1_128C/61-70968-0004_generated.wav | RTF: 0.2676(1.040s / 3.885s)
generated_audios/generated_H1_128C/61-70968-0005_generated.wav | RTF: 0.2680(1.359s / 5.070s)
generated_audios/generated_H1_128C/61-70968-0006_generated.wav | RTF: 0.2522(0.740s / 2.935s)
generated_audios/generated_H1_128C/61-70968-0007_generated.wav | RTF: 0.2716(0.964s / 3.550s)
generated_audios/generated_H1_128C/61-70968-0008_generated.wav | RTF: 0.2716(0.960s / 3.535s)
generated_audios/generated_H1_128C/61-70968-0009_generated.wav | RTF: 0.2695(1.215s / 4.510s)
generated_audios/generated_H1_128C/61-70968-0010_generated.wav | RTF: 0.2577(2.138s / 8.295s)
generated_audios/generated_H1_128C/61-70968-0011_generated.wav | RTF: 0.2545(1.622s / 6.375s)
generated_audios/generated_H1_128C/61-70968-0012_generated.wav | RTF: 0.2637(0.688s / 2.610s)
generated_audios/generated_H1_128C/61-70968-0013_generated.wav | RTF: 0.2762(1.229s / 4.450s)
generated_audios/generated_H1_128C/61-70968-0014_generated.wav | RTF: 0.2705(2.024s / 7.485s)
generated_audios/generated_H1_128C/61-70968-0015_generated.wav | RTF: 0.2546(1.368s / 5.375s)
generated_audios/generated_H1_128C/61-70968-0016_generated.wav | RTF: 0.2692(1.002s / 3.720s)
generated_audios/generated_H1_128C/61-70968-0017_generated.wav | RTF: 0.2702(1.381s / 5.110s)
generated_audios/generated_H1_128C/61-70968-0018_generated.wav | RTF: 0.2696(0.648s / 2.405s)
generated_audios/generated_H1_128C/61-70968-0019_generated.wav | RTF: 0.2583(1.414s / 5.475s)
Average RTF: 0.2675(24.228s / 90.585s)
Evaluation summary:
  Mel-spectrogram L1: 0.301993
  PESQ: 2.241318
  STOI: 0.932808

Appended metrics to CSV: experiments_results.csv
========== H2: quantized (INT8 dynamic quantization) ==========
Initializing Inference Process..
Using device: cpu (baseline and quantized inference both run on CPU)
Quantization enabled: forcing CPU inference for INT8 model.
Loading '/home/hpc/vlbi/vlbi107v/hifi-gan/cp_hifigan/v1_c128/g_07960000'
Complete.
Checkpoint contains weight_norm parameters. Keeping weight_norm wrappers for loading...
Removing weight norm...
Calibrating static quantization using 20 samples...
INT8 quantization scope: resblocks_range
Quantizing residual blocks 3..8; all other layers stay FP32.
Checking quantized modules after static quantization:
Quantized module: resblocks.3.convs1.0 (torch.ao.nn.quantized.modules.conv.Conv1d)
Quantized module: resblocks.3.convs1.1 (torch.ao.nn.quantized.modules.conv.Conv1d)
Quantized module: resblocks.3.convs1.2 (torch.ao.nn.quantized.modules.conv.Conv1d)
Quantized module: resblocks.3.convs2.0 (torch.ao.nn.quantized.modules.conv.Conv1d)
Quantized module: resblocks.3.convs2.1 (torch.ao.nn.quantized.modules.conv.Conv1d)
Quantized module: resblocks.3.convs2.2 (torch.ao.nn.quantized.modules.conv.Conv1d)
Quantized module: resblocks.4.convs1.0 (torch.ao.nn.quantized.modules.conv.Conv1d)
Quantized module: resblocks.4.convs1.1 (torch.ao.nn.quantized.modules.conv.Conv1d)
Quantized module: resblocks.4.convs1.2 (torch.ao.nn.quantized.modules.conv.Conv1d)
Quantized module: resblocks.4.convs2.0 (torch.ao.nn.quantized.modules.conv.Conv1d)
Quantized module: resblocks.4.convs2.1 (torch.ao.nn.quantized.modules.conv.Conv1d)
Quantized module: resblocks.4.convs2.2 (torch.ao.nn.quantized.modules.conv.Conv1d)
Quantized module: resblocks.5.convs1.0 (torch.ao.nn.quantized.modules.conv.Conv1d)
Quantized module: resblocks.5.convs1.1 (torch.ao.nn.quantized.modules.conv.Conv1d)
Quantized module: resblocks.5.convs1.2 (torch.ao.nn.quantized.modules.conv.Conv1d)
Quantized module: resblocks.5.convs2.0 (torch.ao.nn.quantized.modules.conv.Conv1d)
Quantized module: resblocks.5.convs2.1 (torch.ao.nn.quantized.modules.conv.Conv1d)
Quantized module: resblocks.5.convs2.2 (torch.ao.nn.quantized.modules.conv.Conv1d)
Quantized module: resblocks.6.convs1.0 (torch.ao.nn.quantized.modules.conv.Conv1d)
Quantized module: resblocks.6.convs1.1 (torch.ao.nn.quantized.modules.conv.Conv1d)
Quantized module: resblocks.6.convs1.2 (torch.ao.nn.quantized.modules.conv.Conv1d)
Quantized module: resblocks.6.convs2.0 (torch.ao.nn.quantized.modules.conv.Conv1d)
Quantized module: resblocks.6.convs2.1 (torch.ao.nn.quantized.modules.conv.Conv1d)
Quantized module: resblocks.6.convs2.2 (torch.ao.nn.quantized.modules.conv.Conv1d)
Quantized module: resblocks.7.convs1.0 (torch.ao.nn.quantized.modules.conv.Conv1d)
Quantized module: resblocks.7.convs1.1 (torch.ao.nn.quantized.modules.conv.Conv1d)
Quantized module: resblocks.7.convs1.2 (torch.ao.nn.quantized.modules.conv.Conv1d)
Quantized module: resblocks.7.convs2.0 (torch.ao.nn.quantized.modules.conv.Conv1d)
Quantized module: resblocks.7.convs2.1 (torch.ao.nn.quantized.modules.conv.Conv1d)
Quantized module: resblocks.7.convs2.2 (torch.ao.nn.quantized.modules.conv.Conv1d)
Quantized module: resblocks.8.convs1.0 (torch.ao.nn.quantized.modules.conv.Conv1d)
Quantized module: resblocks.8.convs1.1 (torch.ao.nn.quantized.modules.conv.Conv1d)
Quantized module: resblocks.8.convs1.2 (torch.ao.nn.quantized.modules.conv.Conv1d)
Quantized module: resblocks.8.convs2.0 (torch.ao.nn.quantized.modules.conv.Conv1d)
Quantized module: resblocks.8.convs2.1 (torch.ao.nn.quantized.modules.conv.Conv1d)
Quantized module: resblocks.8.convs2.2 (torch.ao.nn.quantized.modules.conv.Conv1d)
Saving checkpoint to /home/hpc/vlbi/vlbi107v/hifi-gan/cp_hifigan/v1_c128/compressed_checkpoint_int8
Complete.
Saved compressed checkpoint: /home/hpc/vlbi/vlbi107v/hifi-gan/cp_hifigan/v1_c128/compressed_checkpoint_int8 (3.200 MB)
Compressed checkpoint parameters: 926,129
Loaded checkpoint: /home/hpc/vlbi/vlbi107v/hifi-gan/cp_hifigan/v1_c128/g_07960000 (3.617 MB)
Generator parameters: 926,129
generated_audios/generated_H2_128C_int8/61-70968-0000_generated.wav | RTF: 0.0300(0.147s / 4.905s)
generated_audios/generated_H2_128C_int8/61-70968-0001_generated.wav | RTF: 0.0292(0.105s / 3.610s)
generated_audios/generated_H2_128C_int8/61-70968-0002_generated.wav | RTF: 0.0301(0.089s / 2.970s)
generated_audios/generated_H2_128C_int8/61-70968-0003_generated.wav | RTF: 0.0426(0.184s / 4.315s)
generated_audios/generated_H2_128C_int8/61-70968-0004_generated.wav | RTF: 0.0283(0.110s / 3.885s)
generated_audios/generated_H2_128C_int8/61-70968-0005_generated.wav | RTF: 0.0283(0.143s / 5.070s)
generated_audios/generated_H2_128C_int8/61-70968-0006_generated.wav | RTF: 0.0314(0.092s / 2.935s)
generated_audios/generated_H2_128C_int8/61-70968-0007_generated.wav | RTF: 0.0290(0.103s / 3.550s)
generated_audios/generated_H2_128C_int8/61-70968-0008_generated.wav | RTF: 0.0298(0.105s / 3.535s)
generated_audios/generated_H2_128C_int8/61-70968-0009_generated.wav | RTF: 0.0275(0.124s / 4.510s)
generated_audios/generated_H2_128C_int8/61-70968-0010_generated.wav | RTF: 0.0270(0.224s / 8.295s)
generated_audios/generated_H2_128C_int8/61-70968-0011_generated.wav | RTF: 0.0301(0.192s / 6.375s)
generated_audios/generated_H2_128C_int8/61-70968-0012_generated.wav | RTF: 0.0316(0.082s / 2.610s)
generated_audios/generated_H2_128C_int8/61-70968-0013_generated.wav | RTF: 0.0272(0.121s / 4.450s)
generated_audios/generated_H2_128C_int8/61-70968-0014_generated.wav | RTF: 0.0247(0.185s / 7.485s)
generated_audios/generated_H2_128C_int8/61-70968-0015_generated.wav | RTF: 0.0235(0.126s / 5.375s)
generated_audios/generated_H2_128C_int8/61-70968-0016_generated.wav | RTF: 0.0273(0.102s / 3.720s)
generated_audios/generated_H2_128C_int8/61-70968-0017_generated.wav | RTF: 0.0230(0.117s / 5.110s)
generated_audios/generated_H2_128C_int8/61-70968-0018_generated.wav | RTF: 0.0258(0.062s / 2.405s)
generated_audios/generated_H2_128C_int8/61-70968-0019_generated.wav | RTF: 0.0244(0.133s / 5.475s)
Average RTF: 0.0281(2.548s / 90.585s)
Evaluation summary:
  Mel-spectrogram L1: 0.592876
  PESQ: 1.682891
  STOI: 0.896698

Appended metrics to CSV: experiments_results.csv
Appended to experiments_results.csv:
H2_128C_quantized_resblocks_range_3_8,926129,3.2,0.0281,1.682891458272934,0.8966978906094927,0.592876273393631
========== Done ==========
=== JOB_STATISTICS ===
=== current date     : Thu Jun 25 10:31:58 PM CEST 2026
= Job-ID             : 1424506 on tinyfat
= Job-Name           : inference_128ch_h1-4
= Job-Command        : /home/hpc/vlbi/vlbi107v/hifi-gan/inference_Test.sh
= Initial workdir    : /home/hpc/vlbi/vlbi107v/hifi-gan
= Queue/Partition    : work
= Slurm account      : vlbi with QOS=normal
= Requested resources:  for 02:00:00
= Elapsed runtime    : 00:01:20
= Total RAM usage    : 1.4 GiB of requested  GiB (%)   
= Node list          : tf079
= Subm/Elig/Start/End: 2026-06-25T22:30:37 / 2026-06-25T22:30:37 / 2026-06-25T22:30:38 / 2026-06-25T22:31:58
======================
=== Quota infos ======
    Path                 Used     SoftQ    HardQ    Gracetime  Filec    FileQ    FiHaQ    FileGrace    
    /home/hpc              71.4G   104.9G   209.7G        N/A      78K     500K   1,000K        N/A    
    /home/woody           382.4G  1000.0G  1500.0G        N/A     117K   5,000K   7,500K        N/A    
======================
