### Starting TaskPrologue of job 1428671 on tf093 at Sun Jul  5 01:42:58 PM CEST 2026
Running on cores 56-63,120-127 with governor ondemand
No GPU known
### Finished TaskPrologue

==========(sbatch.tinyfat) Inference: 512 Channels (g_07960000) ==========
========== H2: quantized (INT8 dynamic quantization) ==========
Initializing Inference Process..
Using device: cpu (baseline and quantized inference both run on CPU)
Quantization enabled: forcing CPU inference for INT8 model.
Loading '/home/hpc/vlbi/vlbi107v/hifi-gan/cp_hifigan/v1_c512/g_07960000'
Complete.
Checkpoint contains weight_norm parameters. Keeping weight_norm wrappers for loading...
Removing weight norm...
Calibrating static quantization using 50 samples...
INT8 quantization scope: resblocks_range
Quantizing residual blocks 1..10; all other layers stay FP32.
Checking quantized modules after static quantization:
Quantized module: resblocks.1.convs1.0 (torch.ao.nn.quantized.modules.conv.Conv1d)
Quantized module: resblocks.1.convs1.1 (torch.ao.nn.quantized.modules.conv.Conv1d)
Quantized module: resblocks.1.convs1.2 (torch.ao.nn.quantized.modules.conv.Conv1d)
Quantized module: resblocks.1.convs2.0 (torch.ao.nn.quantized.modules.conv.Conv1d)
Quantized module: resblocks.1.convs2.1 (torch.ao.nn.quantized.modules.conv.Conv1d)
Quantized module: resblocks.1.convs2.2 (torch.ao.nn.quantized.modules.conv.Conv1d)
Quantized module: resblocks.2.convs1.0 (torch.ao.nn.quantized.modules.conv.Conv1d)
Quantized module: resblocks.2.convs1.1 (torch.ao.nn.quantized.modules.conv.Conv1d)
Quantized module: resblocks.2.convs1.2 (torch.ao.nn.quantized.modules.conv.Conv1d)
Quantized module: resblocks.2.convs2.0 (torch.ao.nn.quantized.modules.conv.Conv1d)
Quantized module: resblocks.2.convs2.1 (torch.ao.nn.quantized.modules.conv.Conv1d)
Quantized module: resblocks.2.convs2.2 (torch.ao.nn.quantized.modules.conv.Conv1d)
Quantized module: resblocks.3.convs1.0 (torch.ao.nn.quantized.modules.conv.Conv1d)
Quantized module: resblocks.3.convs1.1 (torch.ao.nn.quantized.modules.conv.Conv1d)
Quantized module: resblocks.3.convs1.2 (torch.ao.nn.quantized.modules.conv.Conv1d)
Quantized module: resblocks.3.convs2.0 (torch.ao.nn.quantized.modules.conv.Conv1d)
Quantized module: resblocks.3.convs2.1 (torch.ao.nn.quantized.modules.conv.Conv1d)
Quantized module: resblocks.3.convs2.2 (torch.ao.nn.quantized.modules.conv.Conv1d)
Quantized module: resblocks.4.convs1.0 (torch.ao.nn.quantized.modules.conv.Conv1d)
Quantized module: resblocks.4.convs1.1 (torch.ao.nn.quantized.modules.conv.Conv1d)
Quantized module: resblocks.4.convs1.2 (torch.ao.nn.quantized.modules.conv.Conv1d)
Quantized module: resblocks.4.convs2.0 (torch.ao.nn.quantized.modules.conv.Conv1d)
Quantized module: resblocks.4.convs2.1 (torch.ao.nn.quantized.modules.conv.Conv1d)
Quantized module: resblocks.4.convs2.2 (torch.ao.nn.quantized.modules.conv.Conv1d)
Quantized module: resblocks.5.convs1.0 (torch.ao.nn.quantized.modules.conv.Conv1d)
Quantized module: resblocks.5.convs1.1 (torch.ao.nn.quantized.modules.conv.Conv1d)
Quantized module: resblocks.5.convs1.2 (torch.ao.nn.quantized.modules.conv.Conv1d)
Quantized module: resblocks.5.convs2.0 (torch.ao.nn.quantized.modules.conv.Conv1d)
Quantized module: resblocks.5.convs2.1 (torch.ao.nn.quantized.modules.conv.Conv1d)
Quantized module: resblocks.5.convs2.2 (torch.ao.nn.quantized.modules.conv.Conv1d)
Quantized module: resblocks.6.convs1.0 (torch.ao.nn.quantized.modules.conv.Conv1d)
Quantized module: resblocks.6.convs1.1 (torch.ao.nn.quantized.modules.conv.Conv1d)
Quantized module: resblocks.6.convs1.2 (torch.ao.nn.quantized.modules.conv.Conv1d)
Quantized module: resblocks.6.convs2.0 (torch.ao.nn.quantized.modules.conv.Conv1d)
Quantized module: resblocks.6.convs2.1 (torch.ao.nn.quantized.modules.conv.Conv1d)
Quantized module: resblocks.6.convs2.2 (torch.ao.nn.quantized.modules.conv.Conv1d)
Quantized module: resblocks.7.convs1.0 (torch.ao.nn.quantized.modules.conv.Conv1d)
Quantized module: resblocks.7.convs1.1 (torch.ao.nn.quantized.modules.conv.Conv1d)
Quantized module: resblocks.7.convs1.2 (torch.ao.nn.quantized.modules.conv.Conv1d)
Quantized module: resblocks.7.convs2.0 (torch.ao.nn.quantized.modules.conv.Conv1d)
Quantized module: resblocks.7.convs2.1 (torch.ao.nn.quantized.modules.conv.Conv1d)
Quantized module: resblocks.7.convs2.2 (torch.ao.nn.quantized.modules.conv.Conv1d)
Quantized module: resblocks.8.convs1.0 (torch.ao.nn.quantized.modules.conv.Conv1d)
Quantized module: resblocks.8.convs1.1 (torch.ao.nn.quantized.modules.conv.Conv1d)
Quantized module: resblocks.8.convs1.2 (torch.ao.nn.quantized.modules.conv.Conv1d)
Quantized module: resblocks.8.convs2.0 (torch.ao.nn.quantized.modules.conv.Conv1d)
Quantized module: resblocks.8.convs2.1 (torch.ao.nn.quantized.modules.conv.Conv1d)
Quantized module: resblocks.8.convs2.2 (torch.ao.nn.quantized.modules.conv.Conv1d)
Quantized module: resblocks.9.convs1.0 (torch.ao.nn.quantized.modules.conv.Conv1d)
Quantized module: resblocks.9.convs1.1 (torch.ao.nn.quantized.modules.conv.Conv1d)
Quantized module: resblocks.9.convs1.2 (torch.ao.nn.quantized.modules.conv.Conv1d)
Quantized module: resblocks.9.convs2.0 (torch.ao.nn.quantized.modules.conv.Conv1d)
Quantized module: resblocks.9.convs2.1 (torch.ao.nn.quantized.modules.conv.Conv1d)
Quantized module: resblocks.9.convs2.2 (torch.ao.nn.quantized.modules.conv.Conv1d)
Quantized module: resblocks.10.convs1.0 (torch.ao.nn.quantized.modules.conv.Conv1d)
Quantized module: resblocks.10.convs1.1 (torch.ao.nn.quantized.modules.conv.Conv1d)
Quantized module: resblocks.10.convs1.2 (torch.ao.nn.quantized.modules.conv.Conv1d)
Quantized module: resblocks.10.convs2.0 (torch.ao.nn.quantized.modules.conv.Conv1d)
Quantized module: resblocks.10.convs2.1 (torch.ao.nn.quantized.modules.conv.Conv1d)
Quantized module: resblocks.10.convs2.2 (torch.ao.nn.quantized.modules.conv.Conv1d)
Saving checkpoint to /home/hpc/vlbi/vlbi107v/hifi-gan/cp_hifigan/v1_c512/compressed_checkpoint_int8
Complete.
Saved compressed checkpoint: /home/hpc/vlbi/vlbi107v/hifi-gan/cp_hifigan/v1_c512/compressed_checkpoint_int8 (25.579 MB)
Compressed checkpoint parameters: 13,926,257
Loaded checkpoint: /home/hpc/vlbi/vlbi107v/hifi-gan/cp_hifigan/v1_c512/g_07960000 (53.239 MB)
Generator parameters: 13,926,257
generated_audios/generated_H2_512C_int8/1089-134686-0000_generated.wav | RTF: 0.1532(1.599s / 10.435s) | Generator RTF: 0.1528(1.595s / 10.435s)
generated_audios/generated_H2_512C_int8/1089-134686-0001_generated.wav | RTF: 0.1296(0.424s / 3.275s) | Generator RTF: 0.1286(0.421s / 3.275s)
generated_audios/generated_H2_512C_int8/1089-134686-0002_generated.wav | RTF: 0.1555(1.030s / 6.625s) | Generator RTF: 0.1550(1.027s / 6.625s)
generated_audios/generated_H2_512C_int8/1089-134686-0003_generated.wav | RTF: 0.1327(0.356s / 2.680s) | Generator RTF: 0.1314(0.352s / 2.680s)
generated_audios/generated_H2_512C_int8/1089-134686-0004_generated.wav | RTF: 0.1410(0.735s / 5.215s) | Generator RTF: 0.1403(0.732s / 5.215s)
generated_audios/generated_H2_512C_int8/1089-134686-0005_generated.wav | RTF: 0.1473(1.419s / 9.635s) | Generator RTF: 0.1468(1.415s / 9.635s)
generated_audios/generated_H2_512C_int8/1089-134686-0006_generated.wav | RTF: 0.1481(1.563s / 10.555s) | Generator RTF: 0.1477(1.559s / 10.555s)
generated_audios/generated_H2_512C_int8/1089-134686-0007_generated.wav | RTF: 0.1473(0.630s / 4.275s) | Generator RTF: 0.1466(0.627s / 4.275s)
generated_audios/generated_H2_512C_int8/1089-134686-0008_generated.wav | RTF: 0.1433(0.965s / 6.730s) | Generator RTF: 0.1428(0.961s / 6.730s)
generated_audios/generated_H2_512C_int8/1089-134686-0009_generated.wav | RTF: 0.1526(1.614s / 10.575s) | Generator RTF: 0.1522(1.610s / 10.575s)
generated_audios/generated_H2_512C_int8/1089-134686-0010_generated.wav | RTF: 0.1423(0.627s / 4.405s) | Generator RTF: 0.1414(0.623s / 4.405s)
generated_audios/generated_H2_512C_int8/1089-134686-0011_generated.wav | RTF: 0.1759(2.189s / 12.445s) | Generator RTF: 0.1755(2.184s / 12.445s)
generated_audios/generated_H2_512C_int8/1089-134686-0012_generated.wav | RTF: 0.1543(1.796s / 11.640s) | Generator RTF: 0.1540(1.792s / 11.640s)
generated_audios/generated_H2_512C_int8/1089-134686-0013_generated.wav | RTF: 0.1493(1.182s / 7.915s) | Generator RTF: 0.1489(1.178s / 7.915s)
generated_audios/generated_H2_512C_int8/1089-134686-0014_generated.wav | RTF: 0.1273(0.283s / 2.225s) | Generator RTF: 0.1260(0.280s / 2.225s)
generated_audios/generated_H2_512C_int8/1089-134686-0015_generated.wav | RTF: 0.1440(0.837s / 5.815s) | Generator RTF: 0.1434(0.834s / 5.815s)
generated_audios/generated_H2_512C_int8/1089-134686-0016_generated.wav | RTF: 0.1376(0.487s / 3.540s) | Generator RTF: 0.1367(0.484s / 3.540s)
generated_audios/generated_H2_512C_int8/1089-134686-0017_generated.wav | RTF: 0.1496(1.327s / 8.870s) | Generator RTF: 0.1492(1.323s / 8.870s)
generated_audios/generated_H2_512C_int8/1089-134686-0018_generated.wav | RTF: 0.1917(3.013s / 15.720s) | Generator RTF: 0.1914(3.008s / 15.720s)
generated_audios/generated_H2_512C_int8/1089-134686-0019_generated.wav | RTF: 0.1678(2.331s / 13.895s) | Generator RTF: 0.1674(2.326s / 13.895s)
generated_audios/generated_H2_512C_int8/1089-134686-0020_generated.wav | RTF: 0.1892(3.176s / 16.790s) | Generator RTF: 0.1889(3.171s / 16.790s)
generated_audios/generated_H2_512C_int8/1089-134686-0021_generated.wav | RTF: 0.1492(0.977s / 6.550s) | Generator RTF: 0.1486(0.973s / 6.550s)
generated_audios/generated_H2_512C_int8/1089-134686-0022_generated.wav | RTF: 0.1466(1.638s / 11.175s) | Generator RTF: 0.1462(1.634s / 11.175s)
generated_audios/generated_H2_512C_int8/1089-134686-0023_generated.wav | RTF: 0.1703(2.261s / 13.275s) | Generator RTF: 0.1700(2.256s / 13.275s)
generated_audios/generated_H2_512C_int8/1089-134686-0024_generated.wav | RTF: 0.1501(1.750s / 11.655s) | Generator RTF: 0.1498(1.746s / 11.655s)
generated_audios/generated_H2_512C_int8/1089-134686-0025_generated.wav | RTF: 0.1462(0.966s / 6.610s) | Generator RTF: 0.1456(0.963s / 6.610s)
generated_audios/generated_H2_512C_int8/1089-134686-0026_generated.wav | RTF: 0.1430(0.573s / 4.010s) | Generator RTF: 0.1422(0.570s / 4.010s)
generated_audios/generated_H2_512C_int8/1089-134686-0027_generated.wav | RTF: 0.1302(0.353s / 2.710s) | Generator RTF: 0.1288(0.349s / 2.710s)
generated_audios/generated_H2_512C_int8/1089-134686-0028_generated.wav | RTF: 0.1462(1.145s / 7.830s) | Generator RTF: 0.1457(1.141s / 7.830s)
generated_audios/generated_H2_512C_int8/1089-134686-0029_generated.wav | RTF: 0.1476(0.689s / 4.670s) | Generator RTF: 0.1469(0.686s / 4.670s)
generated_audios/generated_H2_512C_int8/1089-134686-0030_generated.wav | RTF: 0.1262(0.343s / 2.715s) | Generator RTF: 0.1249(0.339s / 2.715s)
generated_audios/generated_H2_512C_int8/1089-134686-0031_generated.wav | RTF: 0.1439(0.952s / 6.615s) | Generator RTF: 0.1433(0.948s / 6.615s)
generated_audios/generated_H2_512C_int8/121-121726-0000_generated.wav | RTF: 0.1516(1.282s / 8.460s) | Generator RTF: 0.1511(1.278s / 8.460s)
generated_audios/generated_H2_512C_int8/121-121726-0001_generated.wav | RTF: 0.1449(0.859s / 5.925s) | Generator RTF: 0.1443(0.855s / 5.925s)
generated_audios/generated_H2_512C_int8/121-121726-0002_generated.wav | RTF: 0.1411(0.622s / 4.410s) | Generator RTF: 0.1403(0.619s / 4.410s)
generated_audios/generated_H2_512C_int8/121-121726-0003_generated.wav | RTF: 0.1445(0.976s / 6.755s) | Generator RTF: 0.1439(0.972s / 6.755s)
generated_audios/generated_H2_512C_int8/121-121726-0004_generated.wav | RTF: 0.1432(0.576s / 4.020s) | Generator RTF: 0.1424(0.572s / 4.020s)
generated_audios/generated_H2_512C_int8/121-121726-0005_generated.wav | RTF: 0.1375(0.426s / 3.100s) | Generator RTF: 0.1364(0.423s / 3.100s)
generated_audios/generated_H2_512C_int8/121-121726-0006_generated.wav | RTF: 0.1501(0.585s / 3.895s) | Generator RTF: 0.1492(0.581s / 3.895s)
generated_audios/generated_H2_512C_int8/121-121726-0007_generated.wav | RTF: 0.1429(0.962s / 6.730s) | Generator RTF: 0.1423(0.958s / 6.730s)
generated_audios/generated_H2_512C_int8/121-121726-0008_generated.wav | RTF: 0.1426(0.712s / 4.990s) | Generator RTF: 0.1419(0.708s / 4.990s)
generated_audios/generated_H2_512C_int8/121-121726-0009_generated.wav | RTF: 0.1512(1.098s / 7.260s) | Generator RTF: 0.1507(1.094s / 7.260s)
generated_audios/generated_H2_512C_int8/121-121726-0010_generated.wav | RTF: 0.1541(1.512s / 9.810s) | Generator RTF: 0.1537(1.508s / 9.810s)
generated_audios/generated_H2_512C_int8/121-121726-0011_generated.wav | RTF: 0.1504(0.607s / 4.035s) | Generator RTF: 0.1495(0.603s / 4.035s)
generated_audios/generated_H2_512C_int8/121-121726-0012_generated.wav | RTF: 0.1505(0.609s / 4.045s) | Generator RTF: 0.1497(0.605s / 4.045s)
generated_audios/generated_H2_512C_int8/121-121726-0013_generated.wav | RTF: 0.1311(0.326s / 2.490s) | Generator RTF: 0.1299(0.323s / 2.490s)
generated_audios/generated_H2_512C_int8/121-121726-0014_generated.wav | RTF: 0.1414(0.448s / 3.165s) | Generator RTF: 0.1404(0.444s / 3.165s)
generated_audios/generated_H2_512C_int8/121-123852-0000_generated.wav | RTF: 0.1902(3.366s / 17.695s) | Generator RTF: 0.1899(3.361s / 17.695s)
generated_audios/generated_H2_512C_int8/121-123852-0001_generated.wav | RTF: 0.1276(0.239s / 1.870s) | Generator RTF: 0.1258(0.235s / 1.870s)
generated_audios/generated_H2_512C_int8/121-123852-0002_generated.wav | RTF: 0.1932(3.339s / 17.285s) | Generator RTF: 0.1929(3.335s / 17.285s)
generated_audios/generated_H2_512C_int8/121-123852-0003_generated.wav | RTF: 0.3123(7.341s / 23.505s) | Generator RTF: 0.3121(7.335s / 23.505s)
generated_audios/generated_H2_512C_int8/121-123852-0004_generated.wav | RTF: 0.2838(4.623s / 16.290s) | Generator RTF: 0.2835(4.618s / 16.290s)
generated_audios/generated_H2_512C_int8/121-123859-0000_generated.wav | RTF: 0.2833(4.927s / 17.390s) | Generator RTF: 0.2830(4.922s / 17.390s)
generated_audios/generated_H2_512C_int8/121-123859-0001_generated.wav | RTF: 0.3096(7.862s / 25.395s) | Generator RTF: 0.3093(7.856s / 25.395s)
generated_audios/generated_H2_512C_int8/121-123859-0002_generated.wav | RTF: 0.3109(9.340s / 30.040s) | Generator RTF: 0.3107(9.333s / 30.040s)
generated_audios/generated_H2_512C_int8/121-123859-0003_generated.wav | RTF: 0.2491(2.697s / 10.825s) | Generator RTF: 0.2487(2.693s / 10.825s)
generated_audios/generated_H2_512C_int8/121-123859-0004_generated.wav | RTF: 0.2490(2.367s / 9.505s) | Generator RTF: 0.2486(2.363s / 9.505s)
generated_audios/generated_H2_512C_int8/121-127105-0000_generated.wav | RTF: 0.2474(2.443s / 9.875s) | Generator RTF: 0.2470(2.439s / 9.875s)
generated_audios/generated_H2_512C_int8/121-127105-0001_generated.wav | RTF: 0.2452(1.232s / 5.025s) | Generator RTF: 0.2445(1.229s / 5.025s)
generated_audios/generated_H2_512C_int8/121-127105-0002_generated.wav | RTF: 0.2427(1.819s / 7.495s) | Generator RTF: 0.2423(1.816s / 7.495s)
generated_audios/generated_H2_512C_int8/121-127105-0003_generated.wav | RTF: 0.2446(1.890s / 7.725s) | Generator RTF: 0.2441(1.886s / 7.725s)
generated_audios/generated_H2_512C_int8/121-127105-0004_generated.wav | RTF: 0.2407(0.508s / 2.110s) | Generator RTF: 0.2392(0.505s / 2.110s)
generated_audios/generated_H2_512C_int8/121-127105-0005_generated.wav | RTF: 0.2363(1.375s / 5.820s) | Generator RTF: 0.2357(1.372s / 5.820s)
generated_audios/generated_H2_512C_int8/121-127105-0006_generated.wav | RTF: 0.2423(1.145s / 4.725s) | Generator RTF: 0.2415(1.141s / 4.725s)
generated_audios/generated_H2_512C_int8/121-127105-0007_generated.wav | RTF: 0.2402(1.391s / 5.790s) | Generator RTF: 0.2396(1.387s / 5.790s)
generated_audios/generated_H2_512C_int8/121-127105-0008_generated.wav | RTF: 0.2228(0.615s / 2.760s) | Generator RTF: 0.2216(0.612s / 2.760s)
generated_audios/generated_H2_512C_int8/121-127105-0009_generated.wav | RTF: 0.2359(0.540s / 2.290s) | Generator RTF: 0.2346(0.537s / 2.290s)
generated_audios/generated_H2_512C_int8/121-127105-0010_generated.wav | RTF: 0.2324(0.662s / 2.850s) | Generator RTF: 0.2312(0.659s / 2.850s)
generated_audios/generated_H2_512C_int8/121-127105-0011_generated.wav | RTF: 0.2443(1.412s / 5.780s) | Generator RTF: 0.2436(1.408s / 5.780s)
generated_audios/generated_H2_512C_int8/121-127105-0012_generated.wav | RTF: 0.2524(1.219s / 4.830s) | Generator RTF: 0.2517(1.216s / 4.830s)
generated_audios/generated_H2_512C_int8/121-127105-0013_generated.wav | RTF: 0.2367(1.395s / 5.895s) | Generator RTF: 0.2361(1.392s / 5.895s)
generated_audios/generated_H2_512C_int8/121-127105-0014_generated.wav | RTF: 0.2299(0.518s / 2.255s) | Generator RTF: 0.2285(0.515s / 2.255s)
generated_audios/generated_H2_512C_int8/121-127105-0015_generated.wav | RTF: 0.2319(0.686s / 2.960s) | Generator RTF: 0.2307(0.683s / 2.960s)
generated_audios/generated_H2_512C_int8/121-127105-0016_generated.wav | RTF: 0.2271(0.461s / 2.030s) | Generator RTF: 0.2254(0.458s / 2.030s)
generated_audios/generated_H2_512C_int8/121-127105-0017_generated.wav | RTF: 0.2392(0.645s / 2.695s) | Generator RTF: 0.2379(0.641s / 2.695s)
generated_audios/generated_H2_512C_int8/121-127105-0018_generated.wav | RTF: 0.2350(0.651s / 2.770s) | Generator RTF: 0.2340(0.648s / 2.770s)
generated_audios/generated_H2_512C_int8/121-127105-0019_generated.wav | RTF: 0.2320(0.818s / 3.525s) | Generator RTF: 0.2310(0.814s / 3.525s)
generated_audios/generated_H2_512C_int8/121-127105-0020_generated.wav | RTF: 0.2813(4.038s / 14.355s) | Generator RTF: 0.2810(4.033s / 14.355s)
generated_audios/generated_H2_512C_int8/121-127105-0021_generated.wav | RTF: 0.2370(0.474s / 2.000s) | Generator RTF: 0.2353(0.471s / 2.000s)
generated_audios/generated_H2_512C_int8/121-127105-0022_generated.wav | RTF: 0.2471(1.254s / 5.075s) | Generator RTF: 0.2464(1.251s / 5.075s)
generated_audios/generated_H2_512C_int8/121-127105-0023_generated.wav | RTF: 0.2446(2.669s / 10.910s) | Generator RTF: 0.2442(2.665s / 10.910s)
generated_audios/generated_H2_512C_int8/121-127105-0024_generated.wav | RTF: 0.2824(4.081s / 14.450s) | Generator RTF: 0.2821(4.076s / 14.450s)
generated_audios/generated_H2_512C_int8/121-127105-0025_generated.wav | RTF: 0.2824(4.537s / 16.065s) | Generator RTF: 0.2821(4.532s / 16.065s)
generated_audios/generated_H2_512C_int8/121-127105-0026_generated.wav | RTF: 0.2391(1.800s / 7.530s) | Generator RTF: 0.2386(1.797s / 7.530s)
generated_audios/generated_H2_512C_int8/121-127105-0027_generated.wav | RTF: 0.2801(3.885s / 13.870s) | Generator RTF: 0.2798(3.880s / 13.870s)
generated_audios/generated_H2_512C_int8/121-127105-0028_generated.wav | RTF: 0.1492(1.007s / 6.750s) | Generator RTF: 0.1487(1.003s / 6.750s)
generated_audios/generated_H2_512C_int8/121-127105-0029_generated.wav | RTF: 0.2456(1.795s / 7.310s) | Generator RTF: 0.2451(1.792s / 7.310s)
generated_audios/generated_H2_512C_int8/121-127105-0030_generated.wav | RTF: 0.2357(0.513s / 2.175s) | Generator RTF: 0.2342(0.509s / 2.175s)
generated_audios/generated_H2_512C_int8/121-127105-0031_generated.wav | RTF: 0.2448(2.636s / 10.765s) | Generator RTF: 0.2445(2.632s / 10.765s)
generated_audios/generated_H2_512C_int8/121-127105-0032_generated.wav | RTF: 0.2225(0.705s / 3.170s) | Generator RTF: 0.2213(0.702s / 3.170s)
generated_audios/generated_H2_512C_int8/121-127105-0033_generated.wav | RTF: 0.2363(0.557s / 2.355s) | Generator RTF: 0.2349(0.553s / 2.355s)
generated_audios/generated_H2_512C_int8/121-127105-0034_generated.wav | RTF: 0.2464(1.826s / 7.410s) | Generator RTF: 0.2459(1.822s / 7.410s)
generated_audios/generated_H2_512C_int8/121-127105-0035_generated.wav | RTF: 0.2820(3.991s / 14.150s) | Generator RTF: 0.2817(3.986s / 14.150s)
generated_audios/generated_H2_512C_int8/121-127105-0036_generated.wav | RTF: 0.2336(0.970s / 4.150s) | Generator RTF: 0.2328(0.966s / 4.150s)
generated_audios/generated_H2_512C_int8/237-126133-0000_generated.wav | RTF: 0.2857(3.797s / 13.290s) | Generator RTF: 0.2854(3.793s / 13.290s)
generated_audios/generated_H2_512C_int8/237-126133-0001_generated.wav | RTF: 0.2814(3.367s / 11.965s) | Generator RTF: 0.2810(3.362s / 11.965s)
generated_audios/generated_H2_512C_int8/237-126133-0002_generated.wav | RTF: 0.2806(2.503s / 8.920s) | Generator RTF: 0.2801(2.499s / 8.920s)
generated_audios/generated_H2_512C_int8/237-126133-0003_generated.wav | RTF: 0.2457(1.612s / 6.560s) | Generator RTF: 0.2452(1.608s / 6.560s)
generated_audios/generated_H2_512C_int8/237-126133-0004_generated.wav | RTF: 0.2372(0.782s / 3.295s) | Generator RTF: 0.2362(0.778s / 3.295s)
generated_audios/generated_H2_512C_int8/237-126133-0005_generated.wav | RTF: 0.2521(1.641s / 6.510s) | Generator RTF: 0.2517(1.639s / 6.510s)
generated_audios/generated_H2_512C_int8/237-126133-0006_generated.wav | RTF: 0.2418(1.487s / 6.150s) | Generator RTF: 0.2411(1.483s / 6.150s)
generated_audios/generated_H2_512C_int8/237-126133-0007_generated.wav | RTF: 0.2429(2.109s / 8.680s) | Generator RTF: 0.2424(2.104s / 8.680s)
generated_audios/generated_H2_512C_int8/237-126133-0008_generated.wav | RTF: 0.2470(0.954s / 3.865s) | Generator RTF: 0.2460(0.951s / 3.865s)
generated_audios/generated_H2_512C_int8/237-126133-0009_generated.wav | RTF: 0.2475(0.983s / 3.970s) | Generator RTF: 0.2467(0.979s / 3.970s)
generated_audios/generated_H2_512C_int8/237-126133-0010_generated.wav | RTF: 0.2409(1.503s / 6.240s) | Generator RTF: 0.2403(1.500s / 6.240s)
generated_audios/generated_H2_512C_int8/237-126133-0011_generated.wav | RTF: 0.2396(1.608s / 6.710s) | Generator RTF: 0.2390(1.604s / 6.710s)
generated_audios/generated_H2_512C_int8/237-126133-0012_generated.wav | RTF: 0.2451(1.091s / 4.450s) | Generator RTF: 0.2443(1.087s / 4.450s)
generated_audios/generated_H2_512C_int8/237-126133-0013_generated.wav | RTF: 0.2470(1.683s / 6.815s) | Generator RTF: 0.2465(1.680s / 6.815s)
generated_audios/generated_H2_512C_int8/237-126133-0014_generated.wav | RTF: 0.2468(1.676s / 6.790s) | Generator RTF: 0.2463(1.672s / 6.790s)
generated_audios/generated_H2_512C_int8/237-126133-0015_generated.wav | RTF: 0.2365(2.209s / 9.340s) | Generator RTF: 0.2361(2.205s / 9.340s)
generated_audios/generated_H2_512C_int8/237-126133-0016_generated.wav | RTF: 0.2387(1.014s / 4.250s) | Generator RTF: 0.2379(1.011s / 4.250s)
generated_audios/generated_H2_512C_int8/237-126133-0017_generated.wav | RTF: 0.2418(1.502s / 6.210s) | Generator RTF: 0.2412(1.498s / 6.210s)
generated_audios/generated_H2_512C_int8/237-126133-0018_generated.wav | RTF: 0.2594(1.062s / 4.095s) | Generator RTF: 0.2586(1.059s / 4.095s)
generated_audios/generated_H2_512C_int8/237-126133-0019_generated.wav | RTF: 0.2462(1.753s / 7.120s) | Generator RTF: 0.2457(1.749s / 7.120s)
generated_audios/generated_H2_512C_int8/237-126133-0020_generated.wav | RTF: 0.2279(0.511s / 2.240s) | Generator RTF: 0.2265(0.507s / 2.240s)
generated_audios/generated_H2_512C_int8/237-126133-0021_generated.wav | RTF: 0.2409(1.051s / 4.365s) | Generator RTF: 0.2401(1.048s / 4.365s)
generated_audios/generated_H2_512C_int8/237-126133-0022_generated.wav | RTF: 0.2463(1.241s / 5.040s) | Generator RTF: 0.2455(1.238s / 5.040s)
generated_audios/generated_H2_512C_int8/237-126133-0023_generated.wav | RTF: 0.2459(1.642s / 6.675s) | Generator RTF: 0.2454(1.638s / 6.675s)
generated_audios/generated_H2_512C_int8/237-126133-0024_generated.wav | RTF: 0.2597(2.510s / 9.665s) | Generator RTF: 0.2593(2.506s / 9.665s)
generated_audios/generated_H2_512C_int8/237-126133-0025_generated.wav | RTF: 0.2499(0.938s / 3.755s) | Generator RTF: 0.2490(0.935s / 3.755s)
generated_audios/generated_H2_512C_int8/237-134493-0000_generated.wav | RTF: 0.2454(1.007s / 4.105s) | Generator RTF: 0.2445(1.004s / 4.105s)
generated_audios/generated_H2_512C_int8/237-134493-0001_generated.wav | RTF: 0.2451(1.809s / 7.380s) | Generator RTF: 0.2446(1.805s / 7.380s)
generated_audios/generated_H2_512C_int8/237-134493-0002_generated.wav | RTF: 0.2428(2.766s / 11.395s) | Generator RTF: 0.2424(2.762s / 11.395s)
generated_audios/generated_H2_512C_int8/237-134493-0003_generated.wav | RTF: 0.2834(3.618s / 12.765s) | Generator RTF: 0.2831(3.614s / 12.765s)
generated_audios/generated_H2_512C_int8/237-134493-0004_generated.wav | RTF: 0.2438(1.664s / 6.825s) | Generator RTF: 0.2433(1.660s / 6.825s)
generated_audios/generated_H2_512C_int8/237-134493-0005_generated.wav | RTF: 0.2420(2.649s / 10.945s) | Generator RTF: 0.2416(2.645s / 10.945s)
generated_audios/generated_H2_512C_int8/237-134493-0006_generated.wav | RTF: 0.2402(1.056s / 4.395s) | Generator RTF: 0.2394(1.052s / 4.395s)
generated_audios/generated_H2_512C_int8/237-134493-0007_generated.wav | RTF: 0.2338(0.476s / 2.035s) | Generator RTF: 0.2322(0.473s / 2.035s)
generated_audios/generated_H2_512C_int8/237-134493-0008_generated.wav | RTF: 0.2219(0.511s / 2.305s) | Generator RTF: 0.2204(0.508s / 2.305s)
generated_audios/generated_H2_512C_int8/237-134493-0009_generated.wav | RTF: 0.2794(0.831s / 2.975s) | Generator RTF: 0.2783(0.828s / 2.975s)
generated_audios/generated_H2_512C_int8/237-134493-0010_generated.wav | RTF: 0.2386(0.686s / 2.875s) | Generator RTF: 0.2375(0.683s / 2.875s)
generated_audios/generated_H2_512C_int8/237-134493-0011_generated.wav | RTF: 0.2440(1.229s / 5.035s) | Generator RTF: 0.2434(1.225s / 5.035s)
generated_audios/generated_H2_512C_int8/237-134493-0012_generated.wav | RTF: 0.2370(0.867s / 3.660s) | Generator RTF: 0.2360(0.864s / 3.660s)
generated_audios/generated_H2_512C_int8/237-134493-0013_generated.wav | RTF: 0.1550(0.634s / 4.090s) | Generator RTF: 0.1541(0.630s / 4.090s)
generated_audios/generated_H2_512C_int8/237-134493-0014_generated.wav | RTF: 0.2361(0.873s / 3.700s) | Generator RTF: 0.2352(0.870s / 3.700s)
generated_audios/generated_H2_512C_int8/237-134493-0015_generated.wav | RTF: 0.1517(0.994s / 6.550s) | Generator RTF: 0.1511(0.990s / 6.550s)
generated_audios/generated_H2_512C_int8/237-134493-0016_generated.wav | RTF: 0.2463(2.483s / 10.085s) | Generator RTF: 0.2458(2.479s / 10.085s)
generated_audios/generated_H2_512C_int8/237-134493-0017_generated.wav | RTF: 0.2543(2.316s / 9.105s) | Generator RTF: 0.2539(2.311s / 9.105s)
generated_audios/generated_H2_512C_int8/237-134493-0018_generated.wav | RTF: 0.2463(1.180s / 4.790s) | Generator RTF: 0.2456(1.176s / 4.790s)
generated_audios/generated_H2_512C_int8/237-134500-0000_generated.wav | RTF: 0.2431(1.490s / 6.130s) | Generator RTF: 0.2426(1.487s / 6.130s)
generated_audios/generated_H2_512C_int8/237-134500-0001_generated.wav | RTF: 0.2356(0.426s / 1.810s) | Generator RTF: 0.2338(0.423s / 1.810s)
generated_audios/generated_H2_512C_int8/237-134500-0002_generated.wav | RTF: 0.2436(1.235s / 5.070s) | Generator RTF: 0.2429(1.231s / 5.070s)
generated_audios/generated_H2_512C_int8/237-134500-0003_generated.wav | RTF: 0.1426(0.452s / 3.170s) | Generator RTF: 0.1415(0.449s / 3.170s)
generated_audios/generated_H2_512C_int8/237-134500-0004_generated.wav | RTF: 0.1392(0.310s / 2.225s) | Generator RTF: 0.1378(0.307s / 2.225s)
generated_audios/generated_H2_512C_int8/237-134500-0005_generated.wav | RTF: 0.2344(0.560s / 2.390s) | Generator RTF: 0.2330(0.557s / 2.390s)
generated_audios/generated_H2_512C_int8/237-134500-0006_generated.wav | RTF: 0.2363(0.998s / 4.225s) | Generator RTF: 0.2355(0.995s / 4.225s)
generated_audios/generated_H2_512C_int8/237-134500-0007_generated.wav | RTF: 0.1272(0.304s / 2.390s) | Generator RTF: 0.1259(0.301s / 2.390s)
generated_audios/generated_H2_512C_int8/237-134500-0008_generated.wav | RTF: 0.1386(0.521s / 3.760s) | Generator RTF: 0.1377(0.518s / 3.760s)
generated_audios/generated_H2_512C_int8/237-134500-0009_generated.wav | RTF: 0.1266(0.281s / 2.220s) | Generator RTF: 0.1251(0.278s / 2.220s)
generated_audios/generated_H2_512C_int8/237-134500-0010_generated.wav | RTF: 0.2467(0.986s / 3.995s) | Generator RTF: 0.2458(0.982s / 3.995s)
generated_audios/generated_H2_512C_int8/237-134500-0011_generated.wav | RTF: 0.2394(0.802s / 3.350s) | Generator RTF: 0.2383(0.798s / 3.350s)
generated_audios/generated_H2_512C_int8/237-134500-0012_generated.wav | RTF: 0.2463(2.693s / 10.935s) | Generator RTF: 0.2459(2.688s / 10.935s)
generated_audios/generated_H2_512C_int8/237-134500-0013_generated.wav | RTF: 0.1485(1.568s / 10.560s) | Generator RTF: 0.1481(1.563s / 10.560s)
generated_audios/generated_H2_512C_int8/237-134500-0014_generated.wav | RTF: 0.1360(0.578s / 4.250s) | Generator RTF: 0.1352(0.575s / 4.250s)
generated_audios/generated_H2_512C_int8/237-134500-0015_generated.wav | RTF: 0.2433(2.631s / 10.815s) | Generator RTF: 0.2429(2.627s / 10.815s)
generated_audios/generated_H2_512C_int8/237-134500-0016_generated.wav | RTF: 0.1362(0.430s / 3.160s) | Generator RTF: 0.1350(0.427s / 3.160s)
generated_audios/generated_H2_512C_int8/237-134500-0017_generated.wav | RTF: 0.1297(0.283s / 2.180s) | Generator RTF: 0.1282(0.279s / 2.180s)
generated_audios/generated_H2_512C_int8/237-134500-0018_generated.wav | RTF: 0.2820(3.622s / 12.845s) | Generator RTF: 0.2816(3.617s / 12.845s)
generated_audios/generated_H2_512C_int8/237-134500-0019_generated.wav | RTF: 0.2168(0.620s / 2.860s) | Generator RTF: 0.2157(0.617s / 2.860s)
generated_audios/generated_H2_512C_int8/237-134500-0020_generated.wav | RTF: 0.1219(0.266s / 2.180s) | Generator RTF: 0.1205(0.263s / 2.180s)
generated_audios/generated_H2_512C_int8/237-134500-0021_generated.wav | RTF: 0.2357(1.207s / 5.120s) | Generator RTF: 0.2350(1.203s / 5.120s)
generated_audios/generated_H2_512C_int8/237-134500-0022_generated.wav | RTF: 0.2394(1.236s / 5.165s) | Generator RTF: 0.2387(1.233s / 5.165s)
generated_audios/generated_H2_512C_int8/237-134500-0023_generated.wav | RTF: 0.2360(0.722s / 3.060s) | Generator RTF: 0.2349(0.719s / 3.060s)
generated_audios/generated_H2_512C_int8/237-134500-0024_generated.wav | RTF: 0.1486(0.655s / 4.410s) | Generator RTF: 0.1478(0.652s / 4.410s)
generated_audios/generated_H2_512C_int8/237-134500-0025_generated.wav | RTF: 0.2494(0.407s / 1.630s) | Generator RTF: 0.2474(0.403s / 1.630s)
generated_audios/generated_H2_512C_int8/237-134500-0026_generated.wav | RTF: 0.2404(0.733s / 3.050s) | Generator RTF: 0.2393(0.730s / 3.050s)
generated_audios/generated_H2_512C_int8/237-134500-0027_generated.wav | RTF: 0.2419(0.791s / 3.270s) | Generator RTF: 0.2409(0.788s / 3.270s)
generated_audios/generated_H2_512C_int8/237-134500-0028_generated.wav | RTF: 0.2488(1.126s / 4.525s) | Generator RTF: 0.2480(1.122s / 4.525s)
generated_audios/generated_H2_512C_int8/237-134500-0029_generated.wav | RTF: 0.2262(0.467s / 2.065s) | Generator RTF: 0.2246(0.464s / 2.065s)
generated_audios/generated_H2_512C_int8/237-134500-0030_generated.wav | RTF: 0.2305(0.641s / 2.780s) | Generator RTF: 0.2293(0.637s / 2.780s)
generated_audios/generated_H2_512C_int8/237-134500-0031_generated.wav | RTF: 0.2458(2.608s / 10.610s) | Generator RTF: 0.2454(2.604s / 10.610s)
generated_audios/generated_H2_512C_int8/237-134500-0032_generated.wav | RTF: 0.1528(0.768s / 5.025s) | Generator RTF: 0.1521(0.764s / 5.025s)
generated_audios/generated_H2_512C_int8/237-134500-0033_generated.wav | RTF: 0.2430(1.543s / 6.350s) | Generator RTF: 0.2424(1.539s / 6.350s)
generated_audios/generated_H2_512C_int8/237-134500-0034_generated.wav | RTF: 0.2349(0.722s / 3.075s) | Generator RTF: 0.2338(0.719s / 3.075s)
generated_audios/generated_H2_512C_int8/237-134500-0035_generated.wav | RTF: 0.2387(0.610s / 2.555s) | Generator RTF: 0.2374(0.607s / 2.555s)
generated_audios/generated_H2_512C_int8/237-134500-0036_generated.wav | RTF: 0.2474(1.633s / 6.600s) | Generator RTF: 0.2468(1.629s / 6.600s)
generated_audios/generated_H2_512C_int8/237-134500-0037_generated.wav | RTF: 0.2442(1.735s / 7.105s) | Generator RTF: 0.2437(1.731s / 7.105s)
generated_audios/generated_H2_512C_int8/237-134500-0038_generated.wav | RTF: 0.2354(0.573s / 2.435s) | Generator RTF: 0.2341(0.570s / 2.435s)
generated_audios/generated_H2_512C_int8/237-134500-0039_generated.wav | RTF: 0.2464(1.141s / 4.630s) | Generator RTF: 0.2456(1.137s / 4.630s)
generated_audios/generated_H2_512C_int8/237-134500-0040_generated.wav | RTF: 0.1448(0.583s / 4.030s) | Generator RTF: 0.1440(0.580s / 4.030s)
generated_audios/generated_H2_512C_int8/237-134500-0041_generated.wav | RTF: 0.1885(1.682s / 8.920s) | Generator RTF: 0.1881(1.677s / 8.920s)
generated_audios/generated_H2_512C_int8/237-134500-0042_generated.wav | RTF: 0.2412(0.621s / 2.575s) | Generator RTF: 0.2399(0.618s / 2.575s)
generated_audios/generated_H2_512C_int8/260-123286-0000_generated.wav | RTF: 0.2362(1.663s / 7.040s) | Generator RTF: 0.2356(1.659s / 7.040s)
generated_audios/generated_H2_512C_int8/260-123286-0001_generated.wav | RTF: 0.1297(0.398s / 3.070s) | Generator RTF: 0.1286(0.395s / 3.070s)
generated_audios/generated_H2_512C_int8/260-123286-0002_generated.wav | RTF: 0.2460(2.457s / 9.985s) | Generator RTF: 0.2456(2.452s / 9.985s)
generated_audios/generated_H2_512C_int8/260-123286-0003_generated.wav | RTF: 0.2433(1.793s / 7.370s) | Generator RTF: 0.2428(1.790s / 7.370s)
generated_audios/generated_H2_512C_int8/260-123286-0004_generated.wav | RTF: 0.2419(0.838s / 3.465s) | Generator RTF: 0.2409(0.835s / 3.465s)
generated_audios/generated_H2_512C_int8/260-123286-0005_generated.wav | RTF: 0.2371(1.140s / 4.810s) | Generator RTF: 0.2364(1.137s / 4.810s)
generated_audios/generated_H2_512C_int8/260-123286-0006_generated.wav | RTF: 0.2484(1.839s / 7.405s) | Generator RTF: 0.2479(1.836s / 7.405s)
generated_audios/generated_H2_512C_int8/260-123286-0007_generated.wav | RTF: 0.2439(1.110s / 4.550s) | Generator RTF: 0.2431(1.106s / 4.550s)
generated_audios/generated_H2_512C_int8/260-123286-0008_generated.wav | RTF: 0.2358(0.881s / 3.735s) | Generator RTF: 0.2350(0.878s / 3.735s)
generated_audios/generated_H2_512C_int8/260-123286-0009_generated.wav | RTF: 0.2426(1.406s / 5.795s) | Generator RTF: 0.2419(1.402s / 5.795s)
generated_audios/generated_H2_512C_int8/260-123286-0010_generated.wav | RTF: 0.1276(0.328s / 2.575s) | Generator RTF: 0.1263(0.325s / 2.575s)
generated_audios/generated_H2_512C_int8/260-123286-0011_generated.wav | RTF: 0.1448(0.616s / 4.255s) | Generator RTF: 0.1440(0.613s / 4.255s)
generated_audios/generated_H2_512C_int8/260-123286-0012_generated.wav | RTF: 0.1251(0.304s / 2.430s) | Generator RTF: 0.1237(0.301s / 2.430s)
generated_audios/generated_H2_512C_int8/260-123286-0013_generated.wav | RTF: 0.2397(1.134s / 4.730s) | Generator RTF: 0.2389(1.130s / 4.730s)
generated_audios/generated_H2_512C_int8/260-123286-0014_generated.wav | RTF: 0.1773(0.528s / 2.980s) | Generator RTF: 0.1763(0.525s / 2.980s)
generated_audios/generated_H2_512C_int8/260-123286-0015_generated.wav | RTF: 0.2589(1.349s / 5.210s) | Generator RTF: 0.2582(1.345s / 5.210s)
generated_audios/generated_H2_512C_int8/260-123286-0016_generated.wav | RTF: 0.2457(1.720s / 7.000s) | Generator RTF: 0.2452(1.716s / 7.000s)
generated_audios/generated_H2_512C_int8/260-123286-0017_generated.wav | RTF: 0.2387(0.949s / 3.975s) | Generator RTF: 0.2377(0.945s / 3.975s)
generated_audios/generated_H2_512C_int8/260-123286-0018_generated.wav | RTF: 0.2483(1.408s / 5.670s) | Generator RTF: 0.2477(1.404s / 5.670s)
generated_audios/generated_H2_512C_int8/260-123286-0019_generated.wav | RTF: 0.2822(3.359s / 11.905s) | Generator RTF: 0.2818(3.355s / 11.905s)
generated_audios/generated_H2_512C_int8/260-123286-0020_generated.wav | RTF: 0.1338(0.409s / 3.060s) | Generator RTF: 0.1326(0.406s / 3.060s)
generated_audios/generated_H2_512C_int8/260-123286-0021_generated.wav | RTF: 0.2201(0.561s / 2.550s) | Generator RTF: 0.2188(0.558s / 2.550s)
generated_audios/generated_H2_512C_int8/260-123286-0022_generated.wav | RTF: 0.2314(0.749s / 3.235s) | Generator RTF: 0.2302(0.745s / 3.235s)
generated_audios/generated_H2_512C_int8/260-123286-0023_generated.wav | RTF: 0.2462(1.447s / 5.875s) | Generator RTF: 0.2456(1.443s / 5.875s)
generated_audios/generated_H2_512C_int8/260-123286-0024_generated.wav | RTF: 0.2278(0.693s / 3.040s) | Generator RTF: 0.2267(0.689s / 3.040s)
generated_audios/generated_H2_512C_int8/260-123286-0025_generated.wav | RTF: 0.2442(2.247s / 9.205s) | Generator RTF: 0.2437(2.243s / 9.205s)
generated_audios/generated_H2_512C_int8/260-123286-0026_generated.wav | RTF: 0.2433(1.688s / 6.940s) | Generator RTF: 0.2427(1.684s / 6.940s)
generated_audios/generated_H2_512C_int8/260-123286-0027_generated.wav | RTF: 0.2412(1.730s / 7.170s) | Generator RTF: 0.2407(1.726s / 7.170s)
generated_audios/generated_H2_512C_int8/260-123286-0028_generated.wav | RTF: 0.2406(1.796s / 7.465s) | Generator RTF: 0.2401(1.792s / 7.465s)
generated_audios/generated_H2_512C_int8/260-123286-0029_generated.wav | RTF: 0.1400(0.636s / 4.545s) | Generator RTF: 0.1391(0.632s / 4.545s)
generated_audios/generated_H2_512C_int8/260-123286-0030_generated.wav | RTF: 0.1492(1.124s / 7.530s) | Generator RTF: 0.1487(1.120s / 7.530s)
generated_audios/generated_H2_512C_int8/260-123286-0031_generated.wav | RTF: 0.2311(1.170s / 5.060s) | Generator RTF: 0.2304(1.166s / 5.060s)
generated_audios/generated_H2_512C_int8/260-123288-0000_generated.wav | RTF: 0.1332(0.405s / 3.040s) | Generator RTF: 0.1321(0.402s / 3.040s)
generated_audios/generated_H2_512C_int8/260-123288-0001_generated.wav | RTF: 0.1448(0.735s / 5.080s) | Generator RTF: 0.1440(0.732s / 5.080s)
generated_audios/generated_H2_512C_int8/260-123288-0002_generated.wav | RTF: 0.2494(1.808s / 7.250s) | Generator RTF: 0.2488(1.804s / 7.250s)
generated_audios/generated_H2_512C_int8/260-123288-0003_generated.wav | RTF: 0.2460(2.191s / 8.905s) | Generator RTF: 0.2455(2.186s / 8.905s)
generated_audios/generated_H2_512C_int8/260-123288-0004_generated.wav | RTF: 0.2475(1.067s / 4.310s) | Generator RTF: 0.2468(1.064s / 4.310s)
generated_audios/generated_H2_512C_int8/260-123288-0005_generated.wav | RTF: 0.2821(3.541s / 12.550s) | Generator RTF: 0.2818(3.536s / 12.550s)
generated_audios/generated_H2_512C_int8/260-123288-0006_generated.wav | RTF: 0.2415(1.178s / 4.880s) | Generator RTF: 0.2407(1.175s / 4.880s)
generated_audios/generated_H2_512C_int8/260-123288-0007_generated.wav | RTF: 0.2483(2.781s / 11.200s) | Generator RTF: 0.2479(2.777s / 11.200s)
generated_audios/generated_H2_512C_int8/260-123288-0008_generated.wav | RTF: 0.2499(1.378s / 5.515s) | Generator RTF: 0.2493(1.375s / 5.515s)
generated_audios/generated_H2_512C_int8/260-123288-0009_generated.wav | RTF: 0.2439(0.838s / 3.435s) | Generator RTF: 0.2428(0.834s / 3.435s)
generated_audios/generated_H2_512C_int8/260-123288-0010_generated.wav | RTF: 0.1520(1.520s / 9.995s) | Generator RTF: 0.1516(1.516s / 9.995s)
generated_audios/generated_H2_512C_int8/260-123288-0011_generated.wav | RTF: 0.2486(2.233s / 8.980s) | Generator RTF: 0.2481(2.228s / 8.980s)
generated_audios/generated_H2_512C_int8/260-123288-0012_generated.wav | RTF: 0.2554(0.905s / 3.545s) | Generator RTF: 0.2544(0.902s / 3.545s)
generated_audios/generated_H2_512C_int8/260-123288-0013_generated.wav | RTF: 0.2476(2.819s / 11.385s) | Generator RTF: 0.2472(2.814s / 11.385s)
generated_audios/generated_H2_512C_int8/260-123288-0014_generated.wav | RTF: 0.1307(0.236s / 1.805s) | Generator RTF: 0.1292(0.233s / 1.805s)
generated_audios/generated_H2_512C_int8/260-123288-0015_generated.wav | RTF: 0.2995(6.345s / 21.185s) | Generator RTF: 0.2992(6.340s / 21.185s)
generated_audios/generated_H2_512C_int8/260-123288-0016_generated.wav | RTF: 0.2475(1.204s / 4.865s) | Generator RTF: 0.2468(1.201s / 4.865s)
generated_audios/generated_H2_512C_int8/260-123288-0017_generated.wav | RTF: 0.2345(1.225s / 5.225s) | Generator RTF: 0.2338(1.222s / 5.225s)
generated_audios/generated_H2_512C_int8/260-123288-0018_generated.wav | RTF: 0.2287(0.742s / 3.245s) | Generator RTF: 0.2277(0.739s / 3.245s)
generated_audios/generated_H2_512C_int8/260-123288-0019_generated.wav | RTF: 0.1363(0.403s / 2.955s) | Generator RTF: 0.1352(0.399s / 2.955s)
generated_audios/generated_H2_512C_int8/260-123288-0020_generated.wav | RTF: 0.2232(0.647s / 2.900s) | Generator RTF: 0.2221(0.644s / 2.900s)
generated_audios/generated_H2_512C_int8/260-123288-0021_generated.wav | RTF: 0.1310(0.355s / 2.710s) | Generator RTF: 0.1298(0.352s / 2.710s)
generated_audios/generated_H2_512C_int8/260-123288-0022_generated.wav | RTF: 0.2436(0.903s / 3.705s) | Generator RTF: 0.2427(0.899s / 3.705s)
generated_audios/generated_H2_512C_int8/260-123288-0023_generated.wav | RTF: 0.1360(0.324s / 2.385s) | Generator RTF: 0.1346(0.321s / 2.385s)
generated_audios/generated_H2_512C_int8/260-123288-0024_generated.wav | RTF: 0.2814(4.107s / 14.595s) | Generator RTF: 0.2811(4.103s / 14.595s)
generated_audios/generated_H2_512C_int8/260-123288-0025_generated.wav | RTF: 0.2822(3.794s / 13.445s) | Generator RTF: 0.2818(3.789s / 13.445s)
generated_audios/generated_H2_512C_int8/260-123288-0026_generated.wav | RTF: 0.2849(4.570s / 16.040s) | Generator RTF: 0.2846(4.565s / 16.040s)
generated_audios/generated_H2_512C_int8/260-123288-0027_generated.wav | RTF: 0.2433(1.534s / 6.305s) | Generator RTF: 0.2427(1.530s / 6.305s)
generated_audios/generated_H2_512C_int8/260-123288-0028_generated.wav | RTF: 0.2450(0.639s / 2.610s) | Generator RTF: 0.2437(0.636s / 2.610s)
generated_audios/generated_H2_512C_int8/260-123440-0000_generated.wav | RTF: 0.2213(0.479s / 2.165s) | Generator RTF: 0.2198(0.476s / 2.165s)
generated_audios/generated_H2_512C_int8/260-123440-0001_generated.wav | RTF: 0.2435(0.424s / 1.740s) | Generator RTF: 0.2417(0.420s / 1.740s)
generated_audios/generated_H2_512C_int8/260-123440-0002_generated.wav | RTF: 0.2893(4.258s / 14.715s) | Generator RTF: 0.2891(4.253s / 14.715s)
generated_audios/generated_H2_512C_int8/260-123440-0003_generated.wav | RTF: 0.2387(0.856s / 3.585s) | Generator RTF: 0.2377(0.852s / 3.585s)
generated_audios/generated_H2_512C_int8/260-123440-0004_generated.wav | RTF: 0.2835(3.408s / 12.020s) | Generator RTF: 0.2831(3.403s / 12.020s)
generated_audios/generated_H2_512C_int8/260-123440-0005_generated.wav | RTF: 0.1337(0.415s / 3.105s) | Generator RTF: 0.1326(0.412s / 3.105s)
generated_audios/generated_H2_512C_int8/260-123440-0006_generated.wav | RTF: 0.1248(0.339s / 2.715s) | Generator RTF: 0.1236(0.336s / 2.715s)
generated_audios/generated_H2_512C_int8/260-123440-0007_generated.wav | RTF: 0.2291(0.776s / 3.385s) | Generator RTF: 0.2281(0.772s / 3.385s)
generated_audios/generated_H2_512C_int8/260-123440-0008_generated.wav | RTF: 0.2480(0.929s / 3.745s) | Generator RTF: 0.2471(0.925s / 3.745s)
generated_audios/generated_H2_512C_int8/260-123440-0009_generated.wav | RTF: 0.2375(0.740s / 3.115s) | Generator RTF: 0.2365(0.737s / 3.115s)
generated_audios/generated_H2_512C_int8/260-123440-0010_generated.wav | RTF: 0.2536(2.109s / 8.315s) | Generator RTF: 0.2531(2.104s / 8.315s)
generated_audios/generated_H2_512C_int8/260-123440-0011_generated.wav | RTF: 0.1447(0.705s / 4.870s) | Generator RTF: 0.1439(0.701s / 4.870s)
generated_audios/generated_H2_512C_int8/260-123440-0012_generated.wav | RTF: 0.2468(1.295s / 5.245s) | Generator RTF: 0.2461(1.291s / 5.245s)
generated_audios/generated_H2_512C_int8/260-123440-0013_generated.wav | RTF: 0.2490(0.865s / 3.475s) | Generator RTF: 0.2480(0.862s / 3.475s)
generated_audios/generated_H2_512C_int8/260-123440-0014_generated.wav | RTF: 0.2515(0.960s / 3.815s) | Generator RTF: 0.2506(0.956s / 3.815s)
generated_audios/generated_H2_512C_int8/260-123440-0015_generated.wav | RTF: 0.1463(0.907s / 6.200s) | Generator RTF: 0.1456(0.903s / 6.200s)
generated_audios/generated_H2_512C_int8/260-123440-0016_generated.wav | RTF: 0.2526(1.237s / 4.895s) | Generator RTF: 0.2519(1.233s / 4.895s)
generated_audios/generated_H2_512C_int8/260-123440-0017_generated.wav | RTF: 0.1404(0.431s / 3.070s) | Generator RTF: 0.1393(0.428s / 3.070s)
generated_audios/generated_H2_512C_int8/260-123440-0018_generated.wav | RTF: 0.2464(0.897s / 3.640s) | Generator RTF: 0.2454(0.893s / 3.640s)
generated_audios/generated_H2_512C_int8/260-123440-0019_generated.wav | RTF: 0.2472(1.639s / 6.630s) | Generator RTF: 0.2466(1.635s / 6.630s)
generated_audios/generated_H2_512C_int8/260-123440-0020_generated.wav | RTF: 0.2433(1.215s / 4.995s) | Generator RTF: 0.2426(1.212s / 4.995s)
generated_audios/generated_H2_512C_int8/61-70968-0000_generated.wav | RTF: 0.2491(1.222s / 4.905s) | Generator RTF: 0.2483(1.218s / 4.905s)
generated_audios/generated_H2_512C_int8/61-70968-0001_generated.wav | RTF: 0.2416(0.872s / 3.610s) | Generator RTF: 0.2406(0.869s / 3.610s)
generated_audios/generated_H2_512C_int8/61-70968-0002_generated.wav | RTF: 0.2350(0.698s / 2.970s) | Generator RTF: 0.2339(0.695s / 2.970s)
generated_audios/generated_H2_512C_int8/61-70968-0003_generated.wav | RTF: 0.1460(0.630s / 4.315s) | Generator RTF: 0.1452(0.626s / 4.315s)
generated_audios/generated_H2_512C_int8/61-70968-0004_generated.wav | RTF: 0.2525(0.981s / 3.885s) | Generator RTF: 0.2517(0.978s / 3.885s)
generated_audios/generated_H2_512C_int8/61-70968-0005_generated.wav | RTF: 0.1465(0.743s / 5.070s) | Generator RTF: 0.1457(0.739s / 5.070s)
generated_audios/generated_H2_512C_int8/61-70968-0006_generated.wav | RTF: 0.2288(0.672s / 2.935s) | Generator RTF: 0.2277(0.668s / 2.935s)
generated_audios/generated_H2_512C_int8/61-70968-0007_generated.wav | RTF: 0.1446(0.513s / 3.550s) | Generator RTF: 0.1436(0.510s / 3.550s)
generated_audios/generated_H2_512C_int8/61-70968-0008_generated.wav | RTF: 0.1501(0.530s / 3.535s) | Generator RTF: 0.1491(0.527s / 3.535s)
generated_audios/generated_H2_512C_int8/61-70968-0009_generated.wav | RTF: 0.2489(1.122s / 4.510s) | Generator RTF: 0.2481(1.119s / 4.510s)
generated_audios/generated_H2_512C_int8/61-70968-0010_generated.wav | RTF: 0.2454(2.036s / 8.295s) | Generator RTF: 0.2449(2.031s / 8.295s)
generated_audios/generated_H2_512C_int8/61-70968-0011_generated.wav | RTF: 0.2466(1.572s / 6.375s) | Generator RTF: 0.2460(1.568s / 6.375s)
generated_audios/generated_H2_512C_int8/61-70968-0012_generated.wav | RTF: 0.1382(0.361s / 2.610s) | Generator RTF: 0.1368(0.357s / 2.610s)
generated_audios/generated_H2_512C_int8/61-70968-0013_generated.wav | RTF: 0.1437(0.639s / 4.450s) | Generator RTF: 0.1429(0.636s / 4.450s)
generated_audios/generated_H2_512C_int8/61-70968-0014_generated.wav | RTF: 0.2492(1.865s / 7.485s) | Generator RTF: 0.2487(1.861s / 7.485s)
generated_audios/generated_H2_512C_int8/61-70968-0015_generated.wav | RTF: 0.2392(1.286s / 5.375s) | Generator RTF: 0.2386(1.282s / 5.375s)
generated_audios/generated_H2_512C_int8/61-70968-0016_generated.wav | RTF: 0.2644(0.984s / 3.720s) | Generator RTF: 0.2635(0.980s / 3.720s)
generated_audios/generated_H2_512C_int8/61-70968-0017_generated.wav | RTF: 0.2480(1.267s / 5.110s) | Generator RTF: 0.2473(1.263s / 5.110s)
generated_audios/generated_H2_512C_int8/61-70968-0018_generated.wav | RTF: 0.2265(0.545s / 2.405s) | Generator RTF: 0.2252(0.542s / 2.405s)
generated_audios/generated_H2_512C_int8/61-70968-0019_generated.wav | RTF: 0.2440(1.336s / 5.475s) | Generator RTF: 0.2434(1.333s / 5.475s)
generated_audios/generated_H2_512C_int8/61-70968-0020_generated.wav | RTF: 0.2447(1.249s / 5.105s) | Generator RTF: 0.2439(1.245s / 5.105s)
generated_audios/generated_H2_512C_int8/61-70968-0021_generated.wav | RTF: 0.2273(0.611s / 2.690s) | Generator RTF: 0.2260(0.608s / 2.690s)
generated_audios/generated_H2_512C_int8/61-70968-0022_generated.wav | RTF: 0.1450(0.677s / 4.670s) | Generator RTF: 0.1442(0.673s / 4.670s)
generated_audios/generated_H2_512C_int8/61-70968-0023_generated.wav | RTF: 0.1500(0.754s / 5.025s) | Generator RTF: 0.1493(0.750s / 5.025s)
generated_audios/generated_H2_512C_int8/61-70968-0024_generated.wav | RTF: 0.2502(1.508s / 6.025s) | Generator RTF: 0.2496(1.504s / 6.025s)
generated_audios/generated_H2_512C_int8/61-70968-0025_generated.wav | RTF: 0.1384(0.610s / 4.410s) | Generator RTF: 0.1376(0.607s / 4.410s)
generated_audios/generated_H2_512C_int8/61-70968-0026_generated.wav | RTF: 0.2452(1.206s / 4.920s) | Generator RTF: 0.2445(1.203s / 4.920s)
generated_audios/generated_H2_512C_int8/61-70968-0027_generated.wav | RTF: 0.2465(1.693s / 6.870s) | Generator RTF: 0.2459(1.689s / 6.870s)
generated_audios/generated_H2_512C_int8/61-70968-0028_generated.wav | RTF: 0.2433(1.303s / 5.355s) | Generator RTF: 0.2426(1.299s / 5.355s)
generated_audios/generated_H2_512C_int8/61-70968-0029_generated.wav | RTF: 0.2516(0.879s / 3.495s) | Generator RTF: 0.2506(0.876s / 3.495s)
generated_audios/generated_H2_512C_int8/61-70968-0030_generated.wav | RTF: 0.2477(1.408s / 5.685s) | Generator RTF: 0.2470(1.404s / 5.685s)
generated_audios/generated_H2_512C_int8/61-70968-0031_generated.wav | RTF: 0.2408(0.704s / 2.925s) | Generator RTF: 0.2397(0.701s / 2.925s)
generated_audios/generated_H2_512C_int8/61-70968-0032_generated.wav | RTF: 0.1484(0.635s / 4.280s) | Generator RTF: 0.1475(0.631s / 4.280s)
generated_audios/generated_H2_512C_int8/61-70968-0033_generated.wav | RTF: 0.1452(0.825s / 5.685s) | Generator RTF: 0.1445(0.822s / 5.685s)
generated_audios/generated_H2_512C_int8/61-70968-0034_generated.wav | RTF: 0.2518(1.065s / 4.230s) | Generator RTF: 0.2509(1.061s / 4.230s)
generated_audios/generated_H2_512C_int8/61-70968-0035_generated.wav | RTF: 0.2500(1.988s / 7.950s) | Generator RTF: 0.2496(1.984s / 7.950s)
generated_audios/generated_H2_512C_int8/61-70968-0036_generated.wav | RTF: 0.1344(0.394s / 2.935s) | Generator RTF: 0.1332(0.391s / 2.935s)
generated_audios/generated_H2_512C_int8/61-70968-0037_generated.wav | RTF: 0.1379(0.595s / 4.315s) | Generator RTF: 0.1370(0.591s / 4.315s)
generated_audios/generated_H2_512C_int8/61-70968-0038_generated.wav | RTF: 0.2505(0.514s / 2.050s) | Generator RTF: 0.2490(0.511s / 2.050s)
generated_audios/generated_H2_512C_int8/61-70968-0039_generated.wav | RTF: 0.2404(0.915s / 3.805s) | Generator RTF: 0.2396(0.912s / 3.805s)
generated_audios/generated_H2_512C_int8/61-70968-0040_generated.wav | RTF: 0.2469(0.975s / 3.950s) | Generator RTF: 0.2460(0.972s / 3.950s)
generated_audios/generated_H2_512C_int8/61-70968-0041_generated.wav | RTF: 0.1483(1.012s / 6.825s) | Generator RTF: 0.1478(1.008s / 6.825s)
generated_audios/generated_H2_512C_int8/61-70968-0042_generated.wav | RTF: 0.1329(0.370s / 2.785s) | Generator RTF: 0.1317(0.367s / 2.785s)
generated_audios/generated_H2_512C_int8/61-70968-0043_generated.wav | RTF: 0.2493(1.679s / 6.735s) | Generator RTF: 0.2489(1.676s / 6.735s)
generated_audios/generated_H2_512C_int8/61-70968-0044_generated.wav | RTF: 0.1273(0.353s / 2.770s) | Generator RTF: 0.1262(0.349s / 2.770s)
generated_audios/generated_H2_512C_int8/61-70968-0045_generated.wav | RTF: 0.1434(0.498s / 3.475s) | Generator RTF: 0.1424(0.495s / 3.475s)
generated_audios/generated_H2_512C_int8/61-70968-0046_generated.wav | RTF: 0.1427(0.507s / 3.550s) | Generator RTF: 0.1418(0.503s / 3.550s)
generated_audios/generated_H2_512C_int8/61-70968-0047_generated.wav | RTF: 0.2362(1.128s / 4.775s) | Generator RTF: 0.2354(1.124s / 4.775s)
generated_audios/generated_H2_512C_int8/61-70968-0048_generated.wav | RTF: 0.2454(0.741s / 3.020s) | Generator RTF: 0.2443(0.738s / 3.020s)
generated_audios/generated_H2_512C_int8/61-70968-0049_generated.wav | RTF: 0.2548(2.102s / 8.250s) | Generator RTF: 0.2543(2.098s / 8.250s)
generated_audios/generated_H2_512C_int8/61-70968-0050_generated.wav | RTF: 0.2557(1.427s / 5.580s) | Generator RTF: 0.2551(1.423s / 5.580s)
generated_audios/generated_H2_512C_int8/61-70968-0051_generated.wav | RTF: 0.2317(0.726s / 3.135s) | Generator RTF: 0.2307(0.723s / 3.135s)
generated_audios/generated_H2_512C_int8/61-70968-0052_generated.wav | RTF: 0.2238(0.593s / 2.650s) | Generator RTF: 0.2225(0.590s / 2.650s)
generated_audios/generated_H2_512C_int8/61-70968-0053_generated.wav | RTF: 0.1429(0.603s / 4.220s) | Generator RTF: 0.1421(0.599s / 4.220s)
generated_audios/generated_H2_512C_int8/61-70968-0054_generated.wav | RTF: 0.2455(1.929s / 7.860s) | Generator RTF: 0.2450(1.925s / 7.860s)
generated_audios/generated_H2_512C_int8/61-70968-0055_generated.wav | RTF: 0.1448(0.574s / 3.965s) | Generator RTF: 0.1439(0.571s / 3.965s)
generated_audios/generated_H2_512C_int8/61-70968-0056_generated.wav | RTF: 0.2462(0.878s / 3.565s) | Generator RTF: 0.2452(0.874s / 3.565s)
generated_audios/generated_H2_512C_int8/61-70968-0057_generated.wav | RTF: 0.1448(0.734s / 5.065s) | Generator RTF: 0.1441(0.730s / 5.065s)
generated_audios/generated_H2_512C_int8/61-70968-0058_generated.wav | RTF: 0.2163(0.394s / 1.820s) | Generator RTF: 0.2145(0.390s / 1.820s)
generated_audios/generated_H2_512C_int8/61-70968-0059_generated.wav | RTF: 0.1271(0.276s / 2.170s) | Generator RTF: 0.1256(0.272s / 2.170s)
generated_audios/generated_H2_512C_int8/61-70968-0060_generated.wav | RTF: 0.1446(0.540s / 3.735s) | Generator RTF: 0.1436(0.537s / 3.735s)
generated_audios/generated_H2_512C_int8/61-70968-0061_generated.wav | RTF: 0.2492(1.378s / 5.530s) | Generator RTF: 0.2485(1.374s / 5.530s)
generated_audios/generated_H2_512C_int8/61-70968-0062_generated.wav | RTF: 0.1275(0.326s / 2.555s) | Generator RTF: 0.1261(0.322s / 2.555s)
generated_audios/generated_H2_512C_int8/61-70970-0000_generated.wav | RTF: 0.2440(1.482s / 6.075s) | Generator RTF: 0.2435(1.479s / 6.075s)
generated_audios/generated_H2_512C_int8/61-70970-0001_generated.wav | RTF: 0.2453(1.510s / 6.155s) | Generator RTF: 0.2447(1.506s / 6.155s)
generated_audios/generated_H2_512C_int8/61-70970-0002_generated.wav | RTF: 0.2345(0.977s / 4.165s) | Generator RTF: 0.2338(0.974s / 4.165s)
generated_audios/generated_H2_512C_int8/61-70970-0003_generated.wav | RTF: 0.2260(0.867s / 3.835s) | Generator RTF: 0.2250(0.863s / 3.835s)
generated_audios/generated_H2_512C_int8/61-70970-0004_generated.wav | RTF: 0.2511(2.640s / 10.515s) | Generator RTF: 0.2507(2.636s / 10.515s)
generated_audios/generated_H2_512C_int8/61-70970-0005_generated.wav | RTF: 0.2398(0.484s / 2.020s) | Generator RTF: 0.2382(0.481s / 2.020s)
generated_audios/generated_H2_512C_int8/61-70970-0006_generated.wav | RTF: 0.2231(0.521s / 2.335s) | Generator RTF: 0.2217(0.518s / 2.335s)
generated_audios/generated_H2_512C_int8/61-70970-0007_generated.wav | RTF: 0.2412(1.082s / 4.485s) | Generator RTF: 0.2405(1.079s / 4.485s)
generated_audios/generated_H2_512C_int8/61-70970-0008_generated.wav | RTF: 0.2378(0.511s / 2.150s) | Generator RTF: 0.2363(0.508s / 2.150s)
generated_audios/generated_H2_512C_int8/61-70970-0009_generated.wav | RTF: 0.2393(0.815s / 3.405s) | Generator RTF: 0.2383(0.811s / 3.405s)
generated_audios/generated_H2_512C_int8/61-70970-0010_generated.wav | RTF: 0.1311(0.399s / 3.045s) | Generator RTF: 0.1300(0.396s / 3.045s)
generated_audios/generated_H2_512C_int8/61-70970-0011_generated.wav | RTF: 0.1449(0.880s / 6.075s) | Generator RTF: 0.1443(0.877s / 6.075s)
generated_audios/generated_H2_512C_int8/61-70970-0012_generated.wav | RTF: 0.1280(0.401s / 3.135s) | Generator RTF: 0.1270(0.398s / 3.135s)
generated_audios/generated_H2_512C_int8/61-70970-0013_generated.wav | RTF: 0.2452(1.066s / 4.350s) | Generator RTF: 0.2443(1.063s / 4.350s)
generated_audios/generated_H2_512C_int8/61-70970-0014_generated.wav | RTF: 0.1244(0.424s / 3.405s) | Generator RTF: 0.1234(0.420s / 3.405s)
generated_audios/generated_H2_512C_int8/61-70970-0015_generated.wav | RTF: 0.2565(2.158s / 8.415s) | Generator RTF: 0.2560(2.155s / 8.415s)
generated_audios/generated_H2_512C_int8/61-70970-0016_generated.wav | RTF: 0.2444(1.068s / 4.370s) | Generator RTF: 0.2435(1.064s / 4.370s)
generated_audios/generated_H2_512C_int8/61-70970-0017_generated.wav | RTF: 0.1280(0.326s / 2.550s) | Generator RTF: 0.1266(0.323s / 2.550s)
generated_audios/generated_H2_512C_int8/61-70970-0018_generated.wav | RTF: 0.2401(1.105s / 4.600s) | Generator RTF: 0.2394(1.101s / 4.600s)
generated_audios/generated_H2_512C_int8/61-70970-0019_generated.wav | RTF: 0.2386(0.902s / 3.780s) | Generator RTF: 0.2377(0.899s / 3.780s)
generated_audios/generated_H2_512C_int8/61-70970-0020_generated.wav | RTF: 0.1392(0.700s / 5.025s) | Generator RTF: 0.1386(0.696s / 5.025s)
generated_audios/generated_H2_512C_int8/61-70970-0021_generated.wav | RTF: 0.2403(1.299s / 5.405s) | Generator RTF: 0.2397(1.295s / 5.405s)
generated_audios/generated_H2_512C_int8/61-70970-0022_generated.wav | RTF: 0.1291(0.513s / 3.970s) | Generator RTF: 0.1283(0.509s / 3.970s)
generated_audios/generated_H2_512C_int8/61-70970-0023_generated.wav | RTF: 0.1295(0.480s / 3.705s) | Generator RTF: 0.1287(0.477s / 3.705s)
generated_audios/generated_H2_512C_int8/61-70970-0024_generated.wav | RTF: 0.2496(1.806s / 7.235s) | Generator RTF: 0.2491(1.802s / 7.235s)
generated_audios/generated_H2_512C_int8/61-70970-0025_generated.wav | RTF: 0.2819(2.096s / 7.435s) | Generator RTF: 0.2814(2.092s / 7.435s)
generated_audios/generated_H2_512C_int8/61-70970-0026_generated.wav | RTF: 0.1334(0.731s / 5.475s) | Generator RTF: 0.1327(0.727s / 5.475s)
generated_audios/generated_H2_512C_int8/61-70970-0027_generated.wav | RTF: 0.1313(0.667s / 5.080s) | Generator RTF: 0.1306(0.663s / 5.080s)
generated_audios/generated_H2_512C_int8/61-70970-0028_generated.wav | RTF: 0.1415(0.927s / 6.550s) | Generator RTF: 0.1410(0.924s / 6.550s)
generated_audios/generated_H2_512C_int8/61-70970-0029_generated.wav | RTF: 0.1313(0.529s / 4.030s) | Generator RTF: 0.1304(0.526s / 4.030s)
generated_audios/generated_H2_512C_int8/61-70970-0030_generated.wav | RTF: 0.1295(0.420s / 3.240s) | Generator RTF: 0.1285(0.416s / 3.240s)
generated_audios/generated_H2_512C_int8/61-70970-0031_generated.wav | RTF: 0.2406(1.235s / 5.135s) | Generator RTF: 0.2399(1.232s / 5.135s)
generated_audios/generated_H2_512C_int8/61-70970-0032_generated.wav | RTF: 0.1289(0.404s / 3.135s) | Generator RTF: 0.1278(0.401s / 3.135s)
generated_audios/generated_H2_512C_int8/61-70970-0033_generated.wav | RTF: 0.2302(0.787s / 3.420s) | Generator RTF: 0.2294(0.784s / 3.420s)
generated_audios/generated_H2_512C_int8/61-70970-0034_generated.wav | RTF: 0.1269(0.569s / 4.485s) | Generator RTF: 0.1262(0.566s / 4.485s)
generated_audios/generated_H2_512C_int8/61-70970-0035_generated.wav | RTF: 0.1415(1.048s / 7.405s) | Generator RTF: 0.1410(1.044s / 7.405s)
generated_audios/generated_H2_512C_int8/61-70970-0036_generated.wav | RTF: 0.1431(0.971s / 6.785s) | Generator RTF: 0.1426(0.967s / 6.785s)
generated_audios/generated_H2_512C_int8/61-70970-0037_generated.wav | RTF: 0.2414(1.443s / 5.980s) | Generator RTF: 0.2408(1.440s / 5.980s)
generated_audios/generated_H2_512C_int8/61-70970-0038_generated.wav | RTF: 0.2552(2.654s / 10.400s) | Generator RTF: 0.2548(2.650s / 10.400s)
generated_audios/generated_H2_512C_int8/61-70970-0039_generated.wav | RTF: 0.1412(0.941s / 6.665s) | Generator RTF: 0.1407(0.938s / 6.665s)
generated_audios/generated_H2_512C_int8/61-70970-0040_generated.wav | RTF: 0.1298(0.541s / 4.165s) | Generator RTF: 0.1289(0.537s / 4.165s)
generated_audios/generated_H2_512C_int8/672-122797-0000_generated.wav | RTF: 0.2438(0.992s / 4.070s) | Generator RTF: 0.2429(0.989s / 4.070s)
generated_audios/generated_H2_512C_int8/672-122797-0001_generated.wav | RTF: 0.2713(4.105s / 15.130s) | Generator RTF: 0.2710(4.100s / 15.130s)
generated_audios/generated_H2_512C_int8/672-122797-0002_generated.wav | RTF: 0.2686(3.659s / 13.620s) | Generator RTF: 0.2683(3.655s / 13.620s)
generated_audios/generated_H2_512C_int8/672-122797-0003_generated.wav | RTF: 0.2430(1.157s / 4.760s) | Generator RTF: 0.2422(1.153s / 4.760s)
generated_audios/generated_H2_512C_int8/672-122797-0004_generated.wav | RTF: 0.2519(2.582s / 10.250s) | Generator RTF: 0.2515(2.578s / 10.250s)
generated_audios/generated_H2_512C_int8/672-122797-0005_generated.wav | RTF: 0.2438(0.795s / 3.260s) | Generator RTF: 0.2428(0.791s / 3.260s)
generated_audios/generated_H2_512C_int8/672-122797-0006_generated.wav | RTF: 0.2968(4.140s / 13.950s) | Generator RTF: 0.2964(4.135s / 13.950s)
generated_audios/generated_H2_512C_int8/672-122797-0007_generated.wav | RTF: 0.2380(1.528s / 6.420s) | Generator RTF: 0.2374(1.524s / 6.420s)
generated_audios/generated_H2_512C_int8/672-122797-0008_generated.wav | RTF: 0.3115(9.598s / 30.810s) | Generator RTF: 0.3113(9.591s / 30.810s)
generated_audios/generated_H2_512C_int8/672-122797-0009_generated.wav | RTF: 0.1288(0.356s / 2.765s) | Generator RTF: 0.1276(0.353s / 2.765s)
generated_audios/generated_H2_512C_int8/672-122797-0010_generated.wav | RTF: 0.1334(0.509s / 3.815s) | Generator RTF: 0.1325(0.506s / 3.815s)
generated_audios/generated_H2_512C_int8/672-122797-0011_generated.wav | RTF: 0.2388(0.607s / 2.540s) | Generator RTF: 0.2374(0.603s / 2.540s)
generated_audios/generated_H2_512C_int8/672-122797-0012_generated.wav | RTF: 0.2511(1.950s / 7.765s) | Generator RTF: 0.2505(1.945s / 7.765s)
generated_audios/generated_H2_512C_int8/672-122797-0013_generated.wav | RTF: 0.2473(2.153s / 8.705s) | Generator RTF: 0.2469(2.150s / 8.705s)
generated_audios/generated_H2_512C_int8/672-122797-0014_generated.wav | RTF: 0.1307(0.334s / 2.555s) | Generator RTF: 0.1295(0.331s / 2.555s)
generated_audios/generated_H2_512C_int8/672-122797-0015_generated.wav | RTF: 0.1308(0.583s / 4.455s) | Generator RTF: 0.1300(0.579s / 4.455s)
generated_audios/generated_H2_512C_int8/672-122797-0016_generated.wav | RTF: 0.2485(2.290s / 9.215s) | Generator RTF: 0.2480(2.286s / 9.215s)
generated_audios/generated_H2_512C_int8/672-122797-0017_generated.wav | RTF: 0.2354(1.135s / 4.820s) | Generator RTF: 0.2347(1.131s / 4.820s)
generated_audios/generated_H2_512C_int8/672-122797-0018_generated.wav | RTF: 0.2450(1.208s / 4.930s) | Generator RTF: 0.2443(1.204s / 4.930s)
generated_audios/generated_H2_512C_int8/672-122797-0019_generated.wav | RTF: 0.2366(0.973s / 4.110s) | Generator RTF: 0.2358(0.969s / 4.110s)
generated_audios/generated_H2_512C_int8/672-122797-0020_generated.wav | RTF: 0.2520(2.224s / 8.825s) | Generator RTF: 0.2516(2.220s / 8.825s)
generated_audios/generated_H2_512C_int8/672-122797-0021_generated.wav | RTF: 0.1318(0.547s / 4.150s) | Generator RTF: 0.1310(0.544s / 4.150s)
generated_audios/generated_H2_512C_int8/672-122797-0022_generated.wav | RTF: 0.2740(5.206s / 19.005s) | Generator RTF: 0.2737(5.201s / 19.005s)
generated_audios/generated_H2_512C_int8/672-122797-0023_generated.wav | RTF: 0.2486(2.410s / 9.695s) | Generator RTF: 0.2482(2.406s / 9.695s)
generated_audios/generated_H2_512C_int8/672-122797-0024_generated.wav | RTF: 0.2420(0.999s / 4.130s) | Generator RTF: 0.2411(0.996s / 4.130s)
generated_audios/generated_H2_512C_int8/672-122797-0025_generated.wav | RTF: 0.2520(2.694s / 10.690s) | Generator RTF: 0.2516(2.690s / 10.690s)
generated_audios/generated_H2_512C_int8/672-122797-0026_generated.wav | RTF: 0.2719(3.795s / 13.960s) | Generator RTF: 0.2716(3.791s / 13.960s)
generated_audios/generated_H2_512C_int8/672-122797-0027_generated.wav | RTF: 0.1311(0.628s / 4.790s) | Generator RTF: 0.1304(0.625s / 4.790s)
generated_audios/generated_H2_512C_int8/672-122797-0028_generated.wav | RTF: 0.1447(0.378s / 2.610s) | Generator RTF: 0.1433(0.374s / 2.610s)
generated_audios/generated_H2_512C_int8/672-122797-0029_generated.wav | RTF: 0.1331(0.406s / 3.050s) | Generator RTF: 0.1324(0.404s / 3.050s)
generated_audios/generated_H2_512C_int8/672-122797-0030_generated.wav | RTF: 0.2402(1.099s / 4.575s) | Generator RTF: 0.2395(1.096s / 4.575s)
generated_audios/generated_H2_512C_int8/672-122797-0031_generated.wav | RTF: 0.1327(0.528s / 3.980s) | Generator RTF: 0.1318(0.525s / 3.980s)
generated_audios/generated_H2_512C_int8/672-122797-0032_generated.wav | RTF: 0.1341(0.536s / 4.000s) | Generator RTF: 0.1333(0.533s / 4.000s)
generated_audios/generated_H2_512C_int8/672-122797-0033_generated.wav | RTF: 0.2614(0.336s / 1.285s) | Generator RTF: 0.2593(0.333s / 1.285s)
generated_audios/generated_H2_512C_int8/672-122797-0034_generated.wav | RTF: 0.1362(0.696s / 5.110s) | Generator RTF: 0.1355(0.692s / 5.110s)
generated_audios/generated_H2_512C_int8/672-122797-0035_generated.wav | RTF: 0.1326(0.384s / 2.900s) | Generator RTF: 0.1315(0.381s / 2.900s)
generated_audios/generated_H2_512C_int8/672-122797-0036_generated.wav | RTF: 0.1348(0.723s / 5.365s) | Generator RTF: 0.1342(0.720s / 5.365s)
generated_audios/generated_H2_512C_int8/672-122797-0037_generated.wav | RTF: 0.2280(0.447s / 1.960s) | Generator RTF: 0.2263(0.444s / 1.960s)
generated_audios/generated_H2_512C_int8/672-122797-0038_generated.wav | RTF: 0.2446(2.152s / 8.800s) | Generator RTF: 0.2441(2.148s / 8.800s)
generated_audios/generated_H2_512C_int8/672-122797-0039_generated.wav | RTF: 0.2445(0.984s / 4.025s) | Generator RTF: 0.2436(0.981s / 4.025s)
generated_audios/generated_H2_512C_int8/672-122797-0040_generated.wav | RTF: 0.1352(0.693s / 5.125s) | Generator RTF: 0.1345(0.690s / 5.125s)
generated_audios/generated_H2_512C_int8/672-122797-0041_generated.wav | RTF: 0.1340(0.520s / 3.880s) | Generator RTF: 0.1331(0.517s / 3.880s)
generated_audios/generated_H2_512C_int8/672-122797-0042_generated.wav | RTF: 0.2547(3.900s / 15.310s) | Generator RTF: 0.2544(3.895s / 15.310s)
generated_audios/generated_H2_512C_int8/672-122797-0043_generated.wav | RTF: 0.1318(0.498s / 3.780s) | Generator RTF: 0.1310(0.495s / 3.780s)
generated_audios/generated_H2_512C_int8/672-122797-0044_generated.wav | RTF: 0.1342(0.502s / 3.740s) | Generator RTF: 0.1333(0.499s / 3.740s)
generated_audios/generated_H2_512C_int8/672-122797-0045_generated.wav | RTF: 0.1408(1.966s / 13.960s) | Generator RTF: 0.1405(1.961s / 13.960s)
generated_audios/generated_H2_512C_int8/672-122797-0046_generated.wav | RTF: 0.2418(1.140s / 4.715s) | Generator RTF: 0.2412(1.137s / 4.715s)
generated_audios/generated_H2_512C_int8/672-122797-0047_generated.wav | RTF: 0.2437(0.810s / 3.325s) | Generator RTF: 0.2427(0.807s / 3.325s)
generated_audios/generated_H2_512C_int8/672-122797-0048_generated.wav | RTF: 0.1381(0.905s / 6.555s) | Generator RTF: 0.1375(0.902s / 6.555s)
generated_audios/generated_H2_512C_int8/672-122797-0049_generated.wav | RTF: 0.1305(0.264s / 2.020s) | Generator RTF: 0.1289(0.260s / 2.020s)
generated_audios/generated_H2_512C_int8/672-122797-0050_generated.wav | RTF: 0.2439(1.184s / 4.855s) | Generator RTF: 0.2431(1.180s / 4.855s)
generated_audios/generated_H2_512C_int8/672-122797-0051_generated.wav | RTF: 0.2444(1.140s / 4.665s) | Generator RTF: 0.2437(1.137s / 4.665s)
generated_audios/generated_H2_512C_int8/672-122797-0052_generated.wav | RTF: 0.2299(0.985s / 4.285s) | Generator RTF: 0.2290(0.981s / 4.285s)
generated_audios/generated_H2_512C_int8/672-122797-0053_generated.wav | RTF: 0.1295(0.383s / 2.955s) | Generator RTF: 0.1284(0.379s / 2.955s)
generated_audios/generated_H2_512C_int8/672-122797-0054_generated.wav | RTF: 0.1328(0.565s / 4.250s) | Generator RTF: 0.1320(0.561s / 4.250s)
generated_audios/generated_H2_512C_int8/672-122797-0055_generated.wav | RTF: 0.2446(2.013s / 8.230s) | Generator RTF: 0.2441(2.009s / 8.230s)
generated_audios/generated_H2_512C_int8/672-122797-0056_generated.wav | RTF: 0.1371(0.716s / 5.225s) | Generator RTF: 0.1365(0.713s / 5.225s)
generated_audios/generated_H2_512C_int8/672-122797-0057_generated.wav | RTF: 0.1364(0.895s / 6.560s) | Generator RTF: 0.1358(0.891s / 6.560s)
generated_audios/generated_H2_512C_int8/672-122797-0058_generated.wav | RTF: 0.2424(1.084s / 4.470s) | Generator RTF: 0.2416(1.080s / 4.470s)
generated_audios/generated_H2_512C_int8/672-122797-0059_generated.wav | RTF: 0.2315(0.815s / 3.520s) | Generator RTF: 0.2305(0.811s / 3.520s)
generated_audios/generated_H2_512C_int8/672-122797-0060_generated.wav | RTF: 0.1405(0.471s / 3.350s) | Generator RTF: 0.1395(0.467s / 3.350s)
generated_audios/generated_H2_512C_int8/672-122797-0061_generated.wav | RTF: 0.2447(1.857s / 7.590s) | Generator RTF: 0.2442(1.853s / 7.590s)
generated_audios/generated_H2_512C_int8/672-122797-0062_generated.wav | RTF: 0.2384(0.638s / 2.675s) | Generator RTF: 0.2371(0.634s / 2.675s)
generated_audios/generated_H2_512C_int8/672-122797-0063_generated.wav | RTF: 0.1324(0.672s / 5.075s) | Generator RTF: 0.1316(0.668s / 5.075s)
generated_audios/generated_H2_512C_int8/672-122797-0064_generated.wav | RTF: 0.2553(3.898s / 15.270s) | Generator RTF: 0.2550(3.893s / 15.270s)
generated_audios/generated_H2_512C_int8/672-122797-0065_generated.wav | RTF: 0.1271(0.385s / 3.030s) | Generator RTF: 0.1262(0.382s / 3.030s)
generated_audios/generated_H2_512C_int8/672-122797-0066_generated.wav | RTF: 0.1316(0.634s / 4.815s) | Generator RTF: 0.1309(0.630s / 4.815s)
generated_audios/generated_H2_512C_int8/672-122797-0067_generated.wav | RTF: 0.2461(3.209s / 13.035s) | Generator RTF: 0.2458(3.204s / 13.035s)
generated_audios/generated_H2_512C_int8/672-122797-0068_generated.wav | RTF: 0.1265(0.508s / 4.020s) | Generator RTF: 0.1257(0.505s / 4.020s)
generated_audios/generated_H2_512C_int8/672-122797-0069_generated.wav | RTF: 0.2398(1.201s / 5.010s) | Generator RTF: 0.2391(1.198s / 5.010s)
generated_audios/generated_H2_512C_int8/672-122797-0070_generated.wav | RTF: 0.2414(1.514s / 6.270s) | Generator RTF: 0.2408(1.510s / 6.270s)
generated_audios/generated_H2_512C_int8/672-122797-0071_generated.wav | RTF: 0.2466(2.189s / 8.875s) | Generator RTF: 0.2462(2.185s / 8.875s)
generated_audios/generated_H2_512C_int8/672-122797-0072_generated.wav | RTF: 0.2422(1.923s / 7.940s) | Generator RTF: 0.2417(1.919s / 7.940s)
generated_audios/generated_H2_512C_int8/672-122797-0073_generated.wav | RTF: 0.2455(2.014s / 8.205s) | Generator RTF: 0.2450(2.010s / 8.205s)
generated_audios/generated_H2_512C_int8/672-122797-0074_generated.wav | RTF: 0.2428(2.120s / 8.730s) | Generator RTF: 0.2424(2.116s / 8.730s)
generated_audios/generated_H2_512C_int8/908-157963-0000_generated.wav | RTF: 0.2430(3.066s / 12.620s) | Generator RTF: 0.2427(3.063s / 12.620s)
generated_audios/generated_H2_512C_int8/908-157963-0001_generated.wav | RTF: 0.2361(0.681s / 2.885s) | Generator RTF: 0.2349(0.678s / 2.885s)
generated_audios/generated_H2_512C_int8/908-157963-0002_generated.wav | RTF: 0.2252(0.620s / 2.755s) | Generator RTF: 0.2240(0.617s / 2.755s)
generated_audios/generated_H2_512C_int8/908-157963-0003_generated.wav | RTF: 0.2332(0.718s / 3.080s) | Generator RTF: 0.2322(0.715s / 3.080s)
generated_audios/generated_H2_512C_int8/908-157963-0004_generated.wav | RTF: 0.2480(3.470s / 13.990s) | Generator RTF: 0.2477(3.465s / 13.990s)
generated_audios/generated_H2_512C_int8/908-157963-0005_generated.wav | RTF: 0.2438(1.715s / 7.035s) | Generator RTF: 0.2432(1.711s / 7.035s)
generated_audios/generated_H2_512C_int8/908-157963-0006_generated.wav | RTF: 0.2462(1.997s / 8.110s) | Generator RTF: 0.2458(1.993s / 8.110s)
generated_audios/generated_H2_512C_int8/908-157963-0007_generated.wav | RTF: 0.3123(10.234s / 32.770s) | Generator RTF: 0.3121(10.227s / 32.770s)
generated_audios/generated_H2_512C_int8/908-157963-0008_generated.wav | RTF: 0.2655(5.297s / 19.950s) | Generator RTF: 0.2653(5.292s / 19.950s)
generated_audios/generated_H2_512C_int8/908-157963-0009_generated.wav | RTF: 0.2394(0.972s / 4.060s) | Generator RTF: 0.2388(0.970s / 4.060s)
generated_audios/generated_H2_512C_int8/908-157963-0010_generated.wav | RTF: 0.1308(0.821s / 6.280s) | Generator RTF: 0.1302(0.817s / 6.280s)
generated_audios/generated_H2_512C_int8/908-157963-0011_generated.wav | RTF: 0.1376(1.430s / 10.395s) | Generator RTF: 0.1372(1.426s / 10.395s)
generated_audios/generated_H2_512C_int8/908-157963-0012_generated.wav | RTF: 0.2444(2.466s / 10.090s) | Generator RTF: 0.2440(2.462s / 10.090s)
generated_audios/generated_H2_512C_int8/908-157963-0013_generated.wav | RTF: 0.1280(0.552s / 4.315s) | Generator RTF: 0.1272(0.549s / 4.315s)
generated_audios/generated_H2_512C_int8/908-157963-0014_generated.wav | RTF: 0.1281(0.579s / 4.520s) | Generator RTF: 0.1273(0.575s / 4.520s)
generated_audios/generated_H2_512C_int8/908-157963-0015_generated.wav | RTF: 0.2455(3.551s / 14.465s) | Generator RTF: 0.2452(3.547s / 14.465s)
generated_audios/generated_H2_512C_int8/908-157963-0016_generated.wav | RTF: 0.1309(0.668s / 5.105s) | Generator RTF: 0.1302(0.665s / 5.105s)
generated_audios/generated_H2_512C_int8/908-157963-0017_generated.wav | RTF: 0.2324(1.150s / 4.950s) | Generator RTF: 0.2317(1.147s / 4.950s)
generated_audios/generated_H2_512C_int8/908-157963-0018_generated.wav | RTF: 0.1289(0.548s / 4.255s) | Generator RTF: 0.1281(0.545s / 4.255s)
generated_audios/generated_H2_512C_int8/908-157963-0019_generated.wav | RTF: 0.2664(5.713s / 21.440s) | Generator RTF: 0.2662(5.707s / 21.440s)
generated_audios/generated_H2_512C_int8/908-157963-0020_generated.wav | RTF: 0.2481(2.431s / 9.800s) | Generator RTF: 0.2477(2.427s / 9.800s)
generated_audios/generated_H2_512C_int8/908-157963-0021_generated.wav | RTF: 0.1434(1.468s / 10.240s) | Generator RTF: 0.1429(1.464s / 10.240s)
generated_audios/generated_H2_512C_int8/908-157963-0022_generated.wav | RTF: 0.2388(1.101s / 4.610s) | Generator RTF: 0.2380(1.097s / 4.610s)
generated_audios/generated_H2_512C_int8/908-157963-0023_generated.wav | RTF: 0.2477(2.384s / 9.625s) | Generator RTF: 0.2473(2.380s / 9.625s)
generated_audios/generated_H2_512C_int8/908-157963-0024_generated.wav | RTF: 0.2340(0.805s / 3.440s) | Generator RTF: 0.2330(0.801s / 3.440s)
generated_audios/generated_H2_512C_int8/908-157963-0025_generated.wav | RTF: 0.2432(2.254s / 9.265s) | Generator RTF: 0.2428(2.250s / 9.265s)
generated_audios/generated_H2_512C_int8/908-157963-0026_generated.wav | RTF: 0.2449(1.984s / 8.100s) | Generator RTF: 0.2445(1.980s / 8.100s)
generated_audios/generated_H2_512C_int8/908-157963-0027_generated.wav | RTF: 0.1304(0.681s / 5.225s) | Generator RTF: 0.1297(0.678s / 5.225s)
generated_audios/generated_H2_512C_int8/908-157963-0028_generated.wav | RTF: 0.1258(0.623s / 4.955s) | Generator RTF: 0.1251(0.620s / 4.955s)
generated_audios/generated_H2_512C_int8/908-157963-0029_generated.wav | RTF: 0.2301(0.835s / 3.630s) | Generator RTF: 0.2292(0.832s / 3.630s)
generated_audios/generated_H2_512C_int8/908-157963-0030_generated.wav | RTF: 0.1251(0.566s / 4.520s) | Generator RTF: 0.1244(0.562s / 4.520s)
generated_audios/generated_H2_512C_int8/908-31957-0000_generated.wav | RTF: 0.2216(0.471s / 2.125s) | Generator RTF: 0.2201(0.468s / 2.125s)
generated_audios/generated_H2_512C_int8/908-31957-0001_generated.wav | RTF: 0.2496(2.824s / 11.315s) | Generator RTF: 0.2492(2.819s / 11.315s)
generated_audios/generated_H2_512C_int8/908-31957-0002_generated.wav | RTF: 0.1294(0.620s / 4.790s) | Generator RTF: 0.1287(0.616s / 4.790s)
generated_audios/generated_H2_512C_int8/908-31957-0003_generated.wav | RTF: 0.1339(0.879s / 6.565s) | Generator RTF: 0.1334(0.875s / 6.565s)
generated_audios/generated_H2_512C_int8/908-31957-0004_generated.wav | RTF: 0.2593(3.826s / 14.755s) | Generator RTF: 0.2590(3.822s / 14.755s)
generated_audios/generated_H2_512C_int8/908-31957-0005_generated.wav | RTF: 0.1290(0.579s / 4.490s) | Generator RTF: 0.1282(0.576s / 4.490s)
generated_audios/generated_H2_512C_int8/908-31957-0006_generated.wav | RTF: 0.2368(1.395s / 5.890s) | Generator RTF: 0.2361(1.391s / 5.890s)
generated_audios/generated_H2_512C_int8/908-31957-0007_generated.wav | RTF: 0.1329(0.771s / 5.800s) | Generator RTF: 0.1323(0.767s / 5.800s)
generated_audios/generated_H2_512C_int8/908-31957-0008_generated.wav | RTF: 0.2483(2.484s / 10.005s) | Generator RTF: 0.2478(2.480s / 10.005s)
generated_audios/generated_H2_512C_int8/908-31957-0009_generated.wav | RTF: 0.2419(1.864s / 7.705s) | Generator RTF: 0.2414(1.860s / 7.705s)
generated_audios/generated_H2_512C_int8/908-31957-0010_generated.wav | RTF: 0.2195(0.551s / 2.510s) | Generator RTF: 0.2181(0.548s / 2.510s)
generated_audios/generated_H2_512C_int8/908-31957-0011_generated.wav | RTF: 0.1249(0.292s / 2.335s) | Generator RTF: 0.1235(0.288s / 2.335s)
generated_audios/generated_H2_512C_int8/908-31957-0012_generated.wav | RTF: 0.2434(1.854s / 7.615s) | Generator RTF: 0.2429(1.850s / 7.615s)
generated_audios/generated_H2_512C_int8/908-31957-0013_generated.wav | RTF: 0.2462(1.522s / 6.180s) | Generator RTF: 0.2456(1.518s / 6.180s)
generated_audios/generated_H2_512C_int8/908-31957-0014_generated.wav | RTF: 0.2425(1.833s / 7.560s) | Generator RTF: 0.2419(1.829s / 7.560s)
generated_audios/generated_H2_512C_int8/908-31957-0015_generated.wav | RTF: 0.2788(5.985s / 21.465s) | Generator RTF: 0.2786(5.979s / 21.465s)
generated_audios/generated_H2_512C_int8/908-31957-0016_generated.wav | RTF: 0.2418(1.567s / 6.480s) | Generator RTF: 0.2413(1.564s / 6.480s)
generated_audios/generated_H2_512C_int8/908-31957-0017_generated.wav | RTF: 0.2531(1.973s / 7.795s) | Generator RTF: 0.2526(1.969s / 7.795s)
generated_audios/generated_H2_512C_int8/908-31957-0018_generated.wav | RTF: 0.2336(0.915s / 3.915s) | Generator RTF: 0.2327(0.911s / 3.915s)
generated_audios/generated_H2_512C_int8/908-31957-0019_generated.wav | RTF: 0.2523(2.407s / 9.540s) | Generator RTF: 0.2518(2.402s / 9.540s)
generated_audios/generated_H2_512C_int8/908-31957-0020_generated.wav | RTF: 0.1303(0.768s / 5.895s) | Generator RTF: 0.1297(0.764s / 5.895s)
generated_audios/generated_H2_512C_int8/908-31957-0021_generated.wav | RTF: 0.2542(2.772s / 10.905s) | Generator RTF: 0.2538(2.767s / 10.905s)
generated_audios/generated_H2_512C_int8/908-31957-0022_generated.wav | RTF: 0.2954(4.165s / 14.100s) | Generator RTF: 0.2951(4.161s / 14.100s)
generated_audios/generated_H2_512C_int8/908-31957-0023_generated.wav | RTF: 0.2540(2.163s / 8.515s) | Generator RTF: 0.2536(2.159s / 8.515s)
generated_audios/generated_H2_512C_int8/908-31957-0024_generated.wav | RTF: 0.2553(1.925s / 7.540s) | Generator RTF: 0.2547(1.920s / 7.540s)
generated_audios/generated_H2_512C_int8/908-31957-0025_generated.wav | RTF: 0.2988(6.144s / 20.560s) | Generator RTF: 0.2986(6.139s / 20.560s)
Average RTF: 0.2242(708.508s / 3159.849s)
Average Generator RTF: 0.2236(706.649s / 3159.849s)
Evaluation summary:
  Mel-spectrogram L1: 0.974229
  PESQ: 1.470903
  STOI: 0.881940
Appended per-audio metrics to CSV: per_audio_results/H2_quantized_resblocks_range_1_10

Appended metrics to CSV: experiments_results.csv
Appended to experiments_results.csv:
H2_512C_quantized_resblocks_range_1_10,13926257,25.579,0.2242,0.2236,1.47090283536911,0.8819401877329233,0.9742293065190315
========== Done ==========
=== JOB_STATISTICS ===
=== current date     : Sun Jul  5 01:59:20 PM CEST 2026
= Job-ID             : 1428671 on tinyfat
= Job-Name           : inference_512ch_h1-4
= Job-Command        : /home/hpc/vlbi/vlbi107v/hifi-gan/inference_Test.sh
= Initial workdir    : /home/hpc/vlbi/vlbi107v/hifi-gan
= Queue/Partition    : work
= Slurm account      : vlbi with QOS=normal
= Requested resources:  for 1-00:00:00
= Elapsed runtime    : 00:16:22
= Total RAM usage    : 6.6 GiB of requested  GiB (%)   
= Node list          : tf093
= Subm/Elig/Start/End: 2026-07-05T13:42:57 / 2026-07-05T13:42:57 / 2026-07-05T13:42:57 / 2026-07-05T13:59:19
======================
=== Quota infos ======
    Path                 Used     SoftQ    HardQ    Gracetime  Filec    FileQ    FiHaQ    FileGrace    
    /home/hpc              92.0G   104.9G   209.7G        N/A      86K     500K   1,000K        N/A    
    /home/woody           281.2G  1000.0G  1500.0G        N/A     118K   5,000K   7,500K        N/A    
======================
