### Starting TaskPrologue of job 1428678 on tf060 at Sun Jul  5 01:45:03 PM CEST 2026
Running on cores 48-55,112-119 with governor ondemand
No GPU known
### Finished TaskPrologue

==========(sbatch.tinyfat) Inference: 256 Channels (g_07960000) ==========
========== H2: quantized (INT8 dynamic quantization) ==========
Initializing Inference Process..
Using device: cpu (baseline and quantized inference both run on CPU)
Quantization enabled: forcing CPU inference for INT8 model.
Loading '/home/hpc/vlbi/vlbi107v/hifi-gan/cp_hifigan/v1_c256/g_07960000'
Complete.
Checkpoint contains weight_norm parameters. Keeping weight_norm wrappers for loading...
Removing weight norm...
Calibrating static quantization using 50 samples...
INT8 quantization scope: resblocks
Checking quantized modules after static quantization:
Quantized module: resblocks.0.convs1.0 (torch.ao.nn.quantized.modules.conv.Conv1d)
Quantized module: resblocks.0.convs1.1 (torch.ao.nn.quantized.modules.conv.Conv1d)
Quantized module: resblocks.0.convs1.2 (torch.ao.nn.quantized.modules.conv.Conv1d)
Quantized module: resblocks.0.convs2.0 (torch.ao.nn.quantized.modules.conv.Conv1d)
Quantized module: resblocks.0.convs2.1 (torch.ao.nn.quantized.modules.conv.Conv1d)
Quantized module: resblocks.0.convs2.2 (torch.ao.nn.quantized.modules.conv.Conv1d)
Quantized module: resblocks.1.convs1.0 (torch.ao.nn.quantized.modules.conv.Conv1d)
Quantized module: resblocks.1.convs1.1 (torch.ao.nn.quantized.modules.conv.Conv1d)
Quantized module: resblocks.1.convs1.2 (torch.ao.nn.quantized.modules.conv.Conv1d)
Quantized module: resblocks.1.convs2.0 (torch.ao.nn.quantized.modules.conv.Conv1d)
Quantized module: resblocks.1.convs2.1 (torch.ao.nn.quantized.modules.conv.Conv1d)
Quantized module: resblocks.1.convs2.2 (torch.ao.nn.quantized.modules.conv.Conv1d)
Quantized module: resblocks.2.convs1.0 (torch.ao.nn.quantized.modules.conv.Conv1d)
Quantized module: resblocks.2.convs1.1 (torch.ao.nn.quantized.modules.conv.Conv1d)
Quantized module: resblocks.2.convs1.2 (torch.ao.nn.quantized.modules.conv.Conv1d)
Quantized module: resblocks.2.convs2.0 (torch.ao.nn.quantized.modules.conv.Conv1d)
Quantized module: resblocks.2.convs2.1 (torch.ao.nn.quantized.modules.conv.Conv1d)
Quantized module: resblocks.2.convs2.2 (torch.ao.nn.quantized.modules.conv.Conv1d)
Quantized module: resblocks.3.convs1.0 (torch.ao.nn.quantized.modules.conv.Conv1d)
Quantized module: resblocks.3.convs1.1 (torch.ao.nn.quantized.modules.conv.Conv1d)
Quantized module: resblocks.3.convs1.2 (torch.ao.nn.quantized.modules.conv.Conv1d)
Quantized module: resblocks.3.convs2.0 (torch.ao.nn.quantized.modules.conv.Conv1d)
Quantized module: resblocks.3.convs2.1 (torch.ao.nn.quantized.modules.conv.Conv1d)
Quantized module: resblocks.3.convs2.2 (torch.ao.nn.quantized.modules.conv.Conv1d)
Quantized module: resblocks.4.convs1.0 (torch.ao.nn.quantized.modules.conv.Conv1d)
Quantized module: resblocks.4.convs1.1 (torch.ao.nn.quantized.modules.conv.Conv1d)
Quantized module: resblocks.4.convs1.2 (torch.ao.nn.quantized.modules.conv.Conv1d)
Quantized module: resblocks.4.convs2.0 (torch.ao.nn.quantized.modules.conv.Conv1d)
Quantized module: resblocks.4.convs2.1 (torch.ao.nn.quantized.modules.conv.Conv1d)
Quantized module: resblocks.4.convs2.2 (torch.ao.nn.quantized.modules.conv.Conv1d)
Quantized module: resblocks.5.convs1.0 (torch.ao.nn.quantized.modules.conv.Conv1d)
Quantized module: resblocks.5.convs1.1 (torch.ao.nn.quantized.modules.conv.Conv1d)
Quantized module: resblocks.5.convs1.2 (torch.ao.nn.quantized.modules.conv.Conv1d)
Quantized module: resblocks.5.convs2.0 (torch.ao.nn.quantized.modules.conv.Conv1d)
Quantized module: resblocks.5.convs2.1 (torch.ao.nn.quantized.modules.conv.Conv1d)
Quantized module: resblocks.5.convs2.2 (torch.ao.nn.quantized.modules.conv.Conv1d)
Quantized module: resblocks.6.convs1.0 (torch.ao.nn.quantized.modules.conv.Conv1d)
Quantized module: resblocks.6.convs1.1 (torch.ao.nn.quantized.modules.conv.Conv1d)
Quantized module: resblocks.6.convs1.2 (torch.ao.nn.quantized.modules.conv.Conv1d)
Quantized module: resblocks.6.convs2.0 (torch.ao.nn.quantized.modules.conv.Conv1d)
Quantized module: resblocks.6.convs2.1 (torch.ao.nn.quantized.modules.conv.Conv1d)
Quantized module: resblocks.6.convs2.2 (torch.ao.nn.quantized.modules.conv.Conv1d)
Quantized module: resblocks.7.convs1.0 (torch.ao.nn.quantized.modules.conv.Conv1d)
Quantized module: resblocks.7.convs1.1 (torch.ao.nn.quantized.modules.conv.Conv1d)
Quantized module: resblocks.7.convs1.2 (torch.ao.nn.quantized.modules.conv.Conv1d)
Quantized module: resblocks.7.convs2.0 (torch.ao.nn.quantized.modules.conv.Conv1d)
Quantized module: resblocks.7.convs2.1 (torch.ao.nn.quantized.modules.conv.Conv1d)
Quantized module: resblocks.7.convs2.2 (torch.ao.nn.quantized.modules.conv.Conv1d)
Quantized module: resblocks.8.convs1.0 (torch.ao.nn.quantized.modules.conv.Conv1d)
Quantized module: resblocks.8.convs1.1 (torch.ao.nn.quantized.modules.conv.Conv1d)
Quantized module: resblocks.8.convs1.2 (torch.ao.nn.quantized.modules.conv.Conv1d)
Quantized module: resblocks.8.convs2.0 (torch.ao.nn.quantized.modules.conv.Conv1d)
Quantized module: resblocks.8.convs2.1 (torch.ao.nn.quantized.modules.conv.Conv1d)
Quantized module: resblocks.8.convs2.2 (torch.ao.nn.quantized.modules.conv.Conv1d)
Quantized module: resblocks.9.convs1.0 (torch.ao.nn.quantized.modules.conv.Conv1d)
Quantized module: resblocks.9.convs1.1 (torch.ao.nn.quantized.modules.conv.Conv1d)
Quantized module: resblocks.9.convs1.2 (torch.ao.nn.quantized.modules.conv.Conv1d)
Quantized module: resblocks.9.convs2.0 (torch.ao.nn.quantized.modules.conv.Conv1d)
Quantized module: resblocks.9.convs2.1 (torch.ao.nn.quantized.modules.conv.Conv1d)
Quantized module: resblocks.9.convs2.2 (torch.ao.nn.quantized.modules.conv.Conv1d)
Quantized module: resblocks.10.convs1.0 (torch.ao.nn.quantized.modules.conv.Conv1d)
Quantized module: resblocks.10.convs1.1 (torch.ao.nn.quantized.modules.conv.Conv1d)
Quantized module: resblocks.10.convs1.2 (torch.ao.nn.quantized.modules.conv.Conv1d)
Quantized module: resblocks.10.convs2.0 (torch.ao.nn.quantized.modules.conv.Conv1d)
Quantized module: resblocks.10.convs2.1 (torch.ao.nn.quantized.modules.conv.Conv1d)
Quantized module: resblocks.10.convs2.2 (torch.ao.nn.quantized.modules.conv.Conv1d)
Quantized module: resblocks.11.convs1.0 (torch.ao.nn.quantized.modules.conv.Conv1d)
Quantized module: resblocks.11.convs1.1 (torch.ao.nn.quantized.modules.conv.Conv1d)
Quantized module: resblocks.11.convs1.2 (torch.ao.nn.quantized.modules.conv.Conv1d)
Quantized module: resblocks.11.convs2.0 (torch.ao.nn.quantized.modules.conv.Conv1d)
Quantized module: resblocks.11.convs2.1 (torch.ao.nn.quantized.modules.conv.Conv1d)
Quantized module: resblocks.11.convs2.2 (torch.ao.nn.quantized.modules.conv.Conv1d)
Saving checkpoint to /home/hpc/vlbi/vlbi107v/hifi-gan/cp_hifigan/v1_c256/compressed_checkpoint_int8
Complete.
Saved compressed checkpoint: /home/hpc/vlbi/vlbi107v/hifi-gan/cp_hifigan/v1_c256/compressed_checkpoint_int8 (5.996 MB)
Compressed checkpoint parameters: 3,556,055
Loaded checkpoint: /home/hpc/vlbi/vlbi107v/hifi-gan/cp_hifigan/v1_c256/g_07960000 (13.660 MB)
Generator parameters: 3,556,055
generated_audios/generated_H2_256C_int8/1089-134686-0000_generated.wav | RTF: 0.0552(0.576s / 10.435s) | Generator RTF: 0.0548(0.572s / 10.435s)
generated_audios/generated_H2_256C_int8/1089-134686-0001_generated.wav | RTF: 0.0588(0.192s / 3.275s) | Generator RTF: 0.0577(0.189s / 3.275s)
generated_audios/generated_H2_256C_int8/1089-134686-0002_generated.wav | RTF: 0.0552(0.366s / 6.625s) | Generator RTF: 0.0546(0.362s / 6.625s)
generated_audios/generated_H2_256C_int8/1089-134686-0003_generated.wav | RTF: 0.0587(0.157s / 2.680s) | Generator RTF: 0.0576(0.154s / 2.680s)
generated_audios/generated_H2_256C_int8/1089-134686-0004_generated.wav | RTF: 0.0559(0.291s / 5.215s) | Generator RTF: 0.0552(0.288s / 5.215s)
generated_audios/generated_H2_256C_int8/1089-134686-0005_generated.wav | RTF: 0.0548(0.528s / 9.635s) | Generator RTF: 0.0543(0.524s / 9.635s)
generated_audios/generated_H2_256C_int8/1089-134686-0006_generated.wav | RTF: 0.0542(0.573s / 10.555s) | Generator RTF: 0.0539(0.569s / 10.555s)
generated_audios/generated_H2_256C_int8/1089-134686-0007_generated.wav | RTF: 0.0590(0.252s / 4.275s) | Generator RTF: 0.0581(0.248s / 4.275s)
generated_audios/generated_H2_256C_int8/1089-134686-0008_generated.wav | RTF: 0.0521(0.351s / 6.730s) | Generator RTF: 0.0516(0.347s / 6.730s)
generated_audios/generated_H2_256C_int8/1089-134686-0009_generated.wav | RTF: 0.0551(0.583s / 10.575s) | Generator RTF: 0.0547(0.578s / 10.575s)
generated_audios/generated_H2_256C_int8/1089-134686-0010_generated.wav | RTF: 0.0574(0.253s / 4.405s) | Generator RTF: 0.0565(0.249s / 4.405s)
generated_audios/generated_H2_256C_int8/1089-134686-0011_generated.wav | RTF: 0.0553(0.688s / 12.445s) | Generator RTF: 0.0549(0.684s / 12.445s)
generated_audios/generated_H2_256C_int8/1089-134686-0012_generated.wav | RTF: 0.0552(0.643s / 11.640s) | Generator RTF: 0.0548(0.638s / 11.640s)
generated_audios/generated_H2_256C_int8/1089-134686-0013_generated.wav | RTF: 0.0552(0.437s / 7.915s) | Generator RTF: 0.0547(0.433s / 7.915s)
generated_audios/generated_H2_256C_int8/1089-134686-0014_generated.wav | RTF: 0.0608(0.135s / 2.225s) | Generator RTF: 0.0593(0.132s / 2.225s)
generated_audios/generated_H2_256C_int8/1089-134686-0015_generated.wav | RTF: 0.0558(0.324s / 5.815s) | Generator RTF: 0.0551(0.321s / 5.815s)
generated_audios/generated_H2_256C_int8/1089-134686-0016_generated.wav | RTF: 0.0590(0.209s / 3.540s) | Generator RTF: 0.0581(0.206s / 3.540s)
generated_audios/generated_H2_256C_int8/1089-134686-0017_generated.wav | RTF: 0.0552(0.490s / 8.870s) | Generator RTF: 0.0547(0.486s / 8.870s)
generated_audios/generated_H2_256C_int8/1089-134686-0018_generated.wav | RTF: 0.0555(0.872s / 15.720s) | Generator RTF: 0.0551(0.866s / 15.720s)
generated_audios/generated_H2_256C_int8/1089-134686-0019_generated.wav | RTF: 0.0547(0.760s / 13.895s) | Generator RTF: 0.0544(0.756s / 13.895s)
generated_audios/generated_H2_256C_int8/1089-134686-0020_generated.wav | RTF: 0.0564(0.948s / 16.790s) | Generator RTF: 0.0561(0.942s / 16.790s)
generated_audios/generated_H2_256C_int8/1089-134686-0021_generated.wav | RTF: 0.0558(0.365s / 6.550s) | Generator RTF: 0.0552(0.361s / 6.550s)
generated_audios/generated_H2_256C_int8/1089-134686-0022_generated.wav | RTF: 0.0547(0.611s / 11.175s) | Generator RTF: 0.0543(0.607s / 11.175s)
generated_audios/generated_H2_256C_int8/1089-134686-0023_generated.wav | RTF: 0.0544(0.722s / 13.275s) | Generator RTF: 0.0540(0.717s / 13.275s)
generated_audios/generated_H2_256C_int8/1089-134686-0024_generated.wav | RTF: 0.0544(0.634s / 11.655s) | Generator RTF: 0.0540(0.629s / 11.655s)
generated_audios/generated_H2_256C_int8/1089-134686-0025_generated.wav | RTF: 0.0554(0.366s / 6.610s) | Generator RTF: 0.0548(0.362s / 6.610s)
generated_audios/generated_H2_256C_int8/1089-134686-0026_generated.wav | RTF: 0.0566(0.227s / 4.010s) | Generator RTF: 0.0557(0.224s / 4.010s)
generated_audios/generated_H2_256C_int8/1089-134686-0027_generated.wav | RTF: 0.0580(0.157s / 2.710s) | Generator RTF: 0.0570(0.154s / 2.710s)
generated_audios/generated_H2_256C_int8/1089-134686-0028_generated.wav | RTF: 0.0547(0.428s / 7.830s) | Generator RTF: 0.0542(0.425s / 7.830s)
generated_audios/generated_H2_256C_int8/1089-134686-0029_generated.wav | RTF: 0.0568(0.265s / 4.670s) | Generator RTF: 0.0561(0.262s / 4.670s)
generated_audios/generated_H2_256C_int8/1089-134686-0030_generated.wav | RTF: 0.0549(0.149s / 2.715s) | Generator RTF: 0.0536(0.146s / 2.715s)
generated_audios/generated_H2_256C_int8/1089-134686-0031_generated.wav | RTF: 0.0521(0.345s / 6.615s) | Generator RTF: 0.0516(0.341s / 6.615s)
generated_audios/generated_H2_256C_int8/121-121726-0000_generated.wav | RTF: 0.0549(0.464s / 8.460s) | Generator RTF: 0.0544(0.460s / 8.460s)
generated_audios/generated_H2_256C_int8/121-121726-0001_generated.wav | RTF: 0.0561(0.332s / 5.925s) | Generator RTF: 0.0555(0.329s / 5.925s)
generated_audios/generated_H2_256C_int8/121-121726-0002_generated.wav | RTF: 0.0538(0.237s / 4.410s) | Generator RTF: 0.0530(0.234s / 4.410s)
generated_audios/generated_H2_256C_int8/121-121726-0003_generated.wav | RTF: 0.0552(0.373s / 6.755s) | Generator RTF: 0.0546(0.369s / 6.755s)
generated_audios/generated_H2_256C_int8/121-121726-0004_generated.wav | RTF: 0.0577(0.232s / 4.020s) | Generator RTF: 0.0568(0.228s / 4.020s)
generated_audios/generated_H2_256C_int8/121-121726-0005_generated.wav | RTF: 0.0585(0.181s / 3.100s) | Generator RTF: 0.0574(0.178s / 3.100s)
generated_audios/generated_H2_256C_int8/121-121726-0006_generated.wav | RTF: 0.0575(0.224s / 3.895s) | Generator RTF: 0.0566(0.220s / 3.895s)
generated_audios/generated_H2_256C_int8/121-121726-0007_generated.wav | RTF: 0.0526(0.354s / 6.730s) | Generator RTF: 0.0520(0.350s / 6.730s)
generated_audios/generated_H2_256C_int8/121-121726-0008_generated.wav | RTF: 0.0558(0.278s / 4.990s) | Generator RTF: 0.0550(0.275s / 4.990s)
generated_audios/generated_H2_256C_int8/121-121726-0009_generated.wav | RTF: 0.0552(0.401s / 7.260s) | Generator RTF: 0.0547(0.397s / 7.260s)
generated_audios/generated_H2_256C_int8/121-121726-0010_generated.wav | RTF: 0.0543(0.533s / 9.810s) | Generator RTF: 0.0539(0.529s / 9.810s)
generated_audios/generated_H2_256C_int8/121-121726-0011_generated.wav | RTF: 0.0563(0.227s / 4.035s) | Generator RTF: 0.0554(0.224s / 4.035s)
generated_audios/generated_H2_256C_int8/121-121726-0012_generated.wav | RTF: 0.0568(0.230s / 4.045s) | Generator RTF: 0.0560(0.227s / 4.045s)
generated_audios/generated_H2_256C_int8/121-121726-0013_generated.wav | RTF: 0.0626(0.156s / 2.490s) | Generator RTF: 0.0613(0.153s / 2.490s)
generated_audios/generated_H2_256C_int8/121-121726-0014_generated.wav | RTF: 0.0600(0.190s / 3.165s) | Generator RTF: 0.0587(0.186s / 3.165s)
generated_audios/generated_H2_256C_int8/121-123852-0000_generated.wav | RTF: 0.0572(1.012s / 17.695s) | Generator RTF: 0.0569(1.007s / 17.695s)
generated_audios/generated_H2_256C_int8/121-123852-0001_generated.wav | RTF: 0.0623(0.117s / 1.870s) | Generator RTF: 0.0606(0.113s / 1.870s)
generated_audios/generated_H2_256C_int8/121-123852-0002_generated.wav | RTF: 0.0581(1.003s / 17.285s) | Generator RTF: 0.0578(0.999s / 17.285s)
generated_audios/generated_H2_256C_int8/121-123852-0003_generated.wav | RTF: 0.2821(6.632s / 23.505s) | Generator RTF: 0.2819(6.626s / 23.505s)
generated_audios/generated_H2_256C_int8/121-123852-0004_generated.wav | RTF: 0.2641(4.302s / 16.290s) | Generator RTF: 0.2638(4.298s / 16.290s)
generated_audios/generated_H2_256C_int8/121-123859-0000_generated.wav | RTF: 0.2649(4.606s / 17.390s) | Generator RTF: 0.2645(4.600s / 17.390s)
generated_audios/generated_H2_256C_int8/121-123859-0001_generated.wav | RTF: 0.2730(6.934s / 25.395s) | Generator RTF: 0.2728(6.927s / 25.395s)
generated_audios/generated_H2_256C_int8/121-123859-0002_generated.wav | RTF: 0.2718(8.165s / 30.040s) | Generator RTF: 0.2716(8.159s / 30.040s)
generated_audios/generated_H2_256C_int8/121-123859-0003_generated.wav | RTF: 0.2447(2.649s / 10.825s) | Generator RTF: 0.2443(2.645s / 10.825s)
generated_audios/generated_H2_256C_int8/121-123859-0004_generated.wav | RTF: 0.2472(2.350s / 9.505s) | Generator RTF: 0.2468(2.346s / 9.505s)
generated_audios/generated_H2_256C_int8/121-127105-0000_generated.wav | RTF: 0.2483(2.452s / 9.875s) | Generator RTF: 0.2478(2.447s / 9.875s)
generated_audios/generated_H2_256C_int8/121-127105-0001_generated.wav | RTF: 0.2428(1.220s / 5.025s) | Generator RTF: 0.2422(1.217s / 5.025s)
generated_audios/generated_H2_256C_int8/121-127105-0002_generated.wav | RTF: 0.2445(1.832s / 7.495s) | Generator RTF: 0.2440(1.829s / 7.495s)
generated_audios/generated_H2_256C_int8/121-127105-0003_generated.wav | RTF: 0.2472(1.909s / 7.725s) | Generator RTF: 0.2467(1.906s / 7.725s)
generated_audios/generated_H2_256C_int8/121-127105-0004_generated.wav | RTF: 0.2538(0.536s / 2.110s) | Generator RTF: 0.2522(0.532s / 2.110s)
generated_audios/generated_H2_256C_int8/121-127105-0005_generated.wav | RTF: 0.2417(1.407s / 5.820s) | Generator RTF: 0.2411(1.403s / 5.820s)
generated_audios/generated_H2_256C_int8/121-127105-0006_generated.wav | RTF: 0.2436(1.151s / 4.725s) | Generator RTF: 0.2429(1.148s / 4.725s)
generated_audios/generated_H2_256C_int8/121-127105-0007_generated.wav | RTF: 0.2401(1.390s / 5.790s) | Generator RTF: 0.2394(1.386s / 5.790s)
generated_audios/generated_H2_256C_int8/121-127105-0008_generated.wav | RTF: 0.2384(0.658s / 2.760s) | Generator RTF: 0.2372(0.655s / 2.760s)
generated_audios/generated_H2_256C_int8/121-127105-0009_generated.wav | RTF: 0.2467(0.565s / 2.290s) | Generator RTF: 0.2454(0.562s / 2.290s)
generated_audios/generated_H2_256C_int8/121-127105-0010_generated.wav | RTF: 0.2502(0.713s / 2.850s) | Generator RTF: 0.2493(0.710s / 2.850s)
generated_audios/generated_H2_256C_int8/121-127105-0011_generated.wav | RTF: 0.2458(1.421s / 5.780s) | Generator RTF: 0.2452(1.417s / 5.780s)
generated_audios/generated_H2_256C_int8/121-127105-0012_generated.wav | RTF: 0.2477(1.196s / 4.830s) | Generator RTF: 0.2469(1.193s / 4.830s)
generated_audios/generated_H2_256C_int8/121-127105-0013_generated.wav | RTF: 0.2404(1.417s / 5.895s) | Generator RTF: 0.2398(1.413s / 5.895s)
generated_audios/generated_H2_256C_int8/121-127105-0014_generated.wav | RTF: 0.2473(0.558s / 2.255s) | Generator RTF: 0.2460(0.555s / 2.255s)
generated_audios/generated_H2_256C_int8/121-127105-0015_generated.wav | RTF: 0.2465(0.730s / 2.960s) | Generator RTF: 0.2454(0.726s / 2.960s)
generated_audios/generated_H2_256C_int8/121-127105-0016_generated.wav | RTF: 0.2411(0.490s / 2.030s) | Generator RTF: 0.2396(0.486s / 2.030s)
generated_audios/generated_H2_256C_int8/121-127105-0017_generated.wav | RTF: 0.2465(0.664s / 2.695s) | Generator RTF: 0.2453(0.661s / 2.695s)
generated_audios/generated_H2_256C_int8/121-127105-0018_generated.wav | RTF: 0.2461(0.682s / 2.770s) | Generator RTF: 0.2449(0.678s / 2.770s)
generated_audios/generated_H2_256C_int8/121-127105-0019_generated.wav | RTF: 0.2395(0.844s / 3.525s) | Generator RTF: 0.2385(0.841s / 3.525s)
generated_audios/generated_H2_256C_int8/121-127105-0020_generated.wav | RTF: 0.2700(3.876s / 14.355s) | Generator RTF: 0.2696(3.871s / 14.355s)
generated_audios/generated_H2_256C_int8/121-127105-0021_generated.wav | RTF: 0.2532(0.506s / 2.000s) | Generator RTF: 0.2517(0.503s / 2.000s)
generated_audios/generated_H2_256C_int8/121-127105-0022_generated.wav | RTF: 0.2428(1.232s / 5.075s) | Generator RTF: 0.2421(1.229s / 5.075s)
generated_audios/generated_H2_256C_int8/121-127105-0023_generated.wav | RTF: 0.2472(2.697s / 10.910s) | Generator RTF: 0.2468(2.693s / 10.910s)
generated_audios/generated_H2_256C_int8/121-127105-0024_generated.wav | RTF: 0.2702(3.904s / 14.450s) | Generator RTF: 0.2698(3.899s / 14.450s)
generated_audios/generated_H2_256C_int8/121-127105-0025_generated.wav | RTF: 0.2666(4.283s / 16.065s) | Generator RTF: 0.2663(4.278s / 16.065s)
generated_audios/generated_H2_256C_int8/121-127105-0026_generated.wav | RTF: 0.2425(1.826s / 7.530s) | Generator RTF: 0.2419(1.822s / 7.530s)
generated_audios/generated_H2_256C_int8/121-127105-0027_generated.wav | RTF: 0.2703(3.750s / 13.870s) | Generator RTF: 0.2700(3.745s / 13.870s)
generated_audios/generated_H2_256C_int8/121-127105-0028_generated.wav | RTF: 0.0556(0.375s / 6.750s) | Generator RTF: 0.0551(0.372s / 6.750s)
generated_audios/generated_H2_256C_int8/121-127105-0029_generated.wav | RTF: 0.2448(1.789s / 7.310s) | Generator RTF: 0.2442(1.785s / 7.310s)
generated_audios/generated_H2_256C_int8/121-127105-0030_generated.wav | RTF: 0.2562(0.557s / 2.175s) | Generator RTF: 0.2548(0.554s / 2.175s)
generated_audios/generated_H2_256C_int8/121-127105-0031_generated.wav | RTF: 0.2472(2.662s / 10.765s) | Generator RTF: 0.2468(2.657s / 10.765s)
generated_audios/generated_H2_256C_int8/121-127105-0032_generated.wav | RTF: 0.2416(0.766s / 3.170s) | Generator RTF: 0.2406(0.763s / 3.170s)
generated_audios/generated_H2_256C_int8/121-127105-0033_generated.wav | RTF: 0.2544(0.599s / 2.355s) | Generator RTF: 0.2529(0.596s / 2.355s)
generated_audios/generated_H2_256C_int8/121-127105-0034_generated.wav | RTF: 0.2463(1.825s / 7.410s) | Generator RTF: 0.2458(1.821s / 7.410s)
generated_audios/generated_H2_256C_int8/121-127105-0035_generated.wav | RTF: 0.2705(3.828s / 14.150s) | Generator RTF: 0.2702(3.823s / 14.150s)
generated_audios/generated_H2_256C_int8/121-127105-0036_generated.wav | RTF: 0.2407(0.999s / 4.150s) | Generator RTF: 0.2398(0.995s / 4.150s)
generated_audios/generated_H2_256C_int8/237-126133-0000_generated.wav | RTF: 0.2728(3.625s / 13.290s) | Generator RTF: 0.2724(3.621s / 13.290s)
generated_audios/generated_H2_256C_int8/237-126133-0001_generated.wav | RTF: 0.2703(3.234s / 11.965s) | Generator RTF: 0.2699(3.229s / 11.965s)
generated_audios/generated_H2_256C_int8/237-126133-0002_generated.wav | RTF: 0.2475(2.208s / 8.920s) | Generator RTF: 0.2470(2.203s / 8.920s)
generated_audios/generated_H2_256C_int8/237-126133-0003_generated.wav | RTF: 0.2437(1.599s / 6.560s) | Generator RTF: 0.2431(1.595s / 6.560s)
generated_audios/generated_H2_256C_int8/237-126133-0004_generated.wav | RTF: 0.2498(0.823s / 3.295s) | Generator RTF: 0.2488(0.820s / 3.295s)
generated_audios/generated_H2_256C_int8/237-126133-0005_generated.wav | RTF: 0.2469(1.607s / 6.510s) | Generator RTF: 0.2463(1.604s / 6.510s)
generated_audios/generated_H2_256C_int8/237-126133-0006_generated.wav | RTF: 0.2460(1.513s / 6.150s) | Generator RTF: 0.2456(1.510s / 6.150s)
generated_audios/generated_H2_256C_int8/237-126133-0007_generated.wav | RTF: 0.2437(2.115s / 8.680s) | Generator RTF: 0.2431(2.110s / 8.680s)
generated_audios/generated_H2_256C_int8/237-126133-0008_generated.wav | RTF: 0.2489(0.962s / 3.865s) | Generator RTF: 0.2480(0.958s / 3.865s)
generated_audios/generated_H2_256C_int8/237-126133-0009_generated.wav | RTF: 0.2480(0.984s / 3.970s) | Generator RTF: 0.2471(0.981s / 3.970s)
generated_audios/generated_H2_256C_int8/237-126133-0010_generated.wav | RTF: 0.2435(1.520s / 6.240s) | Generator RTF: 0.2429(1.516s / 6.240s)
generated_audios/generated_H2_256C_int8/237-126133-0011_generated.wav | RTF: 0.2423(1.626s / 6.710s) | Generator RTF: 0.2417(1.622s / 6.710s)
generated_audios/generated_H2_256C_int8/237-126133-0012_generated.wav | RTF: 0.2495(1.110s / 4.450s) | Generator RTF: 0.2487(1.107s / 4.450s)
generated_audios/generated_H2_256C_int8/237-126133-0013_generated.wav | RTF: 0.2484(1.693s / 6.815s) | Generator RTF: 0.2479(1.689s / 6.815s)
generated_audios/generated_H2_256C_int8/237-126133-0014_generated.wav | RTF: 0.2442(1.658s / 6.790s) | Generator RTF: 0.2437(1.655s / 6.790s)
generated_audios/generated_H2_256C_int8/237-126133-0015_generated.wav | RTF: 0.2461(2.298s / 9.340s) | Generator RTF: 0.2456(2.294s / 9.340s)
generated_audios/generated_H2_256C_int8/237-126133-0016_generated.wav | RTF: 0.2441(1.038s / 4.250s) | Generator RTF: 0.2433(1.034s / 4.250s)
generated_audios/generated_H2_256C_int8/237-126133-0017_generated.wav | RTF: 0.2410(1.497s / 6.210s) | Generator RTF: 0.2404(1.493s / 6.210s)
generated_audios/generated_H2_256C_int8/237-126133-0018_generated.wav | RTF: 0.2530(1.036s / 4.095s) | Generator RTF: 0.2522(1.033s / 4.095s)
generated_audios/generated_H2_256C_int8/237-126133-0019_generated.wav | RTF: 0.2461(1.753s / 7.120s) | Generator RTF: 0.2456(1.749s / 7.120s)
generated_audios/generated_H2_256C_int8/237-126133-0020_generated.wav | RTF: 0.2493(0.558s / 2.240s) | Generator RTF: 0.2480(0.556s / 2.240s)
generated_audios/generated_H2_256C_int8/237-126133-0021_generated.wav | RTF: 0.2412(1.053s / 4.365s) | Generator RTF: 0.2403(1.049s / 4.365s)
generated_audios/generated_H2_256C_int8/237-126133-0022_generated.wav | RTF: 0.2465(1.242s / 5.040s) | Generator RTF: 0.2457(1.238s / 5.040s)
generated_audios/generated_H2_256C_int8/237-126133-0023_generated.wav | RTF: 0.2474(1.652s / 6.675s) | Generator RTF: 0.2469(1.648s / 6.675s)
generated_audios/generated_H2_256C_int8/237-126133-0024_generated.wav | RTF: 0.2536(2.451s / 9.665s) | Generator RTF: 0.2532(2.447s / 9.665s)
generated_audios/generated_H2_256C_int8/237-126133-0025_generated.wav | RTF: 0.2471(0.928s / 3.755s) | Generator RTF: 0.2463(0.925s / 3.755s)
generated_audios/generated_H2_256C_int8/237-134493-0000_generated.wav | RTF: 0.2459(1.010s / 4.105s) | Generator RTF: 0.2450(1.006s / 4.105s)
generated_audios/generated_H2_256C_int8/237-134493-0001_generated.wav | RTF: 0.2465(1.819s / 7.380s) | Generator RTF: 0.2460(1.815s / 7.380s)
generated_audios/generated_H2_256C_int8/237-134493-0002_generated.wav | RTF: 0.2465(2.809s / 11.395s) | Generator RTF: 0.2461(2.804s / 11.395s)
generated_audios/generated_H2_256C_int8/237-134493-0003_generated.wav | RTF: 0.2754(3.515s / 12.765s) | Generator RTF: 0.2750(3.511s / 12.765s)
generated_audios/generated_H2_256C_int8/237-134493-0004_generated.wav | RTF: 0.2407(1.643s / 6.825s) | Generator RTF: 0.2401(1.639s / 6.825s)
generated_audios/generated_H2_256C_int8/237-134493-0005_generated.wav | RTF: 0.2473(2.707s / 10.945s) | Generator RTF: 0.2469(2.702s / 10.945s)
generated_audios/generated_H2_256C_int8/237-134493-0006_generated.wav | RTF: 0.2403(1.056s / 4.395s) | Generator RTF: 0.2394(1.052s / 4.395s)
generated_audios/generated_H2_256C_int8/237-134493-0007_generated.wav | RTF: 0.2581(0.525s / 2.035s) | Generator RTF: 0.2565(0.522s / 2.035s)
generated_audios/generated_H2_256C_int8/237-134493-0008_generated.wav | RTF: 0.2435(0.561s / 2.305s) | Generator RTF: 0.2421(0.558s / 2.305s)
generated_audios/generated_H2_256C_int8/237-134493-0009_generated.wav | RTF: 0.2736(0.814s / 2.975s) | Generator RTF: 0.2725(0.811s / 2.975s)
generated_audios/generated_H2_256C_int8/237-134493-0010_generated.wav | RTF: 0.2460(0.707s / 2.875s) | Generator RTF: 0.2449(0.704s / 2.875s)
generated_audios/generated_H2_256C_int8/237-134493-0011_generated.wav | RTF: 0.2482(1.250s / 5.035s) | Generator RTF: 0.2475(1.246s / 5.035s)
generated_audios/generated_H2_256C_int8/237-134493-0012_generated.wav | RTF: 0.2425(0.888s / 3.660s) | Generator RTF: 0.2415(0.884s / 3.660s)
generated_audios/generated_H2_256C_int8/237-134493-0013_generated.wav | RTF: 0.0563(0.230s / 4.090s) | Generator RTF: 0.0555(0.227s / 4.090s)
generated_audios/generated_H2_256C_int8/237-134493-0014_generated.wav | RTF: 0.2417(0.894s / 3.700s) | Generator RTF: 0.2407(0.891s / 3.700s)
generated_audios/generated_H2_256C_int8/237-134493-0015_generated.wav | RTF: 0.0557(0.365s / 6.550s) | Generator RTF: 0.0551(0.361s / 6.550s)
generated_audios/generated_H2_256C_int8/237-134493-0016_generated.wav | RTF: 0.2501(2.523s / 10.085s) | Generator RTF: 0.2497(2.518s / 10.085s)
generated_audios/generated_H2_256C_int8/237-134493-0017_generated.wav | RTF: 0.2457(2.237s / 9.105s) | Generator RTF: 0.2453(2.233s / 9.105s)
generated_audios/generated_H2_256C_int8/237-134493-0018_generated.wav | RTF: 0.2421(1.159s / 4.790s) | Generator RTF: 0.2414(1.156s / 4.790s)
generated_audios/generated_H2_256C_int8/237-134500-0000_generated.wav | RTF: 0.2444(1.498s / 6.130s) | Generator RTF: 0.2438(1.494s / 6.130s)
generated_audios/generated_H2_256C_int8/237-134500-0001_generated.wav | RTF: 0.2497(0.452s / 1.810s) | Generator RTF: 0.2479(0.449s / 1.810s)
generated_audios/generated_H2_256C_int8/237-134500-0002_generated.wav | RTF: 0.2435(1.235s / 5.070s) | Generator RTF: 0.2428(1.231s / 5.070s)
generated_audios/generated_H2_256C_int8/237-134500-0003_generated.wav | RTF: 0.0591(0.187s / 3.170s) | Generator RTF: 0.0580(0.184s / 3.170s)
generated_audios/generated_H2_256C_int8/237-134500-0004_generated.wav | RTF: 0.0601(0.134s / 2.225s) | Generator RTF: 0.0587(0.131s / 2.225s)
generated_audios/generated_H2_256C_int8/237-134500-0005_generated.wav | RTF: 0.2516(0.601s / 2.390s) | Generator RTF: 0.2502(0.598s / 2.390s)
generated_audios/generated_H2_256C_int8/237-134500-0006_generated.wav | RTF: 0.2414(1.020s / 4.225s) | Generator RTF: 0.2405(1.016s / 4.225s)
generated_audios/generated_H2_256C_int8/237-134500-0007_generated.wav | RTF: 0.0548(0.131s / 2.390s) | Generator RTF: 0.0535(0.128s / 2.390s)
generated_audios/generated_H2_256C_int8/237-134500-0008_generated.wav | RTF: 0.0530(0.199s / 3.760s) | Generator RTF: 0.0521(0.196s / 3.760s)
generated_audios/generated_H2_256C_int8/237-134500-0009_generated.wav | RTF: 0.0553(0.123s / 2.220s) | Generator RTF: 0.0539(0.120s / 2.220s)
generated_audios/generated_H2_256C_int8/237-134500-0010_generated.wav | RTF: 0.2485(0.993s / 3.995s) | Generator RTF: 0.2478(0.990s / 3.995s)
generated_audios/generated_H2_256C_int8/237-134500-0011_generated.wav | RTF: 0.2439(0.817s / 3.350s) | Generator RTF: 0.2429(0.814s / 3.350s)
generated_audios/generated_H2_256C_int8/237-134500-0012_generated.wav | RTF: 0.2485(2.718s / 10.935s) | Generator RTF: 0.2482(2.714s / 10.935s)
generated_audios/generated_H2_256C_int8/237-134500-0013_generated.wav | RTF: 0.0550(0.581s / 10.560s) | Generator RTF: 0.0545(0.576s / 10.560s)
generated_audios/generated_H2_256C_int8/237-134500-0014_generated.wav | RTF: 0.0533(0.226s / 4.250s) | Generator RTF: 0.0525(0.223s / 4.250s)
generated_audios/generated_H2_256C_int8/237-134500-0015_generated.wav | RTF: 0.2493(2.696s / 10.815s) | Generator RTF: 0.2489(2.692s / 10.815s)
generated_audios/generated_H2_256C_int8/237-134500-0016_generated.wav | RTF: 0.0606(0.192s / 3.160s) | Generator RTF: 0.0595(0.188s / 3.160s)
generated_audios/generated_H2_256C_int8/237-134500-0017_generated.wav | RTF: 0.0619(0.135s / 2.180s) | Generator RTF: 0.0603(0.131s / 2.180s)
generated_audios/generated_H2_256C_int8/237-134500-0018_generated.wav | RTF: 0.2737(3.516s / 12.845s) | Generator RTF: 0.2734(3.512s / 12.845s)
generated_audios/generated_H2_256C_int8/237-134500-0019_generated.wav | RTF: 0.2412(0.690s / 2.860s) | Generator RTF: 0.2402(0.687s / 2.860s)
generated_audios/generated_H2_256C_int8/237-134500-0020_generated.wav | RTF: 0.0568(0.124s / 2.180s) | Generator RTF: 0.0554(0.121s / 2.180s)
generated_audios/generated_H2_256C_int8/237-134500-0021_generated.wav | RTF: 0.2404(1.231s / 5.120s) | Generator RTF: 0.2397(1.227s / 5.120s)
generated_audios/generated_H2_256C_int8/237-134500-0022_generated.wav | RTF: 0.2409(1.244s / 5.165s) | Generator RTF: 0.2403(1.241s / 5.165s)
generated_audios/generated_H2_256C_int8/237-134500-0023_generated.wav | RTF: 0.2475(0.757s / 3.060s) | Generator RTF: 0.2463(0.754s / 3.060s)
generated_audios/generated_H2_256C_int8/237-134500-0024_generated.wav | RTF: 0.0573(0.253s / 4.410s) | Generator RTF: 0.0567(0.250s / 4.410s)
generated_audios/generated_H2_256C_int8/237-134500-0025_generated.wav | RTF: 0.2517(0.410s / 1.630s) | Generator RTF: 0.2498(0.407s / 1.630s)
generated_audios/generated_H2_256C_int8/237-134500-0026_generated.wav | RTF: 0.2472(0.754s / 3.050s) | Generator RTF: 0.2462(0.751s / 3.050s)
generated_audios/generated_H2_256C_int8/237-134500-0027_generated.wav | RTF: 0.2475(0.809s / 3.270s) | Generator RTF: 0.2465(0.806s / 3.270s)
generated_audios/generated_H2_256C_int8/237-134500-0028_generated.wav | RTF: 0.2491(1.127s / 4.525s) | Generator RTF: 0.2484(1.124s / 4.525s)
generated_audios/generated_H2_256C_int8/237-134500-0029_generated.wav | RTF: 0.2413(0.498s / 2.065s) | Generator RTF: 0.2397(0.495s / 2.065s)
generated_audios/generated_H2_256C_int8/237-134500-0030_generated.wav | RTF: 0.2481(0.690s / 2.780s) | Generator RTF: 0.2470(0.687s / 2.780s)
generated_audios/generated_H2_256C_int8/237-134500-0031_generated.wav | RTF: 0.2496(2.648s / 10.610s) | Generator RTF: 0.2492(2.644s / 10.610s)
generated_audios/generated_H2_256C_int8/237-134500-0032_generated.wav | RTF: 0.0577(0.290s / 5.025s) | Generator RTF: 0.0571(0.287s / 5.025s)
generated_audios/generated_H2_256C_int8/237-134500-0033_generated.wav | RTF: 0.2420(1.537s / 6.350s) | Generator RTF: 0.2415(1.533s / 6.350s)
generated_audios/generated_H2_256C_int8/237-134500-0034_generated.wav | RTF: 0.2434(0.748s / 3.075s) | Generator RTF: 0.2422(0.745s / 3.075s)
generated_audios/generated_H2_256C_int8/237-134500-0035_generated.wav | RTF: 0.2543(0.650s / 2.555s) | Generator RTF: 0.2530(0.646s / 2.555s)
generated_audios/generated_H2_256C_int8/237-134500-0036_generated.wav | RTF: 0.2476(1.634s / 6.600s) | Generator RTF: 0.2470(1.630s / 6.600s)
generated_audios/generated_H2_256C_int8/237-134500-0037_generated.wav | RTF: 0.2487(1.767s / 7.105s) | Generator RTF: 0.2481(1.763s / 7.105s)
generated_audios/generated_H2_256C_int8/237-134500-0038_generated.wav | RTF: 0.2486(0.605s / 2.435s) | Generator RTF: 0.2470(0.601s / 2.435s)
generated_audios/generated_H2_256C_int8/237-134500-0039_generated.wav | RTF: 0.2476(1.146s / 4.630s) | Generator RTF: 0.2468(1.143s / 4.630s)
generated_audios/generated_H2_256C_int8/237-134500-0040_generated.wav | RTF: 0.0577(0.233s / 4.030s) | Generator RTF: 0.0569(0.229s / 4.030s)
generated_audios/generated_H2_256C_int8/237-134500-0041_generated.wav | RTF: 0.0634(0.565s / 8.920s) | Generator RTF: 0.0629(0.561s / 8.920s)
generated_audios/generated_H2_256C_int8/237-134500-0042_generated.wav | RTF: 0.2462(0.634s / 2.575s) | Generator RTF: 0.2448(0.630s / 2.575s)
generated_audios/generated_H2_256C_int8/260-123286-0000_generated.wav | RTF: 0.2443(1.720s / 7.040s) | Generator RTF: 0.2438(1.716s / 7.040s)
generated_audios/generated_H2_256C_int8/260-123286-0001_generated.wav | RTF: 0.0550(0.169s / 3.070s) | Generator RTF: 0.0539(0.166s / 3.070s)
generated_audios/generated_H2_256C_int8/260-123286-0002_generated.wav | RTF: 0.2471(2.468s / 9.985s) | Generator RTF: 0.2467(2.463s / 9.985s)
generated_audios/generated_H2_256C_int8/260-123286-0003_generated.wav | RTF: 0.2450(1.806s / 7.370s) | Generator RTF: 0.2444(1.802s / 7.370s)
generated_audios/generated_H2_256C_int8/260-123286-0004_generated.wav | RTF: 0.2545(0.882s / 3.465s) | Generator RTF: 0.2535(0.878s / 3.465s)
generated_audios/generated_H2_256C_int8/260-123286-0005_generated.wav | RTF: 0.2425(1.167s / 4.810s) | Generator RTF: 0.2418(1.163s / 4.810s)
generated_audios/generated_H2_256C_int8/260-123286-0006_generated.wav | RTF: 0.2480(1.836s / 7.405s) | Generator RTF: 0.2474(1.832s / 7.405s)
generated_audios/generated_H2_256C_int8/260-123286-0007_generated.wav | RTF: 0.2423(1.102s / 4.550s) | Generator RTF: 0.2415(1.099s / 4.550s)
generated_audios/generated_H2_256C_int8/260-123286-0008_generated.wav | RTF: 0.2430(0.907s / 3.735s) | Generator RTF: 0.2421(0.904s / 3.735s)
generated_audios/generated_H2_256C_int8/260-123286-0009_generated.wav | RTF: 0.2450(1.420s / 5.795s) | Generator RTF: 0.2444(1.416s / 5.795s)
generated_audios/generated_H2_256C_int8/260-123286-0010_generated.wav | RTF: 0.0546(0.141s / 2.575s) | Generator RTF: 0.0534(0.138s / 2.575s)
generated_audios/generated_H2_256C_int8/260-123286-0011_generated.wav | RTF: 0.0526(0.224s / 4.255s) | Generator RTF: 0.0517(0.220s / 4.255s)
generated_audios/generated_H2_256C_int8/260-123286-0012_generated.wav | RTF: 0.0547(0.133s / 2.430s) | Generator RTF: 0.0533(0.129s / 2.430s)
generated_audios/generated_H2_256C_int8/260-123286-0013_generated.wav | RTF: 0.2462(1.165s / 4.730s) | Generator RTF: 0.2455(1.161s / 4.730s)
generated_audios/generated_H2_256C_int8/260-123286-0014_generated.wav | RTF: 0.0916(0.273s / 2.980s) | Generator RTF: 0.0905(0.270s / 2.980s)
generated_audios/generated_H2_256C_int8/260-123286-0015_generated.wav | RTF: 0.2508(1.307s / 5.210s) | Generator RTF: 0.2502(1.304s / 5.210s)
generated_audios/generated_H2_256C_int8/260-123286-0016_generated.wav | RTF: 0.2502(1.752s / 7.000s) | Generator RTF: 0.2497(1.748s / 7.000s)
generated_audios/generated_H2_256C_int8/260-123286-0017_generated.wav | RTF: 0.2425(0.964s / 3.975s) | Generator RTF: 0.2416(0.960s / 3.975s)
generated_audios/generated_H2_256C_int8/260-123286-0018_generated.wav | RTF: 0.2464(1.397s / 5.670s) | Generator RTF: 0.2458(1.393s / 5.670s)
generated_audios/generated_H2_256C_int8/260-123286-0019_generated.wav | RTF: 0.2761(3.287s / 11.905s) | Generator RTF: 0.2757(3.283s / 11.905s)
generated_audios/generated_H2_256C_int8/260-123286-0020_generated.wav | RTF: 0.0552(0.169s / 3.060s) | Generator RTF: 0.0541(0.165s / 3.060s)
generated_audios/generated_H2_256C_int8/260-123286-0021_generated.wav | RTF: 0.2400(0.612s / 2.550s) | Generator RTF: 0.2389(0.609s / 2.550s)
generated_audios/generated_H2_256C_int8/260-123286-0022_generated.wav | RTF: 0.2487(0.804s / 3.235s) | Generator RTF: 0.2477(0.801s / 3.235s)
generated_audios/generated_H2_256C_int8/260-123286-0023_generated.wav | RTF: 0.2481(1.458s / 5.875s) | Generator RTF: 0.2475(1.454s / 5.875s)
generated_audios/generated_H2_256C_int8/260-123286-0024_generated.wav | RTF: 0.2430(0.739s / 3.040s) | Generator RTF: 0.2419(0.735s / 3.040s)
generated_audios/generated_H2_256C_int8/260-123286-0025_generated.wav | RTF: 0.2444(2.250s / 9.205s) | Generator RTF: 0.2440(2.246s / 9.205s)
generated_audios/generated_H2_256C_int8/260-123286-0026_generated.wav | RTF: 0.2426(1.683s / 6.940s) | Generator RTF: 0.2420(1.680s / 6.940s)
generated_audios/generated_H2_256C_int8/260-123286-0027_generated.wav | RTF: 0.2449(1.756s / 7.170s) | Generator RTF: 0.2444(1.752s / 7.170s)
generated_audios/generated_H2_256C_int8/260-123286-0028_generated.wav | RTF: 0.2442(1.823s / 7.465s) | Generator RTF: 0.2437(1.819s / 7.465s)
generated_audios/generated_H2_256C_int8/260-123286-0029_generated.wav | RTF: 0.0518(0.235s / 4.545s) | Generator RTF: 0.0511(0.232s / 4.545s)
generated_audios/generated_H2_256C_int8/260-123286-0030_generated.wav | RTF: 0.0541(0.408s / 7.530s) | Generator RTF: 0.0536(0.404s / 7.530s)
generated_audios/generated_H2_256C_int8/260-123286-0031_generated.wav | RTF: 0.2408(1.219s / 5.060s) | Generator RTF: 0.2402(1.215s / 5.060s)
generated_audios/generated_H2_256C_int8/260-123288-0000_generated.wav | RTF: 0.0541(0.164s / 3.040s) | Generator RTF: 0.0529(0.161s / 3.040s)
generated_audios/generated_H2_256C_int8/260-123288-0001_generated.wav | RTF: 0.0565(0.287s / 5.080s) | Generator RTF: 0.0558(0.283s / 5.080s)
generated_audios/generated_H2_256C_int8/260-123288-0002_generated.wav | RTF: 0.2470(1.791s / 7.250s) | Generator RTF: 0.2465(1.787s / 7.250s)
generated_audios/generated_H2_256C_int8/260-123288-0003_generated.wav | RTF: 0.2470(2.199s / 8.905s) | Generator RTF: 0.2465(2.195s / 8.905s)
generated_audios/generated_H2_256C_int8/260-123288-0004_generated.wav | RTF: 0.2492(1.074s / 4.310s) | Generator RTF: 0.2482(1.070s / 4.310s)
generated_audios/generated_H2_256C_int8/260-123288-0005_generated.wav | RTF: 0.2733(3.429s / 12.550s) | Generator RTF: 0.2729(3.425s / 12.550s)
generated_audios/generated_H2_256C_int8/260-123288-0006_generated.wav | RTF: 0.2423(1.182s / 4.880s) | Generator RTF: 0.2415(1.179s / 4.880s)
generated_audios/generated_H2_256C_int8/260-123288-0007_generated.wav | RTF: 0.2512(2.813s / 11.200s) | Generator RTF: 0.2508(2.809s / 11.200s)
generated_audios/generated_H2_256C_int8/260-123288-0008_generated.wav | RTF: 0.2482(1.369s / 5.515s) | Generator RTF: 0.2475(1.365s / 5.515s)
generated_audios/generated_H2_256C_int8/260-123288-0009_generated.wav | RTF: 0.2487(0.854s / 3.435s) | Generator RTF: 0.2477(0.851s / 3.435s)
generated_audios/generated_H2_256C_int8/260-123288-0010_generated.wav | RTF: 0.0544(0.544s / 9.995s) | Generator RTF: 0.0540(0.539s / 9.995s)
generated_audios/generated_H2_256C_int8/260-123288-0011_generated.wav | RTF: 0.2456(2.206s / 8.980s) | Generator RTF: 0.2452(2.202s / 8.980s)
generated_audios/generated_H2_256C_int8/260-123288-0012_generated.wav | RTF: 0.2506(0.888s / 3.545s) | Generator RTF: 0.2496(0.885s / 3.545s)
generated_audios/generated_H2_256C_int8/260-123288-0013_generated.wav | RTF: 0.2506(2.853s / 11.385s) | Generator RTF: 0.2502(2.849s / 11.385s)
generated_audios/generated_H2_256C_int8/260-123288-0014_generated.wav | RTF: 0.0629(0.114s / 1.805s) | Generator RTF: 0.0611(0.110s / 1.805s)
generated_audios/generated_H2_256C_int8/260-123288-0015_generated.wav | RTF: 0.2700(5.720s / 21.185s) | Generator RTF: 0.2698(5.715s / 21.185s)
generated_audios/generated_H2_256C_int8/260-123288-0016_generated.wav | RTF: 0.2496(1.214s / 4.865s) | Generator RTF: 0.2487(1.210s / 4.865s)
generated_audios/generated_H2_256C_int8/260-123288-0017_generated.wav | RTF: 0.2436(1.273s / 5.225s) | Generator RTF: 0.2429(1.269s / 5.225s)
generated_audios/generated_H2_256C_int8/260-123288-0018_generated.wav | RTF: 0.2444(0.793s / 3.245s) | Generator RTF: 0.2433(0.790s / 3.245s)
generated_audios/generated_H2_256C_int8/260-123288-0019_generated.wav | RTF: 0.0595(0.176s / 2.955s) | Generator RTF: 0.0583(0.172s / 2.955s)
generated_audios/generated_H2_256C_int8/260-123288-0020_generated.wav | RTF: 0.2436(0.706s / 2.900s) | Generator RTF: 0.2429(0.704s / 2.900s)
generated_audios/generated_H2_256C_int8/260-123288-0021_generated.wav | RTF: 0.0590(0.160s / 2.710s) | Generator RTF: 0.0577(0.156s / 2.710s)
generated_audios/generated_H2_256C_int8/260-123288-0022_generated.wav | RTF: 0.2490(0.923s / 3.705s) | Generator RTF: 0.2481(0.919s / 3.705s)
generated_audios/generated_H2_256C_int8/260-123288-0023_generated.wav | RTF: 0.0594(0.142s / 2.385s) | Generator RTF: 0.0581(0.139s / 2.385s)
generated_audios/generated_H2_256C_int8/260-123288-0024_generated.wav | RTF: 0.2706(3.950s / 14.595s) | Generator RTF: 0.2703(3.945s / 14.595s)
generated_audios/generated_H2_256C_int8/260-123288-0025_generated.wav | RTF: 0.2673(3.594s / 13.445s) | Generator RTF: 0.2669(3.589s / 13.445s)
generated_audios/generated_H2_256C_int8/260-123288-0026_generated.wav | RTF: 0.2679(4.296s / 16.040s) | Generator RTF: 0.2675(4.291s / 16.040s)
generated_audios/generated_H2_256C_int8/260-123288-0027_generated.wav | RTF: 0.2456(1.548s / 6.305s) | Generator RTF: 0.2449(1.544s / 6.305s)
generated_audios/generated_H2_256C_int8/260-123288-0028_generated.wav | RTF: 0.2546(0.665s / 2.610s) | Generator RTF: 0.2534(0.661s / 2.610s)
generated_audios/generated_H2_256C_int8/260-123440-0000_generated.wav | RTF: 0.2473(0.535s / 2.165s) | Generator RTF: 0.2457(0.532s / 2.165s)
generated_audios/generated_H2_256C_int8/260-123440-0001_generated.wav | RTF: 0.2606(0.453s / 1.740s) | Generator RTF: 0.2584(0.450s / 1.740s)
generated_audios/generated_H2_256C_int8/260-123440-0002_generated.wav | RTF: 0.2740(4.031s / 14.715s) | Generator RTF: 0.2736(4.027s / 14.715s)
generated_audios/generated_H2_256C_int8/260-123440-0003_generated.wav | RTF: 0.2528(0.906s / 3.585s) | Generator RTF: 0.2519(0.903s / 3.585s)
generated_audios/generated_H2_256C_int8/260-123440-0004_generated.wav | RTF: 0.2739(3.292s / 12.020s) | Generator RTF: 0.2735(3.288s / 12.020s)
generated_audios/generated_H2_256C_int8/260-123440-0005_generated.wav | RTF: 0.0595(0.185s / 3.105s) | Generator RTF: 0.0584(0.181s / 3.105s)
generated_audios/generated_H2_256C_int8/260-123440-0006_generated.wav | RTF: 0.0558(0.152s / 2.715s) | Generator RTF: 0.0546(0.148s / 2.715s)
generated_audios/generated_H2_256C_int8/260-123440-0007_generated.wav | RTF: 0.2449(0.829s / 3.385s) | Generator RTF: 0.2439(0.826s / 3.385s)
generated_audios/generated_H2_256C_int8/260-123440-0008_generated.wav | RTF: 0.2530(0.948s / 3.745s) | Generator RTF: 0.2521(0.944s / 3.745s)
generated_audios/generated_H2_256C_int8/260-123440-0009_generated.wav | RTF: 0.2523(0.786s / 3.115s) | Generator RTF: 0.2512(0.782s / 3.115s)
generated_audios/generated_H2_256C_int8/260-123440-0010_generated.wav | RTF: 0.2536(2.109s / 8.315s) | Generator RTF: 0.2532(2.105s / 8.315s)
generated_audios/generated_H2_256C_int8/260-123440-0011_generated.wav | RTF: 0.0533(0.260s / 4.870s) | Generator RTF: 0.0525(0.256s / 4.870s)
generated_audios/generated_H2_256C_int8/260-123440-0012_generated.wav | RTF: 0.2511(1.317s / 5.245s) | Generator RTF: 0.2504(1.314s / 5.245s)
generated_audios/generated_H2_256C_int8/260-123440-0013_generated.wav | RTF: 0.2541(0.883s / 3.475s) | Generator RTF: 0.2531(0.880s / 3.475s)
generated_audios/generated_H2_256C_int8/260-123440-0014_generated.wav | RTF: 0.2538(0.968s / 3.815s) | Generator RTF: 0.2529(0.965s / 3.815s)
generated_audios/generated_H2_256C_int8/260-123440-0015_generated.wav | RTF: 0.0558(0.346s / 6.200s) | Generator RTF: 0.0552(0.342s / 6.200s)
generated_audios/generated_H2_256C_int8/260-123440-0016_generated.wav | RTF: 0.2553(1.250s / 4.895s) | Generator RTF: 0.2545(1.246s / 4.895s)
generated_audios/generated_H2_256C_int8/260-123440-0017_generated.wav | RTF: 0.0596(0.183s / 3.070s) | Generator RTF: 0.0585(0.180s / 3.070s)
generated_audios/generated_H2_256C_int8/260-123440-0018_generated.wav | RTF: 0.2526(0.919s / 3.640s) | Generator RTF: 0.2517(0.916s / 3.640s)
generated_audios/generated_H2_256C_int8/260-123440-0019_generated.wav | RTF: 0.2491(1.652s / 6.630s) | Generator RTF: 0.2486(1.648s / 6.630s)
generated_audios/generated_H2_256C_int8/260-123440-0020_generated.wav | RTF: 0.2527(1.262s / 4.995s) | Generator RTF: 0.2519(1.258s / 4.995s)
generated_audios/generated_H2_256C_int8/61-70968-0000_generated.wav | RTF: 0.2566(1.259s / 4.905s) | Generator RTF: 0.2558(1.255s / 4.905s)
generated_audios/generated_H2_256C_int8/61-70968-0001_generated.wav | RTF: 0.2534(0.915s / 3.610s) | Generator RTF: 0.2523(0.911s / 3.610s)
generated_audios/generated_H2_256C_int8/61-70968-0002_generated.wav | RTF: 0.2504(0.744s / 2.970s) | Generator RTF: 0.2493(0.740s / 2.970s)
generated_audios/generated_H2_256C_int8/61-70968-0003_generated.wav | RTF: 0.0531(0.229s / 4.315s) | Generator RTF: 0.0522(0.225s / 4.315s)
generated_audios/generated_H2_256C_int8/61-70968-0004_generated.wav | RTF: 0.2578(1.001s / 3.885s) | Generator RTF: 0.2568(0.998s / 3.885s)
generated_audios/generated_H2_256C_int8/61-70968-0005_generated.wav | RTF: 0.0577(0.292s / 5.070s) | Generator RTF: 0.0569(0.289s / 5.070s)
generated_audios/generated_H2_256C_int8/61-70968-0006_generated.wav | RTF: 0.2435(0.715s / 2.935s) | Generator RTF: 0.2424(0.711s / 2.935s)
generated_audios/generated_H2_256C_int8/61-70968-0007_generated.wav | RTF: 0.0536(0.190s / 3.550s) | Generator RTF: 0.0526(0.187s / 3.550s)
generated_audios/generated_H2_256C_int8/61-70968-0008_generated.wav | RTF: 0.0609(0.215s / 3.535s) | Generator RTF: 0.0600(0.212s / 3.535s)
generated_audios/generated_H2_256C_int8/61-70968-0009_generated.wav | RTF: 0.2499(1.127s / 4.510s) | Generator RTF: 0.2490(1.123s / 4.510s)
generated_audios/generated_H2_256C_int8/61-70968-0010_generated.wav | RTF: 0.2499(2.073s / 8.295s) | Generator RTF: 0.2494(2.069s / 8.295s)
generated_audios/generated_H2_256C_int8/61-70968-0011_generated.wav | RTF: 0.2496(1.591s / 6.375s) | Generator RTF: 0.2491(1.588s / 6.375s)
generated_audios/generated_H2_256C_int8/61-70968-0012_generated.wav | RTF: 0.0578(0.151s / 2.610s) | Generator RTF: 0.0565(0.147s / 2.610s)
generated_audios/generated_H2_256C_int8/61-70968-0013_generated.wav | RTF: 0.0567(0.252s / 4.450s) | Generator RTF: 0.0559(0.249s / 4.450s)
generated_audios/generated_H2_256C_int8/61-70968-0014_generated.wav | RTF: 0.2563(1.918s / 7.485s) | Generator RTF: 0.2558(1.915s / 7.485s)
generated_audios/generated_H2_256C_int8/61-70968-0015_generated.wav | RTF: 0.2528(1.359s / 5.375s) | Generator RTF: 0.2521(1.355s / 5.375s)
generated_audios/generated_H2_256C_int8/61-70968-0016_generated.wav | RTF: 0.2632(0.979s / 3.720s) | Generator RTF: 0.2624(0.976s / 3.720s)
generated_audios/generated_H2_256C_int8/61-70968-0017_generated.wav | RTF: 0.2565(1.311s / 5.110s) | Generator RTF: 0.2558(1.307s / 5.110s)
generated_audios/generated_H2_256C_int8/61-70968-0018_generated.wav | RTF: 0.2508(0.603s / 2.405s) | Generator RTF: 0.2493(0.600s / 2.405s)
generated_audios/generated_H2_256C_int8/61-70968-0019_generated.wav | RTF: 0.2527(1.383s / 5.475s) | Generator RTF: 0.2520(1.380s / 5.475s)
generated_audios/generated_H2_256C_int8/61-70968-0020_generated.wav | RTF: 0.2623(1.339s / 5.105s) | Generator RTF: 0.2616(1.335s / 5.105s)
generated_audios/generated_H2_256C_int8/61-70968-0021_generated.wav | RTF: 0.2515(0.676s / 2.690s) | Generator RTF: 0.2503(0.673s / 2.690s)
generated_audios/generated_H2_256C_int8/61-70968-0022_generated.wav | RTF: 0.0567(0.265s / 4.670s) | Generator RTF: 0.0560(0.261s / 4.670s)
generated_audios/generated_H2_256C_int8/61-70968-0023_generated.wav | RTF: 0.0578(0.291s / 5.025s) | Generator RTF: 0.0571(0.287s / 5.025s)
generated_audios/generated_H2_256C_int8/61-70968-0024_generated.wav | RTF: 0.2570(1.548s / 6.025s) | Generator RTF: 0.2564(1.545s / 6.025s)
generated_audios/generated_H2_256C_int8/61-70968-0025_generated.wav | RTF: 0.0570(0.251s / 4.410s) | Generator RTF: 0.0563(0.248s / 4.410s)
generated_audios/generated_H2_256C_int8/61-70968-0026_generated.wav | RTF: 0.2513(1.237s / 4.920s) | Generator RTF: 0.2506(1.233s / 4.920s)
generated_audios/generated_H2_256C_int8/61-70968-0027_generated.wav | RTF: 0.2529(1.737s / 6.870s) | Generator RTF: 0.2523(1.733s / 6.870s)
generated_audios/generated_H2_256C_int8/61-70968-0028_generated.wav | RTF: 0.2543(1.362s / 5.355s) | Generator RTF: 0.2536(1.358s / 5.355s)
generated_audios/generated_H2_256C_int8/61-70968-0029_generated.wav | RTF: 0.2600(0.909s / 3.495s) | Generator RTF: 0.2591(0.905s / 3.495s)
generated_audios/generated_H2_256C_int8/61-70968-0030_generated.wav | RTF: 0.2548(1.448s / 5.685s) | Generator RTF: 0.2541(1.445s / 5.685s)
generated_audios/generated_H2_256C_int8/61-70968-0031_generated.wav | RTF: 0.2582(0.755s / 2.925s) | Generator RTF: 0.2571(0.752s / 2.925s)
generated_audios/generated_H2_256C_int8/61-70968-0032_generated.wav | RTF: 0.0606(0.259s / 4.280s) | Generator RTF: 0.0598(0.256s / 4.280s)
generated_audios/generated_H2_256C_int8/61-70968-0033_generated.wav | RTF: 0.0523(0.297s / 5.685s) | Generator RTF: 0.0517(0.294s / 5.685s)
generated_audios/generated_H2_256C_int8/61-70968-0034_generated.wav | RTF: 0.2586(1.094s / 4.230s) | Generator RTF: 0.2578(1.091s / 4.230s)
generated_audios/generated_H2_256C_int8/61-70968-0035_generated.wav | RTF: 0.2590(2.059s / 7.950s) | Generator RTF: 0.2585(2.055s / 7.950s)
generated_audios/generated_H2_256C_int8/61-70968-0036_generated.wav | RTF: 0.0549(0.161s / 2.935s) | Generator RTF: 0.0536(0.157s / 2.935s)
generated_audios/generated_H2_256C_int8/61-70968-0037_generated.wav | RTF: 0.0533(0.230s / 4.315s) | Generator RTF: 0.0525(0.226s / 4.315s)
generated_audios/generated_H2_256C_int8/61-70968-0038_generated.wav | RTF: 0.2723(0.558s / 2.050s) | Generator RTF: 0.2708(0.555s / 2.050s)
generated_audios/generated_H2_256C_int8/61-70968-0039_generated.wav | RTF: 0.2541(0.967s / 3.805s) | Generator RTF: 0.2532(0.963s / 3.805s)
generated_audios/generated_H2_256C_int8/61-70968-0040_generated.wav | RTF: 0.2628(1.038s / 3.950s) | Generator RTF: 0.2619(1.034s / 3.950s)
generated_audios/generated_H2_256C_int8/61-70968-0041_generated.wav | RTF: 0.0556(0.379s / 6.825s) | Generator RTF: 0.0552(0.377s / 6.825s)
generated_audios/generated_H2_256C_int8/61-70968-0042_generated.wav | RTF: 0.0590(0.164s / 2.785s) | Generator RTF: 0.0577(0.161s / 2.785s)
generated_audios/generated_H2_256C_int8/61-70968-0043_generated.wav | RTF: 0.2645(1.781s / 6.735s) | Generator RTF: 0.2639(1.777s / 6.735s)
generated_audios/generated_H2_256C_int8/61-70968-0044_generated.wav | RTF: 0.0590(0.163s / 2.770s) | Generator RTF: 0.0579(0.160s / 2.770s)
generated_audios/generated_H2_256C_int8/61-70968-0045_generated.wav | RTF: 0.0592(0.206s / 3.475s) | Generator RTF: 0.0582(0.202s / 3.475s)
generated_audios/generated_H2_256C_int8/61-70968-0046_generated.wav | RTF: 0.0549(0.195s / 3.550s) | Generator RTF: 0.0540(0.192s / 3.550s)
generated_audios/generated_H2_256C_int8/61-70968-0047_generated.wav | RTF: 0.2542(1.214s / 4.775s) | Generator RTF: 0.2534(1.210s / 4.775s)
generated_audios/generated_H2_256C_int8/61-70968-0048_generated.wav | RTF: 0.2662(0.804s / 3.020s) | Generator RTF: 0.2650(0.800s / 3.020s)
generated_audios/generated_H2_256C_int8/61-70968-0049_generated.wav | RTF: 0.2641(2.179s / 8.250s) | Generator RTF: 0.2636(2.175s / 8.250s)
generated_audios/generated_H2_256C_int8/61-70968-0050_generated.wav | RTF: 0.2633(1.469s / 5.580s) | Generator RTF: 0.2626(1.465s / 5.580s)
generated_audios/generated_H2_256C_int8/61-70968-0051_generated.wav | RTF: 0.2649(0.830s / 3.135s) | Generator RTF: 0.2638(0.827s / 3.135s)
generated_audios/generated_H2_256C_int8/61-70968-0052_generated.wav | RTF: 0.2471(0.655s / 2.650s) | Generator RTF: 0.2459(0.652s / 2.650s)
generated_audios/generated_H2_256C_int8/61-70968-0053_generated.wav | RTF: 0.0571(0.241s / 4.220s) | Generator RTF: 0.0562(0.237s / 4.220s)
generated_audios/generated_H2_256C_int8/61-70968-0054_generated.wav | RTF: 0.2617(2.057s / 7.860s) | Generator RTF: 0.2612(2.053s / 7.860s)
generated_audios/generated_H2_256C_int8/61-70968-0055_generated.wav | RTF: 0.0574(0.227s / 3.965s) | Generator RTF: 0.0564(0.224s / 3.965s)
generated_audios/generated_H2_256C_int8/61-70968-0056_generated.wav | RTF: 0.2571(0.916s / 3.565s) | Generator RTF: 0.2560(0.913s / 3.565s)
generated_audios/generated_H2_256C_int8/61-70968-0057_generated.wav | RTF: 0.0557(0.282s / 5.065s) | Generator RTF: 0.0550(0.279s / 5.065s)
generated_audios/generated_H2_256C_int8/61-70968-0058_generated.wav | RTF: 0.2546(0.463s / 1.820s) | Generator RTF: 0.2528(0.460s / 1.820s)
generated_audios/generated_H2_256C_int8/61-70968-0059_generated.wav | RTF: 0.0605(0.131s / 2.170s) | Generator RTF: 0.0590(0.128s / 2.170s)
generated_audios/generated_H2_256C_int8/61-70968-0060_generated.wav | RTF: 0.0570(0.213s / 3.735s) | Generator RTF: 0.0560(0.209s / 3.735s)
generated_audios/generated_H2_256C_int8/61-70968-0061_generated.wav | RTF: 0.2703(1.495s / 5.530s) | Generator RTF: 0.2696(1.491s / 5.530s)
generated_audios/generated_H2_256C_int8/61-70968-0062_generated.wav | RTF: 0.0593(0.151s / 2.555s) | Generator RTF: 0.0580(0.148s / 2.555s)
generated_audios/generated_H2_256C_int8/61-70970-0000_generated.wav | RTF: 0.2687(1.632s / 6.075s) | Generator RTF: 0.2682(1.629s / 6.075s)
generated_audios/generated_H2_256C_int8/61-70970-0001_generated.wav | RTF: 0.2737(1.685s / 6.155s) | Generator RTF: 0.2731(1.681s / 6.155s)
generated_audios/generated_H2_256C_int8/61-70970-0002_generated.wav | RTF: 0.2811(1.171s / 4.165s) | Generator RTF: 0.2802(1.167s / 4.165s)
generated_audios/generated_H2_256C_int8/61-70970-0003_generated.wav | RTF: 0.2730(1.047s / 3.835s) | Generator RTF: 0.2721(1.043s / 3.835s)
generated_audios/generated_H2_256C_int8/61-70970-0004_generated.wav | RTF: 0.2751(2.893s / 10.515s) | Generator RTF: 0.2747(2.888s / 10.515s)
generated_audios/generated_H2_256C_int8/61-70970-0005_generated.wav | RTF: 0.2907(0.587s / 2.020s) | Generator RTF: 0.2891(0.584s / 2.020s)
generated_audios/generated_H2_256C_int8/61-70970-0006_generated.wav | RTF: 0.2888(0.674s / 2.335s) | Generator RTF: 0.2876(0.672s / 2.335s)
generated_audios/generated_H2_256C_int8/61-70970-0007_generated.wav | RTF: 0.2856(1.281s / 4.485s) | Generator RTF: 0.2848(1.277s / 4.485s)
generated_audios/generated_H2_256C_int8/61-70970-0008_generated.wav | RTF: 0.3023(0.650s / 2.150s) | Generator RTF: 0.3009(0.647s / 2.150s)
generated_audios/generated_H2_256C_int8/61-70970-0009_generated.wav | RTF: 0.2899(0.987s / 3.405s) | Generator RTF: 0.2889(0.984s / 3.405s)
generated_audios/generated_H2_256C_int8/61-70970-0010_generated.wav | RTF: 0.0579(0.176s / 3.045s) | Generator RTF: 0.0566(0.172s / 3.045s)
generated_audios/generated_H2_256C_int8/61-70970-0011_generated.wav | RTF: 0.0517(0.314s / 6.075s) | Generator RTF: 0.0511(0.311s / 6.075s)
generated_audios/generated_H2_256C_int8/61-70970-0012_generated.wav | RTF: 0.0559(0.175s / 3.135s) | Generator RTF: 0.0549(0.172s / 3.135s)
generated_audios/generated_H2_256C_int8/61-70970-0013_generated.wav | RTF: 0.2879(1.252s / 4.350s) | Generator RTF: 0.2871(1.249s / 4.350s)
generated_audios/generated_H2_256C_int8/61-70970-0014_generated.wav | RTF: 0.0534(0.182s / 3.405s) | Generator RTF: 0.0524(0.178s / 3.405s)
generated_audios/generated_H2_256C_int8/61-70970-0015_generated.wav | RTF: 0.2824(2.377s / 8.415s) | Generator RTF: 0.2820(2.373s / 8.415s)
generated_audios/generated_H2_256C_int8/61-70970-0016_generated.wav | RTF: 0.2835(1.239s / 4.370s) | Generator RTF: 0.2827(1.235s / 4.370s)
generated_audios/generated_H2_256C_int8/61-70970-0017_generated.wav | RTF: 0.0600(0.153s / 2.550s) | Generator RTF: 0.0585(0.149s / 2.550s)
generated_audios/generated_H2_256C_int8/61-70970-0018_generated.wav | RTF: 0.2786(1.281s / 4.600s) | Generator RTF: 0.2777(1.277s / 4.600s)
generated_audios/generated_H2_256C_int8/61-70970-0019_generated.wav | RTF: 0.2844(1.075s / 3.780s) | Generator RTF: 0.2835(1.072s / 3.780s)
generated_audios/generated_H2_256C_int8/61-70970-0020_generated.wav | RTF: 0.0577(0.290s / 5.025s) | Generator RTF: 0.0570(0.286s / 5.025s)
generated_audios/generated_H2_256C_int8/61-70970-0021_generated.wav | RTF: 0.2786(1.506s / 5.405s) | Generator RTF: 0.2779(1.502s / 5.405s)
generated_audios/generated_H2_256C_int8/61-70970-0022_generated.wav | RTF: 0.0525(0.209s / 3.970s) | Generator RTF: 0.0517(0.205s / 3.970s)
generated_audios/generated_H2_256C_int8/61-70970-0023_generated.wav | RTF: 0.0578(0.214s / 3.705s) | Generator RTF: 0.0569(0.211s / 3.705s)
generated_audios/generated_H2_256C_int8/61-70970-0024_generated.wav | RTF: 0.2809(2.032s / 7.235s) | Generator RTF: 0.2804(2.029s / 7.235s)
generated_audios/generated_H2_256C_int8/61-70970-0025_generated.wav | RTF: 0.2863(2.129s / 7.435s) | Generator RTF: 0.2858(2.125s / 7.435s)
generated_audios/generated_H2_256C_int8/61-70970-0026_generated.wav | RTF: 0.0559(0.306s / 5.475s) | Generator RTF: 0.0553(0.303s / 5.475s)
generated_audios/generated_H2_256C_int8/61-70970-0027_generated.wav | RTF: 0.0565(0.287s / 5.080s) | Generator RTF: 0.0558(0.283s / 5.080s)
generated_audios/generated_H2_256C_int8/61-70970-0028_generated.wav | RTF: 0.0553(0.362s / 6.550s) | Generator RTF: 0.0546(0.358s / 6.550s)
generated_audios/generated_H2_256C_int8/61-70970-0029_generated.wav | RTF: 0.0571(0.230s / 4.030s) | Generator RTF: 0.0562(0.227s / 4.030s)
generated_audios/generated_H2_256C_int8/61-70970-0030_generated.wav | RTF: 0.0585(0.190s / 3.240s) | Generator RTF: 0.0574(0.186s / 3.240s)
generated_audios/generated_H2_256C_int8/61-70970-0031_generated.wav | RTF: 0.2773(1.424s / 5.135s) | Generator RTF: 0.2766(1.420s / 5.135s)
generated_audios/generated_H2_256C_int8/61-70970-0032_generated.wav | RTF: 0.0539(0.169s / 3.135s) | Generator RTF: 0.0528(0.165s / 3.135s)
generated_audios/generated_H2_256C_int8/61-70970-0033_generated.wav | RTF: 0.2754(0.942s / 3.420s) | Generator RTF: 0.2744(0.938s / 3.420s)
generated_audios/generated_H2_256C_int8/61-70970-0034_generated.wav | RTF: 0.0524(0.235s / 4.485s) | Generator RTF: 0.0517(0.232s / 4.485s)
generated_audios/generated_H2_256C_int8/61-70970-0035_generated.wav | RTF: 0.0544(0.403s / 7.405s) | Generator RTF: 0.0539(0.399s / 7.405s)
generated_audios/generated_H2_256C_int8/61-70970-0036_generated.wav | RTF: 0.0547(0.371s / 6.785s) | Generator RTF: 0.0542(0.368s / 6.785s)
generated_audios/generated_H2_256C_int8/61-70970-0037_generated.wav | RTF: 0.2771(1.657s / 5.980s) | Generator RTF: 0.2765(1.653s / 5.980s)
generated_audios/generated_H2_256C_int8/61-70970-0038_generated.wav | RTF: 0.2797(2.909s / 10.400s) | Generator RTF: 0.2793(2.905s / 10.400s)
generated_audios/generated_H2_256C_int8/61-70970-0039_generated.wav | RTF: 0.0547(0.364s / 6.665s) | Generator RTF: 0.0541(0.361s / 6.665s)
generated_audios/generated_H2_256C_int8/61-70970-0040_generated.wav | RTF: 0.0526(0.219s / 4.165s) | Generator RTF: 0.0517(0.215s / 4.165s)
generated_audios/generated_H2_256C_int8/672-122797-0000_generated.wav | RTF: 0.2859(1.163s / 4.070s) | Generator RTF: 0.2850(1.160s / 4.070s)
generated_audios/generated_H2_256C_int8/672-122797-0001_generated.wav | RTF: 0.2777(4.201s / 15.130s) | Generator RTF: 0.2774(4.197s / 15.130s)
generated_audios/generated_H2_256C_int8/672-122797-0002_generated.wav | RTF: 0.2753(3.749s / 13.620s) | Generator RTF: 0.2749(3.744s / 13.620s)
generated_audios/generated_H2_256C_int8/672-122797-0003_generated.wav | RTF: 0.2877(1.369s / 4.760s) | Generator RTF: 0.2869(1.366s / 4.760s)
generated_audios/generated_H2_256C_int8/672-122797-0004_generated.wav | RTF: 0.2743(2.812s / 10.250s) | Generator RTF: 0.2739(2.807s / 10.250s)
generated_audios/generated_H2_256C_int8/672-122797-0005_generated.wav | RTF: 0.2929(0.955s / 3.260s) | Generator RTF: 0.2918(0.951s / 3.260s)
generated_audios/generated_H2_256C_int8/672-122797-0006_generated.wav | RTF: 0.2811(3.921s / 13.950s) | Generator RTF: 0.2807(3.916s / 13.950s)
generated_audios/generated_H2_256C_int8/672-122797-0007_generated.wav | RTF: 0.2800(1.797s / 6.420s) | Generator RTF: 0.2794(1.793s / 6.420s)
generated_audios/generated_H2_256C_int8/672-122797-0008_generated.wav | RTF: 0.2819(8.686s / 30.810s) | Generator RTF: 0.2817(8.679s / 30.810s)
generated_audios/generated_H2_256C_int8/672-122797-0009_generated.wav | RTF: 0.0592(0.164s / 2.765s) | Generator RTF: 0.0578(0.160s / 2.765s)
generated_audios/generated_H2_256C_int8/672-122797-0010_generated.wav | RTF: 0.0579(0.221s / 3.815s) | Generator RTF: 0.0569(0.217s / 3.815s)
generated_audios/generated_H2_256C_int8/672-122797-0011_generated.wav | RTF: 0.3075(0.781s / 2.540s) | Generator RTF: 0.3061(0.777s / 2.540s)
generated_audios/generated_H2_256C_int8/672-122797-0012_generated.wav | RTF: 0.2894(2.247s / 7.765s) | Generator RTF: 0.2889(2.243s / 7.765s)
generated_audios/generated_H2_256C_int8/672-122797-0013_generated.wav | RTF: 0.2792(2.431s / 8.705s) | Generator RTF: 0.2787(2.426s / 8.705s)
generated_audios/generated_H2_256C_int8/672-122797-0014_generated.wav | RTF: 0.0602(0.154s / 2.555s) | Generator RTF: 0.0589(0.150s / 2.555s)
generated_audios/generated_H2_256C_int8/672-122797-0015_generated.wav | RTF: 0.0566(0.252s / 4.455s) | Generator RTF: 0.0558(0.249s / 4.455s)
generated_audios/generated_H2_256C_int8/672-122797-0016_generated.wav | RTF: 0.2792(2.572s / 9.215s) | Generator RTF: 0.2787(2.568s / 9.215s)
generated_audios/generated_H2_256C_int8/672-122797-0017_generated.wav | RTF: 0.2850(1.374s / 4.820s) | Generator RTF: 0.2842(1.370s / 4.820s)
generated_audios/generated_H2_256C_int8/672-122797-0018_generated.wav | RTF: 0.2812(1.386s / 4.930s) | Generator RTF: 0.2804(1.383s / 4.930s)
generated_audios/generated_H2_256C_int8/672-122797-0019_generated.wav | RTF: 0.2793(1.148s / 4.110s) | Generator RTF: 0.2788(1.146s / 4.110s)
generated_audios/generated_H2_256C_int8/672-122797-0020_generated.wav | RTF: 0.2789(2.461s / 8.825s) | Generator RTF: 0.2784(2.457s / 8.825s)
generated_audios/generated_H2_256C_int8/672-122797-0021_generated.wav | RTF: 0.0568(0.236s / 4.150s) | Generator RTF: 0.0559(0.232s / 4.150s)
generated_audios/generated_H2_256C_int8/672-122797-0022_generated.wav | RTF: 0.2812(5.344s / 19.005s) | Generator RTF: 0.2809(5.338s / 19.005s)
generated_audios/generated_H2_256C_int8/672-122797-0023_generated.wav | RTF: 0.2798(2.713s / 9.695s) | Generator RTF: 0.2793(2.708s / 9.695s)
generated_audios/generated_H2_256C_int8/672-122797-0024_generated.wav | RTF: 0.2805(1.158s / 4.130s) | Generator RTF: 0.2797(1.155s / 4.130s)
generated_audios/generated_H2_256C_int8/672-122797-0025_generated.wav | RTF: 0.2795(2.988s / 10.690s) | Generator RTF: 0.2791(2.984s / 10.690s)
generated_audios/generated_H2_256C_int8/672-122797-0026_generated.wav | RTF: 0.2776(3.876s / 13.960s) | Generator RTF: 0.2773(3.871s / 13.960s)
generated_audios/generated_H2_256C_int8/672-122797-0027_generated.wav | RTF: 0.0555(0.266s / 4.790s) | Generator RTF: 0.0548(0.263s / 4.790s)
generated_audios/generated_H2_256C_int8/672-122797-0028_generated.wav | RTF: 0.0622(0.162s / 2.610s) | Generator RTF: 0.0609(0.159s / 2.610s)
generated_audios/generated_H2_256C_int8/672-122797-0029_generated.wav | RTF: 0.0590(0.180s / 3.050s) | Generator RTF: 0.0578(0.176s / 3.050s)
generated_audios/generated_H2_256C_int8/672-122797-0030_generated.wav | RTF: 0.2758(1.262s / 4.575s) | Generator RTF: 0.2750(1.258s / 4.575s)
generated_audios/generated_H2_256C_int8/672-122797-0031_generated.wav | RTF: 0.0576(0.229s / 3.980s) | Generator RTF: 0.0567(0.226s / 3.980s)
generated_audios/generated_H2_256C_int8/672-122797-0032_generated.wav | RTF: 0.0573(0.229s / 4.000s) | Generator RTF: 0.0566(0.226s / 4.000s)
generated_audios/generated_H2_256C_int8/672-122797-0033_generated.wav | RTF: 0.2853(0.367s / 1.285s) | Generator RTF: 0.2828(0.363s / 1.285s)
generated_audios/generated_H2_256C_int8/672-122797-0034_generated.wav | RTF: 0.0555(0.283s / 5.110s) | Generator RTF: 0.0548(0.280s / 5.110s)
generated_audios/generated_H2_256C_int8/672-122797-0035_generated.wav | RTF: 0.0587(0.170s / 2.900s) | Generator RTF: 0.0575(0.167s / 2.900s)
generated_audios/generated_H2_256C_int8/672-122797-0036_generated.wav | RTF: 0.0554(0.297s / 5.365s) | Generator RTF: 0.0547(0.293s / 5.365s)
generated_audios/generated_H2_256C_int8/672-122797-0037_generated.wav | RTF: 0.2753(0.540s / 1.960s) | Generator RTF: 0.2733(0.536s / 1.960s)
generated_audios/generated_H2_256C_int8/672-122797-0038_generated.wav | RTF: 0.2736(2.408s / 8.800s) | Generator RTF: 0.2732(2.404s / 8.800s)
generated_audios/generated_H2_256C_int8/672-122797-0039_generated.wav | RTF: 0.2766(1.113s / 4.025s) | Generator RTF: 0.2757(1.110s / 4.025s)
generated_audios/generated_H2_256C_int8/672-122797-0040_generated.wav | RTF: 0.0560(0.287s / 5.125s) | Generator RTF: 0.0553(0.283s / 5.125s)
generated_audios/generated_H2_256C_int8/672-122797-0041_generated.wav | RTF: 0.0578(0.224s / 3.880s) | Generator RTF: 0.0568(0.221s / 3.880s)
generated_audios/generated_H2_256C_int8/672-122797-0042_generated.wav | RTF: 0.2782(4.259s / 15.310s) | Generator RTF: 0.2779(4.254s / 15.310s)
generated_audios/generated_H2_256C_int8/672-122797-0043_generated.wav | RTF: 0.0577(0.218s / 3.780s) | Generator RTF: 0.0567(0.214s / 3.780s)
generated_audios/generated_H2_256C_int8/672-122797-0044_generated.wav | RTF: 0.0579(0.216s / 3.740s) | Generator RTF: 0.0569(0.213s / 3.740s)
generated_audios/generated_H2_256C_int8/672-122797-0045_generated.wav | RTF: 0.0519(0.725s / 13.960s) | Generator RTF: 0.0516(0.720s / 13.960s)
generated_audios/generated_H2_256C_int8/672-122797-0046_generated.wav | RTF: 0.2752(1.297s / 4.715s) | Generator RTF: 0.2744(1.294s / 4.715s)
generated_audios/generated_H2_256C_int8/672-122797-0047_generated.wav | RTF: 0.2780(0.924s / 3.325s) | Generator RTF: 0.2770(0.921s / 3.325s)
generated_audios/generated_H2_256C_int8/672-122797-0048_generated.wav | RTF: 0.0550(0.361s / 6.555s) | Generator RTF: 0.0545(0.357s / 6.555s)
generated_audios/generated_H2_256C_int8/672-122797-0049_generated.wav | RTF: 0.0617(0.125s / 2.020s) | Generator RTF: 0.0600(0.121s / 2.020s)
generated_audios/generated_H2_256C_int8/672-122797-0050_generated.wav | RTF: 0.2848(1.383s / 4.855s) | Generator RTF: 0.2840(1.379s / 4.855s)
generated_audios/generated_H2_256C_int8/672-122797-0051_generated.wav | RTF: 0.2800(1.306s / 4.665s) | Generator RTF: 0.2792(1.302s / 4.665s)
generated_audios/generated_H2_256C_int8/672-122797-0052_generated.wav | RTF: 0.2804(1.202s / 4.285s) | Generator RTF: 0.2795(1.198s / 4.285s)
generated_audios/generated_H2_256C_int8/672-122797-0053_generated.wav | RTF: 0.0590(0.174s / 2.955s) | Generator RTF: 0.0579(0.171s / 2.955s)
generated_audios/generated_H2_256C_int8/672-122797-0054_generated.wav | RTF: 0.0568(0.242s / 4.250s) | Generator RTF: 0.0561(0.238s / 4.250s)
generated_audios/generated_H2_256C_int8/672-122797-0055_generated.wav | RTF: 0.2789(2.295s / 8.230s) | Generator RTF: 0.2784(2.291s / 8.230s)
generated_audios/generated_H2_256C_int8/672-122797-0056_generated.wav | RTF: 0.0562(0.294s / 5.225s) | Generator RTF: 0.0554(0.290s / 5.225s)
generated_audios/generated_H2_256C_int8/672-122797-0057_generated.wav | RTF: 0.0556(0.365s / 6.560s) | Generator RTF: 0.0549(0.360s / 6.560s)
generated_audios/generated_H2_256C_int8/672-122797-0058_generated.wav | RTF: 0.2884(1.289s / 4.470s) | Generator RTF: 0.2875(1.285s / 4.470s)
generated_audios/generated_H2_256C_int8/672-122797-0059_generated.wav | RTF: 0.2819(0.992s / 3.520s) | Generator RTF: 0.2808(0.988s / 3.520s)
generated_audios/generated_H2_256C_int8/672-122797-0060_generated.wav | RTF: 0.0617(0.207s / 3.350s) | Generator RTF: 0.0606(0.203s / 3.350s)
generated_audios/generated_H2_256C_int8/672-122797-0061_generated.wav | RTF: 0.2767(2.100s / 7.590s) | Generator RTF: 0.2762(2.096s / 7.590s)
generated_audios/generated_H2_256C_int8/672-122797-0062_generated.wav | RTF: 0.2871(0.768s / 2.675s) | Generator RTF: 0.2858(0.765s / 2.675s)
generated_audios/generated_H2_256C_int8/672-122797-0063_generated.wav | RTF: 0.0554(0.281s / 5.075s) | Generator RTF: 0.0547(0.278s / 5.075s)
generated_audios/generated_H2_256C_int8/672-122797-0064_generated.wav | RTF: 0.2805(4.284s / 15.270s) | Generator RTF: 0.2802(4.279s / 15.270s)
generated_audios/generated_H2_256C_int8/672-122797-0065_generated.wav | RTF: 0.0593(0.180s / 3.030s) | Generator RTF: 0.0582(0.176s / 3.030s)
generated_audios/generated_H2_256C_int8/672-122797-0066_generated.wav | RTF: 0.0566(0.273s / 4.815s) | Generator RTF: 0.0559(0.269s / 4.815s)
generated_audios/generated_H2_256C_int8/672-122797-0067_generated.wav | RTF: 0.2763(3.602s / 13.035s) | Generator RTF: 0.2760(3.597s / 13.035s)
generated_audios/generated_H2_256C_int8/672-122797-0068_generated.wav | RTF: 0.0531(0.213s / 4.020s) | Generator RTF: 0.0522(0.210s / 4.020s)
generated_audios/generated_H2_256C_int8/672-122797-0069_generated.wav | RTF: 0.2840(1.423s / 5.010s) | Generator RTF: 0.2832(1.419s / 5.010s)
generated_audios/generated_H2_256C_int8/672-122797-0070_generated.wav | RTF: 0.2799(1.755s / 6.270s) | Generator RTF: 0.2793(1.751s / 6.270s)
generated_audios/generated_H2_256C_int8/672-122797-0071_generated.wav | RTF: 0.2836(2.517s / 8.875s) | Generator RTF: 0.2831(2.513s / 8.875s)
generated_audios/generated_H2_256C_int8/672-122797-0072_generated.wav | RTF: 0.2784(2.210s / 7.940s) | Generator RTF: 0.2778(2.206s / 7.940s)
generated_audios/generated_H2_256C_int8/672-122797-0073_generated.wav | RTF: 0.2807(2.303s / 8.205s) | Generator RTF: 0.2802(2.299s / 8.205s)
generated_audios/generated_H2_256C_int8/672-122797-0074_generated.wav | RTF: 0.2789(2.435s / 8.730s) | Generator RTF: 0.2784(2.431s / 8.730s)
generated_audios/generated_H2_256C_int8/908-157963-0000_generated.wav | RTF: 0.2767(3.492s / 12.620s) | Generator RTF: 0.2764(3.488s / 12.620s)
generated_audios/generated_H2_256C_int8/908-157963-0001_generated.wav | RTF: 0.2824(0.815s / 2.885s) | Generator RTF: 0.2811(0.811s / 2.885s)
generated_audios/generated_H2_256C_int8/908-157963-0002_generated.wav | RTF: 0.2705(0.745s / 2.755s) | Generator RTF: 0.2693(0.742s / 2.755s)
generated_audios/generated_H2_256C_int8/908-157963-0003_generated.wav | RTF: 0.2828(0.871s / 3.080s) | Generator RTF: 0.2816(0.867s / 3.080s)
generated_audios/generated_H2_256C_int8/908-157963-0004_generated.wav | RTF: 0.2784(3.895s / 13.990s) | Generator RTF: 0.2781(3.891s / 13.990s)
generated_audios/generated_H2_256C_int8/908-157963-0005_generated.wav | RTF: 0.2779(1.955s / 7.035s) | Generator RTF: 0.2773(1.951s / 7.035s)
generated_audios/generated_H2_256C_int8/908-157963-0006_generated.wav | RTF: 0.2818(2.286s / 8.110s) | Generator RTF: 0.2813(2.282s / 8.110s)
generated_audios/generated_H2_256C_int8/908-157963-0007_generated.wav | RTF: 0.2833(9.284s / 32.770s) | Generator RTF: 0.2831(9.276s / 32.770s)
generated_audios/generated_H2_256C_int8/908-157963-0008_generated.wav | RTF: 0.2778(5.542s / 19.950s) | Generator RTF: 0.2775(5.537s / 19.950s)
generated_audios/generated_H2_256C_int8/908-157963-0009_generated.wav | RTF: 0.2826(1.147s / 4.060s) | Generator RTF: 0.2817(1.144s / 4.060s)
generated_audios/generated_H2_256C_int8/908-157963-0010_generated.wav | RTF: 0.0514(0.323s / 6.280s) | Generator RTF: 0.0508(0.319s / 6.280s)
generated_audios/generated_H2_256C_int8/908-157963-0011_generated.wav | RTF: 0.0553(0.575s / 10.395s) | Generator RTF: 0.0549(0.571s / 10.395s)
generated_audios/generated_H2_256C_int8/908-157963-0012_generated.wav | RTF: 0.2808(2.833s / 10.090s) | Generator RTF: 0.2803(2.829s / 10.090s)
generated_audios/generated_H2_256C_int8/908-157963-0013_generated.wav | RTF: 0.0566(0.244s / 4.315s) | Generator RTF: 0.0558(0.241s / 4.315s)
generated_audios/generated_H2_256C_int8/908-157963-0014_generated.wav | RTF: 0.0568(0.257s / 4.520s) | Generator RTF: 0.0560(0.253s / 4.520s)
generated_audios/generated_H2_256C_int8/908-157963-0015_generated.wav | RTF: 0.2764(3.998s / 14.465s) | Generator RTF: 0.2761(3.993s / 14.465s)
generated_audios/generated_H2_256C_int8/908-157963-0016_generated.wav | RTF: 0.0561(0.286s / 5.105s) | Generator RTF: 0.0554(0.283s / 5.105s)
generated_audios/generated_H2_256C_int8/908-157963-0017_generated.wav | RTF: 0.2720(1.346s / 4.950s) | Generator RTF: 0.2713(1.343s / 4.950s)
generated_audios/generated_H2_256C_int8/908-157963-0018_generated.wav | RTF: 0.0529(0.225s / 4.255s) | Generator RTF: 0.0521(0.222s / 4.255s)
generated_audios/generated_H2_256C_int8/908-157963-0019_generated.wav | RTF: 0.2792(5.986s / 21.440s) | Generator RTF: 0.2789(5.981s / 21.440s)
generated_audios/generated_H2_256C_int8/908-157963-0020_generated.wav | RTF: 0.2790(2.735s / 9.800s) | Generator RTF: 0.2785(2.730s / 9.800s)
generated_audios/generated_H2_256C_int8/908-157963-0021_generated.wav | RTF: 0.0556(0.570s / 10.240s) | Generator RTF: 0.0552(0.566s / 10.240s)
generated_audios/generated_H2_256C_int8/908-157963-0022_generated.wav | RTF: 0.2851(1.314s / 4.610s) | Generator RTF: 0.2843(1.311s / 4.610s)
generated_audios/generated_H2_256C_int8/908-157963-0023_generated.wav | RTF: 0.2786(2.681s / 9.625s) | Generator RTF: 0.2782(2.678s / 9.625s)
generated_audios/generated_H2_256C_int8/908-157963-0024_generated.wav | RTF: 0.2815(0.968s / 3.440s) | Generator RTF: 0.2804(0.964s / 3.440s)
generated_audios/generated_H2_256C_int8/908-157963-0025_generated.wav | RTF: 0.2751(2.549s / 9.265s) | Generator RTF: 0.2747(2.545s / 9.265s)
generated_audios/generated_H2_256C_int8/908-157963-0026_generated.wav | RTF: 0.2788(2.258s / 8.100s) | Generator RTF: 0.2784(2.255s / 8.100s)
generated_audios/generated_H2_256C_int8/908-157963-0027_generated.wav | RTF: 0.0522(0.273s / 5.225s) | Generator RTF: 0.0515(0.269s / 5.225s)
generated_audios/generated_H2_256C_int8/908-157963-0028_generated.wav | RTF: 0.0517(0.256s / 4.955s) | Generator RTF: 0.0512(0.254s / 4.955s)
generated_audios/generated_H2_256C_int8/908-157963-0029_generated.wav | RTF: 0.2726(0.989s / 3.630s) | Generator RTF: 0.2716(0.986s / 3.630s)
generated_audios/generated_H2_256C_int8/908-157963-0030_generated.wav | RTF: 0.0528(0.239s / 4.520s) | Generator RTF: 0.0520(0.235s / 4.520s)
generated_audios/generated_H2_256C_int8/908-31957-0000_generated.wav | RTF: 0.2766(0.588s / 2.125s) | Generator RTF: 0.2750(0.584s / 2.125s)
generated_audios/generated_H2_256C_int8/908-31957-0001_generated.wav | RTF: 0.2769(3.133s / 11.315s) | Generator RTF: 0.2765(3.129s / 11.315s)
generated_audios/generated_H2_256C_int8/908-31957-0002_generated.wav | RTF: 0.0566(0.271s / 4.790s) | Generator RTF: 0.0556(0.266s / 4.790s)
generated_audios/generated_H2_256C_int8/908-31957-0003_generated.wav | RTF: 0.0549(0.361s / 6.565s) | Generator RTF: 0.0544(0.357s / 6.565s)
generated_audios/generated_H2_256C_int8/908-31957-0004_generated.wav | RTF: 0.2781(4.103s / 14.755s) | Generator RTF: 0.2777(4.098s / 14.755s)
generated_audios/generated_H2_256C_int8/908-31957-0005_generated.wav | RTF: 0.0566(0.254s / 4.490s) | Generator RTF: 0.0558(0.250s / 4.490s)
generated_audios/generated_H2_256C_int8/908-31957-0006_generated.wav | RTF: 0.2737(1.612s / 5.890s) | Generator RTF: 0.2730(1.608s / 5.890s)
generated_audios/generated_H2_256C_int8/908-31957-0007_generated.wav | RTF: 0.0552(0.320s / 5.800s) | Generator RTF: 0.0546(0.316s / 5.800s)
generated_audios/generated_H2_256C_int8/908-31957-0008_generated.wav | RTF: 0.2780(2.782s / 10.005s) | Generator RTF: 0.2776(2.777s / 10.005s)
generated_audios/generated_H2_256C_int8/908-31957-0009_generated.wav | RTF: 0.2768(2.133s / 7.705s) | Generator RTF: 0.2762(2.129s / 7.705s)
generated_audios/generated_H2_256C_int8/908-31957-0010_generated.wav | RTF: 0.2757(0.692s / 2.510s) | Generator RTF: 0.2744(0.689s / 2.510s)
generated_audios/generated_H2_256C_int8/908-31957-0011_generated.wav | RTF: 0.0601(0.140s / 2.335s) | Generator RTF: 0.0586(0.137s / 2.335s)
generated_audios/generated_H2_256C_int8/908-31957-0012_generated.wav | RTF: 0.2768(2.108s / 7.615s) | Generator RTF: 0.2763(2.104s / 7.615s)
generated_audios/generated_H2_256C_int8/908-31957-0013_generated.wav | RTF: 0.2777(1.716s / 6.180s) | Generator RTF: 0.2771(1.712s / 6.180s)
generated_audios/generated_H2_256C_int8/908-31957-0014_generated.wav | RTF: 0.2749(2.078s / 7.560s) | Generator RTF: 0.2743(2.074s / 7.560s)
generated_audios/generated_H2_256C_int8/908-31957-0015_generated.wav | RTF: 0.2801(6.012s / 21.465s) | Generator RTF: 0.2798(6.006s / 21.465s)
generated_audios/generated_H2_256C_int8/908-31957-0016_generated.wav | RTF: 0.2780(1.801s / 6.480s) | Generator RTF: 0.2774(1.797s / 6.480s)
generated_audios/generated_H2_256C_int8/908-31957-0017_generated.wav | RTF: 0.2798(2.181s / 7.795s) | Generator RTF: 0.2793(2.177s / 7.795s)
generated_audios/generated_H2_256C_int8/908-31957-0018_generated.wav | RTF: 0.2809(1.100s / 3.915s) | Generator RTF: 0.2800(1.096s / 3.915s)
generated_audios/generated_H2_256C_int8/908-31957-0019_generated.wav | RTF: 0.2807(2.678s / 9.540s) | Generator RTF: 0.2803(2.674s / 9.540s)
generated_audios/generated_H2_256C_int8/908-31957-0020_generated.wav | RTF: 0.0518(0.305s / 5.895s) | Generator RTF: 0.0512(0.302s / 5.895s)
generated_audios/generated_H2_256C_int8/908-31957-0021_generated.wav | RTF: 0.2771(3.022s / 10.905s) | Generator RTF: 0.2768(3.018s / 10.905s)
generated_audios/generated_H2_256C_int8/908-31957-0022_generated.wav | RTF: 0.2779(3.918s / 14.100s) | Generator RTF: 0.2775(3.913s / 14.100s)
generated_audios/generated_H2_256C_int8/908-31957-0023_generated.wav | RTF: 0.2750(2.342s / 8.515s) | Generator RTF: 0.2745(2.338s / 8.515s)
generated_audios/generated_H2_256C_int8/908-31957-0024_generated.wav | RTF: 0.2753(2.075s / 7.540s) | Generator RTF: 0.2747(2.072s / 7.540s)
generated_audios/generated_H2_256C_int8/908-31957-0025_generated.wav | RTF: 0.2919(6.001s / 20.560s) | Generator RTF: 0.2916(5.995s / 20.560s)
Average RTF: 0.2036(643.196s / 3159.849s)
Average Generator RTF: 0.2030(641.311s / 3159.849s)
Evaluation summary:
  Mel-spectrogram L1: 1.234484
  PESQ: 1.550696
  STOI: 0.836003
Appended per-audio metrics to CSV: per_audio_results/H2_quantized_resblocks

Appended metrics to CSV: experiments_results.csv
Appended to experiments_results.csv:
H2_512C_quantized_no_output,13926425,13.661,0.1487,0.1481,1.4572010083198548,0.8812692116216784,0.9844423063993454
========== Done ==========
=== JOB_STATISTICS ===
=== current date     : Sun Jul  5 01:59:44 PM CEST 2026
= Job-ID             : 1428678 on tinyfat
= Job-Name           : inference_256ch_h1-4
= Job-Command        : /home/hpc/vlbi/vlbi107v/hifi-gan/inference_Test.sh
= Initial workdir    : /home/hpc/vlbi/vlbi107v/hifi-gan
= Queue/Partition    : work
= Slurm account      : vlbi with QOS=normal
= Requested resources:  for 1-00:00:00
= Elapsed runtime    : 00:14:42
= Total RAM usage    : 13.2 GiB of requested  GiB (%)   
= Node list          : tf060
= Subm/Elig/Start/End: 2026-07-05T13:45:02 / 2026-07-05T13:45:02 / 2026-07-05T13:45:02 / 2026-07-05T13:59:44
======================
=== Quota infos ======
    Path                 Used     SoftQ    HardQ    Gracetime  Filec    FileQ    FiHaQ    FileGrace    
    /home/woody           281.2G  1000.0G  1500.0G        N/A     118K   5,000K   7,500K        N/A    
    /home/hpc              92.0G   104.9G   209.7G        N/A      86K     500K   1,000K        N/A    
======================
