### Starting TaskPrologue of job 1428666 on tf093 at Sun Jul  5 01:41:05 PM CEST 2026
Running on cores 24-31,88-95 with governor ondemand
No GPU known
### Finished TaskPrologue

==========(sbatch.tinyfat) Inference: 128 Channels (g_07960000) ==========
========== H2: quantized (INT8 dynamic quantization) ==========
Initializing Inference Process..
Using device: cpu (baseline and quantized inference both run on CPU)
Quantization enabled: forcing CPU inference for INT8 model.
Loading '/home/hpc/vlbi/vlbi107v/hifi-gan/cp_hifigan/v1_c128/g_07960000'
Complete.
Checkpoint contains weight_norm parameters. Keeping weight_norm wrappers for loading...
Removing weight norm...
Calibrating static quantization using 50 samples...
INT8 quantization scope: resblocks_range
Quantizing residual blocks 2..9; all other layers stay FP32.
Checking quantized modules after static quantization:
Quantized module: resblocks.2.convs1.0 (torch.ao.nn.quantized.modules.conv.Conv1d)
Quantized module: resblocks.2.convs1.1 (torch.ao.nn.quantized.modules.conv.Conv1d)
Quantized module: resblocks.2.convs1.2 (torch.ao.nn.quantized.modules.conv.Conv1d)
Quantized module: resblocks.2.convs2.0 (torch.ao.nn.quantized.modules.conv.Conv1d)
Quantized module: resblocks.2.convs2.1 (torch.ao.nn.quantized.modules.conv.Conv1d)
Quantized module: resblocks.2.convs2.2 (torch.ao.nn.quantized.modules.conv.Conv1d)
Quantized module: resblocks.3.convs1.0 (torch.ao.nn.quantized.modules.conv.Conv1d)
Quantized module: resblocks.3.convs1.1 (torch.ao.nn.quantized.modules.conv.Conv1d)
Quantized module: resblocks.3.convs1.2 (torch.ao.nn.quantized.modules.conv.Conv1d)
Quantized module: resblocks.3.convs2.0 (torch.ao.nn.quantized.modules.conv.Conv1d)
Quantized module: resblocks.3.convs2.1 (torch.ao.nn.quantized.modules.conv.Conv1d)
Quantized module: resblocks.3.convs2.2 (torch.ao.nn.quantized.modules.conv.Conv1d)
Quantized module: resblocks.4.convs1.0 (torch.ao.nn.quantized.modules.conv.Conv1d)
Quantized module: resblocks.4.convs1.1 (torch.ao.nn.quantized.modules.conv.Conv1d)
Quantized module: resblocks.4.convs1.2 (torch.ao.nn.quantized.modules.conv.Conv1d)
Quantized module: resblocks.4.convs2.0 (torch.ao.nn.quantized.modules.conv.Conv1d)
Quantized module: resblocks.4.convs2.1 (torch.ao.nn.quantized.modules.conv.Conv1d)
Quantized module: resblocks.4.convs2.2 (torch.ao.nn.quantized.modules.conv.Conv1d)
Quantized module: resblocks.5.convs1.0 (torch.ao.nn.quantized.modules.conv.Conv1d)
Quantized module: resblocks.5.convs1.1 (torch.ao.nn.quantized.modules.conv.Conv1d)
Quantized module: resblocks.5.convs1.2 (torch.ao.nn.quantized.modules.conv.Conv1d)
Quantized module: resblocks.5.convs2.0 (torch.ao.nn.quantized.modules.conv.Conv1d)
Quantized module: resblocks.5.convs2.1 (torch.ao.nn.quantized.modules.conv.Conv1d)
Quantized module: resblocks.5.convs2.2 (torch.ao.nn.quantized.modules.conv.Conv1d)
Quantized module: resblocks.6.convs1.0 (torch.ao.nn.quantized.modules.conv.Conv1d)
Quantized module: resblocks.6.convs1.1 (torch.ao.nn.quantized.modules.conv.Conv1d)
Quantized module: resblocks.6.convs1.2 (torch.ao.nn.quantized.modules.conv.Conv1d)
Quantized module: resblocks.6.convs2.0 (torch.ao.nn.quantized.modules.conv.Conv1d)
Quantized module: resblocks.6.convs2.1 (torch.ao.nn.quantized.modules.conv.Conv1d)
Quantized module: resblocks.6.convs2.2 (torch.ao.nn.quantized.modules.conv.Conv1d)
Quantized module: resblocks.7.convs1.0 (torch.ao.nn.quantized.modules.conv.Conv1d)
Quantized module: resblocks.7.convs1.1 (torch.ao.nn.quantized.modules.conv.Conv1d)
Quantized module: resblocks.7.convs1.2 (torch.ao.nn.quantized.modules.conv.Conv1d)
Quantized module: resblocks.7.convs2.0 (torch.ao.nn.quantized.modules.conv.Conv1d)
Quantized module: resblocks.7.convs2.1 (torch.ao.nn.quantized.modules.conv.Conv1d)
Quantized module: resblocks.7.convs2.2 (torch.ao.nn.quantized.modules.conv.Conv1d)
Quantized module: resblocks.8.convs1.0 (torch.ao.nn.quantized.modules.conv.Conv1d)
Quantized module: resblocks.8.convs1.1 (torch.ao.nn.quantized.modules.conv.Conv1d)
Quantized module: resblocks.8.convs1.2 (torch.ao.nn.quantized.modules.conv.Conv1d)
Quantized module: resblocks.8.convs2.0 (torch.ao.nn.quantized.modules.conv.Conv1d)
Quantized module: resblocks.8.convs2.1 (torch.ao.nn.quantized.modules.conv.Conv1d)
Quantized module: resblocks.8.convs2.2 (torch.ao.nn.quantized.modules.conv.Conv1d)
Quantized module: resblocks.9.convs1.0 (torch.ao.nn.quantized.modules.conv.Conv1d)
Quantized module: resblocks.9.convs1.1 (torch.ao.nn.quantized.modules.conv.Conv1d)
Quantized module: resblocks.9.convs1.2 (torch.ao.nn.quantized.modules.conv.Conv1d)
Quantized module: resblocks.9.convs2.0 (torch.ao.nn.quantized.modules.conv.Conv1d)
Quantized module: resblocks.9.convs2.1 (torch.ao.nn.quantized.modules.conv.Conv1d)
Quantized module: resblocks.9.convs2.2 (torch.ao.nn.quantized.modules.conv.Conv1d)
Saving checkpoint to /home/hpc/vlbi/vlbi107v/hifi-gan/cp_hifigan/v1_c128/compressed_checkpoint_int8
Complete.
Saved compressed checkpoint: /home/hpc/vlbi/vlbi107v/hifi-gan/cp_hifigan/v1_c128/compressed_checkpoint_int8 (2.451 MB)
Compressed checkpoint parameters: 926,177
Loaded checkpoint: /home/hpc/vlbi/vlbi107v/hifi-gan/cp_hifigan/v1_c128/g_07960000 (3.617 MB)
Generator parameters: 926,177
generated_audios/generated_H2_128C_int8/1089-134686-0000_generated.wav | RTF: 0.0274(0.285s / 10.435s) | Generator RTF: 0.0269(0.281s / 10.435s)
generated_audios/generated_H2_128C_int8/1089-134686-0001_generated.wav | RTF: 0.0312(0.102s / 3.275s) | Generator RTF: 0.0304(0.100s / 3.275s)
generated_audios/generated_H2_128C_int8/1089-134686-0002_generated.wav | RTF: 0.0299(0.198s / 6.625s) | Generator RTF: 0.0294(0.195s / 6.625s)
generated_audios/generated_H2_128C_int8/1089-134686-0003_generated.wav | RTF: 0.0292(0.078s / 2.680s) | Generator RTF: 0.0280(0.075s / 2.680s)
generated_audios/generated_H2_128C_int8/1089-134686-0004_generated.wav | RTF: 0.0259(0.135s / 5.215s) | Generator RTF: 0.0252(0.131s / 5.215s)
generated_audios/generated_H2_128C_int8/1089-134686-0005_generated.wav | RTF: 0.0255(0.245s / 9.635s) | Generator RTF: 0.0250(0.241s / 9.635s)
generated_audios/generated_H2_128C_int8/1089-134686-0006_generated.wav | RTF: 0.0275(0.290s / 10.555s) | Generator RTF: 0.0272(0.287s / 10.555s)
generated_audios/generated_H2_128C_int8/1089-134686-0007_generated.wav | RTF: 0.0269(0.115s / 4.275s) | Generator RTF: 0.0261(0.112s / 4.275s)
generated_audios/generated_H2_128C_int8/1089-134686-0008_generated.wav | RTF: 0.0293(0.197s / 6.730s) | Generator RTF: 0.0288(0.194s / 6.730s)
generated_audios/generated_H2_128C_int8/1089-134686-0009_generated.wav | RTF: 0.0265(0.280s / 10.575s) | Generator RTF: 0.0260(0.275s / 10.575s)
generated_audios/generated_H2_128C_int8/1089-134686-0010_generated.wav | RTF: 0.0272(0.120s / 4.405s) | Generator RTF: 0.0264(0.116s / 4.405s)
generated_audios/generated_H2_128C_int8/1089-134686-0011_generated.wav | RTF: 0.0271(0.337s / 12.445s) | Generator RTF: 0.0267(0.333s / 12.445s)
generated_audios/generated_H2_128C_int8/1089-134686-0012_generated.wav | RTF: 0.0295(0.343s / 11.640s) | Generator RTF: 0.0291(0.339s / 11.640s)
generated_audios/generated_H2_128C_int8/1089-134686-0013_generated.wav | RTF: 0.0282(0.223s / 7.915s) | Generator RTF: 0.0277(0.219s / 7.915s)
generated_audios/generated_H2_128C_int8/1089-134686-0014_generated.wav | RTF: 0.0311(0.069s / 2.225s) | Generator RTF: 0.0299(0.067s / 2.225s)
generated_audios/generated_H2_128C_int8/1089-134686-0015_generated.wav | RTF: 0.0248(0.144s / 5.815s) | Generator RTF: 0.0242(0.141s / 5.815s)
generated_audios/generated_H2_128C_int8/1089-134686-0016_generated.wav | RTF: 0.0271(0.096s / 3.540s) | Generator RTF: 0.0266(0.094s / 3.540s)
generated_audios/generated_H2_128C_int8/1089-134686-0017_generated.wav | RTF: 0.0248(0.220s / 8.870s) | Generator RTF: 0.0244(0.216s / 8.870s)
generated_audios/generated_H2_128C_int8/1089-134686-0018_generated.wav | RTF: 0.0267(0.420s / 15.720s) | Generator RTF: 0.0264(0.415s / 15.720s)
generated_audios/generated_H2_128C_int8/1089-134686-0019_generated.wav | RTF: 0.0258(0.358s / 13.895s) | Generator RTF: 0.0255(0.354s / 13.895s)
generated_audios/generated_H2_128C_int8/1089-134686-0020_generated.wav | RTF: 0.0291(0.489s / 16.790s) | Generator RTF: 0.0289(0.485s / 16.790s)
generated_audios/generated_H2_128C_int8/1089-134686-0021_generated.wav | RTF: 0.0277(0.181s / 6.550s) | Generator RTF: 0.0271(0.178s / 6.550s)
generated_audios/generated_H2_128C_int8/1089-134686-0022_generated.wav | RTF: 0.0246(0.275s / 11.175s) | Generator RTF: 0.0243(0.271s / 11.175s)
generated_audios/generated_H2_128C_int8/1089-134686-0023_generated.wav | RTF: 0.0265(0.352s / 13.275s) | Generator RTF: 0.0262(0.348s / 13.275s)
generated_audios/generated_H2_128C_int8/1089-134686-0024_generated.wav | RTF: 0.0247(0.288s / 11.655s) | Generator RTF: 0.0243(0.283s / 11.655s)
generated_audios/generated_H2_128C_int8/1089-134686-0025_generated.wav | RTF: 0.0258(0.170s / 6.610s) | Generator RTF: 0.0252(0.167s / 6.610s)
generated_audios/generated_H2_128C_int8/1089-134686-0026_generated.wav | RTF: 0.0305(0.122s / 4.010s) | Generator RTF: 0.0296(0.119s / 4.010s)
generated_audios/generated_H2_128C_int8/1089-134686-0027_generated.wav | RTF: 0.0284(0.077s / 2.710s) | Generator RTF: 0.0272(0.074s / 2.710s)
generated_audios/generated_H2_128C_int8/1089-134686-0028_generated.wav | RTF: 0.0246(0.193s / 7.830s) | Generator RTF: 0.0241(0.189s / 7.830s)
generated_audios/generated_H2_128C_int8/1089-134686-0029_generated.wav | RTF: 0.0294(0.137s / 4.670s) | Generator RTF: 0.0287(0.134s / 4.670s)
generated_audios/generated_H2_128C_int8/1089-134686-0030_generated.wav | RTF: 0.0236(0.064s / 2.715s) | Generator RTF: 0.0224(0.061s / 2.715s)
generated_audios/generated_H2_128C_int8/1089-134686-0031_generated.wav | RTF: 0.0220(0.146s / 6.615s) | Generator RTF: 0.0215(0.142s / 6.615s)
generated_audios/generated_H2_128C_int8/121-121726-0000_generated.wav | RTF: 0.0251(0.213s / 8.460s) | Generator RTF: 0.0247(0.209s / 8.460s)
generated_audios/generated_H2_128C_int8/121-121726-0001_generated.wav | RTF: 0.0283(0.168s / 5.925s) | Generator RTF: 0.0277(0.164s / 5.925s)
generated_audios/generated_H2_128C_int8/121-121726-0002_generated.wav | RTF: 0.0228(0.101s / 4.410s) | Generator RTF: 0.0220(0.097s / 4.410s)
generated_audios/generated_H2_128C_int8/121-121726-0003_generated.wav | RTF: 0.0252(0.170s / 6.755s) | Generator RTF: 0.0246(0.166s / 6.755s)
generated_audios/generated_H2_128C_int8/121-121726-0004_generated.wav | RTF: 0.0265(0.106s / 4.020s) | Generator RTF: 0.0257(0.104s / 4.020s)
generated_audios/generated_H2_128C_int8/121-121726-0005_generated.wav | RTF: 0.0270(0.084s / 3.100s) | Generator RTF: 0.0260(0.080s / 3.100s)
generated_audios/generated_H2_128C_int8/121-121726-0006_generated.wav | RTF: 0.0266(0.104s / 3.895s) | Generator RTF: 0.0258(0.101s / 3.895s)
generated_audios/generated_H2_128C_int8/121-121726-0007_generated.wav | RTF: 0.0293(0.197s / 6.730s) | Generator RTF: 0.0288(0.194s / 6.730s)
generated_audios/generated_H2_128C_int8/121-121726-0008_generated.wav | RTF: 0.0291(0.145s / 4.990s) | Generator RTF: 0.0286(0.143s / 4.990s)
generated_audios/generated_H2_128C_int8/121-121726-0009_generated.wav | RTF: 0.0264(0.192s / 7.260s) | Generator RTF: 0.0259(0.188s / 7.260s)
generated_audios/generated_H2_128C_int8/121-121726-0010_generated.wav | RTF: 0.0245(0.240s / 9.810s) | Generator RTF: 0.0240(0.236s / 9.810s)
generated_audios/generated_H2_128C_int8/121-121726-0011_generated.wav | RTF: 0.0267(0.108s / 4.035s) | Generator RTF: 0.0259(0.104s / 4.035s)
generated_audios/generated_H2_128C_int8/121-121726-0012_generated.wav | RTF: 0.0280(0.113s / 4.045s) | Generator RTF: 0.0272(0.110s / 4.045s)
generated_audios/generated_H2_128C_int8/121-121726-0013_generated.wav | RTF: 0.0298(0.074s / 2.490s) | Generator RTF: 0.0285(0.071s / 2.490s)
generated_audios/generated_H2_128C_int8/121-121726-0014_generated.wav | RTF: 0.0281(0.089s / 3.165s) | Generator RTF: 0.0271(0.086s / 3.165s)
generated_audios/generated_H2_128C_int8/121-123852-0000_generated.wav | RTF: 0.0301(0.533s / 17.695s) | Generator RTF: 0.0299(0.528s / 17.695s)
generated_audios/generated_H2_128C_int8/121-123852-0001_generated.wav | RTF: 0.0326(0.061s / 1.870s) | Generator RTF: 0.0308(0.058s / 1.870s)
generated_audios/generated_H2_128C_int8/121-123852-0002_generated.wav | RTF: 0.0298(0.516s / 17.285s) | Generator RTF: 0.0296(0.511s / 17.285s)
generated_audios/generated_H2_128C_int8/121-123852-0003_generated.wav | RTF: 0.3090(7.263s / 23.505s) | Generator RTF: 0.3088(7.258s / 23.505s)
generated_audios/generated_H2_128C_int8/121-123852-0004_generated.wav | RTF: 0.2814(4.585s / 16.290s) | Generator RTF: 0.2812(4.580s / 16.290s)
generated_audios/generated_H2_128C_int8/121-123859-0000_generated.wav | RTF: 0.2689(4.676s / 17.390s) | Generator RTF: 0.2686(4.671s / 17.390s)
generated_audios/generated_H2_128C_int8/121-123859-0001_generated.wav | RTF: 0.2755(6.997s / 25.395s) | Generator RTF: 0.2753(6.990s / 25.395s)
generated_audios/generated_H2_128C_int8/121-123859-0002_generated.wav | RTF: 0.2886(8.669s / 30.040s) | Generator RTF: 0.2884(8.662s / 30.040s)
generated_audios/generated_H2_128C_int8/121-123859-0003_generated.wav | RTF: 0.2624(2.840s / 10.825s) | Generator RTF: 0.2620(2.836s / 10.825s)
generated_audios/generated_H2_128C_int8/121-123859-0004_generated.wav | RTF: 0.2596(2.467s / 9.505s) | Generator RTF: 0.2591(2.463s / 9.505s)
generated_audios/generated_H2_128C_int8/121-127105-0000_generated.wav | RTF: 0.2612(2.579s / 9.875s) | Generator RTF: 0.2608(2.575s / 9.875s)
generated_audios/generated_H2_128C_int8/121-127105-0001_generated.wav | RTF: 0.2429(1.221s / 5.025s) | Generator RTF: 0.2425(1.219s / 5.025s)
generated_audios/generated_H2_128C_int8/121-127105-0002_generated.wav | RTF: 0.2440(1.829s / 7.495s) | Generator RTF: 0.2435(1.825s / 7.495s)
generated_audios/generated_H2_128C_int8/121-127105-0003_generated.wav | RTF: 0.2561(1.978s / 7.725s) | Generator RTF: 0.2556(1.974s / 7.725s)
generated_audios/generated_H2_128C_int8/121-127105-0004_generated.wav | RTF: 0.2548(0.538s / 2.110s) | Generator RTF: 0.2534(0.535s / 2.110s)
generated_audios/generated_H2_128C_int8/121-127105-0005_generated.wav | RTF: 0.2461(1.432s / 5.820s) | Generator RTF: 0.2454(1.428s / 5.820s)
generated_audios/generated_H2_128C_int8/121-127105-0006_generated.wav | RTF: 0.2581(1.220s / 4.725s) | Generator RTF: 0.2576(1.217s / 4.725s)
generated_audios/generated_H2_128C_int8/121-127105-0007_generated.wav | RTF: 0.2466(1.428s / 5.790s) | Generator RTF: 0.2460(1.424s / 5.790s)
generated_audios/generated_H2_128C_int8/121-127105-0008_generated.wav | RTF: 0.2520(0.695s / 2.760s) | Generator RTF: 0.2508(0.692s / 2.760s)
generated_audios/generated_H2_128C_int8/121-127105-0009_generated.wav | RTF: 0.2571(0.589s / 2.290s) | Generator RTF: 0.2557(0.586s / 2.290s)
generated_audios/generated_H2_128C_int8/121-127105-0010_generated.wav | RTF: 0.2529(0.721s / 2.850s) | Generator RTF: 0.2518(0.718s / 2.850s)
generated_audios/generated_H2_128C_int8/121-127105-0011_generated.wav | RTF: 0.2584(1.494s / 5.780s) | Generator RTF: 0.2578(1.490s / 5.780s)
generated_audios/generated_H2_128C_int8/121-127105-0012_generated.wav | RTF: 0.2609(1.260s / 4.830s) | Generator RTF: 0.2602(1.257s / 4.830s)
generated_audios/generated_H2_128C_int8/121-127105-0013_generated.wav | RTF: 0.2460(1.450s / 5.895s) | Generator RTF: 0.2454(1.447s / 5.895s)
generated_audios/generated_H2_128C_int8/121-127105-0014_generated.wav | RTF: 0.2384(0.538s / 2.255s) | Generator RTF: 0.2376(0.536s / 2.255s)
generated_audios/generated_H2_128C_int8/121-127105-0015_generated.wav | RTF: 0.2526(0.748s / 2.960s) | Generator RTF: 0.2516(0.745s / 2.960s)
generated_audios/generated_H2_128C_int8/121-127105-0016_generated.wav | RTF: 0.2475(0.502s / 2.030s) | Generator RTF: 0.2459(0.499s / 2.030s)
generated_audios/generated_H2_128C_int8/121-127105-0017_generated.wav | RTF: 0.2566(0.691s / 2.695s) | Generator RTF: 0.2553(0.688s / 2.695s)
generated_audios/generated_H2_128C_int8/121-127105-0018_generated.wav | RTF: 0.2582(0.715s / 2.770s) | Generator RTF: 0.2571(0.712s / 2.770s)
generated_audios/generated_H2_128C_int8/121-127105-0019_generated.wav | RTF: 0.2467(0.869s / 3.525s) | Generator RTF: 0.2457(0.866s / 3.525s)
generated_audios/generated_H2_128C_int8/121-127105-0020_generated.wav | RTF: 0.2728(3.916s / 14.355s) | Generator RTF: 0.2725(3.912s / 14.355s)
generated_audios/generated_H2_128C_int8/121-127105-0021_generated.wav | RTF: 0.2447(0.489s / 2.000s) | Generator RTF: 0.2430(0.486s / 2.000s)
generated_audios/generated_H2_128C_int8/121-127105-0022_generated.wav | RTF: 0.2571(1.305s / 5.075s) | Generator RTF: 0.2564(1.301s / 5.075s)
generated_audios/generated_H2_128C_int8/121-127105-0023_generated.wav | RTF: 0.2479(2.705s / 10.910s) | Generator RTF: 0.2475(2.701s / 10.910s)
generated_audios/generated_H2_128C_int8/121-127105-0024_generated.wav | RTF: 0.2835(4.097s / 14.450s) | Generator RTF: 0.2832(4.092s / 14.450s)
generated_audios/generated_H2_128C_int8/121-127105-0025_generated.wav | RTF: 0.2730(4.386s / 16.065s) | Generator RTF: 0.2727(4.381s / 16.065s)
generated_audios/generated_H2_128C_int8/121-127105-0026_generated.wav | RTF: 0.2449(1.844s / 7.530s) | Generator RTF: 0.2444(1.841s / 7.530s)
generated_audios/generated_H2_128C_int8/121-127105-0027_generated.wav | RTF: 0.2749(3.814s / 13.870s) | Generator RTF: 0.2746(3.809s / 13.870s)
generated_audios/generated_H2_128C_int8/121-127105-0028_generated.wav | RTF: 0.0249(0.168s / 6.750s) | Generator RTF: 0.0244(0.164s / 6.750s)
generated_audios/generated_H2_128C_int8/121-127105-0029_generated.wav | RTF: 0.2541(1.857s / 7.310s) | Generator RTF: 0.2535(1.853s / 7.310s)
generated_audios/generated_H2_128C_int8/121-127105-0030_generated.wav | RTF: 0.2475(0.538s / 2.175s) | Generator RTF: 0.2460(0.535s / 2.175s)
generated_audios/generated_H2_128C_int8/121-127105-0031_generated.wav | RTF: 0.2464(2.653s / 10.765s) | Generator RTF: 0.2461(2.649s / 10.765s)
generated_audios/generated_H2_128C_int8/121-127105-0032_generated.wav | RTF: 0.2399(0.760s / 3.170s) | Generator RTF: 0.2388(0.757s / 3.170s)
generated_audios/generated_H2_128C_int8/121-127105-0033_generated.wav | RTF: 0.2505(0.590s / 2.355s) | Generator RTF: 0.2492(0.587s / 2.355s)
generated_audios/generated_H2_128C_int8/121-127105-0034_generated.wav | RTF: 0.2625(1.945s / 7.410s) | Generator RTF: 0.2621(1.942s / 7.410s)
generated_audios/generated_H2_128C_int8/121-127105-0035_generated.wav | RTF: 0.2703(3.825s / 14.150s) | Generator RTF: 0.2700(3.820s / 14.150s)
generated_audios/generated_H2_128C_int8/121-127105-0036_generated.wav | RTF: 0.2407(0.999s / 4.150s) | Generator RTF: 0.2400(0.996s / 4.150s)
generated_audios/generated_H2_128C_int8/237-126133-0000_generated.wav | RTF: 0.2846(3.782s / 13.290s) | Generator RTF: 0.2842(3.778s / 13.290s)
generated_audios/generated_H2_128C_int8/237-126133-0001_generated.wav | RTF: 0.2876(3.441s / 11.965s) | Generator RTF: 0.2872(3.436s / 11.965s)
generated_audios/generated_H2_128C_int8/237-126133-0002_generated.wav | RTF: 0.2484(2.215s / 8.920s) | Generator RTF: 0.2479(2.211s / 8.920s)
generated_audios/generated_H2_128C_int8/237-126133-0003_generated.wav | RTF: 0.2554(1.676s / 6.560s) | Generator RTF: 0.2549(1.672s / 6.560s)
generated_audios/generated_H2_128C_int8/237-126133-0004_generated.wav | RTF: 0.2606(0.859s / 3.295s) | Generator RTF: 0.2597(0.856s / 3.295s)
generated_audios/generated_H2_128C_int8/237-126133-0005_generated.wav | RTF: 0.2600(1.693s / 6.510s) | Generator RTF: 0.2595(1.689s / 6.510s)
generated_audios/generated_H2_128C_int8/237-126133-0006_generated.wav | RTF: 0.2549(1.568s / 6.150s) | Generator RTF: 0.2543(1.564s / 6.150s)
generated_audios/generated_H2_128C_int8/237-126133-0007_generated.wav | RTF: 0.2450(2.126s / 8.680s) | Generator RTF: 0.2445(2.122s / 8.680s)
generated_audios/generated_H2_128C_int8/237-126133-0008_generated.wav | RTF: 0.2553(0.987s / 3.865s) | Generator RTF: 0.2545(0.983s / 3.865s)
generated_audios/generated_H2_128C_int8/237-126133-0009_generated.wav | RTF: 0.2545(1.011s / 3.970s) | Generator RTF: 0.2537(1.007s / 3.970s)
generated_audios/generated_H2_128C_int8/237-126133-0010_generated.wav | RTF: 0.2468(1.540s / 6.240s) | Generator RTF: 0.2462(1.536s / 6.240s)
generated_audios/generated_H2_128C_int8/237-126133-0011_generated.wav | RTF: 0.2623(1.760s / 6.710s) | Generator RTF: 0.2617(1.756s / 6.710s)
generated_audios/generated_H2_128C_int8/237-126133-0012_generated.wav | RTF: 0.2645(1.177s / 4.450s) | Generator RTF: 0.2636(1.173s / 4.450s)
generated_audios/generated_H2_128C_int8/237-126133-0013_generated.wav | RTF: 0.2612(1.780s / 6.815s) | Generator RTF: 0.2607(1.777s / 6.815s)
generated_audios/generated_H2_128C_int8/237-126133-0014_generated.wav | RTF: 0.2600(1.765s / 6.790s) | Generator RTF: 0.2594(1.761s / 6.790s)
generated_audios/generated_H2_128C_int8/237-126133-0015_generated.wav | RTF: 0.2473(2.309s / 9.340s) | Generator RTF: 0.2468(2.305s / 9.340s)
generated_audios/generated_H2_128C_int8/237-126133-0016_generated.wav | RTF: 0.2479(1.054s / 4.250s) | Generator RTF: 0.2472(1.050s / 4.250s)
generated_audios/generated_H2_128C_int8/237-126133-0017_generated.wav | RTF: 0.2487(1.544s / 6.210s) | Generator RTF: 0.2481(1.541s / 6.210s)
generated_audios/generated_H2_128C_int8/237-126133-0018_generated.wav | RTF: 0.2590(1.061s / 4.095s) | Generator RTF: 0.2582(1.057s / 4.095s)
generated_audios/generated_H2_128C_int8/237-126133-0019_generated.wav | RTF: 0.2658(1.892s / 7.120s) | Generator RTF: 0.2652(1.888s / 7.120s)
generated_audios/generated_H2_128C_int8/237-126133-0020_generated.wav | RTF: 0.2423(0.543s / 2.240s) | Generator RTF: 0.2406(0.539s / 2.240s)
generated_audios/generated_H2_128C_int8/237-126133-0021_generated.wav | RTF: 0.2482(1.083s / 4.365s) | Generator RTF: 0.2474(1.080s / 4.365s)
generated_audios/generated_H2_128C_int8/237-126133-0022_generated.wav | RTF: 0.2611(1.316s / 5.040s) | Generator RTF: 0.2603(1.312s / 5.040s)
generated_audios/generated_H2_128C_int8/237-126133-0023_generated.wav | RTF: 0.2634(1.758s / 6.675s) | Generator RTF: 0.2629(1.755s / 6.675s)
generated_audios/generated_H2_128C_int8/237-126133-0024_generated.wav | RTF: 0.2691(2.601s / 9.665s) | Generator RTF: 0.2687(2.597s / 9.665s)
generated_audios/generated_H2_128C_int8/237-126133-0025_generated.wav | RTF: 0.2580(0.969s / 3.755s) | Generator RTF: 0.2571(0.965s / 3.755s)
generated_audios/generated_H2_128C_int8/237-134493-0000_generated.wav | RTF: 0.2639(1.083s / 4.105s) | Generator RTF: 0.2633(1.081s / 4.105s)
generated_audios/generated_H2_128C_int8/237-134493-0001_generated.wav | RTF: 0.2598(1.917s / 7.380s) | Generator RTF: 0.2592(1.913s / 7.380s)
generated_audios/generated_H2_128C_int8/237-134493-0002_generated.wav | RTF: 0.2693(3.069s / 11.395s) | Generator RTF: 0.2690(3.065s / 11.395s)
generated_audios/generated_H2_128C_int8/237-134493-0003_generated.wav | RTF: 0.2839(3.624s / 12.765s) | Generator RTF: 0.2835(3.619s / 12.765s)
generated_audios/generated_H2_128C_int8/237-134493-0004_generated.wav | RTF: 0.2630(1.795s / 6.825s) | Generator RTF: 0.2625(1.791s / 6.825s)
generated_audios/generated_H2_128C_int8/237-134493-0005_generated.wav | RTF: 0.2522(2.761s / 10.945s) | Generator RTF: 0.2519(2.757s / 10.945s)
generated_audios/generated_H2_128C_int8/237-134493-0006_generated.wav | RTF: 0.2481(1.090s / 4.395s) | Generator RTF: 0.2475(1.088s / 4.395s)
generated_audios/generated_H2_128C_int8/237-134493-0007_generated.wav | RTF: 0.2439(0.496s / 2.035s) | Generator RTF: 0.2424(0.493s / 2.035s)
generated_audios/generated_H2_128C_int8/237-134493-0008_generated.wav | RTF: 0.2402(0.554s / 2.305s) | Generator RTF: 0.2388(0.550s / 2.305s)
generated_audios/generated_H2_128C_int8/237-134493-0009_generated.wav | RTF: 0.2611(0.777s / 2.975s) | Generator RTF: 0.2602(0.774s / 2.975s)
generated_audios/generated_H2_128C_int8/237-134493-0010_generated.wav | RTF: 0.2554(0.734s / 2.875s) | Generator RTF: 0.2543(0.731s / 2.875s)
generated_audios/generated_H2_128C_int8/237-134493-0011_generated.wav | RTF: 0.2639(1.329s / 5.035s) | Generator RTF: 0.2632(1.325s / 5.035s)
generated_audios/generated_H2_128C_int8/237-134493-0012_generated.wav | RTF: 0.2449(0.896s / 3.660s) | Generator RTF: 0.2440(0.893s / 3.660s)
generated_audios/generated_H2_128C_int8/237-134493-0013_generated.wav | RTF: 0.0234(0.096s / 4.090s) | Generator RTF: 0.0229(0.094s / 4.090s)
generated_audios/generated_H2_128C_int8/237-134493-0014_generated.wav | RTF: 0.2517(0.931s / 3.700s) | Generator RTF: 0.2508(0.928s / 3.700s)
generated_audios/generated_H2_128C_int8/237-134493-0015_generated.wav | RTF: 0.0287(0.188s / 6.550s) | Generator RTF: 0.0282(0.185s / 6.550s)
generated_audios/generated_H2_128C_int8/237-134493-0016_generated.wav | RTF: 0.2616(2.638s / 10.085s) | Generator RTF: 0.2613(2.635s / 10.085s)
generated_audios/generated_H2_128C_int8/237-134493-0017_generated.wav | RTF: 0.2645(2.408s / 9.105s) | Generator RTF: 0.2642(2.405s / 9.105s)
generated_audios/generated_H2_128C_int8/237-134493-0018_generated.wav | RTF: 0.2594(1.242s / 4.790s) | Generator RTF: 0.2585(1.238s / 4.790s)
generated_audios/generated_H2_128C_int8/237-134500-0000_generated.wav | RTF: 0.2589(1.587s / 6.130s) | Generator RTF: 0.2582(1.583s / 6.130s)
generated_audios/generated_H2_128C_int8/237-134500-0001_generated.wav | RTF: 0.2412(0.437s / 1.810s) | Generator RTF: 0.2394(0.433s / 1.810s)
generated_audios/generated_H2_128C_int8/237-134500-0002_generated.wav | RTF: 0.2615(1.326s / 5.070s) | Generator RTF: 0.2608(1.322s / 5.070s)
generated_audios/generated_H2_128C_int8/237-134500-0003_generated.wav | RTF: 0.0288(0.091s / 3.170s) | Generator RTF: 0.0277(0.088s / 3.170s)
generated_audios/generated_H2_128C_int8/237-134500-0004_generated.wav | RTF: 0.0309(0.069s / 2.225s) | Generator RTF: 0.0294(0.065s / 2.225s)
generated_audios/generated_H2_128C_int8/237-134500-0005_generated.wav | RTF: 0.2514(0.601s / 2.390s) | Generator RTF: 0.2501(0.598s / 2.390s)
generated_audios/generated_H2_128C_int8/237-134500-0006_generated.wav | RTF: 0.2476(1.046s / 4.225s) | Generator RTF: 0.2471(1.044s / 4.225s)
generated_audios/generated_H2_128C_int8/237-134500-0007_generated.wav | RTF: 0.0251(0.060s / 2.390s) | Generator RTF: 0.0238(0.057s / 2.390s)
generated_audios/generated_H2_128C_int8/237-134500-0008_generated.wav | RTF: 0.0273(0.103s / 3.760s) | Generator RTF: 0.0264(0.099s / 3.760s)
generated_audios/generated_H2_128C_int8/237-134500-0009_generated.wav | RTF: 0.0259(0.057s / 2.220s) | Generator RTF: 0.0244(0.054s / 2.220s)
generated_audios/generated_H2_128C_int8/237-134500-0010_generated.wav | RTF: 0.2613(1.044s / 3.995s) | Generator RTF: 0.2605(1.041s / 3.995s)
generated_audios/generated_H2_128C_int8/237-134500-0011_generated.wav | RTF: 0.2477(0.830s / 3.350s) | Generator RTF: 0.2468(0.827s / 3.350s)
generated_audios/generated_H2_128C_int8/237-134500-0012_generated.wav | RTF: 0.2684(2.934s / 10.935s) | Generator RTF: 0.2680(2.931s / 10.935s)
generated_audios/generated_H2_128C_int8/237-134500-0013_generated.wav | RTF: 0.0278(0.293s / 10.560s) | Generator RTF: 0.0274(0.289s / 10.560s)
generated_audios/generated_H2_128C_int8/237-134500-0014_generated.wav | RTF: 0.0305(0.130s / 4.250s) | Generator RTF: 0.0297(0.126s / 4.250s)
generated_audios/generated_H2_128C_int8/237-134500-0015_generated.wav | RTF: 0.2602(2.814s / 10.815s) | Generator RTF: 0.2599(2.810s / 10.815s)
generated_audios/generated_H2_128C_int8/237-134500-0016_generated.wav | RTF: 0.0281(0.089s / 3.160s) | Generator RTF: 0.0270(0.085s / 3.160s)
generated_audios/generated_H2_128C_int8/237-134500-0017_generated.wav | RTF: 0.0304(0.066s / 2.180s) | Generator RTF: 0.0289(0.063s / 2.180s)
generated_audios/generated_H2_128C_int8/237-134500-0018_generated.wav | RTF: 0.2909(3.736s / 12.845s) | Generator RTF: 0.2906(3.732s / 12.845s)
generated_audios/generated_H2_128C_int8/237-134500-0019_generated.wav | RTF: 0.2463(0.704s / 2.860s) | Generator RTF: 0.2450(0.701s / 2.860s)
generated_audios/generated_H2_128C_int8/237-134500-0020_generated.wav | RTF: 0.0258(0.056s / 2.180s) | Generator RTF: 0.0245(0.053s / 2.180s)
generated_audios/generated_H2_128C_int8/237-134500-0021_generated.wav | RTF: 0.2462(1.261s / 5.120s) | Generator RTF: 0.2455(1.257s / 5.120s)
generated_audios/generated_H2_128C_int8/237-134500-0022_generated.wav | RTF: 0.2499(1.291s / 5.165s) | Generator RTF: 0.2492(1.287s / 5.165s)
generated_audios/generated_H2_128C_int8/237-134500-0023_generated.wav | RTF: 0.2639(0.808s / 3.060s) | Generator RTF: 0.2629(0.804s / 3.060s)
generated_audios/generated_H2_128C_int8/237-134500-0024_generated.wav | RTF: 0.0269(0.119s / 4.410s) | Generator RTF: 0.0261(0.115s / 4.410s)
generated_audios/generated_H2_128C_int8/237-134500-0025_generated.wav | RTF: 0.2381(0.388s / 1.630s) | Generator RTF: 0.2363(0.385s / 1.630s)
generated_audios/generated_H2_128C_int8/237-134500-0026_generated.wav | RTF: 0.2598(0.792s / 3.050s) | Generator RTF: 0.2587(0.789s / 3.050s)
generated_audios/generated_H2_128C_int8/237-134500-0027_generated.wav | RTF: 0.2628(0.859s / 3.270s) | Generator RTF: 0.2618(0.856s / 3.270s)
generated_audios/generated_H2_128C_int8/237-134500-0028_generated.wav | RTF: 0.2634(1.192s / 4.525s) | Generator RTF: 0.2627(1.189s / 4.525s)
generated_audios/generated_H2_128C_int8/237-134500-0029_generated.wav | RTF: 0.2443(0.504s / 2.065s) | Generator RTF: 0.2427(0.501s / 2.065s)
generated_audios/generated_H2_128C_int8/237-134500-0030_generated.wav | RTF: 0.2622(0.729s / 2.780s) | Generator RTF: 0.2610(0.726s / 2.780s)
generated_audios/generated_H2_128C_int8/237-134500-0031_generated.wav | RTF: 0.2614(2.773s / 10.610s) | Generator RTF: 0.2611(2.770s / 10.610s)
generated_audios/generated_H2_128C_int8/237-134500-0032_generated.wav | RTF: 0.0274(0.138s / 5.025s) | Generator RTF: 0.0267(0.134s / 5.025s)
generated_audios/generated_H2_128C_int8/237-134500-0033_generated.wav | RTF: 0.2493(1.583s / 6.350s) | Generator RTF: 0.2487(1.579s / 6.350s)
generated_audios/generated_H2_128C_int8/237-134500-0034_generated.wav | RTF: 0.2470(0.759s / 3.075s) | Generator RTF: 0.2460(0.757s / 3.075s)
generated_audios/generated_H2_128C_int8/237-134500-0035_generated.wav | RTF: 0.2617(0.669s / 2.555s) | Generator RTF: 0.2604(0.665s / 2.555s)
generated_audios/generated_H2_128C_int8/237-134500-0036_generated.wav | RTF: 0.2671(1.763s / 6.600s) | Generator RTF: 0.2665(1.759s / 6.600s)
generated_audios/generated_H2_128C_int8/237-134500-0037_generated.wav | RTF: 0.2619(1.861s / 7.105s) | Generator RTF: 0.2614(1.857s / 7.105s)
generated_audios/generated_H2_128C_int8/237-134500-0038_generated.wav | RTF: 0.2521(0.614s / 2.435s) | Generator RTF: 0.2508(0.611s / 2.435s)
generated_audios/generated_H2_128C_int8/237-134500-0039_generated.wav | RTF: 0.2639(1.222s / 4.630s) | Generator RTF: 0.2632(1.219s / 4.630s)
generated_audios/generated_H2_128C_int8/237-134500-0040_generated.wav | RTF: 0.0273(0.110s / 4.030s) | Generator RTF: 0.0264(0.107s / 4.030s)
generated_audios/generated_H2_128C_int8/237-134500-0041_generated.wav | RTF: 0.0296(0.264s / 8.920s) | Generator RTF: 0.0292(0.260s / 8.920s)
generated_audios/generated_H2_128C_int8/237-134500-0042_generated.wav | RTF: 0.2520(0.649s / 2.575s) | Generator RTF: 0.2508(0.646s / 2.575s)
generated_audios/generated_H2_128C_int8/260-123286-0000_generated.wav | RTF: 0.2537(1.786s / 7.040s) | Generator RTF: 0.2532(1.782s / 7.040s)
generated_audios/generated_H2_128C_int8/260-123286-0001_generated.wav | RTF: 0.0246(0.075s / 3.070s) | Generator RTF: 0.0235(0.072s / 3.070s)
generated_audios/generated_H2_128C_int8/260-123286-0002_generated.wav | RTF: 0.2659(2.655s / 9.985s) | Generator RTF: 0.2655(2.651s / 9.985s)
generated_audios/generated_H2_128C_int8/260-123286-0003_generated.wav | RTF: 0.2646(1.950s / 7.370s) | Generator RTF: 0.2641(1.947s / 7.370s)
generated_audios/generated_H2_128C_int8/260-123286-0004_generated.wav | RTF: 0.2618(0.907s / 3.465s) | Generator RTF: 0.2608(0.904s / 3.465s)
generated_audios/generated_H2_128C_int8/260-123286-0005_generated.wav | RTF: 0.2516(1.210s / 4.810s) | Generator RTF: 0.2508(1.207s / 4.810s)
generated_audios/generated_H2_128C_int8/260-123286-0006_generated.wav | RTF: 0.2599(1.925s / 7.405s) | Generator RTF: 0.2594(1.921s / 7.405s)
generated_audios/generated_H2_128C_int8/260-123286-0007_generated.wav | RTF: 0.2588(1.178s / 4.550s) | Generator RTF: 0.2579(1.174s / 4.550s)
generated_audios/generated_H2_128C_int8/260-123286-0008_generated.wav | RTF: 0.2516(0.940s / 3.735s) | Generator RTF: 0.2507(0.936s / 3.735s)
generated_audios/generated_H2_128C_int8/260-123286-0009_generated.wav | RTF: 0.2715(1.573s / 5.795s) | Generator RTF: 0.2709(1.570s / 5.795s)
generated_audios/generated_H2_128C_int8/260-123286-0010_generated.wav | RTF: 0.0249(0.064s / 2.575s) | Generator RTF: 0.0237(0.061s / 2.575s)
generated_audios/generated_H2_128C_int8/260-123286-0011_generated.wav | RTF: 0.0299(0.127s / 4.255s) | Generator RTF: 0.0291(0.124s / 4.255s)
generated_audios/generated_H2_128C_int8/260-123286-0012_generated.wav | RTF: 0.0261(0.063s / 2.430s) | Generator RTF: 0.0248(0.060s / 2.430s)
generated_audios/generated_H2_128C_int8/260-123286-0013_generated.wav | RTF: 0.2617(1.238s / 4.730s) | Generator RTF: 0.2609(1.234s / 4.730s)
generated_audios/generated_H2_128C_int8/260-123286-0014_generated.wav | RTF: 0.0299(0.089s / 2.980s) | Generator RTF: 0.0288(0.086s / 2.980s)
generated_audios/generated_H2_128C_int8/260-123286-0015_generated.wav | RTF: 0.2670(1.391s / 5.210s) | Generator RTF: 0.2663(1.387s / 5.210s)
generated_audios/generated_H2_128C_int8/260-123286-0016_generated.wav | RTF: 0.2645(1.852s / 7.000s) | Generator RTF: 0.2640(1.848s / 7.000s)
generated_audios/generated_H2_128C_int8/260-123286-0017_generated.wav | RTF: 0.2512(0.998s / 3.975s) | Generator RTF: 0.2503(0.995s / 3.975s)
generated_audios/generated_H2_128C_int8/260-123286-0018_generated.wav | RTF: 0.2672(1.515s / 5.670s) | Generator RTF: 0.2666(1.511s / 5.670s)
generated_audios/generated_H2_128C_int8/260-123286-0019_generated.wav | RTF: 0.2912(3.467s / 11.905s) | Generator RTF: 0.2908(3.462s / 11.905s)
generated_audios/generated_H2_128C_int8/260-123286-0020_generated.wav | RTF: 0.0286(0.088s / 3.060s) | Generator RTF: 0.0275(0.084s / 3.060s)
generated_audios/generated_H2_128C_int8/260-123286-0021_generated.wav | RTF: 0.2562(0.653s / 2.550s) | Generator RTF: 0.2549(0.650s / 2.550s)
generated_audios/generated_H2_128C_int8/260-123286-0022_generated.wav | RTF: 0.2670(0.864s / 3.235s) | Generator RTF: 0.2659(0.860s / 3.235s)
generated_audios/generated_H2_128C_int8/260-123286-0023_generated.wav | RTF: 0.2675(1.571s / 5.875s) | Generator RTF: 0.2669(1.568s / 5.875s)
generated_audios/generated_H2_128C_int8/260-123286-0024_generated.wav | RTF: 0.2620(0.797s / 3.040s) | Generator RTF: 0.2609(0.793s / 3.040s)
generated_audios/generated_H2_128C_int8/260-123286-0025_generated.wav | RTF: 0.2538(2.336s / 9.205s) | Generator RTF: 0.2533(2.332s / 9.205s)
generated_audios/generated_H2_128C_int8/260-123286-0026_generated.wav | RTF: 0.2562(1.778s / 6.940s) | Generator RTF: 0.2556(1.774s / 6.940s)
generated_audios/generated_H2_128C_int8/260-123286-0027_generated.wav | RTF: 0.2752(1.973s / 7.170s) | Generator RTF: 0.2747(1.970s / 7.170s)
generated_audios/generated_H2_128C_int8/260-123286-0028_generated.wav | RTF: 0.2584(1.929s / 7.465s) | Generator RTF: 0.2579(1.925s / 7.465s)
generated_audios/generated_H2_128C_int8/260-123286-0029_generated.wav | RTF: 0.0229(0.104s / 4.545s) | Generator RTF: 0.0221(0.101s / 4.545s)
generated_audios/generated_H2_128C_int8/260-123286-0030_generated.wav | RTF: 0.0265(0.200s / 7.530s) | Generator RTF: 0.0260(0.196s / 7.530s)
generated_audios/generated_H2_128C_int8/260-123286-0031_generated.wav | RTF: 0.2543(1.287s / 5.060s) | Generator RTF: 0.2537(1.283s / 5.060s)
generated_audios/generated_H2_128C_int8/260-123288-0000_generated.wav | RTF: 0.0241(0.073s / 3.040s) | Generator RTF: 0.0231(0.070s / 3.040s)
generated_audios/generated_H2_128C_int8/260-123288-0001_generated.wav | RTF: 0.0259(0.132s / 5.080s) | Generator RTF: 0.0253(0.128s / 5.080s)
generated_audios/generated_H2_128C_int8/260-123288-0002_generated.wav | RTF: 0.2578(1.869s / 7.250s) | Generator RTF: 0.2573(1.865s / 7.250s)
generated_audios/generated_H2_128C_int8/260-123288-0003_generated.wav | RTF: 0.2701(2.405s / 8.905s) | Generator RTF: 0.2696(2.401s / 8.905s)
generated_audios/generated_H2_128C_int8/260-123288-0004_generated.wav | RTF: 0.2668(1.150s / 4.310s) | Generator RTF: 0.2660(1.146s / 4.310s)
generated_audios/generated_H2_128C_int8/260-123288-0005_generated.wav | RTF: 0.2847(3.573s / 12.550s) | Generator RTF: 0.2844(3.569s / 12.550s)
generated_audios/generated_H2_128C_int8/260-123288-0006_generated.wav | RTF: 0.2590(1.264s / 4.880s) | Generator RTF: 0.2585(1.262s / 4.880s)
generated_audios/generated_H2_128C_int8/260-123288-0007_generated.wav | RTF: 0.2790(3.124s / 11.200s) | Generator RTF: 0.2786(3.120s / 11.200s)
generated_audios/generated_H2_128C_int8/260-123288-0008_generated.wav | RTF: 0.2727(1.504s / 5.515s) | Generator RTF: 0.2720(1.500s / 5.515s)
generated_audios/generated_H2_128C_int8/260-123288-0009_generated.wav | RTF: 0.2737(0.940s / 3.435s) | Generator RTF: 0.2728(0.937s / 3.435s)
generated_audios/generated_H2_128C_int8/260-123288-0010_generated.wav | RTF: 0.0271(0.271s / 9.995s) | Generator RTF: 0.0267(0.267s / 9.995s)
generated_audios/generated_H2_128C_int8/260-123288-0011_generated.wav | RTF: 0.2849(2.558s / 8.980s) | Generator RTF: 0.2844(2.554s / 8.980s)
generated_audios/generated_H2_128C_int8/260-123288-0012_generated.wav | RTF: 0.2742(0.972s / 3.545s) | Generator RTF: 0.2733(0.969s / 3.545s)
generated_audios/generated_H2_128C_int8/260-123288-0013_generated.wav | RTF: 0.3064(3.488s / 11.385s) | Generator RTF: 0.3060(3.484s / 11.385s)
generated_audios/generated_H2_128C_int8/260-123288-0014_generated.wav | RTF: 0.0335(0.061s / 1.805s) | Generator RTF: 0.0318(0.057s / 1.805s)
generated_audios/generated_H2_128C_int8/260-123288-0015_generated.wav | RTF: 0.2849(6.035s / 21.185s) | Generator RTF: 0.2846(6.030s / 21.185s)
generated_audios/generated_H2_128C_int8/260-123288-0016_generated.wav | RTF: 0.2845(1.384s / 4.865s) | Generator RTF: 0.2838(1.380s / 4.865s)
generated_audios/generated_H2_128C_int8/260-123288-0017_generated.wav | RTF: 0.2654(1.387s / 5.225s) | Generator RTF: 0.2647(1.383s / 5.225s)
generated_audios/generated_H2_128C_int8/260-123288-0018_generated.wav | RTF: 0.2726(0.885s / 3.245s) | Generator RTF: 0.2717(0.882s / 3.245s)
generated_audios/generated_H2_128C_int8/260-123288-0019_generated.wav | RTF: 0.0296(0.087s / 2.955s) | Generator RTF: 0.0285(0.084s / 2.955s)
generated_audios/generated_H2_128C_int8/260-123288-0020_generated.wav | RTF: 0.2723(0.790s / 2.900s) | Generator RTF: 0.2711(0.786s / 2.900s)
generated_audios/generated_H2_128C_int8/260-123288-0021_generated.wav | RTF: 0.0282(0.076s / 2.710s) | Generator RTF: 0.0270(0.073s / 2.710s)
generated_audios/generated_H2_128C_int8/260-123288-0022_generated.wav | RTF: 0.2754(1.020s / 3.705s) | Generator RTF: 0.2746(1.017s / 3.705s)
generated_audios/generated_H2_128C_int8/260-123288-0023_generated.wav | RTF: 0.0319(0.076s / 2.385s) | Generator RTF: 0.0304(0.073s / 2.385s)
generated_audios/generated_H2_128C_int8/260-123288-0024_generated.wav | RTF: 0.2868(4.185s / 14.595s) | Generator RTF: 0.2865(4.182s / 14.595s)
generated_audios/generated_H2_128C_int8/260-123288-0025_generated.wav | RTF: 0.2908(3.910s / 13.445s) | Generator RTF: 0.2905(3.905s / 13.445s)
generated_audios/generated_H2_128C_int8/260-123288-0026_generated.wav | RTF: 0.3047(4.887s / 16.040s) | Generator RTF: 0.3044(4.882s / 16.040s)
generated_audios/generated_H2_128C_int8/260-123288-0027_generated.wav | RTF: 0.2678(1.688s / 6.305s) | Generator RTF: 0.2672(1.684s / 6.305s)
generated_audios/generated_H2_128C_int8/260-123288-0028_generated.wav | RTF: 0.2770(0.723s / 2.610s) | Generator RTF: 0.2757(0.720s / 2.610s)
generated_audios/generated_H2_128C_int8/260-123440-0000_generated.wav | RTF: 0.2605(0.564s / 2.165s) | Generator RTF: 0.2590(0.561s / 2.165s)
generated_audios/generated_H2_128C_int8/260-123440-0001_generated.wav | RTF: 0.2559(0.445s / 1.740s) | Generator RTF: 0.2540(0.442s / 1.740s)
generated_audios/generated_H2_128C_int8/260-123440-0002_generated.wav | RTF: 0.3084(4.538s / 14.715s) | Generator RTF: 0.3080(4.533s / 14.715s)
generated_audios/generated_H2_128C_int8/260-123440-0003_generated.wav | RTF: 0.2858(1.025s / 3.585s) | Generator RTF: 0.2849(1.021s / 3.585s)
generated_audios/generated_H2_128C_int8/260-123440-0004_generated.wav | RTF: 0.2905(3.492s / 12.020s) | Generator RTF: 0.2901(3.487s / 12.020s)
generated_audios/generated_H2_128C_int8/260-123440-0005_generated.wav | RTF: 0.0287(0.089s / 3.105s) | Generator RTF: 0.0275(0.085s / 3.105s)
generated_audios/generated_H2_128C_int8/260-123440-0006_generated.wav | RTF: 0.0247(0.067s / 2.715s) | Generator RTF: 0.0236(0.064s / 2.715s)
generated_audios/generated_H2_128C_int8/260-123440-0007_generated.wav | RTF: 0.2835(0.960s / 3.385s) | Generator RTF: 0.2826(0.956s / 3.385s)
generated_audios/generated_H2_128C_int8/260-123440-0008_generated.wav | RTF: 0.2839(1.063s / 3.745s) | Generator RTF: 0.2830(1.060s / 3.745s)
generated_audios/generated_H2_128C_int8/260-123440-0009_generated.wav | RTF: 0.2843(0.886s / 3.115s) | Generator RTF: 0.2833(0.882s / 3.115s)
generated_audios/generated_H2_128C_int8/260-123440-0010_generated.wav | RTF: 0.2904(2.414s / 8.315s) | Generator RTF: 0.2899(2.411s / 8.315s)
generated_audios/generated_H2_128C_int8/260-123440-0011_generated.wav | RTF: 0.0220(0.107s / 4.870s) | Generator RTF: 0.0212(0.103s / 4.870s)
generated_audios/generated_H2_128C_int8/260-123440-0012_generated.wav | RTF: 0.2924(1.534s / 5.245s) | Generator RTF: 0.2917(1.530s / 5.245s)
generated_audios/generated_H2_128C_int8/260-123440-0013_generated.wav | RTF: 0.2830(0.983s / 3.475s) | Generator RTF: 0.2820(0.980s / 3.475s)
generated_audios/generated_H2_128C_int8/260-123440-0014_generated.wav | RTF: 0.2869(1.095s / 3.815s) | Generator RTF: 0.2864(1.093s / 3.815s)
generated_audios/generated_H2_128C_int8/260-123440-0015_generated.wav | RTF: 0.0296(0.183s / 6.200s) | Generator RTF: 0.0290(0.180s / 6.200s)
generated_audios/generated_H2_128C_int8/260-123440-0016_generated.wav | RTF: 0.2913(1.426s / 4.895s) | Generator RTF: 0.2906(1.422s / 4.895s)
generated_audios/generated_H2_128C_int8/260-123440-0017_generated.wav | RTF: 0.0306(0.094s / 3.070s) | Generator RTF: 0.0295(0.090s / 3.070s)
generated_audios/generated_H2_128C_int8/260-123440-0018_generated.wav | RTF: 0.2957(1.076s / 3.640s) | Generator RTF: 0.2947(1.073s / 3.640s)
generated_audios/generated_H2_128C_int8/260-123440-0019_generated.wav | RTF: 0.2952(1.957s / 6.630s) | Generator RTF: 0.2946(1.953s / 6.630s)
generated_audios/generated_H2_128C_int8/260-123440-0020_generated.wav | RTF: 0.2877(1.437s / 4.995s) | Generator RTF: 0.2870(1.434s / 4.995s)
generated_audios/generated_H2_128C_int8/61-70968-0000_generated.wav | RTF: 0.2906(1.426s / 4.905s) | Generator RTF: 0.2899(1.422s / 4.905s)
generated_audios/generated_H2_128C_int8/61-70968-0001_generated.wav | RTF: 0.2870(1.036s / 3.610s) | Generator RTF: 0.2864(1.034s / 3.610s)
generated_audios/generated_H2_128C_int8/61-70968-0002_generated.wav | RTF: 0.2804(0.833s / 2.970s) | Generator RTF: 0.2793(0.830s / 2.970s)
generated_audios/generated_H2_128C_int8/61-70968-0003_generated.wav | RTF: 0.0273(0.118s / 4.315s) | Generator RTF: 0.0265(0.114s / 4.315s)
generated_audios/generated_H2_128C_int8/61-70968-0004_generated.wav | RTF: 0.2845(1.105s / 3.885s) | Generator RTF: 0.2837(1.102s / 3.885s)
generated_audios/generated_H2_128C_int8/61-70968-0005_generated.wav | RTF: 0.0262(0.133s / 5.070s) | Generator RTF: 0.0255(0.129s / 5.070s)
generated_audios/generated_H2_128C_int8/61-70968-0006_generated.wav | RTF: 0.2688(0.789s / 2.935s) | Generator RTF: 0.2676(0.786s / 2.935s)
generated_audios/generated_H2_128C_int8/61-70968-0007_generated.wav | RTF: 0.0283(0.100s / 3.550s) | Generator RTF: 0.0273(0.097s / 3.550s)
generated_audios/generated_H2_128C_int8/61-70968-0008_generated.wav | RTF: 0.0280(0.099s / 3.535s) | Generator RTF: 0.0274(0.097s / 3.535s)
generated_audios/generated_H2_128C_int8/61-70968-0009_generated.wav | RTF: 0.2883(1.300s / 4.510s) | Generator RTF: 0.2875(1.297s / 4.510s)
generated_audios/generated_H2_128C_int8/61-70968-0010_generated.wav | RTF: 0.2741(2.273s / 8.295s) | Generator RTF: 0.2736(2.270s / 8.295s)
generated_audios/generated_H2_128C_int8/61-70968-0011_generated.wav | RTF: 0.2737(1.745s / 6.375s) | Generator RTF: 0.2731(1.741s / 6.375s)
generated_audios/generated_H2_128C_int8/61-70968-0012_generated.wav | RTF: 0.0296(0.077s / 2.610s) | Generator RTF: 0.0283(0.074s / 2.610s)
generated_audios/generated_H2_128C_int8/61-70968-0013_generated.wav | RTF: 0.0265(0.118s / 4.450s) | Generator RTF: 0.0257(0.114s / 4.450s)
generated_audios/generated_H2_128C_int8/61-70968-0014_generated.wav | RTF: 0.2912(2.180s / 7.485s) | Generator RTF: 0.2907(2.176s / 7.485s)
generated_audios/generated_H2_128C_int8/61-70968-0015_generated.wav | RTF: 0.2748(1.477s / 5.375s) | Generator RTF: 0.2743(1.474s / 5.375s)
generated_audios/generated_H2_128C_int8/61-70968-0016_generated.wav | RTF: 0.2901(1.079s / 3.720s) | Generator RTF: 0.2892(1.076s / 3.720s)
generated_audios/generated_H2_128C_int8/61-70968-0017_generated.wav | RTF: 0.2942(1.503s / 5.110s) | Generator RTF: 0.2935(1.500s / 5.110s)
generated_audios/generated_H2_128C_int8/61-70968-0018_generated.wav | RTF: 0.2846(0.684s / 2.405s) | Generator RTF: 0.2832(0.681s / 2.405s)
generated_audios/generated_H2_128C_int8/61-70968-0019_generated.wav | RTF: 0.2799(1.533s / 5.475s) | Generator RTF: 0.2793(1.529s / 5.475s)
generated_audios/generated_H2_128C_int8/61-70968-0020_generated.wav | RTF: 0.2974(1.518s / 5.105s) | Generator RTF: 0.2967(1.514s / 5.105s)
generated_audios/generated_H2_128C_int8/61-70968-0021_generated.wav | RTF: 0.2692(0.724s / 2.690s) | Generator RTF: 0.2680(0.721s / 2.690s)
generated_audios/generated_H2_128C_int8/61-70968-0022_generated.wav | RTF: 0.0306(0.143s / 4.670s) | Generator RTF: 0.0299(0.140s / 4.670s)
generated_audios/generated_H2_128C_int8/61-70968-0023_generated.wav | RTF: 0.0275(0.138s / 5.025s) | Generator RTF: 0.0268(0.134s / 5.025s)
generated_audios/generated_H2_128C_int8/61-70968-0024_generated.wav | RTF: 0.2945(1.774s / 6.025s) | Generator RTF: 0.2939(1.771s / 6.025s)
generated_audios/generated_H2_128C_int8/61-70968-0025_generated.wav | RTF: 0.0266(0.117s / 4.410s) | Generator RTF: 0.0258(0.114s / 4.410s)
generated_audios/generated_H2_128C_int8/61-70968-0026_generated.wav | RTF: 0.2782(1.369s / 4.920s) | Generator RTF: 0.2776(1.366s / 4.920s)
generated_audios/generated_H2_128C_int8/61-70968-0027_generated.wav | RTF: 0.2812(1.932s / 6.870s) | Generator RTF: 0.2806(1.928s / 6.870s)
generated_audios/generated_H2_128C_int8/61-70968-0028_generated.wav | RTF: 0.2998(1.605s / 5.355s) | Generator RTF: 0.2990(1.601s / 5.355s)
generated_audios/generated_H2_128C_int8/61-70968-0029_generated.wav | RTF: 0.2927(1.023s / 3.495s) | Generator RTF: 0.2916(1.019s / 3.495s)
generated_audios/generated_H2_128C_int8/61-70968-0030_generated.wav | RTF: 0.2826(1.606s / 5.685s) | Generator RTF: 0.2819(1.603s / 5.685s)
generated_audios/generated_H2_128C_int8/61-70968-0031_generated.wav | RTF: 0.2954(0.864s / 2.925s) | Generator RTF: 0.2943(0.861s / 2.925s)
generated_audios/generated_H2_128C_int8/61-70968-0032_generated.wav | RTF: 0.0262(0.112s / 4.280s) | Generator RTF: 0.0255(0.109s / 4.280s)
generated_audios/generated_H2_128C_int8/61-70968-0033_generated.wav | RTF: 0.0224(0.127s / 5.685s) | Generator RTF: 0.0218(0.124s / 5.685s)
generated_audios/generated_H2_128C_int8/61-70968-0034_generated.wav | RTF: 0.2960(1.252s / 4.230s) | Generator RTF: 0.2952(1.249s / 4.230s)
generated_audios/generated_H2_128C_int8/61-70968-0035_generated.wav | RTF: 0.2818(2.240s / 7.950s) | Generator RTF: 0.2813(2.237s / 7.950s)
generated_audios/generated_H2_128C_int8/61-70968-0036_generated.wav | RTF: 0.0300(0.088s / 2.935s) | Generator RTF: 0.0289(0.085s / 2.935s)
generated_audios/generated_H2_128C_int8/61-70968-0037_generated.wav | RTF: 0.0270(0.117s / 4.315s) | Generator RTF: 0.0262(0.113s / 4.315s)
generated_audios/generated_H2_128C_int8/61-70968-0038_generated.wav | RTF: 0.2776(0.569s / 2.050s) | Generator RTF: 0.2761(0.566s / 2.050s)
generated_audios/generated_H2_128C_int8/61-70968-0039_generated.wav | RTF: 0.2820(1.073s / 3.805s) | Generator RTF: 0.2811(1.069s / 3.805s)
generated_audios/generated_H2_128C_int8/61-70968-0040_generated.wav | RTF: 0.2963(1.170s / 3.950s) | Generator RTF: 0.2954(1.167s / 3.950s)
generated_audios/generated_H2_128C_int8/61-70968-0041_generated.wav | RTF: 0.0266(0.182s / 6.825s) | Generator RTF: 0.0261(0.178s / 6.825s)
generated_audios/generated_H2_128C_int8/61-70968-0042_generated.wav | RTF: 0.0301(0.084s / 2.785s) | Generator RTF: 0.0289(0.081s / 2.785s)
generated_audios/generated_H2_128C_int8/61-70968-0043_generated.wav | RTF: 0.2975(2.004s / 6.735s) | Generator RTF: 0.2970(2.000s / 6.735s)
generated_audios/generated_H2_128C_int8/61-70968-0044_generated.wav | RTF: 0.0291(0.081s / 2.770s) | Generator RTF: 0.0280(0.077s / 2.770s)
generated_audios/generated_H2_128C_int8/61-70968-0045_generated.wav | RTF: 0.0272(0.095s / 3.475s) | Generator RTF: 0.0263(0.091s / 3.475s)
generated_audios/generated_H2_128C_int8/61-70968-0046_generated.wav | RTF: 0.0317(0.113s / 3.550s) | Generator RTF: 0.0268(0.095s / 3.550s)
generated_audios/generated_H2_128C_int8/61-70968-0047_generated.wav | RTF: 0.2817(1.345s / 4.775s) | Generator RTF: 0.2810(1.342s / 4.775s)
generated_audios/generated_H2_128C_int8/61-70968-0048_generated.wav | RTF: 0.2910(0.879s / 3.020s) | Generator RTF: 0.2900(0.876s / 3.020s)
generated_audios/generated_H2_128C_int8/61-70968-0049_generated.wav | RTF: 0.2998(2.473s / 8.250s) | Generator RTF: 0.2994(2.470s / 8.250s)
generated_audios/generated_H2_128C_int8/61-70968-0050_generated.wav | RTF: 0.2820(1.574s / 5.580s) | Generator RTF: 0.2814(1.570s / 5.580s)
generated_audios/generated_H2_128C_int8/61-70968-0051_generated.wav | RTF: 0.2809(0.881s / 3.135s) | Generator RTF: 0.2798(0.877s / 3.135s)
generated_audios/generated_H2_128C_int8/61-70968-0052_generated.wav | RTF: 0.2773(0.735s / 2.650s) | Generator RTF: 0.2766(0.733s / 2.650s)
generated_audios/generated_H2_128C_int8/61-70968-0053_generated.wav | RTF: 0.0306(0.129s / 4.220s) | Generator RTF: 0.0298(0.126s / 4.220s)
generated_audios/generated_H2_128C_int8/61-70968-0054_generated.wav | RTF: 0.2976(2.339s / 7.860s) | Generator RTF: 0.2971(2.335s / 7.860s)
generated_audios/generated_H2_128C_int8/61-70968-0055_generated.wav | RTF: 0.0267(0.106s / 3.965s) | Generator RTF: 0.0259(0.103s / 3.965s)
generated_audios/generated_H2_128C_int8/61-70968-0056_generated.wav | RTF: 0.2963(1.056s / 3.565s) | Generator RTF: 0.2953(1.053s / 3.565s)
generated_audios/generated_H2_128C_int8/61-70968-0057_generated.wav | RTF: 0.0251(0.127s / 5.065s) | Generator RTF: 0.0244(0.123s / 5.065s)
generated_audios/generated_H2_128C_int8/61-70968-0058_generated.wav | RTF: 0.2587(0.471s / 1.820s) | Generator RTF: 0.2570(0.468s / 1.820s)
generated_audios/generated_H2_128C_int8/61-70968-0059_generated.wav | RTF: 0.0304(0.066s / 2.170s) | Generator RTF: 0.0291(0.063s / 2.170s)
generated_audios/generated_H2_128C_int8/61-70968-0060_generated.wav | RTF: 0.0310(0.116s / 3.735s) | Generator RTF: 0.0302(0.113s / 3.735s)
generated_audios/generated_H2_128C_int8/61-70968-0061_generated.wav | RTF: 0.2961(1.638s / 5.530s) | Generator RTF: 0.2956(1.634s / 5.530s)
generated_audios/generated_H2_128C_int8/61-70968-0062_generated.wav | RTF: 0.0291(0.074s / 2.555s) | Generator RTF: 0.0280(0.071s / 2.555s)
generated_audios/generated_H2_128C_int8/61-70970-0000_generated.wav | RTF: 0.3042(1.848s / 6.075s) | Generator RTF: 0.3037(1.845s / 6.075s)
generated_audios/generated_H2_128C_int8/61-70970-0001_generated.wav | RTF: 0.2917(1.796s / 6.155s) | Generator RTF: 0.2911(1.792s / 6.155s)
generated_audios/generated_H2_128C_int8/61-70970-0002_generated.wav | RTF: 0.2972(1.238s / 4.165s) | Generator RTF: 0.2964(1.235s / 4.165s)
generated_audios/generated_H2_128C_int8/61-70970-0003_generated.wav | RTF: 0.2869(1.100s / 3.835s) | Generator RTF: 0.2863(1.098s / 3.835s)
generated_audios/generated_H2_128C_int8/61-70970-0004_generated.wav | RTF: 0.2959(3.111s / 10.515s) | Generator RTF: 0.2955(3.107s / 10.515s)
generated_audios/generated_H2_128C_int8/61-70970-0005_generated.wav | RTF: 0.2790(0.563s / 2.020s) | Generator RTF: 0.2775(0.560s / 2.020s)
generated_audios/generated_H2_128C_int8/61-70970-0006_generated.wav | RTF: 0.2990(0.698s / 2.335s) | Generator RTF: 0.2978(0.695s / 2.335s)
generated_audios/generated_H2_128C_int8/61-70970-0007_generated.wav | RTF: 0.3082(1.382s / 4.485s) | Generator RTF: 0.3075(1.379s / 4.485s)
generated_audios/generated_H2_128C_int8/61-70970-0008_generated.wav | RTF: 0.3060(0.658s / 2.150s) | Generator RTF: 0.3046(0.655s / 2.150s)
generated_audios/generated_H2_128C_int8/61-70970-0009_generated.wav | RTF: 0.3162(1.077s / 3.405s) | Generator RTF: 0.3154(1.074s / 3.405s)
generated_audios/generated_H2_128C_int8/61-70970-0010_generated.wav | RTF: 0.0305(0.093s / 3.045s) | Generator RTF: 0.0294(0.090s / 3.045s)
generated_audios/generated_H2_128C_int8/61-70970-0011_generated.wav | RTF: 0.0220(0.134s / 6.075s) | Generator RTF: 0.0214(0.130s / 6.075s)
generated_audios/generated_H2_128C_int8/61-70970-0012_generated.wav | RTF: 0.0235(0.074s / 3.135s) | Generator RTF: 0.0229(0.072s / 3.135s)
generated_audios/generated_H2_128C_int8/61-70970-0013_generated.wav | RTF: 0.3062(1.332s / 4.350s) | Generator RTF: 0.3054(1.328s / 4.350s)
generated_audios/generated_H2_128C_int8/61-70970-0014_generated.wav | RTF: 0.0239(0.081s / 3.405s) | Generator RTF: 0.0230(0.078s / 3.405s)
generated_audios/generated_H2_128C_int8/61-70970-0015_generated.wav | RTF: 0.3065(2.579s / 8.415s) | Generator RTF: 0.3060(2.575s / 8.415s)
generated_audios/generated_H2_128C_int8/61-70970-0016_generated.wav | RTF: 0.3087(1.349s / 4.370s) | Generator RTF: 0.3079(1.346s / 4.370s)
generated_audios/generated_H2_128C_int8/61-70970-0017_generated.wav | RTF: 0.0294(0.075s / 2.550s) | Generator RTF: 0.0281(0.072s / 2.550s)
generated_audios/generated_H2_128C_int8/61-70970-0018_generated.wav | RTF: 0.2855(1.313s / 4.600s) | Generator RTF: 0.2847(1.310s / 4.600s)
generated_audios/generated_H2_128C_int8/61-70970-0019_generated.wav | RTF: 0.2998(1.133s / 3.780s) | Generator RTF: 0.2989(1.130s / 3.780s)
generated_audios/generated_H2_128C_int8/61-70970-0020_generated.wav | RTF: 0.0285(0.143s / 5.025s) | Generator RTF: 0.0278(0.140s / 5.025s)
generated_audios/generated_H2_128C_int8/61-70970-0021_generated.wav | RTF: 0.2842(1.536s / 5.405s) | Generator RTF: 0.2837(1.533s / 5.405s)
generated_audios/generated_H2_128C_int8/61-70970-0022_generated.wav | RTF: 0.0274(0.109s / 3.970s) | Generator RTF: 0.0266(0.106s / 3.970s)
generated_audios/generated_H2_128C_int8/61-70970-0023_generated.wav | RTF: 0.0277(0.102s / 3.705s) | Generator RTF: 0.0269(0.100s / 3.705s)
generated_audios/generated_H2_128C_int8/61-70970-0024_generated.wav | RTF: 0.2988(2.162s / 7.235s) | Generator RTF: 0.2984(2.159s / 7.235s)
generated_audios/generated_H2_128C_int8/61-70970-0025_generated.wav | RTF: 0.3024(2.248s / 7.435s) | Generator RTF: 0.3020(2.245s / 7.435s)
generated_audios/generated_H2_128C_int8/61-70970-0026_generated.wav | RTF: 0.0287(0.157s / 5.475s) | Generator RTF: 0.0281(0.154s / 5.475s)
generated_audios/generated_H2_128C_int8/61-70970-0027_generated.wav | RTF: 0.0256(0.130s / 5.080s) | Generator RTF: 0.0249(0.126s / 5.080s)
generated_audios/generated_H2_128C_int8/61-70970-0028_generated.wav | RTF: 0.0271(0.178s / 6.550s) | Generator RTF: 0.0266(0.174s / 6.550s)
generated_audios/generated_H2_128C_int8/61-70970-0029_generated.wav | RTF: 0.0267(0.108s / 4.030s) | Generator RTF: 0.0258(0.104s / 4.030s)
generated_audios/generated_H2_128C_int8/61-70970-0030_generated.wav | RTF: 0.0287(0.093s / 3.240s) | Generator RTF: 0.0276(0.090s / 3.240s)
generated_audios/generated_H2_128C_int8/61-70970-0031_generated.wav | RTF: 0.2976(1.528s / 5.135s) | Generator RTF: 0.2969(1.525s / 5.135s)
generated_audios/generated_H2_128C_int8/61-70970-0032_generated.wav | RTF: 0.0243(0.076s / 3.135s) | Generator RTF: 0.0232(0.073s / 3.135s)
generated_audios/generated_H2_128C_int8/61-70970-0033_generated.wav | RTF: 0.2773(0.948s / 3.420s) | Generator RTF: 0.2764(0.945s / 3.420s)
generated_audios/generated_H2_128C_int8/61-70970-0034_generated.wav | RTF: 0.0239(0.107s / 4.485s) | Generator RTF: 0.0231(0.104s / 4.485s)
generated_audios/generated_H2_128C_int8/61-70970-0035_generated.wav | RTF: 0.0258(0.191s / 7.405s) | Generator RTF: 0.0253(0.187s / 7.405s)
generated_audios/generated_H2_128C_int8/61-70970-0036_generated.wav | RTF: 0.0257(0.175s / 6.785s) | Generator RTF: 0.0252(0.171s / 6.785s)
generated_audios/generated_H2_128C_int8/61-70970-0037_generated.wav | RTF: 0.2961(1.771s / 5.980s) | Generator RTF: 0.2955(1.767s / 5.980s)
generated_audios/generated_H2_128C_int8/61-70970-0038_generated.wav | RTF: 0.2996(3.116s / 10.400s) | Generator RTF: 0.2992(3.112s / 10.400s)
generated_audios/generated_H2_128C_int8/61-70970-0039_generated.wav | RTF: 0.0256(0.170s / 6.665s) | Generator RTF: 0.0250(0.167s / 6.665s)
generated_audios/generated_H2_128C_int8/61-70970-0040_generated.wav | RTF: 0.0259(0.108s / 4.165s) | Generator RTF: 0.0252(0.105s / 4.165s)
generated_audios/generated_H2_128C_int8/672-122797-0000_generated.wav | RTF: 0.2990(1.217s / 4.070s) | Generator RTF: 0.2982(1.214s / 4.070s)
generated_audios/generated_H2_128C_int8/672-122797-0001_generated.wav | RTF: 0.3109(4.704s / 15.130s) | Generator RTF: 0.3106(4.699s / 15.130s)
generated_audios/generated_H2_128C_int8/672-122797-0002_generated.wav | RTF: 0.2835(3.861s / 13.620s) | Generator RTF: 0.2832(3.857s / 13.620s)
generated_audios/generated_H2_128C_int8/672-122797-0003_generated.wav | RTF: 0.2979(1.418s / 4.760s) | Generator RTF: 0.2973(1.415s / 4.760s)
generated_audios/generated_H2_128C_int8/672-122797-0004_generated.wav | RTF: 0.2925(2.998s / 10.250s) | Generator RTF: 0.2921(2.994s / 10.250s)
generated_audios/generated_H2_128C_int8/672-122797-0005_generated.wav | RTF: 0.2937(0.958s / 3.260s) | Generator RTF: 0.2931(0.955s / 3.260s)
generated_audios/generated_H2_128C_int8/672-122797-0006_generated.wav | RTF: 0.3186(4.444s / 13.950s) | Generator RTF: 0.3182(4.440s / 13.950s)
generated_audios/generated_H2_128C_int8/672-122797-0007_generated.wav | RTF: 0.2940(1.887s / 6.420s) | Generator RTF: 0.2935(1.884s / 6.420s)
generated_audios/generated_H2_128C_int8/672-122797-0008_generated.wav | RTF: 0.3093(9.530s / 30.810s) | Generator RTF: 0.3091(9.523s / 30.810s)
generated_audios/generated_H2_128C_int8/672-122797-0009_generated.wav | RTF: 0.0306(0.085s / 2.765s) | Generator RTF: 0.0293(0.081s / 2.765s)
generated_audios/generated_H2_128C_int8/672-122797-0010_generated.wav | RTF: 0.0280(0.107s / 3.815s) | Generator RTF: 0.0272(0.104s / 3.815s)
generated_audios/generated_H2_128C_int8/672-122797-0011_generated.wav | RTF: 0.3068(0.779s / 2.540s) | Generator RTF: 0.3055(0.776s / 2.540s)
generated_audios/generated_H2_128C_int8/672-122797-0012_generated.wav | RTF: 0.3094(2.403s / 7.765s) | Generator RTF: 0.3089(2.399s / 7.765s)
generated_audios/generated_H2_128C_int8/672-122797-0013_generated.wav | RTF: 0.3107(2.704s / 8.705s) | Generator RTF: 0.3103(2.701s / 8.705s)
generated_audios/generated_H2_128C_int8/672-122797-0014_generated.wav | RTF: 0.0298(0.076s / 2.555s) | Generator RTF: 0.0284(0.073s / 2.555s)
generated_audios/generated_H2_128C_int8/672-122797-0015_generated.wav | RTF: 0.0263(0.117s / 4.455s) | Generator RTF: 0.0255(0.114s / 4.455s)
generated_audios/generated_H2_128C_int8/672-122797-0016_generated.wav | RTF: 0.3012(2.775s / 9.215s) | Generator RTF: 0.3007(2.771s / 9.215s)
generated_audios/generated_H2_128C_int8/672-122797-0017_generated.wav | RTF: 0.2959(1.426s / 4.820s) | Generator RTF: 0.2952(1.423s / 4.820s)
generated_audios/generated_H2_128C_int8/672-122797-0018_generated.wav | RTF: 0.3006(1.482s / 4.930s) | Generator RTF: 0.2999(1.479s / 4.930s)
generated_audios/generated_H2_128C_int8/672-122797-0019_generated.wav | RTF: 0.2861(1.176s / 4.110s) | Generator RTF: 0.2853(1.173s / 4.110s)
generated_audios/generated_H2_128C_int8/672-122797-0020_generated.wav | RTF: 0.3026(2.670s / 8.825s) | Generator RTF: 0.3022(2.667s / 8.825s)
generated_audios/generated_H2_128C_int8/672-122797-0021_generated.wav | RTF: 0.0277(0.115s / 4.150s) | Generator RTF: 0.0269(0.111s / 4.150s)
generated_audios/generated_H2_128C_int8/672-122797-0022_generated.wav | RTF: 0.3041(5.779s / 19.005s) | Generator RTF: 0.3038(5.774s / 19.005s)
generated_audios/generated_H2_128C_int8/672-122797-0023_generated.wav | RTF: 0.2965(2.874s / 9.695s) | Generator RTF: 0.2961(2.871s / 9.695s)
generated_audios/generated_H2_128C_int8/672-122797-0024_generated.wav | RTF: 0.2922(1.207s / 4.130s) | Generator RTF: 0.2912(1.203s / 4.130s)
generated_audios/generated_H2_128C_int8/672-122797-0025_generated.wav | RTF: 0.3024(3.233s / 10.690s) | Generator RTF: 0.3021(3.229s / 10.690s)
generated_audios/generated_H2_128C_int8/672-122797-0026_generated.wav | RTF: 0.3045(4.251s / 13.960s) | Generator RTF: 0.3042(4.247s / 13.960s)
generated_audios/generated_H2_128C_int8/672-122797-0027_generated.wav | RTF: 0.0263(0.126s / 4.790s) | Generator RTF: 0.0259(0.124s / 4.790s)
generated_audios/generated_H2_128C_int8/672-122797-0028_generated.wav | RTF: 0.0302(0.079s / 2.610s) | Generator RTF: 0.0290(0.076s / 2.610s)
generated_audios/generated_H2_128C_int8/672-122797-0029_generated.wav | RTF: 0.0278(0.085s / 3.050s) | Generator RTF: 0.0266(0.081s / 3.050s)
generated_audios/generated_H2_128C_int8/672-122797-0030_generated.wav | RTF: 0.2952(1.351s / 4.575s) | Generator RTF: 0.2947(1.348s / 4.575s)
generated_audios/generated_H2_128C_int8/672-122797-0031_generated.wav | RTF: 0.0279(0.111s / 3.980s) | Generator RTF: 0.0270(0.108s / 3.980s)
generated_audios/generated_H2_128C_int8/672-122797-0032_generated.wav | RTF: 0.0278(0.111s / 4.000s) | Generator RTF: 0.0269(0.108s / 4.000s)
generated_audios/generated_H2_128C_int8/672-122797-0033_generated.wav | RTF: 0.2642(0.339s / 1.285s) | Generator RTF: 0.2618(0.336s / 1.285s)
generated_audios/generated_H2_128C_int8/672-122797-0034_generated.wav | RTF: 0.0255(0.130s / 5.110s) | Generator RTF: 0.0249(0.127s / 5.110s)
generated_audios/generated_H2_128C_int8/672-122797-0035_generated.wav | RTF: 0.0281(0.082s / 2.900s) | Generator RTF: 0.0275(0.080s / 2.900s)
generated_audios/generated_H2_128C_int8/672-122797-0036_generated.wav | RTF: 0.0263(0.141s / 5.365s) | Generator RTF: 0.0257(0.138s / 5.365s)
generated_audios/generated_H2_128C_int8/672-122797-0037_generated.wav | RTF: 0.2812(0.551s / 1.960s) | Generator RTF: 0.2796(0.548s / 1.960s)
generated_audios/generated_H2_128C_int8/672-122797-0038_generated.wav | RTF: 0.3046(2.681s / 8.800s) | Generator RTF: 0.3042(2.677s / 8.800s)
generated_audios/generated_H2_128C_int8/672-122797-0039_generated.wav | RTF: 0.2981(1.200s / 4.025s) | Generator RTF: 0.2973(1.197s / 4.025s)
generated_audios/generated_H2_128C_int8/672-122797-0040_generated.wav | RTF: 0.0265(0.136s / 5.125s) | Generator RTF: 0.0258(0.132s / 5.125s)
generated_audios/generated_H2_128C_int8/672-122797-0041_generated.wav | RTF: 0.0267(0.103s / 3.880s) | Generator RTF: 0.0258(0.100s / 3.880s)
generated_audios/generated_H2_128C_int8/672-122797-0042_generated.wav | RTF: 0.3066(4.695s / 15.310s) | Generator RTF: 0.3063(4.690s / 15.310s)
generated_audios/generated_H2_128C_int8/672-122797-0043_generated.wav | RTF: 0.0271(0.103s / 3.780s) | Generator RTF: 0.0262(0.099s / 3.780s)
generated_audios/generated_H2_128C_int8/672-122797-0044_generated.wav | RTF: 0.0267(0.100s / 3.740s) | Generator RTF: 0.0258(0.097s / 3.740s)
generated_audios/generated_H2_128C_int8/672-122797-0045_generated.wav | RTF: 0.0221(0.308s / 13.960s) | Generator RTF: 0.0217(0.303s / 13.960s)
generated_audios/generated_H2_128C_int8/672-122797-0046_generated.wav | RTF: 0.2956(1.394s / 4.715s) | Generator RTF: 0.2949(1.390s / 4.715s)
generated_audios/generated_H2_128C_int8/672-122797-0047_generated.wav | RTF: 0.2952(0.982s / 3.325s) | Generator RTF: 0.2942(0.978s / 3.325s)
generated_audios/generated_H2_128C_int8/672-122797-0048_generated.wav | RTF: 0.0271(0.178s / 6.555s) | Generator RTF: 0.0266(0.174s / 6.555s)
generated_audios/generated_H2_128C_int8/672-122797-0049_generated.wav | RTF: 0.0320(0.065s / 2.020s) | Generator RTF: 0.0304(0.061s / 2.020s)
generated_audios/generated_H2_128C_int8/672-122797-0050_generated.wav | RTF: 0.2987(1.450s / 4.855s) | Generator RTF: 0.2980(1.447s / 4.855s)
generated_audios/generated_H2_128C_int8/672-122797-0051_generated.wav | RTF: 0.3055(1.425s / 4.665s) | Generator RTF: 0.3050(1.423s / 4.665s)
generated_audios/generated_H2_128C_int8/672-122797-0052_generated.wav | RTF: 0.2894(1.240s / 4.285s) | Generator RTF: 0.2885(1.236s / 4.285s)
generated_audios/generated_H2_128C_int8/672-122797-0053_generated.wav | RTF: 0.0290(0.086s / 2.955s) | Generator RTF: 0.0278(0.082s / 2.955s)
generated_audios/generated_H2_128C_int8/672-122797-0054_generated.wav | RTF: 0.0304(0.129s / 4.250s) | Generator RTF: 0.0296(0.126s / 4.250s)
generated_audios/generated_H2_128C_int8/672-122797-0055_generated.wav | RTF: 0.2866(2.359s / 8.230s) | Generator RTF: 0.2861(2.355s / 8.230s)
generated_audios/generated_H2_128C_int8/672-122797-0056_generated.wav | RTF: 0.0273(0.143s / 5.225s) | Generator RTF: 0.0267(0.139s / 5.225s)
generated_audios/generated_H2_128C_int8/672-122797-0057_generated.wav | RTF: 0.0270(0.177s / 6.560s) | Generator RTF: 0.0265(0.174s / 6.560s)
generated_audios/generated_H2_128C_int8/672-122797-0058_generated.wav | RTF: 0.2999(1.341s / 4.470s) | Generator RTF: 0.2991(1.337s / 4.470s)
generated_audios/generated_H2_128C_int8/672-122797-0059_generated.wav | RTF: 0.2922(1.029s / 3.520s) | Generator RTF: 0.2912(1.025s / 3.520s)
generated_audios/generated_H2_128C_int8/672-122797-0060_generated.wav | RTF: 0.0300(0.101s / 3.350s) | Generator RTF: 0.0290(0.097s / 3.350s)
generated_audios/generated_H2_128C_int8/672-122797-0061_generated.wav | RTF: 0.3107(2.359s / 7.590s) | Generator RTF: 0.3103(2.355s / 7.590s)
generated_audios/generated_H2_128C_int8/672-122797-0062_generated.wav | RTF: 0.3066(0.820s / 2.675s) | Generator RTF: 0.3056(0.817s / 2.675s)
generated_audios/generated_H2_128C_int8/672-122797-0063_generated.wav | RTF: 0.0253(0.129s / 5.075s) | Generator RTF: 0.0247(0.125s / 5.075s)
generated_audios/generated_H2_128C_int8/672-122797-0064_generated.wav | RTF: 0.3050(4.657s / 15.270s) | Generator RTF: 0.3046(4.652s / 15.270s)
generated_audios/generated_H2_128C_int8/672-122797-0065_generated.wav | RTF: 0.0304(0.092s / 3.030s) | Generator RTF: 0.0292(0.089s / 3.030s)
generated_audios/generated_H2_128C_int8/672-122797-0066_generated.wav | RTF: 0.0272(0.131s / 4.815s) | Generator RTF: 0.0265(0.128s / 4.815s)
generated_audios/generated_H2_128C_int8/672-122797-0067_generated.wav | RTF: 0.2905(3.786s / 13.035s) | Generator RTF: 0.2901(3.782s / 13.035s)
generated_audios/generated_H2_128C_int8/672-122797-0068_generated.wav | RTF: 0.0265(0.107s / 4.020s) | Generator RTF: 0.0257(0.103s / 4.020s)
generated_audios/generated_H2_128C_int8/672-122797-0069_generated.wav | RTF: 0.3106(1.556s / 5.010s) | Generator RTF: 0.3099(1.552s / 5.010s)
generated_audios/generated_H2_128C_int8/672-122797-0070_generated.wav | RTF: 0.2861(1.794s / 6.270s) | Generator RTF: 0.2855(1.790s / 6.270s)
generated_audios/generated_H2_128C_int8/672-122797-0071_generated.wav | RTF: 0.3078(2.732s / 8.875s) | Generator RTF: 0.3073(2.728s / 8.875s)
generated_audios/generated_H2_128C_int8/672-122797-0072_generated.wav | RTF: 0.3120(2.477s / 7.940s) | Generator RTF: 0.3115(2.473s / 7.940s)
generated_audios/generated_H2_128C_int8/672-122797-0073_generated.wav | RTF: 0.3065(2.515s / 8.205s) | Generator RTF: 0.3061(2.511s / 8.205s)
generated_audios/generated_H2_128C_int8/672-122797-0074_generated.wav | RTF: 0.3082(2.691s / 8.730s) | Generator RTF: 0.3077(2.687s / 8.730s)
generated_audios/generated_H2_128C_int8/908-157963-0000_generated.wav | RTF: 0.2892(3.649s / 12.620s) | Generator RTF: 0.2888(3.645s / 12.620s)
generated_audios/generated_H2_128C_int8/908-157963-0001_generated.wav | RTF: 0.2989(0.862s / 2.885s) | Generator RTF: 0.2977(0.859s / 2.885s)
generated_audios/generated_H2_128C_int8/908-157963-0002_generated.wav | RTF: 0.2992(0.824s / 2.755s) | Generator RTF: 0.2979(0.821s / 2.755s)
generated_audios/generated_H2_128C_int8/908-157963-0003_generated.wav | RTF: 0.2978(0.917s / 3.080s) | Generator RTF: 0.2968(0.914s / 3.080s)
generated_audios/generated_H2_128C_int8/908-157963-0004_generated.wav | RTF: 0.3015(4.218s / 13.990s) | Generator RTF: 0.3012(4.214s / 13.990s)
generated_audios/generated_H2_128C_int8/908-157963-0005_generated.wav | RTF: 0.2965(2.086s / 7.035s) | Generator RTF: 0.2960(2.083s / 7.035s)
generated_audios/generated_H2_128C_int8/908-157963-0006_generated.wav | RTF: 0.3006(2.438s / 8.110s) | Generator RTF: 0.3001(2.434s / 8.110s)
generated_audios/generated_H2_128C_int8/908-157963-0007_generated.wav | RTF: 0.3132(10.262s / 32.770s) | Generator RTF: 0.3129(10.255s / 32.770s)
generated_audios/generated_H2_128C_int8/908-157963-0008_generated.wav | RTF: 0.3068(6.120s / 19.950s) | Generator RTF: 0.3065(6.115s / 19.950s)
generated_audios/generated_H2_128C_int8/908-157963-0009_generated.wav | RTF: 0.3050(1.238s / 4.060s) | Generator RTF: 0.3041(1.235s / 4.060s)
generated_audios/generated_H2_128C_int8/908-157963-0010_generated.wav | RTF: 0.0226(0.142s / 6.280s) | Generator RTF: 0.0219(0.138s / 6.280s)
generated_audios/generated_H2_128C_int8/908-157963-0011_generated.wav | RTF: 0.0249(0.259s / 10.395s) | Generator RTF: 0.0245(0.255s / 10.395s)
generated_audios/generated_H2_128C_int8/908-157963-0012_generated.wav | RTF: 0.2987(3.014s / 10.090s) | Generator RTF: 0.2983(3.010s / 10.090s)
generated_audios/generated_H2_128C_int8/908-157963-0013_generated.wav | RTF: 0.0273(0.118s / 4.315s) | Generator RTF: 0.0264(0.114s / 4.315s)
generated_audios/generated_H2_128C_int8/908-157963-0014_generated.wav | RTF: 0.0266(0.120s / 4.520s) | Generator RTF: 0.0258(0.117s / 4.520s)
generated_audios/generated_H2_128C_int8/908-157963-0015_generated.wav | RTF: 0.2846(4.117s / 14.465s) | Generator RTF: 0.2843(4.113s / 14.465s)
generated_audios/generated_H2_128C_int8/908-157963-0016_generated.wav | RTF: 0.0261(0.133s / 5.105s) | Generator RTF: 0.0254(0.130s / 5.105s)
generated_audios/generated_H2_128C_int8/908-157963-0017_generated.wav | RTF: 0.2843(1.407s / 4.950s) | Generator RTF: 0.2837(1.404s / 4.950s)
generated_audios/generated_H2_128C_int8/908-157963-0018_generated.wav | RTF: 0.0296(0.126s / 4.255s) | Generator RTF: 0.0289(0.123s / 4.255s)
generated_audios/generated_H2_128C_int8/908-157963-0019_generated.wav | RTF: 0.3110(6.667s / 21.440s) | Generator RTF: 0.3107(6.662s / 21.440s)
generated_audios/generated_H2_128C_int8/908-157963-0020_generated.wav | RTF: 0.3043(2.982s / 9.800s) | Generator RTF: 0.3039(2.978s / 9.800s)
generated_audios/generated_H2_128C_int8/908-157963-0021_generated.wav | RTF: 0.0256(0.262s / 10.240s) | Generator RTF: 0.0252(0.258s / 10.240s)
generated_audios/generated_H2_128C_int8/908-157963-0022_generated.wav | RTF: 0.3111(1.434s / 4.610s) | Generator RTF: 0.3103(1.431s / 4.610s)
generated_audios/generated_H2_128C_int8/908-157963-0023_generated.wav | RTF: 0.3132(3.015s / 9.625s) | Generator RTF: 0.3128(3.011s / 9.625s)
generated_audios/generated_H2_128C_int8/908-157963-0024_generated.wav | RTF: 0.3066(1.055s / 3.440s) | Generator RTF: 0.3057(1.052s / 3.440s)
generated_audios/generated_H2_128C_int8/908-157963-0025_generated.wav | RTF: 0.2880(2.669s / 9.265s) | Generator RTF: 0.2876(2.665s / 9.265s)
generated_audios/generated_H2_128C_int8/908-157963-0026_generated.wav | RTF: 0.2965(2.401s / 8.100s) | Generator RTF: 0.2960(2.398s / 8.100s)
generated_audios/generated_H2_128C_int8/908-157963-0027_generated.wav | RTF: 0.0271(0.142s / 5.225s) | Generator RTF: 0.0264(0.138s / 5.225s)
generated_audios/generated_H2_128C_int8/908-157963-0028_generated.wav | RTF: 0.0220(0.109s / 4.955s) | Generator RTF: 0.0213(0.106s / 4.955s)
generated_audios/generated_H2_128C_int8/908-157963-0029_generated.wav | RTF: 0.2816(1.022s / 3.630s) | Generator RTF: 0.2806(1.019s / 3.630s)
generated_audios/generated_H2_128C_int8/908-157963-0030_generated.wav | RTF: 0.0230(0.104s / 4.520s) | Generator RTF: 0.0222(0.100s / 4.520s)
generated_audios/generated_H2_128C_int8/908-31957-0000_generated.wav | RTF: 0.2866(0.609s / 2.125s) | Generator RTF: 0.2851(0.606s / 2.125s)
generated_audios/generated_H2_128C_int8/908-31957-0001_generated.wav | RTF: 0.3029(3.427s / 11.315s) | Generator RTF: 0.3025(3.423s / 11.315s)
generated_audios/generated_H2_128C_int8/908-31957-0002_generated.wav | RTF: 0.0259(0.124s / 4.790s) | Generator RTF: 0.0252(0.121s / 4.790s)
generated_audios/generated_H2_128C_int8/908-31957-0003_generated.wav | RTF: 0.0257(0.169s / 6.565s) | Generator RTF: 0.0251(0.165s / 6.565s)
generated_audios/generated_H2_128C_int8/908-31957-0004_generated.wav | RTF: 0.3063(4.520s / 14.755s) | Generator RTF: 0.3060(4.516s / 14.755s)
generated_audios/generated_H2_128C_int8/908-31957-0005_generated.wav | RTF: 0.0264(0.118s / 4.490s) | Generator RTF: 0.0255(0.115s / 4.490s)
generated_audios/generated_H2_128C_int8/908-31957-0006_generated.wav | RTF: 0.2815(1.658s / 5.890s) | Generator RTF: 0.2809(1.655s / 5.890s)
generated_audios/generated_H2_128C_int8/908-31957-0007_generated.wav | RTF: 0.0253(0.147s / 5.800s) | Generator RTF: 0.0248(0.144s / 5.800s)
generated_audios/generated_H2_128C_int8/908-31957-0008_generated.wav | RTF: 0.2803(2.805s / 10.005s) | Generator RTF: 0.2800(2.801s / 10.005s)
generated_audios/generated_H2_128C_int8/908-31957-0009_generated.wav | RTF: 0.2821(2.174s / 7.705s) | Generator RTF: 0.2818(2.171s / 7.705s)
generated_audios/generated_H2_128C_int8/908-31957-0010_generated.wav | RTF: 0.2815(0.707s / 2.510s) | Generator RTF: 0.2802(0.703s / 2.510s)
generated_audios/generated_H2_128C_int8/908-31957-0011_generated.wav | RTF: 0.0303(0.071s / 2.335s) | Generator RTF: 0.0289(0.067s / 2.335s)
generated_audios/generated_H2_128C_int8/908-31957-0012_generated.wav | RTF: 0.2977(2.267s / 7.615s) | Generator RTF: 0.2972(2.263s / 7.615s)
generated_audios/generated_H2_128C_int8/908-31957-0013_generated.wav | RTF: 0.3005(1.857s / 6.180s) | Generator RTF: 0.2998(1.853s / 6.180s)
generated_audios/generated_H2_128C_int8/908-31957-0014_generated.wav | RTF: 0.2808(2.123s / 7.560s) | Generator RTF: 0.2803(2.119s / 7.560s)
generated_audios/generated_H2_128C_int8/908-31957-0015_generated.wav | RTF: 0.2920(6.267s / 21.465s) | Generator RTF: 0.2917(6.261s / 21.465s)
generated_audios/generated_H2_128C_int8/908-31957-0016_generated.wav | RTF: 0.2863(1.855s / 6.480s) | Generator RTF: 0.2857(1.851s / 6.480s)
generated_audios/generated_H2_128C_int8/908-31957-0017_generated.wav | RTF: 0.3017(2.351s / 7.795s) | Generator RTF: 0.3012(2.348s / 7.795s)
generated_audios/generated_H2_128C_int8/908-31957-0018_generated.wav | RTF: 0.3096(1.212s / 3.915s) | Generator RTF: 0.3087(1.209s / 3.915s)
generated_audios/generated_H2_128C_int8/908-31957-0019_generated.wav | RTF: 0.3118(2.974s / 9.540s) | Generator RTF: 0.3113(2.970s / 9.540s)
generated_audios/generated_H2_128C_int8/908-31957-0020_generated.wav | RTF: 0.0217(0.128s / 5.895s) | Generator RTF: 0.0211(0.124s / 5.895s)
generated_audios/generated_H2_128C_int8/908-31957-0021_generated.wav | RTF: 0.2896(3.158s / 10.905s) | Generator RTF: 0.2892(3.154s / 10.905s)
generated_audios/generated_H2_128C_int8/908-31957-0022_generated.wav | RTF: 0.3085(4.349s / 14.100s) | Generator RTF: 0.3081(4.344s / 14.100s)
generated_audios/generated_H2_128C_int8/908-31957-0023_generated.wav | RTF: 0.3086(2.628s / 8.515s) | Generator RTF: 0.3081(2.624s / 8.515s)
generated_audios/generated_H2_128C_int8/908-31957-0024_generated.wav | RTF: 0.2995(2.258s / 7.540s) | Generator RTF: 0.2989(2.254s / 7.540s)
generated_audios/generated_H2_128C_int8/908-31957-0025_generated.wav | RTF: 0.3067(6.305s / 20.560s) | Generator RTF: 0.3064(6.300s / 20.560s)
Average RTF: 0.2080(657.296s / 3159.849s)
Average Generator RTF: 0.2074(655.498s / 3159.849s)
Evaluation summary:
  Mel-spectrogram L1: 1.503425
  PESQ: 1.202852
  STOI: 0.814332
Appended per-audio metrics to CSV: per_audio_results/H2_quantized_resblocks_range_2_9

Appended metrics to CSV: experiments_results.csv
Appended to experiments_results.csv:
H2_128C_quantized_resblocks_range_2_9,926177,2.451,0.2089,0.2083,1.2002913796901702,0.8137576485755826,1.5070082547664643
========== Done ==========
=== JOB_STATISTICS ===
=== current date     : Sun Jul  5 01:55:47 PM CEST 2026
= Job-ID             : 1428666 on tinyfat
= Job-Name           : inference_128ch_h1-4
= Job-Command        : /home/hpc/vlbi/vlbi107v/hifi-gan/inference_Test.sh
= Initial workdir    : /home/hpc/vlbi/vlbi107v/hifi-gan
= Queue/Partition    : work
= Slurm account      : vlbi with QOS=normal
= Requested resources:  for 1-00:00:00
= Elapsed runtime    : 00:14:43
= Total RAM usage    : 15.8 GiB of requested  GiB (%)   
= Node list          : tf093
= Subm/Elig/Start/End: 2026-07-05T13:41:04 / 2026-07-05T13:41:04 / 2026-07-05T13:41:04 / 2026-07-05T13:55:47
======================
=== Quota infos ======
    Path                 Used     SoftQ    HardQ    Gracetime  Filec    FileQ    FiHaQ    FileGrace    
    /home/hpc              92.1G   104.9G   209.7G        N/A      85K     500K   1,000K        N/A    
    /home/woody           281.2G  1000.0G  1500.0G        N/A     118K   5,000K   7,500K        N/A    
======================
