### Starting TaskPrologue of job 1428672 on tf060 at Sun Jul  5 01:43:10 PM CEST 2026
Running on cores 0-7,64-71 with governor ondemand
No GPU known
### Finished TaskPrologue

==========(sbatch.tinyfat) Inference: 512 Channels (g_07960000) ==========
========== H2: quantized (INT8 dynamic quantization) ==========
Initializing Inference Process..
Using device: cpu (baseline and quantized inference both run on CPU)
Quantization enabled: forcing CPU inference for INT8 model.
Loading '/home/hpc/vlbi/vlbi107v/hifi-gan/cp_hifigan/v1_c512/g_07960000'
Complete.
Checkpoint contains weight_norm parameters. Keeping weight_norm wrappers for loading...
Removing weight norm...
Calibrating static quantization using 50 samples...
INT8 quantization scope: resblocks_range
Quantizing residual blocks 2..9; all other layers stay FP32.
Checking quantized modules after static quantization:
Quantized module: resblocks.2.convs1.0 (torch.ao.nn.quantized.modules.conv.Conv1d)
Quantized module: resblocks.2.convs1.1 (torch.ao.nn.quantized.modules.conv.Conv1d)
Quantized module: resblocks.2.convs1.2 (torch.ao.nn.quantized.modules.conv.Conv1d)
Quantized module: resblocks.2.convs2.0 (torch.ao.nn.quantized.modules.conv.Conv1d)
Quantized module: resblocks.2.convs2.1 (torch.ao.nn.quantized.modules.conv.Conv1d)
Quantized module: resblocks.2.convs2.2 (torch.ao.nn.quantized.modules.conv.Conv1d)
Quantized module: resblocks.3.convs1.0 (torch.ao.nn.quantized.modules.conv.Conv1d)
Quantized module: resblocks.3.convs1.1 (torch.ao.nn.quantized.modules.conv.Conv1d)
Quantized module: resblocks.3.convs1.2 (torch.ao.nn.quantized.modules.conv.Conv1d)
Quantized module: resblocks.3.convs2.0 (torch.ao.nn.quantized.modules.conv.Conv1d)
Quantized module: resblocks.3.convs2.1 (torch.ao.nn.quantized.modules.conv.Conv1d)
Quantized module: resblocks.3.convs2.2 (torch.ao.nn.quantized.modules.conv.Conv1d)
Quantized module: resblocks.4.convs1.0 (torch.ao.nn.quantized.modules.conv.Conv1d)
Quantized module: resblocks.4.convs1.1 (torch.ao.nn.quantized.modules.conv.Conv1d)
Quantized module: resblocks.4.convs1.2 (torch.ao.nn.quantized.modules.conv.Conv1d)
Quantized module: resblocks.4.convs2.0 (torch.ao.nn.quantized.modules.conv.Conv1d)
Quantized module: resblocks.4.convs2.1 (torch.ao.nn.quantized.modules.conv.Conv1d)
Quantized module: resblocks.4.convs2.2 (torch.ao.nn.quantized.modules.conv.Conv1d)
Quantized module: resblocks.5.convs1.0 (torch.ao.nn.quantized.modules.conv.Conv1d)
Quantized module: resblocks.5.convs1.1 (torch.ao.nn.quantized.modules.conv.Conv1d)
Quantized module: resblocks.5.convs1.2 (torch.ao.nn.quantized.modules.conv.Conv1d)
Quantized module: resblocks.5.convs2.0 (torch.ao.nn.quantized.modules.conv.Conv1d)
Quantized module: resblocks.5.convs2.1 (torch.ao.nn.quantized.modules.conv.Conv1d)
Quantized module: resblocks.5.convs2.2 (torch.ao.nn.quantized.modules.conv.Conv1d)
Quantized module: resblocks.6.convs1.0 (torch.ao.nn.quantized.modules.conv.Conv1d)
Quantized module: resblocks.6.convs1.1 (torch.ao.nn.quantized.modules.conv.Conv1d)
Quantized module: resblocks.6.convs1.2 (torch.ao.nn.quantized.modules.conv.Conv1d)
Quantized module: resblocks.6.convs2.0 (torch.ao.nn.quantized.modules.conv.Conv1d)
Quantized module: resblocks.6.convs2.1 (torch.ao.nn.quantized.modules.conv.Conv1d)
Quantized module: resblocks.6.convs2.2 (torch.ao.nn.quantized.modules.conv.Conv1d)
Quantized module: resblocks.7.convs1.0 (torch.ao.nn.quantized.modules.conv.Conv1d)
Quantized module: resblocks.7.convs1.1 (torch.ao.nn.quantized.modules.conv.Conv1d)
Quantized module: resblocks.7.convs1.2 (torch.ao.nn.quantized.modules.conv.Conv1d)
Quantized module: resblocks.7.convs2.0 (torch.ao.nn.quantized.modules.conv.Conv1d)
Quantized module: resblocks.7.convs2.1 (torch.ao.nn.quantized.modules.conv.Conv1d)
Quantized module: resblocks.7.convs2.2 (torch.ao.nn.quantized.modules.conv.Conv1d)
Quantized module: resblocks.8.convs1.0 (torch.ao.nn.quantized.modules.conv.Conv1d)
Quantized module: resblocks.8.convs1.1 (torch.ao.nn.quantized.modules.conv.Conv1d)
Quantized module: resblocks.8.convs1.2 (torch.ao.nn.quantized.modules.conv.Conv1d)
Quantized module: resblocks.8.convs2.0 (torch.ao.nn.quantized.modules.conv.Conv1d)
Quantized module: resblocks.8.convs2.1 (torch.ao.nn.quantized.modules.conv.Conv1d)
Quantized module: resblocks.8.convs2.2 (torch.ao.nn.quantized.modules.conv.Conv1d)
Quantized module: resblocks.9.convs1.0 (torch.ao.nn.quantized.modules.conv.Conv1d)
Quantized module: resblocks.9.convs1.1 (torch.ao.nn.quantized.modules.conv.Conv1d)
Quantized module: resblocks.9.convs1.2 (torch.ao.nn.quantized.modules.conv.Conv1d)
Quantized module: resblocks.9.convs2.0 (torch.ao.nn.quantized.modules.conv.Conv1d)
Quantized module: resblocks.9.convs2.1 (torch.ao.nn.quantized.modules.conv.Conv1d)
Quantized module: resblocks.9.convs2.2 (torch.ao.nn.quantized.modules.conv.Conv1d)
Saving checkpoint to /home/hpc/vlbi/vlbi107v/hifi-gan/cp_hifigan/v1_c512/compressed_checkpoint_int8
Complete.
Saved compressed checkpoint: /home/hpc/vlbi/vlbi107v/hifi-gan/cp_hifigan/v1_c512/compressed_checkpoint_int8 (33.530 MB)
Compressed checkpoint parameters: 13,926,209
Loaded checkpoint: /home/hpc/vlbi/vlbi107v/hifi-gan/cp_hifigan/v1_c512/g_07960000 (53.239 MB)
Generator parameters: 13,926,209
generated_audios/generated_H2_512C_int8/1089-134686-0000_generated.wav | RTF: 0.1586(1.655s / 10.435s) | Generator RTF: 0.1582(1.651s / 10.435s)
generated_audios/generated_H2_512C_int8/1089-134686-0001_generated.wav | RTF: 0.1487(0.487s / 3.275s) | Generator RTF: 0.1477(0.484s / 3.275s)
generated_audios/generated_H2_512C_int8/1089-134686-0002_generated.wav | RTF: 0.1514(1.003s / 6.625s) | Generator RTF: 0.1508(0.999s / 6.625s)
generated_audios/generated_H2_512C_int8/1089-134686-0003_generated.wav | RTF: 0.1435(0.384s / 2.680s) | Generator RTF: 0.1422(0.381s / 2.680s)
generated_audios/generated_H2_512C_int8/1089-134686-0004_generated.wav | RTF: 0.1466(0.765s / 5.215s) | Generator RTF: 0.1460(0.761s / 5.215s)
generated_audios/generated_H2_512C_int8/1089-134686-0005_generated.wav | RTF: 0.1502(1.447s / 9.635s) | Generator RTF: 0.1498(1.443s / 9.635s)
generated_audios/generated_H2_512C_int8/1089-134686-0006_generated.wav | RTF: 0.1581(1.668s / 10.555s) | Generator RTF: 0.1577(1.664s / 10.555s)
generated_audios/generated_H2_512C_int8/1089-134686-0007_generated.wav | RTF: 0.1508(0.645s / 4.275s) | Generator RTF: 0.1500(0.641s / 4.275s)
generated_audios/generated_H2_512C_int8/1089-134686-0008_generated.wav | RTF: 0.1488(1.001s / 6.730s) | Generator RTF: 0.1482(0.998s / 6.730s)
generated_audios/generated_H2_512C_int8/1089-134686-0009_generated.wav | RTF: 0.1559(1.649s / 10.575s) | Generator RTF: 0.1555(1.645s / 10.575s)
generated_audios/generated_H2_512C_int8/1089-134686-0010_generated.wav | RTF: 0.1443(0.636s / 4.405s) | Generator RTF: 0.1435(0.632s / 4.405s)
generated_audios/generated_H2_512C_int8/1089-134686-0011_generated.wav | RTF: 0.1665(2.072s / 12.445s) | Generator RTF: 0.1662(2.068s / 12.445s)
generated_audios/generated_H2_512C_int8/1089-134686-0012_generated.wav | RTF: 0.1679(1.954s / 11.640s) | Generator RTF: 0.1675(1.950s / 11.640s)
generated_audios/generated_H2_512C_int8/1089-134686-0013_generated.wav | RTF: 0.1509(1.195s / 7.915s) | Generator RTF: 0.1505(1.191s / 7.915s)
generated_audios/generated_H2_512C_int8/1089-134686-0014_generated.wav | RTF: 0.1407(0.313s / 2.225s) | Generator RTF: 0.1394(0.310s / 2.225s)
generated_audios/generated_H2_512C_int8/1089-134686-0015_generated.wav | RTF: 0.1445(0.840s / 5.815s) | Generator RTF: 0.1439(0.837s / 5.815s)
generated_audios/generated_H2_512C_int8/1089-134686-0016_generated.wav | RTF: 0.1454(0.515s / 3.540s) | Generator RTF: 0.1445(0.511s / 3.540s)
generated_audios/generated_H2_512C_int8/1089-134686-0017_generated.wav | RTF: 0.1528(1.355s / 8.870s) | Generator RTF: 0.1524(1.352s / 8.870s)
generated_audios/generated_H2_512C_int8/1089-134686-0018_generated.wav | RTF: 0.1971(3.099s / 15.720s) | Generator RTF: 0.1969(3.095s / 15.720s)
generated_audios/generated_H2_512C_int8/1089-134686-0019_generated.wav | RTF: 0.1952(2.713s / 13.895s) | Generator RTF: 0.1949(2.709s / 13.895s)
generated_audios/generated_H2_512C_int8/1089-134686-0020_generated.wav | RTF: 0.1968(3.305s / 16.790s) | Generator RTF: 0.1966(3.300s / 16.790s)
generated_audios/generated_H2_512C_int8/1089-134686-0021_generated.wav | RTF: 0.1519(0.995s / 6.550s) | Generator RTF: 0.1514(0.992s / 6.550s)
generated_audios/generated_H2_512C_int8/1089-134686-0022_generated.wav | RTF: 0.1619(1.809s / 11.175s) | Generator RTF: 0.1615(1.805s / 11.175s)
generated_audios/generated_H2_512C_int8/1089-134686-0023_generated.wav | RTF: 0.1622(2.153s / 13.275s) | Generator RTF: 0.1618(2.148s / 13.275s)
generated_audios/generated_H2_512C_int8/1089-134686-0024_generated.wav | RTF: 0.1619(1.887s / 11.655s) | Generator RTF: 0.1615(1.883s / 11.655s)
generated_audios/generated_H2_512C_int8/1089-134686-0025_generated.wav | RTF: 0.1493(0.987s / 6.610s) | Generator RTF: 0.1488(0.983s / 6.610s)
generated_audios/generated_H2_512C_int8/1089-134686-0026_generated.wav | RTF: 0.1455(0.584s / 4.010s) | Generator RTF: 0.1447(0.580s / 4.010s)
generated_audios/generated_H2_512C_int8/1089-134686-0027_generated.wav | RTF: 0.1451(0.393s / 2.710s) | Generator RTF: 0.1439(0.390s / 2.710s)
generated_audios/generated_H2_512C_int8/1089-134686-0028_generated.wav | RTF: 0.1504(1.178s / 7.830s) | Generator RTF: 0.1500(1.175s / 7.830s)
generated_audios/generated_H2_512C_int8/1089-134686-0029_generated.wav | RTF: 0.1451(0.678s / 4.670s) | Generator RTF: 0.1444(0.674s / 4.670s)
generated_audios/generated_H2_512C_int8/1089-134686-0030_generated.wav | RTF: 0.1388(0.377s / 2.715s) | Generator RTF: 0.1377(0.374s / 2.715s)
generated_audios/generated_H2_512C_int8/1089-134686-0031_generated.wav | RTF: 0.1466(0.970s / 6.615s) | Generator RTF: 0.1460(0.966s / 6.615s)
generated_audios/generated_H2_512C_int8/121-121726-0000_generated.wav | RTF: 0.1536(1.300s / 8.460s) | Generator RTF: 0.1532(1.296s / 8.460s)
generated_audios/generated_H2_512C_int8/121-121726-0001_generated.wav | RTF: 0.1468(0.870s / 5.925s) | Generator RTF: 0.1462(0.866s / 5.925s)
generated_audios/generated_H2_512C_int8/121-121726-0002_generated.wav | RTF: 0.1414(0.624s / 4.410s) | Generator RTF: 0.1406(0.620s / 4.410s)
generated_audios/generated_H2_512C_int8/121-121726-0003_generated.wav | RTF: 0.1497(1.011s / 6.755s) | Generator RTF: 0.1491(1.007s / 6.755s)
generated_audios/generated_H2_512C_int8/121-121726-0004_generated.wav | RTF: 0.1435(0.577s / 4.020s) | Generator RTF: 0.1427(0.574s / 4.020s)
generated_audios/generated_H2_512C_int8/121-121726-0005_generated.wav | RTF: 0.1444(0.448s / 3.100s) | Generator RTF: 0.1435(0.445s / 3.100s)
generated_audios/generated_H2_512C_int8/121-121726-0006_generated.wav | RTF: 0.1436(0.559s / 3.895s) | Generator RTF: 0.1428(0.556s / 3.895s)
generated_audios/generated_H2_512C_int8/121-121726-0007_generated.wav | RTF: 0.1498(1.008s / 6.730s) | Generator RTF: 0.1493(1.005s / 6.730s)
generated_audios/generated_H2_512C_int8/121-121726-0008_generated.wav | RTF: 0.1455(0.726s / 4.990s) | Generator RTF: 0.1449(0.723s / 4.990s)
generated_audios/generated_H2_512C_int8/121-121726-0009_generated.wav | RTF: 0.1493(1.084s / 7.260s) | Generator RTF: 0.1488(1.080s / 7.260s)
generated_audios/generated_H2_512C_int8/121-121726-0010_generated.wav | RTF: 0.1504(1.476s / 9.810s) | Generator RTF: 0.1500(1.472s / 9.810s)
generated_audios/generated_H2_512C_int8/121-121726-0011_generated.wav | RTF: 0.1445(0.583s / 4.035s) | Generator RTF: 0.1437(0.580s / 4.035s)
generated_audios/generated_H2_512C_int8/121-121726-0012_generated.wav | RTF: 0.1448(0.586s / 4.045s) | Generator RTF: 0.1440(0.583s / 4.045s)
generated_audios/generated_H2_512C_int8/121-121726-0013_generated.wav | RTF: 0.1403(0.349s / 2.490s) | Generator RTF: 0.1391(0.346s / 2.490s)
generated_audios/generated_H2_512C_int8/121-121726-0014_generated.wav | RTF: 0.1515(0.480s / 3.165s) | Generator RTF: 0.1505(0.476s / 3.165s)
generated_audios/generated_H2_512C_int8/121-123852-0000_generated.wav | RTF: 0.1761(3.117s / 17.695s) | Generator RTF: 0.1759(3.112s / 17.695s)
generated_audios/generated_H2_512C_int8/121-123852-0001_generated.wav | RTF: 0.1405(0.263s / 1.870s) | Generator RTF: 0.1391(0.260s / 1.870s)
generated_audios/generated_H2_512C_int8/121-123852-0002_generated.wav | RTF: 0.1815(3.137s / 17.285s) | Generator RTF: 0.1812(3.132s / 17.285s)
generated_audios/generated_H2_512C_int8/121-123852-0003_generated.wav | RTF: 0.2961(6.961s / 23.505s) | Generator RTF: 0.2959(6.955s / 23.505s)
generated_audios/generated_H2_512C_int8/121-123852-0004_generated.wav | RTF: 0.2925(4.765s / 16.290s) | Generator RTF: 0.2922(4.760s / 16.290s)
generated_audios/generated_H2_512C_int8/121-123859-0000_generated.wav | RTF: 0.3107(5.403s / 17.390s) | Generator RTF: 0.3104(5.398s / 17.390s)
generated_audios/generated_H2_512C_int8/121-123859-0001_generated.wav | RTF: 0.3216(8.167s / 25.395s) | Generator RTF: 0.3214(8.161s / 25.395s)
generated_audios/generated_H2_512C_int8/121-123859-0002_generated.wav | RTF: 0.3270(9.822s / 30.040s) | Generator RTF: 0.3267(9.814s / 30.040s)
generated_audios/generated_H2_512C_int8/121-123859-0003_generated.wav | RTF: 0.2643(2.861s / 10.825s) | Generator RTF: 0.2639(2.857s / 10.825s)
generated_audios/generated_H2_512C_int8/121-123859-0004_generated.wav | RTF: 0.2678(2.546s / 9.505s) | Generator RTF: 0.2674(2.541s / 9.505s)
generated_audios/generated_H2_512C_int8/121-127105-0000_generated.wav | RTF: 0.2597(2.565s / 9.875s) | Generator RTF: 0.2593(2.561s / 9.875s)
generated_audios/generated_H2_512C_int8/121-127105-0001_generated.wav | RTF: 0.2609(1.311s / 5.025s) | Generator RTF: 0.2602(1.308s / 5.025s)
generated_audios/generated_H2_512C_int8/121-127105-0002_generated.wav | RTF: 0.2605(1.952s / 7.495s) | Generator RTF: 0.2599(1.948s / 7.495s)
generated_audios/generated_H2_512C_int8/121-127105-0003_generated.wav | RTF: 0.2615(2.020s / 7.725s) | Generator RTF: 0.2610(2.016s / 7.725s)
generated_audios/generated_H2_512C_int8/121-127105-0004_generated.wav | RTF: 0.2551(0.538s / 2.110s) | Generator RTF: 0.2537(0.535s / 2.110s)
generated_audios/generated_H2_512C_int8/121-127105-0005_generated.wav | RTF: 0.2552(1.485s / 5.820s) | Generator RTF: 0.2545(1.481s / 5.820s)
generated_audios/generated_H2_512C_int8/121-127105-0006_generated.wav | RTF: 0.2583(1.220s / 4.725s) | Generator RTF: 0.2576(1.217s / 4.725s)
generated_audios/generated_H2_512C_int8/121-127105-0007_generated.wav | RTF: 0.2578(1.492s / 5.790s) | Generator RTF: 0.2572(1.489s / 5.790s)
generated_audios/generated_H2_512C_int8/121-127105-0008_generated.wav | RTF: 0.2412(0.666s / 2.760s) | Generator RTF: 0.2400(0.662s / 2.760s)
generated_audios/generated_H2_512C_int8/121-127105-0009_generated.wav | RTF: 0.2534(0.580s / 2.290s) | Generator RTF: 0.2520(0.577s / 2.290s)
generated_audios/generated_H2_512C_int8/121-127105-0010_generated.wav | RTF: 0.2497(0.712s / 2.850s) | Generator RTF: 0.2485(0.708s / 2.850s)
generated_audios/generated_H2_512C_int8/121-127105-0011_generated.wav | RTF: 0.2618(1.513s / 5.780s) | Generator RTF: 0.2612(1.510s / 5.780s)
generated_audios/generated_H2_512C_int8/121-127105-0012_generated.wav | RTF: 0.2662(1.286s / 4.830s) | Generator RTF: 0.2655(1.282s / 4.830s)
generated_audios/generated_H2_512C_int8/121-127105-0013_generated.wav | RTF: 0.2566(1.513s / 5.895s) | Generator RTF: 0.2560(1.509s / 5.895s)
generated_audios/generated_H2_512C_int8/121-127105-0014_generated.wav | RTF: 0.2451(0.553s / 2.255s) | Generator RTF: 0.2437(0.550s / 2.255s)
generated_audios/generated_H2_512C_int8/121-127105-0015_generated.wav | RTF: 0.2513(0.744s / 2.960s) | Generator RTF: 0.2502(0.741s / 2.960s)
generated_audios/generated_H2_512C_int8/121-127105-0016_generated.wav | RTF: 0.2332(0.473s / 2.030s) | Generator RTF: 0.2315(0.470s / 2.030s)
generated_audios/generated_H2_512C_int8/121-127105-0017_generated.wav | RTF: 0.2511(0.677s / 2.695s) | Generator RTF: 0.2499(0.674s / 2.695s)
generated_audios/generated_H2_512C_int8/121-127105-0018_generated.wav | RTF: 0.2478(0.686s / 2.770s) | Generator RTF: 0.2465(0.683s / 2.770s)
generated_audios/generated_H2_512C_int8/121-127105-0019_generated.wav | RTF: 0.2439(0.860s / 3.525s) | Generator RTF: 0.2429(0.856s / 3.525s)
generated_audios/generated_H2_512C_int8/121-127105-0020_generated.wav | RTF: 0.3096(4.445s / 14.355s) | Generator RTF: 0.3093(4.440s / 14.355s)
generated_audios/generated_H2_512C_int8/121-127105-0021_generated.wav | RTF: 0.2530(0.506s / 2.000s) | Generator RTF: 0.2514(0.503s / 2.000s)
generated_audios/generated_H2_512C_int8/121-127105-0022_generated.wav | RTF: 0.2620(1.329s / 5.075s) | Generator RTF: 0.2613(1.326s / 5.075s)
generated_audios/generated_H2_512C_int8/121-127105-0023_generated.wav | RTF: 0.2558(2.791s / 10.910s) | Generator RTF: 0.2554(2.787s / 10.910s)
generated_audios/generated_H2_512C_int8/121-127105-0024_generated.wav | RTF: 0.3093(4.469s / 14.450s) | Generator RTF: 0.3089(4.464s / 14.450s)
generated_audios/generated_H2_512C_int8/121-127105-0025_generated.wav | RTF: 0.3079(4.947s / 16.065s) | Generator RTF: 0.3076(4.942s / 16.065s)
generated_audios/generated_H2_512C_int8/121-127105-0026_generated.wav | RTF: 0.2566(1.932s / 7.530s) | Generator RTF: 0.2561(1.929s / 7.530s)
generated_audios/generated_H2_512C_int8/121-127105-0027_generated.wav | RTF: 0.3082(4.275s / 13.870s) | Generator RTF: 0.3079(4.270s / 13.870s)
generated_audios/generated_H2_512C_int8/121-127105-0028_generated.wav | RTF: 0.1647(1.112s / 6.750s) | Generator RTF: 0.1641(1.108s / 6.750s)
generated_audios/generated_H2_512C_int8/121-127105-0029_generated.wav | RTF: 0.2578(1.884s / 7.310s) | Generator RTF: 0.2572(1.880s / 7.310s)
generated_audios/generated_H2_512C_int8/121-127105-0030_generated.wav | RTF: 0.2553(0.555s / 2.175s) | Generator RTF: 0.2538(0.552s / 2.175s)
generated_audios/generated_H2_512C_int8/121-127105-0031_generated.wav | RTF: 0.2600(2.799s / 10.765s) | Generator RTF: 0.2597(2.795s / 10.765s)
generated_audios/generated_H2_512C_int8/121-127105-0032_generated.wav | RTF: 0.2426(0.769s / 3.170s) | Generator RTF: 0.2416(0.766s / 3.170s)
generated_audios/generated_H2_512C_int8/121-127105-0033_generated.wav | RTF: 0.2488(0.586s / 2.355s) | Generator RTF: 0.2475(0.583s / 2.355s)
generated_audios/generated_H2_512C_int8/121-127105-0034_generated.wav | RTF: 0.2599(1.926s / 7.410s) | Generator RTF: 0.2594(1.922s / 7.410s)
generated_audios/generated_H2_512C_int8/121-127105-0035_generated.wav | RTF: 0.3101(4.389s / 14.150s) | Generator RTF: 0.3098(4.384s / 14.150s)
generated_audios/generated_H2_512C_int8/121-127105-0036_generated.wav | RTF: 0.2480(1.029s / 4.150s) | Generator RTF: 0.2471(1.025s / 4.150s)
generated_audios/generated_H2_512C_int8/237-126133-0000_generated.wav | RTF: 0.3119(4.145s / 13.290s) | Generator RTF: 0.3115(4.140s / 13.290s)
generated_audios/generated_H2_512C_int8/237-126133-0001_generated.wav | RTF: 0.3128(3.743s / 11.965s) | Generator RTF: 0.3124(3.738s / 11.965s)
generated_audios/generated_H2_512C_int8/237-126133-0002_generated.wav | RTF: 0.2831(2.525s / 8.920s) | Generator RTF: 0.2827(2.522s / 8.920s)
generated_audios/generated_H2_512C_int8/237-126133-0003_generated.wav | RTF: 0.2643(1.734s / 6.560s) | Generator RTF: 0.2638(1.730s / 6.560s)
generated_audios/generated_H2_512C_int8/237-126133-0004_generated.wav | RTF: 0.2490(0.821s / 3.295s) | Generator RTF: 0.2481(0.818s / 3.295s)
generated_audios/generated_H2_512C_int8/237-126133-0005_generated.wav | RTF: 0.2693(1.753s / 6.510s) | Generator RTF: 0.2687(1.749s / 6.510s)
generated_audios/generated_H2_512C_int8/237-126133-0006_generated.wav | RTF: 0.2599(1.598s / 6.150s) | Generator RTF: 0.2594(1.595s / 6.150s)
generated_audios/generated_H2_512C_int8/237-126133-0007_generated.wav | RTF: 0.2624(2.278s / 8.680s) | Generator RTF: 0.2619(2.274s / 8.680s)
generated_audios/generated_H2_512C_int8/237-126133-0008_generated.wav | RTF: 0.2634(1.018s / 3.865s) | Generator RTF: 0.2626(1.015s / 3.865s)
generated_audios/generated_H2_512C_int8/237-126133-0009_generated.wav | RTF: 0.2578(1.023s / 3.970s) | Generator RTF: 0.2569(1.020s / 3.970s)
generated_audios/generated_H2_512C_int8/237-126133-0010_generated.wav | RTF: 0.2593(1.618s / 6.240s) | Generator RTF: 0.2587(1.615s / 6.240s)
generated_audios/generated_H2_512C_int8/237-126133-0011_generated.wav | RTF: 0.2583(1.733s / 6.710s) | Generator RTF: 0.2578(1.730s / 6.710s)
generated_audios/generated_H2_512C_int8/237-126133-0012_generated.wav | RTF: 0.2602(1.158s / 4.450s) | Generator RTF: 0.2595(1.155s / 4.450s)
generated_audios/generated_H2_512C_int8/237-126133-0013_generated.wav | RTF: 0.2638(1.798s / 6.815s) | Generator RTF: 0.2634(1.795s / 6.815s)
generated_audios/generated_H2_512C_int8/237-126133-0014_generated.wav | RTF: 0.2617(1.777s / 6.790s) | Generator RTF: 0.2612(1.774s / 6.790s)
generated_audios/generated_H2_512C_int8/237-126133-0015_generated.wav | RTF: 0.2522(2.356s / 9.340s) | Generator RTF: 0.2518(2.352s / 9.340s)
generated_audios/generated_H2_512C_int8/237-126133-0016_generated.wav | RTF: 0.2546(1.082s / 4.250s) | Generator RTF: 0.2539(1.079s / 4.250s)
generated_audios/generated_H2_512C_int8/237-126133-0017_generated.wav | RTF: 0.2570(1.596s / 6.210s) | Generator RTF: 0.2564(1.592s / 6.210s)
generated_audios/generated_H2_512C_int8/237-126133-0018_generated.wav | RTF: 0.2713(1.111s / 4.095s) | Generator RTF: 0.2705(1.108s / 4.095s)
generated_audios/generated_H2_512C_int8/237-126133-0019_generated.wav | RTF: 0.2624(1.868s / 7.120s) | Generator RTF: 0.2618(1.864s / 7.120s)
generated_audios/generated_H2_512C_int8/237-126133-0020_generated.wav | RTF: 0.2445(0.548s / 2.240s) | Generator RTF: 0.2432(0.545s / 2.240s)
generated_audios/generated_H2_512C_int8/237-126133-0021_generated.wav | RTF: 0.2515(1.098s / 4.365s) | Generator RTF: 0.2507(1.094s / 4.365s)
generated_audios/generated_H2_512C_int8/237-126133-0022_generated.wav | RTF: 0.2597(1.309s / 5.040s) | Generator RTF: 0.2591(1.306s / 5.040s)
generated_audios/generated_H2_512C_int8/237-126133-0023_generated.wav | RTF: 0.2626(1.753s / 6.675s) | Generator RTF: 0.2621(1.750s / 6.675s)
generated_audios/generated_H2_512C_int8/237-126133-0024_generated.wav | RTF: 0.2773(2.680s / 9.665s) | Generator RTF: 0.2769(2.677s / 9.665s)
generated_audios/generated_H2_512C_int8/237-126133-0025_generated.wav | RTF: 0.2644(0.993s / 3.755s) | Generator RTF: 0.2636(0.990s / 3.755s)
generated_audios/generated_H2_512C_int8/237-134493-0000_generated.wav | RTF: 0.2578(1.058s / 4.105s) | Generator RTF: 0.2571(1.055s / 4.105s)
generated_audios/generated_H2_512C_int8/237-134493-0001_generated.wav | RTF: 0.2595(1.915s / 7.380s) | Generator RTF: 0.2590(1.911s / 7.380s)
generated_audios/generated_H2_512C_int8/237-134493-0002_generated.wav | RTF: 0.2607(2.971s / 11.395s) | Generator RTF: 0.2603(2.966s / 11.395s)
generated_audios/generated_H2_512C_int8/237-134493-0003_generated.wav | RTF: 0.3071(3.920s / 12.765s) | Generator RTF: 0.3067(3.915s / 12.765s)
generated_audios/generated_H2_512C_int8/237-134493-0004_generated.wav | RTF: 0.2594(1.770s / 6.825s) | Generator RTF: 0.2588(1.767s / 6.825s)
generated_audios/generated_H2_512C_int8/237-134493-0005_generated.wav | RTF: 0.2587(2.832s / 10.945s) | Generator RTF: 0.2584(2.828s / 10.945s)
generated_audios/generated_H2_512C_int8/237-134493-0006_generated.wav | RTF: 0.2599(1.142s / 4.395s) | Generator RTF: 0.2592(1.139s / 4.395s)
generated_audios/generated_H2_512C_int8/237-134493-0007_generated.wav | RTF: 0.2480(0.505s / 2.035s) | Generator RTF: 0.2464(0.502s / 2.035s)
generated_audios/generated_H2_512C_int8/237-134493-0008_generated.wav | RTF: 0.2373(0.547s / 2.305s) | Generator RTF: 0.2359(0.544s / 2.305s)
generated_audios/generated_H2_512C_int8/237-134493-0009_generated.wav | RTF: 0.2697(0.802s / 2.975s) | Generator RTF: 0.2686(0.799s / 2.975s)
generated_audios/generated_H2_512C_int8/237-134493-0010_generated.wav | RTF: 0.3099(0.891s / 2.875s) | Generator RTF: 0.3088(0.888s / 2.875s)
generated_audios/generated_H2_512C_int8/237-134493-0011_generated.wav | RTF: 0.2779(1.399s / 5.035s) | Generator RTF: 0.2634(1.326s / 5.035s)
generated_audios/generated_H2_512C_int8/237-134493-0012_generated.wav | RTF: 0.2546(0.932s / 3.660s) | Generator RTF: 0.2537(0.928s / 3.660s)
generated_audios/generated_H2_512C_int8/237-134493-0013_generated.wav | RTF: 0.1627(0.665s / 4.090s) | Generator RTF: 0.1619(0.662s / 4.090s)
generated_audios/generated_H2_512C_int8/237-134493-0014_generated.wav | RTF: 0.2512(0.929s / 3.700s) | Generator RTF: 0.2503(0.926s / 3.700s)
generated_audios/generated_H2_512C_int8/237-134493-0015_generated.wav | RTF: 0.1657(1.086s / 6.550s) | Generator RTF: 0.1652(1.082s / 6.550s)
generated_audios/generated_H2_512C_int8/237-134493-0016_generated.wav | RTF: 0.2611(2.633s / 10.085s) | Generator RTF: 0.2607(2.629s / 10.085s)
generated_audios/generated_H2_512C_int8/237-134493-0017_generated.wav | RTF: 0.2702(2.460s / 9.105s) | Generator RTF: 0.2698(2.456s / 9.105s)
generated_audios/generated_H2_512C_int8/237-134493-0018_generated.wav | RTF: 0.2634(1.262s / 4.790s) | Generator RTF: 0.2627(1.258s / 4.790s)
generated_audios/generated_H2_512C_int8/237-134500-0000_generated.wav | RTF: 0.2615(1.603s / 6.130s) | Generator RTF: 0.2609(1.600s / 6.130s)
generated_audios/generated_H2_512C_int8/237-134500-0001_generated.wav | RTF: 0.2504(0.453s / 1.810s) | Generator RTF: 0.2487(0.450s / 1.810s)
generated_audios/generated_H2_512C_int8/237-134500-0002_generated.wav | RTF: 0.2613(1.325s / 5.070s) | Generator RTF: 0.2606(1.321s / 5.070s)
generated_audios/generated_H2_512C_int8/237-134500-0003_generated.wav | RTF: 0.1499(0.475s / 3.170s) | Generator RTF: 0.1488(0.472s / 3.170s)
generated_audios/generated_H2_512C_int8/237-134500-0004_generated.wav | RTF: 0.1430(0.318s / 2.225s) | Generator RTF: 0.1416(0.315s / 2.225s)
generated_audios/generated_H2_512C_int8/237-134500-0005_generated.wav | RTF: 0.2550(0.609s / 2.390s) | Generator RTF: 0.2538(0.607s / 2.390s)
generated_audios/generated_H2_512C_int8/237-134500-0006_generated.wav | RTF: 0.2557(1.080s / 4.225s) | Generator RTF: 0.2548(1.077s / 4.225s)
generated_audios/generated_H2_512C_int8/237-134500-0007_generated.wav | RTF: 0.1475(0.353s / 2.390s) | Generator RTF: 0.1461(0.349s / 2.390s)
generated_audios/generated_H2_512C_int8/237-134500-0008_generated.wav | RTF: 0.1593(0.599s / 3.760s) | Generator RTF: 0.1584(0.596s / 3.760s)
generated_audios/generated_H2_512C_int8/237-134500-0009_generated.wav | RTF: 0.1388(0.308s / 2.220s) | Generator RTF: 0.1374(0.305s / 2.220s)
generated_audios/generated_H2_512C_int8/237-134500-0010_generated.wav | RTF: 0.2627(1.050s / 3.995s) | Generator RTF: 0.2619(1.046s / 3.995s)
generated_audios/generated_H2_512C_int8/237-134500-0011_generated.wav | RTF: 0.2562(0.858s / 3.350s) | Generator RTF: 0.2553(0.855s / 3.350s)
generated_audios/generated_H2_512C_int8/237-134500-0012_generated.wav | RTF: 0.2599(2.842s / 10.935s) | Generator RTF: 0.2595(2.837s / 10.935s)
generated_audios/generated_H2_512C_int8/237-134500-0013_generated.wav | RTF: 0.1654(1.747s / 10.560s) | Generator RTF: 0.1650(1.743s / 10.560s)
generated_audios/generated_H2_512C_int8/237-134500-0014_generated.wav | RTF: 0.1487(0.632s / 4.250s) | Generator RTF: 0.1479(0.629s / 4.250s)
generated_audios/generated_H2_512C_int8/237-134500-0015_generated.wav | RTF: 0.2626(2.840s / 10.815s) | Generator RTF: 0.2622(2.836s / 10.815s)
generated_audios/generated_H2_512C_int8/237-134500-0016_generated.wav | RTF: 0.1494(0.472s / 3.160s) | Generator RTF: 0.1483(0.469s / 3.160s)
generated_audios/generated_H2_512C_int8/237-134500-0017_generated.wav | RTF: 0.1410(0.307s / 2.180s) | Generator RTF: 0.1396(0.304s / 2.180s)
generated_audios/generated_H2_512C_int8/237-134500-0018_generated.wav | RTF: 0.3033(3.896s / 12.845s) | Generator RTF: 0.3029(3.891s / 12.845s)
generated_audios/generated_H2_512C_int8/237-134500-0019_generated.wav | RTF: 0.2345(0.671s / 2.860s) | Generator RTF: 0.2335(0.668s / 2.860s)
generated_audios/generated_H2_512C_int8/237-134500-0020_generated.wav | RTF: 0.1350(0.294s / 2.180s) | Generator RTF: 0.1337(0.291s / 2.180s)
generated_audios/generated_H2_512C_int8/237-134500-0021_generated.wav | RTF: 0.2504(1.282s / 5.120s) | Generator RTF: 0.2497(1.279s / 5.120s)
generated_audios/generated_H2_512C_int8/237-134500-0022_generated.wav | RTF: 0.2552(1.318s / 5.165s) | Generator RTF: 0.2545(1.315s / 5.165s)
generated_audios/generated_H2_512C_int8/237-134500-0023_generated.wav | RTF: 0.2490(0.762s / 3.060s) | Generator RTF: 0.2479(0.759s / 3.060s)
generated_audios/generated_H2_512C_int8/237-134500-0024_generated.wav | RTF: 0.1640(0.723s / 4.410s) | Generator RTF: 0.1633(0.720s / 4.410s)
generated_audios/generated_H2_512C_int8/237-134500-0025_generated.wav | RTF: 0.2684(0.437s / 1.630s) | Generator RTF: 0.2665(0.434s / 1.630s)
generated_audios/generated_H2_512C_int8/237-134500-0026_generated.wav | RTF: 0.2573(0.785s / 3.050s) | Generator RTF: 0.2562(0.782s / 3.050s)
generated_audios/generated_H2_512C_int8/237-134500-0027_generated.wav | RTF: 0.2515(0.822s / 3.270s) | Generator RTF: 0.2505(0.819s / 3.270s)
generated_audios/generated_H2_512C_int8/237-134500-0028_generated.wav | RTF: 0.2656(1.202s / 4.525s) | Generator RTF: 0.2649(1.198s / 4.525s)
generated_audios/generated_H2_512C_int8/237-134500-0029_generated.wav | RTF: 0.2407(0.497s / 2.065s) | Generator RTF: 0.2392(0.494s / 2.065s)
generated_audios/generated_H2_512C_int8/237-134500-0030_generated.wav | RTF: 0.2478(0.689s / 2.780s) | Generator RTF: 0.2466(0.686s / 2.780s)
generated_audios/generated_H2_512C_int8/237-134500-0031_generated.wav | RTF: 0.2629(2.789s / 10.610s) | Generator RTF: 0.2625(2.785s / 10.610s)
generated_audios/generated_H2_512C_int8/237-134500-0032_generated.wav | RTF: 0.1598(0.803s / 5.025s) | Generator RTF: 0.1591(0.800s / 5.025s)
generated_audios/generated_H2_512C_int8/237-134500-0033_generated.wav | RTF: 0.2616(1.661s / 6.350s) | Generator RTF: 0.2610(1.658s / 6.350s)
generated_audios/generated_H2_512C_int8/237-134500-0034_generated.wav | RTF: 0.2529(0.778s / 3.075s) | Generator RTF: 0.2518(0.774s / 3.075s)
generated_audios/generated_H2_512C_int8/237-134500-0035_generated.wav | RTF: 0.2551(0.652s / 2.555s) | Generator RTF: 0.2538(0.649s / 2.555s)
generated_audios/generated_H2_512C_int8/237-134500-0036_generated.wav | RTF: 0.2624(1.732s / 6.600s) | Generator RTF: 0.2619(1.729s / 6.600s)
generated_audios/generated_H2_512C_int8/237-134500-0037_generated.wav | RTF: 0.2619(1.861s / 7.105s) | Generator RTF: 0.2614(1.857s / 7.105s)
generated_audios/generated_H2_512C_int8/237-134500-0038_generated.wav | RTF: 0.2563(0.624s / 2.435s) | Generator RTF: 0.2550(0.621s / 2.435s)
generated_audios/generated_H2_512C_int8/237-134500-0039_generated.wav | RTF: 0.2642(1.223s / 4.630s) | Generator RTF: 0.2635(1.220s / 4.630s)
generated_audios/generated_H2_512C_int8/237-134500-0040_generated.wav | RTF: 0.1617(0.652s / 4.030s) | Generator RTF: 0.1608(0.648s / 4.030s)
generated_audios/generated_H2_512C_int8/237-134500-0041_generated.wav | RTF: 0.2027(1.808s / 8.920s) | Generator RTF: 0.2023(1.804s / 8.920s)
generated_audios/generated_H2_512C_int8/237-134500-0042_generated.wav | RTF: 0.2555(0.658s / 2.575s) | Generator RTF: 0.2543(0.655s / 2.575s)
generated_audios/generated_H2_512C_int8/260-123286-0000_generated.wav | RTF: 0.2546(1.793s / 7.040s) | Generator RTF: 0.2541(1.789s / 7.040s)
generated_audios/generated_H2_512C_int8/260-123286-0001_generated.wav | RTF: 0.1423(0.437s / 3.070s) | Generator RTF: 0.1412(0.434s / 3.070s)
generated_audios/generated_H2_512C_int8/260-123286-0002_generated.wav | RTF: 0.2632(2.628s / 9.985s) | Generator RTF: 0.2628(2.624s / 9.985s)
generated_audios/generated_H2_512C_int8/260-123286-0003_generated.wav | RTF: 0.2591(1.910s / 7.370s) | Generator RTF: 0.2586(1.906s / 7.370s)
generated_audios/generated_H2_512C_int8/260-123286-0004_generated.wav | RTF: 0.2579(0.894s / 3.465s) | Generator RTF: 0.2569(0.890s / 3.465s)
generated_audios/generated_H2_512C_int8/260-123286-0005_generated.wav | RTF: 0.2505(1.205s / 4.810s) | Generator RTF: 0.2498(1.202s / 4.810s)
generated_audios/generated_H2_512C_int8/260-123286-0006_generated.wav | RTF: 0.2617(1.938s / 7.405s) | Generator RTF: 0.2611(1.934s / 7.405s)
generated_audios/generated_H2_512C_int8/260-123286-0007_generated.wav | RTF: 0.2622(1.193s / 4.550s) | Generator RTF: 0.2614(1.190s / 4.550s)
generated_audios/generated_H2_512C_int8/260-123286-0008_generated.wav | RTF: 0.2562(0.957s / 3.735s) | Generator RTF: 0.2553(0.954s / 3.735s)
generated_audios/generated_H2_512C_int8/260-123286-0009_generated.wav | RTF: 0.2555(1.481s / 5.795s) | Generator RTF: 0.2549(1.477s / 5.795s)
generated_audios/generated_H2_512C_int8/260-123286-0010_generated.wav | RTF: 0.1380(0.355s / 2.575s) | Generator RTF: 0.1368(0.352s / 2.575s)
generated_audios/generated_H2_512C_int8/260-123286-0011_generated.wav | RTF: 0.1599(0.680s / 4.255s) | Generator RTF: 0.1591(0.677s / 4.255s)
generated_audios/generated_H2_512C_int8/260-123286-0012_generated.wav | RTF: 0.1389(0.337s / 2.430s) | Generator RTF: 0.1376(0.334s / 2.430s)
generated_audios/generated_H2_512C_int8/260-123286-0013_generated.wav | RTF: 0.2552(1.207s / 4.730s) | Generator RTF: 0.2545(1.204s / 4.730s)
generated_audios/generated_H2_512C_int8/260-123286-0014_generated.wav | RTF: 0.1888(0.563s / 2.980s) | Generator RTF: 0.1877(0.559s / 2.980s)
generated_audios/generated_H2_512C_int8/260-123286-0015_generated.wav | RTF: 0.2760(1.438s / 5.210s) | Generator RTF: 0.2753(1.434s / 5.210s)
generated_audios/generated_H2_512C_int8/260-123286-0016_generated.wav | RTF: 0.2653(1.857s / 7.000s) | Generator RTF: 0.2648(1.853s / 7.000s)
generated_audios/generated_H2_512C_int8/260-123286-0017_generated.wav | RTF: 0.2528(1.005s / 3.975s) | Generator RTF: 0.2520(1.002s / 3.975s)
generated_audios/generated_H2_512C_int8/260-123286-0018_generated.wav | RTF: 0.2621(1.486s / 5.670s) | Generator RTF: 0.2615(1.483s / 5.670s)
generated_audios/generated_H2_512C_int8/260-123286-0019_generated.wav | RTF: 0.3068(3.652s / 11.905s) | Generator RTF: 0.3064(3.648s / 11.905s)
generated_audios/generated_H2_512C_int8/260-123286-0020_generated.wav | RTF: 0.1414(0.433s / 3.060s) | Generator RTF: 0.1403(0.429s / 3.060s)
generated_audios/generated_H2_512C_int8/260-123286-0021_generated.wav | RTF: 0.2375(0.606s / 2.550s) | Generator RTF: 0.2364(0.603s / 2.550s)
generated_audios/generated_H2_512C_int8/260-123286-0022_generated.wav | RTF: 0.2468(0.798s / 3.235s) | Generator RTF: 0.2458(0.795s / 3.235s)
generated_audios/generated_H2_512C_int8/260-123286-0023_generated.wav | RTF: 0.2576(1.514s / 5.875s) | Generator RTF: 0.2570(1.510s / 5.875s)
generated_audios/generated_H2_512C_int8/260-123286-0024_generated.wav | RTF: 0.2440(0.742s / 3.040s) | Generator RTF: 0.2430(0.739s / 3.040s)
generated_audios/generated_H2_512C_int8/260-123286-0025_generated.wav | RTF: 0.2592(2.386s / 9.205s) | Generator RTF: 0.2587(2.381s / 9.205s)
generated_audios/generated_H2_512C_int8/260-123286-0026_generated.wav | RTF: 0.2587(1.795s / 6.940s) | Generator RTF: 0.2582(1.792s / 6.940s)
generated_audios/generated_H2_512C_int8/260-123286-0027_generated.wav | RTF: 0.2575(1.846s / 7.170s) | Generator RTF: 0.2570(1.843s / 7.170s)
generated_audios/generated_H2_512C_int8/260-123286-0028_generated.wav | RTF: 0.2557(1.909s / 7.465s) | Generator RTF: 0.2552(1.905s / 7.465s)
generated_audios/generated_H2_512C_int8/260-123286-0029_generated.wav | RTF: 0.1569(0.713s / 4.545s) | Generator RTF: 0.1561(0.709s / 4.545s)
generated_audios/generated_H2_512C_int8/260-123286-0030_generated.wav | RTF: 0.1636(1.232s / 7.530s) | Generator RTF: 0.1631(1.228s / 7.530s)
generated_audios/generated_H2_512C_int8/260-123286-0031_generated.wav | RTF: 0.2487(1.259s / 5.060s) | Generator RTF: 0.2480(1.255s / 5.060s)
generated_audios/generated_H2_512C_int8/260-123288-0000_generated.wav | RTF: 0.1447(0.440s / 3.040s) | Generator RTF: 0.1436(0.436s / 3.040s)
generated_audios/generated_H2_512C_int8/260-123288-0001_generated.wav | RTF: 0.1622(0.824s / 5.080s) | Generator RTF: 0.1614(0.820s / 5.080s)
generated_audios/generated_H2_512C_int8/260-123288-0002_generated.wav | RTF: 0.2630(1.907s / 7.250s) | Generator RTF: 0.2625(1.903s / 7.250s)
generated_audios/generated_H2_512C_int8/260-123288-0003_generated.wav | RTF: 0.2623(2.336s / 8.905s) | Generator RTF: 0.2619(2.332s / 8.905s)
generated_audios/generated_H2_512C_int8/260-123288-0004_generated.wav | RTF: 0.2585(1.114s / 4.310s) | Generator RTF: 0.2577(1.111s / 4.310s)
generated_audios/generated_H2_512C_int8/260-123288-0005_generated.wav | RTF: 0.3101(3.892s / 12.550s) | Generator RTF: 0.3098(3.888s / 12.550s)
generated_audios/generated_H2_512C_int8/260-123288-0006_generated.wav | RTF: 0.2612(1.275s / 4.880s) | Generator RTF: 0.2605(1.271s / 4.880s)
generated_audios/generated_H2_512C_int8/260-123288-0007_generated.wav | RTF: 0.2631(2.947s / 11.200s) | Generator RTF: 0.2629(2.944s / 11.200s)
generated_audios/generated_H2_512C_int8/260-123288-0008_generated.wav | RTF: 0.2654(1.464s / 5.515s) | Generator RTF: 0.2647(1.460s / 5.515s)
generated_audios/generated_H2_512C_int8/260-123288-0009_generated.wav | RTF: 0.2601(0.893s / 3.435s) | Generator RTF: 0.2591(0.890s / 3.435s)
generated_audios/generated_H2_512C_int8/260-123288-0010_generated.wav | RTF: 0.1671(1.671s / 9.995s) | Generator RTF: 0.1668(1.667s / 9.995s)
generated_audios/generated_H2_512C_int8/260-123288-0011_generated.wav | RTF: 0.2639(2.370s / 8.980s) | Generator RTF: 0.2635(2.366s / 8.980s)
generated_audios/generated_H2_512C_int8/260-123288-0012_generated.wav | RTF: 0.2667(0.946s / 3.545s) | Generator RTF: 0.2658(0.942s / 3.545s)
generated_audios/generated_H2_512C_int8/260-123288-0013_generated.wav | RTF: 0.2649(3.016s / 11.385s) | Generator RTF: 0.2645(3.012s / 11.385s)
generated_audios/generated_H2_512C_int8/260-123288-0014_generated.wav | RTF: 0.1453(0.262s / 1.805s) | Generator RTF: 0.1436(0.259s / 1.805s)
generated_audios/generated_H2_512C_int8/260-123288-0015_generated.wav | RTF: 0.3239(6.862s / 21.185s) | Generator RTF: 0.3236(6.856s / 21.185s)
generated_audios/generated_H2_512C_int8/260-123288-0016_generated.wav | RTF: 0.2638(1.284s / 4.865s) | Generator RTF: 0.2631(1.280s / 4.865s)
generated_audios/generated_H2_512C_int8/260-123288-0017_generated.wav | RTF: 0.2475(1.293s / 5.225s) | Generator RTF: 0.2468(1.290s / 5.225s)
generated_audios/generated_H2_512C_int8/260-123288-0018_generated.wav | RTF: 0.2468(0.801s / 3.245s) | Generator RTF: 0.2458(0.797s / 3.245s)
generated_audios/generated_H2_512C_int8/260-123288-0019_generated.wav | RTF: 0.1476(0.436s / 2.955s) | Generator RTF: 0.1467(0.433s / 2.955s)
generated_audios/generated_H2_512C_int8/260-123288-0020_generated.wav | RTF: 0.2393(0.694s / 2.900s) | Generator RTF: 0.2383(0.691s / 2.900s)
generated_audios/generated_H2_512C_int8/260-123288-0021_generated.wav | RTF: 0.1433(0.388s / 2.710s) | Generator RTF: 0.1421(0.385s / 2.710s)
generated_audios/generated_H2_512C_int8/260-123288-0022_generated.wav | RTF: 0.2534(0.939s / 3.705s) | Generator RTF: 0.2525(0.936s / 3.705s)
generated_audios/generated_H2_512C_int8/260-123288-0023_generated.wav | RTF: 0.1501(0.358s / 2.385s) | Generator RTF: 0.1488(0.355s / 2.385s)
generated_audios/generated_H2_512C_int8/260-123288-0024_generated.wav | RTF: 0.3103(4.529s / 14.595s) | Generator RTF: 0.3099(4.523s / 14.595s)
generated_audios/generated_H2_512C_int8/260-123288-0025_generated.wav | RTF: 0.3104(4.174s / 13.445s) | Generator RTF: 0.3101(4.169s / 13.445s)
generated_audios/generated_H2_512C_int8/260-123288-0026_generated.wav | RTF: 0.3112(4.991s / 16.040s) | Generator RTF: 0.3109(4.987s / 16.040s)
generated_audios/generated_H2_512C_int8/260-123288-0027_generated.wav | RTF: 0.2619(1.651s / 6.305s) | Generator RTF: 0.2613(1.647s / 6.305s)
generated_audios/generated_H2_512C_int8/260-123288-0028_generated.wav | RTF: 0.2549(0.665s / 2.610s) | Generator RTF: 0.2537(0.662s / 2.610s)
generated_audios/generated_H2_512C_int8/260-123440-0000_generated.wav | RTF: 0.2384(0.516s / 2.165s) | Generator RTF: 0.2369(0.513s / 2.165s)
generated_audios/generated_H2_512C_int8/260-123440-0001_generated.wav | RTF: 0.2597(0.452s / 1.740s) | Generator RTF: 0.2579(0.449s / 1.740s)
generated_audios/generated_H2_512C_int8/260-123440-0002_generated.wav | RTF: 0.3173(4.669s / 14.715s) | Generator RTF: 0.3170(4.664s / 14.715s)
generated_audios/generated_H2_512C_int8/260-123440-0003_generated.wav | RTF: 0.2528(0.906s / 3.585s) | Generator RTF: 0.2520(0.903s / 3.585s)
generated_audios/generated_H2_512C_int8/260-123440-0004_generated.wav | RTF: 0.3088(3.712s / 12.020s) | Generator RTF: 0.3085(3.708s / 12.020s)
generated_audios/generated_H2_512C_int8/260-123440-0005_generated.wav | RTF: 0.1462(0.454s / 3.105s) | Generator RTF: 0.1452(0.451s / 3.105s)
generated_audios/generated_H2_512C_int8/260-123440-0006_generated.wav | RTF: 0.1391(0.378s / 2.715s) | Generator RTF: 0.1380(0.375s / 2.715s)
generated_audios/generated_H2_512C_int8/260-123440-0007_generated.wav | RTF: 0.2501(0.846s / 3.385s) | Generator RTF: 0.2490(0.843s / 3.385s)
generated_audios/generated_H2_512C_int8/260-123440-0008_generated.wav | RTF: 0.2699(1.011s / 3.745s) | Generator RTF: 0.2691(1.008s / 3.745s)
generated_audios/generated_H2_512C_int8/260-123440-0009_generated.wav | RTF: 0.2524(0.786s / 3.115s) | Generator RTF: 0.2514(0.783s / 3.115s)
generated_audios/generated_H2_512C_int8/260-123440-0010_generated.wav | RTF: 0.2723(2.265s / 8.315s) | Generator RTF: 0.2718(2.260s / 8.315s)
generated_audios/generated_H2_512C_int8/260-123440-0011_generated.wav | RTF: 0.1644(0.801s / 4.870s) | Generator RTF: 0.1637(0.797s / 4.870s)
generated_audios/generated_H2_512C_int8/260-123440-0012_generated.wav | RTF: 0.2626(1.377s / 5.245s) | Generator RTF: 0.2622(1.375s / 5.245s)
generated_audios/generated_H2_512C_int8/260-123440-0013_generated.wav | RTF: 0.2681(0.932s / 3.475s) | Generator RTF: 0.2672(0.928s / 3.475s)
generated_audios/generated_H2_512C_int8/260-123440-0014_generated.wav | RTF: 0.2723(1.039s / 3.815s) | Generator RTF: 0.2714(1.036s / 3.815s)
generated_audios/generated_H2_512C_int8/260-123440-0015_generated.wav | RTF: 0.1630(1.010s / 6.200s) | Generator RTF: 0.1624(1.007s / 6.200s)
generated_audios/generated_H2_512C_int8/260-123440-0016_generated.wav | RTF: 0.2689(1.316s / 4.895s) | Generator RTF: 0.2683(1.313s / 4.895s)
generated_audios/generated_H2_512C_int8/260-123440-0017_generated.wav | RTF: 0.1585(0.486s / 3.070s) | Generator RTF: 0.1573(0.483s / 3.070s)
generated_audios/generated_H2_512C_int8/260-123440-0018_generated.wav | RTF: 0.2661(0.969s / 3.640s) | Generator RTF: 0.2653(0.966s / 3.640s)
generated_audios/generated_H2_512C_int8/260-123440-0019_generated.wav | RTF: 0.2639(1.750s / 6.630s) | Generator RTF: 0.2634(1.746s / 6.630s)
generated_audios/generated_H2_512C_int8/260-123440-0020_generated.wav | RTF: 0.2637(1.317s / 4.995s) | Generator RTF: 0.2631(1.314s / 4.995s)
generated_audios/generated_H2_512C_int8/61-70968-0000_generated.wav | RTF: 0.2645(1.297s / 4.905s) | Generator RTF: 0.2638(1.294s / 4.905s)
generated_audios/generated_H2_512C_int8/61-70968-0001_generated.wav | RTF: 0.2645(0.955s / 3.610s) | Generator RTF: 0.2636(0.951s / 3.610s)
generated_audios/generated_H2_512C_int8/61-70968-0002_generated.wav | RTF: 0.2461(0.731s / 2.970s) | Generator RTF: 0.2450(0.728s / 2.970s)
generated_audios/generated_H2_512C_int8/61-70968-0003_generated.wav | RTF: 0.1617(0.698s / 4.315s) | Generator RTF: 0.1610(0.695s / 4.315s)
generated_audios/generated_H2_512C_int8/61-70968-0004_generated.wav | RTF: 0.2630(1.022s / 3.885s) | Generator RTF: 0.2622(1.018s / 3.885s)
generated_audios/generated_H2_512C_int8/61-70968-0005_generated.wav | RTF: 0.1684(0.854s / 5.070s) | Generator RTF: 0.1678(0.851s / 5.070s)
generated_audios/generated_H2_512C_int8/61-70968-0006_generated.wav | RTF: 0.2470(0.725s / 2.935s) | Generator RTF: 0.2459(0.722s / 2.935s)
generated_audios/generated_H2_512C_int8/61-70968-0007_generated.wav | RTF: 0.1545(0.548s / 3.550s) | Generator RTF: 0.1535(0.545s / 3.550s)
generated_audios/generated_H2_512C_int8/61-70968-0008_generated.wav | RTF: 0.1613(0.570s / 3.535s) | Generator RTF: 0.1603(0.567s / 3.535s)
generated_audios/generated_H2_512C_int8/61-70968-0009_generated.wav | RTF: 0.2633(1.187s / 4.510s) | Generator RTF: 0.2625(1.184s / 4.510s)
generated_audios/generated_H2_512C_int8/61-70968-0010_generated.wav | RTF: 0.2669(2.214s / 8.295s) | Generator RTF: 0.2665(2.210s / 8.295s)
generated_audios/generated_H2_512C_int8/61-70968-0011_generated.wav | RTF: 0.2635(1.680s / 6.375s) | Generator RTF: 0.2629(1.676s / 6.375s)
generated_audios/generated_H2_512C_int8/61-70968-0012_generated.wav | RTF: 0.1540(0.402s / 2.610s) | Generator RTF: 0.1528(0.399s / 2.610s)
generated_audios/generated_H2_512C_int8/61-70968-0013_generated.wav | RTF: 0.1594(0.709s / 4.450s) | Generator RTF: 0.1586(0.706s / 4.450s)
generated_audios/generated_H2_512C_int8/61-70968-0014_generated.wav | RTF: 0.2674(2.001s / 7.485s) | Generator RTF: 0.2669(1.998s / 7.485s)
generated_audios/generated_H2_512C_int8/61-70968-0015_generated.wav | RTF: 0.2547(1.369s / 5.375s) | Generator RTF: 0.2540(1.365s / 5.375s)
generated_audios/generated_H2_512C_int8/61-70968-0016_generated.wav | RTF: 0.2830(1.053s / 3.720s) | Generator RTF: 0.2821(1.049s / 3.720s)
generated_audios/generated_H2_512C_int8/61-70968-0017_generated.wav | RTF: 0.2598(1.328s / 5.110s) | Generator RTF: 0.2591(1.324s / 5.110s)
generated_audios/generated_H2_512C_int8/61-70968-0018_generated.wav | RTF: 0.2403(0.578s / 2.405s) | Generator RTF: 0.2391(0.575s / 2.405s)
generated_audios/generated_H2_512C_int8/61-70968-0019_generated.wav | RTF: 0.2585(1.415s / 5.475s) | Generator RTF: 0.2579(1.412s / 5.475s)
generated_audios/generated_H2_512C_int8/61-70968-0020_generated.wav | RTF: 0.2597(1.326s / 5.105s) | Generator RTF: 0.2590(1.322s / 5.105s)
generated_audios/generated_H2_512C_int8/61-70968-0021_generated.wav | RTF: 0.2477(0.666s / 2.690s) | Generator RTF: 0.2465(0.663s / 2.690s)
generated_audios/generated_H2_512C_int8/61-70968-0022_generated.wav | RTF: 0.1580(0.738s / 4.670s) | Generator RTF: 0.1573(0.734s / 4.670s)
generated_audios/generated_H2_512C_int8/61-70968-0023_generated.wav | RTF: 0.1716(0.862s / 5.025s) | Generator RTF: 0.1709(0.859s / 5.025s)
generated_audios/generated_H2_512C_int8/61-70968-0024_generated.wav | RTF: 0.2678(1.613s / 6.025s) | Generator RTF: 0.2672(1.610s / 6.025s)
generated_audios/generated_H2_512C_int8/61-70968-0025_generated.wav | RTF: 0.1556(0.686s / 4.410s) | Generator RTF: 0.1548(0.683s / 4.410s)
generated_audios/generated_H2_512C_int8/61-70968-0026_generated.wav | RTF: 0.2632(1.295s / 4.920s) | Generator RTF: 0.2626(1.292s / 4.920s)
generated_audios/generated_H2_512C_int8/61-70968-0027_generated.wav | RTF: 0.2632(1.808s / 6.870s) | Generator RTF: 0.2626(1.804s / 6.870s)
generated_audios/generated_H2_512C_int8/61-70968-0028_generated.wav | RTF: 0.2596(1.390s / 5.355s) | Generator RTF: 0.2589(1.386s / 5.355s)
generated_audios/generated_H2_512C_int8/61-70968-0029_generated.wav | RTF: 0.2661(0.930s / 3.495s) | Generator RTF: 0.2651(0.927s / 3.495s)
generated_audios/generated_H2_512C_int8/61-70968-0030_generated.wav | RTF: 0.2591(1.473s / 5.685s) | Generator RTF: 0.2585(1.470s / 5.685s)
generated_audios/generated_H2_512C_int8/61-70968-0031_generated.wav | RTF: 0.2532(0.741s / 2.925s) | Generator RTF: 0.2521(0.737s / 2.925s)
generated_audios/generated_H2_512C_int8/61-70968-0032_generated.wav | RTF: 0.1585(0.678s / 4.280s) | Generator RTF: 0.1577(0.675s / 4.280s)
generated_audios/generated_H2_512C_int8/61-70968-0033_generated.wav | RTF: 0.1636(0.930s / 5.685s) | Generator RTF: 0.1630(0.926s / 5.685s)
generated_audios/generated_H2_512C_int8/61-70968-0034_generated.wav | RTF: 0.2705(1.144s / 4.230s) | Generator RTF: 0.2698(1.141s / 4.230s)
generated_audios/generated_H2_512C_int8/61-70968-0035_generated.wav | RTF: 0.2681(2.131s / 7.950s) | Generator RTF: 0.2676(2.127s / 7.950s)
generated_audios/generated_H2_512C_int8/61-70968-0036_generated.wav | RTF: 0.1518(0.446s / 2.935s) | Generator RTF: 0.1507(0.442s / 2.935s)
generated_audios/generated_H2_512C_int8/61-70968-0037_generated.wav | RTF: 0.1544(0.666s / 4.315s) | Generator RTF: 0.1536(0.663s / 4.315s)
generated_audios/generated_H2_512C_int8/61-70968-0038_generated.wav | RTF: 0.2678(0.549s / 2.050s) | Generator RTF: 0.2662(0.546s / 2.050s)
generated_audios/generated_H2_512C_int8/61-70968-0039_generated.wav | RTF: 0.2584(0.983s / 3.805s) | Generator RTF: 0.2575(0.980s / 3.805s)
generated_audios/generated_H2_512C_int8/61-70968-0040_generated.wav | RTF: 0.2606(1.029s / 3.950s) | Generator RTF: 0.2598(1.026s / 3.950s)
generated_audios/generated_H2_512C_int8/61-70968-0041_generated.wav | RTF: 0.1634(1.115s / 6.825s) | Generator RTF: 0.1630(1.112s / 6.825s)
generated_audios/generated_H2_512C_int8/61-70968-0042_generated.wav | RTF: 0.1517(0.423s / 2.785s) | Generator RTF: 0.1506(0.419s / 2.785s)
generated_audios/generated_H2_512C_int8/61-70968-0043_generated.wav | RTF: 0.2704(1.821s / 6.735s) | Generator RTF: 0.2699(1.818s / 6.735s)
generated_audios/generated_H2_512C_int8/61-70968-0044_generated.wav | RTF: 0.1476(0.409s / 2.770s) | Generator RTF: 0.1464(0.406s / 2.770s)
generated_audios/generated_H2_512C_int8/61-70968-0045_generated.wav | RTF: 0.1458(0.507s / 3.475s) | Generator RTF: 0.1448(0.503s / 3.475s)
generated_audios/generated_H2_512C_int8/61-70968-0046_generated.wav | RTF: 0.1457(0.517s / 3.550s) | Generator RTF: 0.1447(0.514s / 3.550s)
generated_audios/generated_H2_512C_int8/61-70968-0047_generated.wav | RTF: 0.2556(1.220s / 4.775s) | Generator RTF: 0.2549(1.217s / 4.775s)
generated_audios/generated_H2_512C_int8/61-70968-0048_generated.wav | RTF: 0.2611(0.789s / 3.020s) | Generator RTF: 0.2601(0.785s / 3.020s)
generated_audios/generated_H2_512C_int8/61-70968-0049_generated.wav | RTF: 0.2705(2.231s / 8.250s) | Generator RTF: 0.2700(2.228s / 8.250s)
generated_audios/generated_H2_512C_int8/61-70968-0050_generated.wav | RTF: 0.2724(1.520s / 5.580s) | Generator RTF: 0.2717(1.516s / 5.580s)
generated_audios/generated_H2_512C_int8/61-70968-0051_generated.wav | RTF: 0.2541(0.797s / 3.135s) | Generator RTF: 0.2530(0.793s / 3.135s)
generated_audios/generated_H2_512C_int8/61-70968-0052_generated.wav | RTF: 0.2336(0.619s / 2.650s) | Generator RTF: 0.2324(0.616s / 2.650s)
generated_audios/generated_H2_512C_int8/61-70968-0053_generated.wav | RTF: 0.1570(0.663s / 4.220s) | Generator RTF: 0.1562(0.659s / 4.220s)
generated_audios/generated_H2_512C_int8/61-70968-0054_generated.wav | RTF: 0.2657(2.088s / 7.860s) | Generator RTF: 0.2652(2.084s / 7.860s)
generated_audios/generated_H2_512C_int8/61-70968-0055_generated.wav | RTF: 0.1591(0.631s / 3.965s) | Generator RTF: 0.1582(0.627s / 3.965s)
generated_audios/generated_H2_512C_int8/61-70968-0056_generated.wav | RTF: 0.2654(0.946s / 3.565s) | Generator RTF: 0.2646(0.943s / 3.565s)
generated_audios/generated_H2_512C_int8/61-70968-0057_generated.wav | RTF: 0.1648(0.835s / 5.065s) | Generator RTF: 0.1642(0.831s / 5.065s)
generated_audios/generated_H2_512C_int8/61-70968-0058_generated.wav | RTF: 0.2373(0.432s / 1.820s) | Generator RTF: 0.2356(0.429s / 1.820s)
generated_audios/generated_H2_512C_int8/61-70968-0059_generated.wav | RTF: 0.1450(0.315s / 2.170s) | Generator RTF: 0.1436(0.312s / 2.170s)
generated_audios/generated_H2_512C_int8/61-70968-0060_generated.wav | RTF: 0.1521(0.568s / 3.735s) | Generator RTF: 0.1511(0.565s / 3.735s)
generated_audios/generated_H2_512C_int8/61-70968-0061_generated.wav | RTF: 0.2627(1.453s / 5.530s) | Generator RTF: 0.2621(1.449s / 5.530s)
generated_audios/generated_H2_512C_int8/61-70968-0062_generated.wav | RTF: 0.1503(0.384s / 2.555s) | Generator RTF: 0.1491(0.381s / 2.555s)
generated_audios/generated_H2_512C_int8/61-70970-0000_generated.wav | RTF: 0.2638(1.603s / 6.075s) | Generator RTF: 0.2632(1.599s / 6.075s)
generated_audios/generated_H2_512C_int8/61-70970-0001_generated.wav | RTF: 0.2613(1.609s / 6.155s) | Generator RTF: 0.2608(1.605s / 6.155s)
generated_audios/generated_H2_512C_int8/61-70970-0002_generated.wav | RTF: 0.2513(1.046s / 4.165s) | Generator RTF: 0.2504(1.043s / 4.165s)
generated_audios/generated_H2_512C_int8/61-70970-0003_generated.wav | RTF: 0.2470(0.947s / 3.835s) | Generator RTF: 0.2461(0.944s / 3.835s)
generated_audios/generated_H2_512C_int8/61-70970-0004_generated.wav | RTF: 0.2713(2.853s / 10.515s) | Generator RTF: 0.2709(2.849s / 10.515s)
generated_audios/generated_H2_512C_int8/61-70970-0005_generated.wav | RTF: 0.2606(0.526s / 2.020s) | Generator RTF: 0.2591(0.523s / 2.020s)
generated_audios/generated_H2_512C_int8/61-70970-0006_generated.wav | RTF: 0.2405(0.561s / 2.335s) | Generator RTF: 0.2391(0.558s / 2.335s)
generated_audios/generated_H2_512C_int8/61-70970-0007_generated.wav | RTF: 0.2548(1.143s / 4.485s) | Generator RTF: 0.2540(1.139s / 4.485s)
generated_audios/generated_H2_512C_int8/61-70970-0008_generated.wav | RTF: 0.2572(0.553s / 2.150s) | Generator RTF: 0.2563(0.551s / 2.150s)
generated_audios/generated_H2_512C_int8/61-70970-0009_generated.wav | RTF: 0.2554(0.870s / 3.405s) | Generator RTF: 0.2544(0.866s / 3.405s)
generated_audios/generated_H2_512C_int8/61-70970-0010_generated.wav | RTF: 0.1407(0.429s / 3.045s) | Generator RTF: 0.1396(0.425s / 3.045s)
generated_audios/generated_H2_512C_int8/61-70970-0011_generated.wav | RTF: 0.1441(0.876s / 6.075s) | Generator RTF: 0.1435(0.872s / 6.075s)
generated_audios/generated_H2_512C_int8/61-70970-0012_generated.wav | RTF: 0.1389(0.435s / 3.135s) | Generator RTF: 0.1378(0.432s / 3.135s)
generated_audios/generated_H2_512C_int8/61-70970-0013_generated.wav | RTF: 0.2576(1.121s / 4.350s) | Generator RTF: 0.2567(1.117s / 4.350s)
generated_audios/generated_H2_512C_int8/61-70970-0014_generated.wav | RTF: 0.1368(0.466s / 3.405s) | Generator RTF: 0.1358(0.463s / 3.405s)
generated_audios/generated_H2_512C_int8/61-70970-0015_generated.wav | RTF: 0.2753(2.317s / 8.415s) | Generator RTF: 0.2748(2.313s / 8.415s)
generated_audios/generated_H2_512C_int8/61-70970-0016_generated.wav | RTF: 0.2599(1.136s / 4.370s) | Generator RTF: 0.2591(1.132s / 4.370s)
generated_audios/generated_H2_512C_int8/61-70970-0017_generated.wav | RTF: 0.1419(0.362s / 2.550s) | Generator RTF: 0.1406(0.358s / 2.550s)
generated_audios/generated_H2_512C_int8/61-70970-0018_generated.wav | RTF: 0.2518(1.158s / 4.600s) | Generator RTF: 0.2510(1.155s / 4.600s)
generated_audios/generated_H2_512C_int8/61-70970-0019_generated.wav | RTF: 0.2533(0.957s / 3.780s) | Generator RTF: 0.2524(0.954s / 3.780s)
generated_audios/generated_H2_512C_int8/61-70970-0020_generated.wav | RTF: 0.1499(0.753s / 5.025s) | Generator RTF: 0.1492(0.750s / 5.025s)
generated_audios/generated_H2_512C_int8/61-70970-0021_generated.wav | RTF: 0.2519(1.361s / 5.405s) | Generator RTF: 0.2512(1.358s / 5.405s)
generated_audios/generated_H2_512C_int8/61-70970-0022_generated.wav | RTF: 0.1417(0.562s / 3.970s) | Generator RTF: 0.1408(0.559s / 3.970s)
generated_audios/generated_H2_512C_int8/61-70970-0023_generated.wav | RTF: 0.1416(0.524s / 3.705s) | Generator RTF: 0.1406(0.521s / 3.705s)
generated_audios/generated_H2_512C_int8/61-70970-0024_generated.wav | RTF: 0.2591(1.875s / 7.235s) | Generator RTF: 0.2586(1.871s / 7.235s)
generated_audios/generated_H2_512C_int8/61-70970-0025_generated.wav | RTF: 0.2795(2.078s / 7.435s) | Generator RTF: 0.2790(2.075s / 7.435s)
generated_audios/generated_H2_512C_int8/61-70970-0026_generated.wav | RTF: 0.1446(0.792s / 5.475s) | Generator RTF: 0.1439(0.788s / 5.475s)
generated_audios/generated_H2_512C_int8/61-70970-0027_generated.wav | RTF: 0.1429(0.726s / 5.080s) | Generator RTF: 0.1422(0.722s / 5.080s)
generated_audios/generated_H2_512C_int8/61-70970-0028_generated.wav | RTF: 0.1490(0.976s / 6.550s) | Generator RTF: 0.1484(0.972s / 6.550s)
generated_audios/generated_H2_512C_int8/61-70970-0029_generated.wav | RTF: 0.1421(0.573s / 4.030s) | Generator RTF: 0.1412(0.569s / 4.030s)
generated_audios/generated_H2_512C_int8/61-70970-0030_generated.wav | RTF: 0.1446(0.469s / 3.240s) | Generator RTF: 0.1436(0.465s / 3.240s)
generated_audios/generated_H2_512C_int8/61-70970-0031_generated.wav | RTF: 0.2529(1.299s / 5.135s) | Generator RTF: 0.2523(1.295s / 5.135s)
generated_audios/generated_H2_512C_int8/61-70970-0032_generated.wav | RTF: 0.1383(0.434s / 3.135s) | Generator RTF: 0.1373(0.430s / 3.135s)
generated_audios/generated_H2_512C_int8/61-70970-0033_generated.wav | RTF: 0.2474(0.846s / 3.420s) | Generator RTF: 0.2464(0.843s / 3.420s)
generated_audios/generated_H2_512C_int8/61-70970-0034_generated.wav | RTF: 0.1393(0.625s / 4.485s) | Generator RTF: 0.1385(0.621s / 4.485s)
generated_audios/generated_H2_512C_int8/61-70970-0035_generated.wav | RTF: 0.1488(1.102s / 7.405s) | Generator RTF: 0.1483(1.098s / 7.405s)
generated_audios/generated_H2_512C_int8/61-70970-0036_generated.wav | RTF: 0.1498(1.017s / 6.785s) | Generator RTF: 0.1493(1.013s / 6.785s)
generated_audios/generated_H2_512C_int8/61-70970-0037_generated.wav | RTF: 0.2546(1.522s / 5.980s) | Generator RTF: 0.2540(1.519s / 5.980s)
generated_audios/generated_H2_512C_int8/61-70970-0038_generated.wav | RTF: 0.2725(2.834s / 10.400s) | Generator RTF: 0.2721(2.830s / 10.400s)
generated_audios/generated_H2_512C_int8/61-70970-0039_generated.wav | RTF: 0.1467(0.978s / 6.665s) | Generator RTF: 0.1462(0.974s / 6.665s)
generated_audios/generated_H2_512C_int8/61-70970-0040_generated.wav | RTF: 0.1431(0.596s / 4.165s) | Generator RTF: 0.1424(0.593s / 4.165s)
generated_audios/generated_H2_512C_int8/672-122797-0000_generated.wav | RTF: 0.2554(1.040s / 4.070s) | Generator RTF: 0.2544(1.035s / 4.070s)
generated_audios/generated_H2_512C_int8/672-122797-0001_generated.wav | RTF: 0.3179(4.810s / 15.130s) | Generator RTF: 0.3176(4.805s / 15.130s)
generated_audios/generated_H2_512C_int8/672-122797-0002_generated.wav | RTF: 0.3174(4.324s / 13.620s) | Generator RTF: 0.3171(4.319s / 13.620s)
generated_audios/generated_H2_512C_int8/672-122797-0003_generated.wav | RTF: 0.2571(1.224s / 4.760s) | Generator RTF: 0.2563(1.220s / 4.760s)
generated_audios/generated_H2_512C_int8/672-122797-0004_generated.wav | RTF: 0.2705(2.772s / 10.250s) | Generator RTF: 0.2701(2.768s / 10.250s)
generated_audios/generated_H2_512C_int8/672-122797-0005_generated.wav | RTF: 0.2601(0.848s / 3.260s) | Generator RTF: 0.2592(0.845s / 3.260s)
generated_audios/generated_H2_512C_int8/672-122797-0006_generated.wav | RTF: 0.3228(4.503s / 13.950s) | Generator RTF: 0.3225(4.499s / 13.950s)
generated_audios/generated_H2_512C_int8/672-122797-0007_generated.wav | RTF: 0.2507(1.610s / 6.420s) | Generator RTF: 0.2502(1.606s / 6.420s)
generated_audios/generated_H2_512C_int8/672-122797-0008_generated.wav | RTF: 0.3392(10.450s / 30.810s) | Generator RTF: 0.3390(10.443s / 30.810s)
generated_audios/generated_H2_512C_int8/672-122797-0009_generated.wav | RTF: 0.1434(0.396s / 2.765s) | Generator RTF: 0.1419(0.392s / 2.765s)
generated_audios/generated_H2_512C_int8/672-122797-0010_generated.wav | RTF: 0.1453(0.554s / 3.815s) | Generator RTF: 0.1444(0.551s / 3.815s)
generated_audios/generated_H2_512C_int8/672-122797-0011_generated.wav | RTF: 0.2547(0.647s / 2.540s) | Generator RTF: 0.2534(0.644s / 2.540s)
generated_audios/generated_H2_512C_int8/672-122797-0012_generated.wav | RTF: 0.2623(2.037s / 7.765s) | Generator RTF: 0.2618(2.033s / 7.765s)
generated_audios/generated_H2_512C_int8/672-122797-0013_generated.wav | RTF: 0.2604(2.267s / 8.705s) | Generator RTF: 0.2599(2.263s / 8.705s)
generated_audios/generated_H2_512C_int8/672-122797-0014_generated.wav | RTF: 0.1423(0.364s / 2.555s) | Generator RTF: 0.1416(0.362s / 2.555s)
generated_audios/generated_H2_512C_int8/672-122797-0015_generated.wav | RTF: 0.1460(0.651s / 4.455s) | Generator RTF: 0.1456(0.648s / 4.455s)
generated_audios/generated_H2_512C_int8/672-122797-0016_generated.wav | RTF: 0.2596(2.392s / 9.215s) | Generator RTF: 0.2593(2.390s / 9.215s)
generated_audios/generated_H2_512C_int8/672-122797-0017_generated.wav | RTF: 0.2487(1.199s / 4.820s) | Generator RTF: 0.2483(1.197s / 4.820s)
generated_audios/generated_H2_512C_int8/672-122797-0018_generated.wav | RTF: 0.2598(1.281s / 4.930s) | Generator RTF: 0.2591(1.277s / 4.930s)
generated_audios/generated_H2_512C_int8/672-122797-0019_generated.wav | RTF: 0.2491(1.024s / 4.110s) | Generator RTF: 0.2482(1.020s / 4.110s)
generated_audios/generated_H2_512C_int8/672-122797-0020_generated.wav | RTF: 0.2637(2.327s / 8.825s) | Generator RTF: 0.2633(2.323s / 8.825s)
generated_audios/generated_H2_512C_int8/672-122797-0021_generated.wav | RTF: 0.1450(0.602s / 4.150s) | Generator RTF: 0.1442(0.598s / 4.150s)
generated_audios/generated_H2_512C_int8/672-122797-0022_generated.wav | RTF: 0.3263(6.202s / 19.005s) | Generator RTF: 0.3261(6.198s / 19.005s)
generated_audios/generated_H2_512C_int8/672-122797-0023_generated.wav | RTF: 0.2617(2.537s / 9.695s) | Generator RTF: 0.2613(2.533s / 9.695s)
generated_audios/generated_H2_512C_int8/672-122797-0024_generated.wav | RTF: 0.2588(1.069s / 4.130s) | Generator RTF: 0.2580(1.065s / 4.130s)
generated_audios/generated_H2_512C_int8/672-122797-0025_generated.wav | RTF: 0.2635(2.817s / 10.690s) | Generator RTF: 0.2632(2.814s / 10.690s)
generated_audios/generated_H2_512C_int8/672-122797-0026_generated.wav | RTF: 0.2987(4.170s / 13.960s) | Generator RTF: 0.2984(4.165s / 13.960s)
generated_audios/generated_H2_512C_int8/672-122797-0027_generated.wav | RTF: 0.1466(0.702s / 4.790s) | Generator RTF: 0.1461(0.700s / 4.790s)
generated_audios/generated_H2_512C_int8/672-122797-0028_generated.wav | RTF: 0.1535(0.401s / 2.610s) | Generator RTF: 0.1523(0.397s / 2.610s)
generated_audios/generated_H2_512C_int8/672-122797-0029_generated.wav | RTF: 0.1435(0.438s / 3.050s) | Generator RTF: 0.1425(0.435s / 3.050s)
generated_audios/generated_H2_512C_int8/672-122797-0030_generated.wav | RTF: 0.2530(1.157s / 4.575s) | Generator RTF: 0.2522(1.154s / 4.575s)
generated_audios/generated_H2_512C_int8/672-122797-0031_generated.wav | RTF: 0.1471(0.585s / 3.980s) | Generator RTF: 0.1464(0.583s / 3.980s)
generated_audios/generated_H2_512C_int8/672-122797-0032_generated.wav | RTF: 0.1460(0.584s / 4.000s) | Generator RTF: 0.1452(0.581s / 4.000s)
generated_audios/generated_H2_512C_int8/672-122797-0033_generated.wav | RTF: 0.2822(0.363s / 1.285s) | Generator RTF: 0.2798(0.360s / 1.285s)
generated_audios/generated_H2_512C_int8/672-122797-0034_generated.wav | RTF: 0.1486(0.759s / 5.110s) | Generator RTF: 0.1479(0.756s / 5.110s)
generated_audios/generated_H2_512C_int8/672-122797-0035_generated.wav | RTF: 0.1488(0.431s / 2.900s) | Generator RTF: 0.1476(0.428s / 2.900s)
generated_audios/generated_H2_512C_int8/672-122797-0036_generated.wav | RTF: 0.1496(0.803s / 5.365s) | Generator RTF: 0.1489(0.799s / 5.365s)
generated_audios/generated_H2_512C_int8/672-122797-0037_generated.wav | RTF: 0.2475(0.485s / 1.960s) | Generator RTF: 0.2458(0.482s / 1.960s)
generated_audios/generated_H2_512C_int8/672-122797-0038_generated.wav | RTF: 0.2590(2.279s / 8.800s) | Generator RTF: 0.2585(2.275s / 8.800s)
generated_audios/generated_H2_512C_int8/672-122797-0039_generated.wav | RTF: 0.2566(1.033s / 4.025s) | Generator RTF: 0.2557(1.029s / 4.025s)
generated_audios/generated_H2_512C_int8/672-122797-0040_generated.wav | RTF: 0.1478(0.757s / 5.125s) | Generator RTF: 0.1471(0.754s / 5.125s)
generated_audios/generated_H2_512C_int8/672-122797-0041_generated.wav | RTF: 0.1439(0.558s / 3.880s) | Generator RTF: 0.1431(0.555s / 3.880s)
generated_audios/generated_H2_512C_int8/672-122797-0042_generated.wav | RTF: 0.2860(4.379s / 15.310s) | Generator RTF: 0.2857(4.374s / 15.310s)
generated_audios/generated_H2_512C_int8/672-122797-0043_generated.wav | RTF: 0.1434(0.542s / 3.780s) | Generator RTF: 0.1426(0.539s / 3.780s)
generated_audios/generated_H2_512C_int8/672-122797-0044_generated.wav | RTF: 0.1425(0.533s / 3.740s) | Generator RTF: 0.1416(0.529s / 3.740s)
generated_audios/generated_H2_512C_int8/672-122797-0045_generated.wav | RTF: 0.1750(2.444s / 13.960s) | Generator RTF: 0.1747(2.439s / 13.960s)
generated_audios/generated_H2_512C_int8/672-122797-0046_generated.wav | RTF: 0.2568(1.211s / 4.715s) | Generator RTF: 0.2560(1.207s / 4.715s)
generated_audios/generated_H2_512C_int8/672-122797-0047_generated.wav | RTF: 0.2597(0.863s / 3.325s) | Generator RTF: 0.2587(0.860s / 3.325s)
generated_audios/generated_H2_512C_int8/672-122797-0048_generated.wav | RTF: 0.1487(0.975s / 6.555s) | Generator RTF: 0.1481(0.971s / 6.555s)
generated_audios/generated_H2_512C_int8/672-122797-0049_generated.wav | RTF: 0.1443(0.291s / 2.020s) | Generator RTF: 0.1428(0.288s / 2.020s)
generated_audios/generated_H2_512C_int8/672-122797-0050_generated.wav | RTF: 0.2589(1.257s / 4.855s) | Generator RTF: 0.2582(1.253s / 4.855s)
generated_audios/generated_H2_512C_int8/672-122797-0051_generated.wav | RTF: 0.2571(1.199s / 4.665s) | Generator RTF: 0.2564(1.196s / 4.665s)
generated_audios/generated_H2_512C_int8/672-122797-0052_generated.wav | RTF: 0.2472(1.059s / 4.285s) | Generator RTF: 0.2463(1.056s / 4.285s)
generated_audios/generated_H2_512C_int8/672-122797-0053_generated.wav | RTF: 0.1415(0.418s / 2.955s) | Generator RTF: 0.1404(0.415s / 2.955s)
generated_audios/generated_H2_512C_int8/672-122797-0054_generated.wav | RTF: 0.1433(0.609s / 4.250s) | Generator RTF: 0.1424(0.605s / 4.250s)
generated_audios/generated_H2_512C_int8/672-122797-0055_generated.wav | RTF: 0.2594(2.135s / 8.230s) | Generator RTF: 0.2590(2.131s / 8.230s)
generated_audios/generated_H2_512C_int8/672-122797-0056_generated.wav | RTF: 0.1464(0.765s / 5.225s) | Generator RTF: 0.1456(0.761s / 5.225s)
generated_audios/generated_H2_512C_int8/672-122797-0057_generated.wav | RTF: 0.1479(0.970s / 6.560s) | Generator RTF: 0.1473(0.966s / 6.560s)
generated_audios/generated_H2_512C_int8/672-122797-0058_generated.wav | RTF: 0.2605(1.164s / 4.470s) | Generator RTF: 0.2597(1.161s / 4.470s)
generated_audios/generated_H2_512C_int8/672-122797-0059_generated.wav | RTF: 0.2528(0.890s / 3.520s) | Generator RTF: 0.2519(0.887s / 3.520s)
generated_audios/generated_H2_512C_int8/672-122797-0060_generated.wav | RTF: 0.1523(0.510s / 3.350s) | Generator RTF: 0.1515(0.508s / 3.350s)
generated_audios/generated_H2_512C_int8/672-122797-0061_generated.wav | RTF: 0.2598(1.972s / 7.590s) | Generator RTF: 0.2593(1.968s / 7.590s)
generated_audios/generated_H2_512C_int8/672-122797-0062_generated.wav | RTF: 0.2625(0.702s / 2.675s) | Generator RTF: 0.2613(0.699s / 2.675s)
generated_audios/generated_H2_512C_int8/672-122797-0063_generated.wav | RTF: 0.1485(0.753s / 5.075s) | Generator RTF: 0.1478(0.750s / 5.075s)
generated_audios/generated_H2_512C_int8/672-122797-0064_generated.wav | RTF: 0.2856(4.362s / 15.270s) | Generator RTF: 0.2853(4.357s / 15.270s)
generated_audios/generated_H2_512C_int8/672-122797-0065_generated.wav | RTF: 0.1473(0.446s / 3.030s) | Generator RTF: 0.1462(0.443s / 3.030s)
generated_audios/generated_H2_512C_int8/672-122797-0066_generated.wav | RTF: 0.1465(0.706s / 4.815s) | Generator RTF: 0.1458(0.702s / 4.815s)
generated_audios/generated_H2_512C_int8/672-122797-0067_generated.wav | RTF: 0.2855(3.722s / 13.035s) | Generator RTF: 0.2852(3.717s / 13.035s)
generated_audios/generated_H2_512C_int8/672-122797-0068_generated.wav | RTF: 0.1469(0.591s / 4.020s) | Generator RTF: 0.1461(0.587s / 4.020s)
generated_audios/generated_H2_512C_int8/672-122797-0069_generated.wav | RTF: 0.2596(1.301s / 5.010s) | Generator RTF: 0.2589(1.297s / 5.010s)
generated_audios/generated_H2_512C_int8/672-122797-0070_generated.wav | RTF: 0.2583(1.620s / 6.270s) | Generator RTF: 0.2577(1.616s / 6.270s)
generated_audios/generated_H2_512C_int8/672-122797-0071_generated.wav | RTF: 0.2643(2.346s / 8.875s) | Generator RTF: 0.2638(2.341s / 8.875s)
generated_audios/generated_H2_512C_int8/672-122797-0072_generated.wav | RTF: 0.2602(2.066s / 7.940s) | Generator RTF: 0.2596(2.062s / 7.940s)
generated_audios/generated_H2_512C_int8/672-122797-0073_generated.wav | RTF: 0.2614(2.145s / 8.205s) | Generator RTF: 0.2609(2.141s / 8.205s)
generated_audios/generated_H2_512C_int8/672-122797-0074_generated.wav | RTF: 0.2602(2.272s / 8.730s) | Generator RTF: 0.2598(2.268s / 8.730s)
generated_audios/generated_H2_512C_int8/908-157963-0000_generated.wav | RTF: 0.2783(3.512s / 12.620s) | Generator RTF: 0.2779(3.507s / 12.620s)
generated_audios/generated_H2_512C_int8/908-157963-0001_generated.wav | RTF: 0.2627(0.758s / 2.885s) | Generator RTF: 0.2615(0.755s / 2.885s)
generated_audios/generated_H2_512C_int8/908-157963-0002_generated.wav | RTF: 0.2469(0.680s / 2.755s) | Generator RTF: 0.2457(0.677s / 2.755s)
generated_audios/generated_H2_512C_int8/908-157963-0003_generated.wav | RTF: 0.2565(0.790s / 3.080s) | Generator RTF: 0.2555(0.787s / 3.080s)
generated_audios/generated_H2_512C_int8/908-157963-0004_generated.wav | RTF: 0.2875(4.022s / 13.990s) | Generator RTF: 0.2871(4.017s / 13.990s)
generated_audios/generated_H2_512C_int8/908-157963-0005_generated.wav | RTF: 0.2601(1.830s / 7.035s) | Generator RTF: 0.2596(1.826s / 7.035s)
generated_audios/generated_H2_512C_int8/908-157963-0006_generated.wav | RTF: 0.2635(2.137s / 8.110s) | Generator RTF: 0.2630(2.133s / 8.110s)
generated_audios/generated_H2_512C_int8/908-157963-0007_generated.wav | RTF: 0.3381(11.078s / 32.770s) | Generator RTF: 0.3378(11.070s / 32.770s)
generated_audios/generated_H2_512C_int8/908-157963-0008_generated.wav | RTF: 0.3027(6.038s / 19.950s) | Generator RTF: 0.3024(6.032s / 19.950s)
generated_audios/generated_H2_512C_int8/908-157963-0009_generated.wav | RTF: 0.2591(1.052s / 4.060s) | Generator RTF: 0.2582(1.048s / 4.060s)
generated_audios/generated_H2_512C_int8/908-157963-0010_generated.wav | RTF: 0.1450(0.911s / 6.280s) | Generator RTF: 0.1444(0.907s / 6.280s)
generated_audios/generated_H2_512C_int8/908-157963-0011_generated.wav | RTF: 0.1511(1.570s / 10.395s) | Generator RTF: 0.1507(1.566s / 10.395s)
generated_audios/generated_H2_512C_int8/908-157963-0012_generated.wav | RTF: 0.2605(2.629s / 10.090s) | Generator RTF: 0.2602(2.625s / 10.090s)
generated_audios/generated_H2_512C_int8/908-157963-0013_generated.wav | RTF: 0.1454(0.627s / 4.315s) | Generator RTF: 0.1446(0.624s / 4.315s)
generated_audios/generated_H2_512C_int8/908-157963-0014_generated.wav | RTF: 0.1455(0.658s / 4.520s) | Generator RTF: 0.1447(0.654s / 4.520s)
generated_audios/generated_H2_512C_int8/908-157963-0015_generated.wav | RTF: 0.2864(4.143s / 14.465s) | Generator RTF: 0.2861(4.138s / 14.465s)
generated_audios/generated_H2_512C_int8/908-157963-0016_generated.wav | RTF: 0.1458(0.744s / 5.105s) | Generator RTF: 0.1451(0.741s / 5.105s)
generated_audios/generated_H2_512C_int8/908-157963-0017_generated.wav | RTF: 0.2512(1.243s / 4.950s) | Generator RTF: 0.2504(1.240s / 4.950s)
generated_audios/generated_H2_512C_int8/908-157963-0018_generated.wav | RTF: 0.1434(0.610s / 4.255s) | Generator RTF: 0.1426(0.607s / 4.255s)
generated_audios/generated_H2_512C_int8/908-157963-0019_generated.wav | RTF: 0.3290(7.054s / 21.440s) | Generator RTF: 0.3288(7.050s / 21.440s)
generated_audios/generated_H2_512C_int8/908-157963-0020_generated.wav | RTF: 0.2709(2.654s / 9.800s) | Generator RTF: 0.2704(2.650s / 9.800s)
generated_audios/generated_H2_512C_int8/908-157963-0021_generated.wav | RTF: 0.1567(1.604s / 10.240s) | Generator RTF: 0.1563(1.601s / 10.240s)
generated_audios/generated_H2_512C_int8/908-157963-0022_generated.wav | RTF: 0.2602(1.200s / 4.610s) | Generator RTF: 0.2596(1.197s / 4.610s)
generated_audios/generated_H2_512C_int8/908-157963-0023_generated.wav | RTF: 0.2707(2.606s / 9.625s) | Generator RTF: 0.2703(2.602s / 9.625s)
generated_audios/generated_H2_512C_int8/908-157963-0024_generated.wav | RTF: 0.2556(0.879s / 3.440s) | Generator RTF: 0.2546(0.876s / 3.440s)
generated_audios/generated_H2_512C_int8/908-157963-0025_generated.wav | RTF: 0.2701(2.502s / 9.265s) | Generator RTF: 0.2697(2.499s / 9.265s)
generated_audios/generated_H2_512C_int8/908-157963-0026_generated.wav | RTF: 0.2729(2.210s / 8.100s) | Generator RTF: 0.2724(2.207s / 8.100s)
generated_audios/generated_H2_512C_int8/908-157963-0027_generated.wav | RTF: 0.1466(0.766s / 5.225s) | Generator RTF: 0.1459(0.762s / 5.225s)
generated_audios/generated_H2_512C_int8/908-157963-0028_generated.wav | RTF: 0.1415(0.701s / 4.955s) | Generator RTF: 0.1408(0.698s / 4.955s)
generated_audios/generated_H2_512C_int8/908-157963-0029_generated.wav | RTF: 0.2520(0.915s / 3.630s) | Generator RTF: 0.2512(0.912s / 3.630s)
generated_audios/generated_H2_512C_int8/908-157963-0030_generated.wav | RTF: 0.1390(0.628s / 4.520s) | Generator RTF: 0.1382(0.625s / 4.520s)
generated_audios/generated_H2_512C_int8/908-31957-0000_generated.wav | RTF: 0.2475(0.526s / 2.125s) | Generator RTF: 0.2463(0.523s / 2.125s)
generated_audios/generated_H2_512C_int8/908-31957-0001_generated.wav | RTF: 0.2641(2.989s / 11.315s) | Generator RTF: 0.2638(2.985s / 11.315s)
generated_audios/generated_H2_512C_int8/908-31957-0002_generated.wav | RTF: 0.1462(0.700s / 4.790s) | Generator RTF: 0.1454(0.697s / 4.790s)
generated_audios/generated_H2_512C_int8/908-31957-0003_generated.wav | RTF: 0.1471(0.966s / 6.565s) | Generator RTF: 0.1466(0.962s / 6.565s)
generated_audios/generated_H2_512C_int8/908-31957-0004_generated.wav | RTF: 0.2780(4.103s / 14.755s) | Generator RTF: 0.2777(4.098s / 14.755s)
generated_audios/generated_H2_512C_int8/908-31957-0005_generated.wav | RTF: 0.1446(0.649s / 4.490s) | Generator RTF: 0.1437(0.645s / 4.490s)
generated_audios/generated_H2_512C_int8/908-31957-0006_generated.wav | RTF: 0.2551(1.503s / 5.890s) | Generator RTF: 0.2545(1.499s / 5.890s)
generated_audios/generated_H2_512C_int8/908-31957-0007_generated.wav | RTF: 0.1463(0.849s / 5.800s) | Generator RTF: 0.1457(0.845s / 5.800s)
generated_audios/generated_H2_512C_int8/908-31957-0008_generated.wav | RTF: 0.2760(2.761s / 10.005s) | Generator RTF: 0.2756(2.757s / 10.005s)
generated_audios/generated_H2_512C_int8/908-31957-0009_generated.wav | RTF: 0.2570(1.980s / 7.705s) | Generator RTF: 0.2565(1.977s / 7.705s)
generated_audios/generated_H2_512C_int8/908-31957-0010_generated.wav | RTF: 0.2454(0.616s / 2.510s) | Generator RTF: 0.2437(0.612s / 2.510s)
generated_audios/generated_H2_512C_int8/908-31957-0011_generated.wav | RTF: 0.1416(0.331s / 2.335s) | Generator RTF: 0.1402(0.327s / 2.335s)
generated_audios/generated_H2_512C_int8/908-31957-0012_generated.wav | RTF: 0.2577(1.963s / 7.615s) | Generator RTF: 0.2573(1.959s / 7.615s)
generated_audios/generated_H2_512C_int8/908-31957-0013_generated.wav | RTF: 0.2607(1.611s / 6.180s) | Generator RTF: 0.2601(1.607s / 6.180s)
generated_audios/generated_H2_512C_int8/908-31957-0014_generated.wav | RTF: 0.2585(1.954s / 7.560s) | Generator RTF: 0.2580(1.950s / 7.560s)
generated_audios/generated_H2_512C_int8/908-31957-0015_generated.wav | RTF: 0.3215(6.900s / 21.465s) | Generator RTF: 0.3212(6.895s / 21.465s)
generated_audios/generated_H2_512C_int8/908-31957-0016_generated.wav | RTF: 0.2671(1.731s / 6.480s) | Generator RTF: 0.2665(1.727s / 6.480s)
generated_audios/generated_H2_512C_int8/908-31957-0017_generated.wav | RTF: 0.2694(2.100s / 7.795s) | Generator RTF: 0.2689(2.096s / 7.795s)
generated_audios/generated_H2_512C_int8/908-31957-0018_generated.wav | RTF: 0.2544(0.996s / 3.915s) | Generator RTF: 0.2535(0.992s / 3.915s)
generated_audios/generated_H2_512C_int8/908-31957-0019_generated.wav | RTF: 0.2769(2.641s / 9.540s) | Generator RTF: 0.2765(2.637s / 9.540s)
generated_audios/generated_H2_512C_int8/908-31957-0020_generated.wav | RTF: 0.1439(0.848s / 5.895s) | Generator RTF: 0.1433(0.844s / 5.895s)
generated_audios/generated_H2_512C_int8/908-31957-0021_generated.wav | RTF: 0.2713(2.958s / 10.905s) | Generator RTF: 0.2709(2.954s / 10.905s)
generated_audios/generated_H2_512C_int8/908-31957-0022_generated.wav | RTF: 0.3225(4.548s / 14.100s) | Generator RTF: 0.3222(4.543s / 14.100s)
generated_audios/generated_H2_512C_int8/908-31957-0023_generated.wav | RTF: 0.2744(2.336s / 8.515s) | Generator RTF: 0.2739(2.332s / 8.515s)
generated_audios/generated_H2_512C_int8/908-31957-0024_generated.wav | RTF: 0.2718(2.049s / 7.540s) | Generator RTF: 0.2712(2.045s / 7.540s)
generated_audios/generated_H2_512C_int8/908-31957-0025_generated.wav | RTF: 0.3232(6.646s / 20.560s) | Generator RTF: 0.3230(6.640s / 20.560s)
Average RTF: 0.2412(762.290s / 3159.849s)
Average Generator RTF: 0.2407(760.422s / 3159.849s)
Evaluation summary:
  Mel-spectrogram L1: 1.008840
  PESQ: 1.426508
  STOI: 0.878249
Appended per-audio metrics to CSV: per_audio_results/H2_quantized_resblocks_range_2_9

Appended metrics to CSV: experiments_results.csv
Appended to experiments_results.csv:
H2_512C_quantized_resblocks_range_2_9,13926209,33.53,0.2412,0.2407,1.4265081033706666,0.8782486044538315,1.0088395430445671
========== Done ==========
=== JOB_STATISTICS ===
=== current date     : Sun Jul  5 02:00:14 PM CEST 2026
= Job-ID             : 1428672 on tinyfat
= Job-Name           : inference_512ch_h1-4
= Job-Command        : /home/hpc/vlbi/vlbi107v/hifi-gan/inference_Test.sh
= Initial workdir    : /home/hpc/vlbi/vlbi107v/hifi-gan
= Queue/Partition    : work
= Slurm account      : vlbi with QOS=normal
= Requested resources:  for 1-00:00:00
= Elapsed runtime    : 00:17:04
= Total RAM usage    : 6.5 GiB of requested  GiB (%)   
= Node list          : tf060
= Subm/Elig/Start/End: 2026-07-05T13:43:09 / 2026-07-05T13:43:09 / 2026-07-05T13:43:09 / 2026-07-05T14:00:13
======================
=== Quota infos ======
    Path                 Used     SoftQ    HardQ    Gracetime  Filec    FileQ    FiHaQ    FileGrace    
    /home/woody           281.2G  1000.0G  1500.0G        N/A     118K   5,000K   7,500K        N/A    
    /home/hpc              92.0G   104.9G   209.7G        N/A      86K     500K   1,000K        N/A    
======================
