### Starting TaskPrologue of job 1428680 on tf061 at Sun Jul  5 01:45:32 PM CEST 2026
Running on cores 0-7,64-71 with governor ondemand
No GPU known
### Finished TaskPrologue

==========(sbatch.tinyfat) Inference: 512 Channels (g_07960000) ==========
========== H2: quantized (INT8 dynamic quantization) ==========
Initializing Inference Process..
Using device: cpu (baseline and quantized inference both run on CPU)
Quantization enabled: forcing CPU inference for INT8 model.
Loading '/home/hpc/vlbi/vlbi107v/hifi-gan/cp_hifigan/v1_c512/g_07960000'
Complete.
Checkpoint contains weight_norm parameters. Keeping weight_norm wrappers for loading...
Removing weight norm...
Calibrating static quantization using 50 samples...
INT8 quantization scope: all
Checking quantized modules after static quantization:
Quantized module: conv_pre (torch.ao.nn.quantized.modules.conv.Conv1d)
Quantized module: ups.0 (torch.ao.nn.quantized.modules.conv.ConvTranspose1d)
Quantized module: ups.1 (torch.ao.nn.quantized.modules.conv.ConvTranspose1d)
Quantized module: ups.2 (torch.ao.nn.quantized.modules.conv.ConvTranspose1d)
Quantized module: ups.3 (torch.ao.nn.quantized.modules.conv.ConvTranspose1d)
Quantized module: resblocks.0.convs1.0 (torch.ao.nn.quantized.modules.conv.Conv1d)
Quantized module: resblocks.0.convs1.1 (torch.ao.nn.quantized.modules.conv.Conv1d)
Quantized module: resblocks.0.convs1.2 (torch.ao.nn.quantized.modules.conv.Conv1d)
Quantized module: resblocks.0.convs2.0 (torch.ao.nn.quantized.modules.conv.Conv1d)
Quantized module: resblocks.0.convs2.1 (torch.ao.nn.quantized.modules.conv.Conv1d)
Quantized module: resblocks.0.convs2.2 (torch.ao.nn.quantized.modules.conv.Conv1d)
Quantized module: resblocks.1.convs1.0 (torch.ao.nn.quantized.modules.conv.Conv1d)
Quantized module: resblocks.1.convs1.1 (torch.ao.nn.quantized.modules.conv.Conv1d)
Quantized module: resblocks.1.convs1.2 (torch.ao.nn.quantized.modules.conv.Conv1d)
Quantized module: resblocks.1.convs2.0 (torch.ao.nn.quantized.modules.conv.Conv1d)
Quantized module: resblocks.1.convs2.1 (torch.ao.nn.quantized.modules.conv.Conv1d)
Quantized module: resblocks.1.convs2.2 (torch.ao.nn.quantized.modules.conv.Conv1d)
Quantized module: resblocks.2.convs1.0 (torch.ao.nn.quantized.modules.conv.Conv1d)
Quantized module: resblocks.2.convs1.1 (torch.ao.nn.quantized.modules.conv.Conv1d)
Quantized module: resblocks.2.convs1.2 (torch.ao.nn.quantized.modules.conv.Conv1d)
Quantized module: resblocks.2.convs2.0 (torch.ao.nn.quantized.modules.conv.Conv1d)
Quantized module: resblocks.2.convs2.1 (torch.ao.nn.quantized.modules.conv.Conv1d)
Quantized module: resblocks.2.convs2.2 (torch.ao.nn.quantized.modules.conv.Conv1d)
Quantized module: resblocks.3.convs1.0 (torch.ao.nn.quantized.modules.conv.Conv1d)
Quantized module: resblocks.3.convs1.1 (torch.ao.nn.quantized.modules.conv.Conv1d)
Quantized module: resblocks.3.convs1.2 (torch.ao.nn.quantized.modules.conv.Conv1d)
Quantized module: resblocks.3.convs2.0 (torch.ao.nn.quantized.modules.conv.Conv1d)
Quantized module: resblocks.3.convs2.1 (torch.ao.nn.quantized.modules.conv.Conv1d)
Quantized module: resblocks.3.convs2.2 (torch.ao.nn.quantized.modules.conv.Conv1d)
Quantized module: resblocks.4.convs1.0 (torch.ao.nn.quantized.modules.conv.Conv1d)
Quantized module: resblocks.4.convs1.1 (torch.ao.nn.quantized.modules.conv.Conv1d)
Quantized module: resblocks.4.convs1.2 (torch.ao.nn.quantized.modules.conv.Conv1d)
Quantized module: resblocks.4.convs2.0 (torch.ao.nn.quantized.modules.conv.Conv1d)
Quantized module: resblocks.4.convs2.1 (torch.ao.nn.quantized.modules.conv.Conv1d)
Quantized module: resblocks.4.convs2.2 (torch.ao.nn.quantized.modules.conv.Conv1d)
Quantized module: resblocks.5.convs1.0 (torch.ao.nn.quantized.modules.conv.Conv1d)
Quantized module: resblocks.5.convs1.1 (torch.ao.nn.quantized.modules.conv.Conv1d)
Quantized module: resblocks.5.convs1.2 (torch.ao.nn.quantized.modules.conv.Conv1d)
Quantized module: resblocks.5.convs2.0 (torch.ao.nn.quantized.modules.conv.Conv1d)
Quantized module: resblocks.5.convs2.1 (torch.ao.nn.quantized.modules.conv.Conv1d)
Quantized module: resblocks.5.convs2.2 (torch.ao.nn.quantized.modules.conv.Conv1d)
Quantized module: resblocks.6.convs1.0 (torch.ao.nn.quantized.modules.conv.Conv1d)
Quantized module: resblocks.6.convs1.1 (torch.ao.nn.quantized.modules.conv.Conv1d)
Quantized module: resblocks.6.convs1.2 (torch.ao.nn.quantized.modules.conv.Conv1d)
Quantized module: resblocks.6.convs2.0 (torch.ao.nn.quantized.modules.conv.Conv1d)
Quantized module: resblocks.6.convs2.1 (torch.ao.nn.quantized.modules.conv.Conv1d)
Quantized module: resblocks.6.convs2.2 (torch.ao.nn.quantized.modules.conv.Conv1d)
Quantized module: resblocks.7.convs1.0 (torch.ao.nn.quantized.modules.conv.Conv1d)
Quantized module: resblocks.7.convs1.1 (torch.ao.nn.quantized.modules.conv.Conv1d)
Quantized module: resblocks.7.convs1.2 (torch.ao.nn.quantized.modules.conv.Conv1d)
Quantized module: resblocks.7.convs2.0 (torch.ao.nn.quantized.modules.conv.Conv1d)
Quantized module: resblocks.7.convs2.1 (torch.ao.nn.quantized.modules.conv.Conv1d)
Quantized module: resblocks.7.convs2.2 (torch.ao.nn.quantized.modules.conv.Conv1d)
Quantized module: resblocks.8.convs1.0 (torch.ao.nn.quantized.modules.conv.Conv1d)
Quantized module: resblocks.8.convs1.1 (torch.ao.nn.quantized.modules.conv.Conv1d)
Quantized module: resblocks.8.convs1.2 (torch.ao.nn.quantized.modules.conv.Conv1d)
Quantized module: resblocks.8.convs2.0 (torch.ao.nn.quantized.modules.conv.Conv1d)
Quantized module: resblocks.8.convs2.1 (torch.ao.nn.quantized.modules.conv.Conv1d)
Quantized module: resblocks.8.convs2.2 (torch.ao.nn.quantized.modules.conv.Conv1d)
Quantized module: resblocks.9.convs1.0 (torch.ao.nn.quantized.modules.conv.Conv1d)
Quantized module: resblocks.9.convs1.1 (torch.ao.nn.quantized.modules.conv.Conv1d)
Quantized module: resblocks.9.convs1.2 (torch.ao.nn.quantized.modules.conv.Conv1d)
Quantized module: resblocks.9.convs2.0 (torch.ao.nn.quantized.modules.conv.Conv1d)
Quantized module: resblocks.9.convs2.1 (torch.ao.nn.quantized.modules.conv.Conv1d)
Quantized module: resblocks.9.convs2.2 (torch.ao.nn.quantized.modules.conv.Conv1d)
Quantized module: resblocks.10.convs1.0 (torch.ao.nn.quantized.modules.conv.Conv1d)
Quantized module: resblocks.10.convs1.1 (torch.ao.nn.quantized.modules.conv.Conv1d)
Quantized module: resblocks.10.convs1.2 (torch.ao.nn.quantized.modules.conv.Conv1d)
Quantized module: resblocks.10.convs2.0 (torch.ao.nn.quantized.modules.conv.Conv1d)
Quantized module: resblocks.10.convs2.1 (torch.ao.nn.quantized.modules.conv.Conv1d)
Quantized module: resblocks.10.convs2.2 (torch.ao.nn.quantized.modules.conv.Conv1d)
Quantized module: resblocks.11.convs1.0 (torch.ao.nn.quantized.modules.conv.Conv1d)
Quantized module: resblocks.11.convs1.1 (torch.ao.nn.quantized.modules.conv.Conv1d)
Quantized module: resblocks.11.convs1.2 (torch.ao.nn.quantized.modules.conv.Conv1d)
Quantized module: resblocks.11.convs2.0 (torch.ao.nn.quantized.modules.conv.Conv1d)
Quantized module: resblocks.11.convs2.1 (torch.ao.nn.quantized.modules.conv.Conv1d)
Quantized module: resblocks.11.convs2.2 (torch.ao.nn.quantized.modules.conv.Conv1d)
Quantized module: conv_post (torch.ao.nn.quantized.modules.conv.Conv1d)
Saving checkpoint to /home/hpc/vlbi/vlbi107v/hifi-gan/cp_hifigan/v1_c512/compressed_checkpoint_int8
Complete.
Saved compressed checkpoint: /home/hpc/vlbi/vlbi107v/hifi-gan/cp_hifigan/v1_c512/compressed_checkpoint_int8 (13.661 MB)
Compressed checkpoint parameters: 13,926,425
Loaded checkpoint: /home/hpc/vlbi/vlbi107v/hifi-gan/cp_hifigan/v1_c512/g_07960000 (53.239 MB)
Generator parameters: 13,926,425
generated_audios/generated_H2_512C_int8/1089-134686-0000_generated.wav | RTF: 0.1490(1.555s / 10.435s) | Generator RTF: 0.1486(1.551s / 10.435s)
generated_audios/generated_H2_512C_int8/1089-134686-0001_generated.wav | RTF: 0.1524(0.499s / 3.275s) | Generator RTF: 0.1515(0.496s / 3.275s)
generated_audios/generated_H2_512C_int8/1089-134686-0002_generated.wav | RTF: 0.1481(0.981s / 6.625s) | Generator RTF: 0.1476(0.978s / 6.625s)
generated_audios/generated_H2_512C_int8/1089-134686-0003_generated.wav | RTF: 0.1546(0.414s / 2.680s) | Generator RTF: 0.1534(0.411s / 2.680s)
generated_audios/generated_H2_512C_int8/1089-134686-0004_generated.wav | RTF: 0.1487(0.776s / 5.215s) | Generator RTF: 0.1480(0.772s / 5.215s)
generated_audios/generated_H2_512C_int8/1089-134686-0005_generated.wav | RTF: 0.1476(1.422s / 9.635s) | Generator RTF: 0.1471(1.418s / 9.635s)
generated_audios/generated_H2_512C_int8/1089-134686-0006_generated.wav | RTF: 0.1472(1.553s / 10.555s) | Generator RTF: 0.1468(1.549s / 10.555s)
generated_audios/generated_H2_512C_int8/1089-134686-0007_generated.wav | RTF: 0.1594(0.681s / 4.275s) | Generator RTF: 0.1584(0.677s / 4.275s)
generated_audios/generated_H2_512C_int8/1089-134686-0008_generated.wav | RTF: 0.1485(1.000s / 6.730s) | Generator RTF: 0.1479(0.996s / 6.730s)
generated_audios/generated_H2_512C_int8/1089-134686-0009_generated.wav | RTF: 0.1507(1.594s / 10.575s) | Generator RTF: 0.1502(1.589s / 10.575s)
generated_audios/generated_H2_512C_int8/1089-134686-0010_generated.wav | RTF: 0.1547(0.682s / 4.405s) | Generator RTF: 0.1539(0.678s / 4.405s)
generated_audios/generated_H2_512C_int8/1089-134686-0011_generated.wav | RTF: 0.1485(1.848s / 12.445s) | Generator RTF: 0.1482(1.844s / 12.445s)
generated_audios/generated_H2_512C_int8/1089-134686-0012_generated.wav | RTF: 0.1513(1.761s / 11.640s) | Generator RTF: 0.1509(1.756s / 11.640s)
generated_audios/generated_H2_512C_int8/1089-134686-0013_generated.wav | RTF: 0.1486(1.176s / 7.915s) | Generator RTF: 0.1480(1.172s / 7.915s)
generated_audios/generated_H2_512C_int8/1089-134686-0014_generated.wav | RTF: 0.1536(0.342s / 2.225s) | Generator RTF: 0.1523(0.339s / 2.225s)
generated_audios/generated_H2_512C_int8/1089-134686-0015_generated.wav | RTF: 0.1472(0.856s / 5.815s) | Generator RTF: 0.1466(0.852s / 5.815s)
generated_audios/generated_H2_512C_int8/1089-134686-0016_generated.wav | RTF: 0.1577(0.558s / 3.540s) | Generator RTF: 0.1566(0.554s / 3.540s)
generated_audios/generated_H2_512C_int8/1089-134686-0017_generated.wav | RTF: 0.1495(1.326s / 8.870s) | Generator RTF: 0.1490(1.322s / 8.870s)
generated_audios/generated_H2_512C_int8/1089-134686-0018_generated.wav | RTF: 0.1536(2.414s / 15.720s) | Generator RTF: 0.1532(2.409s / 15.720s)
generated_audios/generated_H2_512C_int8/1089-134686-0019_generated.wav | RTF: 0.1504(2.090s / 13.895s) | Generator RTF: 0.1501(2.086s / 13.895s)
generated_audios/generated_H2_512C_int8/1089-134686-0020_generated.wav | RTF: 0.1538(2.582s / 16.790s) | Generator RTF: 0.1535(2.576s / 16.790s)
generated_audios/generated_H2_512C_int8/1089-134686-0021_generated.wav | RTF: 0.1504(0.985s / 6.550s) | Generator RTF: 0.1499(0.982s / 6.550s)
generated_audios/generated_H2_512C_int8/1089-134686-0022_generated.wav | RTF: 0.1475(1.648s / 11.175s) | Generator RTF: 0.1471(1.644s / 11.175s)
generated_audios/generated_H2_512C_int8/1089-134686-0023_generated.wav | RTF: 0.1497(1.987s / 13.275s) | Generator RTF: 0.1493(1.982s / 13.275s)
generated_audios/generated_H2_512C_int8/1089-134686-0024_generated.wav | RTF: 0.1480(1.724s / 11.655s) | Generator RTF: 0.1476(1.720s / 11.655s)
generated_audios/generated_H2_512C_int8/1089-134686-0025_generated.wav | RTF: 0.1485(0.982s / 6.610s) | Generator RTF: 0.1480(0.978s / 6.610s)
generated_audios/generated_H2_512C_int8/1089-134686-0026_generated.wav | RTF: 0.1550(0.621s / 4.010s) | Generator RTF: 0.1541(0.618s / 4.010s)
generated_audios/generated_H2_512C_int8/1089-134686-0027_generated.wav | RTF: 0.1543(0.418s / 2.710s) | Generator RTF: 0.1530(0.415s / 2.710s)
generated_audios/generated_H2_512C_int8/1089-134686-0028_generated.wav | RTF: 0.1503(1.177s / 7.830s) | Generator RTF: 0.1498(1.173s / 7.830s)
generated_audios/generated_H2_512C_int8/1089-134686-0029_generated.wav | RTF: 0.1500(0.701s / 4.670s) | Generator RTF: 0.1493(0.697s / 4.670s)
generated_audios/generated_H2_512C_int8/1089-134686-0030_generated.wav | RTF: 0.1558(0.423s / 2.715s) | Generator RTF: 0.1546(0.420s / 2.715s)
generated_audios/generated_H2_512C_int8/1089-134686-0031_generated.wav | RTF: 0.1491(0.986s / 6.615s) | Generator RTF: 0.1486(0.983s / 6.615s)
generated_audios/generated_H2_512C_int8/121-121726-0000_generated.wav | RTF: 0.1509(1.276s / 8.460s) | Generator RTF: 0.1503(1.272s / 8.460s)
generated_audios/generated_H2_512C_int8/121-121726-0001_generated.wav | RTF: 0.1500(0.889s / 5.925s) | Generator RTF: 0.1494(0.885s / 5.925s)
generated_audios/generated_H2_512C_int8/121-121726-0002_generated.wav | RTF: 0.1473(0.650s / 4.410s) | Generator RTF: 0.1467(0.647s / 4.410s)
generated_audios/generated_H2_512C_int8/121-121726-0003_generated.wav | RTF: 0.1442(0.974s / 6.755s) | Generator RTF: 0.1436(0.970s / 6.755s)
generated_audios/generated_H2_512C_int8/121-121726-0004_generated.wav | RTF: 0.1472(0.592s / 4.020s) | Generator RTF: 0.1465(0.589s / 4.020s)
generated_audios/generated_H2_512C_int8/121-121726-0005_generated.wav | RTF: 0.1467(0.455s / 3.100s) | Generator RTF: 0.1458(0.452s / 3.100s)
generated_audios/generated_H2_512C_int8/121-121726-0006_generated.wav | RTF: 0.1466(0.571s / 3.895s) | Generator RTF: 0.1459(0.568s / 3.895s)
generated_audios/generated_H2_512C_int8/121-121726-0007_generated.wav | RTF: 0.1457(0.981s / 6.730s) | Generator RTF: 0.1451(0.977s / 6.730s)
generated_audios/generated_H2_512C_int8/121-121726-0008_generated.wav | RTF: 0.1444(0.721s / 4.990s) | Generator RTF: 0.1437(0.717s / 4.990s)
generated_audios/generated_H2_512C_int8/121-121726-0009_generated.wav | RTF: 0.1432(1.040s / 7.260s) | Generator RTF: 0.1426(1.036s / 7.260s)
generated_audios/generated_H2_512C_int8/121-121726-0010_generated.wav | RTF: 0.1400(1.373s / 9.810s) | Generator RTF: 0.1395(1.369s / 9.810s)
generated_audios/generated_H2_512C_int8/121-121726-0011_generated.wav | RTF: 0.1418(0.572s / 4.035s) | Generator RTF: 0.1409(0.569s / 4.035s)
generated_audios/generated_H2_512C_int8/121-121726-0012_generated.wav | RTF: 0.1409(0.570s / 4.045s) | Generator RTF: 0.1399(0.566s / 4.045s)
generated_audios/generated_H2_512C_int8/121-121726-0013_generated.wav | RTF: 0.1451(0.361s / 2.490s) | Generator RTF: 0.1437(0.358s / 2.490s)
generated_audios/generated_H2_512C_int8/121-121726-0014_generated.wav | RTF: 0.1494(0.473s / 3.165s) | Generator RTF: 0.1485(0.470s / 3.165s)
generated_audios/generated_H2_512C_int8/121-123852-0000_generated.wav | RTF: 0.1456(2.576s / 17.695s) | Generator RTF: 0.1453(2.570s / 17.695s)
generated_audios/generated_H2_512C_int8/121-123852-0001_generated.wav | RTF: 0.1480(0.277s / 1.870s) | Generator RTF: 0.1462(0.273s / 1.870s)
generated_audios/generated_H2_512C_int8/121-123852-0002_generated.wav | RTF: 0.1512(2.614s / 17.285s) | Generator RTF: 0.1510(2.609s / 17.285s)
generated_audios/generated_H2_512C_int8/121-123852-0003_generated.wav | RTF: 0.1590(3.738s / 23.505s) | Generator RTF: 0.1588(3.732s / 23.505s)
generated_audios/generated_H2_512C_int8/121-123852-0004_generated.wav | RTF: 0.1425(2.321s / 16.290s) | Generator RTF: 0.1421(2.315s / 16.290s)
generated_audios/generated_H2_512C_int8/121-123859-0000_generated.wav | RTF: 0.1439(2.502s / 17.390s) | Generator RTF: 0.1417(2.463s / 17.390s)
generated_audios/generated_H2_512C_int8/121-123859-0001_generated.wav | RTF: 0.1511(3.836s / 25.395s) | Generator RTF: 0.1508(3.829s / 25.395s)
generated_audios/generated_H2_512C_int8/121-123859-0002_generated.wav | RTF: 0.1542(4.633s / 30.040s) | Generator RTF: 0.1540(4.626s / 30.040s)
generated_audios/generated_H2_512C_int8/121-123859-0003_generated.wav | RTF: 0.1389(1.504s / 10.825s) | Generator RTF: 0.1385(1.500s / 10.825s)
generated_audios/generated_H2_512C_int8/121-123859-0004_generated.wav | RTF: 0.1396(1.327s / 9.505s) | Generator RTF: 0.1392(1.323s / 9.505s)
generated_audios/generated_H2_512C_int8/121-127105-0000_generated.wav | RTF: 0.1422(1.404s / 9.875s) | Generator RTF: 0.1418(1.401s / 9.875s)
generated_audios/generated_H2_512C_int8/121-127105-0001_generated.wav | RTF: 0.1471(0.739s / 5.025s) | Generator RTF: 0.1463(0.735s / 5.025s)
generated_audios/generated_H2_512C_int8/121-127105-0002_generated.wav | RTF: 0.1409(1.056s / 7.495s) | Generator RTF: 0.1404(1.052s / 7.495s)
generated_audios/generated_H2_512C_int8/121-127105-0003_generated.wav | RTF: 0.1398(1.080s / 7.725s) | Generator RTF: 0.1394(1.077s / 7.725s)
generated_audios/generated_H2_512C_int8/121-127105-0004_generated.wav | RTF: 0.1475(0.311s / 2.110s) | Generator RTF: 0.1459(0.308s / 2.110s)
generated_audios/generated_H2_512C_int8/121-127105-0005_generated.wav | RTF: 0.1410(0.820s / 5.820s) | Generator RTF: 0.1404(0.817s / 5.820s)
generated_audios/generated_H2_512C_int8/121-127105-0006_generated.wav | RTF: 0.1437(0.679s / 4.725s) | Generator RTF: 0.1430(0.676s / 4.725s)
generated_audios/generated_H2_512C_int8/121-127105-0007_generated.wav | RTF: 0.1431(0.829s / 5.790s) | Generator RTF: 0.1424(0.825s / 5.790s)
generated_audios/generated_H2_512C_int8/121-127105-0008_generated.wav | RTF: 0.1443(0.398s / 2.760s) | Generator RTF: 0.1431(0.395s / 2.760s)
generated_audios/generated_H2_512C_int8/121-127105-0009_generated.wav | RTF: 0.1473(0.337s / 2.290s) | Generator RTF: 0.1461(0.335s / 2.290s)
generated_audios/generated_H2_512C_int8/121-127105-0010_generated.wav | RTF: 0.1446(0.412s / 2.850s) | Generator RTF: 0.1434(0.409s / 2.850s)
generated_audios/generated_H2_512C_int8/121-127105-0011_generated.wav | RTF: 0.1422(0.822s / 5.780s) | Generator RTF: 0.1415(0.818s / 5.780s)
generated_audios/generated_H2_512C_int8/121-127105-0012_generated.wav | RTF: 0.1538(0.743s / 4.830s) | Generator RTF: 0.1531(0.739s / 4.830s)
generated_audios/generated_H2_512C_int8/121-127105-0013_generated.wav | RTF: 0.1410(0.831s / 5.895s) | Generator RTF: 0.1404(0.828s / 5.895s)
generated_audios/generated_H2_512C_int8/121-127105-0014_generated.wav | RTF: 0.1476(0.333s / 2.255s) | Generator RTF: 0.1463(0.330s / 2.255s)
generated_audios/generated_H2_512C_int8/121-127105-0015_generated.wav | RTF: 0.1452(0.430s / 2.960s) | Generator RTF: 0.1443(0.427s / 2.960s)
generated_audios/generated_H2_512C_int8/121-127105-0016_generated.wav | RTF: 0.1491(0.303s / 2.030s) | Generator RTF: 0.1478(0.300s / 2.030s)
generated_audios/generated_H2_512C_int8/121-127105-0017_generated.wav | RTF: 0.1486(0.401s / 2.695s) | Generator RTF: 0.1474(0.397s / 2.695s)
generated_audios/generated_H2_512C_int8/121-127105-0018_generated.wav | RTF: 0.1430(0.396s / 2.770s) | Generator RTF: 0.1418(0.393s / 2.770s)
generated_audios/generated_H2_512C_int8/121-127105-0019_generated.wav | RTF: 0.1432(0.505s / 3.525s) | Generator RTF: 0.1422(0.501s / 3.525s)
generated_audios/generated_H2_512C_int8/121-127105-0020_generated.wav | RTF: 0.1431(2.054s / 14.355s) | Generator RTF: 0.1428(2.049s / 14.355s)
generated_audios/generated_H2_512C_int8/121-127105-0021_generated.wav | RTF: 0.1532(0.306s / 2.000s) | Generator RTF: 0.1473(0.295s / 2.000s)
generated_audios/generated_H2_512C_int8/121-127105-0022_generated.wav | RTF: 0.1420(0.721s / 5.075s) | Generator RTF: 0.1414(0.718s / 5.075s)
generated_audios/generated_H2_512C_int8/121-127105-0023_generated.wav | RTF: 0.1386(1.512s / 10.910s) | Generator RTF: 0.1382(1.507s / 10.910s)
generated_audios/generated_H2_512C_int8/121-127105-0024_generated.wav | RTF: 0.1409(2.036s / 14.450s) | Generator RTF: 0.1406(2.031s / 14.450s)
generated_audios/generated_H2_512C_int8/121-127105-0025_generated.wav | RTF: 0.1411(2.267s / 16.065s) | Generator RTF: 0.1408(2.262s / 16.065s)
generated_audios/generated_H2_512C_int8/121-127105-0026_generated.wav | RTF: 0.1441(1.085s / 7.530s) | Generator RTF: 0.1436(1.081s / 7.530s)
generated_audios/generated_H2_512C_int8/121-127105-0027_generated.wav | RTF: 0.1428(1.980s / 13.870s) | Generator RTF: 0.1425(1.976s / 13.870s)
generated_audios/generated_H2_512C_int8/121-127105-0028_generated.wav | RTF: 0.1392(0.939s / 6.750s) | Generator RTF: 0.1386(0.936s / 6.750s)
generated_audios/generated_H2_512C_int8/121-127105-0029_generated.wav | RTF: 0.1402(1.025s / 7.310s) | Generator RTF: 0.1397(1.021s / 7.310s)
generated_audios/generated_H2_512C_int8/121-127105-0030_generated.wav | RTF: 0.1465(0.319s / 2.175s) | Generator RTF: 0.1451(0.316s / 2.175s)
generated_audios/generated_H2_512C_int8/121-127105-0031_generated.wav | RTF: 0.1389(1.495s / 10.765s) | Generator RTF: 0.1385(1.491s / 10.765s)
generated_audios/generated_H2_512C_int8/121-127105-0032_generated.wav | RTF: 0.1451(0.460s / 3.170s) | Generator RTF: 0.1440(0.457s / 3.170s)
generated_audios/generated_H2_512C_int8/121-127105-0033_generated.wav | RTF: 0.1454(0.342s / 2.355s) | Generator RTF: 0.1441(0.339s / 2.355s)
generated_audios/generated_H2_512C_int8/121-127105-0034_generated.wav | RTF: 0.1395(1.033s / 7.410s) | Generator RTF: 0.1389(1.030s / 7.410s)
generated_audios/generated_H2_512C_int8/121-127105-0035_generated.wav | RTF: 0.1410(1.995s / 14.150s) | Generator RTF: 0.1407(1.991s / 14.150s)
generated_audios/generated_H2_512C_int8/121-127105-0036_generated.wav | RTF: 0.1421(0.590s / 4.150s) | Generator RTF: 0.1413(0.586s / 4.150s)
generated_audios/generated_H2_512C_int8/237-126133-0000_generated.wav | RTF: 0.1433(1.904s / 13.290s) | Generator RTF: 0.1429(1.899s / 13.290s)
generated_audios/generated_H2_512C_int8/237-126133-0001_generated.wav | RTF: 0.1395(1.670s / 11.965s) | Generator RTF: 0.1392(1.665s / 11.965s)
generated_audios/generated_H2_512C_int8/237-126133-0002_generated.wav | RTF: 0.1607(1.433s / 8.920s) | Generator RTF: 0.1602(1.429s / 8.920s)
generated_audios/generated_H2_512C_int8/237-126133-0003_generated.wav | RTF: 0.1405(0.922s / 6.560s) | Generator RTF: 0.1399(0.918s / 6.560s)
generated_audios/generated_H2_512C_int8/237-126133-0004_generated.wav | RTF: 0.1435(0.473s / 3.295s) | Generator RTF: 0.1425(0.469s / 3.295s)
generated_audios/generated_H2_512C_int8/237-126133-0005_generated.wav | RTF: 0.1465(0.954s / 6.510s) | Generator RTF: 0.1460(0.950s / 6.510s)
generated_audios/generated_H2_512C_int8/237-126133-0006_generated.wav | RTF: 0.1410(0.867s / 6.150s) | Generator RTF: 0.1405(0.864s / 6.150s)
generated_audios/generated_H2_512C_int8/237-126133-0007_generated.wav | RTF: 0.1391(1.207s / 8.680s) | Generator RTF: 0.1387(1.204s / 8.680s)
generated_audios/generated_H2_512C_int8/237-126133-0008_generated.wav | RTF: 0.1447(0.559s / 3.865s) | Generator RTF: 0.1438(0.556s / 3.865s)
generated_audios/generated_H2_512C_int8/237-126133-0009_generated.wav | RTF: 0.1417(0.562s / 3.970s) | Generator RTF: 0.1408(0.559s / 3.970s)
generated_audios/generated_H2_512C_int8/237-126133-0010_generated.wav | RTF: 0.1397(0.872s / 6.240s) | Generator RTF: 0.1391(0.868s / 6.240s)
generated_audios/generated_H2_512C_int8/237-126133-0011_generated.wav | RTF: 0.1388(0.932s / 6.710s) | Generator RTF: 0.1383(0.928s / 6.710s)
generated_audios/generated_H2_512C_int8/237-126133-0012_generated.wav | RTF: 0.1426(0.635s / 4.450s) | Generator RTF: 0.1419(0.631s / 4.450s)
generated_audios/generated_H2_512C_int8/237-126133-0013_generated.wav | RTF: 0.1389(0.946s / 6.815s) | Generator RTF: 0.1383(0.942s / 6.815s)
generated_audios/generated_H2_512C_int8/237-126133-0014_generated.wav | RTF: 0.1417(0.962s / 6.790s) | Generator RTF: 0.1411(0.958s / 6.790s)
generated_audios/generated_H2_512C_int8/237-126133-0015_generated.wav | RTF: 0.1381(1.290s / 9.340s) | Generator RTF: 0.1377(1.286s / 9.340s)
generated_audios/generated_H2_512C_int8/237-126133-0016_generated.wav | RTF: 0.1421(0.604s / 4.250s) | Generator RTF: 0.1414(0.601s / 4.250s)
generated_audios/generated_H2_512C_int8/237-126133-0017_generated.wav | RTF: 0.1407(0.874s / 6.210s) | Generator RTF: 0.1401(0.870s / 6.210s)
generated_audios/generated_H2_512C_int8/237-126133-0018_generated.wav | RTF: 0.1519(0.622s / 4.095s) | Generator RTF: 0.1511(0.619s / 4.095s)
generated_audios/generated_H2_512C_int8/237-126133-0019_generated.wav | RTF: 0.1390(0.990s / 7.120s) | Generator RTF: 0.1384(0.986s / 7.120s)
generated_audios/generated_H2_512C_int8/237-126133-0020_generated.wav | RTF: 0.1662(0.372s / 2.240s) | Generator RTF: 0.1647(0.369s / 2.240s)
generated_audios/generated_H2_512C_int8/237-126133-0021_generated.wav | RTF: 0.1423(0.621s / 4.365s) | Generator RTF: 0.1415(0.618s / 4.365s)
generated_audios/generated_H2_512C_int8/237-126133-0022_generated.wav | RTF: 0.1412(0.712s / 5.040s) | Generator RTF: 0.1406(0.708s / 5.040s)
generated_audios/generated_H2_512C_int8/237-126133-0023_generated.wav | RTF: 0.1389(0.927s / 6.675s) | Generator RTF: 0.1383(0.923s / 6.675s)
generated_audios/generated_H2_512C_int8/237-126133-0024_generated.wav | RTF: 0.1570(1.517s / 9.665s) | Generator RTF: 0.1566(1.513s / 9.665s)
generated_audios/generated_H2_512C_int8/237-126133-0025_generated.wav | RTF: 0.1423(0.534s / 3.755s) | Generator RTF: 0.1415(0.531s / 3.755s)
generated_audios/generated_H2_512C_int8/237-134493-0000_generated.wav | RTF: 0.1425(0.585s / 4.105s) | Generator RTF: 0.1417(0.582s / 4.105s)
generated_audios/generated_H2_512C_int8/237-134493-0001_generated.wav | RTF: 0.1386(1.023s / 7.380s) | Generator RTF: 0.1380(1.019s / 7.380s)
generated_audios/generated_H2_512C_int8/237-134493-0002_generated.wav | RTF: 0.1372(1.563s / 11.395s) | Generator RTF: 0.1368(1.559s / 11.395s)
generated_audios/generated_H2_512C_int8/237-134493-0003_generated.wav | RTF: 0.1384(1.766s / 12.765s) | Generator RTF: 0.1380(1.762s / 12.765s)
generated_audios/generated_H2_512C_int8/237-134493-0004_generated.wav | RTF: 0.1369(0.935s / 6.825s) | Generator RTF: 0.1364(0.931s / 6.825s)
generated_audios/generated_H2_512C_int8/237-134493-0005_generated.wav | RTF: 0.1354(1.481s / 10.945s) | Generator RTF: 0.1350(1.477s / 10.945s)
generated_audios/generated_H2_512C_int8/237-134493-0006_generated.wav | RTF: 0.1392(0.612s / 4.395s) | Generator RTF: 0.1384(0.608s / 4.395s)
generated_audios/generated_H2_512C_int8/237-134493-0007_generated.wav | RTF: 0.1464(0.298s / 2.035s) | Generator RTF: 0.1448(0.295s / 2.035s)
generated_audios/generated_H2_512C_int8/237-134493-0008_generated.wav | RTF: 0.1430(0.330s / 2.305s) | Generator RTF: 0.1418(0.327s / 2.305s)
generated_audios/generated_H2_512C_int8/237-134493-0009_generated.wav | RTF: 0.1638(0.487s / 2.975s) | Generator RTF: 0.1627(0.484s / 2.975s)
generated_audios/generated_H2_512C_int8/237-134493-0010_generated.wav | RTF: 0.1428(0.410s / 2.875s) | Generator RTF: 0.1416(0.407s / 2.875s)
generated_audios/generated_H2_512C_int8/237-134493-0011_generated.wav | RTF: 0.1407(0.708s / 5.035s) | Generator RTF: 0.1400(0.705s / 5.035s)
generated_audios/generated_H2_512C_int8/237-134493-0012_generated.wav | RTF: 0.1444(0.529s / 3.660s) | Generator RTF: 0.1435(0.525s / 3.660s)
generated_audios/generated_H2_512C_int8/237-134493-0013_generated.wav | RTF: 0.1514(0.619s / 4.090s) | Generator RTF: 0.1505(0.616s / 4.090s)
generated_audios/generated_H2_512C_int8/237-134493-0014_generated.wav | RTF: 0.1392(0.515s / 3.700s) | Generator RTF: 0.1383(0.512s / 3.700s)
generated_audios/generated_H2_512C_int8/237-134493-0015_generated.wav | RTF: 0.1391(0.911s / 6.550s) | Generator RTF: 0.1385(0.907s / 6.550s)
generated_audios/generated_H2_512C_int8/237-134493-0016_generated.wav | RTF: 0.1366(1.378s / 10.085s) | Generator RTF: 0.1362(1.374s / 10.085s)
generated_audios/generated_H2_512C_int8/237-134493-0017_generated.wav | RTF: 0.1428(1.300s / 9.105s) | Generator RTF: 0.1424(1.296s / 9.105s)
generated_audios/generated_H2_512C_int8/237-134493-0018_generated.wav | RTF: 0.1393(0.667s / 4.790s) | Generator RTF: 0.1387(0.664s / 4.790s)
generated_audios/generated_H2_512C_int8/237-134500-0000_generated.wav | RTF: 0.1379(0.845s / 6.130s) | Generator RTF: 0.1374(0.842s / 6.130s)
generated_audios/generated_H2_512C_int8/237-134500-0001_generated.wav | RTF: 0.1437(0.260s / 1.810s) | Generator RTF: 0.1419(0.257s / 1.810s)
generated_audios/generated_H2_512C_int8/237-134500-0002_generated.wav | RTF: 0.1388(0.704s / 5.070s) | Generator RTF: 0.1382(0.700s / 5.070s)
generated_audios/generated_H2_512C_int8/237-134500-0003_generated.wav | RTF: 0.1435(0.455s / 3.170s) | Generator RTF: 0.1424(0.451s / 3.170s)
generated_audios/generated_H2_512C_int8/237-134500-0004_generated.wav | RTF: 0.1444(0.321s / 2.225s) | Generator RTF: 0.1432(0.319s / 2.225s)
generated_audios/generated_H2_512C_int8/237-134500-0005_generated.wav | RTF: 0.1428(0.341s / 2.390s) | Generator RTF: 0.1415(0.338s / 2.390s)
generated_audios/generated_H2_512C_int8/237-134500-0006_generated.wav | RTF: 0.1401(0.592s / 4.225s) | Generator RTF: 0.1393(0.588s / 4.225s)
generated_audios/generated_H2_512C_int8/237-134500-0007_generated.wav | RTF: 0.1445(0.345s / 2.390s) | Generator RTF: 0.1431(0.342s / 2.390s)
generated_audios/generated_H2_512C_int8/237-134500-0008_generated.wav | RTF: 0.1407(0.529s / 3.760s) | Generator RTF: 0.1398(0.526s / 3.760s)
generated_audios/generated_H2_512C_int8/237-134500-0009_generated.wav | RTF: 0.1446(0.321s / 2.220s) | Generator RTF: 0.1432(0.318s / 2.220s)
generated_audios/generated_H2_512C_int8/237-134500-0010_generated.wav | RTF: 0.1434(0.573s / 3.995s) | Generator RTF: 0.1426(0.570s / 3.995s)
generated_audios/generated_H2_512C_int8/237-134500-0011_generated.wav | RTF: 0.1511(0.506s / 3.350s) | Generator RTF: 0.1501(0.503s / 3.350s)
generated_audios/generated_H2_512C_int8/237-134500-0012_generated.wav | RTF: 0.1365(1.493s / 10.935s) | Generator RTF: 0.1361(1.488s / 10.935s)
generated_audios/generated_H2_512C_int8/237-134500-0013_generated.wav | RTF: 0.1375(1.452s / 10.560s) | Generator RTF: 0.1372(1.448s / 10.560s)
generated_audios/generated_H2_512C_int8/237-134500-0014_generated.wav | RTF: 0.1410(0.599s / 4.250s) | Generator RTF: 0.1403(0.596s / 4.250s)
generated_audios/generated_H2_512C_int8/237-134500-0015_generated.wav | RTF: 0.1361(1.472s / 10.815s) | Generator RTF: 0.1357(1.468s / 10.815s)
generated_audios/generated_H2_512C_int8/237-134500-0016_generated.wav | RTF: 0.1481(0.468s / 3.160s) | Generator RTF: 0.1471(0.465s / 3.160s)
generated_audios/generated_H2_512C_int8/237-134500-0017_generated.wav | RTF: 0.1501(0.327s / 2.180s) | Generator RTF: 0.1485(0.324s / 2.180s)
generated_audios/generated_H2_512C_int8/237-134500-0018_generated.wav | RTF: 0.1399(1.796s / 12.845s) | Generator RTF: 0.1395(1.793s / 12.845s)
generated_audios/generated_H2_512C_int8/237-134500-0019_generated.wav | RTF: 0.1425(0.408s / 2.860s) | Generator RTF: 0.1414(0.404s / 2.860s)
generated_audios/generated_H2_512C_int8/237-134500-0020_generated.wav | RTF: 0.1436(0.313s / 2.180s) | Generator RTF: 0.1422(0.310s / 2.180s)
generated_audios/generated_H2_512C_int8/237-134500-0021_generated.wav | RTF: 0.1400(0.717s / 5.120s) | Generator RTF: 0.1393(0.713s / 5.120s)
generated_audios/generated_H2_512C_int8/237-134500-0022_generated.wav | RTF: 0.1387(0.717s / 5.165s) | Generator RTF: 0.1380(0.713s / 5.165s)
generated_audios/generated_H2_512C_int8/237-134500-0023_generated.wav | RTF: 0.1430(0.438s / 3.060s) | Generator RTF: 0.1419(0.434s / 3.060s)
generated_audios/generated_H2_512C_int8/237-134500-0024_generated.wav | RTF: 0.1384(0.610s / 4.410s) | Generator RTF: 0.1376(0.607s / 4.410s)
generated_audios/generated_H2_512C_int8/237-134500-0025_generated.wav | RTF: 0.1459(0.238s / 1.630s) | Generator RTF: 0.1440(0.235s / 1.630s)
generated_audios/generated_H2_512C_int8/237-134500-0026_generated.wav | RTF: 0.1417(0.432s / 3.050s) | Generator RTF: 0.1406(0.429s / 3.050s)
generated_audios/generated_H2_512C_int8/237-134500-0027_generated.wav | RTF: 0.1405(0.459s / 3.270s) | Generator RTF: 0.1395(0.456s / 3.270s)
generated_audios/generated_H2_512C_int8/237-134500-0028_generated.wav | RTF: 0.1392(0.630s / 4.525s) | Generator RTF: 0.1385(0.627s / 4.525s)
generated_audios/generated_H2_512C_int8/237-134500-0029_generated.wav | RTF: 0.1452(0.300s / 2.065s) | Generator RTF: 0.1435(0.296s / 2.065s)
generated_audios/generated_H2_512C_int8/237-134500-0030_generated.wav | RTF: 0.1415(0.393s / 2.780s) | Generator RTF: 0.1405(0.391s / 2.780s)
generated_audios/generated_H2_512C_int8/237-134500-0031_generated.wav | RTF: 0.1361(1.444s / 10.610s) | Generator RTF: 0.1357(1.440s / 10.610s)
generated_audios/generated_H2_512C_int8/237-134500-0032_generated.wav | RTF: 0.1450(0.729s / 5.025s) | Generator RTF: 0.1444(0.725s / 5.025s)
generated_audios/generated_H2_512C_int8/237-134500-0033_generated.wav | RTF: 0.1384(0.879s / 6.350s) | Generator RTF: 0.1379(0.876s / 6.350s)
generated_audios/generated_H2_512C_int8/237-134500-0034_generated.wav | RTF: 0.1434(0.441s / 3.075s) | Generator RTF: 0.1425(0.438s / 3.075s)
generated_audios/generated_H2_512C_int8/237-134500-0035_generated.wav | RTF: 0.1433(0.366s / 2.555s) | Generator RTF: 0.1421(0.363s / 2.555s)
generated_audios/generated_H2_512C_int8/237-134500-0036_generated.wav | RTF: 0.1412(0.932s / 6.600s) | Generator RTF: 0.1406(0.928s / 6.600s)
generated_audios/generated_H2_512C_int8/237-134500-0037_generated.wav | RTF: 0.1372(0.974s / 7.105s) | Generator RTF: 0.1366(0.971s / 7.105s)
generated_audios/generated_H2_512C_int8/237-134500-0038_generated.wav | RTF: 0.1451(0.353s / 2.435s) | Generator RTF: 0.1438(0.350s / 2.435s)
generated_audios/generated_H2_512C_int8/237-134500-0039_generated.wav | RTF: 0.1408(0.652s / 4.630s) | Generator RTF: 0.1400(0.648s / 4.630s)
generated_audios/generated_H2_512C_int8/237-134500-0040_generated.wav | RTF: 0.1398(0.563s / 4.030s) | Generator RTF: 0.1389(0.560s / 4.030s)
generated_audios/generated_H2_512C_int8/237-134500-0041_generated.wav | RTF: 0.1568(1.399s / 8.920s) | Generator RTF: 0.1564(1.395s / 8.920s)
generated_audios/generated_H2_512C_int8/237-134500-0042_generated.wav | RTF: 0.1423(0.366s / 2.575s) | Generator RTF: 0.1410(0.363s / 2.575s)
generated_audios/generated_H2_512C_int8/260-123286-0000_generated.wav | RTF: 0.1372(0.966s / 7.040s) | Generator RTF: 0.1367(0.962s / 7.040s)
generated_audios/generated_H2_512C_int8/260-123286-0001_generated.wav | RTF: 0.1441(0.442s / 3.070s) | Generator RTF: 0.1430(0.439s / 3.070s)
generated_audios/generated_H2_512C_int8/260-123286-0002_generated.wav | RTF: 0.1363(1.361s / 9.985s) | Generator RTF: 0.1359(1.357s / 9.985s)
generated_audios/generated_H2_512C_int8/260-123286-0003_generated.wav | RTF: 0.1374(1.013s / 7.370s) | Generator RTF: 0.1369(1.009s / 7.370s)
generated_audios/generated_H2_512C_int8/260-123286-0004_generated.wav | RTF: 0.1417(0.491s / 3.465s) | Generator RTF: 0.1409(0.488s / 3.465s)
generated_audios/generated_H2_512C_int8/260-123286-0005_generated.wav | RTF: 0.1399(0.673s / 4.810s) | Generator RTF: 0.1392(0.669s / 4.810s)
generated_audios/generated_H2_512C_int8/260-123286-0006_generated.wav | RTF: 0.1379(1.021s / 7.405s) | Generator RTF: 0.1374(1.017s / 7.405s)
generated_audios/generated_H2_512C_int8/260-123286-0007_generated.wav | RTF: 0.1388(0.632s / 4.550s) | Generator RTF: 0.1381(0.628s / 4.550s)
generated_audios/generated_H2_512C_int8/260-123286-0008_generated.wav | RTF: 0.1394(0.521s / 3.735s) | Generator RTF: 0.1385(0.517s / 3.735s)
generated_audios/generated_H2_512C_int8/260-123286-0009_generated.wav | RTF: 0.1384(0.802s / 5.795s) | Generator RTF: 0.1378(0.799s / 5.795s)
generated_audios/generated_H2_512C_int8/260-123286-0010_generated.wav | RTF: 0.1435(0.369s / 2.575s) | Generator RTF: 0.1423(0.366s / 2.575s)
generated_audios/generated_H2_512C_int8/260-123286-0011_generated.wav | RTF: 0.1402(0.597s / 4.255s) | Generator RTF: 0.1394(0.593s / 4.255s)
generated_audios/generated_H2_512C_int8/260-123286-0012_generated.wav | RTF: 0.1456(0.354s / 2.430s) | Generator RTF: 0.1444(0.351s / 2.430s)
generated_audios/generated_H2_512C_int8/260-123286-0013_generated.wav | RTF: 0.1392(0.658s / 4.730s) | Generator RTF: 0.1386(0.655s / 4.730s)
generated_audios/generated_H2_512C_int8/260-123286-0014_generated.wav | RTF: 0.1752(0.522s / 2.980s) | Generator RTF: 0.1742(0.519s / 2.980s)
generated_audios/generated_H2_512C_int8/260-123286-0015_generated.wav | RTF: 0.1565(0.815s / 5.210s) | Generator RTF: 0.1558(0.812s / 5.210s)
generated_audios/generated_H2_512C_int8/260-123286-0016_generated.wav | RTF: 0.1374(0.962s / 7.000s) | Generator RTF: 0.1369(0.958s / 7.000s)
generated_audios/generated_H2_512C_int8/260-123286-0017_generated.wav | RTF: 0.1391(0.553s / 3.975s) | Generator RTF: 0.1382(0.550s / 3.975s)
generated_audios/generated_H2_512C_int8/260-123286-0018_generated.wav | RTF: 0.1408(0.798s / 5.670s) | Generator RTF: 0.1402(0.795s / 5.670s)
generated_audios/generated_H2_512C_int8/260-123286-0019_generated.wav | RTF: 0.1376(1.638s / 11.905s) | Generator RTF: 0.1372(1.634s / 11.905s)
generated_audios/generated_H2_512C_int8/260-123286-0020_generated.wav | RTF: 0.1420(0.434s / 3.060s) | Generator RTF: 0.1410(0.431s / 3.060s)
generated_audios/generated_H2_512C_int8/260-123286-0021_generated.wav | RTF: 0.1420(0.362s / 2.550s) | Generator RTF: 0.1407(0.359s / 2.550s)
generated_audios/generated_H2_512C_int8/260-123286-0022_generated.wav | RTF: 0.1419(0.459s / 3.235s) | Generator RTF: 0.1409(0.456s / 3.235s)
generated_audios/generated_H2_512C_int8/260-123286-0023_generated.wav | RTF: 0.1378(0.810s / 5.875s) | Generator RTF: 0.1372(0.806s / 5.875s)
generated_audios/generated_H2_512C_int8/260-123286-0024_generated.wav | RTF: 0.1409(0.428s / 3.040s) | Generator RTF: 0.1400(0.425s / 3.040s)
generated_audios/generated_H2_512C_int8/260-123286-0025_generated.wav | RTF: 0.1395(1.284s / 9.205s) | Generator RTF: 0.1390(1.280s / 9.205s)
generated_audios/generated_H2_512C_int8/260-123286-0026_generated.wav | RTF: 0.1372(0.952s / 6.940s) | Generator RTF: 0.1367(0.949s / 6.940s)
generated_audios/generated_H2_512C_int8/260-123286-0027_generated.wav | RTF: 0.1371(0.983s / 7.170s) | Generator RTF: 0.1366(0.979s / 7.170s)
generated_audios/generated_H2_512C_int8/260-123286-0028_generated.wav | RTF: 0.1366(1.020s / 7.465s) | Generator RTF: 0.1361(1.016s / 7.465s)
generated_audios/generated_H2_512C_int8/260-123286-0029_generated.wav | RTF: 0.1398(0.635s / 4.545s) | Generator RTF: 0.1390(0.632s / 4.545s)
generated_audios/generated_H2_512C_int8/260-123286-0030_generated.wav | RTF: 0.1399(1.054s / 7.530s) | Generator RTF: 0.1394(1.050s / 7.530s)
generated_audios/generated_H2_512C_int8/260-123286-0031_generated.wav | RTF: 0.1390(0.703s / 5.060s) | Generator RTF: 0.1384(0.700s / 5.060s)
generated_audios/generated_H2_512C_int8/260-123288-0000_generated.wav | RTF: 0.1408(0.428s / 3.040s) | Generator RTF: 0.1397(0.425s / 3.040s)
generated_audios/generated_H2_512C_int8/260-123288-0001_generated.wav | RTF: 0.1389(0.706s / 5.080s) | Generator RTF: 0.1382(0.702s / 5.080s)
generated_audios/generated_H2_512C_int8/260-123288-0002_generated.wav | RTF: 0.1437(1.042s / 7.250s) | Generator RTF: 0.1432(1.038s / 7.250s)
generated_audios/generated_H2_512C_int8/260-123288-0003_generated.wav | RTF: 0.1362(1.213s / 8.905s) | Generator RTF: 0.1357(1.209s / 8.905s)
generated_audios/generated_H2_512C_int8/260-123288-0004_generated.wav | RTF: 0.1389(0.598s / 4.310s) | Generator RTF: 0.1382(0.596s / 4.310s)
generated_audios/generated_H2_512C_int8/260-123288-0005_generated.wav | RTF: 0.1430(1.795s / 12.550s) | Generator RTF: 0.1427(1.790s / 12.550s)
generated_audios/generated_H2_512C_int8/260-123288-0006_generated.wav | RTF: 0.1391(0.679s / 4.880s) | Generator RTF: 0.1384(0.675s / 4.880s)
generated_audios/generated_H2_512C_int8/260-123288-0007_generated.wav | RTF: 0.1358(1.521s / 11.200s) | Generator RTF: 0.1355(1.517s / 11.200s)
generated_audios/generated_H2_512C_int8/260-123288-0008_generated.wav | RTF: 0.1376(0.759s / 5.515s) | Generator RTF: 0.1370(0.755s / 5.515s)
generated_audios/generated_H2_512C_int8/260-123288-0009_generated.wav | RTF: 0.1408(0.484s / 3.435s) | Generator RTF: 0.1398(0.480s / 3.435s)
generated_audios/generated_H2_512C_int8/260-123288-0010_generated.wav | RTF: 0.1356(1.356s / 9.995s) | Generator RTF: 0.1352(1.351s / 9.995s)
generated_audios/generated_H2_512C_int8/260-123288-0011_generated.wav | RTF: 0.1361(1.223s / 8.980s) | Generator RTF: 0.1357(1.218s / 8.980s)
generated_audios/generated_H2_512C_int8/260-123288-0012_generated.wav | RTF: 0.1417(0.502s / 3.545s) | Generator RTF: 0.1409(0.500s / 3.545s)
generated_audios/generated_H2_512C_int8/260-123288-0013_generated.wav | RTF: 0.1360(1.548s / 11.385s) | Generator RTF: 0.1356(1.544s / 11.385s)
generated_audios/generated_H2_512C_int8/260-123288-0014_generated.wav | RTF: 0.1445(0.261s / 1.805s) | Generator RTF: 0.1430(0.258s / 1.805s)
generated_audios/generated_H2_512C_int8/260-123288-0015_generated.wav | RTF: 0.1643(3.482s / 21.185s) | Generator RTF: 0.1641(3.477s / 21.185s)
generated_audios/generated_H2_512C_int8/260-123288-0016_generated.wav | RTF: 0.1418(0.690s / 4.865s) | Generator RTF: 0.1393(0.678s / 4.865s)
generated_audios/generated_H2_512C_int8/260-123288-0017_generated.wav | RTF: 0.1417(0.740s / 5.225s) | Generator RTF: 0.1410(0.737s / 5.225s)
generated_audios/generated_H2_512C_int8/260-123288-0018_generated.wav | RTF: 0.1400(0.454s / 3.245s) | Generator RTF: 0.1390(0.451s / 3.245s)
generated_audios/generated_H2_512C_int8/260-123288-0019_generated.wav | RTF: 0.1412(0.417s / 2.955s) | Generator RTF: 0.1401(0.414s / 2.955s)
generated_audios/generated_H2_512C_int8/260-123288-0020_generated.wav | RTF: 0.1408(0.408s / 2.900s) | Generator RTF: 0.1396(0.405s / 2.900s)
generated_audios/generated_H2_512C_int8/260-123288-0021_generated.wav | RTF: 0.1430(0.387s / 2.710s) | Generator RTF: 0.1419(0.385s / 2.710s)
generated_audios/generated_H2_512C_int8/260-123288-0022_generated.wav | RTF: 0.1398(0.518s / 3.705s) | Generator RTF: 0.1388(0.514s / 3.705s)
generated_audios/generated_H2_512C_int8/260-123288-0023_generated.wav | RTF: 0.1493(0.356s / 2.385s) | Generator RTF: 0.1479(0.353s / 2.385s)
generated_audios/generated_H2_512C_int8/260-123288-0024_generated.wav | RTF: 0.1394(2.035s / 14.595s) | Generator RTF: 0.1391(2.030s / 14.595s)
generated_audios/generated_H2_512C_int8/260-123288-0025_generated.wav | RTF: 0.1379(1.854s / 13.445s) | Generator RTF: 0.1375(1.849s / 13.445s)
generated_audios/generated_H2_512C_int8/260-123288-0026_generated.wav | RTF: 0.1425(2.286s / 16.040s) | Generator RTF: 0.1422(2.281s / 16.040s)
generated_audios/generated_H2_512C_int8/260-123288-0027_generated.wav | RTF: 0.1378(0.869s / 6.305s) | Generator RTF: 0.1374(0.866s / 6.305s)
generated_audios/generated_H2_512C_int8/260-123288-0028_generated.wav | RTF: 0.1524(0.398s / 2.610s) | Generator RTF: 0.1512(0.395s / 2.610s)
generated_audios/generated_H2_512C_int8/260-123440-0000_generated.wav | RTF: 0.1438(0.311s / 2.165s) | Generator RTF: 0.1423(0.308s / 2.165s)
generated_audios/generated_H2_512C_int8/260-123440-0001_generated.wav | RTF: 0.1460(0.254s / 1.740s) | Generator RTF: 0.1442(0.251s / 1.740s)
generated_audios/generated_H2_512C_int8/260-123440-0002_generated.wav | RTF: 0.1393(2.050s / 14.715s) | Generator RTF: 0.1391(2.046s / 14.715s)
generated_audios/generated_H2_512C_int8/260-123440-0003_generated.wav | RTF: 0.1399(0.502s / 3.585s) | Generator RTF: 0.1391(0.499s / 3.585s)
generated_audios/generated_H2_512C_int8/260-123440-0004_generated.wav | RTF: 0.1373(1.650s / 12.020s) | Generator RTF: 0.1369(1.645s / 12.020s)
generated_audios/generated_H2_512C_int8/260-123440-0005_generated.wav | RTF: 0.1405(0.436s / 3.105s) | Generator RTF: 0.1399(0.434s / 3.105s)
generated_audios/generated_H2_512C_int8/260-123440-0006_generated.wav | RTF: 0.1418(0.385s / 2.715s) | Generator RTF: 0.1406(0.382s / 2.715s)
generated_audios/generated_H2_512C_int8/260-123440-0007_generated.wav | RTF: 0.1404(0.475s / 3.385s) | Generator RTF: 0.1394(0.472s / 3.385s)
generated_audios/generated_H2_512C_int8/260-123440-0008_generated.wav | RTF: 0.1403(0.526s / 3.745s) | Generator RTF: 0.1394(0.522s / 3.745s)
generated_audios/generated_H2_512C_int8/260-123440-0009_generated.wav | RTF: 0.1402(0.437s / 3.115s) | Generator RTF: 0.1391(0.433s / 3.115s)
generated_audios/generated_H2_512C_int8/260-123440-0010_generated.wav | RTF: 0.1383(1.150s / 8.315s) | Generator RTF: 0.1379(1.147s / 8.315s)
generated_audios/generated_H2_512C_int8/260-123440-0011_generated.wav | RTF: 0.1388(0.676s / 4.870s) | Generator RTF: 0.1381(0.673s / 4.870s)
generated_audios/generated_H2_512C_int8/260-123440-0012_generated.wav | RTF: 0.1379(0.723s / 5.245s) | Generator RTF: 0.1373(0.720s / 5.245s)
generated_audios/generated_H2_512C_int8/260-123440-0013_generated.wav | RTF: 0.1396(0.485s / 3.475s) | Generator RTF: 0.1387(0.482s / 3.475s)
generated_audios/generated_H2_512C_int8/260-123440-0014_generated.wav | RTF: 0.1422(0.542s / 3.815s) | Generator RTF: 0.1412(0.539s / 3.815s)
generated_audios/generated_H2_512C_int8/260-123440-0015_generated.wav | RTF: 0.1389(0.861s / 6.200s) | Generator RTF: 0.1383(0.857s / 6.200s)
generated_audios/generated_H2_512C_int8/260-123440-0016_generated.wav | RTF: 0.1387(0.679s / 4.895s) | Generator RTF: 0.1380(0.675s / 4.895s)
generated_audios/generated_H2_512C_int8/260-123440-0017_generated.wav | RTF: 0.1437(0.441s / 3.070s) | Generator RTF: 0.1427(0.438s / 3.070s)
generated_audios/generated_H2_512C_int8/260-123440-0018_generated.wav | RTF: 0.1405(0.511s / 3.640s) | Generator RTF: 0.1396(0.508s / 3.640s)
generated_audios/generated_H2_512C_int8/260-123440-0019_generated.wav | RTF: 0.1376(0.912s / 6.630s) | Generator RTF: 0.1370(0.908s / 6.630s)
generated_audios/generated_H2_512C_int8/260-123440-0020_generated.wav | RTF: 0.1382(0.690s / 4.995s) | Generator RTF: 0.1374(0.686s / 4.995s)
generated_audios/generated_H2_512C_int8/61-70968-0000_generated.wav | RTF: 0.1385(0.680s / 4.905s) | Generator RTF: 0.1378(0.676s / 4.905s)
generated_audios/generated_H2_512C_int8/61-70968-0001_generated.wav | RTF: 0.1389(0.502s / 3.610s) | Generator RTF: 0.1380(0.498s / 3.610s)
generated_audios/generated_H2_512C_int8/61-70968-0002_generated.wav | RTF: 0.1406(0.418s / 2.970s) | Generator RTF: 0.1396(0.415s / 2.970s)
generated_audios/generated_H2_512C_int8/61-70968-0003_generated.wav | RTF: 0.1384(0.597s / 4.315s) | Generator RTF: 0.1376(0.594s / 4.315s)
generated_audios/generated_H2_512C_int8/61-70968-0004_generated.wav | RTF: 0.1392(0.541s / 3.885s) | Generator RTF: 0.1384(0.538s / 3.885s)
generated_audios/generated_H2_512C_int8/61-70968-0005_generated.wav | RTF: 0.1380(0.700s / 5.070s) | Generator RTF: 0.1373(0.696s / 5.070s)
generated_audios/generated_H2_512C_int8/61-70968-0006_generated.wav | RTF: 0.1409(0.413s / 2.935s) | Generator RTF: 0.1397(0.410s / 2.935s)
generated_audios/generated_H2_512C_int8/61-70968-0007_generated.wav | RTF: 0.1402(0.498s / 3.550s) | Generator RTF: 0.1393(0.494s / 3.550s)
generated_audios/generated_H2_512C_int8/61-70968-0008_generated.wav | RTF: 0.1471(0.520s / 3.535s) | Generator RTF: 0.1461(0.516s / 3.535s)
generated_audios/generated_H2_512C_int8/61-70968-0009_generated.wav | RTF: 0.1390(0.627s / 4.510s) | Generator RTF: 0.1382(0.623s / 4.510s)
generated_audios/generated_H2_512C_int8/61-70968-0010_generated.wav | RTF: 0.1358(1.126s / 8.295s) | Generator RTF: 0.1353(1.122s / 8.295s)
generated_audios/generated_H2_512C_int8/61-70968-0011_generated.wav | RTF: 0.1371(0.874s / 6.375s) | Generator RTF: 0.1365(0.870s / 6.375s)
generated_audios/generated_H2_512C_int8/61-70968-0012_generated.wav | RTF: 0.1537(0.401s / 2.610s) | Generator RTF: 0.1524(0.398s / 2.610s)
generated_audios/generated_H2_512C_int8/61-70968-0013_generated.wav | RTF: 0.1394(0.620s / 4.450s) | Generator RTF: 0.1386(0.617s / 4.450s)
generated_audios/generated_H2_512C_int8/61-70968-0014_generated.wav | RTF: 0.1376(1.030s / 7.485s) | Generator RTF: 0.1371(1.026s / 7.485s)
generated_audios/generated_H2_512C_int8/61-70968-0015_generated.wav | RTF: 0.1375(0.739s / 5.375s) | Generator RTF: 0.1368(0.735s / 5.375s)
generated_audios/generated_H2_512C_int8/61-70968-0016_generated.wav | RTF: 0.1593(0.593s / 3.720s) | Generator RTF: 0.1584(0.589s / 3.720s)
generated_audios/generated_H2_512C_int8/61-70968-0017_generated.wav | RTF: 0.1404(0.717s / 5.110s) | Generator RTF: 0.1396(0.714s / 5.110s)
generated_audios/generated_H2_512C_int8/61-70968-0018_generated.wav | RTF: 0.1433(0.345s / 2.405s) | Generator RTF: 0.1420(0.341s / 2.405s)
generated_audios/generated_H2_512C_int8/61-70968-0019_generated.wav | RTF: 0.1388(0.760s / 5.475s) | Generator RTF: 0.1382(0.756s / 5.475s)
generated_audios/generated_H2_512C_int8/61-70968-0020_generated.wav | RTF: 0.1383(0.706s / 5.105s) | Generator RTF: 0.1375(0.702s / 5.105s)
generated_audios/generated_H2_512C_int8/61-70968-0021_generated.wav | RTF: 0.1429(0.384s / 2.690s) | Generator RTF: 0.1417(0.381s / 2.690s)
generated_audios/generated_H2_512C_int8/61-70968-0022_generated.wav | RTF: 0.1390(0.649s / 4.670s) | Generator RTF: 0.1382(0.645s / 4.670s)
generated_audios/generated_H2_512C_int8/61-70968-0023_generated.wav | RTF: 0.1439(0.723s / 5.025s) | Generator RTF: 0.1432(0.720s / 5.025s)
generated_audios/generated_H2_512C_int8/61-70968-0024_generated.wav | RTF: 0.1377(0.830s / 6.025s) | Generator RTF: 0.1371(0.826s / 6.025s)
generated_audios/generated_H2_512C_int8/61-70968-0025_generated.wav | RTF: 0.1381(0.609s / 4.410s) | Generator RTF: 0.1373(0.605s / 4.410s)
generated_audios/generated_H2_512C_int8/61-70968-0026_generated.wav | RTF: 0.1378(0.678s / 4.920s) | Generator RTF: 0.1371(0.675s / 4.920s)
generated_audios/generated_H2_512C_int8/61-70968-0027_generated.wav | RTF: 0.1370(0.941s / 6.870s) | Generator RTF: 0.1365(0.938s / 6.870s)
generated_audios/generated_H2_512C_int8/61-70968-0028_generated.wav | RTF: 0.1387(0.743s / 5.355s) | Generator RTF: 0.1380(0.739s / 5.355s)
generated_audios/generated_H2_512C_int8/61-70968-0029_generated.wav | RTF: 0.1423(0.497s / 3.495s) | Generator RTF: 0.1413(0.494s / 3.495s)
generated_audios/generated_H2_512C_int8/61-70968-0030_generated.wav | RTF: 0.1392(0.792s / 5.685s) | Generator RTF: 0.1386(0.788s / 5.685s)
generated_audios/generated_H2_512C_int8/61-70968-0031_generated.wav | RTF: 0.1417(0.414s / 2.925s) | Generator RTF: 0.1405(0.411s / 2.925s)
generated_audios/generated_H2_512C_int8/61-70968-0032_generated.wav | RTF: 0.1446(0.619s / 4.280s) | Generator RTF: 0.1438(0.616s / 4.280s)
generated_audios/generated_H2_512C_int8/61-70968-0033_generated.wav | RTF: 0.1380(0.785s / 5.685s) | Generator RTF: 0.1375(0.781s / 5.685s)
generated_audios/generated_H2_512C_int8/61-70968-0034_generated.wav | RTF: 0.1393(0.589s / 4.230s) | Generator RTF: 0.1384(0.586s / 4.230s)
generated_audios/generated_H2_512C_int8/61-70968-0035_generated.wav | RTF: 0.1368(1.087s / 7.950s) | Generator RTF: 0.1362(1.083s / 7.950s)
generated_audios/generated_H2_512C_int8/61-70968-0036_generated.wav | RTF: 0.1405(0.412s / 2.935s) | Generator RTF: 0.1394(0.409s / 2.935s)
generated_audios/generated_H2_512C_int8/61-70968-0037_generated.wav | RTF: 0.1389(0.599s / 4.315s) | Generator RTF: 0.1380(0.596s / 4.315s)
generated_audios/generated_H2_512C_int8/61-70968-0038_generated.wav | RTF: 0.1525(0.313s / 2.050s) | Generator RTF: 0.1509(0.309s / 2.050s)
generated_audios/generated_H2_512C_int8/61-70968-0039_generated.wav | RTF: 0.1417(0.539s / 3.805s) | Generator RTF: 0.1408(0.536s / 3.805s)
generated_audios/generated_H2_512C_int8/61-70968-0040_generated.wav | RTF: 0.1397(0.552s / 3.950s) | Generator RTF: 0.1388(0.548s / 3.950s)
generated_audios/generated_H2_512C_int8/61-70968-0041_generated.wav | RTF: 0.1372(0.936s / 6.825s) | Generator RTF: 0.1366(0.932s / 6.825s)
generated_audios/generated_H2_512C_int8/61-70968-0042_generated.wav | RTF: 0.1424(0.397s / 2.785s) | Generator RTF: 0.1412(0.393s / 2.785s)
generated_audios/generated_H2_512C_int8/61-70968-0043_generated.wav | RTF: 0.1373(0.925s / 6.735s) | Generator RTF: 0.1368(0.921s / 6.735s)
generated_audios/generated_H2_512C_int8/61-70968-0044_generated.wav | RTF: 0.1426(0.395s / 2.770s) | Generator RTF: 0.1414(0.392s / 2.770s)
generated_audios/generated_H2_512C_int8/61-70968-0045_generated.wav | RTF: 0.1412(0.491s / 3.475s) | Generator RTF: 0.1402(0.487s / 3.475s)
generated_audios/generated_H2_512C_int8/61-70968-0046_generated.wav | RTF: 0.1415(0.502s / 3.550s) | Generator RTF: 0.1406(0.499s / 3.550s)
generated_audios/generated_H2_512C_int8/61-70968-0047_generated.wav | RTF: 0.1394(0.666s / 4.775s) | Generator RTF: 0.1387(0.662s / 4.775s)
generated_audios/generated_H2_512C_int8/61-70968-0048_generated.wav | RTF: 0.1422(0.430s / 3.020s) | Generator RTF: 0.1410(0.426s / 3.020s)
generated_audios/generated_H2_512C_int8/61-70968-0049_generated.wav | RTF: 0.1372(1.132s / 8.250s) | Generator RTF: 0.1367(1.127s / 8.250s)
generated_audios/generated_H2_512C_int8/61-70968-0050_generated.wav | RTF: 0.1481(0.826s / 5.580s) | Generator RTF: 0.1474(0.822s / 5.580s)
generated_audios/generated_H2_512C_int8/61-70968-0051_generated.wav | RTF: 0.1414(0.443s / 3.135s) | Generator RTF: 0.1403(0.440s / 3.135s)
generated_audios/generated_H2_512C_int8/61-70968-0052_generated.wav | RTF: 0.1425(0.378s / 2.650s) | Generator RTF: 0.1412(0.374s / 2.650s)
generated_audios/generated_H2_512C_int8/61-70968-0053_generated.wav | RTF: 0.1395(0.589s / 4.220s) | Generator RTF: 0.1387(0.585s / 4.220s)
generated_audios/generated_H2_512C_int8/61-70968-0054_generated.wav | RTF: 0.1370(1.077s / 7.860s) | Generator RTF: 0.1366(1.073s / 7.860s)
generated_audios/generated_H2_512C_int8/61-70968-0055_generated.wav | RTF: 0.1409(0.559s / 3.965s) | Generator RTF: 0.1400(0.555s / 3.965s)
generated_audios/generated_H2_512C_int8/61-70968-0056_generated.wav | RTF: 0.1413(0.504s / 3.565s) | Generator RTF: 0.1407(0.501s / 3.565s)
generated_audios/generated_H2_512C_int8/61-70968-0057_generated.wav | RTF: 0.1390(0.704s / 5.065s) | Generator RTF: 0.1383(0.701s / 5.065s)
generated_audios/generated_H2_512C_int8/61-70968-0058_generated.wav | RTF: 0.1456(0.265s / 1.820s) | Generator RTF: 0.1438(0.262s / 1.820s)
generated_audios/generated_H2_512C_int8/61-70968-0059_generated.wav | RTF: 0.1446(0.314s / 2.170s) | Generator RTF: 0.1432(0.311s / 2.170s)
generated_audios/generated_H2_512C_int8/61-70968-0060_generated.wav | RTF: 0.1418(0.530s / 3.735s) | Generator RTF: 0.1409(0.526s / 3.735s)
generated_audios/generated_H2_512C_int8/61-70968-0061_generated.wav | RTF: 0.1388(0.767s / 5.530s) | Generator RTF: 0.1381(0.764s / 5.530s)
generated_audios/generated_H2_512C_int8/61-70968-0062_generated.wav | RTF: 0.1435(0.367s / 2.555s) | Generator RTF: 0.1424(0.364s / 2.555s)
generated_audios/generated_H2_512C_int8/61-70970-0000_generated.wav | RTF: 0.1375(0.835s / 6.075s) | Generator RTF: 0.1369(0.832s / 6.075s)
generated_audios/generated_H2_512C_int8/61-70970-0001_generated.wav | RTF: 0.1383(0.851s / 6.155s) | Generator RTF: 0.1377(0.848s / 6.155s)
generated_audios/generated_H2_512C_int8/61-70970-0002_generated.wav | RTF: 0.1393(0.580s / 4.165s) | Generator RTF: 0.1385(0.577s / 4.165s)
generated_audios/generated_H2_512C_int8/61-70970-0003_generated.wav | RTF: 0.1397(0.536s / 3.835s) | Generator RTF: 0.1388(0.532s / 3.835s)
generated_audios/generated_H2_512C_int8/61-70970-0004_generated.wav | RTF: 0.1362(1.432s / 10.515s) | Generator RTF: 0.1358(1.428s / 10.515s)
generated_audios/generated_H2_512C_int8/61-70970-0005_generated.wav | RTF: 0.1481(0.299s / 2.020s) | Generator RTF: 0.1465(0.296s / 2.020s)
generated_audios/generated_H2_512C_int8/61-70970-0006_generated.wav | RTF: 0.1438(0.336s / 2.335s) | Generator RTF: 0.1424(0.332s / 2.335s)
generated_audios/generated_H2_512C_int8/61-70970-0007_generated.wav | RTF: 0.1426(0.640s / 4.485s) | Generator RTF: 0.1418(0.636s / 4.485s)
generated_audios/generated_H2_512C_int8/61-70970-0008_generated.wav | RTF: 0.1491(0.321s / 2.150s) | Generator RTF: 0.1475(0.317s / 2.150s)
generated_audios/generated_H2_512C_int8/61-70970-0009_generated.wav | RTF: 0.1444(0.492s / 3.405s) | Generator RTF: 0.1433(0.488s / 3.405s)
generated_audios/generated_H2_512C_int8/61-70970-0010_generated.wav | RTF: 0.1447(0.441s / 3.045s) | Generator RTF: 0.1436(0.437s / 3.045s)
generated_audios/generated_H2_512C_int8/61-70970-0011_generated.wav | RTF: 0.1407(0.855s / 6.075s) | Generator RTF: 0.1401(0.851s / 6.075s)
generated_audios/generated_H2_512C_int8/61-70970-0012_generated.wav | RTF: 0.1435(0.450s / 3.135s) | Generator RTF: 0.1424(0.446s / 3.135s)
generated_audios/generated_H2_512C_int8/61-70970-0013_generated.wav | RTF: 0.1418(0.617s / 4.350s) | Generator RTF: 0.1410(0.613s / 4.350s)
generated_audios/generated_H2_512C_int8/61-70970-0014_generated.wav | RTF: 0.1473(0.502s / 3.405s) | Generator RTF: 0.1463(0.498s / 3.405s)
generated_audios/generated_H2_512C_int8/61-70970-0015_generated.wav | RTF: 0.1383(1.164s / 8.415s) | Generator RTF: 0.1379(1.160s / 8.415s)
generated_audios/generated_H2_512C_int8/61-70970-0016_generated.wav | RTF: 0.1435(0.627s / 4.370s) | Generator RTF: 0.1427(0.624s / 4.370s)
generated_audios/generated_H2_512C_int8/61-70970-0017_generated.wav | RTF: 0.1463(0.373s / 2.550s) | Generator RTF: 0.1450(0.370s / 2.550s)
generated_audios/generated_H2_512C_int8/61-70970-0018_generated.wav | RTF: 0.1397(0.642s / 4.600s) | Generator RTF: 0.1389(0.639s / 4.600s)
generated_audios/generated_H2_512C_int8/61-70970-0019_generated.wav | RTF: 0.1428(0.540s / 3.780s) | Generator RTF: 0.1419(0.536s / 3.780s)
generated_audios/generated_H2_512C_int8/61-70970-0020_generated.wav | RTF: 0.1465(0.736s / 5.025s) | Generator RTF: 0.1457(0.732s / 5.025s)
generated_audios/generated_H2_512C_int8/61-70970-0021_generated.wav | RTF: 0.1387(0.750s / 5.405s) | Generator RTF: 0.1380(0.746s / 5.405s)
generated_audios/generated_H2_512C_int8/61-70970-0022_generated.wav | RTF: 0.1394(0.553s / 3.970s) | Generator RTF: 0.1386(0.550s / 3.970s)
generated_audios/generated_H2_512C_int8/61-70970-0023_generated.wav | RTF: 0.1436(0.532s / 3.705s) | Generator RTF: 0.1428(0.529s / 3.705s)
generated_audios/generated_H2_512C_int8/61-70970-0024_generated.wav | RTF: 0.1382(1.000s / 7.235s) | Generator RTF: 0.1377(0.997s / 7.235s)
generated_audios/generated_H2_512C_int8/61-70970-0025_generated.wav | RTF: 0.1577(1.172s / 7.435s) | Generator RTF: 0.1571(1.168s / 7.435s)
generated_audios/generated_H2_512C_int8/61-70970-0026_generated.wav | RTF: 0.1400(0.767s / 5.475s) | Generator RTF: 0.1393(0.763s / 5.475s)
generated_audios/generated_H2_512C_int8/61-70970-0027_generated.wav | RTF: 0.1396(0.709s / 5.080s) | Generator RTF: 0.1389(0.705s / 5.080s)
generated_audios/generated_H2_512C_int8/61-70970-0028_generated.wav | RTF: 0.1375(0.901s / 6.550s) | Generator RTF: 0.1369(0.897s / 6.550s)
generated_audios/generated_H2_512C_int8/61-70970-0029_generated.wav | RTF: 0.1418(0.572s / 4.030s) | Generator RTF: 0.1409(0.568s / 4.030s)
generated_audios/generated_H2_512C_int8/61-70970-0030_generated.wav | RTF: 0.1423(0.461s / 3.240s) | Generator RTF: 0.1412(0.457s / 3.240s)
generated_audios/generated_H2_512C_int8/61-70970-0031_generated.wav | RTF: 0.1394(0.716s / 5.135s) | Generator RTF: 0.1387(0.712s / 5.135s)
generated_audios/generated_H2_512C_int8/61-70970-0032_generated.wav | RTF: 0.1444(0.453s / 3.135s) | Generator RTF: 0.1433(0.449s / 3.135s)
generated_audios/generated_H2_512C_int8/61-70970-0033_generated.wav | RTF: 0.1400(0.479s / 3.420s) | Generator RTF: 0.1391(0.476s / 3.420s)
generated_audios/generated_H2_512C_int8/61-70970-0034_generated.wav | RTF: 0.1424(0.638s / 4.485s) | Generator RTF: 0.1415(0.635s / 4.485s)
generated_audios/generated_H2_512C_int8/61-70970-0035_generated.wav | RTF: 0.1369(1.014s / 7.405s) | Generator RTF: 0.1364(1.010s / 7.405s)
generated_audios/generated_H2_512C_int8/61-70970-0036_generated.wav | RTF: 0.1422(0.965s / 6.785s) | Generator RTF: 0.1416(0.961s / 6.785s)
generated_audios/generated_H2_512C_int8/61-70970-0037_generated.wav | RTF: 0.1379(0.824s / 5.980s) | Generator RTF: 0.1372(0.821s / 5.980s)
generated_audios/generated_H2_512C_int8/61-70970-0038_generated.wav | RTF: 0.1373(1.428s / 10.400s) | Generator RTF: 0.1369(1.424s / 10.400s)
generated_audios/generated_H2_512C_int8/61-70970-0039_generated.wav | RTF: 0.1393(0.928s / 6.665s) | Generator RTF: 0.1387(0.924s / 6.665s)
generated_audios/generated_H2_512C_int8/61-70970-0040_generated.wav | RTF: 0.1424(0.593s / 4.165s) | Generator RTF: 0.1415(0.589s / 4.165s)
generated_audios/generated_H2_512C_int8/672-122797-0000_generated.wav | RTF: 0.1408(0.573s / 4.070s) | Generator RTF: 0.1401(0.570s / 4.070s)
generated_audios/generated_H2_512C_int8/672-122797-0001_generated.wav | RTF: 0.1415(2.141s / 15.130s) | Generator RTF: 0.1412(2.136s / 15.130s)
generated_audios/generated_H2_512C_int8/672-122797-0002_generated.wav | RTF: 0.1404(1.912s / 13.620s) | Generator RTF: 0.1400(1.907s / 13.620s)
generated_audios/generated_H2_512C_int8/672-122797-0003_generated.wav | RTF: 0.1425(0.678s / 4.760s) | Generator RTF: 0.1418(0.675s / 4.760s)
generated_audios/generated_H2_512C_int8/672-122797-0004_generated.wav | RTF: 0.1379(1.414s / 10.250s) | Generator RTF: 0.1375(1.409s / 10.250s)
generated_audios/generated_H2_512C_int8/672-122797-0005_generated.wav | RTF: 0.1488(0.485s / 3.260s) | Generator RTF: 0.1477(0.482s / 3.260s)
generated_audios/generated_H2_512C_int8/672-122797-0006_generated.wav | RTF: 0.1421(1.982s / 13.950s) | Generator RTF: 0.1418(1.977s / 13.950s)
generated_audios/generated_H2_512C_int8/672-122797-0007_generated.wav | RTF: 0.1398(0.898s / 6.420s) | Generator RTF: 0.1393(0.894s / 6.420s)
generated_audios/generated_H2_512C_int8/672-122797-0008_generated.wav | RTF: 0.1607(4.951s / 30.810s) | Generator RTF: 0.1604(4.943s / 30.810s)
generated_audios/generated_H2_512C_int8/672-122797-0009_generated.wav | RTF: 0.1432(0.396s / 2.765s) | Generator RTF: 0.1422(0.393s / 2.765s)
generated_audios/generated_H2_512C_int8/672-122797-0010_generated.wav | RTF: 0.1438(0.549s / 3.815s) | Generator RTF: 0.1429(0.545s / 3.815s)
generated_audios/generated_H2_512C_int8/672-122797-0011_generated.wav | RTF: 0.1487(0.378s / 2.540s) | Generator RTF: 0.1474(0.374s / 2.540s)
generated_audios/generated_H2_512C_int8/672-122797-0012_generated.wav | RTF: 0.1415(1.099s / 7.765s) | Generator RTF: 0.1409(1.094s / 7.765s)
generated_audios/generated_H2_512C_int8/672-122797-0013_generated.wav | RTF: 0.1383(1.204s / 8.705s) | Generator RTF: 0.1379(1.201s / 8.705s)
generated_audios/generated_H2_512C_int8/672-122797-0014_generated.wav | RTF: 0.1429(0.365s / 2.555s) | Generator RTF: 0.1416(0.362s / 2.555s)
generated_audios/generated_H2_512C_int8/672-122797-0015_generated.wav | RTF: 0.1402(0.625s / 4.455s) | Generator RTF: 0.1394(0.621s / 4.455s)
generated_audios/generated_H2_512C_int8/672-122797-0016_generated.wav | RTF: 0.1381(1.272s / 9.215s) | Generator RTF: 0.1376(1.268s / 9.215s)
generated_audios/generated_H2_512C_int8/672-122797-0017_generated.wav | RTF: 0.1419(0.684s / 4.820s) | Generator RTF: 0.1411(0.680s / 4.820s)
generated_audios/generated_H2_512C_int8/672-122797-0018_generated.wav | RTF: 0.1420(0.700s / 4.930s) | Generator RTF: 0.1413(0.697s / 4.930s)
generated_audios/generated_H2_512C_int8/672-122797-0019_generated.wav | RTF: 0.1416(0.582s / 4.110s) | Generator RTF: 0.1408(0.579s / 4.110s)
generated_audios/generated_H2_512C_int8/672-122797-0020_generated.wav | RTF: 0.1431(1.263s / 8.825s) | Generator RTF: 0.1427(1.259s / 8.825s)
generated_audios/generated_H2_512C_int8/672-122797-0021_generated.wav | RTF: 0.1407(0.584s / 4.150s) | Generator RTF: 0.1398(0.580s / 4.150s)
generated_audios/generated_H2_512C_int8/672-122797-0022_generated.wav | RTF: 0.1474(2.802s / 19.005s) | Generator RTF: 0.1472(2.797s / 19.005s)
generated_audios/generated_H2_512C_int8/672-122797-0023_generated.wav | RTF: 0.1369(1.327s / 9.695s) | Generator RTF: 0.1365(1.324s / 9.695s)
generated_audios/generated_H2_512C_int8/672-122797-0024_generated.wav | RTF: 0.1386(0.573s / 4.130s) | Generator RTF: 0.1378(0.569s / 4.130s)
generated_audios/generated_H2_512C_int8/672-122797-0025_generated.wav | RTF: 0.1406(1.504s / 10.690s) | Generator RTF: 0.1403(1.500s / 10.690s)
generated_audios/generated_H2_512C_int8/672-122797-0026_generated.wav | RTF: 0.1421(1.984s / 13.960s) | Generator RTF: 0.1417(1.979s / 13.960s)
generated_audios/generated_H2_512C_int8/672-122797-0027_generated.wav | RTF: 0.1394(0.668s / 4.790s) | Generator RTF: 0.1386(0.664s / 4.790s)
generated_audios/generated_H2_512C_int8/672-122797-0028_generated.wav | RTF: 0.1562(0.408s / 2.610s) | Generator RTF: 0.1549(0.404s / 2.610s)
generated_audios/generated_H2_512C_int8/672-122797-0029_generated.wav | RTF: 0.1418(0.433s / 3.050s) | Generator RTF: 0.1407(0.429s / 3.050s)
generated_audios/generated_H2_512C_int8/672-122797-0030_generated.wav | RTF: 0.1387(0.635s / 4.575s) | Generator RTF: 0.1380(0.631s / 4.575s)
generated_audios/generated_H2_512C_int8/672-122797-0031_generated.wav | RTF: 0.1404(0.559s / 3.980s) | Generator RTF: 0.1395(0.555s / 3.980s)
generated_audios/generated_H2_512C_int8/672-122797-0032_generated.wav | RTF: 0.1447(0.579s / 4.000s) | Generator RTF: 0.1440(0.576s / 4.000s)
generated_audios/generated_H2_512C_int8/672-122797-0033_generated.wav | RTF: 0.1545(0.199s / 1.285s) | Generator RTF: 0.1521(0.195s / 1.285s)
generated_audios/generated_H2_512C_int8/672-122797-0034_generated.wav | RTF: 0.1422(0.727s / 5.110s) | Generator RTF: 0.1415(0.723s / 5.110s)
generated_audios/generated_H2_512C_int8/672-122797-0035_generated.wav | RTF: 0.1417(0.411s / 2.900s) | Generator RTF: 0.1405(0.407s / 2.900s)
generated_audios/generated_H2_512C_int8/672-122797-0036_generated.wav | RTF: 0.1385(0.743s / 5.365s) | Generator RTF: 0.1379(0.740s / 5.365s)
generated_audios/generated_H2_512C_int8/672-122797-0037_generated.wav | RTF: 0.1472(0.289s / 1.960s) | Generator RTF: 0.1458(0.286s / 1.960s)
generated_audios/generated_H2_512C_int8/672-122797-0038_generated.wav | RTF: 0.1391(1.224s / 8.800s) | Generator RTF: 0.1387(1.220s / 8.800s)
generated_audios/generated_H2_512C_int8/672-122797-0039_generated.wav | RTF: 0.1417(0.570s / 4.025s) | Generator RTF: 0.1408(0.567s / 4.025s)
generated_audios/generated_H2_512C_int8/672-122797-0040_generated.wav | RTF: 0.1413(0.724s / 5.125s) | Generator RTF: 0.1406(0.721s / 5.125s)
generated_audios/generated_H2_512C_int8/672-122797-0041_generated.wav | RTF: 0.1399(0.543s / 3.880s) | Generator RTF: 0.1390(0.539s / 3.880s)
generated_audios/generated_H2_512C_int8/672-122797-0042_generated.wav | RTF: 0.1408(2.156s / 15.310s) | Generator RTF: 0.1405(2.152s / 15.310s)
generated_audios/generated_H2_512C_int8/672-122797-0043_generated.wav | RTF: 0.1426(0.539s / 3.780s) | Generator RTF: 0.1417(0.536s / 3.780s)
generated_audios/generated_H2_512C_int8/672-122797-0044_generated.wav | RTF: 0.1417(0.530s / 3.740s) | Generator RTF: 0.1409(0.527s / 3.740s)
generated_audios/generated_H2_512C_int8/672-122797-0045_generated.wav | RTF: 0.1403(1.958s / 13.960s) | Generator RTF: 0.1399(1.954s / 13.960s)
generated_audios/generated_H2_512C_int8/672-122797-0046_generated.wav | RTF: 0.1403(0.662s / 4.715s) | Generator RTF: 0.1396(0.658s / 4.715s)
generated_audios/generated_H2_512C_int8/672-122797-0047_generated.wav | RTF: 0.1417(0.471s / 3.325s) | Generator RTF: 0.1406(0.467s / 3.325s)
generated_audios/generated_H2_512C_int8/672-122797-0048_generated.wav | RTF: 0.1402(0.919s / 6.555s) | Generator RTF: 0.1396(0.915s / 6.555s)
generated_audios/generated_H2_512C_int8/672-122797-0049_generated.wav | RTF: 0.1448(0.293s / 2.020s) | Generator RTF: 0.1431(0.289s / 2.020s)
generated_audios/generated_H2_512C_int8/672-122797-0050_generated.wav | RTF: 0.1400(0.680s / 4.855s) | Generator RTF: 0.1393(0.676s / 4.855s)
generated_audios/generated_H2_512C_int8/672-122797-0051_generated.wav | RTF: 0.1423(0.664s / 4.665s) | Generator RTF: 0.1415(0.660s / 4.665s)
generated_audios/generated_H2_512C_int8/672-122797-0052_generated.wav | RTF: 0.1409(0.604s / 4.285s) | Generator RTF: 0.1402(0.601s / 4.285s)
generated_audios/generated_H2_512C_int8/672-122797-0053_generated.wav | RTF: 0.1446(0.427s / 2.955s) | Generator RTF: 0.1434(0.424s / 2.955s)
generated_audios/generated_H2_512C_int8/672-122797-0054_generated.wav | RTF: 0.1388(0.590s / 4.250s) | Generator RTF: 0.1379(0.586s / 4.250s)
generated_audios/generated_H2_512C_int8/672-122797-0055_generated.wav | RTF: 0.1390(1.144s / 8.230s) | Generator RTF: 0.1386(1.140s / 8.230s)
generated_audios/generated_H2_512C_int8/672-122797-0056_generated.wav | RTF: 0.1379(0.721s / 5.225s) | Generator RTF: 0.1373(0.717s / 5.225s)
generated_audios/generated_H2_512C_int8/672-122797-0057_generated.wav | RTF: 0.1399(0.918s / 6.560s) | Generator RTF: 0.1393(0.914s / 6.560s)
generated_audios/generated_H2_512C_int8/672-122797-0058_generated.wav | RTF: 0.1426(0.637s / 4.470s) | Generator RTF: 0.1418(0.634s / 4.470s)
generated_audios/generated_H2_512C_int8/672-122797-0059_generated.wav | RTF: 0.1435(0.505s / 3.520s) | Generator RTF: 0.1425(0.502s / 3.520s)
generated_audios/generated_H2_512C_int8/672-122797-0060_generated.wav | RTF: 0.1511(0.506s / 3.350s) | Generator RTF: 0.1501(0.503s / 3.350s)
generated_audios/generated_H2_512C_int8/672-122797-0061_generated.wav | RTF: 0.1391(1.056s / 7.590s) | Generator RTF: 0.1387(1.052s / 7.590s)
generated_audios/generated_H2_512C_int8/672-122797-0062_generated.wav | RTF: 0.1452(0.388s / 2.675s) | Generator RTF: 0.1439(0.385s / 2.675s)
generated_audios/generated_H2_512C_int8/672-122797-0063_generated.wav | RTF: 0.1414(0.718s / 5.075s) | Generator RTF: 0.1407(0.714s / 5.075s)
generated_audios/generated_H2_512C_int8/672-122797-0064_generated.wav | RTF: 0.1419(2.167s / 15.270s) | Generator RTF: 0.1416(2.162s / 15.270s)
generated_audios/generated_H2_512C_int8/672-122797-0065_generated.wav | RTF: 0.1434(0.435s / 3.030s) | Generator RTF: 0.1423(0.431s / 3.030s)
generated_audios/generated_H2_512C_int8/672-122797-0066_generated.wav | RTF: 0.1412(0.680s / 4.815s) | Generator RTF: 0.1405(0.676s / 4.815s)
generated_audios/generated_H2_512C_int8/672-122797-0067_generated.wav | RTF: 0.1412(1.840s / 13.035s) | Generator RTF: 0.1408(1.836s / 13.035s)
generated_audios/generated_H2_512C_int8/672-122797-0068_generated.wav | RTF: 0.1409(0.566s / 4.020s) | Generator RTF: 0.1400(0.563s / 4.020s)
generated_audios/generated_H2_512C_int8/672-122797-0069_generated.wav | RTF: 0.1414(0.708s / 5.010s) | Generator RTF: 0.1406(0.705s / 5.010s)
generated_audios/generated_H2_512C_int8/672-122797-0070_generated.wav | RTF: 0.1378(0.864s / 6.270s) | Generator RTF: 0.1371(0.860s / 6.270s)
generated_audios/generated_H2_512C_int8/672-122797-0071_generated.wav | RTF: 0.1373(1.219s / 8.875s) | Generator RTF: 0.1368(1.214s / 8.875s)
generated_audios/generated_H2_512C_int8/672-122797-0072_generated.wav | RTF: 0.1381(1.096s / 7.940s) | Generator RTF: 0.1376(1.093s / 7.940s)
generated_audios/generated_H2_512C_int8/672-122797-0073_generated.wav | RTF: 0.1388(1.138s / 8.205s) | Generator RTF: 0.1383(1.135s / 8.205s)
generated_audios/generated_H2_512C_int8/672-122797-0074_generated.wav | RTF: 0.1382(1.207s / 8.730s) | Generator RTF: 0.1378(1.203s / 8.730s)
generated_audios/generated_H2_512C_int8/908-157963-0000_generated.wav | RTF: 0.1406(1.775s / 12.620s) | Generator RTF: 0.1403(1.770s / 12.620s)
generated_audios/generated_H2_512C_int8/908-157963-0001_generated.wav | RTF: 0.1473(0.425s / 2.885s) | Generator RTF: 0.1461(0.422s / 2.885s)
generated_audios/generated_H2_512C_int8/908-157963-0002_generated.wav | RTF: 0.1425(0.393s / 2.755s) | Generator RTF: 0.1413(0.389s / 2.755s)
generated_audios/generated_H2_512C_int8/908-157963-0003_generated.wav | RTF: 0.1420(0.437s / 3.080s) | Generator RTF: 0.1409(0.434s / 3.080s)
generated_audios/generated_H2_512C_int8/908-157963-0004_generated.wav | RTF: 0.1429(2.000s / 13.990s) | Generator RTF: 0.1426(1.995s / 13.990s)
generated_audios/generated_H2_512C_int8/908-157963-0005_generated.wav | RTF: 0.1377(0.969s / 7.035s) | Generator RTF: 0.1373(0.966s / 7.035s)
generated_audios/generated_H2_512C_int8/908-157963-0006_generated.wav | RTF: 0.1381(1.120s / 8.110s) | Generator RTF: 0.1377(1.117s / 8.110s)
generated_audios/generated_H2_512C_int8/908-157963-0007_generated.wav | RTF: 0.1664(5.454s / 32.770s) | Generator RTF: 0.1662(5.446s / 32.770s)
generated_audios/generated_H2_512C_int8/908-157963-0008_generated.wav | RTF: 0.1450(2.894s / 19.950s) | Generator RTF: 0.1448(2.888s / 19.950s)
generated_audios/generated_H2_512C_int8/908-157963-0009_generated.wav | RTF: 0.1400(0.568s / 4.060s) | Generator RTF: 0.1392(0.565s / 4.060s)
generated_audios/generated_H2_512C_int8/908-157963-0010_generated.wav | RTF: 0.1381(0.868s / 6.280s) | Generator RTF: 0.1375(0.864s / 6.280s)
generated_audios/generated_H2_512C_int8/908-157963-0011_generated.wav | RTF: 0.1374(1.428s / 10.395s) | Generator RTF: 0.1370(1.424s / 10.395s)
generated_audios/generated_H2_512C_int8/908-157963-0012_generated.wav | RTF: 0.1361(1.373s / 10.090s) | Generator RTF: 0.1357(1.369s / 10.090s)
generated_audios/generated_H2_512C_int8/908-157963-0013_generated.wav | RTF: 0.1419(0.612s / 4.315s) | Generator RTF: 0.1411(0.609s / 4.315s)
generated_audios/generated_H2_512C_int8/908-157963-0014_generated.wav | RTF: 0.1484(0.671s / 4.520s) | Generator RTF: 0.1476(0.667s / 4.520s)
generated_audios/generated_H2_512C_int8/908-157963-0015_generated.wav | RTF: 0.1384(2.002s / 14.465s) | Generator RTF: 0.1381(1.998s / 14.465s)
generated_audios/generated_H2_512C_int8/908-157963-0016_generated.wav | RTF: 0.1430(0.730s / 5.105s) | Generator RTF: 0.1422(0.726s / 5.105s)
generated_audios/generated_H2_512C_int8/908-157963-0017_generated.wav | RTF: 0.1388(0.687s / 4.950s) | Generator RTF: 0.1381(0.684s / 4.950s)
generated_audios/generated_H2_512C_int8/908-157963-0018_generated.wav | RTF: 0.1395(0.594s / 4.255s) | Generator RTF: 0.1387(0.590s / 4.255s)
generated_audios/generated_H2_512C_int8/908-157963-0019_generated.wav | RTF: 0.1526(3.271s / 21.440s) | Generator RTF: 0.1523(3.266s / 21.440s)
generated_audios/generated_H2_512C_int8/908-157963-0020_generated.wav | RTF: 0.1406(1.378s / 9.800s) | Generator RTF: 0.1402(1.374s / 9.800s)
generated_audios/generated_H2_512C_int8/908-157963-0021_generated.wav | RTF: 0.1386(1.419s / 10.240s) | Generator RTF: 0.1382(1.415s / 10.240s)
generated_audios/generated_H2_512C_int8/908-157963-0022_generated.wav | RTF: 0.1393(0.642s / 4.610s) | Generator RTF: 0.1386(0.639s / 4.610s)
generated_audios/generated_H2_512C_int8/908-157963-0023_generated.wav | RTF: 0.1367(1.316s / 9.625s) | Generator RTF: 0.1363(1.312s / 9.625s)
generated_audios/generated_H2_512C_int8/908-157963-0024_generated.wav | RTF: 0.1470(0.506s / 3.440s) | Generator RTF: 0.1462(0.503s / 3.440s)
generated_audios/generated_H2_512C_int8/908-157963-0025_generated.wav | RTF: 0.1363(1.263s / 9.265s) | Generator RTF: 0.1358(1.259s / 9.265s)
generated_audios/generated_H2_512C_int8/908-157963-0026_generated.wav | RTF: 0.1360(1.102s / 8.100s) | Generator RTF: 0.1355(1.098s / 8.100s)
generated_audios/generated_H2_512C_int8/908-157963-0027_generated.wav | RTF: 0.1381(0.722s / 5.225s) | Generator RTF: 0.1374(0.718s / 5.225s)
generated_audios/generated_H2_512C_int8/908-157963-0028_generated.wav | RTF: 0.1400(0.694s / 4.955s) | Generator RTF: 0.1392(0.690s / 4.955s)
generated_audios/generated_H2_512C_int8/908-157963-0029_generated.wav | RTF: 0.1478(0.536s / 3.630s) | Generator RTF: 0.1468(0.533s / 3.630s)
generated_audios/generated_H2_512C_int8/908-157963-0030_generated.wav | RTF: 0.1395(0.631s / 4.520s) | Generator RTF: 0.1387(0.627s / 4.520s)
generated_audios/generated_H2_512C_int8/908-31957-0000_generated.wav | RTF: 0.1457(0.310s / 2.125s) | Generator RTF: 0.1441(0.306s / 2.125s)
generated_audios/generated_H2_512C_int8/908-31957-0001_generated.wav | RTF: 0.1375(1.556s / 11.315s) | Generator RTF: 0.1372(1.552s / 11.315s)
generated_audios/generated_H2_512C_int8/908-31957-0002_generated.wav | RTF: 0.1390(0.666s / 4.790s) | Generator RTF: 0.1385(0.663s / 4.790s)
generated_audios/generated_H2_512C_int8/908-31957-0003_generated.wav | RTF: 0.1384(0.908s / 6.565s) | Generator RTF: 0.1378(0.904s / 6.565s)
generated_audios/generated_H2_512C_int8/908-31957-0004_generated.wav | RTF: 0.1424(2.101s / 14.755s) | Generator RTF: 0.1421(2.097s / 14.755s)
generated_audios/generated_H2_512C_int8/908-31957-0005_generated.wav | RTF: 0.1404(0.631s / 4.490s) | Generator RTF: 0.1397(0.627s / 4.490s)
generated_audios/generated_H2_512C_int8/908-31957-0006_generated.wav | RTF: 0.1387(0.817s / 5.890s) | Generator RTF: 0.1381(0.814s / 5.890s)
generated_audios/generated_H2_512C_int8/908-31957-0007_generated.wav | RTF: 0.1399(0.811s / 5.800s) | Generator RTF: 0.1393(0.808s / 5.800s)
generated_audios/generated_H2_512C_int8/908-31957-0008_generated.wav | RTF: 0.1372(1.372s / 10.005s) | Generator RTF: 0.1369(1.369s / 10.005s)
generated_audios/generated_H2_512C_int8/908-31957-0009_generated.wav | RTF: 0.1374(1.058s / 7.705s) | Generator RTF: 0.1369(1.055s / 7.705s)
generated_audios/generated_H2_512C_int8/908-31957-0010_generated.wav | RTF: 0.1520(0.381s / 2.510s) | Generator RTF: 0.1507(0.378s / 2.510s)
generated_audios/generated_H2_512C_int8/908-31957-0011_generated.wav | RTF: 0.1434(0.335s / 2.335s) | Generator RTF: 0.1421(0.332s / 2.335s)
generated_audios/generated_H2_512C_int8/908-31957-0012_generated.wav | RTF: 0.1388(1.057s / 7.615s) | Generator RTF: 0.1383(1.053s / 7.615s)
generated_audios/generated_H2_512C_int8/908-31957-0013_generated.wav | RTF: 0.1375(0.850s / 6.180s) | Generator RTF: 0.1370(0.846s / 6.180s)
generated_audios/generated_H2_512C_int8/908-31957-0014_generated.wav | RTF: 0.1365(1.032s / 7.560s) | Generator RTF: 0.1360(1.028s / 7.560s)
generated_audios/generated_H2_512C_int8/908-31957-0015_generated.wav | RTF: 0.1575(3.380s / 21.465s) | Generator RTF: 0.1572(3.375s / 21.465s)
generated_audios/generated_H2_512C_int8/908-31957-0016_generated.wav | RTF: 0.1381(0.895s / 6.480s) | Generator RTF: 0.1376(0.892s / 6.480s)
generated_audios/generated_H2_512C_int8/908-31957-0017_generated.wav | RTF: 0.1392(1.085s / 7.795s) | Generator RTF: 0.1388(1.082s / 7.795s)
generated_audios/generated_H2_512C_int8/908-31957-0018_generated.wav | RTF: 0.1413(0.553s / 3.915s) | Generator RTF: 0.1405(0.550s / 3.915s)
generated_audios/generated_H2_512C_int8/908-31957-0019_generated.wav | RTF: 0.1363(1.300s / 9.540s) | Generator RTF: 0.1359(1.296s / 9.540s)
generated_audios/generated_H2_512C_int8/908-31957-0020_generated.wav | RTF: 0.1380(0.813s / 5.895s) | Generator RTF: 0.1373(0.810s / 5.895s)
generated_audios/generated_H2_512C_int8/908-31957-0021_generated.wav | RTF: 0.1380(1.505s / 10.905s) | Generator RTF: 0.1377(1.501s / 10.905s)
generated_audios/generated_H2_512C_int8/908-31957-0022_generated.wav | RTF: 0.1401(1.976s / 14.100s) | Generator RTF: 0.1398(1.972s / 14.100s)
generated_audios/generated_H2_512C_int8/908-31957-0023_generated.wav | RTF: 0.1383(1.178s / 8.515s) | Generator RTF: 0.1379(1.174s / 8.515s)
generated_audios/generated_H2_512C_int8/908-31957-0024_generated.wav | RTF: 0.1369(1.033s / 7.540s) | Generator RTF: 0.1364(1.028s / 7.540s)
generated_audios/generated_H2_512C_int8/908-31957-0025_generated.wav | RTF: 0.1477(3.037s / 20.560s) | Generator RTF: 0.1475(3.032s / 20.560s)
Average RTF: 0.1429(451.655s / 3159.849s)
Average Generator RTF: 0.1423(449.780s / 3159.849s)
Evaluation summary:
  Mel-spectrogram L1: 0.972663
  PESQ: 1.467090
  STOI: 0.882140
Appended per-audio metrics to CSV: per_audio_results/H2_quantized_all

Appended metrics to CSV: experiments_results.csv
Appended to experiments_results.csv:
H2_512C_quantized_all,13926425,13.661,0.1429,0.1423,1.4670904154777527,0.8821395996427472,0.9726626268625259
========== Done ==========
=== JOB_STATISTICS ===
=== current date     : Sun Jul  5 01:58:13 PM CEST 2026
= Job-ID             : 1428680 on tinyfat
= Job-Name           : inference_512ch_h1-4
= Job-Command        : /home/hpc/vlbi/vlbi107v/hifi-gan/inference_Test.sh
= Initial workdir    : /home/hpc/vlbi/vlbi107v/hifi-gan
= Queue/Partition    : work
= Slurm account      : vlbi with QOS=normal
= Requested resources:  for 1-00:00:00
= Elapsed runtime    : 00:12:41
= Total RAM usage    : 2.2 GiB of requested  GiB (%)   
= Node list          : tf061
= Subm/Elig/Start/End: 2026-07-05T13:45:29 / 2026-07-05T13:45:29 / 2026-07-05T13:45:32 / 2026-07-05T13:58:13
======================
=== Quota infos ======
    Path                 Used     SoftQ    HardQ    Gracetime  Filec    FileQ    FiHaQ    FileGrace    
    /home/woody           281.2G  1000.0G  1500.0G        N/A     118K   5,000K   7,500K        N/A    
    /home/hpc              92.1G   104.9G   209.7G        N/A      85K     500K   1,000K        N/A    
======================
