### Starting TaskPrologue of job 1428668 on tf093 at Sun Jul  5 01:41:23 PM CEST 2026
Running on cores 40-47,104-111 with governor ondemand
No GPU known
### Finished TaskPrologue

==========(sbatch.tinyfat) Inference: 128 Channels (g_07960000) ==========
========== H2: quantized (INT8 dynamic quantization) ==========
Initializing Inference Process..
Using device: cpu (baseline and quantized inference both run on CPU)
Quantization enabled: forcing CPU inference for INT8 model.
Loading '/home/hpc/vlbi/vlbi107v/hifi-gan/cp_hifigan/v1_c128/g_07960000'
Complete.
Checkpoint contains weight_norm parameters. Keeping weight_norm wrappers for loading...
Removing weight norm...
Calibrating static quantization using 50 samples...
INT8 quantization scope: resblocks_range
Quantizing residual blocks 2..9; all other layers stay FP32.
Checking quantized modules after static quantization:
Quantized module: resblocks.2.convs1.0 (torch.ao.nn.quantized.modules.conv.Conv1d)
Quantized module: resblocks.2.convs1.1 (torch.ao.nn.quantized.modules.conv.Conv1d)
Quantized module: resblocks.2.convs1.2 (torch.ao.nn.quantized.modules.conv.Conv1d)
Quantized module: resblocks.2.convs2.0 (torch.ao.nn.quantized.modules.conv.Conv1d)
Quantized module: resblocks.2.convs2.1 (torch.ao.nn.quantized.modules.conv.Conv1d)
Quantized module: resblocks.2.convs2.2 (torch.ao.nn.quantized.modules.conv.Conv1d)
Quantized module: resblocks.3.convs1.0 (torch.ao.nn.quantized.modules.conv.Conv1d)
Quantized module: resblocks.3.convs1.1 (torch.ao.nn.quantized.modules.conv.Conv1d)
Quantized module: resblocks.3.convs1.2 (torch.ao.nn.quantized.modules.conv.Conv1d)
Quantized module: resblocks.3.convs2.0 (torch.ao.nn.quantized.modules.conv.Conv1d)
Quantized module: resblocks.3.convs2.1 (torch.ao.nn.quantized.modules.conv.Conv1d)
Quantized module: resblocks.3.convs2.2 (torch.ao.nn.quantized.modules.conv.Conv1d)
Quantized module: resblocks.4.convs1.0 (torch.ao.nn.quantized.modules.conv.Conv1d)
Quantized module: resblocks.4.convs1.1 (torch.ao.nn.quantized.modules.conv.Conv1d)
Quantized module: resblocks.4.convs1.2 (torch.ao.nn.quantized.modules.conv.Conv1d)
Quantized module: resblocks.4.convs2.0 (torch.ao.nn.quantized.modules.conv.Conv1d)
Quantized module: resblocks.4.convs2.1 (torch.ao.nn.quantized.modules.conv.Conv1d)
Quantized module: resblocks.4.convs2.2 (torch.ao.nn.quantized.modules.conv.Conv1d)
Quantized module: resblocks.5.convs1.0 (torch.ao.nn.quantized.modules.conv.Conv1d)
Quantized module: resblocks.5.convs1.1 (torch.ao.nn.quantized.modules.conv.Conv1d)
Quantized module: resblocks.5.convs1.2 (torch.ao.nn.quantized.modules.conv.Conv1d)
Quantized module: resblocks.5.convs2.0 (torch.ao.nn.quantized.modules.conv.Conv1d)
Quantized module: resblocks.5.convs2.1 (torch.ao.nn.quantized.modules.conv.Conv1d)
Quantized module: resblocks.5.convs2.2 (torch.ao.nn.quantized.modules.conv.Conv1d)
Quantized module: resblocks.6.convs1.0 (torch.ao.nn.quantized.modules.conv.Conv1d)
Quantized module: resblocks.6.convs1.1 (torch.ao.nn.quantized.modules.conv.Conv1d)
Quantized module: resblocks.6.convs1.2 (torch.ao.nn.quantized.modules.conv.Conv1d)
Quantized module: resblocks.6.convs2.0 (torch.ao.nn.quantized.modules.conv.Conv1d)
Quantized module: resblocks.6.convs2.1 (torch.ao.nn.quantized.modules.conv.Conv1d)
Quantized module: resblocks.6.convs2.2 (torch.ao.nn.quantized.modules.conv.Conv1d)
Quantized module: resblocks.7.convs1.0 (torch.ao.nn.quantized.modules.conv.Conv1d)
Quantized module: resblocks.7.convs1.1 (torch.ao.nn.quantized.modules.conv.Conv1d)
Quantized module: resblocks.7.convs1.2 (torch.ao.nn.quantized.modules.conv.Conv1d)
Quantized module: resblocks.7.convs2.0 (torch.ao.nn.quantized.modules.conv.Conv1d)
Quantized module: resblocks.7.convs2.1 (torch.ao.nn.quantized.modules.conv.Conv1d)
Quantized module: resblocks.7.convs2.2 (torch.ao.nn.quantized.modules.conv.Conv1d)
Quantized module: resblocks.8.convs1.0 (torch.ao.nn.quantized.modules.conv.Conv1d)
Quantized module: resblocks.8.convs1.1 (torch.ao.nn.quantized.modules.conv.Conv1d)
Quantized module: resblocks.8.convs1.2 (torch.ao.nn.quantized.modules.conv.Conv1d)
Quantized module: resblocks.8.convs2.0 (torch.ao.nn.quantized.modules.conv.Conv1d)
Quantized module: resblocks.8.convs2.1 (torch.ao.nn.quantized.modules.conv.Conv1d)
Quantized module: resblocks.8.convs2.2 (torch.ao.nn.quantized.modules.conv.Conv1d)
Quantized module: resblocks.9.convs1.0 (torch.ao.nn.quantized.modules.conv.Conv1d)
Quantized module: resblocks.9.convs1.1 (torch.ao.nn.quantized.modules.conv.Conv1d)
Quantized module: resblocks.9.convs1.2 (torch.ao.nn.quantized.modules.conv.Conv1d)
Quantized module: resblocks.9.convs2.0 (torch.ao.nn.quantized.modules.conv.Conv1d)
Quantized module: resblocks.9.convs2.1 (torch.ao.nn.quantized.modules.conv.Conv1d)
Quantized module: resblocks.9.convs2.2 (torch.ao.nn.quantized.modules.conv.Conv1d)
Saving checkpoint to /home/hpc/vlbi/vlbi107v/hifi-gan/cp_hifigan/v1_c128/compressed_checkpoint_int8
Complete.
Saved compressed checkpoint: /home/hpc/vlbi/vlbi107v/hifi-gan/cp_hifigan/v1_c128/compressed_checkpoint_int8 (2.451 MB)
Compressed checkpoint parameters: 926,177
Loaded checkpoint: /home/hpc/vlbi/vlbi107v/hifi-gan/cp_hifigan/v1_c128/g_07960000 (3.617 MB)
Generator parameters: 926,177
generated_audios/generated_H2_128C_int8/1089-134686-0000_generated.wav | RTF: 0.0259(0.270s / 10.435s) | Generator RTF: 0.0255(0.266s / 10.435s)
generated_audios/generated_H2_128C_int8/1089-134686-0001_generated.wav | RTF: 0.0317(0.104s / 3.275s) | Generator RTF: 0.0306(0.100s / 3.275s)
generated_audios/generated_H2_128C_int8/1089-134686-0002_generated.wav | RTF: 0.0299(0.198s / 6.625s) | Generator RTF: 0.0294(0.194s / 6.625s)
generated_audios/generated_H2_128C_int8/1089-134686-0003_generated.wav | RTF: 0.0294(0.079s / 2.680s) | Generator RTF: 0.0281(0.075s / 2.680s)
generated_audios/generated_H2_128C_int8/1089-134686-0004_generated.wav | RTF: 0.0253(0.132s / 5.215s) | Generator RTF: 0.0246(0.128s / 5.215s)
generated_audios/generated_H2_128C_int8/1089-134686-0005_generated.wav | RTF: 0.0273(0.263s / 9.635s) | Generator RTF: 0.0268(0.258s / 9.635s)
generated_audios/generated_H2_128C_int8/1089-134686-0006_generated.wav | RTF: 0.0280(0.296s / 10.555s) | Generator RTF: 0.0276(0.291s / 10.555s)
generated_audios/generated_H2_128C_int8/1089-134686-0007_generated.wav | RTF: 0.0276(0.118s / 4.275s) | Generator RTF: 0.0267(0.114s / 4.275s)
generated_audios/generated_H2_128C_int8/1089-134686-0008_generated.wav | RTF: 0.0288(0.194s / 6.730s) | Generator RTF: 0.0282(0.190s / 6.730s)
generated_audios/generated_H2_128C_int8/1089-134686-0009_generated.wav | RTF: 0.0265(0.281s / 10.575s) | Generator RTF: 0.0261(0.276s / 10.575s)
generated_audios/generated_H2_128C_int8/1089-134686-0010_generated.wav | RTF: 0.0272(0.120s / 4.405s) | Generator RTF: 0.0264(0.116s / 4.405s)
generated_audios/generated_H2_128C_int8/1089-134686-0011_generated.wav | RTF: 0.0275(0.342s / 12.445s) | Generator RTF: 0.0271(0.338s / 12.445s)
generated_audios/generated_H2_128C_int8/1089-134686-0012_generated.wav | RTF: 0.0303(0.353s / 11.640s) | Generator RTF: 0.0299(0.349s / 11.640s)
generated_audios/generated_H2_128C_int8/1089-134686-0013_generated.wav | RTF: 0.0285(0.226s / 7.915s) | Generator RTF: 0.0280(0.222s / 7.915s)
generated_audios/generated_H2_128C_int8/1089-134686-0014_generated.wav | RTF: 0.0299(0.067s / 2.225s) | Generator RTF: 0.0285(0.063s / 2.225s)
generated_audios/generated_H2_128C_int8/1089-134686-0015_generated.wav | RTF: 0.0257(0.150s / 5.815s) | Generator RTF: 0.0251(0.146s / 5.815s)
generated_audios/generated_H2_128C_int8/1089-134686-0016_generated.wav | RTF: 0.0290(0.103s / 3.540s) | Generator RTF: 0.0280(0.099s / 3.540s)
generated_audios/generated_H2_128C_int8/1089-134686-0017_generated.wav | RTF: 0.0260(0.230s / 8.870s) | Generator RTF: 0.0255(0.226s / 8.870s)
generated_audios/generated_H2_128C_int8/1089-134686-0018_generated.wav | RTF: 0.0275(0.432s / 15.720s) | Generator RTF: 0.0271(0.426s / 15.720s)
generated_audios/generated_H2_128C_int8/1089-134686-0019_generated.wav | RTF: 0.0266(0.369s / 13.895s) | Generator RTF: 0.0262(0.364s / 13.895s)
generated_audios/generated_H2_128C_int8/1089-134686-0020_generated.wav | RTF: 0.0293(0.492s / 16.790s) | Generator RTF: 0.0290(0.487s / 16.790s)
generated_audios/generated_H2_128C_int8/1089-134686-0021_generated.wav | RTF: 0.0281(0.184s / 6.550s) | Generator RTF: 0.0275(0.180s / 6.550s)
generated_audios/generated_H2_128C_int8/1089-134686-0022_generated.wav | RTF: 0.0270(0.301s / 11.175s) | Generator RTF: 0.0266(0.297s / 11.175s)
generated_audios/generated_H2_128C_int8/1089-134686-0023_generated.wav | RTF: 0.0283(0.376s / 13.275s) | Generator RTF: 0.0279(0.371s / 13.275s)
generated_audios/generated_H2_128C_int8/1089-134686-0024_generated.wav | RTF: 0.0264(0.308s / 11.655s) | Generator RTF: 0.0261(0.304s / 11.655s)
generated_audios/generated_H2_128C_int8/1089-134686-0025_generated.wav | RTF: 0.0265(0.175s / 6.610s) | Generator RTF: 0.0260(0.172s / 6.610s)
generated_audios/generated_H2_128C_int8/1089-134686-0026_generated.wav | RTF: 0.0307(0.123s / 4.010s) | Generator RTF: 0.0298(0.119s / 4.010s)
generated_audios/generated_H2_128C_int8/1089-134686-0027_generated.wav | RTF: 0.0298(0.081s / 2.710s) | Generator RTF: 0.0286(0.077s / 2.710s)
generated_audios/generated_H2_128C_int8/1089-134686-0028_generated.wav | RTF: 0.0252(0.198s / 7.830s) | Generator RTF: 0.0249(0.195s / 7.830s)
generated_audios/generated_H2_128C_int8/1089-134686-0029_generated.wav | RTF: 0.0302(0.141s / 4.670s) | Generator RTF: 0.0294(0.137s / 4.670s)
generated_audios/generated_H2_128C_int8/1089-134686-0030_generated.wav | RTF: 0.0248(0.067s / 2.715s) | Generator RTF: 0.0237(0.064s / 2.715s)
generated_audios/generated_H2_128C_int8/1089-134686-0031_generated.wav | RTF: 0.0220(0.146s / 6.615s) | Generator RTF: 0.0214(0.142s / 6.615s)
generated_audios/generated_H2_128C_int8/121-121726-0000_generated.wav | RTF: 0.0260(0.220s / 8.460s) | Generator RTF: 0.0256(0.217s / 8.460s)
generated_audios/generated_H2_128C_int8/121-121726-0001_generated.wav | RTF: 0.0293(0.174s / 5.925s) | Generator RTF: 0.0286(0.169s / 5.925s)
generated_audios/generated_H2_128C_int8/121-121726-0002_generated.wav | RTF: 0.0225(0.099s / 4.410s) | Generator RTF: 0.0217(0.096s / 4.410s)
generated_audios/generated_H2_128C_int8/121-121726-0003_generated.wav | RTF: 0.0255(0.172s / 6.755s) | Generator RTF: 0.0249(0.168s / 6.755s)
generated_audios/generated_H2_128C_int8/121-121726-0004_generated.wav | RTF: 0.0269(0.108s / 4.020s) | Generator RTF: 0.0260(0.105s / 4.020s)
generated_audios/generated_H2_128C_int8/121-121726-0005_generated.wav | RTF: 0.0283(0.088s / 3.100s) | Generator RTF: 0.0272(0.084s / 3.100s)
generated_audios/generated_H2_128C_int8/121-121726-0006_generated.wav | RTF: 0.0278(0.108s / 3.895s) | Generator RTF: 0.0268(0.104s / 3.895s)
generated_audios/generated_H2_128C_int8/121-121726-0007_generated.wav | RTF: 0.0288(0.194s / 6.730s) | Generator RTF: 0.0282(0.190s / 6.730s)
generated_audios/generated_H2_128C_int8/121-121726-0008_generated.wav | RTF: 0.0294(0.147s / 4.990s) | Generator RTF: 0.0287(0.143s / 4.990s)
generated_audios/generated_H2_128C_int8/121-121726-0009_generated.wav | RTF: 0.0257(0.187s / 7.260s) | Generator RTF: 0.0252(0.183s / 7.260s)
generated_audios/generated_H2_128C_int8/121-121726-0010_generated.wav | RTF: 0.0249(0.244s / 9.810s) | Generator RTF: 0.0245(0.240s / 9.810s)
generated_audios/generated_H2_128C_int8/121-121726-0011_generated.wav | RTF: 0.0267(0.108s / 4.035s) | Generator RTF: 0.0258(0.104s / 4.035s)
generated_audios/generated_H2_128C_int8/121-121726-0012_generated.wav | RTF: 0.0291(0.118s / 4.045s) | Generator RTF: 0.0282(0.114s / 4.045s)
generated_audios/generated_H2_128C_int8/121-121726-0013_generated.wav | RTF: 0.0293(0.073s / 2.490s) | Generator RTF: 0.0280(0.070s / 2.490s)
generated_audios/generated_H2_128C_int8/121-121726-0014_generated.wav | RTF: 0.0280(0.089s / 3.165s) | Generator RTF: 0.0270(0.085s / 3.165s)
generated_audios/generated_H2_128C_int8/121-123852-0000_generated.wav | RTF: 0.0309(0.547s / 17.695s) | Generator RTF: 0.0307(0.543s / 17.695s)
generated_audios/generated_H2_128C_int8/121-123852-0001_generated.wav | RTF: 0.0321(0.060s / 1.870s) | Generator RTF: 0.0303(0.057s / 1.870s)
generated_audios/generated_H2_128C_int8/121-123852-0002_generated.wav | RTF: 0.0313(0.540s / 17.285s) | Generator RTF: 0.0310(0.536s / 17.285s)
generated_audios/generated_H2_128C_int8/121-123852-0003_generated.wav | RTF: 0.2968(6.976s / 23.505s) | Generator RTF: 0.2966(6.971s / 23.505s)
generated_audios/generated_H2_128C_int8/121-123852-0004_generated.wav | RTF: 0.2812(4.580s / 16.290s) | Generator RTF: 0.2808(4.575s / 16.290s)
generated_audios/generated_H2_128C_int8/121-123859-0000_generated.wav | RTF: 0.2698(4.691s / 17.390s) | Generator RTF: 0.2695(4.686s / 17.390s)
generated_audios/generated_H2_128C_int8/121-123859-0001_generated.wav | RTF: 0.2756(6.999s / 25.395s) | Generator RTF: 0.2754(6.993s / 25.395s)
generated_audios/generated_H2_128C_int8/121-123859-0002_generated.wav | RTF: 0.2868(8.616s / 30.040s) | Generator RTF: 0.2866(8.609s / 30.040s)
generated_audios/generated_H2_128C_int8/121-123859-0003_generated.wav | RTF: 0.2595(2.809s / 10.825s) | Generator RTF: 0.2591(2.805s / 10.825s)
generated_audios/generated_H2_128C_int8/121-123859-0004_generated.wav | RTF: 0.2577(2.449s / 9.505s) | Generator RTF: 0.2572(2.445s / 9.505s)
generated_audios/generated_H2_128C_int8/121-127105-0000_generated.wav | RTF: 0.2641(2.608s / 9.875s) | Generator RTF: 0.2636(2.603s / 9.875s)
generated_audios/generated_H2_128C_int8/121-127105-0001_generated.wav | RTF: 0.2456(1.234s / 5.025s) | Generator RTF: 0.2449(1.230s / 5.025s)
generated_audios/generated_H2_128C_int8/121-127105-0002_generated.wav | RTF: 0.2431(1.822s / 7.495s) | Generator RTF: 0.2426(1.818s / 7.495s)
generated_audios/generated_H2_128C_int8/121-127105-0003_generated.wav | RTF: 0.2561(1.979s / 7.725s) | Generator RTF: 0.2556(1.974s / 7.725s)
generated_audios/generated_H2_128C_int8/121-127105-0004_generated.wav | RTF: 0.2529(0.534s / 2.110s) | Generator RTF: 0.2513(0.530s / 2.110s)
generated_audios/generated_H2_128C_int8/121-127105-0005_generated.wav | RTF: 0.2472(1.439s / 5.820s) | Generator RTF: 0.2466(1.435s / 5.820s)
generated_audios/generated_H2_128C_int8/121-127105-0006_generated.wav | RTF: 0.2590(1.224s / 4.725s) | Generator RTF: 0.2582(1.220s / 4.725s)
generated_audios/generated_H2_128C_int8/121-127105-0007_generated.wav | RTF: 0.2524(1.462s / 5.790s) | Generator RTF: 0.2518(1.458s / 5.790s)
generated_audios/generated_H2_128C_int8/121-127105-0008_generated.wav | RTF: 0.2527(0.697s / 2.760s) | Generator RTF: 0.2514(0.694s / 2.760s)
generated_audios/generated_H2_128C_int8/121-127105-0009_generated.wav | RTF: 0.2562(0.587s / 2.290s) | Generator RTF: 0.2548(0.584s / 2.290s)
generated_audios/generated_H2_128C_int8/121-127105-0010_generated.wav | RTF: 0.2550(0.727s / 2.850s) | Generator RTF: 0.2538(0.723s / 2.850s)
generated_audios/generated_H2_128C_int8/121-127105-0011_generated.wav | RTF: 0.2555(1.477s / 5.780s) | Generator RTF: 0.2548(1.473s / 5.780s)
generated_audios/generated_H2_128C_int8/121-127105-0012_generated.wav | RTF: 0.2608(1.260s / 4.830s) | Generator RTF: 0.2601(1.256s / 4.830s)
generated_audios/generated_H2_128C_int8/121-127105-0013_generated.wav | RTF: 0.2453(1.446s / 5.895s) | Generator RTF: 0.2446(1.442s / 5.895s)
generated_audios/generated_H2_128C_int8/121-127105-0014_generated.wav | RTF: 0.2414(0.544s / 2.255s) | Generator RTF: 0.2399(0.541s / 2.255s)
generated_audios/generated_H2_128C_int8/121-127105-0015_generated.wav | RTF: 0.2553(0.756s / 2.960s) | Generator RTF: 0.2542(0.752s / 2.960s)
generated_audios/generated_H2_128C_int8/121-127105-0016_generated.wav | RTF: 0.2434(0.494s / 2.030s) | Generator RTF: 0.2420(0.491s / 2.030s)
generated_audios/generated_H2_128C_int8/121-127105-0017_generated.wav | RTF: 0.2537(0.684s / 2.695s) | Generator RTF: 0.2526(0.681s / 2.695s)
generated_audios/generated_H2_128C_int8/121-127105-0018_generated.wav | RTF: 0.2544(0.705s / 2.770s) | Generator RTF: 0.2532(0.701s / 2.770s)
generated_audios/generated_H2_128C_int8/121-127105-0019_generated.wav | RTF: 0.2451(0.864s / 3.525s) | Generator RTF: 0.2441(0.861s / 3.525s)
generated_audios/generated_H2_128C_int8/121-127105-0020_generated.wav | RTF: 0.2717(3.900s / 14.355s) | Generator RTF: 0.2714(3.896s / 14.355s)
generated_audios/generated_H2_128C_int8/121-127105-0021_generated.wav | RTF: 0.2460(0.492s / 2.000s) | Generator RTF: 0.2443(0.489s / 2.000s)
generated_audios/generated_H2_128C_int8/121-127105-0022_generated.wav | RTF: 0.2562(1.300s / 5.075s) | Generator RTF: 0.2555(1.297s / 5.075s)
generated_audios/generated_H2_128C_int8/121-127105-0023_generated.wav | RTF: 0.2464(2.689s / 10.910s) | Generator RTF: 0.2461(2.685s / 10.910s)
generated_audios/generated_H2_128C_int8/121-127105-0024_generated.wav | RTF: 0.2836(4.099s / 14.450s) | Generator RTF: 0.2834(4.094s / 14.450s)
generated_audios/generated_H2_128C_int8/121-127105-0025_generated.wav | RTF: 0.2723(4.374s / 16.065s) | Generator RTF: 0.2720(4.369s / 16.065s)
generated_audios/generated_H2_128C_int8/121-127105-0026_generated.wav | RTF: 0.2467(1.858s / 7.530s) | Generator RTF: 0.2462(1.854s / 7.530s)
generated_audios/generated_H2_128C_int8/121-127105-0027_generated.wav | RTF: 0.2751(3.816s / 13.870s) | Generator RTF: 0.2748(3.812s / 13.870s)
generated_audios/generated_H2_128C_int8/121-127105-0028_generated.wav | RTF: 0.0254(0.172s / 6.750s) | Generator RTF: 0.0249(0.168s / 6.750s)
generated_audios/generated_H2_128C_int8/121-127105-0029_generated.wav | RTF: 0.2553(1.866s / 7.310s) | Generator RTF: 0.2548(1.862s / 7.310s)
generated_audios/generated_H2_128C_int8/121-127105-0030_generated.wav | RTF: 0.2481(0.540s / 2.175s) | Generator RTF: 0.2465(0.536s / 2.175s)
generated_audios/generated_H2_128C_int8/121-127105-0031_generated.wav | RTF: 0.2432(2.618s / 10.765s) | Generator RTF: 0.2428(2.614s / 10.765s)
generated_audios/generated_H2_128C_int8/121-127105-0032_generated.wav | RTF: 0.2415(0.765s / 3.170s) | Generator RTF: 0.2403(0.762s / 3.170s)
generated_audios/generated_H2_128C_int8/121-127105-0033_generated.wav | RTF: 0.2506(0.590s / 2.355s) | Generator RTF: 0.2492(0.587s / 2.355s)
generated_audios/generated_H2_128C_int8/121-127105-0034_generated.wav | RTF: 0.2605(1.930s / 7.410s) | Generator RTF: 0.2600(1.927s / 7.410s)
generated_audios/generated_H2_128C_int8/121-127105-0035_generated.wav | RTF: 0.2715(3.842s / 14.150s) | Generator RTF: 0.2712(3.837s / 14.150s)
generated_audios/generated_H2_128C_int8/121-127105-0036_generated.wav | RTF: 0.2420(1.004s / 4.150s) | Generator RTF: 0.2411(1.000s / 4.150s)
generated_audios/generated_H2_128C_int8/237-126133-0000_generated.wav | RTF: 0.2864(3.807s / 13.290s) | Generator RTF: 0.2861(3.803s / 13.290s)
generated_audios/generated_H2_128C_int8/237-126133-0001_generated.wav | RTF: 0.2860(3.422s / 11.965s) | Generator RTF: 0.2856(3.418s / 11.965s)
generated_audios/generated_H2_128C_int8/237-126133-0002_generated.wav | RTF: 0.2504(2.233s / 8.920s) | Generator RTF: 0.2499(2.229s / 8.920s)
generated_audios/generated_H2_128C_int8/237-126133-0003_generated.wav | RTF: 0.2568(1.685s / 6.560s) | Generator RTF: 0.2563(1.681s / 6.560s)
generated_audios/generated_H2_128C_int8/237-126133-0004_generated.wav | RTF: 0.2614(0.861s / 3.295s) | Generator RTF: 0.2603(0.858s / 3.295s)
generated_audios/generated_H2_128C_int8/237-126133-0005_generated.wav | RTF: 0.2604(1.695s / 6.510s) | Generator RTF: 0.2598(1.691s / 6.510s)
generated_audios/generated_H2_128C_int8/237-126133-0006_generated.wav | RTF: 0.2563(1.576s / 6.150s) | Generator RTF: 0.2557(1.573s / 6.150s)
generated_audios/generated_H2_128C_int8/237-126133-0007_generated.wav | RTF: 0.2449(2.125s / 8.680s) | Generator RTF: 0.2444(2.121s / 8.680s)
generated_audios/generated_H2_128C_int8/237-126133-0008_generated.wav | RTF: 0.2574(0.995s / 3.865s) | Generator RTF: 0.2564(0.991s / 3.865s)
generated_audios/generated_H2_128C_int8/237-126133-0009_generated.wav | RTF: 0.2559(1.016s / 3.970s) | Generator RTF: 0.2551(1.013s / 3.970s)
generated_audios/generated_H2_128C_int8/237-126133-0010_generated.wav | RTF: 0.2467(1.539s / 6.240s) | Generator RTF: 0.2461(1.536s / 6.240s)
generated_audios/generated_H2_128C_int8/237-126133-0011_generated.wav | RTF: 0.2646(1.776s / 6.710s) | Generator RTF: 0.2640(1.772s / 6.710s)
generated_audios/generated_H2_128C_int8/237-126133-0012_generated.wav | RTF: 0.2663(1.185s / 4.450s) | Generator RTF: 0.2655(1.181s / 4.450s)
generated_audios/generated_H2_128C_int8/237-126133-0013_generated.wav | RTF: 0.2615(1.782s / 6.815s) | Generator RTF: 0.2609(1.778s / 6.815s)
generated_audios/generated_H2_128C_int8/237-126133-0014_generated.wav | RTF: 0.2624(1.782s / 6.790s) | Generator RTF: 0.2619(1.778s / 6.790s)
generated_audios/generated_H2_128C_int8/237-126133-0015_generated.wav | RTF: 0.2483(2.319s / 9.340s) | Generator RTF: 0.2479(2.315s / 9.340s)
generated_audios/generated_H2_128C_int8/237-126133-0016_generated.wav | RTF: 0.2479(1.054s / 4.250s) | Generator RTF: 0.2471(1.050s / 4.250s)
generated_audios/generated_H2_128C_int8/237-126133-0017_generated.wav | RTF: 0.2479(1.539s / 6.210s) | Generator RTF: 0.2473(1.536s / 6.210s)
generated_audios/generated_H2_128C_int8/237-126133-0018_generated.wav | RTF: 0.2582(1.057s / 4.095s) | Generator RTF: 0.2573(1.054s / 4.095s)
generated_audios/generated_H2_128C_int8/237-126133-0019_generated.wav | RTF: 0.2638(1.878s / 7.120s) | Generator RTF: 0.2633(1.875s / 7.120s)
generated_audios/generated_H2_128C_int8/237-126133-0020_generated.wav | RTF: 0.2412(0.540s / 2.240s) | Generator RTF: 0.2397(0.537s / 2.240s)
generated_audios/generated_H2_128C_int8/237-126133-0021_generated.wav | RTF: 0.2464(1.075s / 4.365s) | Generator RTF: 0.2455(1.072s / 4.365s)
generated_audios/generated_H2_128C_int8/237-126133-0022_generated.wav | RTF: 0.2615(1.318s / 5.040s) | Generator RTF: 0.2608(1.315s / 5.040s)
generated_audios/generated_H2_128C_int8/237-126133-0023_generated.wav | RTF: 0.2640(1.762s / 6.675s) | Generator RTF: 0.2635(1.759s / 6.675s)
generated_audios/generated_H2_128C_int8/237-126133-0024_generated.wav | RTF: 0.2653(2.564s / 9.665s) | Generator RTF: 0.2649(2.560s / 9.665s)
generated_audios/generated_H2_128C_int8/237-126133-0025_generated.wav | RTF: 0.2576(0.967s / 3.755s) | Generator RTF: 0.2567(0.964s / 3.755s)
generated_audios/generated_H2_128C_int8/237-134493-0000_generated.wav | RTF: 0.2625(1.078s / 4.105s) | Generator RTF: 0.2617(1.074s / 4.105s)
generated_audios/generated_H2_128C_int8/237-134493-0001_generated.wav | RTF: 0.2598(1.917s / 7.380s) | Generator RTF: 0.2592(1.913s / 7.380s)
generated_audios/generated_H2_128C_int8/237-134493-0002_generated.wav | RTF: 0.2741(3.123s / 11.395s) | Generator RTF: 0.2737(3.118s / 11.395s)
generated_audios/generated_H2_128C_int8/237-134493-0003_generated.wav | RTF: 0.2855(3.644s / 12.765s) | Generator RTF: 0.2851(3.640s / 12.765s)
generated_audios/generated_H2_128C_int8/237-134493-0004_generated.wav | RTF: 0.2650(1.808s / 6.825s) | Generator RTF: 0.2644(1.804s / 6.825s)
generated_audios/generated_H2_128C_int8/237-134493-0005_generated.wav | RTF: 0.2504(2.741s / 10.945s) | Generator RTF: 0.2501(2.737s / 10.945s)
generated_audios/generated_H2_128C_int8/237-134493-0006_generated.wav | RTF: 0.2469(1.085s / 4.395s) | Generator RTF: 0.2462(1.082s / 4.395s)
generated_audios/generated_H2_128C_int8/237-134493-0007_generated.wav | RTF: 0.2455(0.500s / 2.035s) | Generator RTF: 0.2439(0.496s / 2.035s)
generated_audios/generated_H2_128C_int8/237-134493-0008_generated.wav | RTF: 0.2404(0.554s / 2.305s) | Generator RTF: 0.2390(0.551s / 2.305s)
generated_audios/generated_H2_128C_int8/237-134493-0009_generated.wav | RTF: 0.2633(0.783s / 2.975s) | Generator RTF: 0.2624(0.781s / 2.975s)
generated_audios/generated_H2_128C_int8/237-134493-0010_generated.wav | RTF: 0.2551(0.734s / 2.875s) | Generator RTF: 0.2540(0.730s / 2.875s)
generated_audios/generated_H2_128C_int8/237-134493-0011_generated.wav | RTF: 0.2639(1.329s / 5.035s) | Generator RTF: 0.2632(1.325s / 5.035s)
generated_audios/generated_H2_128C_int8/237-134493-0012_generated.wav | RTF: 0.2441(0.893s / 3.660s) | Generator RTF: 0.2431(0.890s / 3.660s)
generated_audios/generated_H2_128C_int8/237-134493-0013_generated.wav | RTF: 0.0241(0.099s / 4.090s) | Generator RTF: 0.0234(0.096s / 4.090s)
generated_audios/generated_H2_128C_int8/237-134493-0014_generated.wav | RTF: 0.2478(0.917s / 3.700s) | Generator RTF: 0.2468(0.913s / 3.700s)
generated_audios/generated_H2_128C_int8/237-134493-0015_generated.wav | RTF: 0.0279(0.183s / 6.550s) | Generator RTF: 0.0274(0.179s / 6.550s)
generated_audios/generated_H2_128C_int8/237-134493-0016_generated.wav | RTF: 0.2628(2.651s / 10.085s) | Generator RTF: 0.2625(2.647s / 10.085s)
generated_audios/generated_H2_128C_int8/237-134493-0017_generated.wav | RTF: 0.2648(2.411s / 9.105s) | Generator RTF: 0.2644(2.407s / 9.105s)
generated_audios/generated_H2_128C_int8/237-134493-0018_generated.wav | RTF: 0.2602(1.246s / 4.790s) | Generator RTF: 0.2595(1.243s / 4.790s)
generated_audios/generated_H2_128C_int8/237-134500-0000_generated.wav | RTF: 0.2561(1.570s / 6.130s) | Generator RTF: 0.2555(1.566s / 6.130s)
generated_audios/generated_H2_128C_int8/237-134500-0001_generated.wav | RTF: 0.2419(0.438s / 1.810s) | Generator RTF: 0.2402(0.435s / 1.810s)
generated_audios/generated_H2_128C_int8/237-134500-0002_generated.wav | RTF: 0.2632(1.334s / 5.070s) | Generator RTF: 0.2625(1.331s / 5.070s)
generated_audios/generated_H2_128C_int8/237-134500-0003_generated.wav | RTF: 0.0294(0.093s / 3.170s) | Generator RTF: 0.0283(0.090s / 3.170s)
generated_audios/generated_H2_128C_int8/237-134500-0004_generated.wav | RTF: 0.0307(0.068s / 2.225s) | Generator RTF: 0.0293(0.065s / 2.225s)
generated_audios/generated_H2_128C_int8/237-134500-0005_generated.wav | RTF: 0.2517(0.601s / 2.390s) | Generator RTF: 0.2503(0.598s / 2.390s)
generated_audios/generated_H2_128C_int8/237-134500-0006_generated.wav | RTF: 0.2467(1.042s / 4.225s) | Generator RTF: 0.2460(1.039s / 4.225s)
generated_audios/generated_H2_128C_int8/237-134500-0007_generated.wav | RTF: 0.0254(0.061s / 2.390s) | Generator RTF: 0.0241(0.058s / 2.390s)
generated_audios/generated_H2_128C_int8/237-134500-0008_generated.wav | RTF: 0.0266(0.100s / 3.760s) | Generator RTF: 0.0258(0.097s / 3.760s)
generated_audios/generated_H2_128C_int8/237-134500-0009_generated.wav | RTF: 0.0260(0.058s / 2.220s) | Generator RTF: 0.0247(0.055s / 2.220s)
generated_audios/generated_H2_128C_int8/237-134500-0010_generated.wav | RTF: 0.2617(1.045s / 3.995s) | Generator RTF: 0.2609(1.042s / 3.995s)
generated_audios/generated_H2_128C_int8/237-134500-0011_generated.wav | RTF: 0.2485(0.832s / 3.350s) | Generator RTF: 0.2479(0.830s / 3.350s)
generated_audios/generated_H2_128C_int8/237-134500-0012_generated.wav | RTF: 0.2647(2.895s / 10.935s) | Generator RTF: 0.2643(2.891s / 10.935s)
generated_audios/generated_H2_128C_int8/237-134500-0013_generated.wav | RTF: 0.0282(0.298s / 10.560s) | Generator RTF: 0.0278(0.294s / 10.560s)
generated_audios/generated_H2_128C_int8/237-134500-0014_generated.wav | RTF: 0.0306(0.130s / 4.250s) | Generator RTF: 0.0297(0.126s / 4.250s)
generated_audios/generated_H2_128C_int8/237-134500-0015_generated.wav | RTF: 0.2619(2.833s / 10.815s) | Generator RTF: 0.2616(2.829s / 10.815s)
generated_audios/generated_H2_128C_int8/237-134500-0016_generated.wav | RTF: 0.0284(0.090s / 3.160s) | Generator RTF: 0.0274(0.086s / 3.160s)
generated_audios/generated_H2_128C_int8/237-134500-0017_generated.wav | RTF: 0.0299(0.065s / 2.180s) | Generator RTF: 0.0285(0.062s / 2.180s)
generated_audios/generated_H2_128C_int8/237-134500-0018_generated.wav | RTF: 0.2878(3.696s / 12.845s) | Generator RTF: 0.2875(3.692s / 12.845s)
generated_audios/generated_H2_128C_int8/237-134500-0019_generated.wav | RTF: 0.2467(0.705s / 2.860s) | Generator RTF: 0.2455(0.702s / 2.860s)
generated_audios/generated_H2_128C_int8/237-134500-0020_generated.wav | RTF: 0.0271(0.059s / 2.180s) | Generator RTF: 0.0256(0.056s / 2.180s)
generated_audios/generated_H2_128C_int8/237-134500-0021_generated.wav | RTF: 0.2466(1.263s / 5.120s) | Generator RTF: 0.2460(1.260s / 5.120s)
generated_audios/generated_H2_128C_int8/237-134500-0022_generated.wav | RTF: 0.2509(1.296s / 5.165s) | Generator RTF: 0.2503(1.293s / 5.165s)
generated_audios/generated_H2_128C_int8/237-134500-0023_generated.wav | RTF: 0.2627(0.804s / 3.060s) | Generator RTF: 0.2616(0.801s / 3.060s)
generated_audios/generated_H2_128C_int8/237-134500-0024_generated.wav | RTF: 0.0274(0.121s / 4.410s) | Generator RTF: 0.0266(0.117s / 4.410s)
generated_audios/generated_H2_128C_int8/237-134500-0025_generated.wav | RTF: 0.2396(0.391s / 1.630s) | Generator RTF: 0.2376(0.387s / 1.630s)
generated_audios/generated_H2_128C_int8/237-134500-0026_generated.wav | RTF: 0.2573(0.785s / 3.050s) | Generator RTF: 0.2563(0.782s / 3.050s)
generated_audios/generated_H2_128C_int8/237-134500-0027_generated.wav | RTF: 0.2656(0.868s / 3.270s) | Generator RTF: 0.2645(0.865s / 3.270s)
generated_audios/generated_H2_128C_int8/237-134500-0028_generated.wav | RTF: 0.2648(1.198s / 4.525s) | Generator RTF: 0.2641(1.195s / 4.525s)
generated_audios/generated_H2_128C_int8/237-134500-0029_generated.wav | RTF: 0.2485(0.513s / 2.065s) | Generator RTF: 0.2468(0.510s / 2.065s)
generated_audios/generated_H2_128C_int8/237-134500-0030_generated.wav | RTF: 0.2646(0.736s / 2.780s) | Generator RTF: 0.2634(0.732s / 2.780s)
generated_audios/generated_H2_128C_int8/237-134500-0031_generated.wav | RTF: 0.2618(2.778s / 10.610s) | Generator RTF: 0.2614(2.774s / 10.610s)
generated_audios/generated_H2_128C_int8/237-134500-0032_generated.wav | RTF: 0.0277(0.139s / 5.025s) | Generator RTF: 0.0270(0.136s / 5.025s)
generated_audios/generated_H2_128C_int8/237-134500-0033_generated.wav | RTF: 0.2510(1.594s / 6.350s) | Generator RTF: 0.2504(1.590s / 6.350s)
generated_audios/generated_H2_128C_int8/237-134500-0034_generated.wav | RTF: 0.2475(0.761s / 3.075s) | Generator RTF: 0.2464(0.758s / 3.075s)
generated_audios/generated_H2_128C_int8/237-134500-0035_generated.wav | RTF: 0.2615(0.668s / 2.555s) | Generator RTF: 0.2603(0.665s / 2.555s)
generated_audios/generated_H2_128C_int8/237-134500-0036_generated.wav | RTF: 0.2633(1.738s / 6.600s) | Generator RTF: 0.2628(1.734s / 6.600s)
generated_audios/generated_H2_128C_int8/237-134500-0037_generated.wav | RTF: 0.2605(1.851s / 7.105s) | Generator RTF: 0.2600(1.847s / 7.105s)
generated_audios/generated_H2_128C_int8/237-134500-0038_generated.wav | RTF: 0.2533(0.617s / 2.435s) | Generator RTF: 0.2520(0.614s / 2.435s)
generated_audios/generated_H2_128C_int8/237-134500-0039_generated.wav | RTF: 0.2630(1.218s / 4.630s) | Generator RTF: 0.2623(1.215s / 4.630s)
generated_audios/generated_H2_128C_int8/237-134500-0040_generated.wav | RTF: 0.0270(0.109s / 4.030s) | Generator RTF: 0.0262(0.106s / 4.030s)
generated_audios/generated_H2_128C_int8/237-134500-0041_generated.wav | RTF: 0.0291(0.260s / 8.920s) | Generator RTF: 0.0287(0.256s / 8.920s)
generated_audios/generated_H2_128C_int8/237-134500-0042_generated.wav | RTF: 0.2539(0.654s / 2.575s) | Generator RTF: 0.2526(0.650s / 2.575s)
generated_audios/generated_H2_128C_int8/260-123286-0000_generated.wav | RTF: 0.2525(1.778s / 7.040s) | Generator RTF: 0.2520(1.774s / 7.040s)
generated_audios/generated_H2_128C_int8/260-123286-0001_generated.wav | RTF: 0.0244(0.075s / 3.070s) | Generator RTF: 0.0232(0.071s / 3.070s)
generated_audios/generated_H2_128C_int8/260-123286-0002_generated.wav | RTF: 0.2677(2.673s / 9.985s) | Generator RTF: 0.2674(2.670s / 9.985s)
generated_audios/generated_H2_128C_int8/260-123286-0003_generated.wav | RTF: 0.2650(1.953s / 7.370s) | Generator RTF: 0.2645(1.949s / 7.370s)
generated_audios/generated_H2_128C_int8/260-123286-0004_generated.wav | RTF: 0.2635(0.913s / 3.465s) | Generator RTF: 0.2625(0.910s / 3.465s)
generated_audios/generated_H2_128C_int8/260-123286-0005_generated.wav | RTF: 0.2516(1.210s / 4.810s) | Generator RTF: 0.2509(1.207s / 4.810s)
generated_audios/generated_H2_128C_int8/260-123286-0006_generated.wav | RTF: 0.2606(1.930s / 7.405s) | Generator RTF: 0.2600(1.925s / 7.405s)
generated_audios/generated_H2_128C_int8/260-123286-0007_generated.wav | RTF: 0.2580(1.174s / 4.550s) | Generator RTF: 0.2571(1.170s / 4.550s)
generated_audios/generated_H2_128C_int8/260-123286-0008_generated.wav | RTF: 0.2503(0.935s / 3.735s) | Generator RTF: 0.2494(0.932s / 3.735s)
generated_audios/generated_H2_128C_int8/260-123286-0009_generated.wav | RTF: 0.2742(1.589s / 5.795s) | Generator RTF: 0.2735(1.585s / 5.795s)
generated_audios/generated_H2_128C_int8/260-123286-0010_generated.wav | RTF: 0.0250(0.064s / 2.575s) | Generator RTF: 0.0238(0.061s / 2.575s)
generated_audios/generated_H2_128C_int8/260-123286-0011_generated.wav | RTF: 0.0304(0.130s / 4.255s) | Generator RTF: 0.0296(0.126s / 4.255s)
generated_audios/generated_H2_128C_int8/260-123286-0012_generated.wav | RTF: 0.0257(0.062s / 2.430s) | Generator RTF: 0.0244(0.059s / 2.430s)
generated_audios/generated_H2_128C_int8/260-123286-0013_generated.wav | RTF: 0.2629(1.244s / 4.730s) | Generator RTF: 0.2622(1.240s / 4.730s)
generated_audios/generated_H2_128C_int8/260-123286-0014_generated.wav | RTF: 0.0302(0.090s / 2.980s) | Generator RTF: 0.0291(0.087s / 2.980s)
generated_audios/generated_H2_128C_int8/260-123286-0015_generated.wav | RTF: 0.2690(1.402s / 5.210s) | Generator RTF: 0.2684(1.398s / 5.210s)
generated_audios/generated_H2_128C_int8/260-123286-0016_generated.wav | RTF: 0.2663(1.864s / 7.000s) | Generator RTF: 0.2657(1.860s / 7.000s)
generated_audios/generated_H2_128C_int8/260-123286-0017_generated.wav | RTF: 0.2524(1.003s / 3.975s) | Generator RTF: 0.2515(1.000s / 3.975s)
generated_audios/generated_H2_128C_int8/260-123286-0018_generated.wav | RTF: 0.2715(1.539s / 5.670s) | Generator RTF: 0.2709(1.536s / 5.670s)
generated_audios/generated_H2_128C_int8/260-123286-0019_generated.wav | RTF: 0.2909(3.464s / 11.905s) | Generator RTF: 0.2905(3.459s / 11.905s)
generated_audios/generated_H2_128C_int8/260-123286-0020_generated.wav | RTF: 0.0282(0.086s / 3.060s) | Generator RTF: 0.0271(0.083s / 3.060s)
generated_audios/generated_H2_128C_int8/260-123286-0021_generated.wav | RTF: 0.2600(0.663s / 2.550s) | Generator RTF: 0.2587(0.660s / 2.550s)
generated_audios/generated_H2_128C_int8/260-123286-0022_generated.wav | RTF: 0.2656(0.859s / 3.235s) | Generator RTF: 0.2647(0.856s / 3.235s)
generated_audios/generated_H2_128C_int8/260-123286-0023_generated.wav | RTF: 0.2679(1.574s / 5.875s) | Generator RTF: 0.2673(1.570s / 5.875s)
generated_audios/generated_H2_128C_int8/260-123286-0024_generated.wav | RTF: 0.2618(0.796s / 3.040s) | Generator RTF: 0.2608(0.793s / 3.040s)
generated_audios/generated_H2_128C_int8/260-123286-0025_generated.wav | RTF: 0.2563(2.359s / 9.205s) | Generator RTF: 0.2558(2.355s / 9.205s)
generated_audios/generated_H2_128C_int8/260-123286-0026_generated.wav | RTF: 0.2577(1.788s / 6.940s) | Generator RTF: 0.2571(1.784s / 6.940s)
generated_audios/generated_H2_128C_int8/260-123286-0027_generated.wav | RTF: 0.2745(1.968s / 7.170s) | Generator RTF: 0.2739(1.964s / 7.170s)
generated_audios/generated_H2_128C_int8/260-123286-0028_generated.wav | RTF: 0.2584(1.929s / 7.465s) | Generator RTF: 0.2579(1.925s / 7.465s)
generated_audios/generated_H2_128C_int8/260-123286-0029_generated.wav | RTF: 0.0231(0.105s / 4.545s) | Generator RTF: 0.0224(0.102s / 4.545s)
generated_audios/generated_H2_128C_int8/260-123286-0030_generated.wav | RTF: 0.0274(0.207s / 7.530s) | Generator RTF: 0.0269(0.203s / 7.530s)
generated_audios/generated_H2_128C_int8/260-123286-0031_generated.wav | RTF: 0.2564(1.297s / 5.060s) | Generator RTF: 0.2557(1.294s / 5.060s)
generated_audios/generated_H2_128C_int8/260-123288-0000_generated.wav | RTF: 0.0241(0.073s / 3.040s) | Generator RTF: 0.0229(0.070s / 3.040s)
generated_audios/generated_H2_128C_int8/260-123288-0001_generated.wav | RTF: 0.0258(0.131s / 5.080s) | Generator RTF: 0.0250(0.127s / 5.080s)
generated_audios/generated_H2_128C_int8/260-123288-0002_generated.wav | RTF: 0.2617(1.897s / 7.250s) | Generator RTF: 0.2612(1.894s / 7.250s)
generated_audios/generated_H2_128C_int8/260-123288-0003_generated.wav | RTF: 0.2731(2.432s / 8.905s) | Generator RTF: 0.2726(2.427s / 8.905s)
generated_audios/generated_H2_128C_int8/260-123288-0004_generated.wav | RTF: 0.2688(1.159s / 4.310s) | Generator RTF: 0.2680(1.155s / 4.310s)
generated_audios/generated_H2_128C_int8/260-123288-0005_generated.wav | RTF: 0.2876(3.610s / 12.550s) | Generator RTF: 0.2873(3.606s / 12.550s)
generated_audios/generated_H2_128C_int8/260-123288-0006_generated.wav | RTF: 0.2637(1.287s / 4.880s) | Generator RTF: 0.2630(1.283s / 4.880s)
generated_audios/generated_H2_128C_int8/260-123288-0007_generated.wav | RTF: 0.2813(3.151s / 11.200s) | Generator RTF: 0.2810(3.147s / 11.200s)
generated_audios/generated_H2_128C_int8/260-123288-0008_generated.wav | RTF: 0.2745(1.514s / 5.515s) | Generator RTF: 0.2738(1.510s / 5.515s)
generated_audios/generated_H2_128C_int8/260-123288-0009_generated.wav | RTF: 0.2742(0.942s / 3.435s) | Generator RTF: 0.2733(0.939s / 3.435s)
generated_audios/generated_H2_128C_int8/260-123288-0010_generated.wav | RTF: 0.0275(0.275s / 9.995s) | Generator RTF: 0.0271(0.271s / 9.995s)
generated_audios/generated_H2_128C_int8/260-123288-0011_generated.wav | RTF: 0.2860(2.569s / 8.980s) | Generator RTF: 0.2855(2.564s / 8.980s)
generated_audios/generated_H2_128C_int8/260-123288-0012_generated.wav | RTF: 0.2747(0.974s / 3.545s) | Generator RTF: 0.2738(0.971s / 3.545s)
generated_audios/generated_H2_128C_int8/260-123288-0013_generated.wav | RTF: 0.3109(3.539s / 11.385s) | Generator RTF: 0.3105(3.535s / 11.385s)
generated_audios/generated_H2_128C_int8/260-123288-0014_generated.wav | RTF: 0.0334(0.060s / 1.805s) | Generator RTF: 0.0317(0.057s / 1.805s)
generated_audios/generated_H2_128C_int8/260-123288-0015_generated.wav | RTF: 0.2904(6.153s / 21.185s) | Generator RTF: 0.2902(6.148s / 21.185s)
generated_audios/generated_H2_128C_int8/260-123288-0016_generated.wav | RTF: 0.2896(1.409s / 4.865s) | Generator RTF: 0.2888(1.405s / 4.865s)
generated_audios/generated_H2_128C_int8/260-123288-0017_generated.wav | RTF: 0.2710(1.416s / 5.225s) | Generator RTF: 0.2703(1.412s / 5.225s)
generated_audios/generated_H2_128C_int8/260-123288-0018_generated.wav | RTF: 0.2788(0.905s / 3.245s) | Generator RTF: 0.2778(0.901s / 3.245s)
generated_audios/generated_H2_128C_int8/260-123288-0019_generated.wav | RTF: 0.0292(0.086s / 2.955s) | Generator RTF: 0.0280(0.083s / 2.955s)
generated_audios/generated_H2_128C_int8/260-123288-0020_generated.wav | RTF: 0.2791(0.810s / 2.900s) | Generator RTF: 0.2780(0.806s / 2.900s)
generated_audios/generated_H2_128C_int8/260-123288-0021_generated.wav | RTF: 0.0282(0.076s / 2.710s) | Generator RTF: 0.0271(0.073s / 2.710s)
generated_audios/generated_H2_128C_int8/260-123288-0022_generated.wav | RTF: 0.2774(1.028s / 3.705s) | Generator RTF: 0.2765(1.025s / 3.705s)
generated_audios/generated_H2_128C_int8/260-123288-0023_generated.wav | RTF: 0.0307(0.073s / 2.385s) | Generator RTF: 0.0294(0.070s / 2.385s)
generated_audios/generated_H2_128C_int8/260-123288-0024_generated.wav | RTF: 0.2905(4.240s / 14.595s) | Generator RTF: 0.2902(4.235s / 14.595s)
generated_audios/generated_H2_128C_int8/260-123288-0025_generated.wav | RTF: 0.2942(3.956s / 13.445s) | Generator RTF: 0.2939(3.951s / 13.445s)
generated_audios/generated_H2_128C_int8/260-123288-0026_generated.wav | RTF: 0.3109(4.987s / 16.040s) | Generator RTF: 0.3106(4.982s / 16.040s)
generated_audios/generated_H2_128C_int8/260-123288-0027_generated.wav | RTF: 0.2708(1.707s / 6.305s) | Generator RTF: 0.2702(1.704s / 6.305s)
generated_audios/generated_H2_128C_int8/260-123288-0028_generated.wav | RTF: 0.2789(0.728s / 2.610s) | Generator RTF: 0.2777(0.725s / 2.610s)
generated_audios/generated_H2_128C_int8/260-123440-0000_generated.wav | RTF: 0.2628(0.569s / 2.165s) | Generator RTF: 0.2612(0.566s / 2.165s)
generated_audios/generated_H2_128C_int8/260-123440-0001_generated.wav | RTF: 0.2589(0.451s / 1.740s) | Generator RTF: 0.2571(0.447s / 1.740s)
generated_audios/generated_H2_128C_int8/260-123440-0002_generated.wav | RTF: 0.3093(4.552s / 14.715s) | Generator RTF: 0.3090(4.547s / 14.715s)
generated_audios/generated_H2_128C_int8/260-123440-0003_generated.wav | RTF: 0.2895(1.038s / 3.585s) | Generator RTF: 0.2885(1.034s / 3.585s)
generated_audios/generated_H2_128C_int8/260-123440-0004_generated.wav | RTF: 0.2930(3.522s / 12.020s) | Generator RTF: 0.2927(3.518s / 12.020s)
generated_audios/generated_H2_128C_int8/260-123440-0005_generated.wav | RTF: 0.0284(0.088s / 3.105s) | Generator RTF: 0.0275(0.085s / 3.105s)
generated_audios/generated_H2_128C_int8/260-123440-0006_generated.wav | RTF: 0.0244(0.066s / 2.715s) | Generator RTF: 0.0232(0.063s / 2.715s)
generated_audios/generated_H2_128C_int8/260-123440-0007_generated.wav | RTF: 0.2845(0.963s / 3.385s) | Generator RTF: 0.2835(0.960s / 3.385s)
generated_audios/generated_H2_128C_int8/260-123440-0008_generated.wav | RTF: 0.2869(1.075s / 3.745s) | Generator RTF: 0.2860(1.071s / 3.745s)
generated_audios/generated_H2_128C_int8/260-123440-0009_generated.wav | RTF: 0.2866(0.893s / 3.115s) | Generator RTF: 0.2855(0.889s / 3.115s)
generated_audios/generated_H2_128C_int8/260-123440-0010_generated.wav | RTF: 0.2924(2.431s / 8.315s) | Generator RTF: 0.2919(2.427s / 8.315s)
generated_audios/generated_H2_128C_int8/260-123440-0011_generated.wav | RTF: 0.0217(0.106s / 4.870s) | Generator RTF: 0.0210(0.102s / 4.870s)
generated_audios/generated_H2_128C_int8/260-123440-0012_generated.wav | RTF: 0.2871(1.506s / 5.245s) | Generator RTF: 0.2864(1.502s / 5.245s)
generated_audios/generated_H2_128C_int8/260-123440-0013_generated.wav | RTF: 0.2862(0.995s / 3.475s) | Generator RTF: 0.2853(0.991s / 3.475s)
generated_audios/generated_H2_128C_int8/260-123440-0014_generated.wav | RTF: 0.2903(1.108s / 3.815s) | Generator RTF: 0.2894(1.104s / 3.815s)
generated_audios/generated_H2_128C_int8/260-123440-0015_generated.wav | RTF: 0.0295(0.183s / 6.200s) | Generator RTF: 0.0288(0.179s / 6.200s)
generated_audios/generated_H2_128C_int8/260-123440-0016_generated.wav | RTF: 0.2957(1.447s / 4.895s) | Generator RTF: 0.2950(1.444s / 4.895s)
generated_audios/generated_H2_128C_int8/260-123440-0017_generated.wav | RTF: 0.0295(0.091s / 3.070s) | Generator RTF: 0.0289(0.089s / 3.070s)
generated_audios/generated_H2_128C_int8/260-123440-0018_generated.wav | RTF: 0.2942(1.071s / 3.640s) | Generator RTF: 0.2936(1.069s / 3.640s)
generated_audios/generated_H2_128C_int8/260-123440-0019_generated.wav | RTF: 0.2961(1.963s / 6.630s) | Generator RTF: 0.2955(1.959s / 6.630s)
generated_audios/generated_H2_128C_int8/260-123440-0020_generated.wav | RTF: 0.2895(1.446s / 4.995s) | Generator RTF: 0.2888(1.443s / 4.995s)
generated_audios/generated_H2_128C_int8/61-70968-0000_generated.wav | RTF: 0.2925(1.435s / 4.905s) | Generator RTF: 0.2917(1.431s / 4.905s)
generated_audios/generated_H2_128C_int8/61-70968-0001_generated.wav | RTF: 0.2874(1.038s / 3.610s) | Generator RTF: 0.2865(1.034s / 3.610s)
generated_audios/generated_H2_128C_int8/61-70968-0002_generated.wav | RTF: 0.2846(0.845s / 2.970s) | Generator RTF: 0.2834(0.842s / 2.970s)
generated_audios/generated_H2_128C_int8/61-70968-0003_generated.wav | RTF: 0.0282(0.122s / 4.315s) | Generator RTF: 0.0274(0.118s / 4.315s)
generated_audios/generated_H2_128C_int8/61-70968-0004_generated.wav | RTF: 0.2885(1.121s / 3.885s) | Generator RTF: 0.2876(1.117s / 3.885s)
generated_audios/generated_H2_128C_int8/61-70968-0005_generated.wav | RTF: 0.0262(0.133s / 5.070s) | Generator RTF: 0.0255(0.129s / 5.070s)
generated_audios/generated_H2_128C_int8/61-70968-0006_generated.wav | RTF: 0.2747(0.806s / 2.935s) | Generator RTF: 0.2736(0.803s / 2.935s)
generated_audios/generated_H2_128C_int8/61-70968-0007_generated.wav | RTF: 0.0283(0.100s / 3.550s) | Generator RTF: 0.0272(0.096s / 3.550s)
generated_audios/generated_H2_128C_int8/61-70968-0008_generated.wav | RTF: 0.0280(0.099s / 3.535s) | Generator RTF: 0.0271(0.096s / 3.535s)
generated_audios/generated_H2_128C_int8/61-70968-0009_generated.wav | RTF: 0.2937(1.324s / 4.510s) | Generator RTF: 0.2929(1.321s / 4.510s)
generated_audios/generated_H2_128C_int8/61-70968-0010_generated.wav | RTF: 0.2800(2.323s / 8.295s) | Generator RTF: 0.2796(2.319s / 8.295s)
generated_audios/generated_H2_128C_int8/61-70968-0011_generated.wav | RTF: 0.2798(1.784s / 6.375s) | Generator RTF: 0.2792(1.780s / 6.375s)
generated_audios/generated_H2_128C_int8/61-70968-0012_generated.wav | RTF: 0.0304(0.079s / 2.610s) | Generator RTF: 0.0291(0.076s / 2.610s)
generated_audios/generated_H2_128C_int8/61-70968-0013_generated.wav | RTF: 0.0279(0.124s / 4.450s) | Generator RTF: 0.0271(0.121s / 4.450s)
generated_audios/generated_H2_128C_int8/61-70968-0014_generated.wav | RTF: 0.2977(2.229s / 7.485s) | Generator RTF: 0.2972(2.225s / 7.485s)
generated_audios/generated_H2_128C_int8/61-70968-0015_generated.wav | RTF: 0.2803(1.506s / 5.375s) | Generator RTF: 0.2795(1.502s / 5.375s)
generated_audios/generated_H2_128C_int8/61-70968-0016_generated.wav | RTF: 0.2976(1.107s / 3.720s) | Generator RTF: 0.2966(1.103s / 3.720s)
generated_audios/generated_H2_128C_int8/61-70968-0017_generated.wav | RTF: 0.2967(1.516s / 5.110s) | Generator RTF: 0.2960(1.512s / 5.110s)
generated_audios/generated_H2_128C_int8/61-70968-0018_generated.wav | RTF: 0.2865(0.689s / 2.405s) | Generator RTF: 0.2851(0.686s / 2.405s)
generated_audios/generated_H2_128C_int8/61-70968-0019_generated.wav | RTF: 0.2809(1.538s / 5.475s) | Generator RTF: 0.2802(1.534s / 5.475s)
generated_audios/generated_H2_128C_int8/61-70968-0020_generated.wav | RTF: 0.3015(1.539s / 5.105s) | Generator RTF: 0.3008(1.535s / 5.105s)
generated_audios/generated_H2_128C_int8/61-70968-0021_generated.wav | RTF: 0.2765(0.744s / 2.690s) | Generator RTF: 0.2752(0.740s / 2.690s)
generated_audios/generated_H2_128C_int8/61-70968-0022_generated.wav | RTF: 0.0300(0.140s / 4.670s) | Generator RTF: 0.0293(0.137s / 4.670s)
generated_audios/generated_H2_128C_int8/61-70968-0023_generated.wav | RTF: 0.0287(0.144s / 5.025s) | Generator RTF: 0.0279(0.140s / 5.025s)
generated_audios/generated_H2_128C_int8/61-70968-0024_generated.wav | RTF: 0.2966(1.787s / 6.025s) | Generator RTF: 0.2960(1.783s / 6.025s)
generated_audios/generated_H2_128C_int8/61-70968-0025_generated.wav | RTF: 0.0268(0.118s / 4.410s) | Generator RTF: 0.0259(0.114s / 4.410s)
generated_audios/generated_H2_128C_int8/61-70968-0026_generated.wav | RTF: 0.2826(1.391s / 4.920s) | Generator RTF: 0.2819(1.387s / 4.920s)
generated_audios/generated_H2_128C_int8/61-70968-0027_generated.wav | RTF: 0.2845(1.954s / 6.870s) | Generator RTF: 0.2839(1.951s / 6.870s)
generated_audios/generated_H2_128C_int8/61-70968-0028_generated.wav | RTF: 0.3054(1.635s / 5.355s) | Generator RTF: 0.3047(1.632s / 5.355s)
generated_audios/generated_H2_128C_int8/61-70968-0029_generated.wav | RTF: 0.2936(1.026s / 3.495s) | Generator RTF: 0.2927(1.023s / 3.495s)
generated_audios/generated_H2_128C_int8/61-70968-0030_generated.wav | RTF: 0.2844(1.617s / 5.685s) | Generator RTF: 0.2838(1.613s / 5.685s)
generated_audios/generated_H2_128C_int8/61-70968-0031_generated.wav | RTF: 0.2992(0.875s / 2.925s) | Generator RTF: 0.2981(0.872s / 2.925s)
generated_audios/generated_H2_128C_int8/61-70968-0032_generated.wav | RTF: 0.0279(0.119s / 4.280s) | Generator RTF: 0.0271(0.116s / 4.280s)
generated_audios/generated_H2_128C_int8/61-70968-0033_generated.wav | RTF: 0.0224(0.128s / 5.685s) | Generator RTF: 0.0218(0.124s / 5.685s)
generated_audios/generated_H2_128C_int8/61-70968-0034_generated.wav | RTF: 0.2991(1.265s / 4.230s) | Generator RTF: 0.2982(1.261s / 4.230s)
generated_audios/generated_H2_128C_int8/61-70968-0035_generated.wav | RTF: 0.2862(2.275s / 7.950s) | Generator RTF: 0.2857(2.271s / 7.950s)
generated_audios/generated_H2_128C_int8/61-70968-0036_generated.wav | RTF: 0.0290(0.085s / 2.935s) | Generator RTF: 0.0278(0.082s / 2.935s)
generated_audios/generated_H2_128C_int8/61-70968-0037_generated.wav | RTF: 0.0271(0.117s / 4.315s) | Generator RTF: 0.0263(0.114s / 4.315s)
generated_audios/generated_H2_128C_int8/61-70968-0038_generated.wav | RTF: 0.2790(0.572s / 2.050s) | Generator RTF: 0.2774(0.569s / 2.050s)
generated_audios/generated_H2_128C_int8/61-70968-0039_generated.wav | RTF: 0.2859(1.088s / 3.805s) | Generator RTF: 0.2850(1.085s / 3.805s)
generated_audios/generated_H2_128C_int8/61-70968-0040_generated.wav | RTF: 0.2982(1.178s / 3.950s) | Generator RTF: 0.2974(1.175s / 3.950s)
generated_audios/generated_H2_128C_int8/61-70968-0041_generated.wav | RTF: 0.0265(0.181s / 6.825s) | Generator RTF: 0.0260(0.177s / 6.825s)
generated_audios/generated_H2_128C_int8/61-70968-0042_generated.wav | RTF: 0.0298(0.083s / 2.785s) | Generator RTF: 0.0286(0.080s / 2.785s)
generated_audios/generated_H2_128C_int8/61-70968-0043_generated.wav | RTF: 0.2995(2.017s / 6.735s) | Generator RTF: 0.2989(2.013s / 6.735s)
generated_audios/generated_H2_128C_int8/61-70968-0044_generated.wav | RTF: 0.0291(0.081s / 2.770s) | Generator RTF: 0.0279(0.077s / 2.770s)
generated_audios/generated_H2_128C_int8/61-70968-0045_generated.wav | RTF: 0.0279(0.097s / 3.475s) | Generator RTF: 0.0269(0.094s / 3.475s)
generated_audios/generated_H2_128C_int8/61-70968-0046_generated.wav | RTF: 0.0277(0.098s / 3.550s) | Generator RTF: 0.0268(0.095s / 3.550s)
generated_audios/generated_H2_128C_int8/61-70968-0047_generated.wav | RTF: 0.2825(1.349s / 4.775s) | Generator RTF: 0.2817(1.345s / 4.775s)
generated_audios/generated_H2_128C_int8/61-70968-0048_generated.wav | RTF: 0.2936(0.887s / 3.020s) | Generator RTF: 0.2924(0.883s / 3.020s)
generated_audios/generated_H2_128C_int8/61-70968-0049_generated.wav | RTF: 0.3001(2.476s / 8.250s) | Generator RTF: 0.2996(2.472s / 8.250s)
generated_audios/generated_H2_128C_int8/61-70968-0050_generated.wav | RTF: 0.2843(1.586s / 5.580s) | Generator RTF: 0.2836(1.583s / 5.580s)
generated_audios/generated_H2_128C_int8/61-70968-0051_generated.wav | RTF: 0.2846(0.892s / 3.135s) | Generator RTF: 0.2835(0.889s / 3.135s)
generated_audios/generated_H2_128C_int8/61-70968-0052_generated.wav | RTF: 0.2863(0.759s / 2.650s) | Generator RTF: 0.2850(0.755s / 2.650s)
generated_audios/generated_H2_128C_int8/61-70968-0053_generated.wav | RTF: 0.0313(0.132s / 4.220s) | Generator RTF: 0.0304(0.128s / 4.220s)
generated_audios/generated_H2_128C_int8/61-70968-0054_generated.wav | RTF: 0.3006(2.362s / 7.860s) | Generator RTF: 0.3000(2.358s / 7.860s)
generated_audios/generated_H2_128C_int8/61-70968-0055_generated.wav | RTF: 0.0278(0.110s / 3.965s) | Generator RTF: 0.0269(0.106s / 3.965s)
generated_audios/generated_H2_128C_int8/61-70968-0056_generated.wav | RTF: 0.2991(1.066s / 3.565s) | Generator RTF: 0.2982(1.063s / 3.565s)
generated_audios/generated_H2_128C_int8/61-70968-0057_generated.wav | RTF: 0.0260(0.132s / 5.065s) | Generator RTF: 0.0253(0.128s / 5.065s)
generated_audios/generated_H2_128C_int8/61-70968-0058_generated.wav | RTF: 0.2671(0.486s / 1.820s) | Generator RTF: 0.2653(0.483s / 1.820s)
generated_audios/generated_H2_128C_int8/61-70968-0059_generated.wav | RTF: 0.0310(0.067s / 2.170s) | Generator RTF: 0.0294(0.064s / 2.170s)
generated_audios/generated_H2_128C_int8/61-70968-0060_generated.wav | RTF: 0.0304(0.114s / 3.735s) | Generator RTF: 0.0295(0.110s / 3.735s)
generated_audios/generated_H2_128C_int8/61-70968-0061_generated.wav | RTF: 0.3006(1.662s / 5.530s) | Generator RTF: 0.2999(1.659s / 5.530s)
generated_audios/generated_H2_128C_int8/61-70968-0062_generated.wav | RTF: 0.0301(0.077s / 2.555s) | Generator RTF: 0.0289(0.074s / 2.555s)
generated_audios/generated_H2_128C_int8/61-70970-0000_generated.wav | RTF: 0.3028(1.839s / 6.075s) | Generator RTF: 0.3022(1.836s / 6.075s)
generated_audios/generated_H2_128C_int8/61-70970-0001_generated.wav | RTF: 0.2863(1.762s / 6.155s) | Generator RTF: 0.2857(1.759s / 6.155s)
generated_audios/generated_H2_128C_int8/61-70970-0002_generated.wav | RTF: 0.2888(1.203s / 4.165s) | Generator RTF: 0.2878(1.199s / 4.165s)
generated_audios/generated_H2_128C_int8/61-70970-0003_generated.wav | RTF: 0.2821(1.082s / 3.835s) | Generator RTF: 0.2811(1.078s / 3.835s)
generated_audios/generated_H2_128C_int8/61-70970-0004_generated.wav | RTF: 0.2963(3.116s / 10.515s) | Generator RTF: 0.2959(3.112s / 10.515s)
generated_audios/generated_H2_128C_int8/61-70970-0005_generated.wav | RTF: 0.2854(0.577s / 2.020s) | Generator RTF: 0.2837(0.573s / 2.020s)
generated_audios/generated_H2_128C_int8/61-70970-0006_generated.wav | RTF: 0.2944(0.687s / 2.335s) | Generator RTF: 0.2931(0.684s / 2.335s)
generated_audios/generated_H2_128C_int8/61-70970-0007_generated.wav | RTF: 0.3097(1.389s / 4.485s) | Generator RTF: 0.3089(1.386s / 4.485s)
generated_audios/generated_H2_128C_int8/61-70970-0008_generated.wav | RTF: 0.3062(0.658s / 2.150s) | Generator RTF: 0.3046(0.655s / 2.150s)
generated_audios/generated_H2_128C_int8/61-70970-0009_generated.wav | RTF: 0.3181(1.083s / 3.405s) | Generator RTF: 0.3171(1.080s / 3.405s)
generated_audios/generated_H2_128C_int8/61-70970-0010_generated.wav | RTF: 0.0289(0.088s / 3.045s) | Generator RTF: 0.0278(0.085s / 3.045s)
generated_audios/generated_H2_128C_int8/61-70970-0011_generated.wav | RTF: 0.0222(0.135s / 6.075s) | Generator RTF: 0.0216(0.131s / 6.075s)
generated_audios/generated_H2_128C_int8/61-70970-0012_generated.wav | RTF: 0.0239(0.075s / 3.135s) | Generator RTF: 0.0228(0.072s / 3.135s)
generated_audios/generated_H2_128C_int8/61-70970-0013_generated.wav | RTF: 0.3074(1.337s / 4.350s) | Generator RTF: 0.3066(1.334s / 4.350s)
generated_audios/generated_H2_128C_int8/61-70970-0014_generated.wav | RTF: 0.0240(0.082s / 3.405s) | Generator RTF: 0.0230(0.078s / 3.405s)
generated_audios/generated_H2_128C_int8/61-70970-0015_generated.wav | RTF: 0.3076(2.588s / 8.415s) | Generator RTF: 0.3071(2.584s / 8.415s)
generated_audios/generated_H2_128C_int8/61-70970-0016_generated.wav | RTF: 0.3104(1.356s / 4.370s) | Generator RTF: 0.3095(1.353s / 4.370s)
generated_audios/generated_H2_128C_int8/61-70970-0017_generated.wav | RTF: 0.0300(0.077s / 2.550s) | Generator RTF: 0.0287(0.073s / 2.550s)
generated_audios/generated_H2_128C_int8/61-70970-0018_generated.wav | RTF: 0.2874(1.322s / 4.600s) | Generator RTF: 0.2867(1.319s / 4.600s)
generated_audios/generated_H2_128C_int8/61-70970-0019_generated.wav | RTF: 0.3025(1.144s / 3.780s) | Generator RTF: 0.3016(1.140s / 3.780s)
generated_audios/generated_H2_128C_int8/61-70970-0020_generated.wav | RTF: 0.0276(0.139s / 5.025s) | Generator RTF: 0.0269(0.135s / 5.025s)
generated_audios/generated_H2_128C_int8/61-70970-0021_generated.wav | RTF: 0.2868(1.550s / 5.405s) | Generator RTF: 0.2861(1.546s / 5.405s)
generated_audios/generated_H2_128C_int8/61-70970-0022_generated.wav | RTF: 0.0271(0.107s / 3.970s) | Generator RTF: 0.0261(0.104s / 3.970s)
generated_audios/generated_H2_128C_int8/61-70970-0023_generated.wav | RTF: 0.0281(0.104s / 3.705s) | Generator RTF: 0.0271(0.101s / 3.705s)
generated_audios/generated_H2_128C_int8/61-70970-0024_generated.wav | RTF: 0.2989(2.163s / 7.235s) | Generator RTF: 0.2983(2.159s / 7.235s)
generated_audios/generated_H2_128C_int8/61-70970-0025_generated.wav | RTF: 0.3011(2.239s / 7.435s) | Generator RTF: 0.3006(2.235s / 7.435s)
generated_audios/generated_H2_128C_int8/61-70970-0026_generated.wav | RTF: 0.0290(0.159s / 5.475s) | Generator RTF: 0.0284(0.155s / 5.475s)
generated_audios/generated_H2_128C_int8/61-70970-0027_generated.wav | RTF: 0.0257(0.131s / 5.080s) | Generator RTF: 0.0251(0.127s / 5.080s)
generated_audios/generated_H2_128C_int8/61-70970-0028_generated.wav | RTF: 0.0271(0.178s / 6.550s) | Generator RTF: 0.0267(0.175s / 6.550s)
generated_audios/generated_H2_128C_int8/61-70970-0029_generated.wav | RTF: 0.0273(0.110s / 4.030s) | Generator RTF: 0.0264(0.106s / 4.030s)
generated_audios/generated_H2_128C_int8/61-70970-0030_generated.wav | RTF: 0.0290(0.094s / 3.240s) | Generator RTF: 0.0279(0.090s / 3.240s)
generated_audios/generated_H2_128C_int8/61-70970-0031_generated.wav | RTF: 0.2986(1.533s / 5.135s) | Generator RTF: 0.2978(1.529s / 5.135s)
generated_audios/generated_H2_128C_int8/61-70970-0032_generated.wav | RTF: 0.0246(0.077s / 3.135s) | Generator RTF: 0.0235(0.074s / 3.135s)
generated_audios/generated_H2_128C_int8/61-70970-0033_generated.wav | RTF: 0.2802(0.958s / 3.420s) | Generator RTF: 0.2794(0.956s / 3.420s)
generated_audios/generated_H2_128C_int8/61-70970-0034_generated.wav | RTF: 0.0230(0.103s / 4.485s) | Generator RTF: 0.0222(0.099s / 4.485s)
generated_audios/generated_H2_128C_int8/61-70970-0035_generated.wav | RTF: 0.0254(0.188s / 7.405s) | Generator RTF: 0.0249(0.185s / 7.405s)
generated_audios/generated_H2_128C_int8/61-70970-0036_generated.wav | RTF: 0.0265(0.179s / 6.785s) | Generator RTF: 0.0259(0.175s / 6.785s)
generated_audios/generated_H2_128C_int8/61-70970-0037_generated.wav | RTF: 0.2970(1.776s / 5.980s) | Generator RTF: 0.2965(1.773s / 5.980s)
generated_audios/generated_H2_128C_int8/61-70970-0038_generated.wav | RTF: 0.2986(3.105s / 10.400s) | Generator RTF: 0.2982(3.101s / 10.400s)
generated_audios/generated_H2_128C_int8/61-70970-0039_generated.wav | RTF: 0.0260(0.173s / 6.665s) | Generator RTF: 0.0253(0.169s / 6.665s)
generated_audios/generated_H2_128C_int8/61-70970-0040_generated.wav | RTF: 0.0272(0.113s / 4.165s) | Generator RTF: 0.0263(0.110s / 4.165s)
generated_audios/generated_H2_128C_int8/672-122797-0000_generated.wav | RTF: 0.3009(1.225s / 4.070s) | Generator RTF: 0.3004(1.223s / 4.070s)
generated_audios/generated_H2_128C_int8/672-122797-0001_generated.wav | RTF: 0.3125(4.728s / 15.130s) | Generator RTF: 0.3122(4.724s / 15.130s)
generated_audios/generated_H2_128C_int8/672-122797-0002_generated.wav | RTF: 0.2866(3.904s / 13.620s) | Generator RTF: 0.2862(3.899s / 13.620s)
generated_audios/generated_H2_128C_int8/672-122797-0003_generated.wav | RTF: 0.2992(1.424s / 4.760s) | Generator RTF: 0.2984(1.420s / 4.760s)
generated_audios/generated_H2_128C_int8/672-122797-0004_generated.wav | RTF: 0.2926(2.999s / 10.250s) | Generator RTF: 0.2923(2.996s / 10.250s)
generated_audios/generated_H2_128C_int8/672-122797-0005_generated.wav | RTF: 0.2935(0.957s / 3.260s) | Generator RTF: 0.2924(0.953s / 3.260s)
generated_audios/generated_H2_128C_int8/672-122797-0006_generated.wav | RTF: 0.3137(4.377s / 13.950s) | Generator RTF: 0.3134(4.372s / 13.950s)
generated_audios/generated_H2_128C_int8/672-122797-0007_generated.wav | RTF: 0.2953(1.896s / 6.420s) | Generator RTF: 0.2947(1.892s / 6.420s)
generated_audios/generated_H2_128C_int8/672-122797-0008_generated.wav | RTF: 0.3087(9.510s / 30.810s) | Generator RTF: 0.3084(9.503s / 30.810s)
generated_audios/generated_H2_128C_int8/672-122797-0009_generated.wav | RTF: 0.0296(0.082s / 2.765s) | Generator RTF: 0.0284(0.078s / 2.765s)
generated_audios/generated_H2_128C_int8/672-122797-0010_generated.wav | RTF: 0.0279(0.107s / 3.815s) | Generator RTF: 0.0269(0.103s / 3.815s)
generated_audios/generated_H2_128C_int8/672-122797-0011_generated.wav | RTF: 0.3075(0.781s / 2.540s) | Generator RTF: 0.3061(0.777s / 2.540s)
generated_audios/generated_H2_128C_int8/672-122797-0012_generated.wav | RTF: 0.3142(2.440s / 7.765s) | Generator RTF: 0.3137(2.436s / 7.765s)
generated_audios/generated_H2_128C_int8/672-122797-0013_generated.wav | RTF: 0.3099(2.698s / 8.705s) | Generator RTF: 0.3094(2.693s / 8.705s)
generated_audios/generated_H2_128C_int8/672-122797-0014_generated.wav | RTF: 0.0297(0.076s / 2.555s) | Generator RTF: 0.0284(0.073s / 2.555s)
generated_audios/generated_H2_128C_int8/672-122797-0015_generated.wav | RTF: 0.0268(0.119s / 4.455s) | Generator RTF: 0.0260(0.116s / 4.455s)
generated_audios/generated_H2_128C_int8/672-122797-0016_generated.wav | RTF: 0.3008(2.772s / 9.215s) | Generator RTF: 0.3004(2.768s / 9.215s)
generated_audios/generated_H2_128C_int8/672-122797-0017_generated.wav | RTF: 0.2986(1.439s / 4.820s) | Generator RTF: 0.2978(1.435s / 4.820s)
generated_audios/generated_H2_128C_int8/672-122797-0018_generated.wav | RTF: 0.3031(1.494s / 4.930s) | Generator RTF: 0.3023(1.491s / 4.930s)
generated_audios/generated_H2_128C_int8/672-122797-0019_generated.wav | RTF: 0.2886(1.186s / 4.110s) | Generator RTF: 0.2877(1.182s / 4.110s)
generated_audios/generated_H2_128C_int8/672-122797-0020_generated.wav | RTF: 0.3039(2.682s / 8.825s) | Generator RTF: 0.3034(2.678s / 8.825s)
generated_audios/generated_H2_128C_int8/672-122797-0021_generated.wav | RTF: 0.0281(0.117s / 4.150s) | Generator RTF: 0.0273(0.113s / 4.150s)
generated_audios/generated_H2_128C_int8/672-122797-0022_generated.wav | RTF: 0.3058(5.812s / 19.005s) | Generator RTF: 0.3055(5.807s / 19.005s)
generated_audios/generated_H2_128C_int8/672-122797-0023_generated.wav | RTF: 0.2985(2.894s / 9.695s) | Generator RTF: 0.2980(2.889s / 9.695s)
generated_audios/generated_H2_128C_int8/672-122797-0024_generated.wav | RTF: 0.2947(1.217s / 4.130s) | Generator RTF: 0.2938(1.213s / 4.130s)
generated_audios/generated_H2_128C_int8/672-122797-0025_generated.wav | RTF: 0.3031(3.241s / 10.690s) | Generator RTF: 0.3027(3.236s / 10.690s)
generated_audios/generated_H2_128C_int8/672-122797-0026_generated.wav | RTF: 0.3083(4.304s / 13.960s) | Generator RTF: 0.3079(4.299s / 13.960s)
generated_audios/generated_H2_128C_int8/672-122797-0027_generated.wav | RTF: 0.0269(0.129s / 4.790s) | Generator RTF: 0.0261(0.125s / 4.790s)
generated_audios/generated_H2_128C_int8/672-122797-0028_generated.wav | RTF: 0.0302(0.079s / 2.610s) | Generator RTF: 0.0289(0.076s / 2.610s)
generated_audios/generated_H2_128C_int8/672-122797-0029_generated.wav | RTF: 0.0300(0.091s / 3.050s) | Generator RTF: 0.0289(0.088s / 3.050s)
generated_audios/generated_H2_128C_int8/672-122797-0030_generated.wav | RTF: 0.2991(1.368s / 4.575s) | Generator RTF: 0.2983(1.365s / 4.575s)
generated_audios/generated_H2_128C_int8/672-122797-0031_generated.wav | RTF: 0.0285(0.113s / 3.980s) | Generator RTF: 0.0276(0.110s / 3.980s)
generated_audios/generated_H2_128C_int8/672-122797-0032_generated.wav | RTF: 0.0277(0.111s / 4.000s) | Generator RTF: 0.0268(0.107s / 4.000s)
generated_audios/generated_H2_128C_int8/672-122797-0033_generated.wav | RTF: 0.2647(0.340s / 1.285s) | Generator RTF: 0.2622(0.337s / 1.285s)
generated_audios/generated_H2_128C_int8/672-122797-0034_generated.wav | RTF: 0.0269(0.138s / 5.110s) | Generator RTF: 0.0262(0.134s / 5.110s)
generated_audios/generated_H2_128C_int8/672-122797-0035_generated.wav | RTF: 0.0294(0.085s / 2.900s) | Generator RTF: 0.0281(0.082s / 2.900s)
generated_audios/generated_H2_128C_int8/672-122797-0036_generated.wav | RTF: 0.0268(0.144s / 5.365s) | Generator RTF: 0.0262(0.141s / 5.365s)
generated_audios/generated_H2_128C_int8/672-122797-0037_generated.wav | RTF: 0.2801(0.549s / 1.960s) | Generator RTF: 0.2784(0.546s / 1.960s)
generated_audios/generated_H2_128C_int8/672-122797-0038_generated.wav | RTF: 0.3060(2.693s / 8.800s) | Generator RTF: 0.3055(2.689s / 8.800s)
generated_audios/generated_H2_128C_int8/672-122797-0039_generated.wav | RTF: 0.3001(1.208s / 4.025s) | Generator RTF: 0.2992(1.204s / 4.025s)
generated_audios/generated_H2_128C_int8/672-122797-0040_generated.wav | RTF: 0.0274(0.141s / 5.125s) | Generator RTF: 0.0267(0.137s / 5.125s)
generated_audios/generated_H2_128C_int8/672-122797-0041_generated.wav | RTF: 0.0278(0.108s / 3.880s) | Generator RTF: 0.0268(0.104s / 3.880s)
generated_audios/generated_H2_128C_int8/672-122797-0042_generated.wav | RTF: 0.3072(4.703s / 15.310s) | Generator RTF: 0.3069(4.698s / 15.310s)
generated_audios/generated_H2_128C_int8/672-122797-0043_generated.wav | RTF: 0.0274(0.104s / 3.780s) | Generator RTF: 0.0265(0.100s / 3.780s)
generated_audios/generated_H2_128C_int8/672-122797-0044_generated.wav | RTF: 0.0273(0.102s / 3.740s) | Generator RTF: 0.0264(0.099s / 3.740s)
generated_audios/generated_H2_128C_int8/672-122797-0045_generated.wav | RTF: 0.0230(0.321s / 13.960s) | Generator RTF: 0.0227(0.317s / 13.960s)
generated_audios/generated_H2_128C_int8/672-122797-0046_generated.wav | RTF: 0.2973(1.402s / 4.715s) | Generator RTF: 0.2965(1.398s / 4.715s)
generated_audios/generated_H2_128C_int8/672-122797-0047_generated.wav | RTF: 0.2932(0.975s / 3.325s) | Generator RTF: 0.2921(0.971s / 3.325s)
generated_audios/generated_H2_128C_int8/672-122797-0048_generated.wav | RTF: 0.0275(0.181s / 6.555s) | Generator RTF: 0.0270(0.177s / 6.555s)
generated_audios/generated_H2_128C_int8/672-122797-0049_generated.wav | RTF: 0.0318(0.064s / 2.020s) | Generator RTF: 0.0302(0.061s / 2.020s)
generated_audios/generated_H2_128C_int8/672-122797-0050_generated.wav | RTF: 0.2999(1.456s / 4.855s) | Generator RTF: 0.2992(1.452s / 4.855s)
generated_audios/generated_H2_128C_int8/672-122797-0051_generated.wav | RTF: 0.3076(1.435s / 4.665s) | Generator RTF: 0.3068(1.431s / 4.665s)
generated_audios/generated_H2_128C_int8/672-122797-0052_generated.wav | RTF: 0.2896(1.241s / 4.285s) | Generator RTF: 0.2888(1.237s / 4.285s)
generated_audios/generated_H2_128C_int8/672-122797-0053_generated.wav | RTF: 0.0297(0.088s / 2.955s) | Generator RTF: 0.0285(0.084s / 2.955s)
generated_audios/generated_H2_128C_int8/672-122797-0054_generated.wav | RTF: 0.0312(0.133s / 4.250s) | Generator RTF: 0.0304(0.129s / 4.250s)
generated_audios/generated_H2_128C_int8/672-122797-0055_generated.wav | RTF: 0.2862(2.356s / 8.230s) | Generator RTF: 0.2857(2.352s / 8.230s)
generated_audios/generated_H2_128C_int8/672-122797-0056_generated.wav | RTF: 0.0274(0.143s / 5.225s) | Generator RTF: 0.0267(0.140s / 5.225s)
generated_audios/generated_H2_128C_int8/672-122797-0057_generated.wav | RTF: 0.0262(0.172s / 6.560s) | Generator RTF: 0.0256(0.168s / 6.560s)
generated_audios/generated_H2_128C_int8/672-122797-0058_generated.wav | RTF: 0.3016(1.348s / 4.470s) | Generator RTF: 0.3008(1.345s / 4.470s)
generated_audios/generated_H2_128C_int8/672-122797-0059_generated.wav | RTF: 0.2937(1.034s / 3.520s) | Generator RTF: 0.2928(1.031s / 3.520s)
generated_audios/generated_H2_128C_int8/672-122797-0060_generated.wav | RTF: 0.0296(0.099s / 3.350s) | Generator RTF: 0.0286(0.096s / 3.350s)
generated_audios/generated_H2_128C_int8/672-122797-0061_generated.wav | RTF: 0.3114(2.364s / 7.590s) | Generator RTF: 0.3109(2.360s / 7.590s)
generated_audios/generated_H2_128C_int8/672-122797-0062_generated.wav | RTF: 0.3074(0.822s / 2.675s) | Generator RTF: 0.3061(0.819s / 2.675s)
generated_audios/generated_H2_128C_int8/672-122797-0063_generated.wav | RTF: 0.0259(0.131s / 5.075s) | Generator RTF: 0.0252(0.128s / 5.075s)
generated_audios/generated_H2_128C_int8/672-122797-0064_generated.wav | RTF: 0.3045(4.650s / 15.270s) | Generator RTF: 0.3042(4.645s / 15.270s)
generated_audios/generated_H2_128C_int8/672-122797-0065_generated.wav | RTF: 0.0290(0.088s / 3.030s) | Generator RTF: 0.0279(0.085s / 3.030s)
generated_audios/generated_H2_128C_int8/672-122797-0066_generated.wav | RTF: 0.0277(0.134s / 4.815s) | Generator RTF: 0.0270(0.130s / 4.815s)
generated_audios/generated_H2_128C_int8/672-122797-0067_generated.wav | RTF: 0.2912(3.796s / 13.035s) | Generator RTF: 0.2909(3.792s / 13.035s)
generated_audios/generated_H2_128C_int8/672-122797-0068_generated.wav | RTF: 0.0272(0.109s / 4.020s) | Generator RTF: 0.0263(0.106s / 4.020s)
generated_audios/generated_H2_128C_int8/672-122797-0069_generated.wav | RTF: 0.3075(1.541s / 5.010s) | Generator RTF: 0.3068(1.537s / 5.010s)
generated_audios/generated_H2_128C_int8/672-122797-0070_generated.wav | RTF: 0.2851(1.788s / 6.270s) | Generator RTF: 0.2845(1.784s / 6.270s)
generated_audios/generated_H2_128C_int8/672-122797-0071_generated.wav | RTF: 0.3060(2.716s / 8.875s) | Generator RTF: 0.3055(2.712s / 8.875s)
generated_audios/generated_H2_128C_int8/672-122797-0072_generated.wav | RTF: 0.3123(2.480s / 7.940s) | Generator RTF: 0.3118(2.475s / 7.940s)
generated_audios/generated_H2_128C_int8/672-122797-0073_generated.wav | RTF: 0.3065(2.515s / 8.205s) | Generator RTF: 0.3060(2.511s / 8.205s)
generated_audios/generated_H2_128C_int8/672-122797-0074_generated.wav | RTF: 0.3085(2.693s / 8.730s) | Generator RTF: 0.3080(2.689s / 8.730s)
generated_audios/generated_H2_128C_int8/908-157963-0000_generated.wav | RTF: 0.2891(3.649s / 12.620s) | Generator RTF: 0.2888(3.645s / 12.620s)
generated_audios/generated_H2_128C_int8/908-157963-0001_generated.wav | RTF: 0.3002(0.866s / 2.885s) | Generator RTF: 0.2991(0.863s / 2.885s)
generated_audios/generated_H2_128C_int8/908-157963-0002_generated.wav | RTF: 0.3030(0.835s / 2.755s) | Generator RTF: 0.3018(0.831s / 2.755s)
generated_audios/generated_H2_128C_int8/908-157963-0003_generated.wav | RTF: 0.2983(0.919s / 3.080s) | Generator RTF: 0.2971(0.915s / 3.080s)
generated_audios/generated_H2_128C_int8/908-157963-0004_generated.wav | RTF: 0.3028(4.236s / 13.990s) | Generator RTF: 0.3024(4.231s / 13.990s)
generated_audios/generated_H2_128C_int8/908-157963-0005_generated.wav | RTF: 0.2992(2.105s / 7.035s) | Generator RTF: 0.2986(2.100s / 7.035s)
generated_audios/generated_H2_128C_int8/908-157963-0006_generated.wav | RTF: 0.3034(2.461s / 8.110s) | Generator RTF: 0.3029(2.457s / 8.110s)
generated_audios/generated_H2_128C_int8/908-157963-0007_generated.wav | RTF: 0.3146(10.309s / 32.770s) | Generator RTF: 0.3144(10.302s / 32.770s)
generated_audios/generated_H2_128C_int8/908-157963-0008_generated.wav | RTF: 0.3094(6.173s / 19.950s) | Generator RTF: 0.3091(6.167s / 19.950s)
generated_audios/generated_H2_128C_int8/908-157963-0009_generated.wav | RTF: 0.3089(1.254s / 4.060s) | Generator RTF: 0.3080(1.250s / 4.060s)
generated_audios/generated_H2_128C_int8/908-157963-0010_generated.wav | RTF: 0.0227(0.142s / 6.280s) | Generator RTF: 0.0220(0.138s / 6.280s)
generated_audios/generated_H2_128C_int8/908-157963-0011_generated.wav | RTF: 0.0257(0.267s / 10.395s) | Generator RTF: 0.0253(0.262s / 10.395s)
generated_audios/generated_H2_128C_int8/908-157963-0012_generated.wav | RTF: 0.3000(3.027s / 10.090s) | Generator RTF: 0.2995(3.022s / 10.090s)
generated_audios/generated_H2_128C_int8/908-157963-0013_generated.wav | RTF: 0.0278(0.120s / 4.315s) | Generator RTF: 0.0269(0.116s / 4.315s)
generated_audios/generated_H2_128C_int8/908-157963-0014_generated.wav | RTF: 0.0265(0.120s / 4.520s) | Generator RTF: 0.0257(0.116s / 4.520s)
generated_audios/generated_H2_128C_int8/908-157963-0015_generated.wav | RTF: 0.2851(4.124s / 14.465s) | Generator RTF: 0.2848(4.119s / 14.465s)
generated_audios/generated_H2_128C_int8/908-157963-0016_generated.wav | RTF: 0.0285(0.146s / 5.105s) | Generator RTF: 0.0278(0.142s / 5.105s)
generated_audios/generated_H2_128C_int8/908-157963-0017_generated.wav | RTF: 0.2879(1.425s / 4.950s) | Generator RTF: 0.2872(1.422s / 4.950s)
generated_audios/generated_H2_128C_int8/908-157963-0018_generated.wav | RTF: 0.0302(0.129s / 4.255s) | Generator RTF: 0.0297(0.126s / 4.255s)
generated_audios/generated_H2_128C_int8/908-157963-0019_generated.wav | RTF: 0.3119(6.686s / 21.440s) | Generator RTF: 0.3116(6.681s / 21.440s)
generated_audios/generated_H2_128C_int8/908-157963-0020_generated.wav | RTF: 0.3038(2.977s / 9.800s) | Generator RTF: 0.3033(2.973s / 9.800s)
generated_audios/generated_H2_128C_int8/908-157963-0021_generated.wav | RTF: 0.0259(0.265s / 10.240s) | Generator RTF: 0.0255(0.261s / 10.240s)
generated_audios/generated_H2_128C_int8/908-157963-0022_generated.wav | RTF: 0.3092(1.426s / 4.610s) | Generator RTF: 0.3084(1.422s / 4.610s)
generated_audios/generated_H2_128C_int8/908-157963-0023_generated.wav | RTF: 0.3119(3.002s / 9.625s) | Generator RTF: 0.3115(2.998s / 9.625s)
generated_audios/generated_H2_128C_int8/908-157963-0024_generated.wav | RTF: 0.3088(1.062s / 3.440s) | Generator RTF: 0.3077(1.059s / 3.440s)
generated_audios/generated_H2_128C_int8/908-157963-0025_generated.wav | RTF: 0.2902(2.689s / 9.265s) | Generator RTF: 0.2898(2.685s / 9.265s)
generated_audios/generated_H2_128C_int8/908-157963-0026_generated.wav | RTF: 0.2989(2.421s / 8.100s) | Generator RTF: 0.2984(2.417s / 8.100s)
generated_audios/generated_H2_128C_int8/908-157963-0027_generated.wav | RTF: 0.0271(0.141s / 5.225s) | Generator RTF: 0.0263(0.137s / 5.225s)
generated_audios/generated_H2_128C_int8/908-157963-0028_generated.wav | RTF: 0.0227(0.112s / 4.955s) | Generator RTF: 0.0219(0.109s / 4.955s)
generated_audios/generated_H2_128C_int8/908-157963-0029_generated.wav | RTF: 0.2808(1.019s / 3.630s) | Generator RTF: 0.2798(1.016s / 3.630s)
generated_audios/generated_H2_128C_int8/908-157963-0030_generated.wav | RTF: 0.0238(0.108s / 4.520s) | Generator RTF: 0.0230(0.104s / 4.520s)
generated_audios/generated_H2_128C_int8/908-31957-0000_generated.wav | RTF: 0.2882(0.612s / 2.125s) | Generator RTF: 0.2867(0.609s / 2.125s)
generated_audios/generated_H2_128C_int8/908-31957-0001_generated.wav | RTF: 0.3059(3.461s / 11.315s) | Generator RTF: 0.3055(3.457s / 11.315s)
generated_audios/generated_H2_128C_int8/908-31957-0002_generated.wav | RTF: 0.0269(0.129s / 4.790s) | Generator RTF: 0.0260(0.125s / 4.790s)
generated_audios/generated_H2_128C_int8/908-31957-0003_generated.wav | RTF: 0.0258(0.169s / 6.565s) | Generator RTF: 0.0253(0.166s / 6.565s)
generated_audios/generated_H2_128C_int8/908-31957-0004_generated.wav | RTF: 0.3070(4.530s / 14.755s) | Generator RTF: 0.3067(4.525s / 14.755s)
generated_audios/generated_H2_128C_int8/908-31957-0005_generated.wav | RTF: 0.0270(0.121s / 4.490s) | Generator RTF: 0.0262(0.118s / 4.490s)
generated_audios/generated_H2_128C_int8/908-31957-0006_generated.wav | RTF: 0.2834(1.669s / 5.890s) | Generator RTF: 0.2828(1.666s / 5.890s)
generated_audios/generated_H2_128C_int8/908-31957-0007_generated.wav | RTF: 0.0259(0.150s / 5.800s) | Generator RTF: 0.0252(0.146s / 5.800s)
generated_audios/generated_H2_128C_int8/908-31957-0008_generated.wav | RTF: 0.2814(2.815s / 10.005s) | Generator RTF: 0.2810(2.811s / 10.005s)
generated_audios/generated_H2_128C_int8/908-31957-0009_generated.wav | RTF: 0.2840(2.189s / 7.705s) | Generator RTF: 0.2835(2.184s / 7.705s)
generated_audios/generated_H2_128C_int8/908-31957-0010_generated.wav | RTF: 0.2834(0.711s / 2.510s) | Generator RTF: 0.2822(0.708s / 2.510s)
generated_audios/generated_H2_128C_int8/908-31957-0011_generated.wav | RTF: 0.0307(0.072s / 2.335s) | Generator RTF: 0.0295(0.069s / 2.335s)
generated_audios/generated_H2_128C_int8/908-31957-0012_generated.wav | RTF: 0.2991(2.278s / 7.615s) | Generator RTF: 0.2987(2.275s / 7.615s)
generated_audios/generated_H2_128C_int8/908-31957-0013_generated.wav | RTF: 0.3008(1.859s / 6.180s) | Generator RTF: 0.3002(1.856s / 6.180s)
generated_audios/generated_H2_128C_int8/908-31957-0014_generated.wav | RTF: 0.2826(2.136s / 7.560s) | Generator RTF: 0.2821(2.132s / 7.560s)
generated_audios/generated_H2_128C_int8/908-31957-0015_generated.wav | RTF: 0.2945(6.322s / 21.465s) | Generator RTF: 0.2943(6.317s / 21.465s)
generated_audios/generated_H2_128C_int8/908-31957-0016_generated.wav | RTF: 0.2854(1.849s / 6.480s) | Generator RTF: 0.2848(1.845s / 6.480s)
generated_audios/generated_H2_128C_int8/908-31957-0017_generated.wav | RTF: 0.3019(2.353s / 7.795s) | Generator RTF: 0.3014(2.349s / 7.795s)
generated_audios/generated_H2_128C_int8/908-31957-0018_generated.wav | RTF: 0.3111(1.218s / 3.915s) | Generator RTF: 0.3102(1.214s / 3.915s)
generated_audios/generated_H2_128C_int8/908-31957-0019_generated.wav | RTF: 0.3106(2.963s / 9.540s) | Generator RTF: 0.3101(2.958s / 9.540s)
generated_audios/generated_H2_128C_int8/908-31957-0020_generated.wav | RTF: 0.0222(0.131s / 5.895s) | Generator RTF: 0.0216(0.127s / 5.895s)
generated_audios/generated_H2_128C_int8/908-31957-0021_generated.wav | RTF: 0.2902(3.165s / 10.905s) | Generator RTF: 0.2899(3.161s / 10.905s)
generated_audios/generated_H2_128C_int8/908-31957-0022_generated.wav | RTF: 0.3092(4.360s / 14.100s) | Generator RTF: 0.3089(4.356s / 14.100s)
generated_audios/generated_H2_128C_int8/908-31957-0023_generated.wav | RTF: 0.3088(2.629s / 8.515s) | Generator RTF: 0.3083(2.625s / 8.515s)
generated_audios/generated_H2_128C_int8/908-31957-0024_generated.wav | RTF: 0.3001(2.263s / 7.540s) | Generator RTF: 0.2996(2.259s / 7.540s)
generated_audios/generated_H2_128C_int8/908-31957-0025_generated.wav | RTF: 0.3062(6.296s / 20.560s) | Generator RTF: 0.3060(6.291s / 20.560s)
Average RTF: 0.2088(659.637s / 3159.849s)
Average Generator RTF: 0.2082(657.773s / 3159.849s)
Evaluation summary:
  Mel-spectrogram L1: 1.514655
  PESQ: 1.194179
  STOI: 0.812473
Appended per-audio metrics to CSV: per_audio_results/H2_quantized_resblocks_range_2_9

Appended metrics to CSV: experiments_results.csv
Appended to experiments_results.csv:
H2_128C_quantized_resblocks_range_2_9,926177,2.451,0.2088,0.2082,1.1941789853572846,0.8124729155466003,1.5146546392440796
========== Done ==========
=== JOB_STATISTICS ===
=== current date     : Sun Jul  5 01:56:00 PM CEST 2026
= Job-ID             : 1428668 on tinyfat
= Job-Name           : inference_512ch_h1-4
= Job-Command        : /home/hpc/vlbi/vlbi107v/hifi-gan/inference_Test.sh
= Initial workdir    : /home/hpc/vlbi/vlbi107v/hifi-gan
= Queue/Partition    : work
= Slurm account      : vlbi with QOS=normal
= Requested resources:  for 1-00:00:00
= Elapsed runtime    : 00:14:38
= Total RAM usage    : 15.6 GiB of requested  GiB (%)   
= Node list          : tf093
= Subm/Elig/Start/End: 2026-07-05T13:41:22 / 2026-07-05T13:41:22 / 2026-07-05T13:41:22 / 2026-07-05T13:56:00
======================
=== Quota infos ======
    Path                 Used     SoftQ    HardQ    Gracetime  Filec    FileQ    FiHaQ    FileGrace    
    /home/hpc              92.1G   104.9G   209.7G        N/A      85K     500K   1,000K        N/A    
    /home/woody           281.2G  1000.0G  1500.0G        N/A     118K   5,000K   7,500K        N/A    
======================
