### Starting TaskPrologue of job 1428676 on tf060 at Sun Jul  5 01:44:06 PM CEST 2026
Running on cores 32-39,96-103 with governor ondemand
No GPU known
### Finished TaskPrologue

==========(sbatch.tinyfat) Inference: 128 Channels (g_07960000) ==========
========== H2: quantized (INT8 dynamic quantization) ==========
Initializing Inference Process..
Using device: cpu (baseline and quantized inference both run on CPU)
Quantization enabled: forcing CPU inference for INT8 model.
Loading '/home/hpc/vlbi/vlbi107v/hifi-gan/cp_hifigan/v1_c128/g_07960000'
Complete.
Checkpoint contains weight_norm parameters. Keeping weight_norm wrappers for loading...
Removing weight norm...
Calibrating static quantization using 50 samples...
INT8 quantization scope: resblocks_range
Quantizing residual blocks 2..9; all other layers stay FP32.
Checking quantized modules after static quantization:
Quantized module: resblocks.2.convs1.0 (torch.ao.nn.quantized.modules.conv.Conv1d)
Quantized module: resblocks.2.convs1.1 (torch.ao.nn.quantized.modules.conv.Conv1d)
Quantized module: resblocks.2.convs1.2 (torch.ao.nn.quantized.modules.conv.Conv1d)
Quantized module: resblocks.2.convs2.0 (torch.ao.nn.quantized.modules.conv.Conv1d)
Quantized module: resblocks.2.convs2.1 (torch.ao.nn.quantized.modules.conv.Conv1d)
Quantized module: resblocks.2.convs2.2 (torch.ao.nn.quantized.modules.conv.Conv1d)
Quantized module: resblocks.3.convs1.0 (torch.ao.nn.quantized.modules.conv.Conv1d)
Quantized module: resblocks.3.convs1.1 (torch.ao.nn.quantized.modules.conv.Conv1d)
Quantized module: resblocks.3.convs1.2 (torch.ao.nn.quantized.modules.conv.Conv1d)
Quantized module: resblocks.3.convs2.0 (torch.ao.nn.quantized.modules.conv.Conv1d)
Quantized module: resblocks.3.convs2.1 (torch.ao.nn.quantized.modules.conv.Conv1d)
Quantized module: resblocks.3.convs2.2 (torch.ao.nn.quantized.modules.conv.Conv1d)
Quantized module: resblocks.4.convs1.0 (torch.ao.nn.quantized.modules.conv.Conv1d)
Quantized module: resblocks.4.convs1.1 (torch.ao.nn.quantized.modules.conv.Conv1d)
Quantized module: resblocks.4.convs1.2 (torch.ao.nn.quantized.modules.conv.Conv1d)
Quantized module: resblocks.4.convs2.0 (torch.ao.nn.quantized.modules.conv.Conv1d)
Quantized module: resblocks.4.convs2.1 (torch.ao.nn.quantized.modules.conv.Conv1d)
Quantized module: resblocks.4.convs2.2 (torch.ao.nn.quantized.modules.conv.Conv1d)
Quantized module: resblocks.5.convs1.0 (torch.ao.nn.quantized.modules.conv.Conv1d)
Quantized module: resblocks.5.convs1.1 (torch.ao.nn.quantized.modules.conv.Conv1d)
Quantized module: resblocks.5.convs1.2 (torch.ao.nn.quantized.modules.conv.Conv1d)
Quantized module: resblocks.5.convs2.0 (torch.ao.nn.quantized.modules.conv.Conv1d)
Quantized module: resblocks.5.convs2.1 (torch.ao.nn.quantized.modules.conv.Conv1d)
Quantized module: resblocks.5.convs2.2 (torch.ao.nn.quantized.modules.conv.Conv1d)
Quantized module: resblocks.6.convs1.0 (torch.ao.nn.quantized.modules.conv.Conv1d)
Quantized module: resblocks.6.convs1.1 (torch.ao.nn.quantized.modules.conv.Conv1d)
Quantized module: resblocks.6.convs1.2 (torch.ao.nn.quantized.modules.conv.Conv1d)
Quantized module: resblocks.6.convs2.0 (torch.ao.nn.quantized.modules.conv.Conv1d)
Quantized module: resblocks.6.convs2.1 (torch.ao.nn.quantized.modules.conv.Conv1d)
Quantized module: resblocks.6.convs2.2 (torch.ao.nn.quantized.modules.conv.Conv1d)
Quantized module: resblocks.7.convs1.0 (torch.ao.nn.quantized.modules.conv.Conv1d)
Quantized module: resblocks.7.convs1.1 (torch.ao.nn.quantized.modules.conv.Conv1d)
Quantized module: resblocks.7.convs1.2 (torch.ao.nn.quantized.modules.conv.Conv1d)
Quantized module: resblocks.7.convs2.0 (torch.ao.nn.quantized.modules.conv.Conv1d)
Quantized module: resblocks.7.convs2.1 (torch.ao.nn.quantized.modules.conv.Conv1d)
Quantized module: resblocks.7.convs2.2 (torch.ao.nn.quantized.modules.conv.Conv1d)
Quantized module: resblocks.8.convs1.0 (torch.ao.nn.quantized.modules.conv.Conv1d)
Quantized module: resblocks.8.convs1.1 (torch.ao.nn.quantized.modules.conv.Conv1d)
Quantized module: resblocks.8.convs1.2 (torch.ao.nn.quantized.modules.conv.Conv1d)
Quantized module: resblocks.8.convs2.0 (torch.ao.nn.quantized.modules.conv.Conv1d)
Quantized module: resblocks.8.convs2.1 (torch.ao.nn.quantized.modules.conv.Conv1d)
Quantized module: resblocks.8.convs2.2 (torch.ao.nn.quantized.modules.conv.Conv1d)
Quantized module: resblocks.9.convs1.0 (torch.ao.nn.quantized.modules.conv.Conv1d)
Quantized module: resblocks.9.convs1.1 (torch.ao.nn.quantized.modules.conv.Conv1d)
Quantized module: resblocks.9.convs1.2 (torch.ao.nn.quantized.modules.conv.Conv1d)
Quantized module: resblocks.9.convs2.0 (torch.ao.nn.quantized.modules.conv.Conv1d)
Quantized module: resblocks.9.convs2.1 (torch.ao.nn.quantized.modules.conv.Conv1d)
Quantized module: resblocks.9.convs2.2 (torch.ao.nn.quantized.modules.conv.Conv1d)
Saving checkpoint to /home/hpc/vlbi/vlbi107v/hifi-gan/cp_hifigan/v1_c128/compressed_checkpoint_int8
Complete.
Saved compressed checkpoint: /home/hpc/vlbi/vlbi107v/hifi-gan/cp_hifigan/v1_c128/compressed_checkpoint_int8 (2.451 MB)
Compressed checkpoint parameters: 926,177
Loaded checkpoint: /home/hpc/vlbi/vlbi107v/hifi-gan/cp_hifigan/v1_c128/g_07960000 (3.617 MB)
Generator parameters: 926,177
generated_audios/generated_H2_128C_int8/1089-134686-0000_generated.wav | RTF: 0.0254(0.266s / 10.435s) | Generator RTF: 0.0251(0.262s / 10.435s)
generated_audios/generated_H2_128C_int8/1089-134686-0001_generated.wav | RTF: 0.0321(0.105s / 3.275s) | Generator RTF: 0.0312(0.102s / 3.275s)
generated_audios/generated_H2_128C_int8/1089-134686-0002_generated.wav | RTF: 0.0294(0.195s / 6.625s) | Generator RTF: 0.0289(0.191s / 6.625s)
generated_audios/generated_H2_128C_int8/1089-134686-0003_generated.wav | RTF: 0.0293(0.079s / 2.680s) | Generator RTF: 0.0282(0.075s / 2.680s)
generated_audios/generated_H2_128C_int8/1089-134686-0004_generated.wav | RTF: 0.0255(0.133s / 5.215s) | Generator RTF: 0.0249(0.130s / 5.215s)
generated_audios/generated_H2_128C_int8/1089-134686-0005_generated.wav | RTF: 0.0260(0.251s / 9.635s) | Generator RTF: 0.0256(0.247s / 9.635s)
generated_audios/generated_H2_128C_int8/1089-134686-0006_generated.wav | RTF: 0.0276(0.291s / 10.555s) | Generator RTF: 0.0271(0.287s / 10.555s)
generated_audios/generated_H2_128C_int8/1089-134686-0007_generated.wav | RTF: 0.0267(0.114s / 4.275s) | Generator RTF: 0.0258(0.110s / 4.275s)
generated_audios/generated_H2_128C_int8/1089-134686-0008_generated.wav | RTF: 0.0286(0.192s / 6.730s) | Generator RTF: 0.0280(0.189s / 6.730s)
generated_audios/generated_H2_128C_int8/1089-134686-0009_generated.wav | RTF: 0.0253(0.267s / 10.575s) | Generator RTF: 0.0249(0.264s / 10.575s)
generated_audios/generated_H2_128C_int8/1089-134686-0010_generated.wav | RTF: 0.0263(0.116s / 4.405s) | Generator RTF: 0.0255(0.112s / 4.405s)
generated_audios/generated_H2_128C_int8/1089-134686-0011_generated.wav | RTF: 0.0270(0.336s / 12.445s) | Generator RTF: 0.0267(0.332s / 12.445s)
generated_audios/generated_H2_128C_int8/1089-134686-0012_generated.wav | RTF: 0.0296(0.345s / 11.640s) | Generator RTF: 0.0292(0.340s / 11.640s)
generated_audios/generated_H2_128C_int8/1089-134686-0013_generated.wav | RTF: 0.0282(0.223s / 7.915s) | Generator RTF: 0.0277(0.219s / 7.915s)
generated_audios/generated_H2_128C_int8/1089-134686-0014_generated.wav | RTF: 0.0306(0.068s / 2.225s) | Generator RTF: 0.0293(0.065s / 2.225s)
generated_audios/generated_H2_128C_int8/1089-134686-0015_generated.wav | RTF: 0.0252(0.146s / 5.815s) | Generator RTF: 0.0246(0.143s / 5.815s)
generated_audios/generated_H2_128C_int8/1089-134686-0016_generated.wav | RTF: 0.0277(0.098s / 3.540s) | Generator RTF: 0.0268(0.095s / 3.540s)
generated_audios/generated_H2_128C_int8/1089-134686-0017_generated.wav | RTF: 0.0251(0.223s / 8.870s) | Generator RTF: 0.0247(0.219s / 8.870s)
generated_audios/generated_H2_128C_int8/1089-134686-0018_generated.wav | RTF: 0.0264(0.415s / 15.720s) | Generator RTF: 0.0261(0.410s / 15.720s)
generated_audios/generated_H2_128C_int8/1089-134686-0019_generated.wav | RTF: 0.0264(0.366s / 13.895s) | Generator RTF: 0.0260(0.361s / 13.895s)
generated_audios/generated_H2_128C_int8/1089-134686-0020_generated.wav | RTF: 0.0288(0.484s / 16.790s) | Generator RTF: 0.0285(0.479s / 16.790s)
generated_audios/generated_H2_128C_int8/1089-134686-0021_generated.wav | RTF: 0.0277(0.182s / 6.550s) | Generator RTF: 0.0271(0.178s / 6.550s)
generated_audios/generated_H2_128C_int8/1089-134686-0022_generated.wav | RTF: 0.0267(0.298s / 11.175s) | Generator RTF: 0.0263(0.294s / 11.175s)
generated_audios/generated_H2_128C_int8/1089-134686-0023_generated.wav | RTF: 0.0276(0.366s / 13.275s) | Generator RTF: 0.0272(0.361s / 13.275s)
generated_audios/generated_H2_128C_int8/1089-134686-0024_generated.wav | RTF: 0.0275(0.320s / 11.655s) | Generator RTF: 0.0271(0.316s / 11.655s)
generated_audios/generated_H2_128C_int8/1089-134686-0025_generated.wav | RTF: 0.0259(0.171s / 6.610s) | Generator RTF: 0.0254(0.168s / 6.610s)
generated_audios/generated_H2_128C_int8/1089-134686-0026_generated.wav | RTF: 0.0307(0.123s / 4.010s) | Generator RTF: 0.0299(0.120s / 4.010s)
generated_audios/generated_H2_128C_int8/1089-134686-0027_generated.wav | RTF: 0.0293(0.079s / 2.710s) | Generator RTF: 0.0281(0.076s / 2.710s)
generated_audios/generated_H2_128C_int8/1089-134686-0028_generated.wav | RTF: 0.0255(0.199s / 7.830s) | Generator RTF: 0.0250(0.196s / 7.830s)
generated_audios/generated_H2_128C_int8/1089-134686-0029_generated.wav | RTF: 0.0305(0.142s / 4.670s) | Generator RTF: 0.0297(0.139s / 4.670s)
generated_audios/generated_H2_128C_int8/1089-134686-0030_generated.wav | RTF: 0.0249(0.068s / 2.715s) | Generator RTF: 0.0236(0.064s / 2.715s)
generated_audios/generated_H2_128C_int8/1089-134686-0031_generated.wav | RTF: 0.0219(0.145s / 6.615s) | Generator RTF: 0.0214(0.141s / 6.615s)
generated_audios/generated_H2_128C_int8/121-121726-0000_generated.wav | RTF: 0.0266(0.225s / 8.460s) | Generator RTF: 0.0261(0.221s / 8.460s)
generated_audios/generated_H2_128C_int8/121-121726-0001_generated.wav | RTF: 0.0294(0.174s / 5.925s) | Generator RTF: 0.0287(0.170s / 5.925s)
generated_audios/generated_H2_128C_int8/121-121726-0002_generated.wav | RTF: 0.0226(0.100s / 4.410s) | Generator RTF: 0.0218(0.096s / 4.410s)
generated_audios/generated_H2_128C_int8/121-121726-0003_generated.wav | RTF: 0.0259(0.175s / 6.755s) | Generator RTF: 0.0254(0.171s / 6.755s)
generated_audios/generated_H2_128C_int8/121-121726-0004_generated.wav | RTF: 0.0267(0.107s / 4.020s) | Generator RTF: 0.0258(0.104s / 4.020s)
generated_audios/generated_H2_128C_int8/121-121726-0005_generated.wav | RTF: 0.0277(0.086s / 3.100s) | Generator RTF: 0.0267(0.083s / 3.100s)
generated_audios/generated_H2_128C_int8/121-121726-0006_generated.wav | RTF: 0.0276(0.107s / 3.895s) | Generator RTF: 0.0267(0.104s / 3.895s)
generated_audios/generated_H2_128C_int8/121-121726-0007_generated.wav | RTF: 0.0287(0.193s / 6.730s) | Generator RTF: 0.0282(0.190s / 6.730s)
generated_audios/generated_H2_128C_int8/121-121726-0008_generated.wav | RTF: 0.0291(0.145s / 4.990s) | Generator RTF: 0.0286(0.143s / 4.990s)
generated_audios/generated_H2_128C_int8/121-121726-0009_generated.wav | RTF: 0.0263(0.191s / 7.260s) | Generator RTF: 0.0258(0.188s / 7.260s)
generated_audios/generated_H2_128C_int8/121-121726-0010_generated.wav | RTF: 0.0267(0.262s / 9.810s) | Generator RTF: 0.0261(0.256s / 9.810s)
generated_audios/generated_H2_128C_int8/121-121726-0011_generated.wav | RTF: 0.0267(0.108s / 4.035s) | Generator RTF: 0.0257(0.104s / 4.035s)
generated_audios/generated_H2_128C_int8/121-121726-0012_generated.wav | RTF: 0.0286(0.116s / 4.045s) | Generator RTF: 0.0277(0.112s / 4.045s)
generated_audios/generated_H2_128C_int8/121-121726-0013_generated.wav | RTF: 0.0290(0.072s / 2.490s) | Generator RTF: 0.0278(0.069s / 2.490s)
generated_audios/generated_H2_128C_int8/121-121726-0014_generated.wav | RTF: 0.0276(0.087s / 3.165s) | Generator RTF: 0.0266(0.084s / 3.165s)
generated_audios/generated_H2_128C_int8/121-123852-0000_generated.wav | RTF: 0.0291(0.515s / 17.695s) | Generator RTF: 0.0288(0.510s / 17.695s)
generated_audios/generated_H2_128C_int8/121-123852-0001_generated.wav | RTF: 0.0325(0.061s / 1.870s) | Generator RTF: 0.0306(0.057s / 1.870s)
generated_audios/generated_H2_128C_int8/121-123852-0002_generated.wav | RTF: 0.0289(0.499s / 17.285s) | Generator RTF: 0.0286(0.495s / 17.285s)
generated_audios/generated_H2_128C_int8/121-123852-0003_generated.wav | RTF: 0.3075(7.228s / 23.505s) | Generator RTF: 0.3073(7.223s / 23.505s)
generated_audios/generated_H2_128C_int8/121-123852-0004_generated.wav | RTF: 0.2822(4.596s / 16.290s) | Generator RTF: 0.2819(4.592s / 16.290s)
generated_audios/generated_H2_128C_int8/121-123859-0000_generated.wav | RTF: 0.2676(4.653s / 17.390s) | Generator RTF: 0.2673(4.648s / 17.390s)
generated_audios/generated_H2_128C_int8/121-123859-0001_generated.wav | RTF: 0.2742(6.962s / 25.395s) | Generator RTF: 0.2739(6.957s / 25.395s)
generated_audios/generated_H2_128C_int8/121-123859-0002_generated.wav | RTF: 0.2887(8.672s / 30.040s) | Generator RTF: 0.2885(8.666s / 30.040s)
generated_audios/generated_H2_128C_int8/121-123859-0003_generated.wav | RTF: 0.2601(2.816s / 10.825s) | Generator RTF: 0.2597(2.812s / 10.825s)
generated_audios/generated_H2_128C_int8/121-123859-0004_generated.wav | RTF: 0.2597(2.468s / 9.505s) | Generator RTF: 0.2592(2.464s / 9.505s)
generated_audios/generated_H2_128C_int8/121-127105-0000_generated.wav | RTF: 0.2610(2.577s / 9.875s) | Generator RTF: 0.2606(2.573s / 9.875s)
generated_audios/generated_H2_128C_int8/121-127105-0001_generated.wav | RTF: 0.2449(1.231s / 5.025s) | Generator RTF: 0.2441(1.227s / 5.025s)
generated_audios/generated_H2_128C_int8/121-127105-0002_generated.wav | RTF: 0.2434(1.824s / 7.495s) | Generator RTF: 0.2429(1.820s / 7.495s)
generated_audios/generated_H2_128C_int8/121-127105-0003_generated.wav | RTF: 0.2563(1.980s / 7.725s) | Generator RTF: 0.2558(1.976s / 7.725s)
generated_audios/generated_H2_128C_int8/121-127105-0004_generated.wav | RTF: 0.2539(0.536s / 2.110s) | Generator RTF: 0.2522(0.532s / 2.110s)
generated_audios/generated_H2_128C_int8/121-127105-0005_generated.wav | RTF: 0.2492(1.450s / 5.820s) | Generator RTF: 0.2485(1.447s / 5.820s)
generated_audios/generated_H2_128C_int8/121-127105-0006_generated.wav | RTF: 0.2580(1.219s / 4.725s) | Generator RTF: 0.2572(1.215s / 4.725s)
generated_audios/generated_H2_128C_int8/121-127105-0007_generated.wav | RTF: 0.2488(1.440s / 5.790s) | Generator RTF: 0.2481(1.437s / 5.790s)
generated_audios/generated_H2_128C_int8/121-127105-0008_generated.wav | RTF: 0.2513(0.694s / 2.760s) | Generator RTF: 0.2501(0.690s / 2.760s)
generated_audios/generated_H2_128C_int8/121-127105-0009_generated.wav | RTF: 0.2552(0.584s / 2.290s) | Generator RTF: 0.2537(0.581s / 2.290s)
generated_audios/generated_H2_128C_int8/121-127105-0010_generated.wav | RTF: 0.2517(0.717s / 2.850s) | Generator RTF: 0.2505(0.714s / 2.850s)
generated_audios/generated_H2_128C_int8/121-127105-0011_generated.wav | RTF: 0.2568(1.484s / 5.780s) | Generator RTF: 0.2564(1.482s / 5.780s)
generated_audios/generated_H2_128C_int8/121-127105-0012_generated.wav | RTF: 0.2616(1.263s / 4.830s) | Generator RTF: 0.2608(1.260s / 4.830s)
generated_audios/generated_H2_128C_int8/121-127105-0013_generated.wav | RTF: 0.2464(1.452s / 5.895s) | Generator RTF: 0.2457(1.449s / 5.895s)
generated_audios/generated_H2_128C_int8/121-127105-0014_generated.wav | RTF: 0.2412(0.544s / 2.255s) | Generator RTF: 0.2397(0.541s / 2.255s)
generated_audios/generated_H2_128C_int8/121-127105-0015_generated.wav | RTF: 0.2537(0.751s / 2.960s) | Generator RTF: 0.2525(0.747s / 2.960s)
generated_audios/generated_H2_128C_int8/121-127105-0016_generated.wav | RTF: 0.2451(0.498s / 2.030s) | Generator RTF: 0.2435(0.494s / 2.030s)
generated_audios/generated_H2_128C_int8/121-127105-0017_generated.wav | RTF: 0.2542(0.685s / 2.695s) | Generator RTF: 0.2530(0.682s / 2.695s)
generated_audios/generated_H2_128C_int8/121-127105-0018_generated.wav | RTF: 0.2566(0.711s / 2.770s) | Generator RTF: 0.2554(0.708s / 2.770s)
generated_audios/generated_H2_128C_int8/121-127105-0019_generated.wav | RTF: 0.2457(0.866s / 3.525s) | Generator RTF: 0.2447(0.863s / 3.525s)
generated_audios/generated_H2_128C_int8/121-127105-0020_generated.wav | RTF: 0.2725(3.912s / 14.355s) | Generator RTF: 0.2722(3.908s / 14.355s)
generated_audios/generated_H2_128C_int8/121-127105-0021_generated.wav | RTF: 0.2445(0.489s / 2.000s) | Generator RTF: 0.2428(0.486s / 2.000s)
generated_audios/generated_H2_128C_int8/121-127105-0022_generated.wav | RTF: 0.2532(1.285s / 5.075s) | Generator RTF: 0.2525(1.281s / 5.075s)
generated_audios/generated_H2_128C_int8/121-127105-0023_generated.wav | RTF: 0.2471(2.696s / 10.910s) | Generator RTF: 0.2467(2.692s / 10.910s)
generated_audios/generated_H2_128C_int8/121-127105-0024_generated.wav | RTF: 0.2843(4.108s / 14.450s) | Generator RTF: 0.2840(4.104s / 14.450s)
generated_audios/generated_H2_128C_int8/121-127105-0025_generated.wav | RTF: 0.2703(4.343s / 16.065s) | Generator RTF: 0.2700(4.338s / 16.065s)
generated_audios/generated_H2_128C_int8/121-127105-0026_generated.wav | RTF: 0.2453(1.847s / 7.530s) | Generator RTF: 0.2447(1.843s / 7.530s)
generated_audios/generated_H2_128C_int8/121-127105-0027_generated.wav | RTF: 0.2746(3.808s / 13.870s) | Generator RTF: 0.2743(3.804s / 13.870s)
generated_audios/generated_H2_128C_int8/121-127105-0028_generated.wav | RTF: 0.0254(0.171s / 6.750s) | Generator RTF: 0.0248(0.168s / 6.750s)
generated_audios/generated_H2_128C_int8/121-127105-0029_generated.wav | RTF: 0.2550(1.864s / 7.310s) | Generator RTF: 0.2545(1.860s / 7.310s)
generated_audios/generated_H2_128C_int8/121-127105-0030_generated.wav | RTF: 0.2491(0.542s / 2.175s) | Generator RTF: 0.2476(0.539s / 2.175s)
generated_audios/generated_H2_128C_int8/121-127105-0031_generated.wav | RTF: 0.2423(2.608s / 10.765s) | Generator RTF: 0.2419(2.604s / 10.765s)
generated_audios/generated_H2_128C_int8/121-127105-0032_generated.wav | RTF: 0.2391(0.758s / 3.170s) | Generator RTF: 0.2380(0.754s / 3.170s)
generated_audios/generated_H2_128C_int8/121-127105-0033_generated.wav | RTF: 0.2522(0.594s / 2.355s) | Generator RTF: 0.2508(0.591s / 2.355s)
generated_audios/generated_H2_128C_int8/121-127105-0034_generated.wav | RTF: 0.2620(1.941s / 7.410s) | Generator RTF: 0.2615(1.937s / 7.410s)
generated_audios/generated_H2_128C_int8/121-127105-0035_generated.wav | RTF: 0.2694(3.812s / 14.150s) | Generator RTF: 0.2691(3.808s / 14.150s)
generated_audios/generated_H2_128C_int8/121-127105-0036_generated.wav | RTF: 0.2405(0.998s / 4.150s) | Generator RTF: 0.2397(0.995s / 4.150s)
generated_audios/generated_H2_128C_int8/237-126133-0000_generated.wav | RTF: 0.2854(3.793s / 13.290s) | Generator RTF: 0.2850(3.788s / 13.290s)
generated_audios/generated_H2_128C_int8/237-126133-0001_generated.wav | RTF: 0.2874(3.439s / 11.965s) | Generator RTF: 0.2871(3.435s / 11.965s)
generated_audios/generated_H2_128C_int8/237-126133-0002_generated.wav | RTF: 0.2484(2.216s / 8.920s) | Generator RTF: 0.2480(2.212s / 8.920s)
generated_audios/generated_H2_128C_int8/237-126133-0003_generated.wav | RTF: 0.2559(1.679s / 6.560s) | Generator RTF: 0.2553(1.675s / 6.560s)
generated_audios/generated_H2_128C_int8/237-126133-0004_generated.wav | RTF: 0.2569(0.847s / 3.295s) | Generator RTF: 0.2559(0.843s / 3.295s)
generated_audios/generated_H2_128C_int8/237-126133-0005_generated.wav | RTF: 0.2595(1.690s / 6.510s) | Generator RTF: 0.2590(1.686s / 6.510s)
generated_audios/generated_H2_128C_int8/237-126133-0006_generated.wav | RTF: 0.2550(1.568s / 6.150s) | Generator RTF: 0.2544(1.564s / 6.150s)
generated_audios/generated_H2_128C_int8/237-126133-0007_generated.wav | RTF: 0.2436(2.115s / 8.680s) | Generator RTF: 0.2432(2.111s / 8.680s)
generated_audios/generated_H2_128C_int8/237-126133-0008_generated.wav | RTF: 0.2576(0.996s / 3.865s) | Generator RTF: 0.2566(0.992s / 3.865s)
generated_audios/generated_H2_128C_int8/237-126133-0009_generated.wav | RTF: 0.2535(1.007s / 3.970s) | Generator RTF: 0.2526(1.003s / 3.970s)
generated_audios/generated_H2_128C_int8/237-126133-0010_generated.wav | RTF: 0.2471(1.542s / 6.240s) | Generator RTF: 0.2466(1.539s / 6.240s)
generated_audios/generated_H2_128C_int8/237-126133-0011_generated.wav | RTF: 0.2640(1.771s / 6.710s) | Generator RTF: 0.2634(1.768s / 6.710s)
generated_audios/generated_H2_128C_int8/237-126133-0012_generated.wav | RTF: 0.2617(1.165s / 4.450s) | Generator RTF: 0.2609(1.161s / 4.450s)
generated_audios/generated_H2_128C_int8/237-126133-0013_generated.wav | RTF: 0.2599(1.771s / 6.815s) | Generator RTF: 0.2594(1.768s / 6.815s)
generated_audios/generated_H2_128C_int8/237-126133-0014_generated.wav | RTF: 0.2594(1.762s / 6.790s) | Generator RTF: 0.2589(1.758s / 6.790s)
generated_audios/generated_H2_128C_int8/237-126133-0015_generated.wav | RTF: 0.2467(2.304s / 9.340s) | Generator RTF: 0.2462(2.300s / 9.340s)
generated_audios/generated_H2_128C_int8/237-126133-0016_generated.wav | RTF: 0.2471(1.050s / 4.250s) | Generator RTF: 0.2462(1.046s / 4.250s)
generated_audios/generated_H2_128C_int8/237-126133-0017_generated.wav | RTF: 0.2486(1.544s / 6.210s) | Generator RTF: 0.2481(1.540s / 6.210s)
generated_audios/generated_H2_128C_int8/237-126133-0018_generated.wav | RTF: 0.2606(1.067s / 4.095s) | Generator RTF: 0.2598(1.064s / 4.095s)
generated_audios/generated_H2_128C_int8/237-126133-0019_generated.wav | RTF: 0.2645(1.883s / 7.120s) | Generator RTF: 0.2640(1.880s / 7.120s)
generated_audios/generated_H2_128C_int8/237-126133-0020_generated.wav | RTF: 0.2403(0.538s / 2.240s) | Generator RTF: 0.2388(0.535s / 2.240s)
generated_audios/generated_H2_128C_int8/237-126133-0021_generated.wav | RTF: 0.2437(1.064s / 4.365s) | Generator RTF: 0.2429(1.060s / 4.365s)
generated_audios/generated_H2_128C_int8/237-126133-0022_generated.wav | RTF: 0.2589(1.305s / 5.040s) | Generator RTF: 0.2582(1.302s / 5.040s)
generated_audios/generated_H2_128C_int8/237-126133-0023_generated.wav | RTF: 0.2596(1.733s / 6.675s) | Generator RTF: 0.2591(1.729s / 6.675s)
generated_audios/generated_H2_128C_int8/237-126133-0024_generated.wav | RTF: 0.2635(2.547s / 9.665s) | Generator RTF: 0.2631(2.543s / 9.665s)
generated_audios/generated_H2_128C_int8/237-126133-0025_generated.wav | RTF: 0.2547(0.956s / 3.755s) | Generator RTF: 0.2537(0.953s / 3.755s)
generated_audios/generated_H2_128C_int8/237-134493-0000_generated.wav | RTF: 0.2632(1.081s / 4.105s) | Generator RTF: 0.2624(1.077s / 4.105s)
generated_audios/generated_H2_128C_int8/237-134493-0001_generated.wav | RTF: 0.2585(1.908s / 7.380s) | Generator RTF: 0.2581(1.904s / 7.380s)
generated_audios/generated_H2_128C_int8/237-134493-0002_generated.wav | RTF: 0.2688(3.063s / 11.395s) | Generator RTF: 0.2684(3.059s / 11.395s)
generated_audios/generated_H2_128C_int8/237-134493-0003_generated.wav | RTF: 0.2839(3.624s / 12.765s) | Generator RTF: 0.2835(3.619s / 12.765s)
generated_audios/generated_H2_128C_int8/237-134493-0004_generated.wav | RTF: 0.2626(1.793s / 6.825s) | Generator RTF: 0.2621(1.789s / 6.825s)
generated_audios/generated_H2_128C_int8/237-134493-0005_generated.wav | RTF: 0.2487(2.722s / 10.945s) | Generator RTF: 0.2483(2.718s / 10.945s)
generated_audios/generated_H2_128C_int8/237-134493-0006_generated.wav | RTF: 0.2454(1.078s / 4.395s) | Generator RTF: 0.2445(1.075s / 4.395s)
generated_audios/generated_H2_128C_int8/237-134493-0007_generated.wav | RTF: 0.2427(0.494s / 2.035s) | Generator RTF: 0.2411(0.491s / 2.035s)
generated_audios/generated_H2_128C_int8/237-134493-0008_generated.wav | RTF: 0.2391(0.551s / 2.305s) | Generator RTF: 0.2377(0.548s / 2.305s)
generated_audios/generated_H2_128C_int8/237-134493-0009_generated.wav | RTF: 0.2622(0.780s / 2.975s) | Generator RTF: 0.2611(0.777s / 2.975s)
generated_audios/generated_H2_128C_int8/237-134493-0010_generated.wav | RTF: 0.2558(0.735s / 2.875s) | Generator RTF: 0.2546(0.732s / 2.875s)
generated_audios/generated_H2_128C_int8/237-134493-0011_generated.wav | RTF: 0.2649(1.334s / 5.035s) | Generator RTF: 0.2643(1.331s / 5.035s)
generated_audios/generated_H2_128C_int8/237-134493-0012_generated.wav | RTF: 0.2441(0.893s / 3.660s) | Generator RTF: 0.2431(0.890s / 3.660s)
generated_audios/generated_H2_128C_int8/237-134493-0013_generated.wav | RTF: 0.0247(0.101s / 4.090s) | Generator RTF: 0.0239(0.098s / 4.090s)
generated_audios/generated_H2_128C_int8/237-134493-0014_generated.wav | RTF: 0.2478(0.917s / 3.700s) | Generator RTF: 0.2469(0.913s / 3.700s)
generated_audios/generated_H2_128C_int8/237-134493-0015_generated.wav | RTF: 0.0280(0.183s / 6.550s) | Generator RTF: 0.0274(0.179s / 6.550s)
generated_audios/generated_H2_128C_int8/237-134493-0016_generated.wav | RTF: 0.2629(2.651s / 10.085s) | Generator RTF: 0.2624(2.647s / 10.085s)
generated_audios/generated_H2_128C_int8/237-134493-0017_generated.wav | RTF: 0.2623(2.388s / 9.105s) | Generator RTF: 0.2619(2.385s / 9.105s)
generated_audios/generated_H2_128C_int8/237-134493-0018_generated.wav | RTF: 0.2599(1.245s / 4.790s) | Generator RTF: 0.2592(1.242s / 4.790s)
generated_audios/generated_H2_128C_int8/237-134500-0000_generated.wav | RTF: 0.2562(1.570s / 6.130s) | Generator RTF: 0.2556(1.567s / 6.130s)
generated_audios/generated_H2_128C_int8/237-134500-0001_generated.wav | RTF: 0.2384(0.431s / 1.810s) | Generator RTF: 0.2365(0.428s / 1.810s)
generated_audios/generated_H2_128C_int8/237-134500-0002_generated.wav | RTF: 0.2600(1.318s / 5.070s) | Generator RTF: 0.2592(1.314s / 5.070s)
generated_audios/generated_H2_128C_int8/237-134500-0003_generated.wav | RTF: 0.0301(0.095s / 3.170s) | Generator RTF: 0.0291(0.092s / 3.170s)
generated_audios/generated_H2_128C_int8/237-134500-0004_generated.wav | RTF: 0.0307(0.068s / 2.225s) | Generator RTF: 0.0293(0.065s / 2.225s)
generated_audios/generated_H2_128C_int8/237-134500-0005_generated.wav | RTF: 0.2512(0.600s / 2.390s) | Generator RTF: 0.2500(0.598s / 2.390s)
generated_audios/generated_H2_128C_int8/237-134500-0006_generated.wav | RTF: 0.2466(1.042s / 4.225s) | Generator RTF: 0.2458(1.038s / 4.225s)
generated_audios/generated_H2_128C_int8/237-134500-0007_generated.wav | RTF: 0.0255(0.061s / 2.390s) | Generator RTF: 0.0242(0.058s / 2.390s)
generated_audios/generated_H2_128C_int8/237-134500-0008_generated.wav | RTF: 0.0279(0.105s / 3.760s) | Generator RTF: 0.0269(0.101s / 3.760s)
generated_audios/generated_H2_128C_int8/237-134500-0009_generated.wav | RTF: 0.0258(0.057s / 2.220s) | Generator RTF: 0.0243(0.054s / 2.220s)
generated_audios/generated_H2_128C_int8/237-134500-0010_generated.wav | RTF: 0.2592(1.036s / 3.995s) | Generator RTF: 0.2584(1.032s / 3.995s)
generated_audios/generated_H2_128C_int8/237-134500-0011_generated.wav | RTF: 0.2466(0.826s / 3.350s) | Generator RTF: 0.2456(0.823s / 3.350s)
generated_audios/generated_H2_128C_int8/237-134500-0012_generated.wav | RTF: 0.2681(2.931s / 10.935s) | Generator RTF: 0.2677(2.927s / 10.935s)
generated_audios/generated_H2_128C_int8/237-134500-0013_generated.wav | RTF: 0.0280(0.296s / 10.560s) | Generator RTF: 0.0276(0.291s / 10.560s)
generated_audios/generated_H2_128C_int8/237-134500-0014_generated.wav | RTF: 0.0305(0.130s / 4.250s) | Generator RTF: 0.0297(0.126s / 4.250s)
generated_audios/generated_H2_128C_int8/237-134500-0015_generated.wav | RTF: 0.2603(2.815s / 10.815s) | Generator RTF: 0.2599(2.811s / 10.815s)
generated_audios/generated_H2_128C_int8/237-134500-0016_generated.wav | RTF: 0.0287(0.091s / 3.160s) | Generator RTF: 0.0276(0.087s / 3.160s)
generated_audios/generated_H2_128C_int8/237-134500-0017_generated.wav | RTF: 0.0302(0.066s / 2.180s) | Generator RTF: 0.0286(0.062s / 2.180s)
generated_audios/generated_H2_128C_int8/237-134500-0018_generated.wav | RTF: 0.2864(3.679s / 12.845s) | Generator RTF: 0.2861(3.675s / 12.845s)
generated_audios/generated_H2_128C_int8/237-134500-0019_generated.wav | RTF: 0.2446(0.700s / 2.860s) | Generator RTF: 0.2434(0.696s / 2.860s)
generated_audios/generated_H2_128C_int8/237-134500-0020_generated.wav | RTF: 0.0259(0.057s / 2.180s) | Generator RTF: 0.0245(0.053s / 2.180s)
generated_audios/generated_H2_128C_int8/237-134500-0021_generated.wav | RTF: 0.2445(1.252s / 5.120s) | Generator RTF: 0.2438(1.248s / 5.120s)
generated_audios/generated_H2_128C_int8/237-134500-0022_generated.wav | RTF: 0.2493(1.288s / 5.165s) | Generator RTF: 0.2486(1.284s / 5.165s)
generated_audios/generated_H2_128C_int8/237-134500-0023_generated.wav | RTF: 0.2619(0.801s / 3.060s) | Generator RTF: 0.2608(0.798s / 3.060s)
generated_audios/generated_H2_128C_int8/237-134500-0024_generated.wav | RTF: 0.0274(0.121s / 4.410s) | Generator RTF: 0.0266(0.117s / 4.410s)
generated_audios/generated_H2_128C_int8/237-134500-0025_generated.wav | RTF: 0.2381(0.388s / 1.630s) | Generator RTF: 0.2361(0.385s / 1.630s)
generated_audios/generated_H2_128C_int8/237-134500-0026_generated.wav | RTF: 0.2575(0.785s / 3.050s) | Generator RTF: 0.2565(0.782s / 3.050s)
generated_audios/generated_H2_128C_int8/237-134500-0027_generated.wav | RTF: 0.2640(0.863s / 3.270s) | Generator RTF: 0.2629(0.860s / 3.270s)
generated_audios/generated_H2_128C_int8/237-134500-0028_generated.wav | RTF: 0.2634(1.192s / 4.525s) | Generator RTF: 0.2626(1.188s / 4.525s)
generated_audios/generated_H2_128C_int8/237-134500-0029_generated.wav | RTF: 0.2446(0.505s / 2.065s) | Generator RTF: 0.2432(0.502s / 2.065s)
generated_audios/generated_H2_128C_int8/237-134500-0030_generated.wav | RTF: 0.2611(0.726s / 2.780s) | Generator RTF: 0.2600(0.723s / 2.780s)
generated_audios/generated_H2_128C_int8/237-134500-0031_generated.wav | RTF: 0.2572(2.729s / 10.610s) | Generator RTF: 0.2569(2.725s / 10.610s)
generated_audios/generated_H2_128C_int8/237-134500-0032_generated.wav | RTF: 0.0280(0.141s / 5.025s) | Generator RTF: 0.0273(0.137s / 5.025s)
generated_audios/generated_H2_128C_int8/237-134500-0033_generated.wav | RTF: 0.2466(1.566s / 6.350s) | Generator RTF: 0.2460(1.562s / 6.350s)
generated_audios/generated_H2_128C_int8/237-134500-0034_generated.wav | RTF: 0.2458(0.756s / 3.075s) | Generator RTF: 0.2447(0.752s / 3.075s)
generated_audios/generated_H2_128C_int8/237-134500-0035_generated.wav | RTF: 0.2558(0.654s / 2.555s) | Generator RTF: 0.2547(0.651s / 2.555s)
generated_audios/generated_H2_128C_int8/237-134500-0036_generated.wav | RTF: 0.2643(1.744s / 6.600s) | Generator RTF: 0.2637(1.741s / 6.600s)
generated_audios/generated_H2_128C_int8/237-134500-0037_generated.wav | RTF: 0.2602(1.848s / 7.105s) | Generator RTF: 0.2596(1.845s / 7.105s)
generated_audios/generated_H2_128C_int8/237-134500-0038_generated.wav | RTF: 0.2511(0.611s / 2.435s) | Generator RTF: 0.2498(0.608s / 2.435s)
generated_audios/generated_H2_128C_int8/237-134500-0039_generated.wav | RTF: 0.2615(1.211s / 4.630s) | Generator RTF: 0.2607(1.207s / 4.630s)
generated_audios/generated_H2_128C_int8/237-134500-0040_generated.wav | RTF: 0.0276(0.111s / 4.030s) | Generator RTF: 0.0267(0.108s / 4.030s)
generated_audios/generated_H2_128C_int8/237-134500-0041_generated.wav | RTF: 0.0305(0.272s / 8.920s) | Generator RTF: 0.0300(0.268s / 8.920s)
generated_audios/generated_H2_128C_int8/237-134500-0042_generated.wav | RTF: 0.2513(0.647s / 2.575s) | Generator RTF: 0.2500(0.644s / 2.575s)
generated_audios/generated_H2_128C_int8/260-123286-0000_generated.wav | RTF: 0.2510(1.767s / 7.040s) | Generator RTF: 0.2505(1.764s / 7.040s)
generated_audios/generated_H2_128C_int8/260-123286-0001_generated.wav | RTF: 0.0249(0.076s / 3.070s) | Generator RTF: 0.0237(0.073s / 3.070s)
generated_audios/generated_H2_128C_int8/260-123286-0002_generated.wav | RTF: 0.2625(2.621s / 9.985s) | Generator RTF: 0.2621(2.617s / 9.985s)
generated_audios/generated_H2_128C_int8/260-123286-0003_generated.wav | RTF: 0.2632(1.940s / 7.370s) | Generator RTF: 0.2626(1.935s / 7.370s)
generated_audios/generated_H2_128C_int8/260-123286-0004_generated.wav | RTF: 0.2600(0.901s / 3.465s) | Generator RTF: 0.2590(0.897s / 3.465s)
generated_audios/generated_H2_128C_int8/260-123286-0005_generated.wav | RTF: 0.2501(1.203s / 4.810s) | Generator RTF: 0.2493(1.199s / 4.810s)
generated_audios/generated_H2_128C_int8/260-123286-0006_generated.wav | RTF: 0.2628(1.946s / 7.405s) | Generator RTF: 0.2622(1.942s / 7.405s)
generated_audios/generated_H2_128C_int8/260-123286-0007_generated.wav | RTF: 0.2548(1.159s / 4.550s) | Generator RTF: 0.2541(1.156s / 4.550s)
generated_audios/generated_H2_128C_int8/260-123286-0008_generated.wav | RTF: 0.2482(0.927s / 3.735s) | Generator RTF: 0.2472(0.923s / 3.735s)
generated_audios/generated_H2_128C_int8/260-123286-0009_generated.wav | RTF: 0.2676(1.551s / 5.795s) | Generator RTF: 0.2670(1.547s / 5.795s)
generated_audios/generated_H2_128C_int8/260-123286-0010_generated.wav | RTF: 0.0263(0.068s / 2.575s) | Generator RTF: 0.0250(0.064s / 2.575s)
generated_audios/generated_H2_128C_int8/260-123286-0011_generated.wav | RTF: 0.0316(0.134s / 4.255s) | Generator RTF: 0.0308(0.131s / 4.255s)
generated_audios/generated_H2_128C_int8/260-123286-0012_generated.wav | RTF: 0.0262(0.064s / 2.430s) | Generator RTF: 0.0249(0.060s / 2.430s)
generated_audios/generated_H2_128C_int8/260-123286-0013_generated.wav | RTF: 0.2586(1.223s / 4.730s) | Generator RTF: 0.2579(1.220s / 4.730s)
generated_audios/generated_H2_128C_int8/260-123286-0014_generated.wav | RTF: 0.0314(0.094s / 2.980s) | Generator RTF: 0.0302(0.090s / 2.980s)
generated_audios/generated_H2_128C_int8/260-123286-0015_generated.wav | RTF: 0.2668(1.390s / 5.210s) | Generator RTF: 0.2661(1.386s / 5.210s)
generated_audios/generated_H2_128C_int8/260-123286-0016_generated.wav | RTF: 0.2624(1.837s / 7.000s) | Generator RTF: 0.2618(1.833s / 7.000s)
generated_audios/generated_H2_128C_int8/260-123286-0017_generated.wav | RTF: 0.2487(0.988s / 3.975s) | Generator RTF: 0.2477(0.985s / 3.975s)
generated_audios/generated_H2_128C_int8/260-123286-0018_generated.wav | RTF: 0.2649(1.502s / 5.670s) | Generator RTF: 0.2645(1.500s / 5.670s)
generated_audios/generated_H2_128C_int8/260-123286-0019_generated.wav | RTF: 0.2865(3.411s / 11.905s) | Generator RTF: 0.2862(3.407s / 11.905s)
generated_audios/generated_H2_128C_int8/260-123286-0020_generated.wav | RTF: 0.0291(0.089s / 3.060s) | Generator RTF: 0.0279(0.085s / 3.060s)
generated_audios/generated_H2_128C_int8/260-123286-0021_generated.wav | RTF: 0.2542(0.648s / 2.550s) | Generator RTF: 0.2529(0.645s / 2.550s)
generated_audios/generated_H2_128C_int8/260-123286-0022_generated.wav | RTF: 0.2602(0.842s / 3.235s) | Generator RTF: 0.2591(0.838s / 3.235s)
generated_audios/generated_H2_128C_int8/260-123286-0023_generated.wav | RTF: 0.2661(1.563s / 5.875s) | Generator RTF: 0.2654(1.559s / 5.875s)
generated_audios/generated_H2_128C_int8/260-123286-0024_generated.wav | RTF: 0.2556(0.777s / 3.040s) | Generator RTF: 0.2543(0.773s / 3.040s)
generated_audios/generated_H2_128C_int8/260-123286-0025_generated.wav | RTF: 0.2506(2.307s / 9.205s) | Generator RTF: 0.2502(2.303s / 9.205s)
generated_audios/generated_H2_128C_int8/260-123286-0026_generated.wav | RTF: 0.2521(1.749s / 6.940s) | Generator RTF: 0.2515(1.745s / 6.940s)
generated_audios/generated_H2_128C_int8/260-123286-0027_generated.wav | RTF: 0.2701(1.937s / 7.170s) | Generator RTF: 0.2696(1.933s / 7.170s)
generated_audios/generated_H2_128C_int8/260-123286-0028_generated.wav | RTF: 0.2524(1.884s / 7.465s) | Generator RTF: 0.2519(1.880s / 7.465s)
generated_audios/generated_H2_128C_int8/260-123286-0029_generated.wav | RTF: 0.0238(0.108s / 4.545s) | Generator RTF: 0.0230(0.104s / 4.545s)
generated_audios/generated_H2_128C_int8/260-123286-0030_generated.wav | RTF: 0.0273(0.206s / 7.530s) | Generator RTF: 0.0268(0.202s / 7.530s)
generated_audios/generated_H2_128C_int8/260-123286-0031_generated.wav | RTF: 0.2510(1.270s / 5.060s) | Generator RTF: 0.2503(1.266s / 5.060s)
generated_audios/generated_H2_128C_int8/260-123288-0000_generated.wav | RTF: 0.0242(0.074s / 3.040s) | Generator RTF: 0.0231(0.070s / 3.040s)
generated_audios/generated_H2_128C_int8/260-123288-0001_generated.wav | RTF: 0.0265(0.134s / 5.080s) | Generator RTF: 0.0257(0.131s / 5.080s)
generated_audios/generated_H2_128C_int8/260-123288-0002_generated.wav | RTF: 0.2550(1.849s / 7.250s) | Generator RTF: 0.2545(1.845s / 7.250s)
generated_audios/generated_H2_128C_int8/260-123288-0003_generated.wav | RTF: 0.2673(2.380s / 8.905s) | Generator RTF: 0.2668(2.376s / 8.905s)
generated_audios/generated_H2_128C_int8/260-123288-0004_generated.wav | RTF: 0.2620(1.129s / 4.310s) | Generator RTF: 0.2612(1.126s / 4.310s)
generated_audios/generated_H2_128C_int8/260-123288-0005_generated.wav | RTF: 0.2783(3.492s / 12.550s) | Generator RTF: 0.2780(3.489s / 12.550s)
generated_audios/generated_H2_128C_int8/260-123288-0006_generated.wav | RTF: 0.2546(1.242s / 4.880s) | Generator RTF: 0.2539(1.239s / 4.880s)
generated_audios/generated_H2_128C_int8/260-123288-0007_generated.wav | RTF: 0.2734(3.062s / 11.200s) | Generator RTF: 0.2730(3.058s / 11.200s)
generated_audios/generated_H2_128C_int8/260-123288-0008_generated.wav | RTF: 0.2672(1.473s / 5.515s) | Generator RTF: 0.2665(1.470s / 5.515s)
generated_audios/generated_H2_128C_int8/260-123288-0009_generated.wav | RTF: 0.2689(0.924s / 3.435s) | Generator RTF: 0.2680(0.921s / 3.435s)
generated_audios/generated_H2_128C_int8/260-123288-0010_generated.wav | RTF: 0.0273(0.272s / 9.995s) | Generator RTF: 0.0269(0.268s / 9.995s)
generated_audios/generated_H2_128C_int8/260-123288-0011_generated.wav | RTF: 0.2773(2.490s / 8.980s) | Generator RTF: 0.2769(2.486s / 8.980s)
generated_audios/generated_H2_128C_int8/260-123288-0012_generated.wav | RTF: 0.2667(0.945s / 3.545s) | Generator RTF: 0.2661(0.943s / 3.545s)
generated_audios/generated_H2_128C_int8/260-123288-0013_generated.wav | RTF: 0.2987(3.401s / 11.385s) | Generator RTF: 0.2983(3.396s / 11.385s)
generated_audios/generated_H2_128C_int8/260-123288-0014_generated.wav | RTF: 0.0335(0.060s / 1.805s) | Generator RTF: 0.0317(0.057s / 1.805s)
generated_audios/generated_H2_128C_int8/260-123288-0015_generated.wav | RTF: 0.2814(5.961s / 21.185s) | Generator RTF: 0.2811(5.956s / 21.185s)
generated_audios/generated_H2_128C_int8/260-123288-0016_generated.wav | RTF: 0.2784(1.354s / 4.865s) | Generator RTF: 0.2775(1.350s / 4.865s)
generated_audios/generated_H2_128C_int8/260-123288-0017_generated.wav | RTF: 0.2597(1.357s / 5.225s) | Generator RTF: 0.2590(1.353s / 5.225s)
generated_audios/generated_H2_128C_int8/260-123288-0018_generated.wav | RTF: 0.2702(0.877s / 3.245s) | Generator RTF: 0.2691(0.873s / 3.245s)
generated_audios/generated_H2_128C_int8/260-123288-0019_generated.wav | RTF: 0.0289(0.085s / 2.955s) | Generator RTF: 0.0278(0.082s / 2.955s)
generated_audios/generated_H2_128C_int8/260-123288-0020_generated.wav | RTF: 0.2738(0.794s / 2.900s) | Generator RTF: 0.2726(0.791s / 2.900s)
generated_audios/generated_H2_128C_int8/260-123288-0021_generated.wav | RTF: 0.0293(0.080s / 2.710s) | Generator RTF: 0.0283(0.077s / 2.710s)
generated_audios/generated_H2_128C_int8/260-123288-0022_generated.wav | RTF: 0.2723(1.009s / 3.705s) | Generator RTF: 0.2713(1.005s / 3.705s)
generated_audios/generated_H2_128C_int8/260-123288-0023_generated.wav | RTF: 0.0301(0.072s / 2.385s) | Generator RTF: 0.0287(0.068s / 2.385s)
generated_audios/generated_H2_128C_int8/260-123288-0024_generated.wav | RTF: 0.2830(4.131s / 14.595s) | Generator RTF: 0.2827(4.127s / 14.595s)
generated_audios/generated_H2_128C_int8/260-123288-0025_generated.wav | RTF: 0.2881(3.874s / 13.445s) | Generator RTF: 0.2878(3.869s / 13.445s)
generated_audios/generated_H2_128C_int8/260-123288-0026_generated.wav | RTF: 0.3028(4.857s / 16.040s) | Generator RTF: 0.3025(4.853s / 16.040s)
generated_audios/generated_H2_128C_int8/260-123288-0027_generated.wav | RTF: 0.2614(1.648s / 6.305s) | Generator RTF: 0.2608(1.645s / 6.305s)
generated_audios/generated_H2_128C_int8/260-123288-0028_generated.wav | RTF: 0.2696(0.704s / 2.610s) | Generator RTF: 0.2684(0.701s / 2.610s)
generated_audios/generated_H2_128C_int8/260-123440-0000_generated.wav | RTF: 0.2540(0.550s / 2.165s) | Generator RTF: 0.2526(0.547s / 2.165s)
generated_audios/generated_H2_128C_int8/260-123440-0001_generated.wav | RTF: 0.2520(0.438s / 1.740s) | Generator RTF: 0.2501(0.435s / 1.740s)
generated_audios/generated_H2_128C_int8/260-123440-0002_generated.wav | RTF: 0.3019(4.443s / 14.715s) | Generator RTF: 0.3016(4.438s / 14.715s)
generated_audios/generated_H2_128C_int8/260-123440-0003_generated.wav | RTF: 0.2779(0.996s / 3.585s) | Generator RTF: 0.2769(0.993s / 3.585s)
generated_audios/generated_H2_128C_int8/260-123440-0004_generated.wav | RTF: 0.2849(3.425s / 12.020s) | Generator RTF: 0.2846(3.421s / 12.020s)
generated_audios/generated_H2_128C_int8/260-123440-0005_generated.wav | RTF: 0.0288(0.090s / 3.105s) | Generator RTF: 0.0277(0.086s / 3.105s)
generated_audios/generated_H2_128C_int8/260-123440-0006_generated.wav | RTF: 0.0250(0.068s / 2.715s) | Generator RTF: 0.0236(0.064s / 2.715s)
generated_audios/generated_H2_128C_int8/260-123440-0007_generated.wav | RTF: 0.2778(0.940s / 3.385s) | Generator RTF: 0.2769(0.937s / 3.385s)
generated_audios/generated_H2_128C_int8/260-123440-0008_generated.wav | RTF: 0.2792(1.046s / 3.745s) | Generator RTF: 0.2783(1.042s / 3.745s)
generated_audios/generated_H2_128C_int8/260-123440-0009_generated.wav | RTF: 0.2810(0.875s / 3.115s) | Generator RTF: 0.2799(0.872s / 3.115s)
generated_audios/generated_H2_128C_int8/260-123440-0010_generated.wav | RTF: 0.2843(2.364s / 8.315s) | Generator RTF: 0.2838(2.360s / 8.315s)
generated_audios/generated_H2_128C_int8/260-123440-0011_generated.wav | RTF: 0.0223(0.109s / 4.870s) | Generator RTF: 0.0215(0.105s / 4.870s)
generated_audios/generated_H2_128C_int8/260-123440-0012_generated.wav | RTF: 0.2795(1.466s / 5.245s) | Generator RTF: 0.2789(1.463s / 5.245s)
generated_audios/generated_H2_128C_int8/260-123440-0013_generated.wav | RTF: 0.2788(0.969s / 3.475s) | Generator RTF: 0.2777(0.965s / 3.475s)
generated_audios/generated_H2_128C_int8/260-123440-0014_generated.wav | RTF: 0.2798(1.067s / 3.815s) | Generator RTF: 0.2789(1.064s / 3.815s)
generated_audios/generated_H2_128C_int8/260-123440-0015_generated.wav | RTF: 0.0303(0.188s / 6.200s) | Generator RTF: 0.0296(0.184s / 6.200s)
generated_audios/generated_H2_128C_int8/260-123440-0016_generated.wav | RTF: 0.2857(1.398s / 4.895s) | Generator RTF: 0.2850(1.395s / 4.895s)
generated_audios/generated_H2_128C_int8/260-123440-0017_generated.wav | RTF: 0.0309(0.095s / 3.070s) | Generator RTF: 0.0298(0.091s / 3.070s)
generated_audios/generated_H2_128C_int8/260-123440-0018_generated.wav | RTF: 0.2863(1.042s / 3.640s) | Generator RTF: 0.2854(1.039s / 3.640s)
generated_audios/generated_H2_128C_int8/260-123440-0019_generated.wav | RTF: 0.2881(1.910s / 6.630s) | Generator RTF: 0.2876(1.907s / 6.630s)
generated_audios/generated_H2_128C_int8/260-123440-0020_generated.wav | RTF: 0.2830(1.414s / 4.995s) | Generator RTF: 0.2823(1.410s / 4.995s)
generated_audios/generated_H2_128C_int8/61-70968-0000_generated.wav | RTF: 0.2832(1.389s / 4.905s) | Generator RTF: 0.2825(1.385s / 4.905s)
generated_audios/generated_H2_128C_int8/61-70968-0001_generated.wav | RTF: 0.2825(1.020s / 3.610s) | Generator RTF: 0.2815(1.016s / 3.610s)
generated_audios/generated_H2_128C_int8/61-70968-0002_generated.wav | RTF: 0.2792(0.829s / 2.970s) | Generator RTF: 0.2781(0.826s / 2.970s)
generated_audios/generated_H2_128C_int8/61-70968-0003_generated.wav | RTF: 0.0279(0.121s / 4.315s) | Generator RTF: 0.0271(0.117s / 4.315s)
generated_audios/generated_H2_128C_int8/61-70968-0004_generated.wav | RTF: 0.2821(1.096s / 3.885s) | Generator RTF: 0.2813(1.093s / 3.885s)
generated_audios/generated_H2_128C_int8/61-70968-0005_generated.wav | RTF: 0.0271(0.138s / 5.070s) | Generator RTF: 0.0264(0.134s / 5.070s)
generated_audios/generated_H2_128C_int8/61-70968-0006_generated.wav | RTF: 0.2645(0.776s / 2.935s) | Generator RTF: 0.2633(0.773s / 2.935s)
generated_audios/generated_H2_128C_int8/61-70968-0007_generated.wav | RTF: 0.0288(0.102s / 3.550s) | Generator RTF: 0.0278(0.099s / 3.550s)
generated_audios/generated_H2_128C_int8/61-70968-0008_generated.wav | RTF: 0.0283(0.100s / 3.535s) | Generator RTF: 0.0273(0.096s / 3.535s)
generated_audios/generated_H2_128C_int8/61-70968-0009_generated.wav | RTF: 0.2833(1.278s / 4.510s) | Generator RTF: 0.2825(1.274s / 4.510s)
generated_audios/generated_H2_128C_int8/61-70968-0010_generated.wav | RTF: 0.2680(2.223s / 8.295s) | Generator RTF: 0.2675(2.219s / 8.295s)
generated_audios/generated_H2_128C_int8/61-70968-0011_generated.wav | RTF: 0.2683(1.711s / 6.375s) | Generator RTF: 0.2677(1.707s / 6.375s)
generated_audios/generated_H2_128C_int8/61-70968-0012_generated.wav | RTF: 0.0300(0.078s / 2.610s) | Generator RTF: 0.0287(0.075s / 2.610s)
generated_audios/generated_H2_128C_int8/61-70968-0013_generated.wav | RTF: 0.0267(0.119s / 4.450s) | Generator RTF: 0.0262(0.117s / 4.450s)
generated_audios/generated_H2_128C_int8/61-70968-0014_generated.wav | RTF: 0.2870(2.148s / 7.485s) | Generator RTF: 0.2865(2.144s / 7.485s)
generated_audios/generated_H2_128C_int8/61-70968-0015_generated.wav | RTF: 0.2715(1.460s / 5.375s) | Generator RTF: 0.2709(1.456s / 5.375s)
generated_audios/generated_H2_128C_int8/61-70968-0016_generated.wav | RTF: 0.2880(1.071s / 3.720s) | Generator RTF: 0.2871(1.068s / 3.720s)
generated_audios/generated_H2_128C_int8/61-70968-0017_generated.wav | RTF: 0.2903(1.483s / 5.110s) | Generator RTF: 0.2895(1.479s / 5.110s)
generated_audios/generated_H2_128C_int8/61-70968-0018_generated.wav | RTF: 0.2798(0.673s / 2.405s) | Generator RTF: 0.2783(0.669s / 2.405s)
generated_audios/generated_H2_128C_int8/61-70968-0019_generated.wav | RTF: 0.2757(1.510s / 5.475s) | Generator RTF: 0.2751(1.506s / 5.475s)
generated_audios/generated_H2_128C_int8/61-70968-0020_generated.wav | RTF: 0.2937(1.499s / 5.105s) | Generator RTF: 0.2930(1.496s / 5.105s)
generated_audios/generated_H2_128C_int8/61-70968-0021_generated.wav | RTF: 0.2669(0.718s / 2.690s) | Generator RTF: 0.2657(0.715s / 2.690s)
generated_audios/generated_H2_128C_int8/61-70968-0022_generated.wav | RTF: 0.0314(0.146s / 4.670s) | Generator RTF: 0.0305(0.142s / 4.670s)
generated_audios/generated_H2_128C_int8/61-70968-0023_generated.wav | RTF: 0.0286(0.144s / 5.025s) | Generator RTF: 0.0277(0.139s / 5.025s)
generated_audios/generated_H2_128C_int8/61-70968-0024_generated.wav | RTF: 0.2894(1.743s / 6.025s) | Generator RTF: 0.2887(1.740s / 6.025s)
generated_audios/generated_H2_128C_int8/61-70968-0025_generated.wav | RTF: 0.0276(0.122s / 4.410s) | Generator RTF: 0.0268(0.118s / 4.410s)
generated_audios/generated_H2_128C_int8/61-70968-0026_generated.wav | RTF: 0.2745(1.351s / 4.920s) | Generator RTF: 0.2737(1.347s / 4.920s)
generated_audios/generated_H2_128C_int8/61-70968-0027_generated.wav | RTF: 0.2773(1.905s / 6.870s) | Generator RTF: 0.2767(1.901s / 6.870s)
generated_audios/generated_H2_128C_int8/61-70968-0028_generated.wav | RTF: 0.2968(1.589s / 5.355s) | Generator RTF: 0.2961(1.585s / 5.355s)
generated_audios/generated_H2_128C_int8/61-70968-0029_generated.wav | RTF: 0.2886(1.009s / 3.495s) | Generator RTF: 0.2876(1.005s / 3.495s)
generated_audios/generated_H2_128C_int8/61-70968-0030_generated.wav | RTF: 0.2781(1.581s / 5.685s) | Generator RTF: 0.2775(1.577s / 5.685s)
generated_audios/generated_H2_128C_int8/61-70968-0031_generated.wav | RTF: 0.2930(0.857s / 2.925s) | Generator RTF: 0.2918(0.854s / 2.925s)
generated_audios/generated_H2_128C_int8/61-70968-0032_generated.wav | RTF: 0.0280(0.120s / 4.280s) | Generator RTF: 0.0271(0.116s / 4.280s)
generated_audios/generated_H2_128C_int8/61-70968-0033_generated.wav | RTF: 0.0224(0.127s / 5.685s) | Generator RTF: 0.0217(0.123s / 5.685s)
generated_audios/generated_H2_128C_int8/61-70968-0034_generated.wav | RTF: 0.2946(1.246s / 4.230s) | Generator RTF: 0.2938(1.243s / 4.230s)
generated_audios/generated_H2_128C_int8/61-70968-0035_generated.wav | RTF: 0.2805(2.230s / 7.950s) | Generator RTF: 0.2800(2.226s / 7.950s)
generated_audios/generated_H2_128C_int8/61-70968-0036_generated.wav | RTF: 0.0295(0.087s / 2.935s) | Generator RTF: 0.0284(0.083s / 2.935s)
generated_audios/generated_H2_128C_int8/61-70968-0037_generated.wav | RTF: 0.0272(0.117s / 4.315s) | Generator RTF: 0.0263(0.114s / 4.315s)
generated_audios/generated_H2_128C_int8/61-70968-0038_generated.wav | RTF: 0.2795(0.573s / 2.050s) | Generator RTF: 0.2780(0.570s / 2.050s)
generated_audios/generated_H2_128C_int8/61-70968-0039_generated.wav | RTF: 0.2784(1.059s / 3.805s) | Generator RTF: 0.2775(1.056s / 3.805s)
generated_audios/generated_H2_128C_int8/61-70968-0040_generated.wav | RTF: 0.2949(1.165s / 3.950s) | Generator RTF: 0.2939(1.161s / 3.950s)
generated_audios/generated_H2_128C_int8/61-70968-0041_generated.wav | RTF: 0.0267(0.182s / 6.825s) | Generator RTF: 0.0262(0.178s / 6.825s)
generated_audios/generated_H2_128C_int8/61-70968-0042_generated.wav | RTF: 0.0296(0.082s / 2.785s) | Generator RTF: 0.0283(0.079s / 2.785s)
generated_audios/generated_H2_128C_int8/61-70968-0043_generated.wav | RTF: 0.2958(1.992s / 6.735s) | Generator RTF: 0.2952(1.988s / 6.735s)
generated_audios/generated_H2_128C_int8/61-70968-0044_generated.wav | RTF: 0.0326(0.090s / 2.770s) | Generator RTF: 0.0313(0.087s / 2.770s)
generated_audios/generated_H2_128C_int8/61-70968-0045_generated.wav | RTF: 0.0280(0.097s / 3.475s) | Generator RTF: 0.0271(0.094s / 3.475s)
generated_audios/generated_H2_128C_int8/61-70968-0046_generated.wav | RTF: 0.0280(0.099s / 3.550s) | Generator RTF: 0.0270(0.096s / 3.550s)
generated_audios/generated_H2_128C_int8/61-70968-0047_generated.wav | RTF: 0.2790(1.332s / 4.775s) | Generator RTF: 0.2783(1.329s / 4.775s)
generated_audios/generated_H2_128C_int8/61-70968-0048_generated.wav | RTF: 0.2916(0.881s / 3.020s) | Generator RTF: 0.2905(0.877s / 3.020s)
generated_audios/generated_H2_128C_int8/61-70968-0049_generated.wav | RTF: 0.2964(2.446s / 8.250s) | Generator RTF: 0.2960(2.442s / 8.250s)
generated_audios/generated_H2_128C_int8/61-70968-0050_generated.wav | RTF: 0.2814(1.570s / 5.580s) | Generator RTF: 0.2807(1.567s / 5.580s)
generated_audios/generated_H2_128C_int8/61-70968-0051_generated.wav | RTF: 0.2766(0.867s / 3.135s) | Generator RTF: 0.2756(0.864s / 3.135s)
generated_audios/generated_H2_128C_int8/61-70968-0052_generated.wav | RTF: 0.2823(0.748s / 2.650s) | Generator RTF: 0.2810(0.745s / 2.650s)
generated_audios/generated_H2_128C_int8/61-70968-0053_generated.wav | RTF: 0.0311(0.131s / 4.220s) | Generator RTF: 0.0306(0.129s / 4.220s)
generated_audios/generated_H2_128C_int8/61-70968-0054_generated.wav | RTF: 0.2969(2.334s / 7.860s) | Generator RTF: 0.2964(2.330s / 7.860s)
generated_audios/generated_H2_128C_int8/61-70968-0055_generated.wav | RTF: 0.0295(0.117s / 3.965s) | Generator RTF: 0.0286(0.114s / 3.965s)
generated_audios/generated_H2_128C_int8/61-70968-0056_generated.wav | RTF: 0.2941(1.048s / 3.565s) | Generator RTF: 0.2930(1.045s / 3.565s)
generated_audios/generated_H2_128C_int8/61-70968-0057_generated.wav | RTF: 0.0272(0.138s / 5.065s) | Generator RTF: 0.0265(0.134s / 5.065s)
generated_audios/generated_H2_128C_int8/61-70968-0058_generated.wav | RTF: 0.2646(0.482s / 1.820s) | Generator RTF: 0.2629(0.478s / 1.820s)
generated_audios/generated_H2_128C_int8/61-70968-0059_generated.wav | RTF: 0.0312(0.068s / 2.170s) | Generator RTF: 0.0296(0.064s / 2.170s)
generated_audios/generated_H2_128C_int8/61-70968-0060_generated.wav | RTF: 0.0315(0.118s / 3.735s) | Generator RTF: 0.0306(0.114s / 3.735s)
generated_audios/generated_H2_128C_int8/61-70968-0061_generated.wav | RTF: 0.2948(1.630s / 5.530s) | Generator RTF: 0.2941(1.626s / 5.530s)
generated_audios/generated_H2_128C_int8/61-70968-0062_generated.wav | RTF: 0.0295(0.075s / 2.555s) | Generator RTF: 0.0282(0.072s / 2.555s)
generated_audios/generated_H2_128C_int8/61-70970-0000_generated.wav | RTF: 0.3021(1.835s / 6.075s) | Generator RTF: 0.3015(1.831s / 6.075s)
generated_audios/generated_H2_128C_int8/61-70970-0001_generated.wav | RTF: 0.2943(1.811s / 6.155s) | Generator RTF: 0.2937(1.808s / 6.155s)
generated_audios/generated_H2_128C_int8/61-70970-0002_generated.wav | RTF: 0.2900(1.208s / 4.165s) | Generator RTF: 0.2891(1.204s / 4.165s)
generated_audios/generated_H2_128C_int8/61-70970-0003_generated.wav | RTF: 0.2803(1.075s / 3.835s) | Generator RTF: 0.2793(1.071s / 3.835s)
generated_audios/generated_H2_128C_int8/61-70970-0004_generated.wav | RTF: 0.2932(3.083s / 10.515s) | Generator RTF: 0.2928(3.079s / 10.515s)
generated_audios/generated_H2_128C_int8/61-70970-0005_generated.wav | RTF: 0.2804(0.566s / 2.020s) | Generator RTF: 0.2790(0.564s / 2.020s)
generated_audios/generated_H2_128C_int8/61-70970-0006_generated.wav | RTF: 0.2910(0.680s / 2.335s) | Generator RTF: 0.2896(0.676s / 2.335s)
generated_audios/generated_H2_128C_int8/61-70970-0007_generated.wav | RTF: 0.3056(1.371s / 4.485s) | Generator RTF: 0.3049(1.367s / 4.485s)
generated_audios/generated_H2_128C_int8/61-70970-0008_generated.wav | RTF: 0.3074(0.661s / 2.150s) | Generator RTF: 0.3058(0.658s / 2.150s)
generated_audios/generated_H2_128C_int8/61-70970-0009_generated.wav | RTF: 0.3146(1.071s / 3.405s) | Generator RTF: 0.3136(1.068s / 3.405s)
generated_audios/generated_H2_128C_int8/61-70970-0010_generated.wav | RTF: 0.0290(0.088s / 3.045s) | Generator RTF: 0.0279(0.085s / 3.045s)
generated_audios/generated_H2_128C_int8/61-70970-0011_generated.wav | RTF: 0.0223(0.136s / 6.075s) | Generator RTF: 0.0217(0.132s / 6.075s)
generated_audios/generated_H2_128C_int8/61-70970-0012_generated.wav | RTF: 0.0237(0.074s / 3.135s) | Generator RTF: 0.0225(0.071s / 3.135s)
generated_audios/generated_H2_128C_int8/61-70970-0013_generated.wav | RTF: 0.3030(1.318s / 4.350s) | Generator RTF: 0.3021(1.314s / 4.350s)
generated_audios/generated_H2_128C_int8/61-70970-0014_generated.wav | RTF: 0.0240(0.082s / 3.405s) | Generator RTF: 0.0230(0.078s / 3.405s)
generated_audios/generated_H2_128C_int8/61-70970-0015_generated.wav | RTF: 0.3027(2.548s / 8.415s) | Generator RTF: 0.3023(2.544s / 8.415s)
generated_audios/generated_H2_128C_int8/61-70970-0016_generated.wav | RTF: 0.3046(1.331s / 4.370s) | Generator RTF: 0.3038(1.327s / 4.370s)
generated_audios/generated_H2_128C_int8/61-70970-0017_generated.wav | RTF: 0.0334(0.085s / 2.550s) | Generator RTF: 0.0321(0.082s / 2.550s)
generated_audios/generated_H2_128C_int8/61-70970-0018_generated.wav | RTF: 0.2847(1.310s / 4.600s) | Generator RTF: 0.2839(1.306s / 4.600s)
generated_audios/generated_H2_128C_int8/61-70970-0019_generated.wav | RTF: 0.2967(1.122s / 3.780s) | Generator RTF: 0.2962(1.120s / 3.780s)
generated_audios/generated_H2_128C_int8/61-70970-0020_generated.wav | RTF: 0.0276(0.139s / 5.025s) | Generator RTF: 0.0270(0.136s / 5.025s)
generated_audios/generated_H2_128C_int8/61-70970-0021_generated.wav | RTF: 0.2828(1.528s / 5.405s) | Generator RTF: 0.2820(1.524s / 5.405s)
generated_audios/generated_H2_128C_int8/61-70970-0022_generated.wav | RTF: 0.0287(0.114s / 3.970s) | Generator RTF: 0.0278(0.110s / 3.970s)
generated_audios/generated_H2_128C_int8/61-70970-0023_generated.wav | RTF: 0.0281(0.104s / 3.705s) | Generator RTF: 0.0272(0.101s / 3.705s)
generated_audios/generated_H2_128C_int8/61-70970-0024_generated.wav | RTF: 0.2966(2.146s / 7.235s) | Generator RTF: 0.2961(2.143s / 7.235s)
generated_audios/generated_H2_128C_int8/61-70970-0025_generated.wav | RTF: 0.2994(2.226s / 7.435s) | Generator RTF: 0.2989(2.222s / 7.435s)
generated_audios/generated_H2_128C_int8/61-70970-0026_generated.wav | RTF: 0.0298(0.163s / 5.475s) | Generator RTF: 0.0292(0.160s / 5.475s)
generated_audios/generated_H2_128C_int8/61-70970-0027_generated.wav | RTF: 0.0271(0.138s / 5.080s) | Generator RTF: 0.0264(0.134s / 5.080s)
generated_audios/generated_H2_128C_int8/61-70970-0028_generated.wav | RTF: 0.0276(0.181s / 6.550s) | Generator RTF: 0.0270(0.177s / 6.550s)
generated_audios/generated_H2_128C_int8/61-70970-0029_generated.wav | RTF: 0.0279(0.112s / 4.030s) | Generator RTF: 0.0270(0.109s / 4.030s)
generated_audios/generated_H2_128C_int8/61-70970-0030_generated.wav | RTF: 0.0294(0.095s / 3.240s) | Generator RTF: 0.0284(0.092s / 3.240s)
generated_audios/generated_H2_128C_int8/61-70970-0031_generated.wav | RTF: 0.2965(1.522s / 5.135s) | Generator RTF: 0.2958(1.519s / 5.135s)
generated_audios/generated_H2_128C_int8/61-70970-0032_generated.wav | RTF: 0.0243(0.076s / 3.135s) | Generator RTF: 0.0232(0.073s / 3.135s)
generated_audios/generated_H2_128C_int8/61-70970-0033_generated.wav | RTF: 0.2802(0.958s / 3.420s) | Generator RTF: 0.2793(0.955s / 3.420s)
generated_audios/generated_H2_128C_int8/61-70970-0034_generated.wav | RTF: 0.0228(0.102s / 4.485s) | Generator RTF: 0.0221(0.099s / 4.485s)
generated_audios/generated_H2_128C_int8/61-70970-0035_generated.wav | RTF: 0.0262(0.194s / 7.405s) | Generator RTF: 0.0257(0.190s / 7.405s)
generated_audios/generated_H2_128C_int8/61-70970-0036_generated.wav | RTF: 0.0265(0.180s / 6.785s) | Generator RTF: 0.0259(0.176s / 6.785s)
generated_audios/generated_H2_128C_int8/61-70970-0037_generated.wav | RTF: 0.2950(1.764s / 5.980s) | Generator RTF: 0.2944(1.760s / 5.980s)
generated_audios/generated_H2_128C_int8/61-70970-0038_generated.wav | RTF: 0.2951(3.069s / 10.400s) | Generator RTF: 0.2947(3.065s / 10.400s)
generated_audios/generated_H2_128C_int8/61-70970-0039_generated.wav | RTF: 0.0267(0.178s / 6.665s) | Generator RTF: 0.0262(0.174s / 6.665s)
generated_audios/generated_H2_128C_int8/61-70970-0040_generated.wav | RTF: 0.0274(0.114s / 4.165s) | Generator RTF: 0.0266(0.111s / 4.165s)
generated_audios/generated_H2_128C_int8/672-122797-0000_generated.wav | RTF: 0.2952(1.201s / 4.070s) | Generator RTF: 0.2944(1.198s / 4.070s)
generated_audios/generated_H2_128C_int8/672-122797-0001_generated.wav | RTF: 0.3058(4.627s / 15.130s) | Generator RTF: 0.3055(4.623s / 15.130s)
generated_audios/generated_H2_128C_int8/672-122797-0002_generated.wav | RTF: 0.2813(3.831s / 13.620s) | Generator RTF: 0.2810(3.827s / 13.620s)
generated_audios/generated_H2_128C_int8/672-122797-0003_generated.wav | RTF: 0.2985(1.421s / 4.760s) | Generator RTF: 0.2976(1.416s / 4.760s)
generated_audios/generated_H2_128C_int8/672-122797-0004_generated.wav | RTF: 0.2891(2.963s / 10.250s) | Generator RTF: 0.2887(2.959s / 10.250s)
generated_audios/generated_H2_128C_int8/672-122797-0005_generated.wav | RTF: 0.2925(0.954s / 3.260s) | Generator RTF: 0.2914(0.950s / 3.260s)
generated_audios/generated_H2_128C_int8/672-122797-0006_generated.wav | RTF: 0.3142(4.384s / 13.950s) | Generator RTF: 0.3139(4.380s / 13.950s)
generated_audios/generated_H2_128C_int8/672-122797-0007_generated.wav | RTF: 0.2956(1.898s / 6.420s) | Generator RTF: 0.2950(1.894s / 6.420s)
generated_audios/generated_H2_128C_int8/672-122797-0008_generated.wav | RTF: 0.3071(9.463s / 30.810s) | Generator RTF: 0.3069(9.457s / 30.810s)
generated_audios/generated_H2_128C_int8/672-122797-0009_generated.wav | RTF: 0.0301(0.083s / 2.765s) | Generator RTF: 0.0290(0.080s / 2.765s)
generated_audios/generated_H2_128C_int8/672-122797-0010_generated.wav | RTF: 0.0284(0.109s / 3.815s) | Generator RTF: 0.0276(0.105s / 3.815s)
generated_audios/generated_H2_128C_int8/672-122797-0011_generated.wav | RTF: 0.3031(0.770s / 2.540s) | Generator RTF: 0.3018(0.767s / 2.540s)
generated_audios/generated_H2_128C_int8/672-122797-0012_generated.wav | RTF: 0.3077(2.389s / 7.765s) | Generator RTF: 0.3073(2.386s / 7.765s)
generated_audios/generated_H2_128C_int8/672-122797-0013_generated.wav | RTF: 0.3066(2.669s / 8.705s) | Generator RTF: 0.3062(2.665s / 8.705s)
generated_audios/generated_H2_128C_int8/672-122797-0014_generated.wav | RTF: 0.0301(0.077s / 2.555s) | Generator RTF: 0.0288(0.074s / 2.555s)
generated_audios/generated_H2_128C_int8/672-122797-0015_generated.wav | RTF: 0.0270(0.120s / 4.455s) | Generator RTF: 0.0262(0.117s / 4.455s)
generated_audios/generated_H2_128C_int8/672-122797-0016_generated.wav | RTF: 0.2973(2.739s / 9.215s) | Generator RTF: 0.2968(2.735s / 9.215s)
generated_audios/generated_H2_128C_int8/672-122797-0017_generated.wav | RTF: 0.2946(1.420s / 4.820s) | Generator RTF: 0.2939(1.416s / 4.820s)
generated_audios/generated_H2_128C_int8/672-122797-0018_generated.wav | RTF: 0.3010(1.484s / 4.930s) | Generator RTF: 0.3003(1.480s / 4.930s)
generated_audios/generated_H2_128C_int8/672-122797-0019_generated.wav | RTF: 0.2863(1.177s / 4.110s) | Generator RTF: 0.2854(1.173s / 4.110s)
generated_audios/generated_H2_128C_int8/672-122797-0020_generated.wav | RTF: 0.3017(2.663s / 8.825s) | Generator RTF: 0.3013(2.659s / 8.825s)
generated_audios/generated_H2_128C_int8/672-122797-0021_generated.wav | RTF: 0.0285(0.118s / 4.150s) | Generator RTF: 0.0276(0.114s / 4.150s)
generated_audios/generated_H2_128C_int8/672-122797-0022_generated.wav | RTF: 0.3028(5.754s / 19.005s) | Generator RTF: 0.3025(5.749s / 19.005s)
generated_audios/generated_H2_128C_int8/672-122797-0023_generated.wav | RTF: 0.2965(2.874s / 9.695s) | Generator RTF: 0.2960(2.870s / 9.695s)
generated_audios/generated_H2_128C_int8/672-122797-0024_generated.wav | RTF: 0.2903(1.199s / 4.130s) | Generator RTF: 0.2894(1.195s / 4.130s)
generated_audios/generated_H2_128C_int8/672-122797-0025_generated.wav | RTF: 0.3019(3.227s / 10.690s) | Generator RTF: 0.3014(3.222s / 10.690s)
generated_audios/generated_H2_128C_int8/672-122797-0026_generated.wav | RTF: 0.3026(4.224s / 13.960s) | Generator RTF: 0.3023(4.220s / 13.960s)
generated_audios/generated_H2_128C_int8/672-122797-0027_generated.wav | RTF: 0.0271(0.130s / 4.790s) | Generator RTF: 0.0264(0.126s / 4.790s)
generated_audios/generated_H2_128C_int8/672-122797-0028_generated.wav | RTF: 0.0318(0.083s / 2.610s) | Generator RTF: 0.0305(0.080s / 2.610s)
generated_audios/generated_H2_128C_int8/672-122797-0029_generated.wav | RTF: 0.0283(0.086s / 3.050s) | Generator RTF: 0.0272(0.083s / 3.050s)
generated_audios/generated_H2_128C_int8/672-122797-0030_generated.wav | RTF: 0.2950(1.350s / 4.575s) | Generator RTF: 0.2942(1.346s / 4.575s)
generated_audios/generated_H2_128C_int8/672-122797-0031_generated.wav | RTF: 0.0287(0.114s / 3.980s) | Generator RTF: 0.0277(0.110s / 3.980s)
generated_audios/generated_H2_128C_int8/672-122797-0032_generated.wav | RTF: 0.0276(0.110s / 4.000s) | Generator RTF: 0.0267(0.107s / 4.000s)
generated_audios/generated_H2_128C_int8/672-122797-0033_generated.wav | RTF: 0.2639(0.339s / 1.285s) | Generator RTF: 0.2617(0.336s / 1.285s)
generated_audios/generated_H2_128C_int8/672-122797-0034_generated.wav | RTF: 0.0268(0.137s / 5.110s) | Generator RTF: 0.0261(0.133s / 5.110s)
generated_audios/generated_H2_128C_int8/672-122797-0035_generated.wav | RTF: 0.0294(0.085s / 2.900s) | Generator RTF: 0.0282(0.082s / 2.900s)
generated_audios/generated_H2_128C_int8/672-122797-0036_generated.wav | RTF: 0.0275(0.148s / 5.365s) | Generator RTF: 0.0268(0.144s / 5.365s)
generated_audios/generated_H2_128C_int8/672-122797-0037_generated.wav | RTF: 0.2794(0.548s / 1.960s) | Generator RTF: 0.2778(0.544s / 1.960s)
generated_audios/generated_H2_128C_int8/672-122797-0038_generated.wav | RTF: 0.3053(2.687s / 8.800s) | Generator RTF: 0.3049(2.683s / 8.800s)
generated_audios/generated_H2_128C_int8/672-122797-0039_generated.wav | RTF: 0.2983(1.201s / 4.025s) | Generator RTF: 0.2974(1.197s / 4.025s)
generated_audios/generated_H2_128C_int8/672-122797-0040_generated.wav | RTF: 0.0272(0.140s / 5.125s) | Generator RTF: 0.0265(0.136s / 5.125s)
generated_audios/generated_H2_128C_int8/672-122797-0041_generated.wav | RTF: 0.0277(0.108s / 3.880s) | Generator RTF: 0.0268(0.104s / 3.880s)
generated_audios/generated_H2_128C_int8/672-122797-0042_generated.wav | RTF: 0.3068(4.697s / 15.310s) | Generator RTF: 0.3065(4.693s / 15.310s)
generated_audios/generated_H2_128C_int8/672-122797-0043_generated.wav | RTF: 0.0278(0.105s / 3.780s) | Generator RTF: 0.0268(0.101s / 3.780s)
generated_audios/generated_H2_128C_int8/672-122797-0044_generated.wav | RTF: 0.0294(0.110s / 3.740s) | Generator RTF: 0.0284(0.106s / 3.740s)
generated_audios/generated_H2_128C_int8/672-122797-0045_generated.wav | RTF: 0.0228(0.318s / 13.960s) | Generator RTF: 0.0225(0.313s / 13.960s)
generated_audios/generated_H2_128C_int8/672-122797-0046_generated.wav | RTF: 0.2996(1.413s / 4.715s) | Generator RTF: 0.2988(1.409s / 4.715s)
generated_audios/generated_H2_128C_int8/672-122797-0047_generated.wav | RTF: 0.2933(0.975s / 3.325s) | Generator RTF: 0.2922(0.972s / 3.325s)
generated_audios/generated_H2_128C_int8/672-122797-0048_generated.wav | RTF: 0.0284(0.186s / 6.555s) | Generator RTF: 0.0279(0.183s / 6.555s)
generated_audios/generated_H2_128C_int8/672-122797-0049_generated.wav | RTF: 0.0323(0.065s / 2.020s) | Generator RTF: 0.0307(0.062s / 2.020s)
generated_audios/generated_H2_128C_int8/672-122797-0050_generated.wav | RTF: 0.2975(1.444s / 4.855s) | Generator RTF: 0.2968(1.441s / 4.855s)
generated_audios/generated_H2_128C_int8/672-122797-0051_generated.wav | RTF: 0.3041(1.419s / 4.665s) | Generator RTF: 0.3033(1.415s / 4.665s)
generated_audios/generated_H2_128C_int8/672-122797-0052_generated.wav | RTF: 0.2860(1.226s / 4.285s) | Generator RTF: 0.2852(1.222s / 4.285s)
generated_audios/generated_H2_128C_int8/672-122797-0053_generated.wav | RTF: 0.0288(0.085s / 2.955s) | Generator RTF: 0.0277(0.082s / 2.955s)
generated_audios/generated_H2_128C_int8/672-122797-0054_generated.wav | RTF: 0.0310(0.132s / 4.250s) | Generator RTF: 0.0301(0.128s / 4.250s)
generated_audios/generated_H2_128C_int8/672-122797-0055_generated.wav | RTF: 0.2840(2.337s / 8.230s) | Generator RTF: 0.2835(2.333s / 8.230s)
generated_audios/generated_H2_128C_int8/672-122797-0056_generated.wav | RTF: 0.0272(0.142s / 5.225s) | Generator RTF: 0.0265(0.138s / 5.225s)
generated_audios/generated_H2_128C_int8/672-122797-0057_generated.wav | RTF: 0.0266(0.174s / 6.560s) | Generator RTF: 0.0260(0.171s / 6.560s)
generated_audios/generated_H2_128C_int8/672-122797-0058_generated.wav | RTF: 0.2990(1.337s / 4.470s) | Generator RTF: 0.2982(1.333s / 4.470s)
generated_audios/generated_H2_128C_int8/672-122797-0059_generated.wav | RTF: 0.2900(1.021s / 3.520s) | Generator RTF: 0.2891(1.017s / 3.520s)
generated_audios/generated_H2_128C_int8/672-122797-0060_generated.wav | RTF: 0.0302(0.101s / 3.350s) | Generator RTF: 0.0292(0.098s / 3.350s)
generated_audios/generated_H2_128C_int8/672-122797-0061_generated.wav | RTF: 0.3078(2.336s / 7.590s) | Generator RTF: 0.3074(2.333s / 7.590s)
generated_audios/generated_H2_128C_int8/672-122797-0062_generated.wav | RTF: 0.3045(0.815s / 2.675s) | Generator RTF: 0.3032(0.811s / 2.675s)
generated_audios/generated_H2_128C_int8/672-122797-0063_generated.wav | RTF: 0.0272(0.138s / 5.075s) | Generator RTF: 0.0264(0.134s / 5.075s)
generated_audios/generated_H2_128C_int8/672-122797-0064_generated.wav | RTF: 0.3014(4.602s / 15.270s) | Generator RTF: 0.3011(4.598s / 15.270s)
generated_audios/generated_H2_128C_int8/672-122797-0065_generated.wav | RTF: 0.0294(0.089s / 3.030s) | Generator RTF: 0.0282(0.086s / 3.030s)
generated_audios/generated_H2_128C_int8/672-122797-0066_generated.wav | RTF: 0.0274(0.132s / 4.815s) | Generator RTF: 0.0266(0.128s / 4.815s)
generated_audios/generated_H2_128C_int8/672-122797-0067_generated.wav | RTF: 0.2881(3.755s / 13.035s) | Generator RTF: 0.2877(3.751s / 13.035s)
generated_audios/generated_H2_128C_int8/672-122797-0068_generated.wav | RTF: 0.0284(0.114s / 4.020s) | Generator RTF: 0.0275(0.110s / 4.020s)
generated_audios/generated_H2_128C_int8/672-122797-0069_generated.wav | RTF: 0.3045(1.525s / 5.010s) | Generator RTF: 0.3037(1.522s / 5.010s)
generated_audios/generated_H2_128C_int8/672-122797-0070_generated.wav | RTF: 0.2821(1.769s / 6.270s) | Generator RTF: 0.2815(1.765s / 6.270s)
generated_audios/generated_H2_128C_int8/672-122797-0071_generated.wav | RTF: 0.3009(2.670s / 8.875s) | Generator RTF: 0.3004(2.666s / 8.875s)
generated_audios/generated_H2_128C_int8/672-122797-0072_generated.wav | RTF: 0.3063(2.432s / 7.940s) | Generator RTF: 0.3058(2.428s / 7.940s)
generated_audios/generated_H2_128C_int8/672-122797-0073_generated.wav | RTF: 0.3024(2.481s / 8.205s) | Generator RTF: 0.3019(2.477s / 8.205s)
generated_audios/generated_H2_128C_int8/672-122797-0074_generated.wav | RTF: 0.3048(2.661s / 8.730s) | Generator RTF: 0.3043(2.657s / 8.730s)
generated_audios/generated_H2_128C_int8/908-157963-0000_generated.wav | RTF: 0.2859(3.608s / 12.620s) | Generator RTF: 0.2856(3.604s / 12.620s)
generated_audios/generated_H2_128C_int8/908-157963-0001_generated.wav | RTF: 0.2968(0.856s / 2.885s) | Generator RTF: 0.2956(0.853s / 2.885s)
generated_audios/generated_H2_128C_int8/908-157963-0002_generated.wav | RTF: 0.2973(0.819s / 2.755s) | Generator RTF: 0.2960(0.816s / 2.755s)
generated_audios/generated_H2_128C_int8/908-157963-0003_generated.wav | RTF: 0.2936(0.904s / 3.080s) | Generator RTF: 0.2925(0.901s / 3.080s)
generated_audios/generated_H2_128C_int8/908-157963-0004_generated.wav | RTF: 0.2997(4.193s / 13.990s) | Generator RTF: 0.2994(4.189s / 13.990s)
generated_audios/generated_H2_128C_int8/908-157963-0005_generated.wav | RTF: 0.2947(2.073s / 7.035s) | Generator RTF: 0.2940(2.068s / 7.035s)
generated_audios/generated_H2_128C_int8/908-157963-0006_generated.wav | RTF: 0.2998(2.432s / 8.110s) | Generator RTF: 0.2993(2.427s / 8.110s)
generated_audios/generated_H2_128C_int8/908-157963-0007_generated.wav | RTF: 0.3118(10.217s / 32.770s) | Generator RTF: 0.3116(10.210s / 32.770s)
generated_audios/generated_H2_128C_int8/908-157963-0008_generated.wav | RTF: 0.3062(6.109s / 19.950s) | Generator RTF: 0.3059(6.103s / 19.950s)
generated_audios/generated_H2_128C_int8/908-157963-0009_generated.wav | RTF: 0.3103(1.260s / 4.060s) | Generator RTF: 0.3093(1.256s / 4.060s)
generated_audios/generated_H2_128C_int8/908-157963-0010_generated.wav | RTF: 0.0222(0.140s / 6.280s) | Generator RTF: 0.0216(0.136s / 6.280s)
generated_audios/generated_H2_128C_int8/908-157963-0011_generated.wav | RTF: 0.0260(0.270s / 10.395s) | Generator RTF: 0.0256(0.266s / 10.395s)
generated_audios/generated_H2_128C_int8/908-157963-0012_generated.wav | RTF: 0.2972(2.999s / 10.090s) | Generator RTF: 0.2968(2.995s / 10.090s)
generated_audios/generated_H2_128C_int8/908-157963-0013_generated.wav | RTF: 0.0279(0.120s / 4.315s) | Generator RTF: 0.0269(0.116s / 4.315s)
generated_audios/generated_H2_128C_int8/908-157963-0014_generated.wav | RTF: 0.0271(0.122s / 4.520s) | Generator RTF: 0.0262(0.119s / 4.520s)
generated_audios/generated_H2_128C_int8/908-157963-0015_generated.wav | RTF: 0.2834(4.100s / 14.465s) | Generator RTF: 0.2831(4.095s / 14.465s)
generated_audios/generated_H2_128C_int8/908-157963-0016_generated.wav | RTF: 0.0266(0.136s / 5.105s) | Generator RTF: 0.0259(0.132s / 5.105s)
generated_audios/generated_H2_128C_int8/908-157963-0017_generated.wav | RTF: 0.2841(1.406s / 4.950s) | Generator RTF: 0.2834(1.403s / 4.950s)
generated_audios/generated_H2_128C_int8/908-157963-0018_generated.wav | RTF: 0.0309(0.131s / 4.255s) | Generator RTF: 0.0300(0.128s / 4.255s)
generated_audios/generated_H2_128C_int8/908-157963-0019_generated.wav | RTF: 0.3077(6.597s / 21.440s) | Generator RTF: 0.3074(6.591s / 21.440s)
generated_audios/generated_H2_128C_int8/908-157963-0020_generated.wav | RTF: 0.3018(2.958s / 9.800s) | Generator RTF: 0.3013(2.953s / 9.800s)
generated_audios/generated_H2_128C_int8/908-157963-0021_generated.wav | RTF: 0.0268(0.274s / 10.240s) | Generator RTF: 0.0264(0.270s / 10.240s)
generated_audios/generated_H2_128C_int8/908-157963-0022_generated.wav | RTF: 0.3069(1.415s / 4.610s) | Generator RTF: 0.3061(1.411s / 4.610s)
generated_audios/generated_H2_128C_int8/908-157963-0023_generated.wav | RTF: 0.3104(2.988s / 9.625s) | Generator RTF: 0.3100(2.984s / 9.625s)
generated_audios/generated_H2_128C_int8/908-157963-0024_generated.wav | RTF: 0.3090(1.063s / 3.440s) | Generator RTF: 0.3080(1.059s / 3.440s)
generated_audios/generated_H2_128C_int8/908-157963-0025_generated.wav | RTF: 0.2910(2.697s / 9.265s) | Generator RTF: 0.2906(2.692s / 9.265s)
generated_audios/generated_H2_128C_int8/908-157963-0026_generated.wav | RTF: 0.2953(2.392s / 8.100s) | Generator RTF: 0.2948(2.388s / 8.100s)
generated_audios/generated_H2_128C_int8/908-157963-0027_generated.wav | RTF: 0.0271(0.142s / 5.225s) | Generator RTF: 0.0265(0.138s / 5.225s)
generated_audios/generated_H2_128C_int8/908-157963-0028_generated.wav | RTF: 0.0229(0.114s / 4.955s) | Generator RTF: 0.0222(0.110s / 4.955s)
generated_audios/generated_H2_128C_int8/908-157963-0029_generated.wav | RTF: 0.2780(1.009s / 3.630s) | Generator RTF: 0.2771(1.006s / 3.630s)
generated_audios/generated_H2_128C_int8/908-157963-0030_generated.wav | RTF: 0.0225(0.102s / 4.520s) | Generator RTF: 0.0217(0.098s / 4.520s)
generated_audios/generated_H2_128C_int8/908-31957-0000_generated.wav | RTF: 0.2850(0.606s / 2.125s) | Generator RTF: 0.2835(0.602s / 2.125s)
generated_audios/generated_H2_128C_int8/908-31957-0001_generated.wav | RTF: 0.3046(3.447s / 11.315s) | Generator RTF: 0.3042(3.442s / 11.315s)
generated_audios/generated_H2_128C_int8/908-31957-0002_generated.wav | RTF: 0.0271(0.130s / 4.790s) | Generator RTF: 0.0264(0.126s / 4.790s)
generated_audios/generated_H2_128C_int8/908-31957-0003_generated.wav | RTF: 0.0264(0.173s / 6.565s) | Generator RTF: 0.0258(0.170s / 6.565s)
generated_audios/generated_H2_128C_int8/908-31957-0004_generated.wav | RTF: 0.3042(4.488s / 14.755s) | Generator RTF: 0.3039(4.484s / 14.755s)
generated_audios/generated_H2_128C_int8/908-31957-0005_generated.wav | RTF: 0.0277(0.124s / 4.490s) | Generator RTF: 0.0269(0.121s / 4.490s)
generated_audios/generated_H2_128C_int8/908-31957-0006_generated.wav | RTF: 0.2815(1.658s / 5.890s) | Generator RTF: 0.2808(1.654s / 5.890s)
generated_audios/generated_H2_128C_int8/908-31957-0007_generated.wav | RTF: 0.0263(0.153s / 5.800s) | Generator RTF: 0.0257(0.149s / 5.800s)
generated_audios/generated_H2_128C_int8/908-31957-0008_generated.wav | RTF: 0.2796(2.798s / 10.005s) | Generator RTF: 0.2792(2.794s / 10.005s)
generated_audios/generated_H2_128C_int8/908-31957-0009_generated.wav | RTF: 0.2803(2.160s / 7.705s) | Generator RTF: 0.2798(2.156s / 7.705s)
generated_audios/generated_H2_128C_int8/908-31957-0010_generated.wav | RTF: 0.2805(0.704s / 2.510s) | Generator RTF: 0.2792(0.701s / 2.510s)
generated_audios/generated_H2_128C_int8/908-31957-0011_generated.wav | RTF: 0.0302(0.070s / 2.335s) | Generator RTF: 0.0289(0.068s / 2.335s)
generated_audios/generated_H2_128C_int8/908-31957-0012_generated.wav | RTF: 0.2952(2.248s / 7.615s) | Generator RTF: 0.2948(2.245s / 7.615s)
generated_audios/generated_H2_128C_int8/908-31957-0013_generated.wav | RTF: 0.2988(1.846s / 6.180s) | Generator RTF: 0.2982(1.843s / 6.180s)
generated_audios/generated_H2_128C_int8/908-31957-0014_generated.wav | RTF: 0.2796(2.114s / 7.560s) | Generator RTF: 0.2791(2.110s / 7.560s)
generated_audios/generated_H2_128C_int8/908-31957-0015_generated.wav | RTF: 0.2878(6.178s / 21.465s) | Generator RTF: 0.2876(6.173s / 21.465s)
generated_audios/generated_H2_128C_int8/908-31957-0016_generated.wav | RTF: 0.2832(1.835s / 6.480s) | Generator RTF: 0.2826(1.831s / 6.480s)
generated_audios/generated_H2_128C_int8/908-31957-0017_generated.wav | RTF: 0.2991(2.332s / 7.795s) | Generator RTF: 0.2987(2.328s / 7.795s)
generated_audios/generated_H2_128C_int8/908-31957-0018_generated.wav | RTF: 0.2972(1.164s / 3.915s) | Generator RTF: 0.2963(1.160s / 3.915s)
generated_audios/generated_H2_128C_int8/908-31957-0019_generated.wav | RTF: 0.3041(2.901s / 9.540s) | Generator RTF: 0.3037(2.897s / 9.540s)
generated_audios/generated_H2_128C_int8/908-31957-0020_generated.wav | RTF: 0.0225(0.133s / 5.895s) | Generator RTF: 0.0219(0.129s / 5.895s)
generated_audios/generated_H2_128C_int8/908-31957-0021_generated.wav | RTF: 0.2868(3.127s / 10.905s) | Generator RTF: 0.2864(3.123s / 10.905s)
generated_audios/generated_H2_128C_int8/908-31957-0022_generated.wav | RTF: 0.3052(4.303s / 14.100s) | Generator RTF: 0.3048(4.298s / 14.100s)
generated_audios/generated_H2_128C_int8/908-31957-0023_generated.wav | RTF: 0.3037(2.586s / 8.515s) | Generator RTF: 0.3033(2.582s / 8.515s)
generated_audios/generated_H2_128C_int8/908-31957-0024_generated.wav | RTF: 0.2942(2.218s / 7.540s) | Generator RTF: 0.2937(2.215s / 7.540s)
generated_audios/generated_H2_128C_int8/908-31957-0025_generated.wav | RTF: 0.3039(6.249s / 20.560s) | Generator RTF: 0.3037(6.244s / 20.560s)
Average RTF: 0.2066(652.697s / 3159.849s)
Average Generator RTF: 0.2060(650.829s / 3159.849s)
Evaluation summary:
  Mel-spectrogram L1: 1.449183
  PESQ: 1.241817
  STOI: 0.813529
Appended per-audio metrics to CSV: per_audio_results/H2_quantized_resblocks_range_2_9

Appended metrics to CSV: experiments_results.csv
Appended to experiments_results.csv:
H2_512C_quantized_all,13926425,13.661,0.1429,0.1423,1.4670904154777527,0.8821395996427472,0.9726626268625259
========== Done ==========
=== JOB_STATISTICS ===
=== current date     : Sun Jul  5 01:58:20 PM CEST 2026
= Job-ID             : 1428676 on tinyfat
= Job-Name           : inference_128ch_h1-4
= Job-Command        : /home/hpc/vlbi/vlbi107v/hifi-gan/inference_Test.sh
= Initial workdir    : /home/hpc/vlbi/vlbi107v/hifi-gan
= Queue/Partition    : work
= Slurm account      : vlbi with QOS=normal
= Requested resources:  for 1-00:00:00
= Elapsed runtime    : 00:14:15
= Total RAM usage    : 15.6 GiB of requested  GiB (%)   
= Node list          : tf060
= Subm/Elig/Start/End: 2026-07-05T13:44:05 / 2026-07-05T13:44:05 / 2026-07-05T13:44:05 / 2026-07-05T13:58:20
======================
=== Quota infos ======
    Path                 Used     SoftQ    HardQ    Gracetime  Filec    FileQ    FiHaQ    FileGrace    
    /home/woody           281.2G  1000.0G  1500.0G        N/A     118K   5,000K   7,500K        N/A    
    /home/hpc              92.0G   104.9G   209.7G        N/A      85K     500K   1,000K        N/A    
======================
