### Starting TaskPrologue of job 1428675 on tf060 at Sun Jul  5 01:43:57 PM CEST 2026
Running on cores 24-31,88-95 with governor ondemand
No GPU known
### Finished TaskPrologue

==========(sbatch.tinyfat) Inference: 128 Channels (g_07960000) ==========
========== H2: quantized (INT8 dynamic quantization) ==========
Initializing Inference Process..
Using device: cpu (baseline and quantized inference both run on CPU)
Quantization enabled: forcing CPU inference for INT8 model.
Loading '/home/hpc/vlbi/vlbi107v/hifi-gan/cp_hifigan/v1_c128/g_07960000'
Complete.
Checkpoint contains weight_norm parameters. Keeping weight_norm wrappers for loading...
Removing weight norm...
Calibrating static quantization using 50 samples...
INT8 quantization scope: resblocks_range
Quantizing residual blocks 1..10; all other layers stay FP32.
Checking quantized modules after static quantization:
Quantized module: resblocks.1.convs1.0 (torch.ao.nn.quantized.modules.conv.Conv1d)
Quantized module: resblocks.1.convs1.1 (torch.ao.nn.quantized.modules.conv.Conv1d)
Quantized module: resblocks.1.convs1.2 (torch.ao.nn.quantized.modules.conv.Conv1d)
Quantized module: resblocks.1.convs2.0 (torch.ao.nn.quantized.modules.conv.Conv1d)
Quantized module: resblocks.1.convs2.1 (torch.ao.nn.quantized.modules.conv.Conv1d)
Quantized module: resblocks.1.convs2.2 (torch.ao.nn.quantized.modules.conv.Conv1d)
Quantized module: resblocks.2.convs1.0 (torch.ao.nn.quantized.modules.conv.Conv1d)
Quantized module: resblocks.2.convs1.1 (torch.ao.nn.quantized.modules.conv.Conv1d)
Quantized module: resblocks.2.convs1.2 (torch.ao.nn.quantized.modules.conv.Conv1d)
Quantized module: resblocks.2.convs2.0 (torch.ao.nn.quantized.modules.conv.Conv1d)
Quantized module: resblocks.2.convs2.1 (torch.ao.nn.quantized.modules.conv.Conv1d)
Quantized module: resblocks.2.convs2.2 (torch.ao.nn.quantized.modules.conv.Conv1d)
Quantized module: resblocks.3.convs1.0 (torch.ao.nn.quantized.modules.conv.Conv1d)
Quantized module: resblocks.3.convs1.1 (torch.ao.nn.quantized.modules.conv.Conv1d)
Quantized module: resblocks.3.convs1.2 (torch.ao.nn.quantized.modules.conv.Conv1d)
Quantized module: resblocks.3.convs2.0 (torch.ao.nn.quantized.modules.conv.Conv1d)
Quantized module: resblocks.3.convs2.1 (torch.ao.nn.quantized.modules.conv.Conv1d)
Quantized module: resblocks.3.convs2.2 (torch.ao.nn.quantized.modules.conv.Conv1d)
Quantized module: resblocks.4.convs1.0 (torch.ao.nn.quantized.modules.conv.Conv1d)
Quantized module: resblocks.4.convs1.1 (torch.ao.nn.quantized.modules.conv.Conv1d)
Quantized module: resblocks.4.convs1.2 (torch.ao.nn.quantized.modules.conv.Conv1d)
Quantized module: resblocks.4.convs2.0 (torch.ao.nn.quantized.modules.conv.Conv1d)
Quantized module: resblocks.4.convs2.1 (torch.ao.nn.quantized.modules.conv.Conv1d)
Quantized module: resblocks.4.convs2.2 (torch.ao.nn.quantized.modules.conv.Conv1d)
Quantized module: resblocks.5.convs1.0 (torch.ao.nn.quantized.modules.conv.Conv1d)
Quantized module: resblocks.5.convs1.1 (torch.ao.nn.quantized.modules.conv.Conv1d)
Quantized module: resblocks.5.convs1.2 (torch.ao.nn.quantized.modules.conv.Conv1d)
Quantized module: resblocks.5.convs2.0 (torch.ao.nn.quantized.modules.conv.Conv1d)
Quantized module: resblocks.5.convs2.1 (torch.ao.nn.quantized.modules.conv.Conv1d)
Quantized module: resblocks.5.convs2.2 (torch.ao.nn.quantized.modules.conv.Conv1d)
Quantized module: resblocks.6.convs1.0 (torch.ao.nn.quantized.modules.conv.Conv1d)
Quantized module: resblocks.6.convs1.1 (torch.ao.nn.quantized.modules.conv.Conv1d)
Quantized module: resblocks.6.convs1.2 (torch.ao.nn.quantized.modules.conv.Conv1d)
Quantized module: resblocks.6.convs2.0 (torch.ao.nn.quantized.modules.conv.Conv1d)
Quantized module: resblocks.6.convs2.1 (torch.ao.nn.quantized.modules.conv.Conv1d)
Quantized module: resblocks.6.convs2.2 (torch.ao.nn.quantized.modules.conv.Conv1d)
Quantized module: resblocks.7.convs1.0 (torch.ao.nn.quantized.modules.conv.Conv1d)
Quantized module: resblocks.7.convs1.1 (torch.ao.nn.quantized.modules.conv.Conv1d)
Quantized module: resblocks.7.convs1.2 (torch.ao.nn.quantized.modules.conv.Conv1d)
Quantized module: resblocks.7.convs2.0 (torch.ao.nn.quantized.modules.conv.Conv1d)
Quantized module: resblocks.7.convs2.1 (torch.ao.nn.quantized.modules.conv.Conv1d)
Quantized module: resblocks.7.convs2.2 (torch.ao.nn.quantized.modules.conv.Conv1d)
Quantized module: resblocks.8.convs1.0 (torch.ao.nn.quantized.modules.conv.Conv1d)
Quantized module: resblocks.8.convs1.1 (torch.ao.nn.quantized.modules.conv.Conv1d)
Quantized module: resblocks.8.convs1.2 (torch.ao.nn.quantized.modules.conv.Conv1d)
Quantized module: resblocks.8.convs2.0 (torch.ao.nn.quantized.modules.conv.Conv1d)
Quantized module: resblocks.8.convs2.1 (torch.ao.nn.quantized.modules.conv.Conv1d)
Quantized module: resblocks.8.convs2.2 (torch.ao.nn.quantized.modules.conv.Conv1d)
Quantized module: resblocks.9.convs1.0 (torch.ao.nn.quantized.modules.conv.Conv1d)
Quantized module: resblocks.9.convs1.1 (torch.ao.nn.quantized.modules.conv.Conv1d)
Quantized module: resblocks.9.convs1.2 (torch.ao.nn.quantized.modules.conv.Conv1d)
Quantized module: resblocks.9.convs2.0 (torch.ao.nn.quantized.modules.conv.Conv1d)
Quantized module: resblocks.9.convs2.1 (torch.ao.nn.quantized.modules.conv.Conv1d)
Quantized module: resblocks.9.convs2.2 (torch.ao.nn.quantized.modules.conv.Conv1d)
Quantized module: resblocks.10.convs1.0 (torch.ao.nn.quantized.modules.conv.Conv1d)
Quantized module: resblocks.10.convs1.1 (torch.ao.nn.quantized.modules.conv.Conv1d)
Quantized module: resblocks.10.convs1.2 (torch.ao.nn.quantized.modules.conv.Conv1d)
Quantized module: resblocks.10.convs2.0 (torch.ao.nn.quantized.modules.conv.Conv1d)
Quantized module: resblocks.10.convs2.1 (torch.ao.nn.quantized.modules.conv.Conv1d)
Quantized module: resblocks.10.convs2.2 (torch.ao.nn.quantized.modules.conv.Conv1d)
Saving checkpoint to /home/hpc/vlbi/vlbi107v/hifi-gan/cp_hifigan/v1_c128/compressed_checkpoint_int8
Complete.
Saved compressed checkpoint: /home/hpc/vlbi/vlbi107v/hifi-gan/cp_hifigan/v1_c128/compressed_checkpoint_int8 (1.979 MB)
Compressed checkpoint parameters: 926,225
Loaded checkpoint: /home/hpc/vlbi/vlbi107v/hifi-gan/cp_hifigan/v1_c128/g_07960000 (3.617 MB)
Generator parameters: 926,225
generated_audios/generated_H2_128C_int8/1089-134686-0000_generated.wav | RTF: 0.0234(0.244s / 10.435s) | Generator RTF: 0.0230(0.240s / 10.435s)
generated_audios/generated_H2_128C_int8/1089-134686-0001_generated.wav | RTF: 0.0298(0.098s / 3.275s) | Generator RTF: 0.0287(0.094s / 3.275s)
generated_audios/generated_H2_128C_int8/1089-134686-0002_generated.wav | RTF: 0.0273(0.181s / 6.625s) | Generator RTF: 0.0268(0.177s / 6.625s)
generated_audios/generated_H2_128C_int8/1089-134686-0003_generated.wav | RTF: 0.0284(0.076s / 2.680s) | Generator RTF: 0.0272(0.073s / 2.680s)
generated_audios/generated_H2_128C_int8/1089-134686-0004_generated.wav | RTF: 0.0241(0.125s / 5.215s) | Generator RTF: 0.0233(0.122s / 5.215s)
generated_audios/generated_H2_128C_int8/1089-134686-0005_generated.wav | RTF: 0.0241(0.232s / 9.635s) | Generator RTF: 0.0237(0.228s / 9.635s)
generated_audios/generated_H2_128C_int8/1089-134686-0006_generated.wav | RTF: 0.0255(0.269s / 10.555s) | Generator RTF: 0.0251(0.265s / 10.555s)
generated_audios/generated_H2_128C_int8/1089-134686-0007_generated.wav | RTF: 0.0251(0.107s / 4.275s) | Generator RTF: 0.0243(0.104s / 4.275s)
generated_audios/generated_H2_128C_int8/1089-134686-0008_generated.wav | RTF: 0.0213(0.143s / 6.730s) | Generator RTF: 0.0207(0.139s / 6.730s)
generated_audios/generated_H2_128C_int8/1089-134686-0009_generated.wav | RTF: 0.0237(0.250s / 10.575s) | Generator RTF: 0.0233(0.246s / 10.575s)
generated_audios/generated_H2_128C_int8/1089-134686-0010_generated.wav | RTF: 0.0245(0.108s / 4.405s) | Generator RTF: 0.0237(0.104s / 4.405s)
generated_audios/generated_H2_128C_int8/1089-134686-0011_generated.wav | RTF: 0.0248(0.309s / 12.445s) | Generator RTF: 0.0246(0.306s / 12.445s)
generated_audios/generated_H2_128C_int8/1089-134686-0012_generated.wav | RTF: 0.0275(0.320s / 11.640s) | Generator RTF: 0.0271(0.315s / 11.640s)
generated_audios/generated_H2_128C_int8/1089-134686-0013_generated.wav | RTF: 0.0263(0.208s / 7.915s) | Generator RTF: 0.0258(0.204s / 7.915s)
generated_audios/generated_H2_128C_int8/1089-134686-0014_generated.wav | RTF: 0.0291(0.065s / 2.225s) | Generator RTF: 0.0276(0.061s / 2.225s)
generated_audios/generated_H2_128C_int8/1089-134686-0015_generated.wav | RTF: 0.0236(0.137s / 5.815s) | Generator RTF: 0.0230(0.134s / 5.815s)
generated_audios/generated_H2_128C_int8/1089-134686-0016_generated.wav | RTF: 0.0258(0.091s / 3.540s) | Generator RTF: 0.0250(0.089s / 3.540s)
generated_audios/generated_H2_128C_int8/1089-134686-0017_generated.wav | RTF: 0.0238(0.211s / 8.870s) | Generator RTF: 0.0234(0.207s / 8.870s)
generated_audios/generated_H2_128C_int8/1089-134686-0018_generated.wav | RTF: 0.0245(0.385s / 15.720s) | Generator RTF: 0.0242(0.380s / 15.720s)
generated_audios/generated_H2_128C_int8/1089-134686-0019_generated.wav | RTF: 0.0243(0.338s / 13.895s) | Generator RTF: 0.0240(0.333s / 13.895s)
generated_audios/generated_H2_128C_int8/1089-134686-0020_generated.wav | RTF: 0.0271(0.455s / 16.790s) | Generator RTF: 0.0268(0.450s / 16.790s)
generated_audios/generated_H2_128C_int8/1089-134686-0021_generated.wav | RTF: 0.0259(0.170s / 6.550s) | Generator RTF: 0.0253(0.166s / 6.550s)
generated_audios/generated_H2_128C_int8/1089-134686-0022_generated.wav | RTF: 0.0250(0.279s / 11.175s) | Generator RTF: 0.0246(0.274s / 11.175s)
generated_audios/generated_H2_128C_int8/1089-134686-0023_generated.wav | RTF: 0.0261(0.347s / 13.275s) | Generator RTF: 0.0257(0.342s / 13.275s)
generated_audios/generated_H2_128C_int8/1089-134686-0024_generated.wav | RTF: 0.0234(0.273s / 11.655s) | Generator RTF: 0.0230(0.268s / 11.655s)
generated_audios/generated_H2_128C_int8/1089-134686-0025_generated.wav | RTF: 0.0239(0.158s / 6.610s) | Generator RTF: 0.0233(0.154s / 6.610s)
generated_audios/generated_H2_128C_int8/1089-134686-0026_generated.wav | RTF: 0.0280(0.112s / 4.010s) | Generator RTF: 0.0271(0.109s / 4.010s)
generated_audios/generated_H2_128C_int8/1089-134686-0027_generated.wav | RTF: 0.0268(0.073s / 2.710s) | Generator RTF: 0.0256(0.069s / 2.710s)
generated_audios/generated_H2_128C_int8/1089-134686-0028_generated.wav | RTF: 0.0229(0.179s / 7.830s) | Generator RTF: 0.0224(0.175s / 7.830s)
generated_audios/generated_H2_128C_int8/1089-134686-0029_generated.wav | RTF: 0.0277(0.129s / 4.670s) | Generator RTF: 0.0269(0.126s / 4.670s)
generated_audios/generated_H2_128C_int8/1089-134686-0030_generated.wav | RTF: 0.0239(0.065s / 2.715s) | Generator RTF: 0.0228(0.062s / 2.715s)
generated_audios/generated_H2_128C_int8/1089-134686-0031_generated.wav | RTF: 0.0205(0.135s / 6.615s) | Generator RTF: 0.0199(0.131s / 6.615s)
generated_audios/generated_H2_128C_int8/121-121726-0000_generated.wav | RTF: 0.0237(0.200s / 8.460s) | Generator RTF: 0.0232(0.196s / 8.460s)
generated_audios/generated_H2_128C_int8/121-121726-0001_generated.wav | RTF: 0.0269(0.159s / 5.925s) | Generator RTF: 0.0262(0.155s / 5.925s)
generated_audios/generated_H2_128C_int8/121-121726-0002_generated.wav | RTF: 0.0205(0.091s / 4.410s) | Generator RTF: 0.0198(0.087s / 4.410s)
generated_audios/generated_H2_128C_int8/121-121726-0003_generated.wav | RTF: 0.0239(0.161s / 6.755s) | Generator RTF: 0.0233(0.158s / 6.755s)
generated_audios/generated_H2_128C_int8/121-121726-0004_generated.wav | RTF: 0.0253(0.102s / 4.020s) | Generator RTF: 0.0244(0.098s / 4.020s)
generated_audios/generated_H2_128C_int8/121-121726-0005_generated.wav | RTF: 0.0257(0.080s / 3.100s) | Generator RTF: 0.0246(0.076s / 3.100s)
generated_audios/generated_H2_128C_int8/121-121726-0006_generated.wav | RTF: 0.0254(0.099s / 3.895s) | Generator RTF: 0.0246(0.096s / 3.895s)
generated_audios/generated_H2_128C_int8/121-121726-0007_generated.wav | RTF: 0.0201(0.135s / 6.730s) | Generator RTF: 0.0195(0.132s / 6.730s)
generated_audios/generated_H2_128C_int8/121-121726-0008_generated.wav | RTF: 0.0281(0.140s / 4.990s) | Generator RTF: 0.0275(0.137s / 4.990s)
generated_audios/generated_H2_128C_int8/121-121726-0009_generated.wav | RTF: 0.0243(0.177s / 7.260s) | Generator RTF: 0.0238(0.173s / 7.260s)
generated_audios/generated_H2_128C_int8/121-121726-0010_generated.wav | RTF: 0.0238(0.233s / 9.810s) | Generator RTF: 0.0233(0.229s / 9.810s)
generated_audios/generated_H2_128C_int8/121-121726-0011_generated.wav | RTF: 0.0247(0.100s / 4.035s) | Generator RTF: 0.0238(0.096s / 4.035s)
generated_audios/generated_H2_128C_int8/121-121726-0012_generated.wav | RTF: 0.0271(0.109s / 4.045s) | Generator RTF: 0.0262(0.106s / 4.045s)
generated_audios/generated_H2_128C_int8/121-121726-0013_generated.wav | RTF: 0.0276(0.069s / 2.490s) | Generator RTF: 0.0263(0.066s / 2.490s)
generated_audios/generated_H2_128C_int8/121-121726-0014_generated.wav | RTF: 0.1259(0.398s / 3.165s) | Generator RTF: 0.1085(0.343s / 3.165s)
generated_audios/generated_H2_128C_int8/121-123852-0000_generated.wav | RTF: 0.0284(0.503s / 17.695s) | Generator RTF: 0.0282(0.499s / 17.695s)
generated_audios/generated_H2_128C_int8/121-123852-0001_generated.wav | RTF: 0.0300(0.056s / 1.870s) | Generator RTF: 0.0283(0.053s / 1.870s)
generated_audios/generated_H2_128C_int8/121-123852-0002_generated.wav | RTF: 0.0287(0.496s / 17.285s) | Generator RTF: 0.0284(0.491s / 17.285s)
generated_audios/generated_H2_128C_int8/121-123852-0003_generated.wav | RTF: 0.3057(7.186s / 23.505s) | Generator RTF: 0.3054(7.179s / 23.505s)
generated_audios/generated_H2_128C_int8/121-123852-0004_generated.wav | RTF: 0.2778(4.525s / 16.290s) | Generator RTF: 0.2774(4.519s / 16.290s)
generated_audios/generated_H2_128C_int8/121-123859-0000_generated.wav | RTF: 0.2616(4.549s / 17.390s) | Generator RTF: 0.2613(4.544s / 17.390s)
generated_audios/generated_H2_128C_int8/121-123859-0001_generated.wav | RTF: 0.2702(6.861s / 25.395s) | Generator RTF: 0.2699(6.854s / 25.395s)
generated_audios/generated_H2_128C_int8/121-123859-0002_generated.wav | RTF: 0.2811(8.443s / 30.040s) | Generator RTF: 0.2808(8.436s / 30.040s)
generated_audios/generated_H2_128C_int8/121-123859-0003_generated.wav | RTF: 0.2564(2.776s / 10.825s) | Generator RTF: 0.2560(2.771s / 10.825s)
generated_audios/generated_H2_128C_int8/121-123859-0004_generated.wav | RTF: 0.2576(2.448s / 9.505s) | Generator RTF: 0.2571(2.444s / 9.505s)
generated_audios/generated_H2_128C_int8/121-127105-0000_generated.wav | RTF: 0.2546(2.515s / 9.875s) | Generator RTF: 0.2542(2.510s / 9.875s)
generated_audios/generated_H2_128C_int8/121-127105-0001_generated.wav | RTF: 0.2400(1.206s / 5.025s) | Generator RTF: 0.2393(1.202s / 5.025s)
generated_audios/generated_H2_128C_int8/121-127105-0002_generated.wav | RTF: 0.2389(1.791s / 7.495s) | Generator RTF: 0.2384(1.787s / 7.495s)
generated_audios/generated_H2_128C_int8/121-127105-0003_generated.wav | RTF: 0.2520(1.946s / 7.725s) | Generator RTF: 0.2514(1.942s / 7.725s)
generated_audios/generated_H2_128C_int8/121-127105-0004_generated.wav | RTF: 0.2507(0.529s / 2.110s) | Generator RTF: 0.2492(0.526s / 2.110s)
generated_audios/generated_H2_128C_int8/121-127105-0005_generated.wav | RTF: 0.2442(1.421s / 5.820s) | Generator RTF: 0.2436(1.418s / 5.820s)
generated_audios/generated_H2_128C_int8/121-127105-0006_generated.wav | RTF: 0.2554(1.207s / 4.725s) | Generator RTF: 0.2547(1.203s / 4.725s)
generated_audios/generated_H2_128C_int8/121-127105-0007_generated.wav | RTF: 0.2423(1.403s / 5.790s) | Generator RTF: 0.2416(1.399s / 5.790s)
generated_audios/generated_H2_128C_int8/121-127105-0008_generated.wav | RTF: 0.2494(0.688s / 2.760s) | Generator RTF: 0.2482(0.685s / 2.760s)
generated_audios/generated_H2_128C_int8/121-127105-0009_generated.wav | RTF: 0.2509(0.575s / 2.290s) | Generator RTF: 0.2491(0.570s / 2.290s)
generated_audios/generated_H2_128C_int8/121-127105-0010_generated.wav | RTF: 0.2484(0.708s / 2.850s) | Generator RTF: 0.2473(0.705s / 2.850s)
generated_audios/generated_H2_128C_int8/121-127105-0011_generated.wav | RTF: 0.2513(1.452s / 5.780s) | Generator RTF: 0.2507(1.449s / 5.780s)
generated_audios/generated_H2_128C_int8/121-127105-0012_generated.wav | RTF: 0.2561(1.237s / 4.830s) | Generator RTF: 0.2554(1.234s / 4.830s)
generated_audios/generated_H2_128C_int8/121-127105-0013_generated.wav | RTF: 0.2444(1.441s / 5.895s) | Generator RTF: 0.2438(1.437s / 5.895s)
generated_audios/generated_H2_128C_int8/121-127105-0014_generated.wav | RTF: 0.2372(0.535s / 2.255s) | Generator RTF: 0.2358(0.532s / 2.255s)
generated_audios/generated_H2_128C_int8/121-127105-0015_generated.wav | RTF: 0.2504(0.741s / 2.960s) | Generator RTF: 0.2493(0.738s / 2.960s)
generated_audios/generated_H2_128C_int8/121-127105-0016_generated.wav | RTF: 0.2419(0.491s / 2.030s) | Generator RTF: 0.2402(0.488s / 2.030s)
generated_audios/generated_H2_128C_int8/121-127105-0017_generated.wav | RTF: 0.2521(0.679s / 2.695s) | Generator RTF: 0.2509(0.676s / 2.695s)
generated_audios/generated_H2_128C_int8/121-127105-0018_generated.wav | RTF: 0.2512(0.696s / 2.770s) | Generator RTF: 0.2500(0.692s / 2.770s)
generated_audios/generated_H2_128C_int8/121-127105-0019_generated.wav | RTF: 0.2432(0.857s / 3.525s) | Generator RTF: 0.2422(0.854s / 3.525s)
generated_audios/generated_H2_128C_int8/121-127105-0020_generated.wav | RTF: 0.2682(3.850s / 14.355s) | Generator RTF: 0.2678(3.845s / 14.355s)
generated_audios/generated_H2_128C_int8/121-127105-0021_generated.wav | RTF: 0.2402(0.480s / 2.000s) | Generator RTF: 0.2386(0.477s / 2.000s)
generated_audios/generated_H2_128C_int8/121-127105-0022_generated.wav | RTF: 0.2492(1.265s / 5.075s) | Generator RTF: 0.2485(1.261s / 5.075s)
generated_audios/generated_H2_128C_int8/121-127105-0023_generated.wav | RTF: 0.2427(2.648s / 10.910s) | Generator RTF: 0.2423(2.644s / 10.910s)
generated_audios/generated_H2_128C_int8/121-127105-0024_generated.wav | RTF: 0.2756(3.983s / 14.450s) | Generator RTF: 0.2753(3.978s / 14.450s)
generated_audios/generated_H2_128C_int8/121-127105-0025_generated.wav | RTF: 0.2641(4.243s / 16.065s) | Generator RTF: 0.2638(4.238s / 16.065s)
generated_audios/generated_H2_128C_int8/121-127105-0026_generated.wav | RTF: 0.2398(1.805s / 7.530s) | Generator RTF: 0.2392(1.801s / 7.530s)
generated_audios/generated_H2_128C_int8/121-127105-0027_generated.wav | RTF: 0.2677(3.713s / 13.870s) | Generator RTF: 0.2674(3.709s / 13.870s)
generated_audios/generated_H2_128C_int8/121-127105-0028_generated.wav | RTF: 0.0238(0.160s / 6.750s) | Generator RTF: 0.0232(0.156s / 6.750s)
generated_audios/generated_H2_128C_int8/121-127105-0029_generated.wav | RTF: 0.2492(1.822s / 7.310s) | Generator RTF: 0.2487(1.818s / 7.310s)
generated_audios/generated_H2_128C_int8/121-127105-0030_generated.wav | RTF: 0.2434(0.529s / 2.175s) | Generator RTF: 0.2420(0.526s / 2.175s)
generated_audios/generated_H2_128C_int8/121-127105-0031_generated.wav | RTF: 0.2372(2.553s / 10.765s) | Generator RTF: 0.2368(2.549s / 10.765s)
generated_audios/generated_H2_128C_int8/121-127105-0032_generated.wav | RTF: 0.2359(0.748s / 3.170s) | Generator RTF: 0.2348(0.744s / 3.170s)
generated_audios/generated_H2_128C_int8/121-127105-0033_generated.wav | RTF: 0.2454(0.578s / 2.355s) | Generator RTF: 0.2441(0.575s / 2.355s)
generated_audios/generated_H2_128C_int8/121-127105-0034_generated.wav | RTF: 0.2560(1.897s / 7.410s) | Generator RTF: 0.2555(1.893s / 7.410s)
generated_audios/generated_H2_128C_int8/121-127105-0035_generated.wav | RTF: 0.2660(3.764s / 14.150s) | Generator RTF: 0.2657(3.759s / 14.150s)
generated_audios/generated_H2_128C_int8/121-127105-0036_generated.wav | RTF: 0.2377(0.986s / 4.150s) | Generator RTF: 0.2368(0.983s / 4.150s)
generated_audios/generated_H2_128C_int8/237-126133-0000_generated.wav | RTF: 0.2808(3.732s / 13.290s) | Generator RTF: 0.2805(3.727s / 13.290s)
generated_audios/generated_H2_128C_int8/237-126133-0001_generated.wav | RTF: 0.2852(3.413s / 11.965s) | Generator RTF: 0.2848(3.408s / 11.965s)
generated_audios/generated_H2_128C_int8/237-126133-0002_generated.wav | RTF: 0.2442(2.178s / 8.920s) | Generator RTF: 0.2437(2.174s / 8.920s)
generated_audios/generated_H2_128C_int8/237-126133-0003_generated.wav | RTF: 0.2511(1.647s / 6.560s) | Generator RTF: 0.2505(1.644s / 6.560s)
generated_audios/generated_H2_128C_int8/237-126133-0004_generated.wav | RTF: 0.2542(0.838s / 3.295s) | Generator RTF: 0.2532(0.834s / 3.295s)
generated_audios/generated_H2_128C_int8/237-126133-0005_generated.wav | RTF: 0.2543(1.655s / 6.510s) | Generator RTF: 0.2537(1.652s / 6.510s)
generated_audios/generated_H2_128C_int8/237-126133-0006_generated.wav | RTF: 0.2512(1.545s / 6.150s) | Generator RTF: 0.2506(1.541s / 6.150s)
generated_audios/generated_H2_128C_int8/237-126133-0007_generated.wav | RTF: 0.2402(2.085s / 8.680s) | Generator RTF: 0.2397(2.080s / 8.680s)
generated_audios/generated_H2_128C_int8/237-126133-0008_generated.wav | RTF: 0.2521(0.974s / 3.865s) | Generator RTF: 0.2513(0.971s / 3.865s)
generated_audios/generated_H2_128C_int8/237-126133-0009_generated.wav | RTF: 0.2496(0.991s / 3.970s) | Generator RTF: 0.2487(0.987s / 3.970s)
generated_audios/generated_H2_128C_int8/237-126133-0010_generated.wav | RTF: 0.2407(1.502s / 6.240s) | Generator RTF: 0.2402(1.499s / 6.240s)
generated_audios/generated_H2_128C_int8/237-126133-0011_generated.wav | RTF: 0.2578(1.730s / 6.710s) | Generator RTF: 0.2573(1.726s / 6.710s)
generated_audios/generated_H2_128C_int8/237-126133-0012_generated.wav | RTF: 0.2589(1.152s / 4.450s) | Generator RTF: 0.2581(1.148s / 4.450s)
generated_audios/generated_H2_128C_int8/237-126133-0013_generated.wav | RTF: 0.2551(1.738s / 6.815s) | Generator RTF: 0.2545(1.735s / 6.815s)
generated_audios/generated_H2_128C_int8/237-126133-0014_generated.wav | RTF: 0.2552(1.733s / 6.790s) | Generator RTF: 0.2547(1.729s / 6.790s)
generated_audios/generated_H2_128C_int8/237-126133-0015_generated.wav | RTF: 0.2443(2.282s / 9.340s) | Generator RTF: 0.2439(2.278s / 9.340s)
generated_audios/generated_H2_128C_int8/237-126133-0016_generated.wav | RTF: 0.2434(1.034s / 4.250s) | Generator RTF: 0.2425(1.031s / 4.250s)
generated_audios/generated_H2_128C_int8/237-126133-0017_generated.wav | RTF: 0.2423(1.504s / 6.210s) | Generator RTF: 0.2417(1.501s / 6.210s)
generated_audios/generated_H2_128C_int8/237-126133-0018_generated.wav | RTF: 0.2558(1.048s / 4.095s) | Generator RTF: 0.2549(1.044s / 4.095s)
generated_audios/generated_H2_128C_int8/237-126133-0019_generated.wav | RTF: 0.2569(1.829s / 7.120s) | Generator RTF: 0.2564(1.826s / 7.120s)
generated_audios/generated_H2_128C_int8/237-126133-0020_generated.wav | RTF: 0.2369(0.531s / 2.240s) | Generator RTF: 0.2354(0.527s / 2.240s)
generated_audios/generated_H2_128C_int8/237-126133-0021_generated.wav | RTF: 0.2393(1.044s / 4.365s) | Generator RTF: 0.2385(1.041s / 4.365s)
generated_audios/generated_H2_128C_int8/237-126133-0022_generated.wav | RTF: 0.2556(1.288s / 5.040s) | Generator RTF: 0.2549(1.285s / 5.040s)
generated_audios/generated_H2_128C_int8/237-126133-0023_generated.wav | RTF: 0.2560(1.709s / 6.675s) | Generator RTF: 0.2555(1.705s / 6.675s)
generated_audios/generated_H2_128C_int8/237-126133-0024_generated.wav | RTF: 0.2578(2.492s / 9.665s) | Generator RTF: 0.2574(2.488s / 9.665s)
generated_audios/generated_H2_128C_int8/237-126133-0025_generated.wav | RTF: 0.2515(0.944s / 3.755s) | Generator RTF: 0.2506(0.941s / 3.755s)
generated_audios/generated_H2_128C_int8/237-134493-0000_generated.wav | RTF: 0.2594(1.065s / 4.105s) | Generator RTF: 0.2585(1.061s / 4.105s)
generated_audios/generated_H2_128C_int8/237-134493-0001_generated.wav | RTF: 0.2508(1.851s / 7.380s) | Generator RTF: 0.2503(1.847s / 7.380s)
generated_audios/generated_H2_128C_int8/237-134493-0002_generated.wav | RTF: 0.2629(2.996s / 11.395s) | Generator RTF: 0.2625(2.991s / 11.395s)
generated_audios/generated_H2_128C_int8/237-134493-0003_generated.wav | RTF: 0.2789(3.560s / 12.765s) | Generator RTF: 0.2785(3.555s / 12.765s)
generated_audios/generated_H2_128C_int8/237-134493-0004_generated.wav | RTF: 0.2587(1.766s / 6.825s) | Generator RTF: 0.2582(1.762s / 6.825s)
generated_audios/generated_H2_128C_int8/237-134493-0005_generated.wav | RTF: 0.2447(2.678s / 10.945s) | Generator RTF: 0.2443(2.673s / 10.945s)
generated_audios/generated_H2_128C_int8/237-134493-0006_generated.wav | RTF: 0.2421(1.064s / 4.395s) | Generator RTF: 0.2413(1.060s / 4.395s)
generated_audios/generated_H2_128C_int8/237-134493-0007_generated.wav | RTF: 0.2392(0.487s / 2.035s) | Generator RTF: 0.2377(0.484s / 2.035s)
generated_audios/generated_H2_128C_int8/237-134493-0008_generated.wav | RTF: 0.2349(0.542s / 2.305s) | Generator RTF: 0.2335(0.538s / 2.305s)
generated_audios/generated_H2_128C_int8/237-134493-0009_generated.wav | RTF: 0.2537(0.755s / 2.975s) | Generator RTF: 0.2526(0.751s / 2.975s)
generated_audios/generated_H2_128C_int8/237-134493-0010_generated.wav | RTF: 0.2486(0.715s / 2.875s) | Generator RTF: 0.2475(0.712s / 2.875s)
generated_audios/generated_H2_128C_int8/237-134493-0011_generated.wav | RTF: 0.2595(1.307s / 5.035s) | Generator RTF: 0.2588(1.303s / 5.035s)
generated_audios/generated_H2_128C_int8/237-134493-0012_generated.wav | RTF: 0.2380(0.871s / 3.660s) | Generator RTF: 0.2371(0.868s / 3.660s)
generated_audios/generated_H2_128C_int8/237-134493-0013_generated.wav | RTF: 0.0225(0.092s / 4.090s) | Generator RTF: 0.0217(0.089s / 4.090s)
generated_audios/generated_H2_128C_int8/237-134493-0014_generated.wav | RTF: 0.2438(0.902s / 3.700s) | Generator RTF: 0.2429(0.899s / 3.700s)
generated_audios/generated_H2_128C_int8/237-134493-0015_generated.wav | RTF: 0.0257(0.169s / 6.550s) | Generator RTF: 0.0252(0.165s / 6.550s)
generated_audios/generated_H2_128C_int8/237-134493-0016_generated.wav | RTF: 0.2564(2.586s / 10.085s) | Generator RTF: 0.2560(2.582s / 10.085s)
generated_audios/generated_H2_128C_int8/237-134493-0017_generated.wav | RTF: 0.2579(2.348s / 9.105s) | Generator RTF: 0.2575(2.344s / 9.105s)
generated_audios/generated_H2_128C_int8/237-134493-0018_generated.wav | RTF: 0.2583(1.237s / 4.790s) | Generator RTF: 0.2575(1.233s / 4.790s)
generated_audios/generated_H2_128C_int8/237-134500-0000_generated.wav | RTF: 0.2531(1.551s / 6.130s) | Generator RTF: 0.2525(1.548s / 6.130s)
generated_audios/generated_H2_128C_int8/237-134500-0001_generated.wav | RTF: 0.2342(0.424s / 1.810s) | Generator RTF: 0.2325(0.421s / 1.810s)
generated_audios/generated_H2_128C_int8/237-134500-0002_generated.wav | RTF: 0.2547(1.291s / 5.070s) | Generator RTF: 0.2540(1.288s / 5.070s)
generated_audios/generated_H2_128C_int8/237-134500-0003_generated.wav | RTF: 0.0263(0.083s / 3.170s) | Generator RTF: 0.0252(0.080s / 3.170s)
generated_audios/generated_H2_128C_int8/237-134500-0004_generated.wav | RTF: 0.0283(0.063s / 2.225s) | Generator RTF: 0.0268(0.060s / 2.225s)
generated_audios/generated_H2_128C_int8/237-134500-0005_generated.wav | RTF: 0.2473(0.591s / 2.390s) | Generator RTF: 0.2459(0.588s / 2.390s)
generated_audios/generated_H2_128C_int8/237-134500-0006_generated.wav | RTF: 0.2390(1.010s / 4.225s) | Generator RTF: 0.2382(1.006s / 4.225s)
generated_audios/generated_H2_128C_int8/237-134500-0007_generated.wav | RTF: 0.0237(0.057s / 2.390s) | Generator RTF: 0.0224(0.053s / 2.390s)
generated_audios/generated_H2_128C_int8/237-134500-0008_generated.wav | RTF: 0.0216(0.081s / 3.760s) | Generator RTF: 0.0207(0.078s / 3.760s)
generated_audios/generated_H2_128C_int8/237-134500-0009_generated.wav | RTF: 0.0237(0.053s / 2.220s) | Generator RTF: 0.0222(0.049s / 2.220s)
generated_audios/generated_H2_128C_int8/237-134500-0010_generated.wav | RTF: 0.2539(1.015s / 3.995s) | Generator RTF: 0.2531(1.011s / 3.995s)
generated_audios/generated_H2_128C_int8/237-134500-0011_generated.wav | RTF: 0.2406(0.806s / 3.350s) | Generator RTF: 0.2396(0.803s / 3.350s)
generated_audios/generated_H2_128C_int8/237-134500-0012_generated.wav | RTF: 0.2637(2.884s / 10.935s) | Generator RTF: 0.2633(2.880s / 10.935s)
generated_audios/generated_H2_128C_int8/237-134500-0013_generated.wav | RTF: 0.0265(0.279s / 10.560s) | Generator RTF: 0.0260(0.275s / 10.560s)
generated_audios/generated_H2_128C_int8/237-134500-0014_generated.wav | RTF: 0.0285(0.121s / 4.250s) | Generator RTF: 0.0278(0.118s / 4.250s)
generated_audios/generated_H2_128C_int8/237-134500-0015_generated.wav | RTF: 0.2556(2.765s / 10.815s) | Generator RTF: 0.2552(2.760s / 10.815s)
generated_audios/generated_H2_128C_int8/237-134500-0016_generated.wav | RTF: 0.0265(0.084s / 3.160s) | Generator RTF: 0.0255(0.081s / 3.160s)
generated_audios/generated_H2_128C_int8/237-134500-0017_generated.wav | RTF: 0.0290(0.063s / 2.180s) | Generator RTF: 0.0275(0.060s / 2.180s)
generated_audios/generated_H2_128C_int8/237-134500-0018_generated.wav | RTF: 0.2852(3.663s / 12.845s) | Generator RTF: 0.2849(3.659s / 12.845s)
generated_audios/generated_H2_128C_int8/237-134500-0019_generated.wav | RTF: 0.2402(0.687s / 2.860s) | Generator RTF: 0.2393(0.684s / 2.860s)
generated_audios/generated_H2_128C_int8/237-134500-0020_generated.wav | RTF: 0.0237(0.052s / 2.180s) | Generator RTF: 0.0223(0.049s / 2.180s)
generated_audios/generated_H2_128C_int8/237-134500-0021_generated.wav | RTF: 0.2391(1.224s / 5.120s) | Generator RTF: 0.2385(1.221s / 5.120s)
generated_audios/generated_H2_128C_int8/237-134500-0022_generated.wav | RTF: 0.2419(1.249s / 5.165s) | Generator RTF: 0.2413(1.247s / 5.165s)
generated_audios/generated_H2_128C_int8/237-134500-0023_generated.wav | RTF: 0.2565(0.785s / 3.060s) | Generator RTF: 0.2555(0.782s / 3.060s)
generated_audios/generated_H2_128C_int8/237-134500-0024_generated.wav | RTF: 0.0256(0.113s / 4.410s) | Generator RTF: 0.0248(0.109s / 4.410s)
generated_audios/generated_H2_128C_int8/237-134500-0025_generated.wav | RTF: 0.2347(0.383s / 1.630s) | Generator RTF: 0.2327(0.379s / 1.630s)
generated_audios/generated_H2_128C_int8/237-134500-0026_generated.wav | RTF: 0.2520(0.768s / 3.050s) | Generator RTF: 0.2509(0.765s / 3.050s)
generated_audios/generated_H2_128C_int8/237-134500-0027_generated.wav | RTF: 0.2605(0.852s / 3.270s) | Generator RTF: 0.2594(0.848s / 3.270s)
generated_audios/generated_H2_128C_int8/237-134500-0028_generated.wav | RTF: 0.2626(1.188s / 4.525s) | Generator RTF: 0.2619(1.185s / 4.525s)
generated_audios/generated_H2_128C_int8/237-134500-0029_generated.wav | RTF: 0.2410(0.498s / 2.065s) | Generator RTF: 0.2394(0.494s / 2.065s)
generated_audios/generated_H2_128C_int8/237-134500-0030_generated.wav | RTF: 0.2590(0.720s / 2.780s) | Generator RTF: 0.2579(0.717s / 2.780s)
generated_audios/generated_H2_128C_int8/237-134500-0031_generated.wav | RTF: 0.2572(2.729s / 10.610s) | Generator RTF: 0.2569(2.726s / 10.610s)
generated_audios/generated_H2_128C_int8/237-134500-0032_generated.wav | RTF: 0.0251(0.126s / 5.025s) | Generator RTF: 0.0244(0.123s / 5.025s)
generated_audios/generated_H2_128C_int8/237-134500-0033_generated.wav | RTF: 0.2440(1.550s / 6.350s) | Generator RTF: 0.2435(1.546s / 6.350s)
generated_audios/generated_H2_128C_int8/237-134500-0034_generated.wav | RTF: 0.2405(0.740s / 3.075s) | Generator RTF: 0.2395(0.736s / 3.075s)
generated_audios/generated_H2_128C_int8/237-134500-0035_generated.wav | RTF: 0.2535(0.648s / 2.555s) | Generator RTF: 0.2523(0.645s / 2.555s)
generated_audios/generated_H2_128C_int8/237-134500-0036_generated.wav | RTF: 0.2585(1.706s / 6.600s) | Generator RTF: 0.2579(1.702s / 6.600s)
generated_audios/generated_H2_128C_int8/237-134500-0037_generated.wav | RTF: 0.2535(1.801s / 7.105s) | Generator RTF: 0.2529(1.797s / 7.105s)
generated_audios/generated_H2_128C_int8/237-134500-0038_generated.wav | RTF: 0.2468(0.601s / 2.435s) | Generator RTF: 0.2454(0.598s / 2.435s)
generated_audios/generated_H2_128C_int8/237-134500-0039_generated.wav | RTF: 0.2577(1.193s / 4.630s) | Generator RTF: 0.2569(1.189s / 4.630s)
generated_audios/generated_H2_128C_int8/237-134500-0040_generated.wav | RTF: 0.0249(0.101s / 4.030s) | Generator RTF: 0.0241(0.097s / 4.030s)
generated_audios/generated_H2_128C_int8/237-134500-0041_generated.wav | RTF: 0.0274(0.244s / 8.920s) | Generator RTF: 0.0270(0.240s / 8.920s)
generated_audios/generated_H2_128C_int8/237-134500-0042_generated.wav | RTF: 0.2475(0.637s / 2.575s) | Generator RTF: 0.2463(0.634s / 2.575s)
generated_audios/generated_H2_128C_int8/260-123286-0000_generated.wav | RTF: 0.2463(1.734s / 7.040s) | Generator RTF: 0.2458(1.730s / 7.040s)
generated_audios/generated_H2_128C_int8/260-123286-0001_generated.wav | RTF: 0.0226(0.070s / 3.070s) | Generator RTF: 0.0215(0.066s / 3.070s)
generated_audios/generated_H2_128C_int8/260-123286-0002_generated.wav | RTF: 0.2578(2.574s / 9.985s) | Generator RTF: 0.2574(2.570s / 9.985s)
generated_audios/generated_H2_128C_int8/260-123286-0003_generated.wav | RTF: 0.2590(1.909s / 7.370s) | Generator RTF: 0.2586(1.906s / 7.370s)
generated_audios/generated_H2_128C_int8/260-123286-0004_generated.wav | RTF: 0.2548(0.883s / 3.465s) | Generator RTF: 0.2538(0.879s / 3.465s)
generated_audios/generated_H2_128C_int8/260-123286-0005_generated.wav | RTF: 0.2436(1.172s / 4.810s) | Generator RTF: 0.2430(1.169s / 4.810s)
generated_audios/generated_H2_128C_int8/260-123286-0006_generated.wav | RTF: 0.2543(1.883s / 7.405s) | Generator RTF: 0.2538(1.879s / 7.405s)
generated_audios/generated_H2_128C_int8/260-123286-0007_generated.wav | RTF: 0.2545(1.158s / 4.550s) | Generator RTF: 0.2537(1.154s / 4.550s)
generated_audios/generated_H2_128C_int8/260-123286-0008_generated.wav | RTF: 0.2448(0.914s / 3.735s) | Generator RTF: 0.2439(0.911s / 3.735s)
generated_audios/generated_H2_128C_int8/260-123286-0009_generated.wav | RTF: 0.2620(1.518s / 5.795s) | Generator RTF: 0.2614(1.515s / 5.795s)
generated_audios/generated_H2_128C_int8/260-123286-0010_generated.wav | RTF: 0.0234(0.060s / 2.575s) | Generator RTF: 0.0221(0.057s / 2.575s)
generated_audios/generated_H2_128C_int8/260-123286-0011_generated.wav | RTF: 0.0280(0.119s / 4.255s) | Generator RTF: 0.0273(0.116s / 4.255s)
generated_audios/generated_H2_128C_int8/260-123286-0012_generated.wav | RTF: 0.0233(0.057s / 2.430s) | Generator RTF: 0.0220(0.053s / 2.430s)
generated_audios/generated_H2_128C_int8/260-123286-0013_generated.wav | RTF: 0.2562(1.212s / 4.730s) | Generator RTF: 0.2555(1.208s / 4.730s)
generated_audios/generated_H2_128C_int8/260-123286-0014_generated.wav | RTF: 0.0274(0.082s / 2.980s) | Generator RTF: 0.0262(0.078s / 2.980s)
generated_audios/generated_H2_128C_int8/260-123286-0015_generated.wav | RTF: 0.2593(1.351s / 5.210s) | Generator RTF: 0.2586(1.347s / 5.210s)
generated_audios/generated_H2_128C_int8/260-123286-0016_generated.wav | RTF: 0.2607(1.825s / 7.000s) | Generator RTF: 0.2601(1.821s / 7.000s)
generated_audios/generated_H2_128C_int8/260-123286-0017_generated.wav | RTF: 0.2456(0.976s / 3.975s) | Generator RTF: 0.2447(0.973s / 3.975s)
generated_audios/generated_H2_128C_int8/260-123286-0018_generated.wav | RTF: 0.2613(1.482s / 5.670s) | Generator RTF: 0.2607(1.478s / 5.670s)
generated_audios/generated_H2_128C_int8/260-123286-0019_generated.wav | RTF: 0.2899(3.451s / 11.905s) | Generator RTF: 0.2895(3.447s / 11.905s)
generated_audios/generated_H2_128C_int8/260-123286-0020_generated.wav | RTF: 0.0259(0.079s / 3.060s) | Generator RTF: 0.0248(0.076s / 3.060s)
generated_audios/generated_H2_128C_int8/260-123286-0021_generated.wav | RTF: 0.2525(0.644s / 2.550s) | Generator RTF: 0.2512(0.640s / 2.550s)
generated_audios/generated_H2_128C_int8/260-123286-0022_generated.wav | RTF: 0.2568(0.831s / 3.235s) | Generator RTF: 0.2557(0.827s / 3.235s)
generated_audios/generated_H2_128C_int8/260-123286-0023_generated.wav | RTF: 0.2620(1.539s / 5.875s) | Generator RTF: 0.2614(1.536s / 5.875s)
generated_audios/generated_H2_128C_int8/260-123286-0024_generated.wav | RTF: 0.2554(0.776s / 3.040s) | Generator RTF: 0.2543(0.773s / 3.040s)
generated_audios/generated_H2_128C_int8/260-123286-0025_generated.wav | RTF: 0.2493(2.294s / 9.205s) | Generator RTF: 0.2488(2.290s / 9.205s)
generated_audios/generated_H2_128C_int8/260-123286-0026_generated.wav | RTF: 0.2489(1.727s / 6.940s) | Generator RTF: 0.2484(1.724s / 6.940s)
generated_audios/generated_H2_128C_int8/260-123286-0027_generated.wav | RTF: 0.2653(1.902s / 7.170s) | Generator RTF: 0.2648(1.899s / 7.170s)
generated_audios/generated_H2_128C_int8/260-123286-0028_generated.wav | RTF: 0.2513(1.876s / 7.465s) | Generator RTF: 0.2509(1.873s / 7.465s)
generated_audios/generated_H2_128C_int8/260-123286-0029_generated.wav | RTF: 0.0208(0.095s / 4.545s) | Generator RTF: 0.0201(0.091s / 4.545s)
generated_audios/generated_H2_128C_int8/260-123286-0030_generated.wav | RTF: 0.0243(0.183s / 7.530s) | Generator RTF: 0.0238(0.179s / 7.530s)
generated_audios/generated_H2_128C_int8/260-123286-0031_generated.wav | RTF: 0.2489(1.259s / 5.060s) | Generator RTF: 0.2482(1.256s / 5.060s)
generated_audios/generated_H2_128C_int8/260-123288-0000_generated.wav | RTF: 0.0223(0.068s / 3.040s) | Generator RTF: 0.0213(0.065s / 3.040s)
generated_audios/generated_H2_128C_int8/260-123288-0001_generated.wav | RTF: 0.0241(0.122s / 5.080s) | Generator RTF: 0.0234(0.119s / 5.080s)
generated_audios/generated_H2_128C_int8/260-123288-0002_generated.wav | RTF: 0.2509(1.819s / 7.250s) | Generator RTF: 0.2504(1.815s / 7.250s)
generated_audios/generated_H2_128C_int8/260-123288-0003_generated.wav | RTF: 0.2608(2.323s / 8.905s) | Generator RTF: 0.2604(2.319s / 8.905s)
generated_audios/generated_H2_128C_int8/260-123288-0004_generated.wav | RTF: 0.2601(1.121s / 4.310s) | Generator RTF: 0.2594(1.118s / 4.310s)
generated_audios/generated_H2_128C_int8/260-123288-0005_generated.wav | RTF: 0.2777(3.486s / 12.550s) | Generator RTF: 0.2774(3.482s / 12.550s)
generated_audios/generated_H2_128C_int8/260-123288-0006_generated.wav | RTF: 0.2517(1.228s / 4.880s) | Generator RTF: 0.2510(1.225s / 4.880s)
generated_audios/generated_H2_128C_int8/260-123288-0007_generated.wav | RTF: 0.2698(3.022s / 11.200s) | Generator RTF: 0.2694(3.018s / 11.200s)
generated_audios/generated_H2_128C_int8/260-123288-0008_generated.wav | RTF: 0.2638(1.455s / 5.515s) | Generator RTF: 0.2632(1.451s / 5.515s)
generated_audios/generated_H2_128C_int8/260-123288-0009_generated.wav | RTF: 0.2635(0.905s / 3.435s) | Generator RTF: 0.2625(0.902s / 3.435s)
generated_audios/generated_H2_128C_int8/260-123288-0010_generated.wav | RTF: 0.0234(0.234s / 9.995s) | Generator RTF: 0.0230(0.230s / 9.995s)
generated_audios/generated_H2_128C_int8/260-123288-0011_generated.wav | RTF: 0.2740(2.461s / 8.980s) | Generator RTF: 0.2736(2.457s / 8.980s)
generated_audios/generated_H2_128C_int8/260-123288-0012_generated.wav | RTF: 0.2656(0.942s / 3.545s) | Generator RTF: 0.2646(0.938s / 3.545s)
generated_audios/generated_H2_128C_int8/260-123288-0013_generated.wav | RTF: 0.2977(3.389s / 11.385s) | Generator RTF: 0.2974(3.386s / 11.385s)
generated_audios/generated_H2_128C_int8/260-123288-0014_generated.wav | RTF: 0.0297(0.054s / 1.805s) | Generator RTF: 0.0280(0.051s / 1.805s)
generated_audios/generated_H2_128C_int8/260-123288-0015_generated.wav | RTF: 0.2799(5.930s / 21.185s) | Generator RTF: 0.2797(5.925s / 21.185s)
generated_audios/generated_H2_128C_int8/260-123288-0016_generated.wav | RTF: 0.2794(1.360s / 4.865s) | Generator RTF: 0.2787(1.356s / 4.865s)
generated_audios/generated_H2_128C_int8/260-123288-0017_generated.wav | RTF: 0.2620(1.369s / 5.225s) | Generator RTF: 0.2613(1.365s / 5.225s)
generated_audios/generated_H2_128C_int8/260-123288-0018_generated.wav | RTF: 0.2723(0.884s / 3.245s) | Generator RTF: 0.2713(0.880s / 3.245s)
generated_audios/generated_H2_128C_int8/260-123288-0019_generated.wav | RTF: 0.0261(0.077s / 2.955s) | Generator RTF: 0.0250(0.074s / 2.955s)
generated_audios/generated_H2_128C_int8/260-123288-0020_generated.wav | RTF: 0.2700(0.783s / 2.900s) | Generator RTF: 0.2688(0.780s / 2.900s)
generated_audios/generated_H2_128C_int8/260-123288-0021_generated.wav | RTF: 0.0265(0.072s / 2.710s) | Generator RTF: 0.0254(0.069s / 2.710s)
generated_audios/generated_H2_128C_int8/260-123288-0022_generated.wav | RTF: 0.2706(1.003s / 3.705s) | Generator RTF: 0.2697(0.999s / 3.705s)
generated_audios/generated_H2_128C_int8/260-123288-0023_generated.wav | RTF: 0.0278(0.066s / 2.385s) | Generator RTF: 0.0265(0.063s / 2.385s)
generated_audios/generated_H2_128C_int8/260-123288-0024_generated.wav | RTF: 0.2855(4.166s / 14.595s) | Generator RTF: 0.2852(4.162s / 14.595s)
generated_audios/generated_H2_128C_int8/260-123288-0025_generated.wav | RTF: 0.2879(3.871s / 13.445s) | Generator RTF: 0.2875(3.866s / 13.445s)
generated_audios/generated_H2_128C_int8/260-123288-0026_generated.wav | RTF: 0.3035(4.868s / 16.040s) | Generator RTF: 0.3032(4.863s / 16.040s)
generated_audios/generated_H2_128C_int8/260-123288-0027_generated.wav | RTF: 0.2630(1.658s / 6.305s) | Generator RTF: 0.2624(1.654s / 6.305s)
generated_audios/generated_H2_128C_int8/260-123288-0028_generated.wav | RTF: 0.2714(0.708s / 2.610s) | Generator RTF: 0.2702(0.705s / 2.610s)
generated_audios/generated_H2_128C_int8/260-123440-0000_generated.wav | RTF: 0.2578(0.558s / 2.165s) | Generator RTF: 0.2564(0.555s / 2.165s)
generated_audios/generated_H2_128C_int8/260-123440-0001_generated.wav | RTF: 0.2551(0.444s / 1.740s) | Generator RTF: 0.2533(0.441s / 1.740s)
generated_audios/generated_H2_128C_int8/260-123440-0002_generated.wav | RTF: 0.3010(4.429s / 14.715s) | Generator RTF: 0.3007(4.424s / 14.715s)
generated_audios/generated_H2_128C_int8/260-123440-0003_generated.wav | RTF: 0.2791(1.001s / 3.585s) | Generator RTF: 0.2781(0.997s / 3.585s)
generated_audios/generated_H2_128C_int8/260-123440-0004_generated.wav | RTF: 0.2838(3.412s / 12.020s) | Generator RTF: 0.2835(3.408s / 12.020s)
generated_audios/generated_H2_128C_int8/260-123440-0005_generated.wav | RTF: 0.0261(0.081s / 3.105s) | Generator RTF: 0.0250(0.078s / 3.105s)
generated_audios/generated_H2_128C_int8/260-123440-0006_generated.wav | RTF: 0.0231(0.063s / 2.715s) | Generator RTF: 0.0219(0.059s / 2.715s)
generated_audios/generated_H2_128C_int8/260-123440-0007_generated.wav | RTF: 0.2750(0.931s / 3.385s) | Generator RTF: 0.2740(0.928s / 3.385s)
generated_audios/generated_H2_128C_int8/260-123440-0008_generated.wav | RTF: 0.2781(1.042s / 3.745s) | Generator RTF: 0.2773(1.038s / 3.745s)
generated_audios/generated_H2_128C_int8/260-123440-0009_generated.wav | RTF: 0.2802(0.873s / 3.115s) | Generator RTF: 0.2790(0.869s / 3.115s)
generated_audios/generated_H2_128C_int8/260-123440-0010_generated.wav | RTF: 0.2842(2.363s / 8.315s) | Generator RTF: 0.2838(2.360s / 8.315s)
generated_audios/generated_H2_128C_int8/260-123440-0011_generated.wav | RTF: 0.0210(0.102s / 4.870s) | Generator RTF: 0.0202(0.099s / 4.870s)
generated_audios/generated_H2_128C_int8/260-123440-0012_generated.wav | RTF: 0.2802(1.470s / 5.245s) | Generator RTF: 0.2796(1.466s / 5.245s)
generated_audios/generated_H2_128C_int8/260-123440-0013_generated.wav | RTF: 0.2767(0.961s / 3.475s) | Generator RTF: 0.2757(0.958s / 3.475s)
generated_audios/generated_H2_128C_int8/260-123440-0014_generated.wav | RTF: 0.2821(1.076s / 3.815s) | Generator RTF: 0.2812(1.073s / 3.815s)
generated_audios/generated_H2_128C_int8/260-123440-0015_generated.wav | RTF: 0.0278(0.172s / 6.200s) | Generator RTF: 0.0272(0.168s / 6.200s)
generated_audios/generated_H2_128C_int8/260-123440-0016_generated.wav | RTF: 0.2900(1.420s / 4.895s) | Generator RTF: 0.2893(1.416s / 4.895s)
generated_audios/generated_H2_128C_int8/260-123440-0017_generated.wav | RTF: 0.0284(0.087s / 3.070s) | Generator RTF: 0.0274(0.084s / 3.070s)
generated_audios/generated_H2_128C_int8/260-123440-0018_generated.wav | RTF: 0.2887(1.051s / 3.640s) | Generator RTF: 0.2878(1.048s / 3.640s)
generated_audios/generated_H2_128C_int8/260-123440-0019_generated.wav | RTF: 0.2914(1.932s / 6.630s) | Generator RTF: 0.2908(1.928s / 6.630s)
generated_audios/generated_H2_128C_int8/260-123440-0020_generated.wav | RTF: 0.2858(1.428s / 4.995s) | Generator RTF: 0.2851(1.424s / 4.995s)
generated_audios/generated_H2_128C_int8/61-70968-0000_generated.wav | RTF: 0.2900(1.422s / 4.905s) | Generator RTF: 0.2893(1.419s / 4.905s)
generated_audios/generated_H2_128C_int8/61-70968-0001_generated.wav | RTF: 0.2852(1.030s / 3.610s) | Generator RTF: 0.2842(1.026s / 3.610s)
generated_audios/generated_H2_128C_int8/61-70968-0002_generated.wav | RTF: 0.2818(0.837s / 2.970s) | Generator RTF: 0.2807(0.834s / 2.970s)
generated_audios/generated_H2_128C_int8/61-70968-0003_generated.wav | RTF: 0.0263(0.114s / 4.315s) | Generator RTF: 0.0255(0.110s / 4.315s)
generated_audios/generated_H2_128C_int8/61-70968-0004_generated.wav | RTF: 0.2832(1.100s / 3.885s) | Generator RTF: 0.2823(1.097s / 3.885s)
generated_audios/generated_H2_128C_int8/61-70968-0005_generated.wav | RTF: 0.0251(0.127s / 5.070s) | Generator RTF: 0.0244(0.124s / 5.070s)
generated_audios/generated_H2_128C_int8/61-70968-0006_generated.wav | RTF: 0.2669(0.783s / 2.935s) | Generator RTF: 0.2658(0.780s / 2.935s)
generated_audios/generated_H2_128C_int8/61-70968-0007_generated.wav | RTF: 0.0271(0.096s / 3.550s) | Generator RTF: 0.0262(0.093s / 3.550s)
generated_audios/generated_H2_128C_int8/61-70968-0008_generated.wav | RTF: 0.0283(0.100s / 3.535s) | Generator RTF: 0.0256(0.090s / 3.535s)
generated_audios/generated_H2_128C_int8/61-70968-0009_generated.wav | RTF: 0.2824(1.274s / 4.510s) | Generator RTF: 0.2816(1.270s / 4.510s)
generated_audios/generated_H2_128C_int8/61-70968-0010_generated.wav | RTF: 0.2695(2.236s / 8.295s) | Generator RTF: 0.2691(2.232s / 8.295s)
generated_audios/generated_H2_128C_int8/61-70968-0011_generated.wav | RTF: 0.2702(1.723s / 6.375s) | Generator RTF: 0.2698(1.720s / 6.375s)
generated_audios/generated_H2_128C_int8/61-70968-0012_generated.wav | RTF: 0.0282(0.074s / 2.610s) | Generator RTF: 0.0269(0.070s / 2.610s)
generated_audios/generated_H2_128C_int8/61-70968-0013_generated.wav | RTF: 0.0244(0.109s / 4.450s) | Generator RTF: 0.0239(0.106s / 4.450s)
generated_audios/generated_H2_128C_int8/61-70968-0014_generated.wav | RTF: 0.2854(2.136s / 7.485s) | Generator RTF: 0.2849(2.132s / 7.485s)
generated_audios/generated_H2_128C_int8/61-70968-0015_generated.wav | RTF: 0.2744(1.475s / 5.375s) | Generator RTF: 0.2737(1.471s / 5.375s)
generated_audios/generated_H2_128C_int8/61-70968-0016_generated.wav | RTF: 0.2890(1.075s / 3.720s) | Generator RTF: 0.2881(1.072s / 3.720s)
generated_audios/generated_H2_128C_int8/61-70968-0017_generated.wav | RTF: 0.2885(1.474s / 5.110s) | Generator RTF: 0.2878(1.471s / 5.110s)
generated_audios/generated_H2_128C_int8/61-70968-0018_generated.wav | RTF: 0.2809(0.676s / 2.405s) | Generator RTF: 0.2796(0.672s / 2.405s)
generated_audios/generated_H2_128C_int8/61-70968-0019_generated.wav | RTF: 0.2712(1.485s / 5.475s) | Generator RTF: 0.2705(1.481s / 5.475s)
generated_audios/generated_H2_128C_int8/61-70968-0020_generated.wav | RTF: 0.2916(1.489s / 5.105s) | Generator RTF: 0.2908(1.485s / 5.105s)
generated_audios/generated_H2_128C_int8/61-70968-0021_generated.wav | RTF: 0.2667(0.717s / 2.690s) | Generator RTF: 0.2654(0.714s / 2.690s)
generated_audios/generated_H2_128C_int8/61-70968-0022_generated.wav | RTF: 0.0284(0.133s / 4.670s) | Generator RTF: 0.0277(0.129s / 4.670s)
generated_audios/generated_H2_128C_int8/61-70968-0023_generated.wav | RTF: 0.0261(0.131s / 5.025s) | Generator RTF: 0.0254(0.127s / 5.025s)
generated_audios/generated_H2_128C_int8/61-70968-0024_generated.wav | RTF: 0.2889(1.740s / 6.025s) | Generator RTF: 0.2882(1.737s / 6.025s)
generated_audios/generated_H2_128C_int8/61-70968-0025_generated.wav | RTF: 0.0253(0.112s / 4.410s) | Generator RTF: 0.0245(0.108s / 4.410s)
generated_audios/generated_H2_128C_int8/61-70968-0026_generated.wav | RTF: 0.2701(1.329s / 4.920s) | Generator RTF: 0.2693(1.325s / 4.920s)
generated_audios/generated_H2_128C_int8/61-70968-0027_generated.wav | RTF: 0.2770(1.903s / 6.870s) | Generator RTF: 0.2764(1.899s / 6.870s)
generated_audios/generated_H2_128C_int8/61-70968-0028_generated.wav | RTF: 0.2950(1.580s / 5.355s) | Generator RTF: 0.2931(1.570s / 5.355s)
generated_audios/generated_H2_128C_int8/61-70968-0029_generated.wav | RTF: 0.2847(0.995s / 3.495s) | Generator RTF: 0.2838(0.992s / 3.495s)
generated_audios/generated_H2_128C_int8/61-70968-0030_generated.wav | RTF: 0.2754(1.566s / 5.685s) | Generator RTF: 0.2748(1.562s / 5.685s)
generated_audios/generated_H2_128C_int8/61-70968-0031_generated.wav | RTF: 0.2901(0.849s / 2.925s) | Generator RTF: 0.2890(0.845s / 2.925s)
generated_audios/generated_H2_128C_int8/61-70968-0032_generated.wav | RTF: 0.0261(0.112s / 4.280s) | Generator RTF: 0.0252(0.108s / 4.280s)
generated_audios/generated_H2_128C_int8/61-70968-0033_generated.wav | RTF: 0.0207(0.118s / 5.685s) | Generator RTF: 0.0201(0.114s / 5.685s)
generated_audios/generated_H2_128C_int8/61-70968-0034_generated.wav | RTF: 0.2895(1.225s / 4.230s) | Generator RTF: 0.2887(1.221s / 4.230s)
generated_audios/generated_H2_128C_int8/61-70968-0035_generated.wav | RTF: 0.2783(2.213s / 7.950s) | Generator RTF: 0.2779(2.209s / 7.950s)
generated_audios/generated_H2_128C_int8/61-70968-0036_generated.wav | RTF: 0.0226(0.066s / 2.935s) | Generator RTF: 0.0215(0.063s / 2.935s)
generated_audios/generated_H2_128C_int8/61-70968-0037_generated.wav | RTF: 0.0227(0.098s / 4.315s) | Generator RTF: 0.0219(0.094s / 4.315s)
generated_audios/generated_H2_128C_int8/61-70968-0038_generated.wav | RTF: 0.2724(0.558s / 2.050s) | Generator RTF: 0.2711(0.556s / 2.050s)
generated_audios/generated_H2_128C_int8/61-70968-0039_generated.wav | RTF: 0.2769(1.054s / 3.805s) | Generator RTF: 0.2761(1.050s / 3.805s)
generated_audios/generated_H2_128C_int8/61-70968-0040_generated.wav | RTF: 0.2946(1.164s / 3.950s) | Generator RTF: 0.2938(1.161s / 3.950s)
generated_audios/generated_H2_128C_int8/61-70968-0041_generated.wav | RTF: 0.0247(0.168s / 6.825s) | Generator RTF: 0.0241(0.164s / 6.825s)
generated_audios/generated_H2_128C_int8/61-70968-0042_generated.wav | RTF: 0.0260(0.072s / 2.785s) | Generator RTF: 0.0249(0.069s / 2.785s)
generated_audios/generated_H2_128C_int8/61-70968-0043_generated.wav | RTF: 0.2944(1.983s / 6.735s) | Generator RTF: 0.2938(1.979s / 6.735s)
generated_audios/generated_H2_128C_int8/61-70968-0044_generated.wav | RTF: 0.0273(0.076s / 2.770s) | Generator RTF: 0.0261(0.072s / 2.770s)
generated_audios/generated_H2_128C_int8/61-70968-0045_generated.wav | RTF: 0.0258(0.090s / 3.475s) | Generator RTF: 0.0249(0.087s / 3.475s)
generated_audios/generated_H2_128C_int8/61-70968-0046_generated.wav | RTF: 0.0259(0.092s / 3.550s) | Generator RTF: 0.0249(0.088s / 3.550s)
generated_audios/generated_H2_128C_int8/61-70968-0047_generated.wav | RTF: 0.2779(1.327s / 4.775s) | Generator RTF: 0.2772(1.323s / 4.775s)
generated_audios/generated_H2_128C_int8/61-70968-0048_generated.wav | RTF: 0.2903(0.877s / 3.020s) | Generator RTF: 0.2892(0.873s / 3.020s)
generated_audios/generated_H2_128C_int8/61-70968-0049_generated.wav | RTF: 0.2956(2.439s / 8.250s) | Generator RTF: 0.2952(2.435s / 8.250s)
generated_audios/generated_H2_128C_int8/61-70968-0050_generated.wav | RTF: 0.2819(1.573s / 5.580s) | Generator RTF: 0.2813(1.570s / 5.580s)
generated_audios/generated_H2_128C_int8/61-70968-0051_generated.wav | RTF: 0.2773(0.869s / 3.135s) | Generator RTF: 0.2761(0.866s / 3.135s)
generated_audios/generated_H2_128C_int8/61-70968-0052_generated.wav | RTF: 0.2657(0.704s / 2.650s) | Generator RTF: 0.2646(0.701s / 2.650s)
generated_audios/generated_H2_128C_int8/61-70968-0053_generated.wav | RTF: 0.0285(0.120s / 4.220s) | Generator RTF: 0.0278(0.117s / 4.220s)
generated_audios/generated_H2_128C_int8/61-70968-0054_generated.wav | RTF: 0.2900(2.279s / 7.860s) | Generator RTF: 0.2896(2.276s / 7.860s)
generated_audios/generated_H2_128C_int8/61-70968-0055_generated.wav | RTF: 0.0249(0.099s / 3.965s) | Generator RTF: 0.0241(0.096s / 3.965s)
generated_audios/generated_H2_128C_int8/61-70968-0056_generated.wav | RTF: 0.2864(1.021s / 3.565s) | Generator RTF: 0.2854(1.017s / 3.565s)
generated_audios/generated_H2_128C_int8/61-70968-0057_generated.wav | RTF: 0.0240(0.121s / 5.065s) | Generator RTF: 0.0232(0.118s / 5.065s)
generated_audios/generated_H2_128C_int8/61-70968-0058_generated.wav | RTF: 0.2612(0.475s / 1.820s) | Generator RTF: 0.2595(0.472s / 1.820s)
generated_audios/generated_H2_128C_int8/61-70968-0059_generated.wav | RTF: 0.0284(0.062s / 2.170s) | Generator RTF: 0.0268(0.058s / 2.170s)
generated_audios/generated_H2_128C_int8/61-70968-0060_generated.wav | RTF: 0.0287(0.107s / 3.735s) | Generator RTF: 0.0278(0.104s / 3.735s)
generated_audios/generated_H2_128C_int8/61-70968-0061_generated.wav | RTF: 0.2890(1.598s / 5.530s) | Generator RTF: 0.2884(1.595s / 5.530s)
generated_audios/generated_H2_128C_int8/61-70968-0062_generated.wav | RTF: 0.0269(0.069s / 2.555s) | Generator RTF: 0.0257(0.066s / 2.555s)
generated_audios/generated_H2_128C_int8/61-70970-0000_generated.wav | RTF: 0.2932(1.781s / 6.075s) | Generator RTF: 0.2926(1.778s / 6.075s)
generated_audios/generated_H2_128C_int8/61-70970-0001_generated.wav | RTF: 0.2932(1.805s / 6.155s) | Generator RTF: 0.2927(1.801s / 6.155s)
generated_audios/generated_H2_128C_int8/61-70970-0002_generated.wav | RTF: 0.2948(1.228s / 4.165s) | Generator RTF: 0.2941(1.225s / 4.165s)
generated_audios/generated_H2_128C_int8/61-70970-0003_generated.wav | RTF: 0.2816(1.080s / 3.835s) | Generator RTF: 0.2807(1.076s / 3.835s)
generated_audios/generated_H2_128C_int8/61-70970-0004_generated.wav | RTF: 0.2936(3.087s / 10.515s) | Generator RTF: 0.2931(3.082s / 10.515s)
generated_audios/generated_H2_128C_int8/61-70970-0005_generated.wav | RTF: 0.2836(0.573s / 2.020s) | Generator RTF: 0.2819(0.570s / 2.020s)
generated_audios/generated_H2_128C_int8/61-70970-0006_generated.wav | RTF: 0.2920(0.682s / 2.335s) | Generator RTF: 0.2906(0.679s / 2.335s)
generated_audios/generated_H2_128C_int8/61-70970-0007_generated.wav | RTF: 0.3032(1.360s / 4.485s) | Generator RTF: 0.3025(1.357s / 4.485s)
generated_audios/generated_H2_128C_int8/61-70970-0008_generated.wav | RTF: 0.3078(0.662s / 2.150s) | Generator RTF: 0.3064(0.659s / 2.150s)
generated_audios/generated_H2_128C_int8/61-70970-0009_generated.wav | RTF: 0.3139(1.069s / 3.405s) | Generator RTF: 0.3130(1.066s / 3.405s)
generated_audios/generated_H2_128C_int8/61-70970-0010_generated.wav | RTF: 0.0277(0.084s / 3.045s) | Generator RTF: 0.0265(0.081s / 3.045s)
generated_audios/generated_H2_128C_int8/61-70970-0011_generated.wav | RTF: 0.0200(0.121s / 6.075s) | Generator RTF: 0.0194(0.118s / 6.075s)
generated_audios/generated_H2_128C_int8/61-70970-0012_generated.wav | RTF: 0.0221(0.069s / 3.135s) | Generator RTF: 0.0211(0.066s / 3.135s)
generated_audios/generated_H2_128C_int8/61-70970-0013_generated.wav | RTF: 0.3032(1.319s / 4.350s) | Generator RTF: 0.3024(1.315s / 4.350s)
generated_audios/generated_H2_128C_int8/61-70970-0014_generated.wav | RTF: 0.0227(0.077s / 3.405s) | Generator RTF: 0.0216(0.074s / 3.405s)
generated_audios/generated_H2_128C_int8/61-70970-0015_generated.wav | RTF: 0.3010(2.533s / 8.415s) | Generator RTF: 0.3005(2.529s / 8.415s)
generated_audios/generated_H2_128C_int8/61-70970-0016_generated.wav | RTF: 0.3024(1.322s / 4.370s) | Generator RTF: 0.3016(1.318s / 4.370s)
generated_audios/generated_H2_128C_int8/61-70970-0017_generated.wav | RTF: 0.0269(0.069s / 2.550s) | Generator RTF: 0.0257(0.065s / 2.550s)
generated_audios/generated_H2_128C_int8/61-70970-0018_generated.wav | RTF: 0.2812(1.294s / 4.600s) | Generator RTF: 0.2805(1.290s / 4.600s)
generated_audios/generated_H2_128C_int8/61-70970-0019_generated.wav | RTF: 0.2947(1.114s / 3.780s) | Generator RTF: 0.2938(1.111s / 3.780s)
generated_audios/generated_H2_128C_int8/61-70970-0020_generated.wav | RTF: 0.0251(0.126s / 5.025s) | Generator RTF: 0.0244(0.122s / 5.025s)
generated_audios/generated_H2_128C_int8/61-70970-0021_generated.wav | RTF: 0.2825(1.527s / 5.405s) | Generator RTF: 0.2818(1.523s / 5.405s)
generated_audios/generated_H2_128C_int8/61-70970-0022_generated.wav | RTF: 0.0209(0.083s / 3.970s) | Generator RTF: 0.0200(0.080s / 3.970s)
generated_audios/generated_H2_128C_int8/61-70970-0023_generated.wav | RTF: 0.0259(0.096s / 3.705s) | Generator RTF: 0.0249(0.092s / 3.705s)
generated_audios/generated_H2_128C_int8/61-70970-0024_generated.wav | RTF: 0.2955(2.138s / 7.235s) | Generator RTF: 0.2950(2.134s / 7.235s)
generated_audios/generated_H2_128C_int8/61-70970-0025_generated.wav | RTF: 0.3028(2.251s / 7.435s) | Generator RTF: 0.3023(2.248s / 7.435s)
generated_audios/generated_H2_128C_int8/61-70970-0026_generated.wav | RTF: 0.0273(0.149s / 5.475s) | Generator RTF: 0.0267(0.146s / 5.475s)
generated_audios/generated_H2_128C_int8/61-70970-0027_generated.wav | RTF: 0.0241(0.122s / 5.080s) | Generator RTF: 0.0233(0.118s / 5.080s)
generated_audios/generated_H2_128C_int8/61-70970-0028_generated.wav | RTF: 0.0257(0.168s / 6.550s) | Generator RTF: 0.0251(0.164s / 6.550s)
generated_audios/generated_H2_128C_int8/61-70970-0029_generated.wav | RTF: 0.0251(0.101s / 4.030s) | Generator RTF: 0.0243(0.098s / 4.030s)
generated_audios/generated_H2_128C_int8/61-70970-0030_generated.wav | RTF: 0.0260(0.084s / 3.240s) | Generator RTF: 0.0250(0.081s / 3.240s)
generated_audios/generated_H2_128C_int8/61-70970-0031_generated.wav | RTF: 0.2961(1.520s / 5.135s) | Generator RTF: 0.2954(1.517s / 5.135s)
generated_audios/generated_H2_128C_int8/61-70970-0032_generated.wav | RTF: 0.0251(0.079s / 3.135s) | Generator RTF: 0.0240(0.075s / 3.135s)
generated_audios/generated_H2_128C_int8/61-70970-0033_generated.wav | RTF: 0.2771(0.948s / 3.420s) | Generator RTF: 0.2762(0.945s / 3.420s)
generated_audios/generated_H2_128C_int8/61-70970-0034_generated.wav | RTF: 0.0213(0.096s / 4.485s) | Generator RTF: 0.0205(0.092s / 4.485s)
generated_audios/generated_H2_128C_int8/61-70970-0035_generated.wav | RTF: 0.0232(0.171s / 7.405s) | Generator RTF: 0.0227(0.168s / 7.405s)
generated_audios/generated_H2_128C_int8/61-70970-0036_generated.wav | RTF: 0.0240(0.163s / 6.785s) | Generator RTF: 0.0234(0.159s / 6.785s)
generated_audios/generated_H2_128C_int8/61-70970-0037_generated.wav | RTF: 0.2962(1.771s / 5.980s) | Generator RTF: 0.2955(1.767s / 5.980s)
generated_audios/generated_H2_128C_int8/61-70970-0038_generated.wav | RTF: 0.2988(3.108s / 10.400s) | Generator RTF: 0.2984(3.104s / 10.400s)
generated_audios/generated_H2_128C_int8/61-70970-0039_generated.wav | RTF: 0.0239(0.159s / 6.665s) | Generator RTF: 0.0234(0.156s / 6.665s)
generated_audios/generated_H2_128C_int8/61-70970-0040_generated.wav | RTF: 0.0253(0.105s / 4.165s) | Generator RTF: 0.0245(0.102s / 4.165s)
generated_audios/generated_H2_128C_int8/672-122797-0000_generated.wav | RTF: 0.2968(1.208s / 4.070s) | Generator RTF: 0.2959(1.204s / 4.070s)
generated_audios/generated_H2_128C_int8/672-122797-0001_generated.wav | RTF: 0.3075(4.653s / 15.130s) | Generator RTF: 0.3072(4.649s / 15.130s)
generated_audios/generated_H2_128C_int8/672-122797-0002_generated.wav | RTF: 0.2804(3.819s / 13.620s) | Generator RTF: 0.2800(3.814s / 13.620s)
generated_audios/generated_H2_128C_int8/672-122797-0003_generated.wav | RTF: 0.2962(1.410s / 4.760s) | Generator RTF: 0.2953(1.406s / 4.760s)
generated_audios/generated_H2_128C_int8/672-122797-0004_generated.wav | RTF: 0.2873(2.945s / 10.250s) | Generator RTF: 0.2870(2.941s / 10.250s)
generated_audios/generated_H2_128C_int8/672-122797-0005_generated.wav | RTF: 0.2891(0.942s / 3.260s) | Generator RTF: 0.2880(0.939s / 3.260s)
generated_audios/generated_H2_128C_int8/672-122797-0006_generated.wav | RTF: 0.3095(4.318s / 13.950s) | Generator RTF: 0.3092(4.313s / 13.950s)
generated_audios/generated_H2_128C_int8/672-122797-0007_generated.wav | RTF: 0.2910(1.868s / 6.420s) | Generator RTF: 0.2904(1.864s / 6.420s)
generated_audios/generated_H2_128C_int8/672-122797-0008_generated.wav | RTF: 0.3029(9.331s / 30.810s) | Generator RTF: 0.3026(9.325s / 30.810s)
generated_audios/generated_H2_128C_int8/672-122797-0009_generated.wav | RTF: 0.0263(0.073s / 2.765s) | Generator RTF: 0.0255(0.071s / 2.765s)
generated_audios/generated_H2_128C_int8/672-122797-0010_generated.wav | RTF: 0.0252(0.096s / 3.815s) | Generator RTF: 0.0243(0.093s / 3.815s)
generated_audios/generated_H2_128C_int8/672-122797-0011_generated.wav | RTF: 0.3133(0.796s / 2.540s) | Generator RTF: 0.3121(0.793s / 2.540s)
generated_audios/generated_H2_128C_int8/672-122797-0012_generated.wav | RTF: 0.3071(2.384s / 7.765s) | Generator RTF: 0.3065(2.380s / 7.765s)
generated_audios/generated_H2_128C_int8/672-122797-0013_generated.wav | RTF: 0.3052(2.657s / 8.705s) | Generator RTF: 0.3048(2.653s / 8.705s)
generated_audios/generated_H2_128C_int8/672-122797-0014_generated.wav | RTF: 0.0277(0.071s / 2.555s) | Generator RTF: 0.0264(0.068s / 2.555s)
generated_audios/generated_H2_128C_int8/672-122797-0015_generated.wav | RTF: 0.0250(0.111s / 4.455s) | Generator RTF: 0.0243(0.108s / 4.455s)
generated_audios/generated_H2_128C_int8/672-122797-0016_generated.wav | RTF: 0.2969(2.736s / 9.215s) | Generator RTF: 0.2966(2.733s / 9.215s)
generated_audios/generated_H2_128C_int8/672-122797-0017_generated.wav | RTF: 0.2950(1.422s / 4.820s) | Generator RTF: 0.2942(1.418s / 4.820s)
generated_audios/generated_H2_128C_int8/672-122797-0018_generated.wav | RTF: 0.2997(1.478s / 4.930s) | Generator RTF: 0.2990(1.474s / 4.930s)
generated_audios/generated_H2_128C_int8/672-122797-0019_generated.wav | RTF: 0.2856(1.174s / 4.110s) | Generator RTF: 0.2847(1.170s / 4.110s)
generated_audios/generated_H2_128C_int8/672-122797-0020_generated.wav | RTF: 0.3002(2.649s / 8.825s) | Generator RTF: 0.2998(2.645s / 8.825s)
generated_audios/generated_H2_128C_int8/672-122797-0021_generated.wav | RTF: 0.0264(0.110s / 4.150s) | Generator RTF: 0.0255(0.106s / 4.150s)
generated_audios/generated_H2_128C_int8/672-122797-0022_generated.wav | RTF: 0.3044(5.785s / 19.005s) | Generator RTF: 0.3041(5.780s / 19.005s)
generated_audios/generated_H2_128C_int8/672-122797-0023_generated.wav | RTF: 0.2974(2.883s / 9.695s) | Generator RTF: 0.2970(2.879s / 9.695s)
generated_audios/generated_H2_128C_int8/672-122797-0024_generated.wav | RTF: 0.2915(1.204s / 4.130s) | Generator RTF: 0.2906(1.200s / 4.130s)
generated_audios/generated_H2_128C_int8/672-122797-0025_generated.wav | RTF: 0.3007(3.214s / 10.690s) | Generator RTF: 0.3003(3.210s / 10.690s)
generated_audios/generated_H2_128C_int8/672-122797-0026_generated.wav | RTF: 0.3029(4.229s / 13.960s) | Generator RTF: 0.3026(4.224s / 13.960s)
generated_audios/generated_H2_128C_int8/672-122797-0027_generated.wav | RTF: 0.0241(0.116s / 4.790s) | Generator RTF: 0.0234(0.112s / 4.790s)
generated_audios/generated_H2_128C_int8/672-122797-0028_generated.wav | RTF: 0.0282(0.074s / 2.610s) | Generator RTF: 0.0270(0.070s / 2.610s)
generated_audios/generated_H2_128C_int8/672-122797-0029_generated.wav | RTF: 0.0266(0.081s / 3.050s) | Generator RTF: 0.0255(0.078s / 3.050s)
generated_audios/generated_H2_128C_int8/672-122797-0030_generated.wav | RTF: 0.2941(1.345s / 4.575s) | Generator RTF: 0.2933(1.342s / 4.575s)
generated_audios/generated_H2_128C_int8/672-122797-0031_generated.wav | RTF: 0.0256(0.102s / 3.980s) | Generator RTF: 0.0248(0.099s / 3.980s)
generated_audios/generated_H2_128C_int8/672-122797-0032_generated.wav | RTF: 0.0246(0.098s / 4.000s) | Generator RTF: 0.0237(0.095s / 4.000s)
generated_audios/generated_H2_128C_int8/672-122797-0033_generated.wav | RTF: 0.2614(0.336s / 1.285s) | Generator RTF: 0.2590(0.333s / 1.285s)
generated_audios/generated_H2_128C_int8/672-122797-0034_generated.wav | RTF: 0.0237(0.121s / 5.110s) | Generator RTF: 0.0231(0.118s / 5.110s)
generated_audios/generated_H2_128C_int8/672-122797-0035_generated.wav | RTF: 0.0275(0.080s / 2.900s) | Generator RTF: 0.0263(0.076s / 2.900s)
generated_audios/generated_H2_128C_int8/672-122797-0036_generated.wav | RTF: 0.0246(0.132s / 5.365s) | Generator RTF: 0.0239(0.128s / 5.365s)
generated_audios/generated_H2_128C_int8/672-122797-0037_generated.wav | RTF: 0.2790(0.547s / 1.960s) | Generator RTF: 0.2774(0.544s / 1.960s)
generated_audios/generated_H2_128C_int8/672-122797-0038_generated.wav | RTF: 0.3032(2.668s / 8.800s) | Generator RTF: 0.3027(2.664s / 8.800s)
generated_audios/generated_H2_128C_int8/672-122797-0039_generated.wav | RTF: 0.2954(1.189s / 4.025s) | Generator RTF: 0.2947(1.186s / 4.025s)
generated_audios/generated_H2_128C_int8/672-122797-0040_generated.wav | RTF: 0.0253(0.130s / 5.125s) | Generator RTF: 0.0247(0.126s / 5.125s)
generated_audios/generated_H2_128C_int8/672-122797-0041_generated.wav | RTF: 0.0262(0.102s / 3.880s) | Generator RTF: 0.0253(0.098s / 3.880s)
generated_audios/generated_H2_128C_int8/672-122797-0042_generated.wav | RTF: 0.3027(4.635s / 15.310s) | Generator RTF: 0.3024(4.630s / 15.310s)
generated_audios/generated_H2_128C_int8/672-122797-0043_generated.wav | RTF: 0.0255(0.097s / 3.780s) | Generator RTF: 0.0246(0.093s / 3.780s)
generated_audios/generated_H2_128C_int8/672-122797-0044_generated.wav | RTF: 0.0247(0.092s / 3.740s) | Generator RTF: 0.0238(0.089s / 3.740s)
generated_audios/generated_H2_128C_int8/672-122797-0045_generated.wav | RTF: 0.0205(0.286s / 13.960s) | Generator RTF: 0.0202(0.282s / 13.960s)
generated_audios/generated_H2_128C_int8/672-122797-0046_generated.wav | RTF: 0.2942(1.387s / 4.715s) | Generator RTF: 0.2934(1.383s / 4.715s)
generated_audios/generated_H2_128C_int8/672-122797-0047_generated.wav | RTF: 0.2919(0.971s / 3.325s) | Generator RTF: 0.2909(0.967s / 3.325s)
generated_audios/generated_H2_128C_int8/672-122797-0048_generated.wav | RTF: 0.0258(0.169s / 6.555s) | Generator RTF: 0.0252(0.165s / 6.555s)
generated_audios/generated_H2_128C_int8/672-122797-0049_generated.wav | RTF: 0.0287(0.058s / 2.020s) | Generator RTF: 0.0272(0.055s / 2.020s)
generated_audios/generated_H2_128C_int8/672-122797-0050_generated.wav | RTF: 0.2957(1.436s / 4.855s) | Generator RTF: 0.2950(1.432s / 4.855s)
generated_audios/generated_H2_128C_int8/672-122797-0051_generated.wav | RTF: 0.3035(1.416s / 4.665s) | Generator RTF: 0.3027(1.412s / 4.665s)
generated_audios/generated_H2_128C_int8/672-122797-0052_generated.wav | RTF: 0.2870(1.230s / 4.285s) | Generator RTF: 0.2862(1.226s / 4.285s)
generated_audios/generated_H2_128C_int8/672-122797-0053_generated.wav | RTF: 0.0269(0.080s / 2.955s) | Generator RTF: 0.0258(0.076s / 2.955s)
generated_audios/generated_H2_128C_int8/672-122797-0054_generated.wav | RTF: 0.0288(0.122s / 4.250s) | Generator RTF: 0.0280(0.119s / 4.250s)
generated_audios/generated_H2_128C_int8/672-122797-0055_generated.wav | RTF: 0.2845(2.342s / 8.230s) | Generator RTF: 0.2841(2.338s / 8.230s)
generated_audios/generated_H2_128C_int8/672-122797-0056_generated.wav | RTF: 0.0252(0.132s / 5.225s) | Generator RTF: 0.0245(0.128s / 5.225s)
generated_audios/generated_H2_128C_int8/672-122797-0057_generated.wav | RTF: 0.0238(0.156s / 6.560s) | Generator RTF: 0.0233(0.153s / 6.560s)
generated_audios/generated_H2_128C_int8/672-122797-0058_generated.wav | RTF: 0.2974(1.329s / 4.470s) | Generator RTF: 0.2969(1.327s / 4.470s)
generated_audios/generated_H2_128C_int8/672-122797-0059_generated.wav | RTF: 0.2919(1.027s / 3.520s) | Generator RTF: 0.2909(1.024s / 3.520s)
generated_audios/generated_H2_128C_int8/672-122797-0060_generated.wav | RTF: 0.0286(0.096s / 3.350s) | Generator RTF: 0.0276(0.093s / 3.350s)
generated_audios/generated_H2_128C_int8/672-122797-0061_generated.wav | RTF: 0.3067(2.328s / 7.590s) | Generator RTF: 0.3063(2.325s / 7.590s)
generated_audios/generated_H2_128C_int8/672-122797-0062_generated.wav | RTF: 0.3053(0.817s / 2.675s) | Generator RTF: 0.3041(0.814s / 2.675s)
generated_audios/generated_H2_128C_int8/672-122797-0063_generated.wav | RTF: 0.0238(0.121s / 5.075s) | Generator RTF: 0.0231(0.117s / 5.075s)
generated_audios/generated_H2_128C_int8/672-122797-0064_generated.wav | RTF: 0.3012(4.599s / 15.270s) | Generator RTF: 0.3009(4.595s / 15.270s)
generated_audios/generated_H2_128C_int8/672-122797-0065_generated.wav | RTF: 0.0273(0.083s / 3.030s) | Generator RTF: 0.0260(0.079s / 3.030s)
generated_audios/generated_H2_128C_int8/672-122797-0066_generated.wav | RTF: 0.0257(0.124s / 4.815s) | Generator RTF: 0.0249(0.120s / 4.815s)
generated_audios/generated_H2_128C_int8/672-122797-0067_generated.wav | RTF: 0.2879(3.752s / 13.035s) | Generator RTF: 0.2875(3.748s / 13.035s)
generated_audios/generated_H2_128C_int8/672-122797-0068_generated.wav | RTF: 0.0218(0.087s / 4.020s) | Generator RTF: 0.0209(0.084s / 4.020s)
generated_audios/generated_H2_128C_int8/672-122797-0069_generated.wav | RTF: 0.3054(1.530s / 5.010s) | Generator RTF: 0.3046(1.526s / 5.010s)
generated_audios/generated_H2_128C_int8/672-122797-0070_generated.wav | RTF: 0.2822(1.770s / 6.270s) | Generator RTF: 0.2816(1.766s / 6.270s)
generated_audios/generated_H2_128C_int8/672-122797-0071_generated.wav | RTF: 0.3027(2.687s / 8.875s) | Generator RTF: 0.3023(2.683s / 8.875s)
generated_audios/generated_H2_128C_int8/672-122797-0072_generated.wav | RTF: 0.3095(2.458s / 7.940s) | Generator RTF: 0.3091(2.454s / 7.940s)
generated_audios/generated_H2_128C_int8/672-122797-0073_generated.wav | RTF: 0.3017(2.476s / 8.205s) | Generator RTF: 0.3012(2.471s / 8.205s)
generated_audios/generated_H2_128C_int8/672-122797-0074_generated.wav | RTF: 0.3062(2.673s / 8.730s) | Generator RTF: 0.3057(2.669s / 8.730s)
generated_audios/generated_H2_128C_int8/908-157963-0000_generated.wav | RTF: 0.2870(3.622s / 12.620s) | Generator RTF: 0.2867(3.618s / 12.620s)
generated_audios/generated_H2_128C_int8/908-157963-0001_generated.wav | RTF: 0.2940(0.848s / 2.885s) | Generator RTF: 0.2928(0.845s / 2.885s)
generated_audios/generated_H2_128C_int8/908-157963-0002_generated.wav | RTF: 0.2988(0.823s / 2.755s) | Generator RTF: 0.2976(0.820s / 2.755s)
generated_audios/generated_H2_128C_int8/908-157963-0003_generated.wav | RTF: 0.2988(0.920s / 3.080s) | Generator RTF: 0.2977(0.917s / 3.080s)
generated_audios/generated_H2_128C_int8/908-157963-0004_generated.wav | RTF: 0.3021(4.227s / 13.990s) | Generator RTF: 0.3018(4.222s / 13.990s)
generated_audios/generated_H2_128C_int8/908-157963-0005_generated.wav | RTF: 0.2963(2.085s / 7.035s) | Generator RTF: 0.2958(2.081s / 7.035s)
generated_audios/generated_H2_128C_int8/908-157963-0006_generated.wav | RTF: 0.2982(2.419s / 8.110s) | Generator RTF: 0.2978(2.415s / 8.110s)
generated_audios/generated_H2_128C_int8/908-157963-0007_generated.wav | RTF: 0.3096(10.146s / 32.770s) | Generator RTF: 0.3094(10.139s / 32.770s)
generated_audios/generated_H2_128C_int8/908-157963-0008_generated.wav | RTF: 0.3043(6.072s / 19.950s) | Generator RTF: 0.3040(6.066s / 19.950s)
generated_audios/generated_H2_128C_int8/908-157963-0009_generated.wav | RTF: 0.3025(1.228s / 4.060s) | Generator RTF: 0.3016(1.225s / 4.060s)
generated_audios/generated_H2_128C_int8/908-157963-0010_generated.wav | RTF: 0.0202(0.127s / 6.280s) | Generator RTF: 0.0196(0.123s / 6.280s)
generated_audios/generated_H2_128C_int8/908-157963-0011_generated.wav | RTF: 0.0233(0.242s / 10.395s) | Generator RTF: 0.0229(0.238s / 10.395s)
generated_audios/generated_H2_128C_int8/908-157963-0012_generated.wav | RTF: 0.2979(3.006s / 10.090s) | Generator RTF: 0.2975(3.001s / 10.090s)
generated_audios/generated_H2_128C_int8/908-157963-0013_generated.wav | RTF: 0.0253(0.109s / 4.315s) | Generator RTF: 0.0244(0.105s / 4.315s)
generated_audios/generated_H2_128C_int8/908-157963-0014_generated.wav | RTF: 0.0246(0.111s / 4.520s) | Generator RTF: 0.0238(0.107s / 4.520s)
generated_audios/generated_H2_128C_int8/908-157963-0015_generated.wav | RTF: 0.2813(4.069s / 14.465s) | Generator RTF: 0.2810(4.064s / 14.465s)
generated_audios/generated_H2_128C_int8/908-157963-0016_generated.wav | RTF: 0.0242(0.124s / 5.105s) | Generator RTF: 0.0235(0.120s / 5.105s)
generated_audios/generated_H2_128C_int8/908-157963-0017_generated.wav | RTF: 0.2820(1.396s / 4.950s) | Generator RTF: 0.2813(1.392s / 4.950s)
generated_audios/generated_H2_128C_int8/908-157963-0018_generated.wav | RTF: 0.0285(0.121s / 4.255s) | Generator RTF: 0.0277(0.118s / 4.255s)
generated_audios/generated_H2_128C_int8/908-157963-0019_generated.wav | RTF: 0.3051(6.541s / 21.440s) | Generator RTF: 0.3049(6.537s / 21.440s)
generated_audios/generated_H2_128C_int8/908-157963-0020_generated.wav | RTF: 0.2974(2.914s / 9.800s) | Generator RTF: 0.2969(2.910s / 9.800s)
generated_audios/generated_H2_128C_int8/908-157963-0021_generated.wav | RTF: 0.0237(0.242s / 10.240s) | Generator RTF: 0.0233(0.239s / 10.240s)
generated_audios/generated_H2_128C_int8/908-157963-0022_generated.wav | RTF: 0.3039(1.401s / 4.610s) | Generator RTF: 0.3033(1.398s / 4.610s)
generated_audios/generated_H2_128C_int8/908-157963-0023_generated.wav | RTF: 0.3088(2.972s / 9.625s) | Generator RTF: 0.3084(2.968s / 9.625s)
generated_audios/generated_H2_128C_int8/908-157963-0024_generated.wav | RTF: 0.3049(1.049s / 3.440s) | Generator RTF: 0.3039(1.045s / 3.440s)
generated_audios/generated_H2_128C_int8/908-157963-0025_generated.wav | RTF: 0.2848(2.639s / 9.265s) | Generator RTF: 0.2845(2.636s / 9.265s)
generated_audios/generated_H2_128C_int8/908-157963-0026_generated.wav | RTF: 0.2943(2.384s / 8.100s) | Generator RTF: 0.2939(2.380s / 8.100s)
generated_audios/generated_H2_128C_int8/908-157963-0027_generated.wav | RTF: 0.0251(0.131s / 5.225s) | Generator RTF: 0.0244(0.128s / 5.225s)
generated_audios/generated_H2_128C_int8/908-157963-0028_generated.wav | RTF: 0.0210(0.104s / 4.955s) | Generator RTF: 0.0203(0.101s / 4.955s)
generated_audios/generated_H2_128C_int8/908-157963-0029_generated.wav | RTF: 0.2764(1.003s / 3.630s) | Generator RTF: 0.2754(1.000s / 3.630s)
generated_audios/generated_H2_128C_int8/908-157963-0030_generated.wav | RTF: 0.0209(0.095s / 4.520s) | Generator RTF: 0.0202(0.091s / 4.520s)
generated_audios/generated_H2_128C_int8/908-31957-0000_generated.wav | RTF: 0.2835(0.602s / 2.125s) | Generator RTF: 0.2821(0.599s / 2.125s)
generated_audios/generated_H2_128C_int8/908-31957-0001_generated.wav | RTF: 0.3036(3.435s / 11.315s) | Generator RTF: 0.3032(3.431s / 11.315s)
generated_audios/generated_H2_128C_int8/908-31957-0002_generated.wav | RTF: 0.0247(0.118s / 4.790s) | Generator RTF: 0.0240(0.115s / 4.790s)
generated_audios/generated_H2_128C_int8/908-31957-0003_generated.wav | RTF: 0.0242(0.159s / 6.565s) | Generator RTF: 0.0236(0.155s / 6.565s)
generated_audios/generated_H2_128C_int8/908-31957-0004_generated.wav | RTF: 0.3063(4.519s / 14.755s) | Generator RTF: 0.3060(4.515s / 14.755s)
generated_audios/generated_H2_128C_int8/908-31957-0005_generated.wav | RTF: 0.0243(0.109s / 4.490s) | Generator RTF: 0.0235(0.106s / 4.490s)
generated_audios/generated_H2_128C_int8/908-31957-0006_generated.wav | RTF: 0.2803(1.651s / 5.890s) | Generator RTF: 0.2797(1.647s / 5.890s)
generated_audios/generated_H2_128C_int8/908-31957-0007_generated.wav | RTF: 0.0235(0.137s / 5.800s) | Generator RTF: 0.0229(0.133s / 5.800s)
generated_audios/generated_H2_128C_int8/908-31957-0008_generated.wav | RTF: 0.2791(2.792s / 10.005s) | Generator RTF: 0.2787(2.788s / 10.005s)
generated_audios/generated_H2_128C_int8/908-31957-0009_generated.wav | RTF: 0.2786(2.146s / 7.705s) | Generator RTF: 0.2780(2.142s / 7.705s)
generated_audios/generated_H2_128C_int8/908-31957-0010_generated.wav | RTF: 0.2773(0.696s / 2.510s) | Generator RTF: 0.2760(0.693s / 2.510s)
generated_audios/generated_H2_128C_int8/908-31957-0011_generated.wav | RTF: 0.0286(0.067s / 2.335s) | Generator RTF: 0.0273(0.064s / 2.335s)
generated_audios/generated_H2_128C_int8/908-31957-0012_generated.wav | RTF: 0.2939(2.238s / 7.615s) | Generator RTF: 0.2934(2.234s / 7.615s)
generated_audios/generated_H2_128C_int8/908-31957-0013_generated.wav | RTF: 0.2979(1.841s / 6.180s) | Generator RTF: 0.2972(1.837s / 6.180s)
generated_audios/generated_H2_128C_int8/908-31957-0014_generated.wav | RTF: 0.2781(2.103s / 7.560s) | Generator RTF: 0.2776(2.099s / 7.560s)
generated_audios/generated_H2_128C_int8/908-31957-0015_generated.wav | RTF: 0.2884(6.191s / 21.465s) | Generator RTF: 0.2882(6.185s / 21.465s)
generated_audios/generated_H2_128C_int8/908-31957-0016_generated.wav | RTF: 0.2824(1.830s / 6.480s) | Generator RTF: 0.2818(1.826s / 6.480s)
generated_audios/generated_H2_128C_int8/908-31957-0017_generated.wav | RTF: 0.2992(2.333s / 7.795s) | Generator RTF: 0.2987(2.328s / 7.795s)
generated_audios/generated_H2_128C_int8/908-31957-0018_generated.wav | RTF: 0.3079(1.205s / 3.915s) | Generator RTF: 0.3069(1.202s / 3.915s)
generated_audios/generated_H2_128C_int8/908-31957-0019_generated.wav | RTF: 0.3087(2.945s / 9.540s) | Generator RTF: 0.3082(2.940s / 9.540s)
generated_audios/generated_H2_128C_int8/908-31957-0020_generated.wav | RTF: 0.0213(0.125s / 5.895s) | Generator RTF: 0.0206(0.121s / 5.895s)
generated_audios/generated_H2_128C_int8/908-31957-0021_generated.wav | RTF: 0.2841(3.098s / 10.905s) | Generator RTF: 0.2837(3.094s / 10.905s)
generated_audios/generated_H2_128C_int8/908-31957-0022_generated.wav | RTF: 0.3035(4.280s / 14.100s) | Generator RTF: 0.3032(4.275s / 14.100s)
generated_audios/generated_H2_128C_int8/908-31957-0023_generated.wav | RTF: 0.3018(2.570s / 8.515s) | Generator RTF: 0.3013(2.566s / 8.515s)
generated_audios/generated_H2_128C_int8/908-31957-0024_generated.wav | RTF: 0.2947(2.222s / 7.540s) | Generator RTF: 0.2942(2.218s / 7.540s)
generated_audios/generated_H2_128C_int8/908-31957-0025_generated.wav | RTF: 0.3011(6.192s / 20.560s) | Generator RTF: 0.3009(6.186s / 20.560s)
Average RTF: 0.2043(645.603s / 3159.849s)
Average Generator RTF: 0.2037(643.696s / 3159.849s)
Evaluation summary:
  Mel-spectrogram L1: 1.462175
  PESQ: 1.233944
  STOI: 0.812092
Appended per-audio metrics to CSV: per_audio_results/H2_quantized_resblocks_range_1_10

Appended metrics to CSV: experiments_results.csv
Appended to experiments_results.csv:
H2_512C_quantized_all,13926425,13.661,0.1429,0.1423,1.4670904154777527,0.8821395996427472,0.9726626268625259
========== Done ==========
=== JOB_STATISTICS ===
=== current date     : Sun Jul  5 01:58:14 PM CEST 2026
= Job-ID             : 1428675 on tinyfat
= Job-Name           : inference_128ch_h1-4
= Job-Command        : /home/hpc/vlbi/vlbi107v/hifi-gan/inference_Test.sh
= Initial workdir    : /home/hpc/vlbi/vlbi107v/hifi-gan
= Queue/Partition    : work
= Slurm account      : vlbi with QOS=normal
= Requested resources:  for 1-00:00:00
= Elapsed runtime    : 00:14:18
= Total RAM usage    : 15.8 GiB of requested  GiB (%)   
= Node list          : tf060
= Subm/Elig/Start/End: 2026-07-05T13:43:56 / 2026-07-05T13:43:56 / 2026-07-05T13:43:56 / 2026-07-05T13:58:14
======================
=== Quota infos ======
    Path                 Used     SoftQ    HardQ    Gracetime  Filec    FileQ    FiHaQ    FileGrace    
    /home/woody           281.2G  1000.0G  1500.0G        N/A     118K   5,000K   7,500K        N/A    
    /home/hpc              92.1G   104.9G   209.7G        N/A      85K     500K   1,000K        N/A    
======================
