### Starting TaskPrologue of job 1428673 on tf060 at Sun Jul  5 01:43:29 PM CEST 2026
Running on cores 8-15,72-79 with governor ondemand
No GPU known
### Finished TaskPrologue

==========(sbatch.tinyfat) Inference: 256 Channels (g_07960000) ==========
========== H2: quantized (INT8 dynamic quantization) ==========
Initializing Inference Process..
Using device: cpu (baseline and quantized inference both run on CPU)
Quantization enabled: forcing CPU inference for INT8 model.
Loading '/home/hpc/vlbi/vlbi107v/hifi-gan/cp_hifigan/v1_c256/g_07960000'
Complete.
Checkpoint contains weight_norm parameters. Keeping weight_norm wrappers for loading...
Removing weight norm...
Calibrating static quantization using 50 samples...
INT8 quantization scope: resblocks_range
Quantizing residual blocks 2..9; all other layers stay FP32.
Checking quantized modules after static quantization:
Quantized module: resblocks.2.convs1.0 (torch.ao.nn.quantized.modules.conv.Conv1d)
Quantized module: resblocks.2.convs1.1 (torch.ao.nn.quantized.modules.conv.Conv1d)
Quantized module: resblocks.2.convs1.2 (torch.ao.nn.quantized.modules.conv.Conv1d)
Quantized module: resblocks.2.convs2.0 (torch.ao.nn.quantized.modules.conv.Conv1d)
Quantized module: resblocks.2.convs2.1 (torch.ao.nn.quantized.modules.conv.Conv1d)
Quantized module: resblocks.2.convs2.2 (torch.ao.nn.quantized.modules.conv.Conv1d)
Quantized module: resblocks.3.convs1.0 (torch.ao.nn.quantized.modules.conv.Conv1d)
Quantized module: resblocks.3.convs1.1 (torch.ao.nn.quantized.modules.conv.Conv1d)
Quantized module: resblocks.3.convs1.2 (torch.ao.nn.quantized.modules.conv.Conv1d)
Quantized module: resblocks.3.convs2.0 (torch.ao.nn.quantized.modules.conv.Conv1d)
Quantized module: resblocks.3.convs2.1 (torch.ao.nn.quantized.modules.conv.Conv1d)
Quantized module: resblocks.3.convs2.2 (torch.ao.nn.quantized.modules.conv.Conv1d)
Quantized module: resblocks.4.convs1.0 (torch.ao.nn.quantized.modules.conv.Conv1d)
Quantized module: resblocks.4.convs1.1 (torch.ao.nn.quantized.modules.conv.Conv1d)
Quantized module: resblocks.4.convs1.2 (torch.ao.nn.quantized.modules.conv.Conv1d)
Quantized module: resblocks.4.convs2.0 (torch.ao.nn.quantized.modules.conv.Conv1d)
Quantized module: resblocks.4.convs2.1 (torch.ao.nn.quantized.modules.conv.Conv1d)
Quantized module: resblocks.4.convs2.2 (torch.ao.nn.quantized.modules.conv.Conv1d)
Quantized module: resblocks.5.convs1.0 (torch.ao.nn.quantized.modules.conv.Conv1d)
Quantized module: resblocks.5.convs1.1 (torch.ao.nn.quantized.modules.conv.Conv1d)
Quantized module: resblocks.5.convs1.2 (torch.ao.nn.quantized.modules.conv.Conv1d)
Quantized module: resblocks.5.convs2.0 (torch.ao.nn.quantized.modules.conv.Conv1d)
Quantized module: resblocks.5.convs2.1 (torch.ao.nn.quantized.modules.conv.Conv1d)
Quantized module: resblocks.5.convs2.2 (torch.ao.nn.quantized.modules.conv.Conv1d)
Quantized module: resblocks.6.convs1.0 (torch.ao.nn.quantized.modules.conv.Conv1d)
Quantized module: resblocks.6.convs1.1 (torch.ao.nn.quantized.modules.conv.Conv1d)
Quantized module: resblocks.6.convs1.2 (torch.ao.nn.quantized.modules.conv.Conv1d)
Quantized module: resblocks.6.convs2.0 (torch.ao.nn.quantized.modules.conv.Conv1d)
Quantized module: resblocks.6.convs2.1 (torch.ao.nn.quantized.modules.conv.Conv1d)
Quantized module: resblocks.6.convs2.2 (torch.ao.nn.quantized.modules.conv.Conv1d)
Quantized module: resblocks.7.convs1.0 (torch.ao.nn.quantized.modules.conv.Conv1d)
Quantized module: resblocks.7.convs1.1 (torch.ao.nn.quantized.modules.conv.Conv1d)
Quantized module: resblocks.7.convs1.2 (torch.ao.nn.quantized.modules.conv.Conv1d)
Quantized module: resblocks.7.convs2.0 (torch.ao.nn.quantized.modules.conv.Conv1d)
Quantized module: resblocks.7.convs2.1 (torch.ao.nn.quantized.modules.conv.Conv1d)
Quantized module: resblocks.7.convs2.2 (torch.ao.nn.quantized.modules.conv.Conv1d)
Quantized module: resblocks.8.convs1.0 (torch.ao.nn.quantized.modules.conv.Conv1d)
Quantized module: resblocks.8.convs1.1 (torch.ao.nn.quantized.modules.conv.Conv1d)
Quantized module: resblocks.8.convs1.2 (torch.ao.nn.quantized.modules.conv.Conv1d)
Quantized module: resblocks.8.convs2.0 (torch.ao.nn.quantized.modules.conv.Conv1d)
Quantized module: resblocks.8.convs2.1 (torch.ao.nn.quantized.modules.conv.Conv1d)
Quantized module: resblocks.8.convs2.2 (torch.ao.nn.quantized.modules.conv.Conv1d)
Quantized module: resblocks.9.convs1.0 (torch.ao.nn.quantized.modules.conv.Conv1d)
Quantized module: resblocks.9.convs1.1 (torch.ao.nn.quantized.modules.conv.Conv1d)
Quantized module: resblocks.9.convs1.2 (torch.ao.nn.quantized.modules.conv.Conv1d)
Quantized module: resblocks.9.convs2.0 (torch.ao.nn.quantized.modules.conv.Conv1d)
Quantized module: resblocks.9.convs2.1 (torch.ao.nn.quantized.modules.conv.Conv1d)
Quantized module: resblocks.9.convs2.2 (torch.ao.nn.quantized.modules.conv.Conv1d)
Saving checkpoint to /home/hpc/vlbi/vlbi107v/hifi-gan/cp_hifigan/v1_c256/compressed_checkpoint_int8
Complete.
Saved compressed checkpoint: /home/hpc/vlbi/vlbi107v/hifi-gan/cp_hifigan/v1_c256/compressed_checkpoint_int8 (8.788 MB)
Compressed checkpoint parameters: 3,555,841
Loaded checkpoint: /home/hpc/vlbi/vlbi107v/hifi-gan/cp_hifigan/v1_c256/g_07960000 (13.660 MB)
Generator parameters: 3,555,841
generated_audios/generated_H2_256C_int8/1089-134686-0000_generated.wav | RTF: 0.0593(0.619s / 10.435s) | Generator RTF: 0.0589(0.615s / 10.435s)
generated_audios/generated_H2_256C_int8/1089-134686-0001_generated.wav | RTF: 0.0571(0.187s / 3.275s) | Generator RTF: 0.0560(0.183s / 3.275s)
generated_audios/generated_H2_256C_int8/1089-134686-0002_generated.wav | RTF: 0.0565(0.374s / 6.625s) | Generator RTF: 0.0559(0.370s / 6.625s)
generated_audios/generated_H2_256C_int8/1089-134686-0003_generated.wav | RTF: 0.0585(0.157s / 2.680s) | Generator RTF: 0.0574(0.154s / 2.680s)
generated_audios/generated_H2_256C_int8/1089-134686-0004_generated.wav | RTF: 0.0553(0.288s / 5.215s) | Generator RTF: 0.0546(0.285s / 5.215s)
generated_audios/generated_H2_256C_int8/1089-134686-0005_generated.wav | RTF: 0.0571(0.550s / 9.635s) | Generator RTF: 0.0566(0.546s / 9.635s)
generated_audios/generated_H2_256C_int8/1089-134686-0006_generated.wav | RTF: 0.0605(0.639s / 10.555s) | Generator RTF: 0.0601(0.635s / 10.555s)
generated_audios/generated_H2_256C_int8/1089-134686-0007_generated.wav | RTF: 0.0594(0.254s / 4.275s) | Generator RTF: 0.0586(0.250s / 4.275s)
generated_audios/generated_H2_256C_int8/1089-134686-0008_generated.wav | RTF: 0.0564(0.380s / 6.730s) | Generator RTF: 0.0559(0.376s / 6.730s)
generated_audios/generated_H2_256C_int8/1089-134686-0009_generated.wav | RTF: 0.0614(0.649s / 10.575s) | Generator RTF: 0.0610(0.645s / 10.575s)
generated_audios/generated_H2_256C_int8/1089-134686-0010_generated.wav | RTF: 0.0552(0.243s / 4.405s) | Generator RTF: 0.0545(0.240s / 4.405s)
generated_audios/generated_H2_256C_int8/1089-134686-0011_generated.wav | RTF: 0.0653(0.813s / 12.445s) | Generator RTF: 0.0649(0.808s / 12.445s)
generated_audios/generated_H2_256C_int8/1089-134686-0012_generated.wav | RTF: 0.0642(0.747s / 11.640s) | Generator RTF: 0.0638(0.743s / 11.640s)
generated_audios/generated_H2_256C_int8/1089-134686-0013_generated.wav | RTF: 0.0582(0.460s / 7.915s) | Generator RTF: 0.0576(0.456s / 7.915s)
generated_audios/generated_H2_256C_int8/1089-134686-0014_generated.wav | RTF: 0.0587(0.131s / 2.225s) | Generator RTF: 0.0571(0.127s / 2.225s)
generated_audios/generated_H2_256C_int8/1089-134686-0015_generated.wav | RTF: 0.0581(0.338s / 5.815s) | Generator RTF: 0.0575(0.334s / 5.815s)
generated_audios/generated_H2_256C_int8/1089-134686-0016_generated.wav | RTF: 0.0585(0.207s / 3.540s) | Generator RTF: 0.0576(0.204s / 3.540s)
generated_audios/generated_H2_256C_int8/1089-134686-0017_generated.wav | RTF: 0.0587(0.521s / 8.870s) | Generator RTF: 0.0582(0.516s / 8.870s)
generated_audios/generated_H2_256C_int8/1089-134686-0018_generated.wav | RTF: 0.0663(1.042s / 15.720s) | Generator RTF: 0.0660(1.037s / 15.720s)
generated_audios/generated_H2_256C_int8/1089-134686-0019_generated.wav | RTF: 0.0640(0.890s / 13.895s) | Generator RTF: 0.0637(0.885s / 13.895s)
generated_audios/generated_H2_256C_int8/1089-134686-0020_generated.wav | RTF: 0.0698(1.172s / 16.790s) | Generator RTF: 0.0695(1.167s / 16.790s)
generated_audios/generated_H2_256C_int8/1089-134686-0021_generated.wav | RTF: 0.0574(0.376s / 6.550s) | Generator RTF: 0.0569(0.372s / 6.550s)
generated_audios/generated_H2_256C_int8/1089-134686-0022_generated.wav | RTF: 0.0668(0.747s / 11.175s) | Generator RTF: 0.0665(0.743s / 11.175s)
generated_audios/generated_H2_256C_int8/1089-134686-0023_generated.wav | RTF: 0.0646(0.858s / 13.275s) | Generator RTF: 0.0643(0.853s / 13.275s)
generated_audios/generated_H2_256C_int8/1089-134686-0024_generated.wav | RTF: 0.0625(0.729s / 11.655s) | Generator RTF: 0.0621(0.724s / 11.655s)
generated_audios/generated_H2_256C_int8/1089-134686-0025_generated.wav | RTF: 0.0581(0.384s / 6.610s) | Generator RTF: 0.0576(0.380s / 6.610s)
generated_audios/generated_H2_256C_int8/1089-134686-0026_generated.wav | RTF: 0.0557(0.223s / 4.010s) | Generator RTF: 0.0550(0.220s / 4.010s)
generated_audios/generated_H2_256C_int8/1089-134686-0027_generated.wav | RTF: 0.0562(0.152s / 2.710s) | Generator RTF: 0.0550(0.149s / 2.710s)
generated_audios/generated_H2_256C_int8/1089-134686-0028_generated.wav | RTF: 0.0579(0.453s / 7.830s) | Generator RTF: 0.0574(0.449s / 7.830s)
generated_audios/generated_H2_256C_int8/1089-134686-0029_generated.wav | RTF: 0.0572(0.267s / 4.670s) | Generator RTF: 0.0565(0.264s / 4.670s)
generated_audios/generated_H2_256C_int8/1089-134686-0030_generated.wav | RTF: 0.0522(0.142s / 2.715s) | Generator RTF: 0.0510(0.138s / 2.715s)
generated_audios/generated_H2_256C_int8/1089-134686-0031_generated.wav | RTF: 0.0527(0.349s / 6.615s) | Generator RTF: 0.0522(0.345s / 6.615s)
generated_audios/generated_H2_256C_int8/121-121726-0000_generated.wav | RTF: 0.0577(0.488s / 8.460s) | Generator RTF: 0.0572(0.484s / 8.460s)
generated_audios/generated_H2_256C_int8/121-121726-0001_generated.wav | RTF: 0.0568(0.336s / 5.925s) | Generator RTF: 0.0562(0.333s / 5.925s)
generated_audios/generated_H2_256C_int8/121-121726-0002_generated.wav | RTF: 0.0530(0.234s / 4.410s) | Generator RTF: 0.0522(0.230s / 4.410s)
generated_audios/generated_H2_256C_int8/121-121726-0003_generated.wav | RTF: 0.0573(0.387s / 6.755s) | Generator RTF: 0.0568(0.384s / 6.755s)
generated_audios/generated_H2_256C_int8/121-121726-0004_generated.wav | RTF: 0.0584(0.235s / 4.020s) | Generator RTF: 0.0576(0.232s / 4.020s)
generated_audios/generated_H2_256C_int8/121-121726-0005_generated.wav | RTF: 0.0575(0.178s / 3.100s) | Generator RTF: 0.0564(0.175s / 3.100s)
generated_audios/generated_H2_256C_int8/121-121726-0006_generated.wav | RTF: 0.0556(0.217s / 3.895s) | Generator RTF: 0.0548(0.213s / 3.895s)
generated_audios/generated_H2_256C_int8/121-121726-0007_generated.wav | RTF: 0.0557(0.375s / 6.730s) | Generator RTF: 0.0552(0.371s / 6.730s)
generated_audios/generated_H2_256C_int8/121-121726-0008_generated.wav | RTF: 0.0543(0.271s / 4.990s) | Generator RTF: 0.0536(0.267s / 4.990s)
generated_audios/generated_H2_256C_int8/121-121726-0009_generated.wav | RTF: 0.0557(0.404s / 7.260s) | Generator RTF: 0.0552(0.401s / 7.260s)
generated_audios/generated_H2_256C_int8/121-121726-0010_generated.wav | RTF: 0.0650(0.638s / 9.810s) | Generator RTF: 0.0646(0.634s / 9.810s)
generated_audios/generated_H2_256C_int8/121-121726-0011_generated.wav | RTF: 0.0559(0.226s / 4.035s) | Generator RTF: 0.0550(0.222s / 4.035s)
generated_audios/generated_H2_256C_int8/121-121726-0012_generated.wav | RTF: 0.0560(0.226s / 4.045s) | Generator RTF: 0.0551(0.223s / 4.045s)
generated_audios/generated_H2_256C_int8/121-121726-0013_generated.wav | RTF: 0.0577(0.144s / 2.490s) | Generator RTF: 0.0564(0.140s / 2.490s)
generated_audios/generated_H2_256C_int8/121-121726-0014_generated.wav | RTF: 0.0590(0.187s / 3.165s) | Generator RTF: 0.0580(0.184s / 3.165s)
generated_audios/generated_H2_256C_int8/121-123852-0000_generated.wav | RTF: 0.0703(1.244s / 17.695s) | Generator RTF: 0.0700(1.239s / 17.695s)
generated_audios/generated_H2_256C_int8/121-123852-0001_generated.wav | RTF: 0.0619(0.116s / 1.870s) | Generator RTF: 0.0602(0.113s / 1.870s)
generated_audios/generated_H2_256C_int8/121-123852-0002_generated.wav | RTF: 0.0677(1.170s / 17.285s) | Generator RTF: 0.0674(1.166s / 17.285s)
generated_audios/generated_H2_256C_int8/121-123852-0003_generated.wav | RTF: 0.2927(6.879s / 23.505s) | Generator RTF: 0.2924(6.874s / 23.505s)
generated_audios/generated_H2_256C_int8/121-123852-0004_generated.wav | RTF: 0.2768(4.508s / 16.290s) | Generator RTF: 0.2764(4.503s / 16.290s)
generated_audios/generated_H2_256C_int8/121-123859-0000_generated.wav | RTF: 0.2828(4.918s / 17.390s) | Generator RTF: 0.2825(4.913s / 17.390s)
generated_audios/generated_H2_256C_int8/121-123859-0001_generated.wav | RTF: 0.3030(7.694s / 25.395s) | Generator RTF: 0.3028(7.689s / 25.395s)
generated_audios/generated_H2_256C_int8/121-123859-0002_generated.wav | RTF: 0.3008(9.035s / 30.040s) | Generator RTF: 0.3006(9.029s / 30.040s)
generated_audios/generated_H2_256C_int8/121-123859-0003_generated.wav | RTF: 0.2520(2.728s / 10.825s) | Generator RTF: 0.2516(2.723s / 10.825s)
generated_audios/generated_H2_256C_int8/121-123859-0004_generated.wav | RTF: 0.2494(2.371s / 9.505s) | Generator RTF: 0.2490(2.367s / 9.505s)
generated_audios/generated_H2_256C_int8/121-127105-0000_generated.wav | RTF: 0.2593(2.561s / 9.875s) | Generator RTF: 0.2589(2.557s / 9.875s)
generated_audios/generated_H2_256C_int8/121-127105-0001_generated.wav | RTF: 0.2454(1.233s / 5.025s) | Generator RTF: 0.2447(1.230s / 5.025s)
generated_audios/generated_H2_256C_int8/121-127105-0002_generated.wav | RTF: 0.2445(1.832s / 7.495s) | Generator RTF: 0.2439(1.828s / 7.495s)
generated_audios/generated_H2_256C_int8/121-127105-0003_generated.wav | RTF: 0.2488(1.922s / 7.725s) | Generator RTF: 0.2483(1.918s / 7.725s)
generated_audios/generated_H2_256C_int8/121-127105-0004_generated.wav | RTF: 0.2532(0.534s / 2.110s) | Generator RTF: 0.2518(0.531s / 2.110s)
generated_audios/generated_H2_256C_int8/121-127105-0005_generated.wav | RTF: 0.2439(1.419s / 5.820s) | Generator RTF: 0.2432(1.416s / 5.820s)
generated_audios/generated_H2_256C_int8/121-127105-0006_generated.wav | RTF: 0.2442(1.154s / 4.725s) | Generator RTF: 0.2436(1.151s / 4.725s)
generated_audios/generated_H2_256C_int8/121-127105-0007_generated.wav | RTF: 0.2427(1.405s / 5.790s) | Generator RTF: 0.2421(1.402s / 5.790s)
generated_audios/generated_H2_256C_int8/121-127105-0008_generated.wav | RTF: 0.2423(0.669s / 2.760s) | Generator RTF: 0.2412(0.666s / 2.760s)
generated_audios/generated_H2_256C_int8/121-127105-0009_generated.wav | RTF: 0.2457(0.563s / 2.290s) | Generator RTF: 0.2443(0.560s / 2.290s)
generated_audios/generated_H2_256C_int8/121-127105-0010_generated.wav | RTF: 0.2491(0.710s / 2.850s) | Generator RTF: 0.2479(0.707s / 2.850s)
generated_audios/generated_H2_256C_int8/121-127105-0011_generated.wav | RTF: 0.2503(1.447s / 5.780s) | Generator RTF: 0.2498(1.444s / 5.780s)
generated_audios/generated_H2_256C_int8/121-127105-0012_generated.wav | RTF: 0.2489(1.202s / 4.830s) | Generator RTF: 0.2482(1.199s / 4.830s)
generated_audios/generated_H2_256C_int8/121-127105-0013_generated.wav | RTF: 0.2426(1.430s / 5.895s) | Generator RTF: 0.2420(1.426s / 5.895s)
generated_audios/generated_H2_256C_int8/121-127105-0014_generated.wav | RTF: 0.2525(0.569s / 2.255s) | Generator RTF: 0.2511(0.566s / 2.255s)
generated_audios/generated_H2_256C_int8/121-127105-0015_generated.wav | RTF: 0.2447(0.724s / 2.960s) | Generator RTF: 0.2436(0.721s / 2.960s)
generated_audios/generated_H2_256C_int8/121-127105-0016_generated.wav | RTF: 0.2427(0.493s / 2.030s) | Generator RTF: 0.2412(0.490s / 2.030s)
generated_audios/generated_H2_256C_int8/121-127105-0017_generated.wav | RTF: 0.2517(0.678s / 2.695s) | Generator RTF: 0.2506(0.675s / 2.695s)
generated_audios/generated_H2_256C_int8/121-127105-0018_generated.wav | RTF: 0.2479(0.687s / 2.770s) | Generator RTF: 0.2467(0.683s / 2.770s)
generated_audios/generated_H2_256C_int8/121-127105-0019_generated.wav | RTF: 0.2394(0.844s / 3.525s) | Generator RTF: 0.2385(0.841s / 3.525s)
generated_audios/generated_H2_256C_int8/121-127105-0020_generated.wav | RTF: 0.2779(3.989s / 14.355s) | Generator RTF: 0.2776(3.984s / 14.355s)
generated_audios/generated_H2_256C_int8/121-127105-0021_generated.wav | RTF: 0.2560(0.512s / 2.000s) | Generator RTF: 0.2544(0.509s / 2.000s)
generated_audios/generated_H2_256C_int8/121-127105-0022_generated.wav | RTF: 0.2479(1.258s / 5.075s) | Generator RTF: 0.2471(1.254s / 5.075s)
generated_audios/generated_H2_256C_int8/121-127105-0023_generated.wav | RTF: 0.2574(2.809s / 10.910s) | Generator RTF: 0.2571(2.805s / 10.910s)
generated_audios/generated_H2_256C_int8/121-127105-0024_generated.wav | RTF: 0.2800(4.046s / 14.450s) | Generator RTF: 0.2797(4.042s / 14.450s)
generated_audios/generated_H2_256C_int8/121-127105-0025_generated.wav | RTF: 0.2753(4.423s / 16.065s) | Generator RTF: 0.2750(4.418s / 16.065s)
generated_audios/generated_H2_256C_int8/121-127105-0026_generated.wav | RTF: 0.2457(1.850s / 7.530s) | Generator RTF: 0.2453(1.847s / 7.530s)
generated_audios/generated_H2_256C_int8/121-127105-0027_generated.wav | RTF: 0.2778(3.853s / 13.870s) | Generator RTF: 0.2775(3.849s / 13.870s)
generated_audios/generated_H2_256C_int8/121-127105-0028_generated.wav | RTF: 0.0570(0.385s / 6.750s) | Generator RTF: 0.0564(0.381s / 6.750s)
generated_audios/generated_H2_256C_int8/121-127105-0029_generated.wav | RTF: 0.2490(1.820s / 7.310s) | Generator RTF: 0.2486(1.817s / 7.310s)
generated_audios/generated_H2_256C_int8/121-127105-0030_generated.wav | RTF: 0.2572(0.559s / 2.175s) | Generator RTF: 0.2557(0.556s / 2.175s)
generated_audios/generated_H2_256C_int8/121-127105-0031_generated.wav | RTF: 0.2519(2.711s / 10.765s) | Generator RTF: 0.2515(2.707s / 10.765s)
generated_audios/generated_H2_256C_int8/121-127105-0032_generated.wav | RTF: 0.2420(0.767s / 3.170s) | Generator RTF: 0.2410(0.764s / 3.170s)
generated_audios/generated_H2_256C_int8/121-127105-0033_generated.wav | RTF: 0.2542(0.599s / 2.355s) | Generator RTF: 0.2528(0.595s / 2.355s)
generated_audios/generated_H2_256C_int8/121-127105-0034_generated.wav | RTF: 0.2530(1.875s / 7.410s) | Generator RTF: 0.2525(1.871s / 7.410s)
generated_audios/generated_H2_256C_int8/121-127105-0035_generated.wav | RTF: 0.2779(3.932s / 14.150s) | Generator RTF: 0.2776(3.927s / 14.150s)
generated_audios/generated_H2_256C_int8/121-127105-0036_generated.wav | RTF: 0.2420(1.004s / 4.150s) | Generator RTF: 0.2411(1.001s / 4.150s)
generated_audios/generated_H2_256C_int8/237-126133-0000_generated.wav | RTF: 0.2793(3.711s / 13.290s) | Generator RTF: 0.2789(3.707s / 13.290s)
generated_audios/generated_H2_256C_int8/237-126133-0001_generated.wav | RTF: 0.2795(3.344s / 11.965s) | Generator RTF: 0.2791(3.340s / 11.965s)
generated_audios/generated_H2_256C_int8/237-126133-0002_generated.wav | RTF: 0.2530(2.257s / 8.920s) | Generator RTF: 0.2525(2.253s / 8.920s)
generated_audios/generated_H2_256C_int8/237-126133-0003_generated.wav | RTF: 0.2468(1.619s / 6.560s) | Generator RTF: 0.2463(1.616s / 6.560s)
generated_audios/generated_H2_256C_int8/237-126133-0004_generated.wav | RTF: 0.2459(0.810s / 3.295s) | Generator RTF: 0.2449(0.807s / 3.295s)
generated_audios/generated_H2_256C_int8/237-126133-0005_generated.wav | RTF: 0.2493(1.623s / 6.510s) | Generator RTF: 0.2487(1.619s / 6.510s)
generated_audios/generated_H2_256C_int8/237-126133-0006_generated.wav | RTF: 0.2430(1.495s / 6.150s) | Generator RTF: 0.2424(1.491s / 6.150s)
generated_audios/generated_H2_256C_int8/237-126133-0007_generated.wav | RTF: 0.2477(2.150s / 8.680s) | Generator RTF: 0.2472(2.146s / 8.680s)
generated_audios/generated_H2_256C_int8/237-126133-0008_generated.wav | RTF: 0.2466(0.953s / 3.865s) | Generator RTF: 0.2458(0.950s / 3.865s)
generated_audios/generated_H2_256C_int8/237-126133-0009_generated.wav | RTF: 0.2475(0.982s / 3.970s) | Generator RTF: 0.2466(0.979s / 3.970s)
generated_audios/generated_H2_256C_int8/237-126133-0010_generated.wav | RTF: 0.2411(1.504s / 6.240s) | Generator RTF: 0.2407(1.502s / 6.240s)
generated_audios/generated_H2_256C_int8/237-126133-0011_generated.wav | RTF: 0.2421(1.624s / 6.710s) | Generator RTF: 0.2416(1.621s / 6.710s)
generated_audios/generated_H2_256C_int8/237-126133-0012_generated.wav | RTF: 0.2460(1.095s / 4.450s) | Generator RTF: 0.2452(1.091s / 4.450s)
generated_audios/generated_H2_256C_int8/237-126133-0013_generated.wav | RTF: 0.2542(1.733s / 6.815s) | Generator RTF: 0.2537(1.729s / 6.815s)
generated_audios/generated_H2_256C_int8/237-126133-0014_generated.wav | RTF: 0.2487(1.689s / 6.790s) | Generator RTF: 0.2481(1.685s / 6.790s)
generated_audios/generated_H2_256C_int8/237-126133-0015_generated.wav | RTF: 0.2511(2.345s / 9.340s) | Generator RTF: 0.2507(2.341s / 9.340s)
generated_audios/generated_H2_256C_int8/237-126133-0016_generated.wav | RTF: 0.2440(1.037s / 4.250s) | Generator RTF: 0.2432(1.034s / 4.250s)
generated_audios/generated_H2_256C_int8/237-126133-0017_generated.wav | RTF: 0.2456(1.525s / 6.210s) | Generator RTF: 0.2450(1.522s / 6.210s)
generated_audios/generated_H2_256C_int8/237-126133-0018_generated.wav | RTF: 0.2520(1.032s / 4.095s) | Generator RTF: 0.2512(1.029s / 4.095s)
generated_audios/generated_H2_256C_int8/237-126133-0019_generated.wav | RTF: 0.2518(1.793s / 7.120s) | Generator RTF: 0.2515(1.790s / 7.120s)
generated_audios/generated_H2_256C_int8/237-126133-0020_generated.wav | RTF: 0.2466(0.552s / 2.240s) | Generator RTF: 0.2453(0.549s / 2.240s)
generated_audios/generated_H2_256C_int8/237-126133-0021_generated.wav | RTF: 0.2401(1.048s / 4.365s) | Generator RTF: 0.2393(1.044s / 4.365s)
generated_audios/generated_H2_256C_int8/237-126133-0022_generated.wav | RTF: 0.2443(1.231s / 5.040s) | Generator RTF: 0.2436(1.228s / 5.040s)
generated_audios/generated_H2_256C_int8/237-126133-0023_generated.wav | RTF: 0.2513(1.677s / 6.675s) | Generator RTF: 0.2507(1.674s / 6.675s)
generated_audios/generated_H2_256C_int8/237-126133-0024_generated.wav | RTF: 0.2636(2.548s / 9.665s) | Generator RTF: 0.2632(2.544s / 9.665s)
generated_audios/generated_H2_256C_int8/237-126133-0025_generated.wav | RTF: 0.2480(0.931s / 3.755s) | Generator RTF: 0.2471(0.928s / 3.755s)
generated_audios/generated_H2_256C_int8/237-134493-0000_generated.wav | RTF: 0.2468(1.013s / 4.105s) | Generator RTF: 0.2459(1.010s / 4.105s)
generated_audios/generated_H2_256C_int8/237-134493-0001_generated.wav | RTF: 0.2489(1.837s / 7.380s) | Generator RTF: 0.2484(1.833s / 7.380s)
generated_audios/generated_H2_256C_int8/237-134493-0002_generated.wav | RTF: 0.2552(2.908s / 11.395s) | Generator RTF: 0.2549(2.904s / 11.395s)
generated_audios/generated_H2_256C_int8/237-134493-0003_generated.wav | RTF: 0.2815(3.594s / 12.765s) | Generator RTF: 0.2812(3.590s / 12.765s)
generated_audios/generated_H2_256C_int8/237-134493-0004_generated.wav | RTF: 0.2475(1.689s / 6.825s) | Generator RTF: 0.2469(1.685s / 6.825s)
generated_audios/generated_H2_256C_int8/237-134493-0005_generated.wav | RTF: 0.2553(2.794s / 10.945s) | Generator RTF: 0.2549(2.790s / 10.945s)
generated_audios/generated_H2_256C_int8/237-134493-0006_generated.wav | RTF: 0.2456(1.080s / 4.395s) | Generator RTF: 0.2449(1.076s / 4.395s)
generated_audios/generated_H2_256C_int8/237-134493-0007_generated.wav | RTF: 0.2559(0.521s / 2.035s) | Generator RTF: 0.2544(0.518s / 2.035s)
generated_audios/generated_H2_256C_int8/237-134493-0008_generated.wav | RTF: 0.2444(0.563s / 2.305s) | Generator RTF: 0.2429(0.560s / 2.305s)
generated_audios/generated_H2_256C_int8/237-134493-0009_generated.wav | RTF: 0.2917(0.868s / 2.975s) | Generator RTF: 0.2905(0.864s / 2.975s)
generated_audios/generated_H2_256C_int8/237-134493-0010_generated.wav | RTF: 0.2478(0.712s / 2.875s) | Generator RTF: 0.2467(0.709s / 2.875s)
generated_audios/generated_H2_256C_int8/237-134493-0011_generated.wav | RTF: 0.2474(1.246s / 5.035s) | Generator RTF: 0.2467(1.242s / 5.035s)
generated_audios/generated_H2_256C_int8/237-134493-0012_generated.wav | RTF: 0.2424(0.887s / 3.660s) | Generator RTF: 0.2414(0.884s / 3.660s)
generated_audios/generated_H2_256C_int8/237-134493-0013_generated.wav | RTF: 0.0557(0.228s / 4.090s) | Generator RTF: 0.0549(0.224s / 4.090s)
generated_audios/generated_H2_256C_int8/237-134493-0014_generated.wav | RTF: 0.2427(0.898s / 3.700s) | Generator RTF: 0.2417(0.894s / 3.700s)
generated_audios/generated_H2_256C_int8/237-134493-0015_generated.wav | RTF: 0.0569(0.373s / 6.550s) | Generator RTF: 0.0564(0.369s / 6.550s)
generated_audios/generated_H2_256C_int8/237-134493-0016_generated.wav | RTF: 0.2556(2.578s / 10.085s) | Generator RTF: 0.2552(2.574s / 10.085s)
generated_audios/generated_H2_256C_int8/237-134493-0017_generated.wav | RTF: 0.2516(2.291s / 9.105s) | Generator RTF: 0.2512(2.287s / 9.105s)
generated_audios/generated_H2_256C_int8/237-134493-0018_generated.wav | RTF: 0.2489(1.192s / 4.790s) | Generator RTF: 0.2481(1.189s / 4.790s)
generated_audios/generated_H2_256C_int8/237-134500-0000_generated.wav | RTF: 0.2498(1.531s / 6.130s) | Generator RTF: 0.2492(1.528s / 6.130s)
generated_audios/generated_H2_256C_int8/237-134500-0001_generated.wav | RTF: 0.2540(0.460s / 1.810s) | Generator RTF: 0.2523(0.457s / 1.810s)
generated_audios/generated_H2_256C_int8/237-134500-0002_generated.wav | RTF: 0.2441(1.238s / 5.070s) | Generator RTF: 0.2434(1.234s / 5.070s)
generated_audios/generated_H2_256C_int8/237-134500-0003_generated.wav | RTF: 0.0562(0.178s / 3.170s) | Generator RTF: 0.0553(0.175s / 3.170s)
generated_audios/generated_H2_256C_int8/237-134500-0004_generated.wav | RTF: 0.0583(0.130s / 2.225s) | Generator RTF: 0.0569(0.127s / 2.225s)
generated_audios/generated_H2_256C_int8/237-134500-0005_generated.wav | RTF: 0.2560(0.612s / 2.390s) | Generator RTF: 0.2546(0.608s / 2.390s)
generated_audios/generated_H2_256C_int8/237-134500-0006_generated.wav | RTF: 0.2430(1.027s / 4.225s) | Generator RTF: 0.2422(1.023s / 4.225s)
generated_audios/generated_H2_256C_int8/237-134500-0007_generated.wav | RTF: 0.0520(0.124s / 2.390s) | Generator RTF: 0.0506(0.121s / 2.390s)
generated_audios/generated_H2_256C_int8/237-134500-0008_generated.wav | RTF: 0.0562(0.211s / 3.760s) | Generator RTF: 0.0552(0.208s / 3.760s)
generated_audios/generated_H2_256C_int8/237-134500-0009_generated.wav | RTF: 0.0526(0.117s / 2.220s) | Generator RTF: 0.0513(0.114s / 2.220s)
generated_audios/generated_H2_256C_int8/237-134500-0010_generated.wav | RTF: 0.2515(1.005s / 3.995s) | Generator RTF: 0.2506(1.001s / 3.995s)
generated_audios/generated_H2_256C_int8/237-134500-0011_generated.wav | RTF: 0.2455(0.823s / 3.350s) | Generator RTF: 0.2446(0.819s / 3.350s)
generated_audios/generated_H2_256C_int8/237-134500-0012_generated.wav | RTF: 0.2553(2.792s / 10.935s) | Generator RTF: 0.2550(2.788s / 10.935s)
generated_audios/generated_H2_256C_int8/237-134500-0013_generated.wav | RTF: 0.0597(0.631s / 10.560s) | Generator RTF: 0.0593(0.626s / 10.560s)
generated_audios/generated_H2_256C_int8/237-134500-0014_generated.wav | RTF: 0.0571(0.243s / 4.250s) | Generator RTF: 0.0562(0.239s / 4.250s)
generated_audios/generated_H2_256C_int8/237-134500-0015_generated.wav | RTF: 0.2537(2.744s / 10.815s) | Generator RTF: 0.2533(2.739s / 10.815s)
generated_audios/generated_H2_256C_int8/237-134500-0016_generated.wav | RTF: 0.0573(0.181s / 3.160s) | Generator RTF: 0.0563(0.178s / 3.160s)
generated_audios/generated_H2_256C_int8/237-134500-0017_generated.wav | RTF: 0.0575(0.125s / 2.180s) | Generator RTF: 0.0561(0.122s / 2.180s)
generated_audios/generated_H2_256C_int8/237-134500-0018_generated.wav | RTF: 0.2843(3.652s / 12.845s) | Generator RTF: 0.2839(3.647s / 12.845s)
generated_audios/generated_H2_256C_int8/237-134500-0019_generated.wav | RTF: 0.2420(0.692s / 2.860s) | Generator RTF: 0.2409(0.689s / 2.860s)
generated_audios/generated_H2_256C_int8/237-134500-0020_generated.wav | RTF: 0.0531(0.116s / 2.180s) | Generator RTF: 0.0517(0.113s / 2.180s)
generated_audios/generated_H2_256C_int8/237-134500-0021_generated.wav | RTF: 0.2443(1.251s / 5.120s) | Generator RTF: 0.2436(1.247s / 5.120s)
generated_audios/generated_H2_256C_int8/237-134500-0022_generated.wav | RTF: 0.2429(1.255s / 5.165s) | Generator RTF: 0.2423(1.251s / 5.165s)
generated_audios/generated_H2_256C_int8/237-134500-0023_generated.wav | RTF: 0.2474(0.757s / 3.060s) | Generator RTF: 0.2464(0.754s / 3.060s)
generated_audios/generated_H2_256C_int8/237-134500-0024_generated.wav | RTF: 0.0553(0.244s / 4.410s) | Generator RTF: 0.0546(0.241s / 4.410s)
generated_audios/generated_H2_256C_int8/237-134500-0025_generated.wav | RTF: 0.2530(0.412s / 1.630s) | Generator RTF: 0.2515(0.410s / 1.630s)
generated_audios/generated_H2_256C_int8/237-134500-0026_generated.wav | RTF: 0.2494(0.761s / 3.050s) | Generator RTF: 0.2485(0.758s / 3.050s)
generated_audios/generated_H2_256C_int8/237-134500-0027_generated.wav | RTF: 0.2493(0.815s / 3.270s) | Generator RTF: 0.2485(0.813s / 3.270s)
generated_audios/generated_H2_256C_int8/237-134500-0028_generated.wav | RTF: 0.2498(1.130s / 4.525s) | Generator RTF: 0.2490(1.127s / 4.525s)
generated_audios/generated_H2_256C_int8/237-134500-0029_generated.wav | RTF: 0.2468(0.510s / 2.065s) | Generator RTF: 0.2455(0.507s / 2.065s)
generated_audios/generated_H2_256C_int8/237-134500-0030_generated.wav | RTF: 0.2507(0.697s / 2.780s) | Generator RTF: 0.2496(0.694s / 2.780s)
generated_audios/generated_H2_256C_int8/237-134500-0031_generated.wav | RTF: 0.2587(2.744s / 10.610s) | Generator RTF: 0.2583(2.740s / 10.610s)
generated_audios/generated_H2_256C_int8/237-134500-0032_generated.wav | RTF: 0.0582(0.292s / 5.025s) | Generator RTF: 0.0575(0.289s / 5.025s)
generated_audios/generated_H2_256C_int8/237-134500-0033_generated.wav | RTF: 0.2502(1.589s / 6.350s) | Generator RTF: 0.2496(1.585s / 6.350s)
generated_audios/generated_H2_256C_int8/237-134500-0034_generated.wav | RTF: 0.2452(0.754s / 3.075s) | Generator RTF: 0.2441(0.751s / 3.075s)
generated_audios/generated_H2_256C_int8/237-134500-0035_generated.wav | RTF: 0.2554(0.652s / 2.555s) | Generator RTF: 0.2542(0.649s / 2.555s)
generated_audios/generated_H2_256C_int8/237-134500-0036_generated.wav | RTF: 0.2498(1.649s / 6.600s) | Generator RTF: 0.2493(1.645s / 6.600s)
generated_audios/generated_H2_256C_int8/237-134500-0037_generated.wav | RTF: 0.2545(1.808s / 7.105s) | Generator RTF: 0.2539(1.804s / 7.105s)
generated_audios/generated_H2_256C_int8/237-134500-0038_generated.wav | RTF: 0.2529(0.616s / 2.435s) | Generator RTF: 0.2515(0.612s / 2.435s)
generated_audios/generated_H2_256C_int8/237-134500-0039_generated.wav | RTF: 0.2491(1.153s / 4.630s) | Generator RTF: 0.2484(1.150s / 4.630s)
generated_audios/generated_H2_256C_int8/237-134500-0040_generated.wav | RTF: 0.0560(0.226s / 4.030s) | Generator RTF: 0.0550(0.222s / 4.030s)
generated_audios/generated_H2_256C_int8/237-134500-0041_generated.wav | RTF: 0.0803(0.716s / 8.920s) | Generator RTF: 0.0798(0.712s / 8.920s)
generated_audios/generated_H2_256C_int8/237-134500-0042_generated.wav | RTF: 0.2491(0.641s / 2.575s) | Generator RTF: 0.2479(0.638s / 2.575s)
generated_audios/generated_H2_256C_int8/260-123286-0000_generated.wav | RTF: 0.2487(1.751s / 7.040s) | Generator RTF: 0.2482(1.748s / 7.040s)
generated_audios/generated_H2_256C_int8/260-123286-0001_generated.wav | RTF: 0.0517(0.159s / 3.070s) | Generator RTF: 0.0506(0.155s / 3.070s)
generated_audios/generated_H2_256C_int8/260-123286-0002_generated.wav | RTF: 0.2547(2.543s / 9.985s) | Generator RTF: 0.2543(2.539s / 9.985s)
generated_audios/generated_H2_256C_int8/260-123286-0003_generated.wav | RTF: 0.2505(1.846s / 7.370s) | Generator RTF: 0.2500(1.843s / 7.370s)
generated_audios/generated_H2_256C_int8/260-123286-0004_generated.wav | RTF: 0.2512(0.871s / 3.465s) | Generator RTF: 0.2503(0.867s / 3.465s)
generated_audios/generated_H2_256C_int8/260-123286-0005_generated.wav | RTF: 0.2446(1.177s / 4.810s) | Generator RTF: 0.2438(1.173s / 4.810s)
generated_audios/generated_H2_256C_int8/260-123286-0006_generated.wav | RTF: 0.2586(1.915s / 7.405s) | Generator RTF: 0.2581(1.911s / 7.405s)
generated_audios/generated_H2_256C_int8/260-123286-0007_generated.wav | RTF: 0.2449(1.114s / 4.550s) | Generator RTF: 0.2441(1.111s / 4.550s)
generated_audios/generated_H2_256C_int8/260-123286-0008_generated.wav | RTF: 0.2441(0.912s / 3.735s) | Generator RTF: 0.2432(0.908s / 3.735s)
generated_audios/generated_H2_256C_int8/260-123286-0009_generated.wav | RTF: 0.2472(1.433s / 5.795s) | Generator RTF: 0.2466(1.429s / 5.795s)
generated_audios/generated_H2_256C_int8/260-123286-0010_generated.wav | RTF: 0.0499(0.129s / 2.575s) | Generator RTF: 0.0488(0.126s / 2.575s)
generated_audios/generated_H2_256C_int8/260-123286-0011_generated.wav | RTF: 0.0555(0.236s / 4.255s) | Generator RTF: 0.0548(0.233s / 4.255s)
generated_audios/generated_H2_256C_int8/260-123286-0012_generated.wav | RTF: 0.0512(0.125s / 2.430s) | Generator RTF: 0.0499(0.121s / 2.430s)
generated_audios/generated_H2_256C_int8/260-123286-0013_generated.wav | RTF: 0.2497(1.181s / 4.730s) | Generator RTF: 0.2490(1.178s / 4.730s)
generated_audios/generated_H2_256C_int8/260-123286-0014_generated.wav | RTF: 0.0872(0.260s / 2.980s) | Generator RTF: 0.0861(0.257s / 2.980s)
generated_audios/generated_H2_256C_int8/260-123286-0015_generated.wav | RTF: 0.2557(1.332s / 5.210s) | Generator RTF: 0.2551(1.329s / 5.210s)
generated_audios/generated_H2_256C_int8/260-123286-0016_generated.wav | RTF: 0.2537(1.776s / 7.000s) | Generator RTF: 0.2531(1.772s / 7.000s)
generated_audios/generated_H2_256C_int8/260-123286-0017_generated.wav | RTF: 0.2459(0.977s / 3.975s) | Generator RTF: 0.2450(0.974s / 3.975s)
generated_audios/generated_H2_256C_int8/260-123286-0018_generated.wav | RTF: 0.2501(1.418s / 5.670s) | Generator RTF: 0.2495(1.415s / 5.670s)
generated_audios/generated_H2_256C_int8/260-123286-0019_generated.wav | RTF: 0.2857(3.401s / 11.905s) | Generator RTF: 0.2853(3.397s / 11.905s)
generated_audios/generated_H2_256C_int8/260-123286-0020_generated.wav | RTF: 0.0557(0.171s / 3.060s) | Generator RTF: 0.0546(0.167s / 3.060s)
generated_audios/generated_H2_256C_int8/260-123286-0021_generated.wav | RTF: 0.2459(0.627s / 2.550s) | Generator RTF: 0.2446(0.624s / 2.550s)
generated_audios/generated_H2_256C_int8/260-123286-0022_generated.wav | RTF: 0.2549(0.825s / 3.235s) | Generator RTF: 0.2539(0.821s / 3.235s)
generated_audios/generated_H2_256C_int8/260-123286-0023_generated.wav | RTF: 0.2521(1.481s / 5.875s) | Generator RTF: 0.2515(1.478s / 5.875s)
generated_audios/generated_H2_256C_int8/260-123286-0024_generated.wav | RTF: 0.2465(0.749s / 3.040s) | Generator RTF: 0.2453(0.746s / 3.040s)
generated_audios/generated_H2_256C_int8/260-123286-0025_generated.wav | RTF: 0.2599(2.392s / 9.205s) | Generator RTF: 0.2595(2.388s / 9.205s)
generated_audios/generated_H2_256C_int8/260-123286-0026_generated.wav | RTF: 0.2503(1.737s / 6.940s) | Generator RTF: 0.2498(1.733s / 6.940s)
generated_audios/generated_H2_256C_int8/260-123286-0027_generated.wav | RTF: 0.2470(1.771s / 7.170s) | Generator RTF: 0.2464(1.767s / 7.170s)
generated_audios/generated_H2_256C_int8/260-123286-0028_generated.wav | RTF: 0.2512(1.875s / 7.465s) | Generator RTF: 0.2507(1.871s / 7.465s)
generated_audios/generated_H2_256C_int8/260-123286-0029_generated.wav | RTF: 0.0506(0.230s / 4.545s) | Generator RTF: 0.0499(0.227s / 4.545s)
generated_audios/generated_H2_256C_int8/260-123286-0030_generated.wav | RTF: 0.0572(0.430s / 7.530s) | Generator RTF: 0.0567(0.427s / 7.530s)
generated_audios/generated_H2_256C_int8/260-123286-0031_generated.wav | RTF: 0.2467(1.248s / 5.060s) | Generator RTF: 0.2460(1.245s / 5.060s)
generated_audios/generated_H2_256C_int8/260-123288-0000_generated.wav | RTF: 0.0499(0.152s / 3.040s) | Generator RTF: 0.0489(0.149s / 3.040s)
generated_audios/generated_H2_256C_int8/260-123288-0001_generated.wav | RTF: 0.0567(0.288s / 5.080s) | Generator RTF: 0.0561(0.285s / 5.080s)
generated_audios/generated_H2_256C_int8/260-123288-0002_generated.wav | RTF: 0.2596(1.882s / 7.250s) | Generator RTF: 0.2590(1.878s / 7.250s)
generated_audios/generated_H2_256C_int8/260-123288-0003_generated.wav | RTF: 0.2640(2.351s / 8.905s) | Generator RTF: 0.2635(2.347s / 8.905s)
generated_audios/generated_H2_256C_int8/260-123288-0004_generated.wav | RTF: 0.2574(1.109s / 4.310s) | Generator RTF: 0.2566(1.106s / 4.310s)
generated_audios/generated_H2_256C_int8/260-123288-0005_generated.wav | RTF: 0.2888(3.625s / 12.550s) | Generator RTF: 0.2885(3.621s / 12.550s)
generated_audios/generated_H2_256C_int8/260-123288-0006_generated.wav | RTF: 0.2569(1.254s / 4.880s) | Generator RTF: 0.2561(1.250s / 4.880s)
generated_audios/generated_H2_256C_int8/260-123288-0007_generated.wav | RTF: 0.2685(3.008s / 11.200s) | Generator RTF: 0.2682(3.003s / 11.200s)
generated_audios/generated_H2_256C_int8/260-123288-0008_generated.wav | RTF: 0.2645(1.459s / 5.515s) | Generator RTF: 0.2638(1.455s / 5.515s)
generated_audios/generated_H2_256C_int8/260-123288-0009_generated.wav | RTF: 0.2587(0.888s / 3.435s) | Generator RTF: 0.2578(0.885s / 3.435s)
generated_audios/generated_H2_256C_int8/260-123288-0010_generated.wav | RTF: 0.0663(0.663s / 9.995s) | Generator RTF: 0.0659(0.659s / 9.995s)
generated_audios/generated_H2_256C_int8/260-123288-0011_generated.wav | RTF: 0.2691(2.417s / 8.980s) | Generator RTF: 0.2687(2.413s / 8.980s)
generated_audios/generated_H2_256C_int8/260-123288-0012_generated.wav | RTF: 0.2678(0.949s / 3.545s) | Generator RTF: 0.2668(0.946s / 3.545s)
generated_audios/generated_H2_256C_int8/260-123288-0013_generated.wav | RTF: 0.2707(3.082s / 11.385s) | Generator RTF: 0.2704(3.078s / 11.385s)
generated_audios/generated_H2_256C_int8/260-123288-0014_generated.wav | RTF: 0.0607(0.110s / 1.805s) | Generator RTF: 0.0590(0.106s / 1.805s)
generated_audios/generated_H2_256C_int8/260-123288-0015_generated.wav | RTF: 0.2944(6.237s / 21.185s) | Generator RTF: 0.2942(6.232s / 21.185s)
generated_audios/generated_H2_256C_int8/260-123288-0016_generated.wav | RTF: 0.2626(1.278s / 4.865s) | Generator RTF: 0.2618(1.274s / 4.865s)
generated_audios/generated_H2_256C_int8/260-123288-0017_generated.wav | RTF: 0.2591(1.354s / 5.225s) | Generator RTF: 0.2584(1.350s / 5.225s)
generated_audios/generated_H2_256C_int8/260-123288-0018_generated.wav | RTF: 0.2592(0.841s / 3.245s) | Generator RTF: 0.2581(0.837s / 3.245s)
generated_audios/generated_H2_256C_int8/260-123288-0019_generated.wav | RTF: 0.0576(0.170s / 2.955s) | Generator RTF: 0.0565(0.167s / 2.955s)
generated_audios/generated_H2_256C_int8/260-123288-0020_generated.wav | RTF: 0.2577(0.747s / 2.900s) | Generator RTF: 0.2567(0.744s / 2.900s)
generated_audios/generated_H2_256C_int8/260-123288-0021_generated.wav | RTF: 0.0561(0.152s / 2.710s) | Generator RTF: 0.0549(0.149s / 2.710s)
generated_audios/generated_H2_256C_int8/260-123288-0022_generated.wav | RTF: 0.2614(0.968s / 3.705s) | Generator RTF: 0.2608(0.966s / 3.705s)
generated_audios/generated_H2_256C_int8/260-123288-0023_generated.wav | RTF: 0.0578(0.138s / 2.385s) | Generator RTF: 0.0564(0.135s / 2.385s)
generated_audios/generated_H2_256C_int8/260-123288-0024_generated.wav | RTF: 0.2896(4.227s / 14.595s) | Generator RTF: 0.2893(4.223s / 14.595s)
generated_audios/generated_H2_256C_int8/260-123288-0025_generated.wav | RTF: 0.2888(3.883s / 13.445s) | Generator RTF: 0.2885(3.879s / 13.445s)
generated_audios/generated_H2_256C_int8/260-123288-0026_generated.wav | RTF: 0.2961(4.750s / 16.040s) | Generator RTF: 0.2958(4.745s / 16.040s)
generated_audios/generated_H2_256C_int8/260-123288-0027_generated.wav | RTF: 0.2603(1.641s / 6.305s) | Generator RTF: 0.2597(1.637s / 6.305s)
generated_audios/generated_H2_256C_int8/260-123288-0028_generated.wav | RTF: 0.2691(0.702s / 2.610s) | Generator RTF: 0.2679(0.699s / 2.610s)
generated_audios/generated_H2_256C_int8/260-123440-0000_generated.wav | RTF: 0.2567(0.556s / 2.165s) | Generator RTF: 0.2553(0.553s / 2.165s)
generated_audios/generated_H2_256C_int8/260-123440-0001_generated.wav | RTF: 0.2699(0.470s / 1.740s) | Generator RTF: 0.2683(0.467s / 1.740s)
generated_audios/generated_H2_256C_int8/260-123440-0002_generated.wav | RTF: 0.2941(4.327s / 14.715s) | Generator RTF: 0.2937(4.322s / 14.715s)
generated_audios/generated_H2_256C_int8/260-123440-0003_generated.wav | RTF: 0.2648(0.949s / 3.585s) | Generator RTF: 0.2638(0.946s / 3.585s)
generated_audios/generated_H2_256C_int8/260-123440-0004_generated.wav | RTF: 0.2917(3.507s / 12.020s) | Generator RTF: 0.2914(3.503s / 12.020s)
generated_audios/generated_H2_256C_int8/260-123440-0005_generated.wav | RTF: 0.0575(0.179s / 3.105s) | Generator RTF: 0.0565(0.175s / 3.105s)
generated_audios/generated_H2_256C_int8/260-123440-0006_generated.wav | RTF: 0.0498(0.135s / 2.715s) | Generator RTF: 0.0487(0.132s / 2.715s)
generated_audios/generated_H2_256C_int8/260-123440-0007_generated.wav | RTF: 0.2582(0.874s / 3.385s) | Generator RTF: 0.2573(0.871s / 3.385s)
generated_audios/generated_H2_256C_int8/260-123440-0008_generated.wav | RTF: 0.2674(1.001s / 3.745s) | Generator RTF: 0.2665(0.998s / 3.745s)
generated_audios/generated_H2_256C_int8/260-123440-0009_generated.wav | RTF: 0.2672(0.832s / 3.115s) | Generator RTF: 0.2661(0.829s / 3.115s)
generated_audios/generated_H2_256C_int8/260-123440-0010_generated.wav | RTF: 0.2762(2.296s / 8.315s) | Generator RTF: 0.2759(2.294s / 8.315s)
generated_audios/generated_H2_256C_int8/260-123440-0011_generated.wav | RTF: 0.0515(0.251s / 4.870s) | Generator RTF: 0.0507(0.247s / 4.870s)
generated_audios/generated_H2_256C_int8/260-123440-0012_generated.wav | RTF: 0.2651(1.391s / 5.245s) | Generator RTF: 0.2645(1.387s / 5.245s)
generated_audios/generated_H2_256C_int8/260-123440-0013_generated.wav | RTF: 0.2668(0.927s / 3.475s) | Generator RTF: 0.2659(0.924s / 3.475s)
generated_audios/generated_H2_256C_int8/260-123440-0014_generated.wav | RTF: 0.2692(1.027s / 3.815s) | Generator RTF: 0.2684(1.024s / 3.815s)
generated_audios/generated_H2_256C_int8/260-123440-0015_generated.wav | RTF: 0.0579(0.359s / 6.200s) | Generator RTF: 0.0573(0.355s / 6.200s)
generated_audios/generated_H2_256C_int8/260-123440-0016_generated.wav | RTF: 0.2665(1.305s / 4.895s) | Generator RTF: 0.2658(1.301s / 4.895s)
generated_audios/generated_H2_256C_int8/260-123440-0017_generated.wav | RTF: 0.0569(0.175s / 3.070s) | Generator RTF: 0.0559(0.171s / 3.070s)
generated_audios/generated_H2_256C_int8/260-123440-0018_generated.wav | RTF: 0.2692(0.980s / 3.640s) | Generator RTF: 0.2682(0.976s / 3.640s)
generated_audios/generated_H2_256C_int8/260-123440-0019_generated.wav | RTF: 0.2662(1.765s / 6.630s) | Generator RTF: 0.2657(1.761s / 6.630s)
generated_audios/generated_H2_256C_int8/260-123440-0020_generated.wav | RTF: 0.2674(1.336s / 4.995s) | Generator RTF: 0.2667(1.332s / 4.995s)
generated_audios/generated_H2_256C_int8/61-70968-0000_generated.wav | RTF: 0.2697(1.323s / 4.905s) | Generator RTF: 0.2690(1.319s / 4.905s)
generated_audios/generated_H2_256C_int8/61-70968-0001_generated.wav | RTF: 0.2646(0.955s / 3.610s) | Generator RTF: 0.2638(0.952s / 3.610s)
generated_audios/generated_H2_256C_int8/61-70968-0002_generated.wav | RTF: 0.2587(0.768s / 2.970s) | Generator RTF: 0.2576(0.765s / 2.970s)
generated_audios/generated_H2_256C_int8/61-70968-0003_generated.wav | RTF: 0.0546(0.235s / 4.315s) | Generator RTF: 0.0537(0.232s / 4.315s)
generated_audios/generated_H2_256C_int8/61-70968-0004_generated.wav | RTF: 0.2651(1.030s / 3.885s) | Generator RTF: 0.2642(1.027s / 3.885s)
generated_audios/generated_H2_256C_int8/61-70968-0005_generated.wav | RTF: 0.0547(0.278s / 5.070s) | Generator RTF: 0.0541(0.275s / 5.070s)
generated_audios/generated_H2_256C_int8/61-70968-0006_generated.wav | RTF: 0.2597(0.762s / 2.935s) | Generator RTF: 0.2587(0.759s / 2.935s)
generated_audios/generated_H2_256C_int8/61-70968-0007_generated.wav | RTF: 0.0555(0.197s / 3.550s) | Generator RTF: 0.0545(0.194s / 3.550s)
generated_audios/generated_H2_256C_int8/61-70968-0008_generated.wav | RTF: 0.0579(0.205s / 3.535s) | Generator RTF: 0.0570(0.201s / 3.535s)
generated_audios/generated_H2_256C_int8/61-70968-0009_generated.wav | RTF: 0.2672(1.205s / 4.510s) | Generator RTF: 0.2667(1.203s / 4.510s)
generated_audios/generated_H2_256C_int8/61-70968-0010_generated.wav | RTF: 0.2746(2.278s / 8.295s) | Generator RTF: 0.2741(2.274s / 8.295s)
generated_audios/generated_H2_256C_int8/61-70968-0011_generated.wav | RTF: 0.2665(1.699s / 6.375s) | Generator RTF: 0.2659(1.695s / 6.375s)
generated_audios/generated_H2_256C_int8/61-70968-0012_generated.wav | RTF: 0.0606(0.158s / 2.610s) | Generator RTF: 0.0594(0.155s / 2.610s)
generated_audios/generated_H2_256C_int8/61-70968-0013_generated.wav | RTF: 0.0561(0.250s / 4.450s) | Generator RTF: 0.0554(0.246s / 4.450s)
generated_audios/generated_H2_256C_int8/61-70968-0014_generated.wav | RTF: 0.2753(2.061s / 7.485s) | Generator RTF: 0.2748(2.057s / 7.485s)
generated_audios/generated_H2_256C_int8/61-70968-0015_generated.wav | RTF: 0.2645(1.422s / 5.375s) | Generator RTF: 0.2639(1.418s / 5.375s)
generated_audios/generated_H2_256C_int8/61-70968-0016_generated.wav | RTF: 0.2757(1.026s / 3.720s) | Generator RTF: 0.2748(1.022s / 3.720s)
generated_audios/generated_H2_256C_int8/61-70968-0017_generated.wav | RTF: 0.2714(1.387s / 5.110s) | Generator RTF: 0.2707(1.383s / 5.110s)
generated_audios/generated_H2_256C_int8/61-70968-0018_generated.wav | RTF: 0.2665(0.641s / 2.405s) | Generator RTF: 0.2652(0.638s / 2.405s)
generated_audios/generated_H2_256C_int8/61-70968-0019_generated.wav | RTF: 0.2708(1.483s / 5.475s) | Generator RTF: 0.2701(1.479s / 5.475s)
generated_audios/generated_H2_256C_int8/61-70968-0020_generated.wav | RTF: 0.2752(1.405s / 5.105s) | Generator RTF: 0.2745(1.401s / 5.105s)
generated_audios/generated_H2_256C_int8/61-70968-0021_generated.wav | RTF: 0.2650(0.713s / 2.690s) | Generator RTF: 0.2638(0.710s / 2.690s)
generated_audios/generated_H2_256C_int8/61-70968-0022_generated.wav | RTF: 0.0555(0.259s / 4.670s) | Generator RTF: 0.0547(0.256s / 4.670s)
generated_audios/generated_H2_256C_int8/61-70968-0023_generated.wav | RTF: 0.0574(0.289s / 5.025s) | Generator RTF: 0.0567(0.285s / 5.025s)
generated_audios/generated_H2_256C_int8/61-70968-0024_generated.wav | RTF: 0.2742(1.652s / 6.025s) | Generator RTF: 0.2736(1.648s / 6.025s)
generated_audios/generated_H2_256C_int8/61-70968-0025_generated.wav | RTF: 0.0568(0.250s / 4.410s) | Generator RTF: 0.0560(0.247s / 4.410s)
generated_audios/generated_H2_256C_int8/61-70968-0026_generated.wav | RTF: 0.2655(1.306s / 4.920s) | Generator RTF: 0.2648(1.303s / 4.920s)
generated_audios/generated_H2_256C_int8/61-70968-0027_generated.wav | RTF: 0.2715(1.865s / 6.870s) | Generator RTF: 0.2711(1.862s / 6.870s)
generated_audios/generated_H2_256C_int8/61-70968-0028_generated.wav | RTF: 0.2691(1.441s / 5.355s) | Generator RTF: 0.2684(1.438s / 5.355s)
generated_audios/generated_H2_256C_int8/61-70968-0029_generated.wav | RTF: 0.2760(0.964s / 3.495s) | Generator RTF: 0.2750(0.961s / 3.495s)
generated_audios/generated_H2_256C_int8/61-70968-0030_generated.wav | RTF: 0.2735(1.555s / 5.685s) | Generator RTF: 0.2729(1.551s / 5.685s)
generated_audios/generated_H2_256C_int8/61-70968-0031_generated.wav | RTF: 0.2732(0.799s / 2.925s) | Generator RTF: 0.2722(0.796s / 2.925s)
generated_audios/generated_H2_256C_int8/61-70968-0032_generated.wav | RTF: 0.0593(0.254s / 4.280s) | Generator RTF: 0.0585(0.251s / 4.280s)
generated_audios/generated_H2_256C_int8/61-70968-0033_generated.wav | RTF: 0.0529(0.301s / 5.685s) | Generator RTF: 0.0524(0.298s / 5.685s)
generated_audios/generated_H2_256C_int8/61-70968-0034_generated.wav | RTF: 0.2761(1.168s / 4.230s) | Generator RTF: 0.2753(1.164s / 4.230s)
generated_audios/generated_H2_256C_int8/61-70968-0035_generated.wav | RTF: 0.2797(2.224s / 7.950s) | Generator RTF: 0.2792(2.220s / 7.950s)
generated_audios/generated_H2_256C_int8/61-70968-0036_generated.wav | RTF: 0.0572(0.168s / 2.935s) | Generator RTF: 0.0562(0.165s / 2.935s)
generated_audios/generated_H2_256C_int8/61-70968-0037_generated.wav | RTF: 0.0570(0.246s / 4.315s) | Generator RTF: 0.0562(0.243s / 4.315s)
generated_audios/generated_H2_256C_int8/61-70968-0038_generated.wav | RTF: 0.2838(0.582s / 2.050s) | Generator RTF: 0.2823(0.579s / 2.050s)
generated_audios/generated_H2_256C_int8/61-70968-0039_generated.wav | RTF: 0.2689(1.023s / 3.805s) | Generator RTF: 0.2681(1.020s / 3.805s)
generated_audios/generated_H2_256C_int8/61-70968-0040_generated.wav | RTF: 0.2771(1.095s / 3.950s) | Generator RTF: 0.2763(1.091s / 3.950s)
generated_audios/generated_H2_256C_int8/61-70968-0041_generated.wav | RTF: 0.0561(0.383s / 6.825s) | Generator RTF: 0.0556(0.379s / 6.825s)
generated_audios/generated_H2_256C_int8/61-70968-0042_generated.wav | RTF: 0.0558(0.155s / 2.785s) | Generator RTF: 0.0547(0.152s / 2.785s)
generated_audios/generated_H2_256C_int8/61-70968-0043_generated.wav | RTF: 0.2766(1.863s / 6.735s) | Generator RTF: 0.2761(1.860s / 6.735s)
generated_audios/generated_H2_256C_int8/61-70968-0044_generated.wav | RTF: 0.0581(0.161s / 2.770s) | Generator RTF: 0.0568(0.157s / 2.770s)
generated_audios/generated_H2_256C_int8/61-70968-0045_generated.wav | RTF: 0.0561(0.195s / 3.475s) | Generator RTF: 0.0551(0.192s / 3.475s)
generated_audios/generated_H2_256C_int8/61-70968-0046_generated.wav | RTF: 0.0564(0.200s / 3.550s) | Generator RTF: 0.0555(0.197s / 3.550s)
generated_audios/generated_H2_256C_int8/61-70968-0047_generated.wav | RTF: 0.2701(1.290s / 4.775s) | Generator RTF: 0.2693(1.286s / 4.775s)
generated_audios/generated_H2_256C_int8/61-70968-0048_generated.wav | RTF: 0.2753(0.831s / 3.020s) | Generator RTF: 0.2743(0.828s / 3.020s)
generated_audios/generated_H2_256C_int8/61-70968-0049_generated.wav | RTF: 0.2840(2.343s / 8.250s) | Generator RTF: 0.2835(2.339s / 8.250s)
generated_audios/generated_H2_256C_int8/61-70968-0050_generated.wav | RTF: 0.2741(1.529s / 5.580s) | Generator RTF: 0.2734(1.526s / 5.580s)
generated_audios/generated_H2_256C_int8/61-70968-0051_generated.wav | RTF: 0.2743(0.860s / 3.135s) | Generator RTF: 0.2733(0.857s / 3.135s)
generated_audios/generated_H2_256C_int8/61-70968-0052_generated.wav | RTF: 0.2608(0.691s / 2.650s) | Generator RTF: 0.2596(0.688s / 2.650s)
generated_audios/generated_H2_256C_int8/61-70968-0053_generated.wav | RTF: 0.0563(0.238s / 4.220s) | Generator RTF: 0.0555(0.234s / 4.220s)
generated_audios/generated_H2_256C_int8/61-70968-0054_generated.wav | RTF: 0.2717(2.136s / 7.860s) | Generator RTF: 0.2712(2.132s / 7.860s)
generated_audios/generated_H2_256C_int8/61-70968-0055_generated.wav | RTF: 0.0555(0.220s / 3.965s) | Generator RTF: 0.0547(0.217s / 3.965s)
generated_audios/generated_H2_256C_int8/61-70968-0056_generated.wav | RTF: 0.2644(0.943s / 3.565s) | Generator RTF: 0.2635(0.939s / 3.565s)
generated_audios/generated_H2_256C_int8/61-70968-0057_generated.wav | RTF: 0.0558(0.282s / 5.065s) | Generator RTF: 0.0551(0.279s / 5.065s)
generated_audios/generated_H2_256C_int8/61-70968-0058_generated.wav | RTF: 0.2589(0.471s / 1.820s) | Generator RTF: 0.2572(0.468s / 1.820s)
generated_audios/generated_H2_256C_int8/61-70968-0059_generated.wav | RTF: 0.0579(0.126s / 2.170s) | Generator RTF: 0.0564(0.122s / 2.170s)
generated_audios/generated_H2_256C_int8/61-70968-0060_generated.wav | RTF: 0.0550(0.205s / 3.735s) | Generator RTF: 0.0540(0.202s / 3.735s)
generated_audios/generated_H2_256C_int8/61-70968-0061_generated.wav | RTF: 0.2741(1.516s / 5.530s) | Generator RTF: 0.2734(1.512s / 5.530s)
generated_audios/generated_H2_256C_int8/61-70968-0062_generated.wav | RTF: 0.0577(0.147s / 2.555s) | Generator RTF: 0.0565(0.144s / 2.555s)
generated_audios/generated_H2_256C_int8/61-70970-0000_generated.wav | RTF: 0.2677(1.626s / 6.075s) | Generator RTF: 0.2671(1.623s / 6.075s)
generated_audios/generated_H2_256C_int8/61-70970-0001_generated.wav | RTF: 0.2728(1.679s / 6.155s) | Generator RTF: 0.2722(1.675s / 6.155s)
generated_audios/generated_H2_256C_int8/61-70970-0002_generated.wav | RTF: 0.2774(1.155s / 4.165s) | Generator RTF: 0.2766(1.152s / 4.165s)
generated_audios/generated_H2_256C_int8/61-70970-0003_generated.wav | RTF: 0.2676(1.026s / 3.835s) | Generator RTF: 0.2668(1.023s / 3.835s)
generated_audios/generated_H2_256C_int8/61-70970-0004_generated.wav | RTF: 0.2799(2.943s / 10.515s) | Generator RTF: 0.2795(2.938s / 10.515s)
generated_audios/generated_H2_256C_int8/61-70970-0005_generated.wav | RTF: 0.2927(0.591s / 2.020s) | Generator RTF: 0.2912(0.588s / 2.020s)
generated_audios/generated_H2_256C_int8/61-70970-0006_generated.wav | RTF: 0.2869(0.670s / 2.335s) | Generator RTF: 0.2858(0.667s / 2.335s)
generated_audios/generated_H2_256C_int8/61-70970-0007_generated.wav | RTF: 0.2855(1.281s / 4.485s) | Generator RTF: 0.2849(1.278s / 4.485s)
generated_audios/generated_H2_256C_int8/61-70970-0008_generated.wav | RTF: 0.3037(0.653s / 2.150s) | Generator RTF: 0.3022(0.650s / 2.150s)
generated_audios/generated_H2_256C_int8/61-70970-0009_generated.wav | RTF: 0.2859(0.974s / 3.405s) | Generator RTF: 0.2850(0.971s / 3.405s)
generated_audios/generated_H2_256C_int8/61-70970-0010_generated.wav | RTF: 0.0549(0.167s / 3.045s) | Generator RTF: 0.0540(0.164s / 3.045s)
generated_audios/generated_H2_256C_int8/61-70970-0011_generated.wav | RTF: 0.0507(0.308s / 6.075s) | Generator RTF: 0.0502(0.305s / 6.075s)
generated_audios/generated_H2_256C_int8/61-70970-0012_generated.wav | RTF: 0.0486(0.152s / 3.135s) | Generator RTF: 0.0475(0.149s / 3.135s)
generated_audios/generated_H2_256C_int8/61-70970-0013_generated.wav | RTF: 0.2857(1.243s / 4.350s) | Generator RTF: 0.2849(1.240s / 4.350s)
generated_audios/generated_H2_256C_int8/61-70970-0014_generated.wav | RTF: 0.0505(0.172s / 3.405s) | Generator RTF: 0.0495(0.168s / 3.405s)
generated_audios/generated_H2_256C_int8/61-70970-0015_generated.wav | RTF: 0.2836(2.386s / 8.415s) | Generator RTF: 0.2832(2.383s / 8.415s)
generated_audios/generated_H2_256C_int8/61-70970-0016_generated.wav | RTF: 0.2798(1.223s / 4.370s) | Generator RTF: 0.2790(1.219s / 4.370s)
generated_audios/generated_H2_256C_int8/61-70970-0017_generated.wav | RTF: 0.0569(0.145s / 2.550s) | Generator RTF: 0.0557(0.142s / 2.550s)
generated_audios/generated_H2_256C_int8/61-70970-0018_generated.wav | RTF: 0.2740(1.260s / 4.600s) | Generator RTF: 0.2732(1.257s / 4.600s)
generated_audios/generated_H2_256C_int8/61-70970-0019_generated.wav | RTF: 0.2789(1.054s / 3.780s) | Generator RTF: 0.2781(1.051s / 3.780s)
generated_audios/generated_H2_256C_int8/61-70970-0020_generated.wav | RTF: 0.0552(0.277s / 5.025s) | Generator RTF: 0.0545(0.274s / 5.025s)
generated_audios/generated_H2_256C_int8/61-70970-0021_generated.wav | RTF: 0.2757(1.490s / 5.405s) | Generator RTF: 0.2750(1.487s / 5.405s)
generated_audios/generated_H2_256C_int8/61-70970-0022_generated.wav | RTF: 0.0545(0.216s / 3.970s) | Generator RTF: 0.0536(0.213s / 3.970s)
generated_audios/generated_H2_256C_int8/61-70970-0023_generated.wav | RTF: 0.0546(0.202s / 3.705s) | Generator RTF: 0.0538(0.199s / 3.705s)
generated_audios/generated_H2_256C_int8/61-70970-0024_generated.wav | RTF: 0.2803(2.028s / 7.235s) | Generator RTF: 0.2798(2.025s / 7.235s)
generated_audios/generated_H2_256C_int8/61-70970-0025_generated.wav | RTF: 0.2868(2.132s / 7.435s) | Generator RTF: 0.2863(2.129s / 7.435s)
generated_audios/generated_H2_256C_int8/61-70970-0026_generated.wav | RTF: 0.0554(0.303s / 5.475s) | Generator RTF: 0.0547(0.300s / 5.475s)
generated_audios/generated_H2_256C_int8/61-70970-0027_generated.wav | RTF: 0.0548(0.278s / 5.080s) | Generator RTF: 0.0541(0.275s / 5.080s)
generated_audios/generated_H2_256C_int8/61-70970-0028_generated.wav | RTF: 0.0561(0.367s / 6.550s) | Generator RTF: 0.0556(0.364s / 6.550s)
generated_audios/generated_H2_256C_int8/61-70970-0029_generated.wav | RTF: 0.0566(0.228s / 4.030s) | Generator RTF: 0.0557(0.225s / 4.030s)
generated_audios/generated_H2_256C_int8/61-70970-0030_generated.wav | RTF: 0.0554(0.180s / 3.240s) | Generator RTF: 0.0546(0.177s / 3.240s)
generated_audios/generated_H2_256C_int8/61-70970-0031_generated.wav | RTF: 0.2765(1.420s / 5.135s) | Generator RTF: 0.2759(1.417s / 5.135s)
generated_audios/generated_H2_256C_int8/61-70970-0032_generated.wav | RTF: 0.0507(0.159s / 3.135s) | Generator RTF: 0.0495(0.155s / 3.135s)
generated_audios/generated_H2_256C_int8/61-70970-0033_generated.wav | RTF: 0.2787(0.953s / 3.420s) | Generator RTF: 0.2777(0.950s / 3.420s)
generated_audios/generated_H2_256C_int8/61-70970-0034_generated.wav | RTF: 0.0502(0.225s / 4.485s) | Generator RTF: 0.0494(0.221s / 4.485s)
generated_audios/generated_H2_256C_int8/61-70970-0035_generated.wav | RTF: 0.0568(0.421s / 7.405s) | Generator RTF: 0.0563(0.417s / 7.405s)
generated_audios/generated_H2_256C_int8/61-70970-0036_generated.wav | RTF: 0.0569(0.386s / 6.785s) | Generator RTF: 0.0563(0.382s / 6.785s)
generated_audios/generated_H2_256C_int8/61-70970-0037_generated.wav | RTF: 0.2796(1.672s / 5.980s) | Generator RTF: 0.2789(1.668s / 5.980s)
generated_audios/generated_H2_256C_int8/61-70970-0038_generated.wav | RTF: 0.2831(2.945s / 10.400s) | Generator RTF: 0.2828(2.941s / 10.400s)
generated_audios/generated_H2_256C_int8/61-70970-0039_generated.wav | RTF: 0.0576(0.384s / 6.665s) | Generator RTF: 0.0571(0.380s / 6.665s)
generated_audios/generated_H2_256C_int8/61-70970-0040_generated.wav | RTF: 0.0568(0.237s / 4.165s) | Generator RTF: 0.0560(0.233s / 4.165s)
generated_audios/generated_H2_256C_int8/672-122797-0000_generated.wav | RTF: 0.2860(1.164s / 4.070s) | Generator RTF: 0.2851(1.161s / 4.070s)
generated_audios/generated_H2_256C_int8/672-122797-0001_generated.wav | RTF: 0.2875(4.349s / 15.130s) | Generator RTF: 0.2872(4.345s / 15.130s)
generated_audios/generated_H2_256C_int8/672-122797-0002_generated.wav | RTF: 0.2843(3.873s / 13.620s) | Generator RTF: 0.2840(3.868s / 13.620s)
generated_audios/generated_H2_256C_int8/672-122797-0003_generated.wav | RTF: 0.2894(1.377s / 4.760s) | Generator RTF: 0.2886(1.374s / 4.760s)
generated_audios/generated_H2_256C_int8/672-122797-0004_generated.wav | RTF: 0.2802(2.872s / 10.250s) | Generator RTF: 0.2798(2.868s / 10.250s)
generated_audios/generated_H2_256C_int8/672-122797-0005_generated.wav | RTF: 0.2952(0.962s / 3.260s) | Generator RTF: 0.2942(0.959s / 3.260s)
generated_audios/generated_H2_256C_int8/672-122797-0006_generated.wav | RTF: 0.2878(4.015s / 13.950s) | Generator RTF: 0.2876(4.011s / 13.950s)
generated_audios/generated_H2_256C_int8/672-122797-0007_generated.wav | RTF: 0.2808(1.803s / 6.420s) | Generator RTF: 0.2802(1.799s / 6.420s)
generated_audios/generated_H2_256C_int8/672-122797-0008_generated.wav | RTF: 0.2893(8.913s / 30.810s) | Generator RTF: 0.2891(8.907s / 30.810s)
generated_audios/generated_H2_256C_int8/672-122797-0009_generated.wav | RTF: 0.0590(0.163s / 2.765s) | Generator RTF: 0.0578(0.160s / 2.765s)
generated_audios/generated_H2_256C_int8/672-122797-0010_generated.wav | RTF: 0.0554(0.211s / 3.815s) | Generator RTF: 0.0544(0.207s / 3.815s)
generated_audios/generated_H2_256C_int8/672-122797-0011_generated.wav | RTF: 0.3027(0.769s / 2.540s) | Generator RTF: 0.3014(0.766s / 2.540s)
generated_audios/generated_H2_256C_int8/672-122797-0012_generated.wav | RTF: 0.2932(2.277s / 7.765s) | Generator RTF: 0.2928(2.274s / 7.765s)
generated_audios/generated_H2_256C_int8/672-122797-0013_generated.wav | RTF: 0.2826(2.460s / 8.705s) | Generator RTF: 0.2822(2.456s / 8.705s)
generated_audios/generated_H2_256C_int8/672-122797-0014_generated.wav | RTF: 0.0574(0.147s / 2.555s) | Generator RTF: 0.0561(0.143s / 2.555s)
generated_audios/generated_H2_256C_int8/672-122797-0015_generated.wav | RTF: 0.0541(0.241s / 4.455s) | Generator RTF: 0.0534(0.238s / 4.455s)
generated_audios/generated_H2_256C_int8/672-122797-0016_generated.wav | RTF: 0.2828(2.606s / 9.215s) | Generator RTF: 0.2824(2.602s / 9.215s)
generated_audios/generated_H2_256C_int8/672-122797-0017_generated.wav | RTF: 0.2803(1.351s / 4.820s) | Generator RTF: 0.2796(1.348s / 4.820s)
generated_audios/generated_H2_256C_int8/672-122797-0018_generated.wav | RTF: 0.2814(1.387s / 4.930s) | Generator RTF: 0.2806(1.383s / 4.930s)
generated_audios/generated_H2_256C_int8/672-122797-0019_generated.wav | RTF: 0.2763(1.136s / 4.110s) | Generator RTF: 0.2755(1.132s / 4.110s)
generated_audios/generated_H2_256C_int8/672-122797-0020_generated.wav | RTF: 0.2832(2.499s / 8.825s) | Generator RTF: 0.2828(2.495s / 8.825s)
generated_audios/generated_H2_256C_int8/672-122797-0021_generated.wav | RTF: 0.0575(0.239s / 4.150s) | Generator RTF: 0.0567(0.235s / 4.150s)
generated_audios/generated_H2_256C_int8/672-122797-0022_generated.wav | RTF: 0.2883(5.479s / 19.005s) | Generator RTF: 0.2880(5.474s / 19.005s)
generated_audios/generated_H2_256C_int8/672-122797-0023_generated.wav | RTF: 0.2839(2.753s / 9.695s) | Generator RTF: 0.2835(2.748s / 9.695s)
generated_audios/generated_H2_256C_int8/672-122797-0024_generated.wav | RTF: 0.2825(1.167s / 4.130s) | Generator RTF: 0.2817(1.164s / 4.130s)
generated_audios/generated_H2_256C_int8/672-122797-0025_generated.wav | RTF: 0.2844(3.040s / 10.690s) | Generator RTF: 0.2840(3.036s / 10.690s)
generated_audios/generated_H2_256C_int8/672-122797-0026_generated.wav | RTF: 0.2855(3.986s / 13.960s) | Generator RTF: 0.2852(3.981s / 13.960s)
generated_audios/generated_H2_256C_int8/672-122797-0027_generated.wav | RTF: 0.0564(0.270s / 4.790s) | Generator RTF: 0.0556(0.266s / 4.790s)
generated_audios/generated_H2_256C_int8/672-122797-0028_generated.wav | RTF: 0.0622(0.162s / 2.610s) | Generator RTF: 0.0609(0.159s / 2.610s)
generated_audios/generated_H2_256C_int8/672-122797-0029_generated.wav | RTF: 0.0571(0.174s / 3.050s) | Generator RTF: 0.0560(0.171s / 3.050s)
generated_audios/generated_H2_256C_int8/672-122797-0030_generated.wav | RTF: 0.2770(1.267s / 4.575s) | Generator RTF: 0.2762(1.263s / 4.575s)
generated_audios/generated_H2_256C_int8/672-122797-0031_generated.wav | RTF: 0.0557(0.222s / 3.980s) | Generator RTF: 0.0548(0.218s / 3.980s)
generated_audios/generated_H2_256C_int8/672-122797-0032_generated.wav | RTF: 0.0568(0.227s / 4.000s) | Generator RTF: 0.0560(0.224s / 4.000s)
generated_audios/generated_H2_256C_int8/672-122797-0033_generated.wav | RTF: 0.2836(0.364s / 1.285s) | Generator RTF: 0.2812(0.361s / 1.285s)
generated_audios/generated_H2_256C_int8/672-122797-0034_generated.wav | RTF: 0.0559(0.285s / 5.110s) | Generator RTF: 0.0552(0.282s / 5.110s)
generated_audios/generated_H2_256C_int8/672-122797-0035_generated.wav | RTF: 0.0560(0.163s / 2.900s) | Generator RTF: 0.0549(0.159s / 2.900s)
generated_audios/generated_H2_256C_int8/672-122797-0036_generated.wav | RTF: 0.0571(0.307s / 5.365s) | Generator RTF: 0.0565(0.303s / 5.365s)
generated_audios/generated_H2_256C_int8/672-122797-0037_generated.wav | RTF: 0.2732(0.535s / 1.960s) | Generator RTF: 0.2716(0.532s / 1.960s)
generated_audios/generated_H2_256C_int8/672-122797-0038_generated.wav | RTF: 0.2784(2.450s / 8.800s) | Generator RTF: 0.2779(2.446s / 8.800s)
generated_audios/generated_H2_256C_int8/672-122797-0039_generated.wav | RTF: 0.2783(1.120s / 4.025s) | Generator RTF: 0.2774(1.117s / 4.025s)
generated_audios/generated_H2_256C_int8/672-122797-0040_generated.wav | RTF: 0.0564(0.289s / 5.125s) | Generator RTF: 0.0557(0.285s / 5.125s)
generated_audios/generated_H2_256C_int8/672-122797-0041_generated.wav | RTF: 0.0555(0.215s / 3.880s) | Generator RTF: 0.0546(0.212s / 3.880s)
generated_audios/generated_H2_256C_int8/672-122797-0042_generated.wav | RTF: 0.2863(4.383s / 15.310s) | Generator RTF: 0.2859(4.378s / 15.310s)
generated_audios/generated_H2_256C_int8/672-122797-0043_generated.wav | RTF: 0.0562(0.212s / 3.780s) | Generator RTF: 0.0552(0.209s / 3.780s)
generated_audios/generated_H2_256C_int8/672-122797-0044_generated.wav | RTF: 0.0557(0.208s / 3.740s) | Generator RTF: 0.0549(0.205s / 3.740s)
generated_audios/generated_H2_256C_int8/672-122797-0045_generated.wav | RTF: 0.0572(0.798s / 13.960s) | Generator RTF: 0.0568(0.793s / 13.960s)
generated_audios/generated_H2_256C_int8/672-122797-0046_generated.wav | RTF: 0.2777(1.310s / 4.715s) | Generator RTF: 0.2770(1.306s / 4.715s)
generated_audios/generated_H2_256C_int8/672-122797-0047_generated.wav | RTF: 0.2764(0.919s / 3.325s) | Generator RTF: 0.2754(0.916s / 3.325s)
generated_audios/generated_H2_256C_int8/672-122797-0048_generated.wav | RTF: 0.0582(0.382s / 6.555s) | Generator RTF: 0.0577(0.378s / 6.555s)
generated_audios/generated_H2_256C_int8/672-122797-0049_generated.wav | RTF: 0.0589(0.119s / 2.020s) | Generator RTF: 0.0572(0.116s / 2.020s)
generated_audios/generated_H2_256C_int8/672-122797-0050_generated.wav | RTF: 0.2882(1.399s / 4.855s) | Generator RTF: 0.2875(1.396s / 4.855s)
generated_audios/generated_H2_256C_int8/672-122797-0051_generated.wav | RTF: 0.2832(1.321s / 4.665s) | Generator RTF: 0.2825(1.318s / 4.665s)
generated_audios/generated_H2_256C_int8/672-122797-0052_generated.wav | RTF: 0.2758(1.182s / 4.285s) | Generator RTF: 0.2750(1.178s / 4.285s)
generated_audios/generated_H2_256C_int8/672-122797-0053_generated.wav | RTF: 0.0572(0.169s / 2.955s) | Generator RTF: 0.0561(0.166s / 2.955s)
generated_audios/generated_H2_256C_int8/672-122797-0054_generated.wav | RTF: 0.0556(0.236s / 4.250s) | Generator RTF: 0.0548(0.233s / 4.250s)
generated_audios/generated_H2_256C_int8/672-122797-0055_generated.wav | RTF: 0.2817(2.318s / 8.230s) | Generator RTF: 0.2812(2.314s / 8.230s)
generated_audios/generated_H2_256C_int8/672-122797-0056_generated.wav | RTF: 0.0558(0.291s / 5.225s) | Generator RTF: 0.0551(0.288s / 5.225s)
generated_audios/generated_H2_256C_int8/672-122797-0057_generated.wav | RTF: 0.0554(0.363s / 6.560s) | Generator RTF: 0.0548(0.359s / 6.560s)
generated_audios/generated_H2_256C_int8/672-122797-0058_generated.wav | RTF: 0.2885(1.290s / 4.470s) | Generator RTF: 0.2877(1.286s / 4.470s)
generated_audios/generated_H2_256C_int8/672-122797-0059_generated.wav | RTF: 0.2833(0.997s / 3.520s) | Generator RTF: 0.2823(0.994s / 3.520s)
generated_audios/generated_H2_256C_int8/672-122797-0060_generated.wav | RTF: 0.0580(0.194s / 3.350s) | Generator RTF: 0.0570(0.191s / 3.350s)
generated_audios/generated_H2_256C_int8/672-122797-0061_generated.wav | RTF: 0.2788(2.116s / 7.590s) | Generator RTF: 0.2783(2.112s / 7.590s)
generated_audios/generated_H2_256C_int8/672-122797-0062_generated.wav | RTF: 0.2829(0.757s / 2.675s) | Generator RTF: 0.2817(0.754s / 2.675s)
generated_audios/generated_H2_256C_int8/672-122797-0063_generated.wav | RTF: 0.0549(0.279s / 5.075s) | Generator RTF: 0.0542(0.275s / 5.075s)
generated_audios/generated_H2_256C_int8/672-122797-0064_generated.wav | RTF: 0.2867(4.378s / 15.270s) | Generator RTF: 0.2864(4.373s / 15.270s)
generated_audios/generated_H2_256C_int8/672-122797-0065_generated.wav | RTF: 0.0570(0.173s / 3.030s) | Generator RTF: 0.0559(0.169s / 3.030s)
generated_audios/generated_H2_256C_int8/672-122797-0066_generated.wav | RTF: 0.0547(0.263s / 4.815s) | Generator RTF: 0.0540(0.260s / 4.815s)
generated_audios/generated_H2_256C_int8/672-122797-0067_generated.wav | RTF: 0.2831(3.690s / 13.035s) | Generator RTF: 0.2827(3.686s / 13.035s)
generated_audios/generated_H2_256C_int8/672-122797-0068_generated.wav | RTF: 0.0554(0.223s / 4.020s) | Generator RTF: 0.0545(0.219s / 4.020s)
generated_audios/generated_H2_256C_int8/672-122797-0069_generated.wav | RTF: 0.2830(1.418s / 5.010s) | Generator RTF: 0.2822(1.414s / 5.010s)
generated_audios/generated_H2_256C_int8/672-122797-0070_generated.wav | RTF: 0.2823(1.770s / 6.270s) | Generator RTF: 0.2817(1.767s / 6.270s)
generated_audios/generated_H2_256C_int8/672-122797-0071_generated.wav | RTF: 0.2859(2.537s / 8.875s) | Generator RTF: 0.2854(2.533s / 8.875s)
generated_audios/generated_H2_256C_int8/672-122797-0072_generated.wav | RTF: 0.2818(2.238s / 7.940s) | Generator RTF: 0.2813(2.234s / 7.940s)
generated_audios/generated_H2_256C_int8/672-122797-0073_generated.wav | RTF: 0.2829(2.321s / 8.205s) | Generator RTF: 0.2824(2.317s / 8.205s)
generated_audios/generated_H2_256C_int8/672-122797-0074_generated.wav | RTF: 0.2771(2.419s / 8.730s) | Generator RTF: 0.2766(2.415s / 8.730s)
generated_audios/generated_H2_256C_int8/908-157963-0000_generated.wav | RTF: 0.2822(3.562s / 12.620s) | Generator RTF: 0.2819(3.558s / 12.620s)
generated_audios/generated_H2_256C_int8/908-157963-0001_generated.wav | RTF: 0.2804(0.809s / 2.885s) | Generator RTF: 0.2793(0.806s / 2.885s)
generated_audios/generated_H2_256C_int8/908-157963-0002_generated.wav | RTF: 0.2708(0.746s / 2.755s) | Generator RTF: 0.2697(0.743s / 2.755s)
generated_audios/generated_H2_256C_int8/908-157963-0003_generated.wav | RTF: 0.2804(0.864s / 3.080s) | Generator RTF: 0.2793(0.860s / 3.080s)
generated_audios/generated_H2_256C_int8/908-157963-0004_generated.wav | RTF: 0.2844(3.979s / 13.990s) | Generator RTF: 0.2841(3.975s / 13.990s)
generated_audios/generated_H2_256C_int8/908-157963-0005_generated.wav | RTF: 0.2801(1.971s / 7.035s) | Generator RTF: 0.2796(1.967s / 7.035s)
generated_audios/generated_H2_256C_int8/908-157963-0006_generated.wav | RTF: 0.2825(2.291s / 8.110s) | Generator RTF: 0.2820(2.287s / 8.110s)
generated_audios/generated_H2_256C_int8/908-157963-0007_generated.wav | RTF: 0.2873(9.413s / 32.770s) | Generator RTF: 0.2870(9.406s / 32.770s)
generated_audios/generated_H2_256C_int8/908-157963-0008_generated.wav | RTF: 0.2860(5.705s / 19.950s) | Generator RTF: 0.2857(5.700s / 19.950s)
generated_audios/generated_H2_256C_int8/908-157963-0009_generated.wav | RTF: 0.2789(1.132s / 4.060s) | Generator RTF: 0.2780(1.129s / 4.060s)
generated_audios/generated_H2_256C_int8/908-157963-0010_generated.wav | RTF: 0.0504(0.317s / 6.280s) | Generator RTF: 0.0498(0.313s / 6.280s)
generated_audios/generated_H2_256C_int8/908-157963-0011_generated.wav | RTF: 0.0576(0.599s / 10.395s) | Generator RTF: 0.0572(0.595s / 10.395s)
generated_audios/generated_H2_256C_int8/908-157963-0012_generated.wav | RTF: 0.2815(2.840s / 10.090s) | Generator RTF: 0.2810(2.836s / 10.090s)
generated_audios/generated_H2_256C_int8/908-157963-0013_generated.wav | RTF: 0.0551(0.238s / 4.315s) | Generator RTF: 0.0543(0.234s / 4.315s)
generated_audios/generated_H2_256C_int8/908-157963-0014_generated.wav | RTF: 0.0543(0.246s / 4.520s) | Generator RTF: 0.0536(0.242s / 4.520s)
generated_audios/generated_H2_256C_int8/908-157963-0015_generated.wav | RTF: 0.2837(4.103s / 14.465s) | Generator RTF: 0.2834(4.099s / 14.465s)
generated_audios/generated_H2_256C_int8/908-157963-0016_generated.wav | RTF: 0.0549(0.280s / 5.105s) | Generator RTF: 0.0542(0.277s / 5.105s)
generated_audios/generated_H2_256C_int8/908-157963-0017_generated.wav | RTF: 0.2716(1.345s / 4.950s) | Generator RTF: 0.2710(1.341s / 4.950s)
generated_audios/generated_H2_256C_int8/908-157963-0018_generated.wav | RTF: 0.0565(0.241s / 4.255s) | Generator RTF: 0.0557(0.237s / 4.255s)
generated_audios/generated_H2_256C_int8/908-157963-0019_generated.wav | RTF: 0.2864(6.140s / 21.440s) | Generator RTF: 0.2861(6.134s / 21.440s)
generated_audios/generated_H2_256C_int8/908-157963-0020_generated.wav | RTF: 0.2833(2.776s / 9.800s) | Generator RTF: 0.2828(2.771s / 9.800s)
generated_audios/generated_H2_256C_int8/908-157963-0021_generated.wav | RTF: 0.0583(0.597s / 10.240s) | Generator RTF: 0.0578(0.592s / 10.240s)
generated_audios/generated_H2_256C_int8/908-157963-0022_generated.wav | RTF: 0.2854(1.316s / 4.610s) | Generator RTF: 0.2848(1.313s / 4.610s)
generated_audios/generated_H2_256C_int8/908-157963-0023_generated.wav | RTF: 0.2825(2.720s / 9.625s) | Generator RTF: 0.2820(2.715s / 9.625s)
generated_audios/generated_H2_256C_int8/908-157963-0024_generated.wav | RTF: 0.2799(0.963s / 3.440s) | Generator RTF: 0.2789(0.959s / 3.440s)
generated_audios/generated_H2_256C_int8/908-157963-0025_generated.wav | RTF: 0.2797(2.591s / 9.265s) | Generator RTF: 0.2792(2.587s / 9.265s)
generated_audios/generated_H2_256C_int8/908-157963-0026_generated.wav | RTF: 0.2830(2.292s / 8.100s) | Generator RTF: 0.2825(2.288s / 8.100s)
generated_audios/generated_H2_256C_int8/908-157963-0027_generated.wav | RTF: 0.0566(0.296s / 5.225s) | Generator RTF: 0.0559(0.292s / 5.225s)
generated_audios/generated_H2_256C_int8/908-157963-0028_generated.wav | RTF: 0.0510(0.252s / 4.955s) | Generator RTF: 0.0502(0.249s / 4.955s)
generated_audios/generated_H2_256C_int8/908-157963-0029_generated.wav | RTF: 0.2744(0.996s / 3.630s) | Generator RTF: 0.2735(0.993s / 3.630s)
generated_audios/generated_H2_256C_int8/908-157963-0030_generated.wav | RTF: 0.0504(0.228s / 4.520s) | Generator RTF: 0.0496(0.224s / 4.520s)
generated_audios/generated_H2_256C_int8/908-31957-0000_generated.wav | RTF: 0.2709(0.576s / 2.125s) | Generator RTF: 0.2694(0.572s / 2.125s)
generated_audios/generated_H2_256C_int8/908-31957-0001_generated.wav | RTF: 0.2839(3.213s / 11.315s) | Generator RTF: 0.2836(3.209s / 11.315s)
generated_audios/generated_H2_256C_int8/908-31957-0002_generated.wav | RTF: 0.0554(0.266s / 4.790s) | Generator RTF: 0.0547(0.262s / 4.790s)
generated_audios/generated_H2_256C_int8/908-31957-0003_generated.wav | RTF: 0.0551(0.362s / 6.565s) | Generator RTF: 0.0546(0.358s / 6.565s)
generated_audios/generated_H2_256C_int8/908-31957-0004_generated.wav | RTF: 0.2851(4.207s / 14.755s) | Generator RTF: 0.2848(4.203s / 14.755s)
generated_audios/generated_H2_256C_int8/908-31957-0005_generated.wav | RTF: 0.0544(0.244s / 4.490s) | Generator RTF: 0.0536(0.241s / 4.490s)
generated_audios/generated_H2_256C_int8/908-31957-0006_generated.wav | RTF: 0.2745(1.617s / 5.890s) | Generator RTF: 0.2738(1.613s / 5.890s)
generated_audios/generated_H2_256C_int8/908-31957-0007_generated.wav | RTF: 0.0555(0.322s / 5.800s) | Generator RTF: 0.0549(0.318s / 5.800s)
generated_audios/generated_H2_256C_int8/908-31957-0008_generated.wav | RTF: 0.2827(2.829s / 10.005s) | Generator RTF: 0.2823(2.825s / 10.005s)
generated_audios/generated_H2_256C_int8/908-31957-0009_generated.wav | RTF: 0.2817(2.171s / 7.705s) | Generator RTF: 0.2813(2.167s / 7.705s)
generated_audios/generated_H2_256C_int8/908-31957-0010_generated.wav | RTF: 0.2770(0.695s / 2.510s) | Generator RTF: 0.2757(0.692s / 2.510s)
generated_audios/generated_H2_256C_int8/908-31957-0011_generated.wav | RTF: 0.0597(0.139s / 2.335s) | Generator RTF: 0.0583(0.136s / 2.335s)
generated_audios/generated_H2_256C_int8/908-31957-0012_generated.wav | RTF: 0.2803(2.134s / 7.615s) | Generator RTF: 0.2798(2.131s / 7.615s)
generated_audios/generated_H2_256C_int8/908-31957-0013_generated.wav | RTF: 0.2842(1.757s / 6.180s) | Generator RTF: 0.2837(1.753s / 6.180s)
generated_audios/generated_H2_256C_int8/908-31957-0014_generated.wav | RTF: 0.2799(2.116s / 7.560s) | Generator RTF: 0.2794(2.112s / 7.560s)
generated_audios/generated_H2_256C_int8/908-31957-0015_generated.wav | RTF: 0.2893(6.210s / 21.465s) | Generator RTF: 0.2891(6.205s / 21.465s)
generated_audios/generated_H2_256C_int8/908-31957-0016_generated.wav | RTF: 0.2789(1.807s / 6.480s) | Generator RTF: 0.2783(1.803s / 6.480s)
generated_audios/generated_H2_256C_int8/908-31957-0017_generated.wav | RTF: 0.2817(2.196s / 7.795s) | Generator RTF: 0.2812(2.192s / 7.795s)
generated_audios/generated_H2_256C_int8/908-31957-0018_generated.wav | RTF: 0.2792(1.093s / 3.915s) | Generator RTF: 0.2784(1.090s / 3.915s)
generated_audios/generated_H2_256C_int8/908-31957-0019_generated.wav | RTF: 0.2830(2.700s / 9.540s) | Generator RTF: 0.2826(2.696s / 9.540s)
generated_audios/generated_H2_256C_int8/908-31957-0020_generated.wav | RTF: 0.0516(0.304s / 5.895s) | Generator RTF: 0.0509(0.300s / 5.895s)
generated_audios/generated_H2_256C_int8/908-31957-0021_generated.wav | RTF: 0.2807(3.061s / 10.905s) | Generator RTF: 0.2804(3.057s / 10.905s)
generated_audios/generated_H2_256C_int8/908-31957-0022_generated.wav | RTF: 0.2840(4.004s / 14.100s) | Generator RTF: 0.2836(3.999s / 14.100s)
generated_audios/generated_H2_256C_int8/908-31957-0023_generated.wav | RTF: 0.2798(2.383s / 8.515s) | Generator RTF: 0.2793(2.378s / 8.515s)
generated_audios/generated_H2_256C_int8/908-31957-0024_generated.wav | RTF: 0.2785(2.100s / 7.540s) | Generator RTF: 0.2780(2.096s / 7.540s)
generated_audios/generated_H2_256C_int8/908-31957-0025_generated.wav | RTF: 0.3022(6.213s / 20.560s) | Generator RTF: 0.3020(6.208s / 20.560s)
Average RTF: 0.2096(662.406s / 3159.849s)
Average Generator RTF: 0.2091(660.590s / 3159.849s)
Evaluation summary:
  Mel-spectrogram L1: 1.326848
  PESQ: 1.401140
  STOI: 0.824060
Appended per-audio metrics to CSV: per_audio_results/H2_quantized_resblocks_range_2_9

Appended metrics to CSV: experiments_results.csv
Appended to experiments_results.csv:
H2_128C_quantized_resblocks_range_1_10,926225,1.979,0.2043,0.2037,1.233943953037262,0.812092147585407,1.4621745157241821
========== Done ==========
=== JOB_STATISTICS ===
=== current date     : Sun Jul  5 01:58:10 PM CEST 2026
= Job-ID             : 1428673 on tinyfat
= Job-Name           : inference_256ch_h1-4
= Job-Command        : /home/hpc/vlbi/vlbi107v/hifi-gan/inference_Test.sh
= Initial workdir    : /home/hpc/vlbi/vlbi107v/hifi-gan
= Queue/Partition    : work
= Slurm account      : vlbi with QOS=normal
= Requested resources:  for 1-00:00:00
= Elapsed runtime    : 00:14:42
= Total RAM usage    : 13.0 GiB of requested  GiB (%)   
= Node list          : tf060
= Subm/Elig/Start/End: 2026-07-05T13:43:28 / 2026-07-05T13:43:28 / 2026-07-05T13:43:28 / 2026-07-05T13:58:10
======================
=== Quota infos ======
    Path                 Used     SoftQ    HardQ    Gracetime  Filec    FileQ    FiHaQ    FileGrace    
    /home/woody           281.2G  1000.0G  1500.0G        N/A     118K   5,000K   7,500K        N/A    
    /home/hpc              92.1G   104.9G   209.7G        N/A      85K     500K   1,000K        N/A    
======================
