### Starting TaskPrologue of job 1424724 on tf077 at Sun Jun 28 04:35:42 PM CEST 2026
Running on cores 24-31,88-95 with governor ondemand
No GPU known
### Finished TaskPrologue

==========(sbatch.tinyfat) Inference: 512 Channels (g_07960000) ==========
========== H2: quantized (INT8 dynamic quantization) ==========
Initializing Inference Process..
Using device: cpu (baseline and quantized inference both run on CPU)
Quantization enabled: forcing CPU inference for INT8 model.
Loading '/home/hpc/vlbi/vlbi107v/hifi-gan/cp_hifigan/v1_c512/g_07960000'
Complete.
Checkpoint contains weight_norm parameters. Keeping weight_norm wrappers for loading...
Removing weight norm...
Calibrating static quantization using 20 samples...
INT8 quantization scope: all
Checking quantized modules after static quantization:
Quantized module: conv_pre (torch.ao.nn.quantized.modules.conv.Conv1d)
Quantized module: ups.0 (torch.ao.nn.quantized.modules.conv.ConvTranspose1d)
Quantized module: ups.1 (torch.ao.nn.quantized.modules.conv.ConvTranspose1d)
Quantized module: ups.2 (torch.ao.nn.quantized.modules.conv.ConvTranspose1d)
Quantized module: ups.3 (torch.ao.nn.quantized.modules.conv.ConvTranspose1d)
Quantized module: resblocks.0.convs1.0 (torch.ao.nn.quantized.modules.conv.Conv1d)
Quantized module: resblocks.0.convs1.1 (torch.ao.nn.quantized.modules.conv.Conv1d)
Quantized module: resblocks.0.convs1.2 (torch.ao.nn.quantized.modules.conv.Conv1d)
Quantized module: resblocks.0.convs2.0 (torch.ao.nn.quantized.modules.conv.Conv1d)
Quantized module: resblocks.0.convs2.1 (torch.ao.nn.quantized.modules.conv.Conv1d)
Quantized module: resblocks.0.convs2.2 (torch.ao.nn.quantized.modules.conv.Conv1d)
Quantized module: resblocks.1.convs1.0 (torch.ao.nn.quantized.modules.conv.Conv1d)
Quantized module: resblocks.1.convs1.1 (torch.ao.nn.quantized.modules.conv.Conv1d)
Quantized module: resblocks.1.convs1.2 (torch.ao.nn.quantized.modules.conv.Conv1d)
Quantized module: resblocks.1.convs2.0 (torch.ao.nn.quantized.modules.conv.Conv1d)
Quantized module: resblocks.1.convs2.1 (torch.ao.nn.quantized.modules.conv.Conv1d)
Quantized module: resblocks.1.convs2.2 (torch.ao.nn.quantized.modules.conv.Conv1d)
Quantized module: resblocks.2.convs1.0 (torch.ao.nn.quantized.modules.conv.Conv1d)
Quantized module: resblocks.2.convs1.1 (torch.ao.nn.quantized.modules.conv.Conv1d)
Quantized module: resblocks.2.convs1.2 (torch.ao.nn.quantized.modules.conv.Conv1d)
Quantized module: resblocks.2.convs2.0 (torch.ao.nn.quantized.modules.conv.Conv1d)
Quantized module: resblocks.2.convs2.1 (torch.ao.nn.quantized.modules.conv.Conv1d)
Quantized module: resblocks.2.convs2.2 (torch.ao.nn.quantized.modules.conv.Conv1d)
Quantized module: resblocks.3.convs1.0 (torch.ao.nn.quantized.modules.conv.Conv1d)
Quantized module: resblocks.3.convs1.1 (torch.ao.nn.quantized.modules.conv.Conv1d)
Quantized module: resblocks.3.convs1.2 (torch.ao.nn.quantized.modules.conv.Conv1d)
Quantized module: resblocks.3.convs2.0 (torch.ao.nn.quantized.modules.conv.Conv1d)
Quantized module: resblocks.3.convs2.1 (torch.ao.nn.quantized.modules.conv.Conv1d)
Quantized module: resblocks.3.convs2.2 (torch.ao.nn.quantized.modules.conv.Conv1d)
Quantized module: resblocks.4.convs1.0 (torch.ao.nn.quantized.modules.conv.Conv1d)
Quantized module: resblocks.4.convs1.1 (torch.ao.nn.quantized.modules.conv.Conv1d)
Quantized module: resblocks.4.convs1.2 (torch.ao.nn.quantized.modules.conv.Conv1d)
Quantized module: resblocks.4.convs2.0 (torch.ao.nn.quantized.modules.conv.Conv1d)
Quantized module: resblocks.4.convs2.1 (torch.ao.nn.quantized.modules.conv.Conv1d)
Quantized module: resblocks.4.convs2.2 (torch.ao.nn.quantized.modules.conv.Conv1d)
Quantized module: resblocks.5.convs1.0 (torch.ao.nn.quantized.modules.conv.Conv1d)
Quantized module: resblocks.5.convs1.1 (torch.ao.nn.quantized.modules.conv.Conv1d)
Quantized module: resblocks.5.convs1.2 (torch.ao.nn.quantized.modules.conv.Conv1d)
Quantized module: resblocks.5.convs2.0 (torch.ao.nn.quantized.modules.conv.Conv1d)
Quantized module: resblocks.5.convs2.1 (torch.ao.nn.quantized.modules.conv.Conv1d)
Quantized module: resblocks.5.convs2.2 (torch.ao.nn.quantized.modules.conv.Conv1d)
Quantized module: resblocks.6.convs1.0 (torch.ao.nn.quantized.modules.conv.Conv1d)
Quantized module: resblocks.6.convs1.1 (torch.ao.nn.quantized.modules.conv.Conv1d)
Quantized module: resblocks.6.convs1.2 (torch.ao.nn.quantized.modules.conv.Conv1d)
Quantized module: resblocks.6.convs2.0 (torch.ao.nn.quantized.modules.conv.Conv1d)
Quantized module: resblocks.6.convs2.1 (torch.ao.nn.quantized.modules.conv.Conv1d)
Quantized module: resblocks.6.convs2.2 (torch.ao.nn.quantized.modules.conv.Conv1d)
Quantized module: resblocks.7.convs1.0 (torch.ao.nn.quantized.modules.conv.Conv1d)
Quantized module: resblocks.7.convs1.1 (torch.ao.nn.quantized.modules.conv.Conv1d)
Quantized module: resblocks.7.convs1.2 (torch.ao.nn.quantized.modules.conv.Conv1d)
Quantized module: resblocks.7.convs2.0 (torch.ao.nn.quantized.modules.conv.Conv1d)
Quantized module: resblocks.7.convs2.1 (torch.ao.nn.quantized.modules.conv.Conv1d)
Quantized module: resblocks.7.convs2.2 (torch.ao.nn.quantized.modules.conv.Conv1d)
Quantized module: resblocks.8.convs1.0 (torch.ao.nn.quantized.modules.conv.Conv1d)
Quantized module: resblocks.8.convs1.1 (torch.ao.nn.quantized.modules.conv.Conv1d)
Quantized module: resblocks.8.convs1.2 (torch.ao.nn.quantized.modules.conv.Conv1d)
Quantized module: resblocks.8.convs2.0 (torch.ao.nn.quantized.modules.conv.Conv1d)
Quantized module: resblocks.8.convs2.1 (torch.ao.nn.quantized.modules.conv.Conv1d)
Quantized module: resblocks.8.convs2.2 (torch.ao.nn.quantized.modules.conv.Conv1d)
Quantized module: resblocks.9.convs1.0 (torch.ao.nn.quantized.modules.conv.Conv1d)
Quantized module: resblocks.9.convs1.1 (torch.ao.nn.quantized.modules.conv.Conv1d)
Quantized module: resblocks.9.convs1.2 (torch.ao.nn.quantized.modules.conv.Conv1d)
Quantized module: resblocks.9.convs2.0 (torch.ao.nn.quantized.modules.conv.Conv1d)
Quantized module: resblocks.9.convs2.1 (torch.ao.nn.quantized.modules.conv.Conv1d)
Quantized module: resblocks.9.convs2.2 (torch.ao.nn.quantized.modules.conv.Conv1d)
Quantized module: resblocks.10.convs1.0 (torch.ao.nn.quantized.modules.conv.Conv1d)
Quantized module: resblocks.10.convs1.1 (torch.ao.nn.quantized.modules.conv.Conv1d)
Quantized module: resblocks.10.convs1.2 (torch.ao.nn.quantized.modules.conv.Conv1d)
Quantized module: resblocks.10.convs2.0 (torch.ao.nn.quantized.modules.conv.Conv1d)
Quantized module: resblocks.10.convs2.1 (torch.ao.nn.quantized.modules.conv.Conv1d)
Quantized module: resblocks.10.convs2.2 (torch.ao.nn.quantized.modules.conv.Conv1d)
Quantized module: resblocks.11.convs1.0 (torch.ao.nn.quantized.modules.conv.Conv1d)
Quantized module: resblocks.11.convs1.1 (torch.ao.nn.quantized.modules.conv.Conv1d)
Quantized module: resblocks.11.convs1.2 (torch.ao.nn.quantized.modules.conv.Conv1d)
Quantized module: resblocks.11.convs2.0 (torch.ao.nn.quantized.modules.conv.Conv1d)
Quantized module: resblocks.11.convs2.1 (torch.ao.nn.quantized.modules.conv.Conv1d)
Quantized module: resblocks.11.convs2.2 (torch.ao.nn.quantized.modules.conv.Conv1d)
Quantized module: conv_post (torch.ao.nn.quantized.modules.conv.Conv1d)
Saving checkpoint to /home/hpc/vlbi/vlbi107v/hifi-gan/cp_hifigan/v1_c512/compressed_checkpoint_int8
Complete.
Saved compressed checkpoint: /home/hpc/vlbi/vlbi107v/hifi-gan/cp_hifigan/v1_c512/compressed_checkpoint_int8 (13.661 MB)
Compressed checkpoint parameters: 13,926,425
Loaded checkpoint: /home/hpc/vlbi/vlbi107v/hifi-gan/cp_hifigan/v1_c512/g_07960000 (53.239 MB)
Generator parameters: 13,926,425
generated_audios/generated_H2_512C_int8/61-70968-0000_generated.wav | RTF: 0.1413(0.693s / 4.905s) | Generator RTF: 0.1407(0.690s / 4.905s)
generated_audios/generated_H2_512C_int8/61-70968-0001_generated.wav | RTF: 0.1419(0.512s / 3.610s) | Generator RTF: 0.1410(0.509s / 3.610s)
generated_audios/generated_H2_512C_int8/61-70968-0002_generated.wav | RTF: 0.1419(0.421s / 2.970s) | Generator RTF: 0.1409(0.418s / 2.970s)
generated_audios/generated_H2_512C_int8/61-70968-0003_generated.wav | RTF: 0.1414(0.610s / 4.315s) | Generator RTF: 0.1405(0.606s / 4.315s)
generated_audios/generated_H2_512C_int8/61-70968-0004_generated.wav | RTF: 0.1408(0.547s / 3.885s) | Generator RTF: 0.1399(0.544s / 3.885s)
generated_audios/generated_H2_512C_int8/61-70968-0005_generated.wav | RTF: 0.1405(0.712s / 5.070s) | Generator RTF: 0.1399(0.709s / 5.070s)
generated_audios/generated_H2_512C_int8/61-70968-0006_generated.wav | RTF: 0.1428(0.419s / 2.935s) | Generator RTF: 0.1416(0.416s / 2.935s)
generated_audios/generated_H2_512C_int8/61-70968-0007_generated.wav | RTF: 0.1415(0.502s / 3.550s) | Generator RTF: 0.1405(0.499s / 3.550s)
generated_audios/generated_H2_512C_int8/61-70968-0008_generated.wav | RTF: 0.1484(0.525s / 3.535s) | Generator RTF: 0.1474(0.521s / 3.535s)
generated_audios/generated_H2_512C_int8/61-70968-0009_generated.wav | RTF: 0.1425(0.643s / 4.510s) | Generator RTF: 0.1417(0.639s / 4.510s)
generated_audios/generated_H2_512C_int8/61-70968-0010_generated.wav | RTF: 0.1391(1.154s / 8.295s) | Generator RTF: 0.1386(1.150s / 8.295s)
generated_audios/generated_H2_512C_int8/61-70968-0011_generated.wav | RTF: 0.1381(0.880s / 6.375s) | Generator RTF: 0.1374(0.876s / 6.375s)
generated_audios/generated_H2_512C_int8/61-70968-0012_generated.wav | RTF: 0.1520(0.397s / 2.610s) | Generator RTF: 0.1508(0.394s / 2.610s)
generated_audios/generated_H2_512C_int8/61-70968-0013_generated.wav | RTF: 0.1404(0.625s / 4.450s) | Generator RTF: 0.1397(0.622s / 4.450s)
generated_audios/generated_H2_512C_int8/61-70968-0014_generated.wav | RTF: 0.1370(1.025s / 7.485s) | Generator RTF: 0.1365(1.022s / 7.485s)
generated_audios/generated_H2_512C_int8/61-70968-0015_generated.wav | RTF: 0.1376(0.740s / 5.375s) | Generator RTF: 0.1370(0.736s / 5.375s)
generated_audios/generated_H2_512C_int8/61-70968-0016_generated.wav | RTF: 0.1634(0.608s / 3.720s) | Generator RTF: 0.1625(0.604s / 3.720s)
generated_audios/generated_H2_512C_int8/61-70968-0017_generated.wav | RTF: 0.1422(0.726s / 5.110s) | Generator RTF: 0.1415(0.723s / 5.110s)
generated_audios/generated_H2_512C_int8/61-70968-0018_generated.wav | RTF: 0.1581(0.380s / 2.405s) | Generator RTF: 0.1567(0.377s / 2.405s)
generated_audios/generated_H2_512C_int8/61-70968-0019_generated.wav | RTF: 0.1385(0.758s / 5.475s) | Generator RTF: 0.1380(0.756s / 5.475s)
Average RTF: 0.1422(12.879s / 90.585s)
Average Generator RTF: 0.1414(12.811s / 90.585s)
Evaluation summary:
  Mel-spectrogram L1: 1.032461
  PESQ: 1.102588
  STOI: 0.791270

Appended metrics to CSV: experiments_results.csv
Appended to experiments_results.csv:
H2_512C_quantized_all,13926425,13.661,0.1422,0.1414,1.1025881111621856,0.7912697935407008,1.032461267709732
========== Done ==========
=== JOB_STATISTICS ===
=== current date     : Sun Jun 28 04:36:59 PM CEST 2026
= Job-ID             : 1424724 on tinyfat
= Job-Name           : inference_512ch_h1-4
= Job-Command        : /home/hpc/vlbi/vlbi107v/hifi-gan/inference_Test.sh
= Initial workdir    : /home/hpc/vlbi/vlbi107v/hifi-gan
= Queue/Partition    : work
= Slurm account      : vlbi with QOS=normal
= Requested resources:  for 02:00:00
= Elapsed runtime    : 00:01:18
= Total RAM usage    : 0.9 GiB of requested  GiB (%)   
= Node list          : tf077
= Subm/Elig/Start/End: 2026-06-28T16:35:41 / 2026-06-28T16:35:41 / 2026-06-28T16:35:41 / 2026-06-28T16:36:59
======================
=== Quota infos ======
    Path                 Used     SoftQ    HardQ    Gracetime  Filec    FileQ    FiHaQ    FileGrace    
    /home/hpc              74.9G   104.9G   209.7G        N/A      80K     500K   1,000K        N/A    
    /home/woody           490.5G  1000.0G  1500.0G        N/A     118K   5,000K   7,500K        N/A    
======================
