### Starting TaskPrologue of job 1428674 on tf060 at Sun Jul  5 01:43:39 PM CEST 2026
Running on cores 16-23,80-87 with governor ondemand
No GPU known
### Finished TaskPrologue

==========(sbatch.tinyfat) Inference: 256 Channels (g_07960000) ==========
========== H2: quantized (INT8 dynamic quantization) ==========
Initializing Inference Process..
Using device: cpu (baseline and quantized inference both run on CPU)
Quantization enabled: forcing CPU inference for INT8 model.
Loading '/home/hpc/vlbi/vlbi107v/hifi-gan/cp_hifigan/v1_c256/g_07960000'
Complete.
Checkpoint contains weight_norm parameters. Keeping weight_norm wrappers for loading...
Removing weight norm...
Calibrating static quantization using 50 samples...
INT8 quantization scope: resblocks_range
Quantizing residual blocks 1..10; all other layers stay FP32.
Checking quantized modules after static quantization:
Quantized module: resblocks.1.convs1.0 (torch.ao.nn.quantized.modules.conv.Conv1d)
Quantized module: resblocks.1.convs1.1 (torch.ao.nn.quantized.modules.conv.Conv1d)
Quantized module: resblocks.1.convs1.2 (torch.ao.nn.quantized.modules.conv.Conv1d)
Quantized module: resblocks.1.convs2.0 (torch.ao.nn.quantized.modules.conv.Conv1d)
Quantized module: resblocks.1.convs2.1 (torch.ao.nn.quantized.modules.conv.Conv1d)
Quantized module: resblocks.1.convs2.2 (torch.ao.nn.quantized.modules.conv.Conv1d)
Quantized module: resblocks.2.convs1.0 (torch.ao.nn.quantized.modules.conv.Conv1d)
Quantized module: resblocks.2.convs1.1 (torch.ao.nn.quantized.modules.conv.Conv1d)
Quantized module: resblocks.2.convs1.2 (torch.ao.nn.quantized.modules.conv.Conv1d)
Quantized module: resblocks.2.convs2.0 (torch.ao.nn.quantized.modules.conv.Conv1d)
Quantized module: resblocks.2.convs2.1 (torch.ao.nn.quantized.modules.conv.Conv1d)
Quantized module: resblocks.2.convs2.2 (torch.ao.nn.quantized.modules.conv.Conv1d)
Quantized module: resblocks.3.convs1.0 (torch.ao.nn.quantized.modules.conv.Conv1d)
Quantized module: resblocks.3.convs1.1 (torch.ao.nn.quantized.modules.conv.Conv1d)
Quantized module: resblocks.3.convs1.2 (torch.ao.nn.quantized.modules.conv.Conv1d)
Quantized module: resblocks.3.convs2.0 (torch.ao.nn.quantized.modules.conv.Conv1d)
Quantized module: resblocks.3.convs2.1 (torch.ao.nn.quantized.modules.conv.Conv1d)
Quantized module: resblocks.3.convs2.2 (torch.ao.nn.quantized.modules.conv.Conv1d)
Quantized module: resblocks.4.convs1.0 (torch.ao.nn.quantized.modules.conv.Conv1d)
Quantized module: resblocks.4.convs1.1 (torch.ao.nn.quantized.modules.conv.Conv1d)
Quantized module: resblocks.4.convs1.2 (torch.ao.nn.quantized.modules.conv.Conv1d)
Quantized module: resblocks.4.convs2.0 (torch.ao.nn.quantized.modules.conv.Conv1d)
Quantized module: resblocks.4.convs2.1 (torch.ao.nn.quantized.modules.conv.Conv1d)
Quantized module: resblocks.4.convs2.2 (torch.ao.nn.quantized.modules.conv.Conv1d)
Quantized module: resblocks.5.convs1.0 (torch.ao.nn.quantized.modules.conv.Conv1d)
Quantized module: resblocks.5.convs1.1 (torch.ao.nn.quantized.modules.conv.Conv1d)
Quantized module: resblocks.5.convs1.2 (torch.ao.nn.quantized.modules.conv.Conv1d)
Quantized module: resblocks.5.convs2.0 (torch.ao.nn.quantized.modules.conv.Conv1d)
Quantized module: resblocks.5.convs2.1 (torch.ao.nn.quantized.modules.conv.Conv1d)
Quantized module: resblocks.5.convs2.2 (torch.ao.nn.quantized.modules.conv.Conv1d)
Quantized module: resblocks.6.convs1.0 (torch.ao.nn.quantized.modules.conv.Conv1d)
Quantized module: resblocks.6.convs1.1 (torch.ao.nn.quantized.modules.conv.Conv1d)
Quantized module: resblocks.6.convs1.2 (torch.ao.nn.quantized.modules.conv.Conv1d)
Quantized module: resblocks.6.convs2.0 (torch.ao.nn.quantized.modules.conv.Conv1d)
Quantized module: resblocks.6.convs2.1 (torch.ao.nn.quantized.modules.conv.Conv1d)
Quantized module: resblocks.6.convs2.2 (torch.ao.nn.quantized.modules.conv.Conv1d)
Quantized module: resblocks.7.convs1.0 (torch.ao.nn.quantized.modules.conv.Conv1d)
Quantized module: resblocks.7.convs1.1 (torch.ao.nn.quantized.modules.conv.Conv1d)
Quantized module: resblocks.7.convs1.2 (torch.ao.nn.quantized.modules.conv.Conv1d)
Quantized module: resblocks.7.convs2.0 (torch.ao.nn.quantized.modules.conv.Conv1d)
Quantized module: resblocks.7.convs2.1 (torch.ao.nn.quantized.modules.conv.Conv1d)
Quantized module: resblocks.7.convs2.2 (torch.ao.nn.quantized.modules.conv.Conv1d)
Quantized module: resblocks.8.convs1.0 (torch.ao.nn.quantized.modules.conv.Conv1d)
Quantized module: resblocks.8.convs1.1 (torch.ao.nn.quantized.modules.conv.Conv1d)
Quantized module: resblocks.8.convs1.2 (torch.ao.nn.quantized.modules.conv.Conv1d)
Quantized module: resblocks.8.convs2.0 (torch.ao.nn.quantized.modules.conv.Conv1d)
Quantized module: resblocks.8.convs2.1 (torch.ao.nn.quantized.modules.conv.Conv1d)
Quantized module: resblocks.8.convs2.2 (torch.ao.nn.quantized.modules.conv.Conv1d)
Quantized module: resblocks.9.convs1.0 (torch.ao.nn.quantized.modules.conv.Conv1d)
Quantized module: resblocks.9.convs1.1 (torch.ao.nn.quantized.modules.conv.Conv1d)
Quantized module: resblocks.9.convs1.2 (torch.ao.nn.quantized.modules.conv.Conv1d)
Quantized module: resblocks.9.convs2.0 (torch.ao.nn.quantized.modules.conv.Conv1d)
Quantized module: resblocks.9.convs2.1 (torch.ao.nn.quantized.modules.conv.Conv1d)
Quantized module: resblocks.9.convs2.2 (torch.ao.nn.quantized.modules.conv.Conv1d)
Quantized module: resblocks.10.convs1.0 (torch.ao.nn.quantized.modules.conv.Conv1d)
Quantized module: resblocks.10.convs1.1 (torch.ao.nn.quantized.modules.conv.Conv1d)
Quantized module: resblocks.10.convs1.2 (torch.ao.nn.quantized.modules.conv.Conv1d)
Quantized module: resblocks.10.convs2.0 (torch.ao.nn.quantized.modules.conv.Conv1d)
Quantized module: resblocks.10.convs2.1 (torch.ao.nn.quantized.modules.conv.Conv1d)
Quantized module: resblocks.10.convs2.2 (torch.ao.nn.quantized.modules.conv.Conv1d)
Saving checkpoint to /home/hpc/vlbi/vlbi107v/hifi-gan/cp_hifigan/v1_c256/compressed_checkpoint_int8
Complete.
Saved compressed checkpoint: /home/hpc/vlbi/vlbi107v/hifi-gan/cp_hifigan/v1_c256/compressed_checkpoint_int8 (6.823 MB)
Compressed checkpoint parameters: 3,555,889
Loaded checkpoint: /home/hpc/vlbi/vlbi107v/hifi-gan/cp_hifigan/v1_c256/g_07960000 (13.660 MB)
Generator parameters: 3,555,889
generated_audios/generated_H2_256C_int8/1089-134686-0000_generated.wav | RTF: 0.0544(0.568s / 10.435s) | Generator RTF: 0.0541(0.564s / 10.435s)
generated_audios/generated_H2_256C_int8/1089-134686-0001_generated.wav | RTF: 0.0513(0.168s / 3.275s) | Generator RTF: 0.0503(0.165s / 3.275s)
generated_audios/generated_H2_256C_int8/1089-134686-0002_generated.wav | RTF: 0.0535(0.354s / 6.625s) | Generator RTF: 0.0529(0.350s / 6.625s)
generated_audios/generated_H2_256C_int8/1089-134686-0003_generated.wav | RTF: 0.0535(0.143s / 2.680s) | Generator RTF: 0.0523(0.140s / 2.680s)
generated_audios/generated_H2_256C_int8/1089-134686-0004_generated.wav | RTF: 0.0530(0.277s / 5.215s) | Generator RTF: 0.0523(0.273s / 5.215s)
generated_audios/generated_H2_256C_int8/1089-134686-0005_generated.wav | RTF: 0.0543(0.523s / 9.635s) | Generator RTF: 0.0539(0.519s / 9.635s)
generated_audios/generated_H2_256C_int8/1089-134686-0006_generated.wav | RTF: 0.0555(0.586s / 10.555s) | Generator RTF: 0.0551(0.582s / 10.555s)
generated_audios/generated_H2_256C_int8/1089-134686-0007_generated.wav | RTF: 0.0534(0.228s / 4.275s) | Generator RTF: 0.0526(0.225s / 4.275s)
generated_audios/generated_H2_256C_int8/1089-134686-0008_generated.wav | RTF: 0.0502(0.338s / 6.730s) | Generator RTF: 0.0497(0.334s / 6.730s)
generated_audios/generated_H2_256C_int8/1089-134686-0009_generated.wav | RTF: 0.0540(0.571s / 10.575s) | Generator RTF: 0.0536(0.567s / 10.575s)
generated_audios/generated_H2_256C_int8/1089-134686-0010_generated.wav | RTF: 0.0514(0.227s / 4.405s) | Generator RTF: 0.0506(0.223s / 4.405s)
generated_audios/generated_H2_256C_int8/1089-134686-0011_generated.wav | RTF: 0.0558(0.694s / 12.445s) | Generator RTF: 0.0554(0.690s / 12.445s)
generated_audios/generated_H2_256C_int8/1089-134686-0012_generated.wav | RTF: 0.0550(0.640s / 11.640s) | Generator RTF: 0.0546(0.636s / 11.640s)
generated_audios/generated_H2_256C_int8/1089-134686-0013_generated.wav | RTF: 0.0548(0.434s / 7.915s) | Generator RTF: 0.0544(0.431s / 7.915s)
generated_audios/generated_H2_256C_int8/1089-134686-0014_generated.wav | RTF: 0.0544(0.121s / 2.225s) | Generator RTF: 0.0530(0.118s / 2.225s)
generated_audios/generated_H2_256C_int8/1089-134686-0015_generated.wav | RTF: 0.0522(0.303s / 5.815s) | Generator RTF: 0.0515(0.300s / 5.815s)
generated_audios/generated_H2_256C_int8/1089-134686-0016_generated.wav | RTF: 0.0524(0.185s / 3.540s) | Generator RTF: 0.0514(0.182s / 3.540s)
generated_audios/generated_H2_256C_int8/1089-134686-0017_generated.wav | RTF: 0.0522(0.463s / 8.870s) | Generator RTF: 0.0518(0.460s / 8.870s)
generated_audios/generated_H2_256C_int8/1089-134686-0018_generated.wav | RTF: 0.0597(0.938s / 15.720s) | Generator RTF: 0.0594(0.933s / 15.720s)
generated_audios/generated_H2_256C_int8/1089-134686-0019_generated.wav | RTF: 0.0600(0.834s / 13.895s) | Generator RTF: 0.0597(0.829s / 13.895s)
generated_audios/generated_H2_256C_int8/1089-134686-0020_generated.wav | RTF: 0.0605(1.016s / 16.790s) | Generator RTF: 0.0602(1.011s / 16.790s)
generated_audios/generated_H2_256C_int8/1089-134686-0021_generated.wav | RTF: 0.0548(0.359s / 6.550s) | Generator RTF: 0.0543(0.355s / 6.550s)
generated_audios/generated_H2_256C_int8/1089-134686-0022_generated.wav | RTF: 0.0570(0.637s / 11.175s) | Generator RTF: 0.0567(0.633s / 11.175s)
generated_audios/generated_H2_256C_int8/1089-134686-0023_generated.wav | RTF: 0.0594(0.788s / 13.275s) | Generator RTF: 0.0590(0.783s / 13.275s)
generated_audios/generated_H2_256C_int8/1089-134686-0024_generated.wav | RTF: 0.0570(0.665s / 11.655s) | Generator RTF: 0.0566(0.660s / 11.655s)
generated_audios/generated_H2_256C_int8/1089-134686-0025_generated.wav | RTF: 0.0513(0.339s / 6.610s) | Generator RTF: 0.0507(0.335s / 6.610s)
generated_audios/generated_H2_256C_int8/1089-134686-0026_generated.wav | RTF: 0.0490(0.196s / 4.010s) | Generator RTF: 0.0482(0.193s / 4.010s)
generated_audios/generated_H2_256C_int8/1089-134686-0027_generated.wav | RTF: 0.0499(0.135s / 2.710s) | Generator RTF: 0.0488(0.132s / 2.710s)
generated_audios/generated_H2_256C_int8/1089-134686-0028_generated.wav | RTF: 0.0530(0.415s / 7.830s) | Generator RTF: 0.0525(0.411s / 7.830s)
generated_audios/generated_H2_256C_int8/1089-134686-0029_generated.wav | RTF: 0.0511(0.239s / 4.670s) | Generator RTF: 0.0503(0.235s / 4.670s)
generated_audios/generated_H2_256C_int8/1089-134686-0030_generated.wav | RTF: 0.0460(0.125s / 2.715s) | Generator RTF: 0.0448(0.122s / 2.715s)
generated_audios/generated_H2_256C_int8/1089-134686-0031_generated.wav | RTF: 0.0492(0.326s / 6.615s) | Generator RTF: 0.0487(0.322s / 6.615s)
generated_audios/generated_H2_256C_int8/121-121726-0000_generated.wav | RTF: 0.0525(0.444s / 8.460s) | Generator RTF: 0.0521(0.440s / 8.460s)
generated_audios/generated_H2_256C_int8/121-121726-0001_generated.wav | RTF: 0.0504(0.299s / 5.925s) | Generator RTF: 0.0498(0.295s / 5.925s)
generated_audios/generated_H2_256C_int8/121-121726-0002_generated.wav | RTF: 0.0469(0.207s / 4.410s) | Generator RTF: 0.0461(0.203s / 4.410s)
generated_audios/generated_H2_256C_int8/121-121726-0003_generated.wav | RTF: 0.0525(0.355s / 6.755s) | Generator RTF: 0.0519(0.351s / 6.755s)
generated_audios/generated_H2_256C_int8/121-121726-0004_generated.wav | RTF: 0.0493(0.198s / 4.020s) | Generator RTF: 0.0485(0.195s / 4.020s)
generated_audios/generated_H2_256C_int8/121-121726-0005_generated.wav | RTF: 0.0507(0.157s / 3.100s) | Generator RTF: 0.0497(0.154s / 3.100s)
generated_audios/generated_H2_256C_int8/121-121726-0006_generated.wav | RTF: 0.0493(0.192s / 3.895s) | Generator RTF: 0.0485(0.189s / 3.895s)
generated_audios/generated_H2_256C_int8/121-121726-0007_generated.wav | RTF: 0.0464(0.312s / 6.730s) | Generator RTF: 0.0459(0.309s / 6.730s)
generated_audios/generated_H2_256C_int8/121-121726-0008_generated.wav | RTF: 0.0506(0.253s / 4.990s) | Generator RTF: 0.0498(0.249s / 4.990s)
generated_audios/generated_H2_256C_int8/121-121726-0009_generated.wav | RTF: 0.0523(0.379s / 7.260s) | Generator RTF: 0.0517(0.375s / 7.260s)
generated_audios/generated_H2_256C_int8/121-121726-0010_generated.wav | RTF: 0.0535(0.525s / 9.810s) | Generator RTF: 0.0530(0.520s / 9.810s)
generated_audios/generated_H2_256C_int8/121-121726-0011_generated.wav | RTF: 0.0501(0.202s / 4.035s) | Generator RTF: 0.0493(0.199s / 4.035s)
generated_audios/generated_H2_256C_int8/121-121726-0012_generated.wav | RTF: 0.0507(0.205s / 4.045s) | Generator RTF: 0.0498(0.202s / 4.045s)
generated_audios/generated_H2_256C_int8/121-121726-0013_generated.wav | RTF: 0.0509(0.127s / 2.490s) | Generator RTF: 0.0496(0.123s / 2.490s)
generated_audios/generated_H2_256C_int8/121-121726-0014_generated.wav | RTF: 0.0525(0.166s / 3.165s) | Generator RTF: 0.0515(0.163s / 3.165s)
generated_audios/generated_H2_256C_int8/121-123852-0000_generated.wav | RTF: 0.0640(1.132s / 17.695s) | Generator RTF: 0.0637(1.127s / 17.695s)
generated_audios/generated_H2_256C_int8/121-123852-0001_generated.wav | RTF: 0.0547(0.102s / 1.870s) | Generator RTF: 0.0531(0.099s / 1.870s)
generated_audios/generated_H2_256C_int8/121-123852-0002_generated.wav | RTF: 0.0647(1.118s / 17.285s) | Generator RTF: 0.0644(1.113s / 17.285s)
generated_audios/generated_H2_256C_int8/121-123852-0003_generated.wav | RTF: 0.2870(6.745s / 23.505s) | Generator RTF: 0.2867(6.740s / 23.505s)
generated_audios/generated_H2_256C_int8/121-123852-0004_generated.wav | RTF: 0.2697(4.393s / 16.290s) | Generator RTF: 0.2695(4.389s / 16.290s)
generated_audios/generated_H2_256C_int8/121-123859-0000_generated.wav | RTF: 0.2688(4.675s / 17.390s) | Generator RTF: 0.2686(4.671s / 17.390s)
generated_audios/generated_H2_256C_int8/121-123859-0001_generated.wav | RTF: 0.2913(7.398s / 25.395s) | Generator RTF: 0.2911(7.393s / 25.395s)
generated_audios/generated_H2_256C_int8/121-123859-0002_generated.wav | RTF: 0.2895(8.696s / 30.040s) | Generator RTF: 0.2893(8.689s / 30.040s)
generated_audios/generated_H2_256C_int8/121-123859-0003_generated.wav | RTF: 0.2441(2.642s / 10.825s) | Generator RTF: 0.2437(2.638s / 10.825s)
generated_audios/generated_H2_256C_int8/121-123859-0004_generated.wav | RTF: 0.2457(2.335s / 9.505s) | Generator RTF: 0.2452(2.331s / 9.505s)
generated_audios/generated_H2_256C_int8/121-127105-0000_generated.wav | RTF: 0.2490(2.459s / 9.875s) | Generator RTF: 0.2486(2.455s / 9.875s)
generated_audios/generated_H2_256C_int8/121-127105-0001_generated.wav | RTF: 0.2383(1.197s / 5.025s) | Generator RTF: 0.2377(1.194s / 5.025s)
generated_audios/generated_H2_256C_int8/121-127105-0002_generated.wav | RTF: 0.2451(1.837s / 7.495s) | Generator RTF: 0.2446(1.833s / 7.495s)
generated_audios/generated_H2_256C_int8/121-127105-0003_generated.wav | RTF: 0.2429(1.877s / 7.725s) | Generator RTF: 0.2424(1.873s / 7.725s)
generated_audios/generated_H2_256C_int8/121-127105-0004_generated.wav | RTF: 0.2480(0.523s / 2.110s) | Generator RTF: 0.2465(0.520s / 2.110s)
generated_audios/generated_H2_256C_int8/121-127105-0005_generated.wav | RTF: 0.2340(1.362s / 5.820s) | Generator RTF: 0.2335(1.359s / 5.820s)
generated_audios/generated_H2_256C_int8/121-127105-0006_generated.wav | RTF: 0.2379(1.124s / 4.725s) | Generator RTF: 0.2371(1.120s / 4.725s)
generated_audios/generated_H2_256C_int8/121-127105-0007_generated.wav | RTF: 0.2368(1.371s / 5.790s) | Generator RTF: 0.2362(1.368s / 5.790s)
generated_audios/generated_H2_256C_int8/121-127105-0008_generated.wav | RTF: 0.2367(0.653s / 2.760s) | Generator RTF: 0.2354(0.650s / 2.760s)
generated_audios/generated_H2_256C_int8/121-127105-0009_generated.wav | RTF: 0.2403(0.550s / 2.290s) | Generator RTF: 0.2390(0.547s / 2.290s)
generated_audios/generated_H2_256C_int8/121-127105-0010_generated.wav | RTF: 0.2406(0.686s / 2.850s) | Generator RTF: 0.2394(0.682s / 2.850s)
generated_audios/generated_H2_256C_int8/121-127105-0011_generated.wav | RTF: 0.2406(1.390s / 5.780s) | Generator RTF: 0.2400(1.387s / 5.780s)
generated_audios/generated_H2_256C_int8/121-127105-0012_generated.wav | RTF: 0.2423(1.171s / 4.830s) | Generator RTF: 0.2416(1.167s / 4.830s)
generated_audios/generated_H2_256C_int8/121-127105-0013_generated.wav | RTF: 0.2327(1.372s / 5.895s) | Generator RTF: 0.2321(1.368s / 5.895s)
generated_audios/generated_H2_256C_int8/121-127105-0014_generated.wav | RTF: 0.2410(0.544s / 2.255s) | Generator RTF: 0.2396(0.540s / 2.255s)
generated_audios/generated_H2_256C_int8/121-127105-0015_generated.wav | RTF: 0.2427(0.718s / 2.960s) | Generator RTF: 0.2415(0.715s / 2.960s)
generated_audios/generated_H2_256C_int8/121-127105-0016_generated.wav | RTF: 0.2352(0.477s / 2.030s) | Generator RTF: 0.2337(0.474s / 2.030s)
generated_audios/generated_H2_256C_int8/121-127105-0017_generated.wav | RTF: 0.2373(0.640s / 2.695s) | Generator RTF: 0.2361(0.636s / 2.695s)
generated_audios/generated_H2_256C_int8/121-127105-0018_generated.wav | RTF: 0.2374(0.658s / 2.770s) | Generator RTF: 0.2363(0.654s / 2.770s)
generated_audios/generated_H2_256C_int8/121-127105-0019_generated.wav | RTF: 0.2320(0.818s / 3.525s) | Generator RTF: 0.2311(0.815s / 3.525s)
generated_audios/generated_H2_256C_int8/121-127105-0020_generated.wav | RTF: 0.2707(3.886s / 14.355s) | Generator RTF: 0.2704(3.882s / 14.355s)
generated_audios/generated_H2_256C_int8/121-127105-0021_generated.wav | RTF: 0.2501(0.500s / 2.000s) | Generator RTF: 0.2488(0.498s / 2.000s)
generated_audios/generated_H2_256C_int8/121-127105-0022_generated.wav | RTF: 0.2376(1.206s / 5.075s) | Generator RTF: 0.2369(1.202s / 5.075s)
generated_audios/generated_H2_256C_int8/121-127105-0023_generated.wav | RTF: 0.2469(2.693s / 10.910s) | Generator RTF: 0.2465(2.689s / 10.910s)
generated_audios/generated_H2_256C_int8/121-127105-0024_generated.wav | RTF: 0.2755(3.981s / 14.450s) | Generator RTF: 0.2752(3.977s / 14.450s)
generated_audios/generated_H2_256C_int8/121-127105-0025_generated.wav | RTF: 0.2702(4.341s / 16.065s) | Generator RTF: 0.2699(4.337s / 16.065s)
generated_audios/generated_H2_256C_int8/121-127105-0026_generated.wav | RTF: 0.2395(1.803s / 7.530s) | Generator RTF: 0.2390(1.799s / 7.530s)
generated_audios/generated_H2_256C_int8/121-127105-0027_generated.wav | RTF: 0.2701(3.747s / 13.870s) | Generator RTF: 0.2698(3.743s / 13.870s)
generated_audios/generated_H2_256C_int8/121-127105-0028_generated.wav | RTF: 0.0507(0.343s / 6.750s) | Generator RTF: 0.0502(0.339s / 6.750s)
generated_audios/generated_H2_256C_int8/121-127105-0029_generated.wav | RTF: 0.2414(1.765s / 7.310s) | Generator RTF: 0.2409(1.761s / 7.310s)
generated_audios/generated_H2_256C_int8/121-127105-0030_generated.wav | RTF: 0.2469(0.537s / 2.175s) | Generator RTF: 0.2456(0.534s / 2.175s)
generated_audios/generated_H2_256C_int8/121-127105-0031_generated.wav | RTF: 0.2469(2.658s / 10.765s) | Generator RTF: 0.2466(2.655s / 10.765s)
generated_audios/generated_H2_256C_int8/121-127105-0032_generated.wav | RTF: 0.2369(0.751s / 3.170s) | Generator RTF: 0.2357(0.747s / 3.170s)
generated_audios/generated_H2_256C_int8/121-127105-0033_generated.wav | RTF: 0.2485(0.585s / 2.355s) | Generator RTF: 0.2471(0.582s / 2.355s)
generated_audios/generated_H2_256C_int8/121-127105-0034_generated.wav | RTF: 0.2468(1.829s / 7.410s) | Generator RTF: 0.2465(1.827s / 7.410s)
generated_audios/generated_H2_256C_int8/121-127105-0035_generated.wav | RTF: 0.2714(3.841s / 14.150s) | Generator RTF: 0.2711(3.837s / 14.150s)
generated_audios/generated_H2_256C_int8/121-127105-0036_generated.wav | RTF: 0.2360(0.979s / 4.150s) | Generator RTF: 0.2351(0.976s / 4.150s)
generated_audios/generated_H2_256C_int8/237-126133-0000_generated.wav | RTF: 0.2768(3.679s / 13.290s) | Generator RTF: 0.2765(3.675s / 13.290s)
generated_audios/generated_H2_256C_int8/237-126133-0001_generated.wav | RTF: 0.2726(3.262s / 11.965s) | Generator RTF: 0.2723(3.258s / 11.965s)
generated_audios/generated_H2_256C_int8/237-126133-0002_generated.wav | RTF: 0.2472(2.205s / 8.920s) | Generator RTF: 0.2467(2.201s / 8.920s)
generated_audios/generated_H2_256C_int8/237-126133-0003_generated.wav | RTF: 0.2386(1.565s / 6.560s) | Generator RTF: 0.2380(1.561s / 6.560s)
generated_audios/generated_H2_256C_int8/237-126133-0004_generated.wav | RTF: 0.2424(0.799s / 3.295s) | Generator RTF: 0.2414(0.795s / 3.295s)
generated_audios/generated_H2_256C_int8/237-126133-0005_generated.wav | RTF: 0.2434(1.585s / 6.510s) | Generator RTF: 0.2428(1.581s / 6.510s)
generated_audios/generated_H2_256C_int8/237-126133-0006_generated.wav | RTF: 0.2369(1.457s / 6.150s) | Generator RTF: 0.2363(1.453s / 6.150s)
generated_audios/generated_H2_256C_int8/237-126133-0007_generated.wav | RTF: 0.2455(2.131s / 8.680s) | Generator RTF: 0.2450(2.127s / 8.680s)
generated_audios/generated_H2_256C_int8/237-126133-0008_generated.wav | RTF: 0.2412(0.932s / 3.865s) | Generator RTF: 0.2403(0.929s / 3.865s)
generated_audios/generated_H2_256C_int8/237-126133-0009_generated.wav | RTF: 0.2402(0.953s / 3.970s) | Generator RTF: 0.2393(0.950s / 3.970s)
generated_audios/generated_H2_256C_int8/237-126133-0010_generated.wav | RTF: 0.2382(1.486s / 6.240s) | Generator RTF: 0.2376(1.482s / 6.240s)
generated_audios/generated_H2_256C_int8/237-126133-0011_generated.wav | RTF: 0.2371(1.591s / 6.710s) | Generator RTF: 0.2365(1.587s / 6.710s)
generated_audios/generated_H2_256C_int8/237-126133-0012_generated.wav | RTF: 0.2408(1.071s / 4.450s) | Generator RTF: 0.2400(1.068s / 4.450s)
generated_audios/generated_H2_256C_int8/237-126133-0013_generated.wav | RTF: 0.2476(1.687s / 6.815s) | Generator RTF: 0.2470(1.683s / 6.815s)
generated_audios/generated_H2_256C_int8/237-126133-0014_generated.wav | RTF: 0.2402(1.631s / 6.790s) | Generator RTF: 0.2396(1.627s / 6.790s)
generated_audios/generated_H2_256C_int8/237-126133-0015_generated.wav | RTF: 0.2466(2.303s / 9.340s) | Generator RTF: 0.2462(2.299s / 9.340s)
generated_audios/generated_H2_256C_int8/237-126133-0016_generated.wav | RTF: 0.2381(1.012s / 4.250s) | Generator RTF: 0.2373(1.008s / 4.250s)
generated_audios/generated_H2_256C_int8/237-126133-0017_generated.wav | RTF: 0.2373(1.473s / 6.210s) | Generator RTF: 0.2367(1.470s / 6.210s)
generated_audios/generated_H2_256C_int8/237-126133-0018_generated.wav | RTF: 0.2462(1.008s / 4.095s) | Generator RTF: 0.2453(1.005s / 4.095s)
generated_audios/generated_H2_256C_int8/237-126133-0019_generated.wav | RTF: 0.2439(1.736s / 7.120s) | Generator RTF: 0.2434(1.733s / 7.120s)
generated_audios/generated_H2_256C_int8/237-126133-0020_generated.wav | RTF: 0.2443(0.547s / 2.240s) | Generator RTF: 0.2429(0.544s / 2.240s)
generated_audios/generated_H2_256C_int8/237-126133-0021_generated.wav | RTF: 0.2326(1.015s / 4.365s) | Generator RTF: 0.2318(1.012s / 4.365s)
generated_audios/generated_H2_256C_int8/237-126133-0022_generated.wav | RTF: 0.2395(1.207s / 5.040s) | Generator RTF: 0.2388(1.204s / 5.040s)
generated_audios/generated_H2_256C_int8/237-126133-0023_generated.wav | RTF: 0.2409(1.608s / 6.675s) | Generator RTF: 0.2403(1.604s / 6.675s)
generated_audios/generated_H2_256C_int8/237-126133-0024_generated.wav | RTF: 0.2554(2.469s / 9.665s) | Generator RTF: 0.2550(2.465s / 9.665s)
generated_audios/generated_H2_256C_int8/237-126133-0025_generated.wav | RTF: 0.2405(0.903s / 3.755s) | Generator RTF: 0.2395(0.899s / 3.755s)
generated_audios/generated_H2_256C_int8/237-134493-0000_generated.wav | RTF: 0.2442(1.003s / 4.105s) | Generator RTF: 0.2434(0.999s / 4.105s)
generated_audios/generated_H2_256C_int8/237-134493-0001_generated.wav | RTF: 0.2444(1.804s / 7.380s) | Generator RTF: 0.2439(1.800s / 7.380s)
generated_audios/generated_H2_256C_int8/237-134493-0002_generated.wav | RTF: 0.2492(2.839s / 11.395s) | Generator RTF: 0.2488(2.835s / 11.395s)
generated_audios/generated_H2_256C_int8/237-134493-0003_generated.wav | RTF: 0.2781(3.549s / 12.765s) | Generator RTF: 0.2777(3.545s / 12.765s)
generated_audios/generated_H2_256C_int8/237-134493-0004_generated.wav | RTF: 0.2387(1.629s / 6.825s) | Generator RTF: 0.2381(1.625s / 6.825s)
generated_audios/generated_H2_256C_int8/237-134493-0005_generated.wav | RTF: 0.2489(2.724s / 10.945s) | Generator RTF: 0.2485(2.720s / 10.945s)
generated_audios/generated_H2_256C_int8/237-134493-0006_generated.wav | RTF: 0.2382(1.047s / 4.395s) | Generator RTF: 0.2374(1.043s / 4.395s)
generated_audios/generated_H2_256C_int8/237-134493-0007_generated.wav | RTF: 0.2518(0.512s / 2.035s) | Generator RTF: 0.2502(0.509s / 2.035s)
generated_audios/generated_H2_256C_int8/237-134493-0008_generated.wav | RTF: 0.2376(0.548s / 2.305s) | Generator RTF: 0.2363(0.545s / 2.305s)
generated_audios/generated_H2_256C_int8/237-134493-0009_generated.wav | RTF: 0.3003(0.894s / 2.975s) | Generator RTF: 0.2993(0.890s / 2.975s)
generated_audios/generated_H2_256C_int8/237-134493-0010_generated.wav | RTF: 0.2380(0.684s / 2.875s) | Generator RTF: 0.2369(0.681s / 2.875s)
generated_audios/generated_H2_256C_int8/237-134493-0011_generated.wav | RTF: 0.2443(1.230s / 5.035s) | Generator RTF: 0.2436(1.226s / 5.035s)
generated_audios/generated_H2_256C_int8/237-134493-0012_generated.wav | RTF: 0.2344(0.858s / 3.660s) | Generator RTF: 0.2334(0.854s / 3.660s)
generated_audios/generated_H2_256C_int8/237-134493-0013_generated.wav | RTF: 0.0490(0.200s / 4.090s) | Generator RTF: 0.0481(0.197s / 4.090s)
generated_audios/generated_H2_256C_int8/237-134493-0014_generated.wav | RTF: 0.2351(0.870s / 3.700s) | Generator RTF: 0.2342(0.866s / 3.700s)
generated_audios/generated_H2_256C_int8/237-134493-0015_generated.wav | RTF: 0.0526(0.344s / 6.550s) | Generator RTF: 0.0520(0.341s / 6.550s)
generated_audios/generated_H2_256C_int8/237-134493-0016_generated.wav | RTF: 0.2497(2.518s / 10.085s) | Generator RTF: 0.2493(2.514s / 10.085s)
generated_audios/generated_H2_256C_int8/237-134493-0017_generated.wav | RTF: 0.2450(2.230s / 9.105s) | Generator RTF: 0.2445(2.226s / 9.105s)
generated_audios/generated_H2_256C_int8/237-134493-0018_generated.wav | RTF: 0.2417(1.158s / 4.790s) | Generator RTF: 0.2409(1.154s / 4.790s)
generated_audios/generated_H2_256C_int8/237-134500-0000_generated.wav | RTF: 0.2426(1.487s / 6.130s) | Generator RTF: 0.2420(1.483s / 6.130s)
generated_audios/generated_H2_256C_int8/237-134500-0001_generated.wav | RTF: 0.2459(0.445s / 1.810s) | Generator RTF: 0.2442(0.442s / 1.810s)
generated_audios/generated_H2_256C_int8/237-134500-0002_generated.wav | RTF: 0.2404(1.219s / 5.070s) | Generator RTF: 0.2397(1.215s / 5.070s)
generated_audios/generated_H2_256C_int8/237-134500-0003_generated.wav | RTF: 0.0510(0.162s / 3.170s) | Generator RTF: 0.0499(0.158s / 3.170s)
generated_audios/generated_H2_256C_int8/237-134500-0004_generated.wav | RTF: 0.0521(0.116s / 2.225s) | Generator RTF: 0.0509(0.113s / 2.225s)
generated_audios/generated_H2_256C_int8/237-134500-0005_generated.wav | RTF: 0.2495(0.596s / 2.390s) | Generator RTF: 0.2481(0.593s / 2.390s)
generated_audios/generated_H2_256C_int8/237-134500-0006_generated.wav | RTF: 0.2372(1.002s / 4.225s) | Generator RTF: 0.2364(0.999s / 4.225s)
generated_audios/generated_H2_256C_int8/237-134500-0007_generated.wav | RTF: 0.0476(0.114s / 2.390s) | Generator RTF: 0.0463(0.111s / 2.390s)
generated_audios/generated_H2_256C_int8/237-134500-0008_generated.wav | RTF: 0.0443(0.167s / 3.760s) | Generator RTF: 0.0434(0.163s / 3.760s)
generated_audios/generated_H2_256C_int8/237-134500-0009_generated.wav | RTF: 0.0472(0.105s / 2.220s) | Generator RTF: 0.0458(0.102s / 2.220s)
generated_audios/generated_H2_256C_int8/237-134500-0010_generated.wav | RTF: 0.2426(0.969s / 3.995s) | Generator RTF: 0.2418(0.966s / 3.995s)
generated_audios/generated_H2_256C_int8/237-134500-0011_generated.wav | RTF: 0.2398(0.803s / 3.350s) | Generator RTF: 0.2390(0.801s / 3.350s)
generated_audios/generated_H2_256C_int8/237-134500-0012_generated.wav | RTF: 0.2511(2.746s / 10.935s) | Generator RTF: 0.2508(2.742s / 10.935s)
generated_audios/generated_H2_256C_int8/237-134500-0013_generated.wav | RTF: 0.0536(0.566s / 10.560s) | Generator RTF: 0.0532(0.562s / 10.560s)
generated_audios/generated_H2_256C_int8/237-134500-0014_generated.wav | RTF: 0.0508(0.216s / 4.250s) | Generator RTF: 0.0500(0.212s / 4.250s)
generated_audios/generated_H2_256C_int8/237-134500-0015_generated.wav | RTF: 0.2496(2.700s / 10.815s) | Generator RTF: 0.2493(2.696s / 10.815s)
generated_audios/generated_H2_256C_int8/237-134500-0016_generated.wav | RTF: 0.0529(0.167s / 3.160s) | Generator RTF: 0.0519(0.164s / 3.160s)
generated_audios/generated_H2_256C_int8/237-134500-0017_generated.wav | RTF: 0.0528(0.115s / 2.180s) | Generator RTF: 0.0515(0.112s / 2.180s)
generated_audios/generated_H2_256C_int8/237-134500-0018_generated.wav | RTF: 0.2762(3.548s / 12.845s) | Generator RTF: 0.2759(3.544s / 12.845s)
generated_audios/generated_H2_256C_int8/237-134500-0019_generated.wav | RTF: 0.2372(0.678s / 2.860s) | Generator RTF: 0.2360(0.675s / 2.860s)
generated_audios/generated_H2_256C_int8/237-134500-0020_generated.wav | RTF: 0.0481(0.105s / 2.180s) | Generator RTF: 0.0468(0.102s / 2.180s)
generated_audios/generated_H2_256C_int8/237-134500-0021_generated.wav | RTF: 0.2382(1.220s / 5.120s) | Generator RTF: 0.2376(1.217s / 5.120s)
generated_audios/generated_H2_256C_int8/237-134500-0022_generated.wav | RTF: 0.2381(1.230s / 5.165s) | Generator RTF: 0.2375(1.227s / 5.165s)
generated_audios/generated_H2_256C_int8/237-134500-0023_generated.wav | RTF: 0.2446(0.749s / 3.060s) | Generator RTF: 0.2436(0.745s / 3.060s)
generated_audios/generated_H2_256C_int8/237-134500-0024_generated.wav | RTF: 0.0497(0.219s / 4.410s) | Generator RTF: 0.0490(0.216s / 4.410s)
generated_audios/generated_H2_256C_int8/237-134500-0025_generated.wav | RTF: 0.2469(0.402s / 1.630s) | Generator RTF: 0.2450(0.399s / 1.630s)
generated_audios/generated_H2_256C_int8/237-134500-0026_generated.wav | RTF: 0.2426(0.740s / 3.050s) | Generator RTF: 0.2415(0.737s / 3.050s)
generated_audios/generated_H2_256C_int8/237-134500-0027_generated.wav | RTF: 0.2419(0.791s / 3.270s) | Generator RTF: 0.2409(0.788s / 3.270s)
generated_audios/generated_H2_256C_int8/237-134500-0028_generated.wav | RTF: 0.2435(1.102s / 4.525s) | Generator RTF: 0.2428(1.099s / 4.525s)
generated_audios/generated_H2_256C_int8/237-134500-0029_generated.wav | RTF: 0.2383(0.492s / 2.065s) | Generator RTF: 0.2369(0.489s / 2.065s)
generated_audios/generated_H2_256C_int8/237-134500-0030_generated.wav | RTF: 0.2439(0.678s / 2.780s) | Generator RTF: 0.2429(0.675s / 2.780s)
generated_audios/generated_H2_256C_int8/237-134500-0031_generated.wav | RTF: 0.2530(2.685s / 10.610s) | Generator RTF: 0.2526(2.681s / 10.610s)
generated_audios/generated_H2_256C_int8/237-134500-0032_generated.wav | RTF: 0.0519(0.261s / 5.025s) | Generator RTF: 0.0512(0.257s / 5.025s)
generated_audios/generated_H2_256C_int8/237-134500-0033_generated.wav | RTF: 0.2383(1.513s / 6.350s) | Generator RTF: 0.2378(1.510s / 6.350s)
generated_audios/generated_H2_256C_int8/237-134500-0034_generated.wav | RTF: 0.2374(0.730s / 3.075s) | Generator RTF: 0.2365(0.727s / 3.075s)
generated_audios/generated_H2_256C_int8/237-134500-0035_generated.wav | RTF: 0.2477(0.633s / 2.555s) | Generator RTF: 0.2465(0.630s / 2.555s)
generated_audios/generated_H2_256C_int8/237-134500-0036_generated.wav | RTF: 0.2452(1.619s / 6.600s) | Generator RTF: 0.2447(1.615s / 6.600s)
generated_audios/generated_H2_256C_int8/237-134500-0037_generated.wav | RTF: 0.2469(1.754s / 7.105s) | Generator RTF: 0.2464(1.751s / 7.105s)
generated_audios/generated_H2_256C_int8/237-134500-0038_generated.wav | RTF: 0.2483(0.605s / 2.435s) | Generator RTF: 0.2471(0.602s / 2.435s)
generated_audios/generated_H2_256C_int8/237-134500-0039_generated.wav | RTF: 0.2453(1.136s / 4.630s) | Generator RTF: 0.2446(1.133s / 4.630s)
generated_audios/generated_H2_256C_int8/237-134500-0040_generated.wav | RTF: 0.0514(0.207s / 4.030s) | Generator RTF: 0.0505(0.203s / 4.030s)
generated_audios/generated_H2_256C_int8/237-134500-0041_generated.wav | RTF: 0.0638(0.569s / 8.920s) | Generator RTF: 0.0633(0.565s / 8.920s)
generated_audios/generated_H2_256C_int8/237-134500-0042_generated.wav | RTF: 0.2446(0.630s / 2.575s) | Generator RTF: 0.2435(0.627s / 2.575s)
generated_audios/generated_H2_256C_int8/260-123286-0000_generated.wav | RTF: 0.2429(1.710s / 7.040s) | Generator RTF: 0.2424(1.707s / 7.040s)
generated_audios/generated_H2_256C_int8/260-123286-0001_generated.wav | RTF: 0.0479(0.147s / 3.070s) | Generator RTF: 0.0470(0.144s / 3.070s)
generated_audios/generated_H2_256C_int8/260-123286-0002_generated.wav | RTF: 0.2513(2.509s / 9.985s) | Generator RTF: 0.2509(2.505s / 9.985s)
generated_audios/generated_H2_256C_int8/260-123286-0003_generated.wav | RTF: 0.2480(1.827s / 7.370s) | Generator RTF: 0.2474(1.823s / 7.370s)
generated_audios/generated_H2_256C_int8/260-123286-0004_generated.wav | RTF: 0.2479(0.859s / 3.465s) | Generator RTF: 0.2469(0.856s / 3.465s)
generated_audios/generated_H2_256C_int8/260-123286-0005_generated.wav | RTF: 0.2368(1.139s / 4.810s) | Generator RTF: 0.2361(1.136s / 4.810s)
generated_audios/generated_H2_256C_int8/260-123286-0006_generated.wav | RTF: 0.2529(1.873s / 7.405s) | Generator RTF: 0.2524(1.869s / 7.405s)
generated_audios/generated_H2_256C_int8/260-123286-0007_generated.wav | RTF: 0.2433(1.107s / 4.550s) | Generator RTF: 0.2426(1.104s / 4.550s)
generated_audios/generated_H2_256C_int8/260-123286-0008_generated.wav | RTF: 0.2376(0.887s / 3.735s) | Generator RTF: 0.2366(0.884s / 3.735s)
generated_audios/generated_H2_256C_int8/260-123286-0009_generated.wav | RTF: 0.2439(1.413s / 5.795s) | Generator RTF: 0.2433(1.410s / 5.795s)
generated_audios/generated_H2_256C_int8/260-123286-0010_generated.wav | RTF: 0.0484(0.125s / 2.575s) | Generator RTF: 0.0471(0.121s / 2.575s)
generated_audios/generated_H2_256C_int8/260-123286-0011_generated.wav | RTF: 0.0507(0.216s / 4.255s) | Generator RTF: 0.0499(0.212s / 4.255s)
generated_audios/generated_H2_256C_int8/260-123286-0012_generated.wav | RTF: 0.0462(0.112s / 2.430s) | Generator RTF: 0.0448(0.109s / 2.430s)
generated_audios/generated_H2_256C_int8/260-123286-0013_generated.wav | RTF: 0.2418(1.144s / 4.730s) | Generator RTF: 0.2411(1.140s / 4.730s)
generated_audios/generated_H2_256C_int8/260-123286-0014_generated.wav | RTF: 0.0711(0.212s / 2.980s) | Generator RTF: 0.0701(0.209s / 2.980s)
generated_audios/generated_H2_256C_int8/260-123286-0015_generated.wav | RTF: 0.2462(1.283s / 5.210s) | Generator RTF: 0.2458(1.280s / 5.210s)
generated_audios/generated_H2_256C_int8/260-123286-0016_generated.wav | RTF: 0.2479(1.735s / 7.000s) | Generator RTF: 0.2473(1.731s / 7.000s)
generated_audios/generated_H2_256C_int8/260-123286-0017_generated.wav | RTF: 0.2402(0.955s / 3.975s) | Generator RTF: 0.2394(0.952s / 3.975s)
generated_audios/generated_H2_256C_int8/260-123286-0018_generated.wav | RTF: 0.2463(1.397s / 5.670s) | Generator RTF: 0.2458(1.394s / 5.670s)
generated_audios/generated_H2_256C_int8/260-123286-0019_generated.wav | RTF: 0.2819(3.356s / 11.905s) | Generator RTF: 0.2816(3.352s / 11.905s)
generated_audios/generated_H2_256C_int8/260-123286-0020_generated.wav | RTF: 0.0512(0.157s / 3.060s) | Generator RTF: 0.0501(0.153s / 3.060s)
generated_audios/generated_H2_256C_int8/260-123286-0021_generated.wav | RTF: 0.2423(0.618s / 2.550s) | Generator RTF: 0.2411(0.615s / 2.550s)
generated_audios/generated_H2_256C_int8/260-123286-0022_generated.wav | RTF: 0.2492(0.806s / 3.235s) | Generator RTF: 0.2486(0.804s / 3.235s)
generated_audios/generated_H2_256C_int8/260-123286-0023_generated.wav | RTF: 0.2510(1.475s / 5.875s) | Generator RTF: 0.2504(1.471s / 5.875s)
generated_audios/generated_H2_256C_int8/260-123286-0024_generated.wav | RTF: 0.2429(0.738s / 3.040s) | Generator RTF: 0.2418(0.735s / 3.040s)
generated_audios/generated_H2_256C_int8/260-123286-0025_generated.wav | RTF: 0.2537(2.335s / 9.205s) | Generator RTF: 0.2532(2.331s / 9.205s)
generated_audios/generated_H2_256C_int8/260-123286-0026_generated.wav | RTF: 0.2479(1.720s / 6.940s) | Generator RTF: 0.2473(1.716s / 6.940s)
generated_audios/generated_H2_256C_int8/260-123286-0027_generated.wav | RTF: 0.2460(1.764s / 7.170s) | Generator RTF: 0.2454(1.760s / 7.170s)
generated_audios/generated_H2_256C_int8/260-123286-0028_generated.wav | RTF: 0.2462(1.838s / 7.465s) | Generator RTF: 0.2456(1.834s / 7.465s)
generated_audios/generated_H2_256C_int8/260-123286-0029_generated.wav | RTF: 0.0459(0.209s / 4.545s) | Generator RTF: 0.0451(0.205s / 4.545s)
generated_audios/generated_H2_256C_int8/260-123286-0030_generated.wav | RTF: 0.0505(0.380s / 7.530s) | Generator RTF: 0.0500(0.376s / 7.530s)
generated_audios/generated_H2_256C_int8/260-123286-0031_generated.wav | RTF: 0.2447(1.238s / 5.060s) | Generator RTF: 0.2440(1.235s / 5.060s)
generated_audios/generated_H2_256C_int8/260-123288-0000_generated.wav | RTF: 0.0477(0.145s / 3.040s) | Generator RTF: 0.0466(0.142s / 3.040s)
generated_audios/generated_H2_256C_int8/260-123288-0001_generated.wav | RTF: 0.0491(0.249s / 5.080s) | Generator RTF: 0.0484(0.246s / 5.080s)
generated_audios/generated_H2_256C_int8/260-123288-0002_generated.wav | RTF: 0.2522(1.829s / 7.250s) | Generator RTF: 0.2517(1.825s / 7.250s)
generated_audios/generated_H2_256C_int8/260-123288-0003_generated.wav | RTF: 0.2652(2.361s / 8.905s) | Generator RTF: 0.2647(2.357s / 8.905s)
generated_audios/generated_H2_256C_int8/260-123288-0004_generated.wav | RTF: 0.2513(1.083s / 4.310s) | Generator RTF: 0.2504(1.079s / 4.310s)
generated_audios/generated_H2_256C_int8/260-123288-0005_generated.wav | RTF: 0.2833(3.556s / 12.550s) | Generator RTF: 0.2830(3.552s / 12.550s)
generated_audios/generated_H2_256C_int8/260-123288-0006_generated.wav | RTF: 0.2497(1.219s / 4.880s) | Generator RTF: 0.2489(1.215s / 4.880s)
generated_audios/generated_H2_256C_int8/260-123288-0007_generated.wav | RTF: 0.2650(2.968s / 11.200s) | Generator RTF: 0.2646(2.964s / 11.200s)
generated_audios/generated_H2_256C_int8/260-123288-0008_generated.wav | RTF: 0.2567(1.416s / 5.515s) | Generator RTF: 0.2561(1.412s / 5.515s)
generated_audios/generated_H2_256C_int8/260-123288-0009_generated.wav | RTF: 0.2507(0.861s / 3.435s) | Generator RTF: 0.2497(0.858s / 3.435s)
generated_audios/generated_H2_256C_int8/260-123288-0010_generated.wav | RTF: 0.0570(0.569s / 9.995s) | Generator RTF: 0.0566(0.566s / 9.995s)
generated_audios/generated_H2_256C_int8/260-123288-0011_generated.wav | RTF: 0.2618(2.351s / 8.980s) | Generator RTF: 0.2614(2.347s / 8.980s)
generated_audios/generated_H2_256C_int8/260-123288-0012_generated.wav | RTF: 0.2566(0.910s / 3.545s) | Generator RTF: 0.2557(0.906s / 3.545s)
generated_audios/generated_H2_256C_int8/260-123288-0013_generated.wav | RTF: 0.2639(3.005s / 11.385s) | Generator RTF: 0.2636(3.001s / 11.385s)
generated_audios/generated_H2_256C_int8/260-123288-0014_generated.wav | RTF: 0.0556(0.100s / 1.805s) | Generator RTF: 0.0538(0.097s / 1.805s)
generated_audios/generated_H2_256C_int8/260-123288-0015_generated.wav | RTF: 0.2867(6.075s / 21.185s) | Generator RTF: 0.2865(6.070s / 21.185s)
generated_audios/generated_H2_256C_int8/260-123288-0016_generated.wav | RTF: 0.2588(1.259s / 4.865s) | Generator RTF: 0.2579(1.255s / 4.865s)
generated_audios/generated_H2_256C_int8/260-123288-0017_generated.wav | RTF: 0.2571(1.343s / 5.225s) | Generator RTF: 0.2564(1.340s / 5.225s)
generated_audios/generated_H2_256C_int8/260-123288-0018_generated.wav | RTF: 0.2524(0.819s / 3.245s) | Generator RTF: 0.2513(0.816s / 3.245s)
generated_audios/generated_H2_256C_int8/260-123288-0019_generated.wav | RTF: 0.0510(0.151s / 2.955s) | Generator RTF: 0.0499(0.147s / 2.955s)
generated_audios/generated_H2_256C_int8/260-123288-0020_generated.wav | RTF: 0.2549(0.739s / 2.900s) | Generator RTF: 0.2538(0.736s / 2.900s)
generated_audios/generated_H2_256C_int8/260-123288-0021_generated.wav | RTF: 0.0510(0.138s / 2.710s) | Generator RTF: 0.0498(0.135s / 2.710s)
generated_audios/generated_H2_256C_int8/260-123288-0022_generated.wav | RTF: 0.2643(0.979s / 3.705s) | Generator RTF: 0.2634(0.976s / 3.705s)
generated_audios/generated_H2_256C_int8/260-123288-0023_generated.wav | RTF: 0.0534(0.127s / 2.385s) | Generator RTF: 0.0521(0.124s / 2.385s)
generated_audios/generated_H2_256C_int8/260-123288-0024_generated.wav | RTF: 0.2877(4.199s / 14.595s) | Generator RTF: 0.2873(4.194s / 14.595s)
generated_audios/generated_H2_256C_int8/260-123288-0025_generated.wav | RTF: 0.2879(3.871s / 13.445s) | Generator RTF: 0.2876(3.867s / 13.445s)
generated_audios/generated_H2_256C_int8/260-123288-0026_generated.wav | RTF: 0.2883(4.624s / 16.040s) | Generator RTF: 0.2879(4.619s / 16.040s)
generated_audios/generated_H2_256C_int8/260-123288-0027_generated.wav | RTF: 0.2586(1.630s / 6.305s) | Generator RTF: 0.2580(1.626s / 6.305s)
generated_audios/generated_H2_256C_int8/260-123288-0028_generated.wav | RTF: 0.2630(0.686s / 2.610s) | Generator RTF: 0.2616(0.683s / 2.610s)
generated_audios/generated_H2_256C_int8/260-123440-0000_generated.wav | RTF: 0.2559(0.554s / 2.165s) | Generator RTF: 0.2544(0.551s / 2.165s)
generated_audios/generated_H2_256C_int8/260-123440-0001_generated.wav | RTF: 0.2686(0.467s / 1.740s) | Generator RTF: 0.2668(0.464s / 1.740s)
generated_audios/generated_H2_256C_int8/260-123440-0002_generated.wav | RTF: 0.2898(4.265s / 14.715s) | Generator RTF: 0.2896(4.261s / 14.715s)
generated_audios/generated_H2_256C_int8/260-123440-0003_generated.wav | RTF: 0.2627(0.942s / 3.585s) | Generator RTF: 0.2619(0.939s / 3.585s)
generated_audios/generated_H2_256C_int8/260-123440-0004_generated.wav | RTF: 0.2907(3.494s / 12.020s) | Generator RTF: 0.2903(3.490s / 12.020s)
generated_audios/generated_H2_256C_int8/260-123440-0005_generated.wav | RTF: 0.0521(0.162s / 3.105s) | Generator RTF: 0.0511(0.159s / 3.105s)
generated_audios/generated_H2_256C_int8/260-123440-0006_generated.wav | RTF: 0.0454(0.123s / 2.715s) | Generator RTF: 0.0442(0.120s / 2.715s)
generated_audios/generated_H2_256C_int8/260-123440-0007_generated.wav | RTF: 0.2547(0.862s / 3.385s) | Generator RTF: 0.2537(0.859s / 3.385s)
generated_audios/generated_H2_256C_int8/260-123440-0008_generated.wav | RTF: 0.2631(0.985s / 3.745s) | Generator RTF: 0.2622(0.982s / 3.745s)
generated_audios/generated_H2_256C_int8/260-123440-0009_generated.wav | RTF: 0.2623(0.817s / 3.115s) | Generator RTF: 0.2612(0.814s / 3.115s)
generated_audios/generated_H2_256C_int8/260-123440-0010_generated.wav | RTF: 0.2711(2.254s / 8.315s) | Generator RTF: 0.2707(2.251s / 8.315s)
generated_audios/generated_H2_256C_int8/260-123440-0011_generated.wav | RTF: 0.0467(0.227s / 4.870s) | Generator RTF: 0.0460(0.224s / 4.870s)
generated_audios/generated_H2_256C_int8/260-123440-0012_generated.wav | RTF: 0.2621(1.375s / 5.245s) | Generator RTF: 0.2614(1.371s / 5.245s)
generated_audios/generated_H2_256C_int8/260-123440-0013_generated.wav | RTF: 0.2619(0.910s / 3.475s) | Generator RTF: 0.2609(0.907s / 3.475s)
generated_audios/generated_H2_256C_int8/260-123440-0014_generated.wav | RTF: 0.2616(0.998s / 3.815s) | Generator RTF: 0.2608(0.995s / 3.815s)
generated_audios/generated_H2_256C_int8/260-123440-0015_generated.wav | RTF: 0.0530(0.328s / 6.200s) | Generator RTF: 0.0524(0.325s / 6.200s)
generated_audios/generated_H2_256C_int8/260-123440-0016_generated.wav | RTF: 0.2648(1.296s / 4.895s) | Generator RTF: 0.2640(1.292s / 4.895s)
generated_audios/generated_H2_256C_int8/260-123440-0017_generated.wav | RTF: 0.0528(0.162s / 3.070s) | Generator RTF: 0.0518(0.159s / 3.070s)
generated_audios/generated_H2_256C_int8/260-123440-0018_generated.wav | RTF: 0.2634(0.959s / 3.640s) | Generator RTF: 0.2625(0.955s / 3.640s)
generated_audios/generated_H2_256C_int8/260-123440-0019_generated.wav | RTF: 0.2621(1.738s / 6.630s) | Generator RTF: 0.2616(1.734s / 6.630s)
generated_audios/generated_H2_256C_int8/260-123440-0020_generated.wav | RTF: 0.2638(1.318s / 4.995s) | Generator RTF: 0.2631(1.314s / 4.995s)
generated_audios/generated_H2_256C_int8/61-70968-0000_generated.wav | RTF: 0.2666(1.307s / 4.905s) | Generator RTF: 0.2658(1.304s / 4.905s)
generated_audios/generated_H2_256C_int8/61-70968-0001_generated.wav | RTF: 0.2623(0.947s / 3.610s) | Generator RTF: 0.2614(0.944s / 3.610s)
generated_audios/generated_H2_256C_int8/61-70968-0002_generated.wav | RTF: 0.2573(0.764s / 2.970s) | Generator RTF: 0.2561(0.761s / 2.970s)
generated_audios/generated_H2_256C_int8/61-70968-0003_generated.wav | RTF: 0.0501(0.216s / 4.315s) | Generator RTF: 0.0493(0.213s / 4.315s)
generated_audios/generated_H2_256C_int8/61-70968-0004_generated.wav | RTF: 0.2654(1.031s / 3.885s) | Generator RTF: 0.2645(1.028s / 3.885s)
generated_audios/generated_H2_256C_int8/61-70968-0005_generated.wav | RTF: 0.0532(0.269s / 5.070s) | Generator RTF: 0.0526(0.266s / 5.070s)
generated_audios/generated_H2_256C_int8/61-70968-0006_generated.wav | RTF: 0.2573(0.755s / 2.935s) | Generator RTF: 0.2562(0.752s / 2.935s)
generated_audios/generated_H2_256C_int8/61-70968-0007_generated.wav | RTF: 0.0503(0.179s / 3.550s) | Generator RTF: 0.0495(0.176s / 3.550s)
generated_audios/generated_H2_256C_int8/61-70968-0008_generated.wav | RTF: 0.0524(0.185s / 3.535s) | Generator RTF: 0.0515(0.182s / 3.535s)
generated_audios/generated_H2_256C_int8/61-70968-0009_generated.wav | RTF: 0.2628(1.185s / 4.510s) | Generator RTF: 0.2621(1.182s / 4.510s)
generated_audios/generated_H2_256C_int8/61-70968-0010_generated.wav | RTF: 0.2700(2.239s / 8.295s) | Generator RTF: 0.2695(2.235s / 8.295s)
generated_audios/generated_H2_256C_int8/61-70968-0011_generated.wav | RTF: 0.2614(1.667s / 6.375s) | Generator RTF: 0.2609(1.663s / 6.375s)
generated_audios/generated_H2_256C_int8/61-70968-0012_generated.wav | RTF: 0.0555(0.145s / 2.610s) | Generator RTF: 0.0542(0.142s / 2.610s)
generated_audios/generated_H2_256C_int8/61-70968-0013_generated.wav | RTF: 0.0503(0.224s / 4.450s) | Generator RTF: 0.0496(0.221s / 4.450s)
generated_audios/generated_H2_256C_int8/61-70968-0014_generated.wav | RTF: 0.2648(1.982s / 7.485s) | Generator RTF: 0.2643(1.978s / 7.485s)
generated_audios/generated_H2_256C_int8/61-70968-0015_generated.wav | RTF: 0.2583(1.388s / 5.375s) | Generator RTF: 0.2575(1.384s / 5.375s)
generated_audios/generated_H2_256C_int8/61-70968-0016_generated.wav | RTF: 0.2688(1.000s / 3.720s) | Generator RTF: 0.2679(0.996s / 3.720s)
generated_audios/generated_H2_256C_int8/61-70968-0017_generated.wav | RTF: 0.2663(1.361s / 5.110s) | Generator RTF: 0.2656(1.357s / 5.110s)
generated_audios/generated_H2_256C_int8/61-70968-0018_generated.wav | RTF: 0.2582(0.621s / 2.405s) | Generator RTF: 0.2569(0.618s / 2.405s)
generated_audios/generated_H2_256C_int8/61-70968-0019_generated.wav | RTF: 0.2601(1.424s / 5.475s) | Generator RTF: 0.2595(1.421s / 5.475s)
generated_audios/generated_H2_256C_int8/61-70968-0020_generated.wav | RTF: 0.2650(1.353s / 5.105s) | Generator RTF: 0.2643(1.350s / 5.105s)
generated_audios/generated_H2_256C_int8/61-70968-0021_generated.wav | RTF: 0.2598(0.699s / 2.690s) | Generator RTF: 0.2586(0.696s / 2.690s)
generated_audios/generated_H2_256C_int8/61-70968-0022_generated.wav | RTF: 0.0516(0.241s / 4.670s) | Generator RTF: 0.0510(0.238s / 4.670s)
generated_audios/generated_H2_256C_int8/61-70968-0023_generated.wav | RTF: 0.0529(0.266s / 5.025s) | Generator RTF: 0.0523(0.263s / 5.025s)
generated_audios/generated_H2_256C_int8/61-70968-0024_generated.wav | RTF: 0.2667(1.607s / 6.025s) | Generator RTF: 0.2661(1.603s / 6.025s)
generated_audios/generated_H2_256C_int8/61-70968-0025_generated.wav | RTF: 0.0519(0.229s / 4.410s) | Generator RTF: 0.0511(0.225s / 4.410s)
generated_audios/generated_H2_256C_int8/61-70968-0026_generated.wav | RTF: 0.2578(1.268s / 4.920s) | Generator RTF: 0.2573(1.266s / 4.920s)
generated_audios/generated_H2_256C_int8/61-70968-0027_generated.wav | RTF: 0.2655(1.824s / 6.870s) | Generator RTF: 0.2649(1.820s / 6.870s)
generated_audios/generated_H2_256C_int8/61-70968-0028_generated.wav | RTF: 0.2620(1.403s / 5.355s) | Generator RTF: 0.2614(1.400s / 5.355s)
generated_audios/generated_H2_256C_int8/61-70968-0029_generated.wav | RTF: 0.2697(0.943s / 3.495s) | Generator RTF: 0.2688(0.939s / 3.495s)
generated_audios/generated_H2_256C_int8/61-70968-0030_generated.wav | RTF: 0.2651(1.507s / 5.685s) | Generator RTF: 0.2645(1.504s / 5.685s)
generated_audios/generated_H2_256C_int8/61-70968-0031_generated.wav | RTF: 0.2662(0.779s / 2.925s) | Generator RTF: 0.2651(0.775s / 2.925s)
generated_audios/generated_H2_256C_int8/61-70968-0032_generated.wav | RTF: 0.0522(0.223s / 4.280s) | Generator RTF: 0.0517(0.221s / 4.280s)
generated_audios/generated_H2_256C_int8/61-70968-0033_generated.wav | RTF: 0.0477(0.271s / 5.685s) | Generator RTF: 0.0471(0.268s / 5.685s)
generated_audios/generated_H2_256C_int8/61-70968-0034_generated.wav | RTF: 0.2689(1.138s / 4.230s) | Generator RTF: 0.2682(1.134s / 4.230s)
generated_audios/generated_H2_256C_int8/61-70968-0035_generated.wav | RTF: 0.2722(2.164s / 7.950s) | Generator RTF: 0.2718(2.161s / 7.950s)
generated_audios/generated_H2_256C_int8/61-70968-0036_generated.wav | RTF: 0.0478(0.140s / 2.935s) | Generator RTF: 0.0467(0.137s / 2.935s)
generated_audios/generated_H2_256C_int8/61-70968-0037_generated.wav | RTF: 0.0462(0.199s / 4.315s) | Generator RTF: 0.0454(0.196s / 4.315s)
generated_audios/generated_H2_256C_int8/61-70968-0038_generated.wav | RTF: 0.2785(0.571s / 2.050s) | Generator RTF: 0.2773(0.568s / 2.050s)
generated_audios/generated_H2_256C_int8/61-70968-0039_generated.wav | RTF: 0.2609(0.993s / 3.805s) | Generator RTF: 0.2600(0.989s / 3.805s)
generated_audios/generated_H2_256C_int8/61-70968-0040_generated.wav | RTF: 0.2690(1.063s / 3.950s) | Generator RTF: 0.2682(1.059s / 3.950s)
generated_audios/generated_H2_256C_int8/61-70968-0041_generated.wav | RTF: 0.0513(0.350s / 6.825s) | Generator RTF: 0.0508(0.347s / 6.825s)
generated_audios/generated_H2_256C_int8/61-70968-0042_generated.wav | RTF: 0.0507(0.141s / 2.785s) | Generator RTF: 0.0496(0.138s / 2.785s)
generated_audios/generated_H2_256C_int8/61-70968-0043_generated.wav | RTF: 0.2705(1.822s / 6.735s) | Generator RTF: 0.2700(1.819s / 6.735s)
generated_audios/generated_H2_256C_int8/61-70968-0044_generated.wav | RTF: 0.0530(0.147s / 2.770s) | Generator RTF: 0.0519(0.144s / 2.770s)
generated_audios/generated_H2_256C_int8/61-70968-0045_generated.wav | RTF: 0.0516(0.179s / 3.475s) | Generator RTF: 0.0511(0.177s / 3.475s)
generated_audios/generated_H2_256C_int8/61-70968-0046_generated.wav | RTF: 0.0519(0.184s / 3.550s) | Generator RTF: 0.0509(0.181s / 3.550s)
generated_audios/generated_H2_256C_int8/61-70968-0047_generated.wav | RTF: 0.2632(1.257s / 4.775s) | Generator RTF: 0.2625(1.253s / 4.775s)
generated_audios/generated_H2_256C_int8/61-70968-0048_generated.wav | RTF: 0.2690(0.812s / 3.020s) | Generator RTF: 0.2679(0.809s / 3.020s)
generated_audios/generated_H2_256C_int8/61-70968-0049_generated.wav | RTF: 0.2783(2.296s / 8.250s) | Generator RTF: 0.2779(2.293s / 8.250s)
generated_audios/generated_H2_256C_int8/61-70968-0050_generated.wav | RTF: 0.2690(1.501s / 5.580s) | Generator RTF: 0.2684(1.498s / 5.580s)
generated_audios/generated_H2_256C_int8/61-70968-0051_generated.wav | RTF: 0.2697(0.846s / 3.135s) | Generator RTF: 0.2687(0.843s / 3.135s)
generated_audios/generated_H2_256C_int8/61-70968-0052_generated.wav | RTF: 0.2556(0.677s / 2.650s) | Generator RTF: 0.2544(0.674s / 2.650s)
generated_audios/generated_H2_256C_int8/61-70968-0053_generated.wav | RTF: 0.0498(0.210s / 4.220s) | Generator RTF: 0.0490(0.207s / 4.220s)
generated_audios/generated_H2_256C_int8/61-70968-0054_generated.wav | RTF: 0.2693(2.117s / 7.860s) | Generator RTF: 0.2688(2.113s / 7.860s)
generated_audios/generated_H2_256C_int8/61-70968-0055_generated.wav | RTF: 0.0499(0.198s / 3.965s) | Generator RTF: 0.0489(0.194s / 3.965s)
generated_audios/generated_H2_256C_int8/61-70968-0056_generated.wav | RTF: 0.2577(0.919s / 3.565s) | Generator RTF: 0.2569(0.916s / 3.565s)
generated_audios/generated_H2_256C_int8/61-70968-0057_generated.wav | RTF: 0.0489(0.248s / 5.065s) | Generator RTF: 0.0482(0.244s / 5.065s)
generated_audios/generated_H2_256C_int8/61-70968-0058_generated.wav | RTF: 0.2620(0.477s / 1.820s) | Generator RTF: 0.2603(0.474s / 1.820s)
generated_audios/generated_H2_256C_int8/61-70968-0059_generated.wav | RTF: 0.0536(0.116s / 2.170s) | Generator RTF: 0.0521(0.113s / 2.170s)
generated_audios/generated_H2_256C_int8/61-70968-0060_generated.wav | RTF: 0.0495(0.185s / 3.735s) | Generator RTF: 0.0486(0.182s / 3.735s)
generated_audios/generated_H2_256C_int8/61-70968-0061_generated.wav | RTF: 0.2695(1.490s / 5.530s) | Generator RTF: 0.2688(1.486s / 5.530s)
generated_audios/generated_H2_256C_int8/61-70968-0062_generated.wav | RTF: 0.0516(0.132s / 2.555s) | Generator RTF: 0.0503(0.129s / 2.555s)
generated_audios/generated_H2_256C_int8/61-70970-0000_generated.wav | RTF: 0.2678(1.627s / 6.075s) | Generator RTF: 0.2672(1.623s / 6.075s)
generated_audios/generated_H2_256C_int8/61-70970-0001_generated.wav | RTF: 0.2715(1.671s / 6.155s) | Generator RTF: 0.2709(1.667s / 6.155s)
generated_audios/generated_H2_256C_int8/61-70970-0002_generated.wav | RTF: 0.2597(1.081s / 4.165s) | Generator RTF: 0.2588(1.078s / 4.165s)
generated_audios/generated_H2_256C_int8/61-70970-0003_generated.wav | RTF: 0.2564(0.983s / 3.835s) | Generator RTF: 0.2555(0.980s / 3.835s)
generated_audios/generated_H2_256C_int8/61-70970-0004_generated.wav | RTF: 0.2701(2.840s / 10.515s) | Generator RTF: 0.2697(2.836s / 10.515s)
generated_audios/generated_H2_256C_int8/61-70970-0005_generated.wav | RTF: 0.2780(0.562s / 2.020s) | Generator RTF: 0.2766(0.559s / 2.020s)
generated_audios/generated_H2_256C_int8/61-70970-0006_generated.wav | RTF: 0.2797(0.653s / 2.335s) | Generator RTF: 0.2783(0.650s / 2.335s)
generated_audios/generated_H2_256C_int8/61-70970-0007_generated.wav | RTF: 0.2783(1.248s / 4.485s) | Generator RTF: 0.2776(1.245s / 4.485s)
generated_audios/generated_H2_256C_int8/61-70970-0008_generated.wav | RTF: 0.2954(0.635s / 2.150s) | Generator RTF: 0.2939(0.632s / 2.150s)
generated_audios/generated_H2_256C_int8/61-70970-0009_generated.wav | RTF: 0.2793(0.951s / 3.405s) | Generator RTF: 0.2784(0.948s / 3.405s)
generated_audios/generated_H2_256C_int8/61-70970-0010_generated.wav | RTF: 0.0519(0.158s / 3.045s) | Generator RTF: 0.0510(0.155s / 3.045s)
generated_audios/generated_H2_256C_int8/61-70970-0011_generated.wav | RTF: 0.0476(0.289s / 6.075s) | Generator RTF: 0.0470(0.286s / 6.075s)
generated_audios/generated_H2_256C_int8/61-70970-0012_generated.wav | RTF: 0.0462(0.145s / 3.135s) | Generator RTF: 0.0451(0.141s / 3.135s)
generated_audios/generated_H2_256C_int8/61-70970-0013_generated.wav | RTF: 0.2816(1.225s / 4.350s) | Generator RTF: 0.2810(1.222s / 4.350s)
generated_audios/generated_H2_256C_int8/61-70970-0014_generated.wav | RTF: 0.0451(0.154s / 3.405s) | Generator RTF: 0.0442(0.151s / 3.405s)
generated_audios/generated_H2_256C_int8/61-70970-0015_generated.wav | RTF: 0.2805(2.360s / 8.415s) | Generator RTF: 0.2802(2.358s / 8.415s)
generated_audios/generated_H2_256C_int8/61-70970-0016_generated.wav | RTF: 0.2770(1.211s / 4.370s) | Generator RTF: 0.2762(1.207s / 4.370s)
generated_audios/generated_H2_256C_int8/61-70970-0017_generated.wav | RTF: 0.0515(0.131s / 2.550s) | Generator RTF: 0.0502(0.128s / 2.550s)
generated_audios/generated_H2_256C_int8/61-70970-0018_generated.wav | RTF: 0.2719(1.251s / 4.600s) | Generator RTF: 0.2711(1.247s / 4.600s)
generated_audios/generated_H2_256C_int8/61-70970-0019_generated.wav | RTF: 0.2760(1.043s / 3.780s) | Generator RTF: 0.2751(1.040s / 3.780s)
generated_audios/generated_H2_256C_int8/61-70970-0020_generated.wav | RTF: 0.0511(0.257s / 5.025s) | Generator RTF: 0.0504(0.253s / 5.025s)
generated_audios/generated_H2_256C_int8/61-70970-0021_generated.wav | RTF: 0.2743(1.483s / 5.405s) | Generator RTF: 0.2737(1.479s / 5.405s)
generated_audios/generated_H2_256C_int8/61-70970-0022_generated.wav | RTF: 0.0459(0.182s / 3.970s) | Generator RTF: 0.0450(0.179s / 3.970s)
generated_audios/generated_H2_256C_int8/61-70970-0023_generated.wav | RTF: 0.0503(0.186s / 3.705s) | Generator RTF: 0.0495(0.183s / 3.705s)
generated_audios/generated_H2_256C_int8/61-70970-0024_generated.wav | RTF: 0.2781(2.012s / 7.235s) | Generator RTF: 0.2776(2.008s / 7.235s)
generated_audios/generated_H2_256C_int8/61-70970-0025_generated.wav | RTF: 0.2815(2.093s / 7.435s) | Generator RTF: 0.2810(2.089s / 7.435s)
generated_audios/generated_H2_256C_int8/61-70970-0026_generated.wav | RTF: 0.0507(0.278s / 5.475s) | Generator RTF: 0.0501(0.274s / 5.475s)
generated_audios/generated_H2_256C_int8/61-70970-0027_generated.wav | RTF: 0.0501(0.254s / 5.080s) | Generator RTF: 0.0493(0.251s / 5.080s)
generated_audios/generated_H2_256C_int8/61-70970-0028_generated.wav | RTF: 0.0503(0.329s / 6.550s) | Generator RTF: 0.0496(0.325s / 6.550s)
generated_audios/generated_H2_256C_int8/61-70970-0029_generated.wav | RTF: 0.0535(0.216s / 4.030s) | Generator RTF: 0.0525(0.212s / 4.030s)
generated_audios/generated_H2_256C_int8/61-70970-0030_generated.wav | RTF: 0.0515(0.167s / 3.240s) | Generator RTF: 0.0504(0.163s / 3.240s)
generated_audios/generated_H2_256C_int8/61-70970-0031_generated.wav | RTF: 0.2728(1.401s / 5.135s) | Generator RTF: 0.2721(1.397s / 5.135s)
generated_audios/generated_H2_256C_int8/61-70970-0032_generated.wav | RTF: 0.0465(0.146s / 3.135s) | Generator RTF: 0.0455(0.143s / 3.135s)
generated_audios/generated_H2_256C_int8/61-70970-0033_generated.wav | RTF: 0.2716(0.929s / 3.420s) | Generator RTF: 0.2706(0.926s / 3.420s)
generated_audios/generated_H2_256C_int8/61-70970-0034_generated.wav | RTF: 0.0467(0.210s / 4.485s) | Generator RTF: 0.0459(0.206s / 4.485s)
generated_audios/generated_H2_256C_int8/61-70970-0035_generated.wav | RTF: 0.0506(0.374s / 7.405s) | Generator RTF: 0.0501(0.371s / 7.405s)
generated_audios/generated_H2_256C_int8/61-70970-0036_generated.wav | RTF: 0.0509(0.346s / 6.785s) | Generator RTF: 0.0503(0.342s / 6.785s)
generated_audios/generated_H2_256C_int8/61-70970-0037_generated.wav | RTF: 0.2770(1.656s / 5.980s) | Generator RTF: 0.2764(1.653s / 5.980s)
generated_audios/generated_H2_256C_int8/61-70970-0038_generated.wav | RTF: 0.2800(2.912s / 10.400s) | Generator RTF: 0.2796(2.908s / 10.400s)
generated_audios/generated_H2_256C_int8/61-70970-0039_generated.wav | RTF: 0.0495(0.330s / 6.665s) | Generator RTF: 0.0489(0.326s / 6.665s)
generated_audios/generated_H2_256C_int8/61-70970-0040_generated.wav | RTF: 0.0488(0.203s / 4.165s) | Generator RTF: 0.0479(0.199s / 4.165s)
generated_audios/generated_H2_256C_int8/672-122797-0000_generated.wav | RTF: 0.2791(1.136s / 4.070s) | Generator RTF: 0.2783(1.133s / 4.070s)
generated_audios/generated_H2_256C_int8/672-122797-0001_generated.wav | RTF: 0.2793(4.225s / 15.130s) | Generator RTF: 0.2790(4.221s / 15.130s)
generated_audios/generated_H2_256C_int8/672-122797-0002_generated.wav | RTF: 0.2783(3.790s / 13.620s) | Generator RTF: 0.2779(3.785s / 13.620s)
generated_audios/generated_H2_256C_int8/672-122797-0003_generated.wav | RTF: 0.2836(1.350s / 4.760s) | Generator RTF: 0.2829(1.346s / 4.760s)
generated_audios/generated_H2_256C_int8/672-122797-0004_generated.wav | RTF: 0.2757(2.826s / 10.250s) | Generator RTF: 0.2753(2.822s / 10.250s)
generated_audios/generated_H2_256C_int8/672-122797-0005_generated.wav | RTF: 0.2842(0.927s / 3.260s) | Generator RTF: 0.2832(0.923s / 3.260s)
generated_audios/generated_H2_256C_int8/672-122797-0006_generated.wav | RTF: 0.2831(3.949s / 13.950s) | Generator RTF: 0.2827(3.944s / 13.950s)
generated_audios/generated_H2_256C_int8/672-122797-0007_generated.wav | RTF: 0.2757(1.770s / 6.420s) | Generator RTF: 0.2752(1.767s / 6.420s)
generated_audios/generated_H2_256C_int8/672-122797-0008_generated.wav | RTF: 0.2839(8.747s / 30.810s) | Generator RTF: 0.2837(8.740s / 30.810s)
generated_audios/generated_H2_256C_int8/672-122797-0009_generated.wav | RTF: 0.0513(0.142s / 2.765s) | Generator RTF: 0.0501(0.139s / 2.765s)
generated_audios/generated_H2_256C_int8/672-122797-0010_generated.wav | RTF: 0.0521(0.199s / 3.815s) | Generator RTF: 0.0512(0.195s / 3.815s)
generated_audios/generated_H2_256C_int8/672-122797-0011_generated.wav | RTF: 0.2968(0.754s / 2.540s) | Generator RTF: 0.2955(0.751s / 2.540s)
generated_audios/generated_H2_256C_int8/672-122797-0012_generated.wav | RTF: 0.2866(2.226s / 7.765s) | Generator RTF: 0.2861(2.222s / 7.765s)
generated_audios/generated_H2_256C_int8/672-122797-0013_generated.wav | RTF: 0.2790(2.428s / 8.705s) | Generator RTF: 0.2785(2.425s / 8.705s)
generated_audios/generated_H2_256C_int8/672-122797-0014_generated.wav | RTF: 0.0519(0.133s / 2.555s) | Generator RTF: 0.0506(0.129s / 2.555s)
generated_audios/generated_H2_256C_int8/672-122797-0015_generated.wav | RTF: 0.0498(0.222s / 4.455s) | Generator RTF: 0.0490(0.218s / 4.455s)
generated_audios/generated_H2_256C_int8/672-122797-0016_generated.wav | RTF: 0.2776(2.558s / 9.215s) | Generator RTF: 0.2772(2.554s / 9.215s)
generated_audios/generated_H2_256C_int8/672-122797-0017_generated.wav | RTF: 0.2786(1.343s / 4.820s) | Generator RTF: 0.2778(1.339s / 4.820s)
generated_audios/generated_H2_256C_int8/672-122797-0018_generated.wav | RTF: 0.2740(1.351s / 4.930s) | Generator RTF: 0.2732(1.347s / 4.930s)
generated_audios/generated_H2_256C_int8/672-122797-0019_generated.wav | RTF: 0.2685(1.104s / 4.110s) | Generator RTF: 0.2677(1.100s / 4.110s)
generated_audios/generated_H2_256C_int8/672-122797-0020_generated.wav | RTF: 0.2769(2.444s / 8.825s) | Generator RTF: 0.2765(2.440s / 8.825s)
generated_audios/generated_H2_256C_int8/672-122797-0021_generated.wav | RTF: 0.0504(0.209s / 4.150s) | Generator RTF: 0.0496(0.206s / 4.150s)
generated_audios/generated_H2_256C_int8/672-122797-0022_generated.wav | RTF: 0.2827(5.373s / 19.005s) | Generator RTF: 0.2825(5.368s / 19.005s)
generated_audios/generated_H2_256C_int8/672-122797-0023_generated.wav | RTF: 0.2779(2.694s / 9.695s) | Generator RTF: 0.2776(2.691s / 9.695s)
generated_audios/generated_H2_256C_int8/672-122797-0024_generated.wav | RTF: 0.2756(1.138s / 4.130s) | Generator RTF: 0.2748(1.135s / 4.130s)
generated_audios/generated_H2_256C_int8/672-122797-0025_generated.wav | RTF: 0.2786(2.978s / 10.690s) | Generator RTF: 0.2782(2.974s / 10.690s)
generated_audios/generated_H2_256C_int8/672-122797-0026_generated.wav | RTF: 0.2793(3.899s / 13.960s) | Generator RTF: 0.2790(3.894s / 13.960s)
generated_audios/generated_H2_256C_int8/672-122797-0027_generated.wav | RTF: 0.0527(0.252s / 4.790s) | Generator RTF: 0.0519(0.248s / 4.790s)
generated_audios/generated_H2_256C_int8/672-122797-0028_generated.wav | RTF: 0.0552(0.144s / 2.610s) | Generator RTF: 0.0538(0.140s / 2.610s)
generated_audios/generated_H2_256C_int8/672-122797-0029_generated.wav | RTF: 0.0508(0.155s / 3.050s) | Generator RTF: 0.0497(0.152s / 3.050s)
generated_audios/generated_H2_256C_int8/672-122797-0030_generated.wav | RTF: 0.2710(1.240s / 4.575s) | Generator RTF: 0.2702(1.236s / 4.575s)
generated_audios/generated_H2_256C_int8/672-122797-0031_generated.wav | RTF: 0.0498(0.198s / 3.980s) | Generator RTF: 0.0489(0.195s / 3.980s)
generated_audios/generated_H2_256C_int8/672-122797-0032_generated.wav | RTF: 0.0506(0.202s / 4.000s) | Generator RTF: 0.0497(0.199s / 4.000s)
generated_audios/generated_H2_256C_int8/672-122797-0033_generated.wav | RTF: 0.2839(0.365s / 1.285s) | Generator RTF: 0.2815(0.362s / 1.285s)
generated_audios/generated_H2_256C_int8/672-122797-0034_generated.wav | RTF: 0.0504(0.257s / 5.110s) | Generator RTF: 0.0497(0.254s / 5.110s)
generated_audios/generated_H2_256C_int8/672-122797-0035_generated.wav | RTF: 0.0512(0.149s / 2.900s) | Generator RTF: 0.0501(0.145s / 2.900s)
generated_audios/generated_H2_256C_int8/672-122797-0036_generated.wav | RTF: 0.0511(0.274s / 5.365s) | Generator RTF: 0.0505(0.271s / 5.365s)
generated_audios/generated_H2_256C_int8/672-122797-0037_generated.wav | RTF: 0.2703(0.530s / 1.960s) | Generator RTF: 0.2687(0.527s / 1.960s)
generated_audios/generated_H2_256C_int8/672-122797-0038_generated.wav | RTF: 0.2734(2.406s / 8.800s) | Generator RTF: 0.2729(2.401s / 8.800s)
generated_audios/generated_H2_256C_int8/672-122797-0039_generated.wav | RTF: 0.2736(1.101s / 4.025s) | Generator RTF: 0.2714(1.093s / 4.025s)
generated_audios/generated_H2_256C_int8/672-122797-0040_generated.wav | RTF: 0.0524(0.269s / 5.125s) | Generator RTF: 0.0517(0.265s / 5.125s)
generated_audios/generated_H2_256C_int8/672-122797-0041_generated.wav | RTF: 0.0498(0.193s / 3.880s) | Generator RTF: 0.0489(0.190s / 3.880s)
generated_audios/generated_H2_256C_int8/672-122797-0042_generated.wav | RTF: 0.2802(4.290s / 15.310s) | Generator RTF: 0.2799(4.286s / 15.310s)
generated_audios/generated_H2_256C_int8/672-122797-0043_generated.wav | RTF: 0.0504(0.190s / 3.780s) | Generator RTF: 0.0495(0.187s / 3.780s)
generated_audios/generated_H2_256C_int8/672-122797-0044_generated.wav | RTF: 0.0503(0.188s / 3.740s) | Generator RTF: 0.0494(0.185s / 3.740s)
generated_audios/generated_H2_256C_int8/672-122797-0045_generated.wav | RTF: 0.0527(0.735s / 13.960s) | Generator RTF: 0.0523(0.731s / 13.960s)
generated_audios/generated_H2_256C_int8/672-122797-0046_generated.wav | RTF: 0.2695(1.271s / 4.715s) | Generator RTF: 0.2687(1.267s / 4.715s)
generated_audios/generated_H2_256C_int8/672-122797-0047_generated.wav | RTF: 0.2729(0.908s / 3.325s) | Generator RTF: 0.2719(0.904s / 3.325s)
generated_audios/generated_H2_256C_int8/672-122797-0048_generated.wav | RTF: 0.0518(0.340s / 6.555s) | Generator RTF: 0.0513(0.336s / 6.555s)
generated_audios/generated_H2_256C_int8/672-122797-0049_generated.wav | RTF: 0.0546(0.110s / 2.020s) | Generator RTF: 0.0530(0.107s / 2.020s)
generated_audios/generated_H2_256C_int8/672-122797-0050_generated.wav | RTF: 0.2835(1.377s / 4.855s) | Generator RTF: 0.2828(1.373s / 4.855s)
generated_audios/generated_H2_256C_int8/672-122797-0051_generated.wav | RTF: 0.2745(1.280s / 4.665s) | Generator RTF: 0.2737(1.277s / 4.665s)
generated_audios/generated_H2_256C_int8/672-122797-0052_generated.wav | RTF: 0.2750(1.178s / 4.285s) | Generator RTF: 0.2742(1.175s / 4.285s)
generated_audios/generated_H2_256C_int8/672-122797-0053_generated.wav | RTF: 0.0530(0.157s / 2.955s) | Generator RTF: 0.0518(0.153s / 2.955s)
generated_audios/generated_H2_256C_int8/672-122797-0054_generated.wav | RTF: 0.0509(0.216s / 4.250s) | Generator RTF: 0.0501(0.213s / 4.250s)
generated_audios/generated_H2_256C_int8/672-122797-0055_generated.wav | RTF: 0.2751(2.264s / 8.230s) | Generator RTF: 0.2746(2.260s / 8.230s)
generated_audios/generated_H2_256C_int8/672-122797-0056_generated.wav | RTF: 0.0494(0.258s / 5.225s) | Generator RTF: 0.0487(0.255s / 5.225s)
generated_audios/generated_H2_256C_int8/672-122797-0057_generated.wav | RTF: 0.0493(0.323s / 6.560s) | Generator RTF: 0.0487(0.319s / 6.560s)
generated_audios/generated_H2_256C_int8/672-122797-0058_generated.wav | RTF: 0.2834(1.267s / 4.470s) | Generator RTF: 0.2826(1.263s / 4.470s)
generated_audios/generated_H2_256C_int8/672-122797-0059_generated.wav | RTF: 0.2757(0.971s / 3.520s) | Generator RTF: 0.2748(0.967s / 3.520s)
generated_audios/generated_H2_256C_int8/672-122797-0060_generated.wav | RTF: 0.0554(0.186s / 3.350s) | Generator RTF: 0.0544(0.182s / 3.350s)
generated_audios/generated_H2_256C_int8/672-122797-0061_generated.wav | RTF: 0.2735(2.076s / 7.590s) | Generator RTF: 0.2729(2.072s / 7.590s)
generated_audios/generated_H2_256C_int8/672-122797-0062_generated.wav | RTF: 0.2816(0.753s / 2.675s) | Generator RTF: 0.2803(0.750s / 2.675s)
generated_audios/generated_H2_256C_int8/672-122797-0063_generated.wav | RTF: 0.0503(0.255s / 5.075s) | Generator RTF: 0.0496(0.252s / 5.075s)
generated_audios/generated_H2_256C_int8/672-122797-0064_generated.wav | RTF: 0.2808(4.288s / 15.270s) | Generator RTF: 0.2805(4.284s / 15.270s)
generated_audios/generated_H2_256C_int8/672-122797-0065_generated.wav | RTF: 0.0522(0.158s / 3.030s) | Generator RTF: 0.0511(0.155s / 3.030s)
generated_audios/generated_H2_256C_int8/672-122797-0066_generated.wav | RTF: 0.0512(0.246s / 4.815s) | Generator RTF: 0.0504(0.243s / 4.815s)
generated_audios/generated_H2_256C_int8/672-122797-0067_generated.wav | RTF: 0.2766(3.605s / 13.035s) | Generator RTF: 0.2762(3.601s / 13.035s)
generated_audios/generated_H2_256C_int8/672-122797-0068_generated.wav | RTF: 0.0450(0.181s / 4.020s) | Generator RTF: 0.0441(0.177s / 4.020s)
generated_audios/generated_H2_256C_int8/672-122797-0069_generated.wav | RTF: 0.2777(1.391s / 5.010s) | Generator RTF: 0.2770(1.388s / 5.010s)
generated_audios/generated_H2_256C_int8/672-122797-0070_generated.wav | RTF: 0.2742(1.719s / 6.270s) | Generator RTF: 0.2735(1.715s / 6.270s)
generated_audios/generated_H2_256C_int8/672-122797-0071_generated.wav | RTF: 0.2807(2.492s / 8.875s) | Generator RTF: 0.2803(2.487s / 8.875s)
generated_audios/generated_H2_256C_int8/672-122797-0072_generated.wav | RTF: 0.2745(2.179s / 7.940s) | Generator RTF: 0.2740(2.175s / 7.940s)
generated_audios/generated_H2_256C_int8/672-122797-0073_generated.wav | RTF: 0.2745(2.252s / 8.205s) | Generator RTF: 0.2740(2.248s / 8.205s)
generated_audios/generated_H2_256C_int8/672-122797-0074_generated.wav | RTF: 0.2749(2.400s / 8.730s) | Generator RTF: 0.2744(2.396s / 8.730s)
generated_audios/generated_H2_256C_int8/908-157963-0000_generated.wav | RTF: 0.2757(3.480s / 12.620s) | Generator RTF: 0.2754(3.476s / 12.620s)
generated_audios/generated_H2_256C_int8/908-157963-0001_generated.wav | RTF: 0.2746(0.792s / 2.885s) | Generator RTF: 0.2735(0.789s / 2.885s)
generated_audios/generated_H2_256C_int8/908-157963-0002_generated.wav | RTF: 0.2673(0.736s / 2.755s) | Generator RTF: 0.2662(0.733s / 2.755s)
generated_audios/generated_H2_256C_int8/908-157963-0003_generated.wav | RTF: 0.2744(0.845s / 3.080s) | Generator RTF: 0.2733(0.842s / 3.080s)
generated_audios/generated_H2_256C_int8/908-157963-0004_generated.wav | RTF: 0.2789(3.903s / 13.990s) | Generator RTF: 0.2787(3.898s / 13.990s)
generated_audios/generated_H2_256C_int8/908-157963-0005_generated.wav | RTF: 0.2762(1.943s / 7.035s) | Generator RTF: 0.2756(1.939s / 7.035s)
generated_audios/generated_H2_256C_int8/908-157963-0006_generated.wav | RTF: 0.2768(2.245s / 8.110s) | Generator RTF: 0.2763(2.240s / 8.110s)
generated_audios/generated_H2_256C_int8/908-157963-0007_generated.wav | RTF: 0.2839(9.303s / 32.770s) | Generator RTF: 0.2837(9.296s / 32.770s)
generated_audios/generated_H2_256C_int8/908-157963-0008_generated.wav | RTF: 0.2793(5.571s / 19.950s) | Generator RTF: 0.2790(5.566s / 19.950s)
generated_audios/generated_H2_256C_int8/908-157963-0009_generated.wav | RTF: 0.2727(1.107s / 4.060s) | Generator RTF: 0.2718(1.103s / 4.060s)
generated_audios/generated_H2_256C_int8/908-157963-0010_generated.wav | RTF: 0.0464(0.291s / 6.280s) | Generator RTF: 0.0458(0.287s / 6.280s)
generated_audios/generated_H2_256C_int8/908-157963-0011_generated.wav | RTF: 0.0534(0.555s / 10.395s) | Generator RTF: 0.0531(0.552s / 10.395s)
generated_audios/generated_H2_256C_int8/908-157963-0012_generated.wav | RTF: 0.2774(2.799s / 10.090s) | Generator RTF: 0.2771(2.796s / 10.090s)
generated_audios/generated_H2_256C_int8/908-157963-0013_generated.wav | RTF: 0.0501(0.216s / 4.315s) | Generator RTF: 0.0492(0.212s / 4.315s)
generated_audios/generated_H2_256C_int8/908-157963-0014_generated.wav | RTF: 0.0492(0.222s / 4.520s) | Generator RTF: 0.0485(0.219s / 4.520s)
generated_audios/generated_H2_256C_int8/908-157963-0015_generated.wav | RTF: 0.2782(4.024s / 14.465s) | Generator RTF: 0.2779(4.020s / 14.465s)
generated_audios/generated_H2_256C_int8/908-157963-0016_generated.wav | RTF: 0.0494(0.252s / 5.105s) | Generator RTF: 0.0487(0.248s / 5.105s)
generated_audios/generated_H2_256C_int8/908-157963-0017_generated.wav | RTF: 0.2659(1.316s / 4.950s) | Generator RTF: 0.2652(1.313s / 4.950s)
generated_audios/generated_H2_256C_int8/908-157963-0018_generated.wav | RTF: 0.0489(0.208s / 4.255s) | Generator RTF: 0.0481(0.205s / 4.255s)
generated_audios/generated_H2_256C_int8/908-157963-0019_generated.wav | RTF: 0.2821(6.048s / 21.440s) | Generator RTF: 0.2819(6.043s / 21.440s)
generated_audios/generated_H2_256C_int8/908-157963-0020_generated.wav | RTF: 0.2762(2.707s / 9.800s) | Generator RTF: 0.2759(2.703s / 9.800s)
generated_audios/generated_H2_256C_int8/908-157963-0021_generated.wav | RTF: 0.0519(0.531s / 10.240s) | Generator RTF: 0.0515(0.528s / 10.240s)
generated_audios/generated_H2_256C_int8/908-157963-0022_generated.wav | RTF: 0.2774(1.279s / 4.610s) | Generator RTF: 0.2768(1.276s / 4.610s)
generated_audios/generated_H2_256C_int8/908-157963-0023_generated.wav | RTF: 0.2753(2.650s / 9.625s) | Generator RTF: 0.2749(2.645s / 9.625s)
generated_audios/generated_H2_256C_int8/908-157963-0024_generated.wav | RTF: 0.2736(0.941s / 3.440s) | Generator RTF: 0.2727(0.938s / 3.440s)
generated_audios/generated_H2_256C_int8/908-157963-0025_generated.wav | RTF: 0.2736(2.535s / 9.265s) | Generator RTF: 0.2732(2.531s / 9.265s)
generated_audios/generated_H2_256C_int8/908-157963-0026_generated.wav | RTF: 0.2748(2.226s / 8.100s) | Generator RTF: 0.2743(2.222s / 8.100s)
generated_audios/generated_H2_256C_int8/908-157963-0027_generated.wav | RTF: 0.0498(0.260s / 5.225s) | Generator RTF: 0.0491(0.256s / 5.225s)
generated_audios/generated_H2_256C_int8/908-157963-0028_generated.wav | RTF: 0.0451(0.224s / 4.955s) | Generator RTF: 0.0445(0.220s / 4.955s)
generated_audios/generated_H2_256C_int8/908-157963-0029_generated.wav | RTF: 0.2659(0.965s / 3.630s) | Generator RTF: 0.2649(0.962s / 3.630s)
generated_audios/generated_H2_256C_int8/908-157963-0030_generated.wav | RTF: 0.0447(0.202s / 4.520s) | Generator RTF: 0.0439(0.198s / 4.520s)
generated_audios/generated_H2_256C_int8/908-31957-0000_generated.wav | RTF: 0.2680(0.570s / 2.125s) | Generator RTF: 0.2665(0.566s / 2.125s)
generated_audios/generated_H2_256C_int8/908-31957-0001_generated.wav | RTF: 0.2754(3.116s / 11.315s) | Generator RTF: 0.2750(3.111s / 11.315s)
generated_audios/generated_H2_256C_int8/908-31957-0002_generated.wav | RTF: 0.0499(0.239s / 4.790s) | Generator RTF: 0.0492(0.236s / 4.790s)
generated_audios/generated_H2_256C_int8/908-31957-0003_generated.wav | RTF: 0.0503(0.330s / 6.565s) | Generator RTF: 0.0498(0.327s / 6.565s)
generated_audios/generated_H2_256C_int8/908-31957-0004_generated.wav | RTF: 0.2792(4.120s / 14.755s) | Generator RTF: 0.2790(4.116s / 14.755s)
generated_audios/generated_H2_256C_int8/908-31957-0005_generated.wav | RTF: 0.0486(0.218s / 4.490s) | Generator RTF: 0.0478(0.215s / 4.490s)
generated_audios/generated_H2_256C_int8/908-31957-0006_generated.wav | RTF: 0.2670(1.572s / 5.890s) | Generator RTF: 0.2664(1.569s / 5.890s)
generated_audios/generated_H2_256C_int8/908-31957-0007_generated.wav | RTF: 0.0505(0.293s / 5.800s) | Generator RTF: 0.0498(0.289s / 5.800s)
generated_audios/generated_H2_256C_int8/908-31957-0008_generated.wav | RTF: 0.2743(2.745s / 10.005s) | Generator RTF: 0.2740(2.741s / 10.005s)
generated_audios/generated_H2_256C_int8/908-31957-0009_generated.wav | RTF: 0.2722(2.097s / 7.705s) | Generator RTF: 0.2717(2.093s / 7.705s)
generated_audios/generated_H2_256C_int8/908-31957-0010_generated.wav | RTF: 0.2687(0.674s / 2.510s) | Generator RTF: 0.2674(0.671s / 2.510s)
generated_audios/generated_H2_256C_int8/908-31957-0011_generated.wav | RTF: 0.0522(0.122s / 2.335s) | Generator RTF: 0.0508(0.119s / 2.335s)
generated_audios/generated_H2_256C_int8/908-31957-0012_generated.wav | RTF: 0.2720(2.072s / 7.615s) | Generator RTF: 0.2716(2.068s / 7.615s)
generated_audios/generated_H2_256C_int8/908-31957-0013_generated.wav | RTF: 0.2770(1.712s / 6.180s) | Generator RTF: 0.2764(1.708s / 6.180s)
generated_audios/generated_H2_256C_int8/908-31957-0014_generated.wav | RTF: 0.2723(2.059s / 7.560s) | Generator RTF: 0.2718(2.055s / 7.560s)
generated_audios/generated_H2_256C_int8/908-31957-0015_generated.wav | RTF: 0.2836(6.087s / 21.465s) | Generator RTF: 0.2833(6.082s / 21.465s)
generated_audios/generated_H2_256C_int8/908-31957-0016_generated.wav | RTF: 0.2743(1.777s / 6.480s) | Generator RTF: 0.2738(1.775s / 6.480s)
generated_audios/generated_H2_256C_int8/908-31957-0017_generated.wav | RTF: 0.2775(2.163s / 7.795s) | Generator RTF: 0.2770(2.159s / 7.795s)
generated_audios/generated_H2_256C_int8/908-31957-0018_generated.wav | RTF: 0.2718(1.064s / 3.915s) | Generator RTF: 0.2710(1.061s / 3.915s)
generated_audios/generated_H2_256C_int8/908-31957-0019_generated.wav | RTF: 0.2788(2.660s / 9.540s) | Generator RTF: 0.2784(2.656s / 9.540s)
generated_audios/generated_H2_256C_int8/908-31957-0020_generated.wav | RTF: 0.0487(0.287s / 5.895s) | Generator RTF: 0.0481(0.283s / 5.895s)
generated_audios/generated_H2_256C_int8/908-31957-0021_generated.wav | RTF: 0.2750(2.999s / 10.905s) | Generator RTF: 0.2746(2.995s / 10.905s)
generated_audios/generated_H2_256C_int8/908-31957-0022_generated.wav | RTF: 0.2791(3.935s / 14.100s) | Generator RTF: 0.2788(3.930s / 14.100s)
generated_audios/generated_H2_256C_int8/908-31957-0023_generated.wav | RTF: 0.2735(2.329s / 8.515s) | Generator RTF: 0.2731(2.325s / 8.515s)
generated_audios/generated_H2_256C_int8/908-31957-0024_generated.wav | RTF: 0.2741(2.067s / 7.540s) | Generator RTF: 0.2736(2.063s / 7.540s)
generated_audios/generated_H2_256C_int8/908-31957-0025_generated.wav | RTF: 0.2948(6.061s / 20.560s) | Generator RTF: 0.2945(6.055s / 20.560s)
Average RTF: 0.2038(643.854s / 3159.849s)
Average Generator RTF: 0.2032(642.045s / 3159.849s)
Evaluation summary:
  Mel-spectrogram L1: 1.323808
  PESQ: 1.402917
  STOI: 0.824420
Appended per-audio metrics to CSV: per_audio_results/H2_quantized_resblocks_range_1_10

Appended metrics to CSV: experiments_results.csv
Appended to experiments_results.csv:
H2_256C_quantized_resblocks_range_2_9,3555841,8.788,0.2096,0.2091,1.4011399405002594,0.8240603791034081,1.326848338663578
========== Done ==========
=== JOB_STATISTICS ===
=== current date     : Sun Jul  5 01:58:05 PM CEST 2026
= Job-ID             : 1428674 on tinyfat
= Job-Name           : inference_256ch_h1-4
= Job-Command        : /home/hpc/vlbi/vlbi107v/hifi-gan/inference_Test.sh
= Initial workdir    : /home/hpc/vlbi/vlbi107v/hifi-gan
= Queue/Partition    : work
= Slurm account      : vlbi with QOS=normal
= Requested resources:  for 1-00:00:00
= Elapsed runtime    : 00:14:27
= Total RAM usage    : 13.2 GiB of requested  GiB (%)   
= Node list          : tf060
= Subm/Elig/Start/End: 2026-07-05T13:43:38 / 2026-07-05T13:43:38 / 2026-07-05T13:43:38 / 2026-07-05T13:58:05
======================
=== Quota infos ======
    Path                 Used     SoftQ    HardQ    Gracetime  Filec    FileQ    FiHaQ    FileGrace    
    /home/woody           281.2G  1000.0G  1500.0G        N/A     118K   5,000K   7,500K        N/A    
    /home/hpc              92.1G   104.9G   209.7G        N/A      85K     500K   1,000K        N/A    
======================
