### Starting TaskPrologue of job 1367714 on tf063 at Fri May 29 12:00:48 PM CEST 2026
Running on cores 0-7,64-71 with governor ondemand
No GPU known
### Finished TaskPrologue

==========(sbatch.tinyfat) Inference: 128 Channels (g_05540000) ==========
========== H1: baseline (no compression) ==========
Initializing Inference Process..
Using device: cpu (baseline and quantized inference both run on CPU)
Loading '/home/hpc/vlbi/vlbi107v/hifi-gan/cp_hifigan/v1_c128/g_05540000'
Complete.
Removing weight norm...
Loaded checkpoint: /home/hpc/vlbi/vlbi107v/hifi-gan/cp_hifigan/v1_c128/g_05540000 (3.617 MB)
Generator parameters: 925,985
generated_audios/generated_H1_128C/61-70968-0004_generated.wav | RTF: 0.3155(1.226s / 3.885s)
generated_audios/generated_H1_128C/61-70968-0019_generated.wav | RTF: 0.2480(1.358s / 5.475s)
generated_audios/generated_H1_128C/61-70968-0014_generated.wav | RTF: 0.2671(1.999s / 7.485s)
generated_audios/generated_H1_128C/61-70968-0001_generated.wav | RTF: 0.2608(0.941s / 3.610s)
generated_audios/generated_H1_128C/61-70968-0015_generated.wav | RTF: 0.2478(1.332s / 5.375s)
generated_audios/generated_H1_128C/61-70968-0009_generated.wav | RTF: 0.2675(1.207s / 4.510s)
generated_audios/generated_H1_128C/61-70968-0011_generated.wav | RTF: 0.2500(1.594s / 6.375s)
generated_audios/generated_H1_128C/61-70968-0017_generated.wav | RTF: 0.2728(1.394s / 5.110s)
generated_audios/generated_H1_128C/61-70968-0007_generated.wav | RTF: 0.2809(0.997s / 3.550s)
generated_audios/generated_H1_128C/61-70968-0016_generated.wav | RTF: 0.2707(1.007s / 3.720s)
generated_audios/generated_H1_128C/61-70968-0003_generated.wav | RTF: 0.2657(1.146s / 4.315s)
generated_audios/generated_H1_128C/61-70968-0005_generated.wav | RTF: 0.2655(1.346s / 5.070s)
generated_audios/generated_H1_128C/61-70968-0006_generated.wav | RTF: 0.2491(0.731s / 2.935s)
generated_audios/generated_H1_128C/61-70968-0008_generated.wav | RTF: 0.2651(0.937s / 3.535s)
generated_audios/generated_H1_128C/61-70968-0000_generated.wav | RTF: 0.2651(1.300s / 4.905s)
generated_audios/generated_H1_128C/61-70968-0013_generated.wav | RTF: 0.2659(1.183s / 4.450s)
generated_audios/generated_H1_128C/61-70968-0002_generated.wav | RTF: 0.2555(0.759s / 2.970s)
generated_audios/generated_H1_128C/61-70968-0018_generated.wav | RTF: 0.2549(0.613s / 2.405s)
generated_audios/generated_H1_128C/61-70968-0010_generated.wav | RTF: 0.2516(2.087s / 8.295s)
generated_audios/generated_H1_128C/61-70968-0012_generated.wav | RTF: 0.2586(0.675s / 2.610s)
Average RTF: 0.2631(23.833s / 90.585s)
Evaluation summary:
  Mel-spectrogram L1: 0.310874
  PESQ: 2.074673
  STOI: 0.926944

Appended metrics to CSV: experiments_results.csv
========== H2: quantized (INT8 dynamic quantization) ==========
Initializing Inference Process..
Using device: cpu (baseline and quantized inference both run on CPU)
Quantization enabled: forcing CPU inference for INT8 model.
Loading '/home/hpc/vlbi/vlbi107v/hifi-gan/cp_hifigan/v1_c128/g_05540000'
Complete.
Removing weight norm...
Loaded checkpoint: /home/hpc/vlbi/vlbi107v/hifi-gan/cp_hifigan/v1_c128/g_05540000 (3.617 MB)
Generator parameters: 925,985
generated_audios/generated_H2_128C_int8/61-70968-0004_generated.wav | RTF: 0.2864(1.113s / 3.885s)
generated_audios/generated_H2_128C_int8/61-70968-0019_generated.wav | RTF: 0.2487(1.362s / 5.475s)
generated_audios/generated_H2_128C_int8/61-70968-0014_generated.wav | RTF: 0.2624(1.964s / 7.485s)
generated_audios/generated_H2_128C_int8/61-70968-0001_generated.wav | RTF: 0.2604(0.940s / 3.610s)
generated_audios/generated_H2_128C_int8/61-70968-0015_generated.wav | RTF: 0.2484(1.335s / 5.375s)
generated_audios/generated_H2_128C_int8/61-70968-0009_generated.wav | RTF: 0.2657(1.198s / 4.510s)
generated_audios/generated_H2_128C_int8/61-70968-0011_generated.wav | RTF: 0.2593(1.653s / 6.375s)
generated_audios/generated_H2_128C_int8/61-70968-0017_generated.wav | RTF: 0.2699(1.379s / 5.110s)
generated_audios/generated_H2_128C_int8/61-70968-0007_generated.wav | RTF: 0.2615(0.928s / 3.550s)
generated_audios/generated_H2_128C_int8/61-70968-0016_generated.wav | RTF: 0.2596(0.966s / 3.720s)
generated_audios/generated_H2_128C_int8/61-70968-0003_generated.wav | RTF: 0.2562(1.106s / 4.315s)
generated_audios/generated_H2_128C_int8/61-70968-0005_generated.wav | RTF: 0.2663(1.350s / 5.070s)
generated_audios/generated_H2_128C_int8/61-70968-0006_generated.wav | RTF: 0.2495(0.732s / 2.935s)
generated_audios/generated_H2_128C_int8/61-70968-0008_generated.wav | RTF: 0.2656(0.939s / 3.535s)
generated_audios/generated_H2_128C_int8/61-70968-0000_generated.wav | RTF: 0.2715(1.332s / 4.905s)
generated_audios/generated_H2_128C_int8/61-70968-0013_generated.wav | RTF: 0.2700(1.201s / 4.450s)
generated_audios/generated_H2_128C_int8/61-70968-0002_generated.wav | RTF: 0.2574(0.765s / 2.970s)
generated_audios/generated_H2_128C_int8/61-70968-0018_generated.wav | RTF: 0.2564(0.617s / 2.405s)
generated_audios/generated_H2_128C_int8/61-70968-0010_generated.wav | RTF: 0.2549(2.115s / 8.295s)
generated_audios/generated_H2_128C_int8/61-70968-0012_generated.wav | RTF: 0.2602(0.679s / 2.610s)
Average RTF: 0.2613(23.673s / 90.585s)
Evaluation summary:
  Mel-spectrogram L1: 0.310874
  PESQ: 2.074673
  STOI: 0.926944

Appended metrics to CSV: experiments_results.csv
========== H3: pruning 30% ==========
Initializing Inference Process..
Using device: cpu (baseline and quantized inference both run on CPU)
Loading '/home/hpc/vlbi/vlbi107v/hifi-gan/cp_hifigan/v1_c128/g_05540000'
Complete.
Removing weight norm...
Applying structured pruning with ratio 0.30...
Pruning Conv1d: dim=0, amount=0.3
Done pruning Conv1d
Pruning ConvTranspose1d: dim=1, amount=0.3
Done pruning ConvTranspose1d
Pruning ConvTranspose1d: dim=1, amount=0.3
Done pruning ConvTranspose1d
Pruning ConvTranspose1d: dim=1, amount=0.3
Done pruning ConvTranspose1d
Pruning ConvTranspose1d: dim=1, amount=0.3
Done pruning ConvTranspose1d
Pruning Conv1d: dim=0, amount=0.3
Done pruning Conv1d
Pruning Conv1d: dim=0, amount=0.3
Done pruning Conv1d
Pruning Conv1d: dim=0, amount=0.3
Done pruning Conv1d
Pruning Conv1d: dim=0, amount=0.3
Done pruning Conv1d
Pruning Conv1d: dim=0, amount=0.3
Done pruning Conv1d
Pruning Conv1d: dim=0, amount=0.3
Done pruning Conv1d
Pruning Conv1d: dim=0, amount=0.3
Done pruning Conv1d
Pruning Conv1d: dim=0, amount=0.3
Done pruning Conv1d
Pruning Conv1d: dim=0, amount=0.3
Done pruning Conv1d
Pruning Conv1d: dim=0, amount=0.3
Done pruning Conv1d
Pruning Conv1d: dim=0, amount=0.3
Done pruning Conv1d
Pruning Conv1d: dim=0, amount=0.3
Done pruning Conv1d
Pruning Conv1d: dim=0, amount=0.3
Done pruning Conv1d
Pruning Conv1d: dim=0, amount=0.3
Done pruning Conv1d
Pruning Conv1d: dim=0, amount=0.3
Done pruning Conv1d
Pruning Conv1d: dim=0, amount=0.3
Done pruning Conv1d
Pruning Conv1d: dim=0, amount=0.3
Done pruning Conv1d
Pruning Conv1d: dim=0, amount=0.3
Done pruning Conv1d
Pruning Conv1d: dim=0, amount=0.3
Done pruning Conv1d
Pruning Conv1d: dim=0, amount=0.3
Done pruning Conv1d
Pruning Conv1d: dim=0, amount=0.3
Done pruning Conv1d
Pruning Conv1d: dim=0, amount=0.3
Done pruning Conv1d
Pruning Conv1d: dim=0, amount=0.3
Done pruning Conv1d
Pruning Conv1d: dim=0, amount=0.3
Done pruning Conv1d
Pruning Conv1d: dim=0, amount=0.3
Done pruning Conv1d
Pruning Conv1d: dim=0, amount=0.3
Done pruning Conv1d
Pruning Conv1d: dim=0, amount=0.3
Done pruning Conv1d
Pruning Conv1d: dim=0, amount=0.3
Done pruning Conv1d
Pruning Conv1d: dim=0, amount=0.3
Done pruning Conv1d
Pruning Conv1d: dim=0, amount=0.3
Done pruning Conv1d
Pruning Conv1d: dim=0, amount=0.3
Done pruning Conv1d
Pruning Conv1d: dim=0, amount=0.3
Done pruning Conv1d
Pruning Conv1d: dim=0, amount=0.3
Done pruning Conv1d
Pruning Conv1d: dim=0, amount=0.3
Done pruning Conv1d
Pruning Conv1d: dim=0, amount=0.3
Done pruning Conv1d
Pruning Conv1d: dim=0, amount=0.3
Done pruning Conv1d
Pruning Conv1d: dim=0, amount=0.3
Done pruning Conv1d
Pruning Conv1d: dim=0, amount=0.3
Done pruning Conv1d
Pruning Conv1d: dim=0, amount=0.3
Done pruning Conv1d
Pruning Conv1d: dim=0, amount=0.3
Done pruning Conv1d
Pruning Conv1d: dim=0, amount=0.3
Done pruning Conv1d
Pruning Conv1d: dim=0, amount=0.3
Done pruning Conv1d
Pruning Conv1d: dim=0, amount=0.3
Done pruning Conv1d
Pruning Conv1d: dim=0, amount=0.3
Done pruning Conv1d
Pruning Conv1d: dim=0, amount=0.3
Done pruning Conv1d
Pruning Conv1d: dim=0, amount=0.3
Done pruning Conv1d
Pruning Conv1d: dim=0, amount=0.3
Done pruning Conv1d
Pruning Conv1d: dim=0, amount=0.3
Done pruning Conv1d
Pruning Conv1d: dim=0, amount=0.3
Done pruning Conv1d
Pruning Conv1d: dim=0, amount=0.3
Done pruning Conv1d
Pruning Conv1d: dim=0, amount=0.3
Done pruning Conv1d
Pruning Conv1d: dim=0, amount=0.3
Done pruning Conv1d
Pruning Conv1d: dim=0, amount=0.3
Done pruning Conv1d
Pruning Conv1d: dim=0, amount=0.3
Done pruning Conv1d
Pruning Conv1d: dim=0, amount=0.3
Done pruning Conv1d
Pruning Conv1d: dim=0, amount=0.3
Done pruning Conv1d
Pruning Conv1d: dim=0, amount=0.3
Done pruning Conv1d
Pruning Conv1d: dim=0, amount=0.3
Done pruning Conv1d
Pruning Conv1d: dim=0, amount=0.3
Done pruning Conv1d
Pruning Conv1d: dim=0, amount=0.3
Done pruning Conv1d
Pruning Conv1d: dim=0, amount=0.3
Done pruning Conv1d
Pruning Conv1d: dim=0, amount=0.3
Done pruning Conv1d
Pruning Conv1d: dim=0, amount=0.3
Done pruning Conv1d
Pruning Conv1d: dim=0, amount=0.3
Done pruning Conv1d
Pruning Conv1d: dim=0, amount=0.3
Done pruning Conv1d
Pruning Conv1d: dim=0, amount=0.3
Done pruning Conv1d
Pruning Conv1d: dim=0, amount=0.3
Done pruning Conv1d
Pruning Conv1d: dim=0, amount=0.3
Done pruning Conv1d
Pruning Conv1d: dim=0, amount=0.3
Done pruning Conv1d
Pruning Conv1d: dim=0, amount=0.3
Done pruning Conv1d
Pruning Conv1d: dim=0, amount=0.3
Done pruning Conv1d
Pruning Conv1d: dim=0, amount=0.3
Done pruning Conv1d
Pruning Conv1d: dim=0, amount=0.3
Done pruning Conv1d
Loaded checkpoint: /home/hpc/vlbi/vlbi107v/hifi-gan/cp_hifigan/v1_c128/g_05540000 (3.617 MB)
Generator parameters: 925,985
generated_audios/generated_H3_128C_pruned30/61-70968-0004_generated.wav | RTF: 0.2877(1.118s / 3.885s)
generated_audios/generated_H3_128C_pruned30/61-70968-0019_generated.wav | RTF: 0.2532(1.386s / 5.475s)
generated_audios/generated_H3_128C_pruned30/61-70968-0014_generated.wav | RTF: 0.2697(2.019s / 7.485s)
generated_audios/generated_H3_128C_pruned30/61-70968-0001_generated.wav | RTF: 0.2660(0.960s / 3.610s)
generated_audios/generated_H3_128C_pruned30/61-70968-0015_generated.wav | RTF: 0.2547(1.369s / 5.375s)
generated_audios/generated_H3_128C_pruned30/61-70968-0009_generated.wav | RTF: 0.2651(1.196s / 4.510s)
generated_audios/generated_H3_128C_pruned30/61-70968-0011_generated.wav | RTF: 0.2564(1.635s / 6.375s)
generated_audios/generated_H3_128C_pruned30/61-70968-0017_generated.wav | RTF: 0.2651(1.355s / 5.110s)
generated_audios/generated_H3_128C_pruned30/61-70968-0007_generated.wav | RTF: 0.2602(0.924s / 3.550s)
generated_audios/generated_H3_128C_pruned30/61-70968-0016_generated.wav | RTF: 0.2684(0.999s / 3.720s)
generated_audios/generated_H3_128C_pruned30/61-70968-0003_generated.wav | RTF: 0.2662(1.149s / 4.315s)
generated_audios/generated_H3_128C_pruned30/61-70968-0005_generated.wav | RTF: 0.2654(1.346s / 5.070s)
generated_audios/generated_H3_128C_pruned30/61-70968-0006_generated.wav | RTF: 0.2659(0.780s / 2.935s)
generated_audios/generated_H3_128C_pruned30/61-70968-0008_generated.wav | RTF: 0.2757(0.975s / 3.535s)
generated_audios/generated_H3_128C_pruned30/61-70968-0000_generated.wav | RTF: 0.2694(1.321s / 4.905s)
generated_audios/generated_H3_128C_pruned30/61-70968-0013_generated.wav | RTF: 0.3247(1.445s / 4.450s)
generated_audios/generated_H3_128C_pruned30/61-70968-0002_generated.wav | RTF: 0.2611(0.775s / 2.970s)
generated_audios/generated_H3_128C_pruned30/61-70968-0018_generated.wav | RTF: 0.2600(0.625s / 2.405s)
generated_audios/generated_H3_128C_pruned30/61-70968-0010_generated.wav | RTF: 0.2560(2.123s / 8.295s)
generated_audios/generated_H3_128C_pruned30/61-70968-0012_generated.wav | RTF: 0.2631(0.687s / 2.610s)
Average RTF: 0.2670(24.185s / 90.585s)
Evaluation summary:
  Mel-spectrogram L1: 3.233988
  PESQ: 1.063696
  STOI: 0.264611

Appended metrics to CSV: experiments_results.csv
========== H3: pruning 50% ==========
Initializing Inference Process..
Using device: cpu (baseline and quantized inference both run on CPU)
Loading '/home/hpc/vlbi/vlbi107v/hifi-gan/cp_hifigan/v1_c128/g_05540000'
Complete.
Removing weight norm...
Applying structured pruning with ratio 0.50...
Pruning Conv1d: dim=0, amount=0.5
Done pruning Conv1d
Pruning ConvTranspose1d: dim=1, amount=0.5
Done pruning ConvTranspose1d
Pruning ConvTranspose1d: dim=1, amount=0.5
Done pruning ConvTranspose1d
Pruning ConvTranspose1d: dim=1, amount=0.5
Done pruning ConvTranspose1d
Pruning ConvTranspose1d: dim=1, amount=0.5
Done pruning ConvTranspose1d
Pruning Conv1d: dim=0, amount=0.5
Done pruning Conv1d
Pruning Conv1d: dim=0, amount=0.5
Done pruning Conv1d
Pruning Conv1d: dim=0, amount=0.5
Done pruning Conv1d
Pruning Conv1d: dim=0, amount=0.5
Done pruning Conv1d
Pruning Conv1d: dim=0, amount=0.5
Done pruning Conv1d
Pruning Conv1d: dim=0, amount=0.5
Done pruning Conv1d
Pruning Conv1d: dim=0, amount=0.5
Done pruning Conv1d
Pruning Conv1d: dim=0, amount=0.5
Done pruning Conv1d
Pruning Conv1d: dim=0, amount=0.5
Done pruning Conv1d
Pruning Conv1d: dim=0, amount=0.5
Done pruning Conv1d
Pruning Conv1d: dim=0, amount=0.5
Done pruning Conv1d
Pruning Conv1d: dim=0, amount=0.5
Done pruning Conv1d
Pruning Conv1d: dim=0, amount=0.5
Done pruning Conv1d
Pruning Conv1d: dim=0, amount=0.5
Done pruning Conv1d
Pruning Conv1d: dim=0, amount=0.5
Done pruning Conv1d
Pruning Conv1d: dim=0, amount=0.5
Done pruning Conv1d
Pruning Conv1d: dim=0, amount=0.5
Done pruning Conv1d
Pruning Conv1d: dim=0, amount=0.5
Done pruning Conv1d
Pruning Conv1d: dim=0, amount=0.5
Done pruning Conv1d
Pruning Conv1d: dim=0, amount=0.5
Done pruning Conv1d
Pruning Conv1d: dim=0, amount=0.5
Done pruning Conv1d
Pruning Conv1d: dim=0, amount=0.5
Done pruning Conv1d
Pruning Conv1d: dim=0, amount=0.5
Done pruning Conv1d
Pruning Conv1d: dim=0, amount=0.5
Done pruning Conv1d
Pruning Conv1d: dim=0, amount=0.5
Done pruning Conv1d
Pruning Conv1d: dim=0, amount=0.5
Done pruning Conv1d
Pruning Conv1d: dim=0, amount=0.5
Done pruning Conv1d
Pruning Conv1d: dim=0, amount=0.5
Done pruning Conv1d
Pruning Conv1d: dim=0, amount=0.5
Done pruning Conv1d
Pruning Conv1d: dim=0, amount=0.5
Done pruning Conv1d
Pruning Conv1d: dim=0, amount=0.5
Done pruning Conv1d
Pruning Conv1d: dim=0, amount=0.5
Done pruning Conv1d
Pruning Conv1d: dim=0, amount=0.5
Done pruning Conv1d
Pruning Conv1d: dim=0, amount=0.5
Done pruning Conv1d
Pruning Conv1d: dim=0, amount=0.5
Done pruning Conv1d
Pruning Conv1d: dim=0, amount=0.5
Done pruning Conv1d
Pruning Conv1d: dim=0, amount=0.5
Done pruning Conv1d
Pruning Conv1d: dim=0, amount=0.5
Done pruning Conv1d
Pruning Conv1d: dim=0, amount=0.5
Done pruning Conv1d
Pruning Conv1d: dim=0, amount=0.5
Done pruning Conv1d
Pruning Conv1d: dim=0, amount=0.5
Done pruning Conv1d
Pruning Conv1d: dim=0, amount=0.5
Done pruning Conv1d
Pruning Conv1d: dim=0, amount=0.5
Done pruning Conv1d
Pruning Conv1d: dim=0, amount=0.5
Done pruning Conv1d
Pruning Conv1d: dim=0, amount=0.5
Done pruning Conv1d
Pruning Conv1d: dim=0, amount=0.5
Done pruning Conv1d
Pruning Conv1d: dim=0, amount=0.5
Done pruning Conv1d
Pruning Conv1d: dim=0, amount=0.5
Done pruning Conv1d
Pruning Conv1d: dim=0, amount=0.5
Done pruning Conv1d
Pruning Conv1d: dim=0, amount=0.5
Done pruning Conv1d
Pruning Conv1d: dim=0, amount=0.5
Done pruning Conv1d
Pruning Conv1d: dim=0, amount=0.5
Done pruning Conv1d
Pruning Conv1d: dim=0, amount=0.5
Done pruning Conv1d
Pruning Conv1d: dim=0, amount=0.5
Done pruning Conv1d
Pruning Conv1d: dim=0, amount=0.5
Done pruning Conv1d
Pruning Conv1d: dim=0, amount=0.5
Done pruning Conv1d
Pruning Conv1d: dim=0, amount=0.5
Done pruning Conv1d
Pruning Conv1d: dim=0, amount=0.5
Done pruning Conv1d
Pruning Conv1d: dim=0, amount=0.5
Done pruning Conv1d
Pruning Conv1d: dim=0, amount=0.5
Done pruning Conv1d
Pruning Conv1d: dim=0, amount=0.5
Done pruning Conv1d
Pruning Conv1d: dim=0, amount=0.5
Done pruning Conv1d
Pruning Conv1d: dim=0, amount=0.5
Done pruning Conv1d
Pruning Conv1d: dim=0, amount=0.5
Done pruning Conv1d
Pruning Conv1d: dim=0, amount=0.5
Done pruning Conv1d
Pruning Conv1d: dim=0, amount=0.5
Done pruning Conv1d
Pruning Conv1d: dim=0, amount=0.5
Done pruning Conv1d
Pruning Conv1d: dim=0, amount=0.5
Done pruning Conv1d
Pruning Conv1d: dim=0, amount=0.5
Done pruning Conv1d
Pruning Conv1d: dim=0, amount=0.5
Done pruning Conv1d
Pruning Conv1d: dim=0, amount=0.5
Done pruning Conv1d
Pruning Conv1d: dim=0, amount=0.5
Done pruning Conv1d
Pruning Conv1d: dim=0, amount=0.5
Done pruning Conv1d
Loaded checkpoint: /home/hpc/vlbi/vlbi107v/hifi-gan/cp_hifigan/v1_c128/g_05540000 (3.617 MB)
Generator parameters: 925,985
generated_audios/generated_H3_128C_pruned50/61-70968-0004_generated.wav | RTF: 0.2707(1.052s / 3.885s)
generated_audios/generated_H3_128C_pruned50/61-70968-0019_generated.wav | RTF: 0.2500(1.369s / 5.475s)
generated_audios/generated_H3_128C_pruned50/61-70968-0014_generated.wav | RTF: 0.2627(1.966s / 7.485s)
generated_audios/generated_H3_128C_pruned50/61-70968-0001_generated.wav | RTF: 0.2652(0.957s / 3.610s)
generated_audios/generated_H3_128C_pruned50/61-70968-0015_generated.wav | RTF: 0.2505(1.346s / 5.375s)
generated_audios/generated_H3_128C_pruned50/61-70968-0009_generated.wav | RTF: 0.2634(1.188s / 4.510s)
generated_audios/generated_H3_128C_pruned50/61-70968-0011_generated.wav | RTF: 0.2499(1.593s / 6.375s)
generated_audios/generated_H3_128C_pruned50/61-70968-0017_generated.wav | RTF: 0.2652(1.355s / 5.110s)
generated_audios/generated_H3_128C_pruned50/61-70968-0007_generated.wav | RTF: 0.2591(0.920s / 3.550s)
generated_audios/generated_H3_128C_pruned50/61-70968-0016_generated.wav | RTF: 0.2811(1.046s / 3.720s)
generated_audios/generated_H3_128C_pruned50/61-70968-0003_generated.wav | RTF: 0.2668(1.151s / 4.315s)
generated_audios/generated_H3_128C_pruned50/61-70968-0005_generated.wav | RTF: 0.2673(1.355s / 5.070s)
generated_audios/generated_H3_128C_pruned50/61-70968-0006_generated.wav | RTF: 0.2465(0.723s / 2.935s)
generated_audios/generated_H3_128C_pruned50/61-70968-0008_generated.wav | RTF: 0.2632(0.931s / 3.535s)
generated_audios/generated_H3_128C_pruned50/61-70968-0000_generated.wav | RTF: 0.2678(1.314s / 4.905s)
generated_audios/generated_H3_128C_pruned50/61-70968-0013_generated.wav | RTF: 0.2676(1.191s / 4.450s)
generated_audios/generated_H3_128C_pruned50/61-70968-0002_generated.wav | RTF: 0.2556(0.759s / 2.970s)
generated_audios/generated_H3_128C_pruned50/61-70968-0018_generated.wav | RTF: 0.2563(0.616s / 2.405s)
generated_audios/generated_H3_128C_pruned50/61-70968-0010_generated.wav | RTF: 0.2509(2.081s / 8.295s)
generated_audios/generated_H3_128C_pruned50/61-70968-0012_generated.wav | RTF: 0.2580(0.673s / 2.610s)
Average RTF: 0.2604(23.587s / 90.585s)
Evaluation summary:
  Mel-spectrogram L1: 4.070727
  PESQ: 1.180579
  STOI: 0.320975

Appended metrics to CSV: experiments_results.csv
========== H3: pruning 70% ==========
Initializing Inference Process..
Using device: cpu (baseline and quantized inference both run on CPU)
Loading '/home/hpc/vlbi/vlbi107v/hifi-gan/cp_hifigan/v1_c128/g_05540000'
Complete.
Removing weight norm...
Applying structured pruning with ratio 0.70...
Pruning Conv1d: dim=0, amount=0.7
Done pruning Conv1d
Pruning ConvTranspose1d: dim=1, amount=0.7
Done pruning ConvTranspose1d
Pruning ConvTranspose1d: dim=1, amount=0.7
Done pruning ConvTranspose1d
Pruning ConvTranspose1d: dim=1, amount=0.7
Done pruning ConvTranspose1d
Pruning ConvTranspose1d: dim=1, amount=0.7
Done pruning ConvTranspose1d
Pruning Conv1d: dim=0, amount=0.7
Done pruning Conv1d
Pruning Conv1d: dim=0, amount=0.7
Done pruning Conv1d
Pruning Conv1d: dim=0, amount=0.7
Done pruning Conv1d
Pruning Conv1d: dim=0, amount=0.7
Done pruning Conv1d
Pruning Conv1d: dim=0, amount=0.7
Done pruning Conv1d
Pruning Conv1d: dim=0, amount=0.7
Done pruning Conv1d
Pruning Conv1d: dim=0, amount=0.7
Done pruning Conv1d
Pruning Conv1d: dim=0, amount=0.7
Done pruning Conv1d
Pruning Conv1d: dim=0, amount=0.7
Done pruning Conv1d
Pruning Conv1d: dim=0, amount=0.7
Done pruning Conv1d
Pruning Conv1d: dim=0, amount=0.7
Done pruning Conv1d
Pruning Conv1d: dim=0, amount=0.7
Done pruning Conv1d
Pruning Conv1d: dim=0, amount=0.7
Done pruning Conv1d
Pruning Conv1d: dim=0, amount=0.7
Done pruning Conv1d
Pruning Conv1d: dim=0, amount=0.7
Done pruning Conv1d
Pruning Conv1d: dim=0, amount=0.7
Done pruning Conv1d
Pruning Conv1d: dim=0, amount=0.7
Done pruning Conv1d
Pruning Conv1d: dim=0, amount=0.7
Done pruning Conv1d
Pruning Conv1d: dim=0, amount=0.7
Done pruning Conv1d
Pruning Conv1d: dim=0, amount=0.7
Done pruning Conv1d
Pruning Conv1d: dim=0, amount=0.7
Done pruning Conv1d
Pruning Conv1d: dim=0, amount=0.7
Done pruning Conv1d
Pruning Conv1d: dim=0, amount=0.7
Done pruning Conv1d
Pruning Conv1d: dim=0, amount=0.7
Done pruning Conv1d
Pruning Conv1d: dim=0, amount=0.7
Done pruning Conv1d
Pruning Conv1d: dim=0, amount=0.7
Done pruning Conv1d
Pruning Conv1d: dim=0, amount=0.7
Done pruning Conv1d
Pruning Conv1d: dim=0, amount=0.7
Done pruning Conv1d
Pruning Conv1d: dim=0, amount=0.7
Done pruning Conv1d
Pruning Conv1d: dim=0, amount=0.7
Done pruning Conv1d
Pruning Conv1d: dim=0, amount=0.7
Done pruning Conv1d
Pruning Conv1d: dim=0, amount=0.7
Done pruning Conv1d
Pruning Conv1d: dim=0, amount=0.7
Done pruning Conv1d
Pruning Conv1d: dim=0, amount=0.7
Done pruning Conv1d
Pruning Conv1d: dim=0, amount=0.7
Done pruning Conv1d
Pruning Conv1d: dim=0, amount=0.7
Done pruning Conv1d
Pruning Conv1d: dim=0, amount=0.7
Done pruning Conv1d
Pruning Conv1d: dim=0, amount=0.7
Done pruning Conv1d
Pruning Conv1d: dim=0, amount=0.7
Done pruning Conv1d
Pruning Conv1d: dim=0, amount=0.7
Done pruning Conv1d
Pruning Conv1d: dim=0, amount=0.7
Done pruning Conv1d
Pruning Conv1d: dim=0, amount=0.7
Done pruning Conv1d
Pruning Conv1d: dim=0, amount=0.7
Done pruning Conv1d
Pruning Conv1d: dim=0, amount=0.7
Done pruning Conv1d
Pruning Conv1d: dim=0, amount=0.7
Done pruning Conv1d
Pruning Conv1d: dim=0, amount=0.7
Done pruning Conv1d
Pruning Conv1d: dim=0, amount=0.7
Done pruning Conv1d
Pruning Conv1d: dim=0, amount=0.7
Done pruning Conv1d
Pruning Conv1d: dim=0, amount=0.7
Done pruning Conv1d
Pruning Conv1d: dim=0, amount=0.7
Done pruning Conv1d
Pruning Conv1d: dim=0, amount=0.7
Done pruning Conv1d
Pruning Conv1d: dim=0, amount=0.7
Done pruning Conv1d
Pruning Conv1d: dim=0, amount=0.7
Done pruning Conv1d
Pruning Conv1d: dim=0, amount=0.7
Done pruning Conv1d
Pruning Conv1d: dim=0, amount=0.7
Done pruning Conv1d
Pruning Conv1d: dim=0, amount=0.7
Done pruning Conv1d
Pruning Conv1d: dim=0, amount=0.7
Done pruning Conv1d
Pruning Conv1d: dim=0, amount=0.7
Done pruning Conv1d
Pruning Conv1d: dim=0, amount=0.7
Done pruning Conv1d
Pruning Conv1d: dim=0, amount=0.7
Done pruning Conv1d
Pruning Conv1d: dim=0, amount=0.7
Done pruning Conv1d
Pruning Conv1d: dim=0, amount=0.7
Done pruning Conv1d
Pruning Conv1d: dim=0, amount=0.7
Done pruning Conv1d
Pruning Conv1d: dim=0, amount=0.7
Done pruning Conv1d
Pruning Conv1d: dim=0, amount=0.7
Done pruning Conv1d
Pruning Conv1d: dim=0, amount=0.7
Done pruning Conv1d
Pruning Conv1d: dim=0, amount=0.7
Done pruning Conv1d
Pruning Conv1d: dim=0, amount=0.7
Done pruning Conv1d
Pruning Conv1d: dim=0, amount=0.7
Done pruning Conv1d
Pruning Conv1d: dim=0, amount=0.7
Done pruning Conv1d
Pruning Conv1d: dim=0, amount=0.7
Done pruning Conv1d
Pruning Conv1d: dim=0, amount=0.7
Done pruning Conv1d
Pruning Conv1d: dim=0, amount=0.7
Done pruning Conv1d
Loaded checkpoint: /home/hpc/vlbi/vlbi107v/hifi-gan/cp_hifigan/v1_c128/g_05540000 (3.617 MB)
Generator parameters: 925,985
generated_audios/generated_H3_128C_pruned70/61-70968-0004_generated.wav | RTF: 0.2843(1.105s / 3.885s)
generated_audios/generated_H3_128C_pruned70/61-70968-0019_generated.wav | RTF: 0.2477(1.356s / 5.475s)
generated_audios/generated_H3_128C_pruned70/61-70968-0014_generated.wav | RTF: 0.2657(1.988s / 7.485s)
generated_audios/generated_H3_128C_pruned70/61-70968-0001_generated.wav | RTF: 0.2606(0.941s / 3.610s)
generated_audios/generated_H3_128C_pruned70/61-70968-0015_generated.wav | RTF: 0.2589(1.392s / 5.375s)
generated_audios/generated_H3_128C_pruned70/61-70968-0009_generated.wav | RTF: 0.2615(1.179s / 4.510s)
generated_audios/generated_H3_128C_pruned70/61-70968-0011_generated.wav | RTF: 0.2474(1.577s / 6.375s)
generated_audios/generated_H3_128C_pruned70/61-70968-0017_generated.wav | RTF: 0.2693(1.376s / 5.110s)
generated_audios/generated_H3_128C_pruned70/61-70968-0007_generated.wav | RTF: 0.2662(0.945s / 3.550s)
generated_audios/generated_H3_128C_pruned70/61-70968-0016_generated.wav | RTF: 0.2632(0.979s / 3.720s)
generated_audios/generated_H3_128C_pruned70/61-70968-0003_generated.wav | RTF: 0.2606(1.124s / 4.315s)
generated_audios/generated_H3_128C_pruned70/61-70968-0005_generated.wav | RTF: 0.2611(1.324s / 5.070s)
generated_audios/generated_H3_128C_pruned70/61-70968-0006_generated.wav | RTF: 0.2692(0.790s / 2.935s)
generated_audios/generated_H3_128C_pruned70/61-70968-0008_generated.wav | RTF: 0.2655(0.939s / 3.535s)
generated_audios/generated_H3_128C_pruned70/61-70968-0000_generated.wav | RTF: 0.2691(1.320s / 4.905s)
generated_audios/generated_H3_128C_pruned70/61-70968-0013_generated.wav | RTF: 0.2720(1.210s / 4.450s)
generated_audios/generated_H3_128C_pruned70/61-70968-0002_generated.wav | RTF: 0.2567(0.762s / 2.970s)
generated_audios/generated_H3_128C_pruned70/61-70968-0018_generated.wav | RTF: 0.2547(0.613s / 2.405s)
generated_audios/generated_H3_128C_pruned70/61-70968-0010_generated.wav | RTF: 0.2526(2.095s / 8.295s)
generated_audios/generated_H3_128C_pruned70/61-70968-0012_generated.wav | RTF: 0.2612(0.682s / 2.610s)
Average RTF: 0.2616(23.698s / 90.585s)
Evaluation summary:
  Mel-spectrogram L1: 6.332181
  PESQ: 1.062410
  STOI: 0.460759

Appended metrics to CSV: experiments_results.csv
========== H4: pruning 30% + quantize ==========
Initializing Inference Process..
Using device: cpu (baseline and quantized inference both run on CPU)
Quantization enabled: forcing CPU inference for INT8 model.
Loading '/home/hpc/vlbi/vlbi107v/hifi-gan/cp_hifigan/v1_c128/g_05540000'
Complete.
Removing weight norm...
Applying structured pruning with ratio 0.30...
Pruning Conv1d: dim=0, amount=0.3
Done pruning Conv1d
Pruning ConvTranspose1d: dim=1, amount=0.3
Done pruning ConvTranspose1d
Pruning ConvTranspose1d: dim=1, amount=0.3
Done pruning ConvTranspose1d
Pruning ConvTranspose1d: dim=1, amount=0.3
Done pruning ConvTranspose1d
Pruning ConvTranspose1d: dim=1, amount=0.3
Done pruning ConvTranspose1d
Pruning Conv1d: dim=0, amount=0.3
Done pruning Conv1d
Pruning Conv1d: dim=0, amount=0.3
Done pruning Conv1d
Pruning Conv1d: dim=0, amount=0.3
Done pruning Conv1d
Pruning Conv1d: dim=0, amount=0.3
Done pruning Conv1d
Pruning Conv1d: dim=0, amount=0.3
Done pruning Conv1d
Pruning Conv1d: dim=0, amount=0.3
Done pruning Conv1d
Pruning Conv1d: dim=0, amount=0.3
Done pruning Conv1d
Pruning Conv1d: dim=0, amount=0.3
Done pruning Conv1d
Pruning Conv1d: dim=0, amount=0.3
Done pruning Conv1d
Pruning Conv1d: dim=0, amount=0.3
Done pruning Conv1d
Pruning Conv1d: dim=0, amount=0.3
Done pruning Conv1d
Pruning Conv1d: dim=0, amount=0.3
Done pruning Conv1d
Pruning Conv1d: dim=0, amount=0.3
Done pruning Conv1d
Pruning Conv1d: dim=0, amount=0.3
Done pruning Conv1d
Pruning Conv1d: dim=0, amount=0.3
Done pruning Conv1d
Pruning Conv1d: dim=0, amount=0.3
Done pruning Conv1d
Pruning Conv1d: dim=0, amount=0.3
Done pruning Conv1d
Pruning Conv1d: dim=0, amount=0.3
Done pruning Conv1d
Pruning Conv1d: dim=0, amount=0.3
Done pruning Conv1d
Pruning Conv1d: dim=0, amount=0.3
Done pruning Conv1d
Pruning Conv1d: dim=0, amount=0.3
Done pruning Conv1d
Pruning Conv1d: dim=0, amount=0.3
Done pruning Conv1d
Pruning Conv1d: dim=0, amount=0.3
Done pruning Conv1d
Pruning Conv1d: dim=0, amount=0.3
Done pruning Conv1d
Pruning Conv1d: dim=0, amount=0.3
Done pruning Conv1d
Pruning Conv1d: dim=0, amount=0.3
Done pruning Conv1d
Pruning Conv1d: dim=0, amount=0.3
Done pruning Conv1d
Pruning Conv1d: dim=0, amount=0.3
Done pruning Conv1d
Pruning Conv1d: dim=0, amount=0.3
Done pruning Conv1d
Pruning Conv1d: dim=0, amount=0.3
Done pruning Conv1d
Pruning Conv1d: dim=0, amount=0.3
Done pruning Conv1d
Pruning Conv1d: dim=0, amount=0.3
Done pruning Conv1d
Pruning Conv1d: dim=0, amount=0.3
Done pruning Conv1d
Pruning Conv1d: dim=0, amount=0.3
Done pruning Conv1d
Pruning Conv1d: dim=0, amount=0.3
Done pruning Conv1d
Pruning Conv1d: dim=0, amount=0.3
Done pruning Conv1d
Pruning Conv1d: dim=0, amount=0.3
Done pruning Conv1d
Pruning Conv1d: dim=0, amount=0.3
Done pruning Conv1d
Pruning Conv1d: dim=0, amount=0.3
Done pruning Conv1d
Pruning Conv1d: dim=0, amount=0.3
Done pruning Conv1d
Pruning Conv1d: dim=0, amount=0.3
Done pruning Conv1d
Pruning Conv1d: dim=0, amount=0.3
Done pruning Conv1d
Pruning Conv1d: dim=0, amount=0.3
Done pruning Conv1d
Pruning Conv1d: dim=0, amount=0.3
Done pruning Conv1d
Pruning Conv1d: dim=0, amount=0.3
Done pruning Conv1d
Pruning Conv1d: dim=0, amount=0.3
Done pruning Conv1d
Pruning Conv1d: dim=0, amount=0.3
Done pruning Conv1d
Pruning Conv1d: dim=0, amount=0.3
Done pruning Conv1d
Pruning Conv1d: dim=0, amount=0.3
Done pruning Conv1d
Pruning Conv1d: dim=0, amount=0.3
Done pruning Conv1d
Pruning Conv1d: dim=0, amount=0.3
Done pruning Conv1d
Pruning Conv1d: dim=0, amount=0.3
Done pruning Conv1d
Pruning Conv1d: dim=0, amount=0.3
Done pruning Conv1d
Pruning Conv1d: dim=0, amount=0.3
Done pruning Conv1d
Pruning Conv1d: dim=0, amount=0.3
Done pruning Conv1d
Pruning Conv1d: dim=0, amount=0.3
Done pruning Conv1d
Pruning Conv1d: dim=0, amount=0.3
Done pruning Conv1d
Pruning Conv1d: dim=0, amount=0.3
Done pruning Conv1d
Pruning Conv1d: dim=0, amount=0.3
Done pruning Conv1d
Pruning Conv1d: dim=0, amount=0.3
Done pruning Conv1d
Pruning Conv1d: dim=0, amount=0.3
Done pruning Conv1d
Pruning Conv1d: dim=0, amount=0.3
Done pruning Conv1d
Pruning Conv1d: dim=0, amount=0.3
Done pruning Conv1d
Pruning Conv1d: dim=0, amount=0.3
Done pruning Conv1d
Pruning Conv1d: dim=0, amount=0.3
Done pruning Conv1d
Pruning Conv1d: dim=0, amount=0.3
Done pruning Conv1d
Pruning Conv1d: dim=0, amount=0.3
Done pruning Conv1d
Pruning Conv1d: dim=0, amount=0.3
Done pruning Conv1d
Pruning Conv1d: dim=0, amount=0.3
Done pruning Conv1d
Pruning Conv1d: dim=0, amount=0.3
Done pruning Conv1d
Pruning Conv1d: dim=0, amount=0.3
Done pruning Conv1d
Pruning Conv1d: dim=0, amount=0.3
Done pruning Conv1d
Pruning Conv1d: dim=0, amount=0.3
Done pruning Conv1d
Loaded checkpoint: /home/hpc/vlbi/vlbi107v/hifi-gan/cp_hifigan/v1_c128/g_05540000 (3.617 MB)
Generator parameters: 925,985
generated_audios/generated_H4_128C_pruned30_int8/61-70968-0004_generated.wav | RTF: 0.2942(1.143s / 3.885s)
generated_audios/generated_H4_128C_pruned30_int8/61-70968-0019_generated.wav | RTF: 0.2511(1.375s / 5.475s)
generated_audios/generated_H4_128C_pruned30_int8/61-70968-0014_generated.wav | RTF: 0.2658(1.990s / 7.485s)
generated_audios/generated_H4_128C_pruned30_int8/61-70968-0001_generated.wav | RTF: 0.2685(0.969s / 3.610s)
generated_audios/generated_H4_128C_pruned30_int8/61-70968-0015_generated.wav | RTF: 0.2501(1.344s / 5.375s)
generated_audios/generated_H4_128C_pruned30_int8/61-70968-0009_generated.wav | RTF: 0.2761(1.245s / 4.510s)
generated_audios/generated_H4_128C_pruned30_int8/61-70968-0011_generated.wav | RTF: 0.2494(1.590s / 6.375s)
generated_audios/generated_H4_128C_pruned30_int8/61-70968-0017_generated.wav | RTF: 0.2628(1.343s / 5.110s)
generated_audios/generated_H4_128C_pruned30_int8/61-70968-0007_generated.wav | RTF: 0.2576(0.915s / 3.550s)
generated_audios/generated_H4_128C_pruned30_int8/61-70968-0016_generated.wav | RTF: 0.2682(0.998s / 3.720s)
generated_audios/generated_H4_128C_pruned30_int8/61-70968-0003_generated.wav | RTF: 0.2678(1.156s / 4.315s)
generated_audios/generated_H4_128C_pruned30_int8/61-70968-0005_generated.wav | RTF: 0.2687(1.362s / 5.070s)
generated_audios/generated_H4_128C_pruned30_int8/61-70968-0006_generated.wav | RTF: 0.2517(0.739s / 2.935s)
generated_audios/generated_H4_128C_pruned30_int8/61-70968-0008_generated.wav | RTF: 0.2831(1.001s / 3.535s)
generated_audios/generated_H4_128C_pruned30_int8/61-70968-0000_generated.wav | RTF: 0.2667(1.308s / 4.905s)
generated_audios/generated_H4_128C_pruned30_int8/61-70968-0013_generated.wav | RTF: 0.2694(1.199s / 4.450s)
generated_audios/generated_H4_128C_pruned30_int8/61-70968-0002_generated.wav | RTF: 0.2583(0.767s / 2.970s)
generated_audios/generated_H4_128C_pruned30_int8/61-70968-0018_generated.wav | RTF: 0.2574(0.619s / 2.405s)
generated_audios/generated_H4_128C_pruned30_int8/61-70968-0010_generated.wav | RTF: 0.2548(2.114s / 8.295s)
generated_audios/generated_H4_128C_pruned30_int8/61-70968-0012_generated.wav | RTF: 0.2630(0.687s / 2.610s)
Average RTF: 0.2634(23.862s / 90.585s)
Evaluation summary:
  Mel-spectrogram L1: 3.233988
  PESQ: 1.063696
  STOI: 0.264611

Appended metrics to CSV: experiments_results.csv
========== H4: pruning 50% + quantize ==========
Initializing Inference Process..
Using device: cpu (baseline and quantized inference both run on CPU)
Quantization enabled: forcing CPU inference for INT8 model.
Loading '/home/hpc/vlbi/vlbi107v/hifi-gan/cp_hifigan/v1_c128/g_05540000'
Complete.
Removing weight norm...
Applying structured pruning with ratio 0.50...
Pruning Conv1d: dim=0, amount=0.5
Done pruning Conv1d
Pruning ConvTranspose1d: dim=1, amount=0.5
Done pruning ConvTranspose1d
Pruning ConvTranspose1d: dim=1, amount=0.5
Done pruning ConvTranspose1d
Pruning ConvTranspose1d: dim=1, amount=0.5
Done pruning ConvTranspose1d
Pruning ConvTranspose1d: dim=1, amount=0.5
Done pruning ConvTranspose1d
Pruning Conv1d: dim=0, amount=0.5
Done pruning Conv1d
Pruning Conv1d: dim=0, amount=0.5
Done pruning Conv1d
Pruning Conv1d: dim=0, amount=0.5
Done pruning Conv1d
Pruning Conv1d: dim=0, amount=0.5
Done pruning Conv1d
Pruning Conv1d: dim=0, amount=0.5
Done pruning Conv1d
Pruning Conv1d: dim=0, amount=0.5
Done pruning Conv1d
Pruning Conv1d: dim=0, amount=0.5
Done pruning Conv1d
Pruning Conv1d: dim=0, amount=0.5
Done pruning Conv1d
Pruning Conv1d: dim=0, amount=0.5
Done pruning Conv1d
Pruning Conv1d: dim=0, amount=0.5
Done pruning Conv1d
Pruning Conv1d: dim=0, amount=0.5
Done pruning Conv1d
Pruning Conv1d: dim=0, amount=0.5
Done pruning Conv1d
Pruning Conv1d: dim=0, amount=0.5
Done pruning Conv1d
Pruning Conv1d: dim=0, amount=0.5
Done pruning Conv1d
Pruning Conv1d: dim=0, amount=0.5
Done pruning Conv1d
Pruning Conv1d: dim=0, amount=0.5
Done pruning Conv1d
Pruning Conv1d: dim=0, amount=0.5
Done pruning Conv1d
Pruning Conv1d: dim=0, amount=0.5
Done pruning Conv1d
Pruning Conv1d: dim=0, amount=0.5
Done pruning Conv1d
Pruning Conv1d: dim=0, amount=0.5
Done pruning Conv1d
Pruning Conv1d: dim=0, amount=0.5
Done pruning Conv1d
Pruning Conv1d: dim=0, amount=0.5
Done pruning Conv1d
Pruning Conv1d: dim=0, amount=0.5
Done pruning Conv1d
Pruning Conv1d: dim=0, amount=0.5
Done pruning Conv1d
Pruning Conv1d: dim=0, amount=0.5
Done pruning Conv1d
Pruning Conv1d: dim=0, amount=0.5
Done pruning Conv1d
Pruning Conv1d: dim=0, amount=0.5
Done pruning Conv1d
Pruning Conv1d: dim=0, amount=0.5
Done pruning Conv1d
Pruning Conv1d: dim=0, amount=0.5
Done pruning Conv1d
Pruning Conv1d: dim=0, amount=0.5
Done pruning Conv1d
Pruning Conv1d: dim=0, amount=0.5
Done pruning Conv1d
Pruning Conv1d: dim=0, amount=0.5
Done pruning Conv1d
Pruning Conv1d: dim=0, amount=0.5
Done pruning Conv1d
Pruning Conv1d: dim=0, amount=0.5
Done pruning Conv1d
Pruning Conv1d: dim=0, amount=0.5
Done pruning Conv1d
Pruning Conv1d: dim=0, amount=0.5
Done pruning Conv1d
Pruning Conv1d: dim=0, amount=0.5
Done pruning Conv1d
Pruning Conv1d: dim=0, amount=0.5
Done pruning Conv1d
Pruning Conv1d: dim=0, amount=0.5
Done pruning Conv1d
Pruning Conv1d: dim=0, amount=0.5
Done pruning Conv1d
Pruning Conv1d: dim=0, amount=0.5
Done pruning Conv1d
Pruning Conv1d: dim=0, amount=0.5
Done pruning Conv1d
Pruning Conv1d: dim=0, amount=0.5
Done pruning Conv1d
Pruning Conv1d: dim=0, amount=0.5
Done pruning Conv1d
Pruning Conv1d: dim=0, amount=0.5
Done pruning Conv1d
Pruning Conv1d: dim=0, amount=0.5
Done pruning Conv1d
Pruning Conv1d: dim=0, amount=0.5
Done pruning Conv1d
Pruning Conv1d: dim=0, amount=0.5
Done pruning Conv1d
Pruning Conv1d: dim=0, amount=0.5
Done pruning Conv1d
Pruning Conv1d: dim=0, amount=0.5
Done pruning Conv1d
Pruning Conv1d: dim=0, amount=0.5
Done pruning Conv1d
Pruning Conv1d: dim=0, amount=0.5
Done pruning Conv1d
Pruning Conv1d: dim=0, amount=0.5
Done pruning Conv1d
Pruning Conv1d: dim=0, amount=0.5
Done pruning Conv1d
Pruning Conv1d: dim=0, amount=0.5
Done pruning Conv1d
Pruning Conv1d: dim=0, amount=0.5
Done pruning Conv1d
Pruning Conv1d: dim=0, amount=0.5
Done pruning Conv1d
Pruning Conv1d: dim=0, amount=0.5
Done pruning Conv1d
Pruning Conv1d: dim=0, amount=0.5
Done pruning Conv1d
Pruning Conv1d: dim=0, amount=0.5
Done pruning Conv1d
Pruning Conv1d: dim=0, amount=0.5
Done pruning Conv1d
Pruning Conv1d: dim=0, amount=0.5
Done pruning Conv1d
Pruning Conv1d: dim=0, amount=0.5
Done pruning Conv1d
Pruning Conv1d: dim=0, amount=0.5
Done pruning Conv1d
Pruning Conv1d: dim=0, amount=0.5
Done pruning Conv1d
Pruning Conv1d: dim=0, amount=0.5
Done pruning Conv1d
Pruning Conv1d: dim=0, amount=0.5
Done pruning Conv1d
Pruning Conv1d: dim=0, amount=0.5
Done pruning Conv1d
Pruning Conv1d: dim=0, amount=0.5
Done pruning Conv1d
Pruning Conv1d: dim=0, amount=0.5
Done pruning Conv1d
Pruning Conv1d: dim=0, amount=0.5
Done pruning Conv1d
Pruning Conv1d: dim=0, amount=0.5
Done pruning Conv1d
Pruning Conv1d: dim=0, amount=0.5
Done pruning Conv1d
Loaded checkpoint: /home/hpc/vlbi/vlbi107v/hifi-gan/cp_hifigan/v1_c128/g_05540000 (3.617 MB)
Generator parameters: 925,985
generated_audios/generated_H4_128C_pruned50_int8/61-70968-0004_generated.wav | RTF: 0.2881(1.119s / 3.885s)
generated_audios/generated_H4_128C_pruned50_int8/61-70968-0019_generated.wav | RTF: 0.2466(1.350s / 5.475s)
generated_audios/generated_H4_128C_pruned50_int8/61-70968-0014_generated.wav | RTF: 0.2652(1.985s / 7.485s)
generated_audios/generated_H4_128C_pruned50_int8/61-70968-0001_generated.wav | RTF: 0.2579(0.931s / 3.610s)
generated_audios/generated_H4_128C_pruned50_int8/61-70968-0015_generated.wav | RTF: 0.2485(1.336s / 5.375s)
generated_audios/generated_H4_128C_pruned50_int8/61-70968-0009_generated.wav | RTF: 0.2653(1.196s / 4.510s)
generated_audios/generated_H4_128C_pruned50_int8/61-70968-0011_generated.wav | RTF: 0.2582(1.646s / 6.375s)
generated_audios/generated_H4_128C_pruned50_int8/61-70968-0017_generated.wav | RTF: 0.2657(1.357s / 5.110s)
generated_audios/generated_H4_128C_pruned50_int8/61-70968-0007_generated.wav | RTF: 0.2622(0.931s / 3.550s)
generated_audios/generated_H4_128C_pruned50_int8/61-70968-0016_generated.wav | RTF: 0.2583(0.961s / 3.720s)
generated_audios/generated_H4_128C_pruned50_int8/61-70968-0003_generated.wav | RTF: 0.2566(1.107s / 4.315s)
generated_audios/generated_H4_128C_pruned50_int8/61-70968-0005_generated.wav | RTF: 0.2660(1.348s / 5.070s)
generated_audios/generated_H4_128C_pruned50_int8/61-70968-0006_generated.wav | RTF: 0.2466(0.724s / 2.935s)
generated_audios/generated_H4_128C_pruned50_int8/61-70968-0008_generated.wav | RTF: 0.2685(0.949s / 3.535s)
generated_audios/generated_H4_128C_pruned50_int8/61-70968-0000_generated.wav | RTF: 0.2652(1.301s / 4.905s)
generated_audios/generated_H4_128C_pruned50_int8/61-70968-0013_generated.wav | RTF: 0.2673(1.189s / 4.450s)
generated_audios/generated_H4_128C_pruned50_int8/61-70968-0002_generated.wav | RTF: 0.2573(0.764s / 2.970s)
generated_audios/generated_H4_128C_pruned50_int8/61-70968-0018_generated.wav | RTF: 0.2574(0.619s / 2.405s)
generated_audios/generated_H4_128C_pruned50_int8/61-70968-0010_generated.wav | RTF: 0.2535(2.103s / 8.295s)
generated_audios/generated_H4_128C_pruned50_int8/61-70968-0012_generated.wav | RTF: 0.2592(0.677s / 2.610s)
Average RTF: 0.2605(23.595s / 90.585s)
Evaluation summary:
  Mel-spectrogram L1: 4.070727
  PESQ: 1.180579
  STOI: 0.320975

Appended metrics to CSV: experiments_results.csv
========== H4: pruning 70% + quantize ==========
Initializing Inference Process..
Using device: cpu (baseline and quantized inference both run on CPU)
Quantization enabled: forcing CPU inference for INT8 model.
Loading '/home/hpc/vlbi/vlbi107v/hifi-gan/cp_hifigan/v1_c128/g_05540000'
Complete.
Removing weight norm...
Applying structured pruning with ratio 0.70...
Pruning Conv1d: dim=0, amount=0.7
Done pruning Conv1d
Pruning ConvTranspose1d: dim=1, amount=0.7
Done pruning ConvTranspose1d
Pruning ConvTranspose1d: dim=1, amount=0.7
Done pruning ConvTranspose1d
Pruning ConvTranspose1d: dim=1, amount=0.7
Done pruning ConvTranspose1d
Pruning ConvTranspose1d: dim=1, amount=0.7
Done pruning ConvTranspose1d
Pruning Conv1d: dim=0, amount=0.7
Done pruning Conv1d
Pruning Conv1d: dim=0, amount=0.7
Done pruning Conv1d
Pruning Conv1d: dim=0, amount=0.7
Done pruning Conv1d
Pruning Conv1d: dim=0, amount=0.7
Done pruning Conv1d
Pruning Conv1d: dim=0, amount=0.7
Done pruning Conv1d
Pruning Conv1d: dim=0, amount=0.7
Done pruning Conv1d
Pruning Conv1d: dim=0, amount=0.7
Done pruning Conv1d
Pruning Conv1d: dim=0, amount=0.7
Done pruning Conv1d
Pruning Conv1d: dim=0, amount=0.7
Done pruning Conv1d
Pruning Conv1d: dim=0, amount=0.7
Done pruning Conv1d
Pruning Conv1d: dim=0, amount=0.7
Done pruning Conv1d
Pruning Conv1d: dim=0, amount=0.7
Done pruning Conv1d
Pruning Conv1d: dim=0, amount=0.7
Done pruning Conv1d
Pruning Conv1d: dim=0, amount=0.7
Done pruning Conv1d
Pruning Conv1d: dim=0, amount=0.7
Done pruning Conv1d
Pruning Conv1d: dim=0, amount=0.7
Done pruning Conv1d
Pruning Conv1d: dim=0, amount=0.7
Done pruning Conv1d
Pruning Conv1d: dim=0, amount=0.7
Done pruning Conv1d
Pruning Conv1d: dim=0, amount=0.7
Done pruning Conv1d
Pruning Conv1d: dim=0, amount=0.7
Done pruning Conv1d
Pruning Conv1d: dim=0, amount=0.7
Done pruning Conv1d
Pruning Conv1d: dim=0, amount=0.7
Done pruning Conv1d
Pruning Conv1d: dim=0, amount=0.7
Done pruning Conv1d
Pruning Conv1d: dim=0, amount=0.7
Done pruning Conv1d
Pruning Conv1d: dim=0, amount=0.7
Done pruning Conv1d
Pruning Conv1d: dim=0, amount=0.7
Done pruning Conv1d
Pruning Conv1d: dim=0, amount=0.7
Done pruning Conv1d
Pruning Conv1d: dim=0, amount=0.7
Done pruning Conv1d
Pruning Conv1d: dim=0, amount=0.7
Done pruning Conv1d
Pruning Conv1d: dim=0, amount=0.7
Done pruning Conv1d
Pruning Conv1d: dim=0, amount=0.7
Done pruning Conv1d
Pruning Conv1d: dim=0, amount=0.7
Done pruning Conv1d
Pruning Conv1d: dim=0, amount=0.7
Done pruning Conv1d
Pruning Conv1d: dim=0, amount=0.7
Done pruning Conv1d
Pruning Conv1d: dim=0, amount=0.7
Done pruning Conv1d
Pruning Conv1d: dim=0, amount=0.7
Done pruning Conv1d
Pruning Conv1d: dim=0, amount=0.7
Done pruning Conv1d
Pruning Conv1d: dim=0, amount=0.7
Done pruning Conv1d
Pruning Conv1d: dim=0, amount=0.7
Done pruning Conv1d
Pruning Conv1d: dim=0, amount=0.7
Done pruning Conv1d
Pruning Conv1d: dim=0, amount=0.7
Done pruning Conv1d
Pruning Conv1d: dim=0, amount=0.7
Done pruning Conv1d
Pruning Conv1d: dim=0, amount=0.7
Done pruning Conv1d
Pruning Conv1d: dim=0, amount=0.7
Done pruning Conv1d
Pruning Conv1d: dim=0, amount=0.7
Done pruning Conv1d
Pruning Conv1d: dim=0, amount=0.7
Done pruning Conv1d
Pruning Conv1d: dim=0, amount=0.7
Done pruning Conv1d
Pruning Conv1d: dim=0, amount=0.7
Done pruning Conv1d
Pruning Conv1d: dim=0, amount=0.7
Done pruning Conv1d
Pruning Conv1d: dim=0, amount=0.7
Done pruning Conv1d
Pruning Conv1d: dim=0, amount=0.7
Done pruning Conv1d
Pruning Conv1d: dim=0, amount=0.7
Done pruning Conv1d
Pruning Conv1d: dim=0, amount=0.7
Done pruning Conv1d
Pruning Conv1d: dim=0, amount=0.7
Done pruning Conv1d
Pruning Conv1d: dim=0, amount=0.7
Done pruning Conv1d
Pruning Conv1d: dim=0, amount=0.7
Done pruning Conv1d
Pruning Conv1d: dim=0, amount=0.7
Done pruning Conv1d
Pruning Conv1d: dim=0, amount=0.7
Done pruning Conv1d
Pruning Conv1d: dim=0, amount=0.7
Done pruning Conv1d
Pruning Conv1d: dim=0, amount=0.7
Done pruning Conv1d
Pruning Conv1d: dim=0, amount=0.7
Done pruning Conv1d
Pruning Conv1d: dim=0, amount=0.7
Done pruning Conv1d
Pruning Conv1d: dim=0, amount=0.7
Done pruning Conv1d
Pruning Conv1d: dim=0, amount=0.7
Done pruning Conv1d
Pruning Conv1d: dim=0, amount=0.7
Done pruning Conv1d
Pruning Conv1d: dim=0, amount=0.7
Done pruning Conv1d
Pruning Conv1d: dim=0, amount=0.7
Done pruning Conv1d
Pruning Conv1d: dim=0, amount=0.7
Done pruning Conv1d
Pruning Conv1d: dim=0, amount=0.7
Done pruning Conv1d
Pruning Conv1d: dim=0, amount=0.7
Done pruning Conv1d
Pruning Conv1d: dim=0, amount=0.7
Done pruning Conv1d
Pruning Conv1d: dim=0, amount=0.7
Done pruning Conv1d
Pruning Conv1d: dim=0, amount=0.7
Done pruning Conv1d
Loaded checkpoint: /home/hpc/vlbi/vlbi107v/hifi-gan/cp_hifigan/v1_c128/g_05540000 (3.617 MB)
Generator parameters: 925,985
generated_audios/generated_H4_128C_pruned70_int8/61-70968-0004_generated.wav | RTF: 0.2762(1.073s / 3.885s)
generated_audios/generated_H4_128C_pruned70_int8/61-70968-0019_generated.wav | RTF: 0.2484(1.360s / 5.475s)
generated_audios/generated_H4_128C_pruned70_int8/61-70968-0014_generated.wav | RTF: 0.2629(1.968s / 7.485s)
generated_audios/generated_H4_128C_pruned70_int8/61-70968-0001_generated.wav | RTF: 0.2597(0.938s / 3.610s)
generated_audios/generated_H4_128C_pruned70_int8/61-70968-0015_generated.wav | RTF: 0.2567(1.380s / 5.375s)
generated_audios/generated_H4_128C_pruned70_int8/61-70968-0009_generated.wav | RTF: 0.2607(1.176s / 4.510s)
generated_audios/generated_H4_128C_pruned70_int8/61-70968-0011_generated.wav | RTF: 0.2469(1.574s / 6.375s)
generated_audios/generated_H4_128C_pruned70_int8/61-70968-0017_generated.wav | RTF: 0.2648(1.353s / 5.110s)
generated_audios/generated_H4_128C_pruned70_int8/61-70968-0007_generated.wav | RTF: 0.2583(0.917s / 3.550s)
generated_audios/generated_H4_128C_pruned70_int8/61-70968-0016_generated.wav | RTF: 0.2626(0.977s / 3.720s)
generated_audios/generated_H4_128C_pruned70_int8/61-70968-0003_generated.wav | RTF: 0.2816(1.215s / 4.315s)
generated_audios/generated_H4_128C_pruned70_int8/61-70968-0005_generated.wav | RTF: 0.2664(1.351s / 5.070s)
generated_audios/generated_H4_128C_pruned70_int8/61-70968-0006_generated.wav | RTF: 0.2492(0.731s / 2.935s)
generated_audios/generated_H4_128C_pruned70_int8/61-70968-0008_generated.wav | RTF: 0.2624(0.928s / 3.535s)
generated_audios/generated_H4_128C_pruned70_int8/61-70968-0000_generated.wav | RTF: 0.2624(1.287s / 4.905s)
generated_audios/generated_H4_128C_pruned70_int8/61-70968-0013_generated.wav | RTF: 0.2651(1.180s / 4.450s)
generated_audios/generated_H4_128C_pruned70_int8/61-70968-0002_generated.wav | RTF: 0.2542(0.755s / 2.970s)
generated_audios/generated_H4_128C_pruned70_int8/61-70968-0018_generated.wav | RTF: 0.2553(0.614s / 2.405s)
generated_audios/generated_H4_128C_pruned70_int8/61-70968-0010_generated.wav | RTF: 0.2522(2.092s / 8.295s)
generated_audios/generated_H4_128C_pruned70_int8/61-70968-0012_generated.wav | RTF: 0.2621(0.684s / 2.610s)
Average RTF: 0.2600(23.552s / 90.585s)
Evaluation summary:
  Mel-spectrogram L1: 6.332181
  PESQ: 1.062410
  STOI: 0.460759

Appended metrics to CSV: experiments_results.csv
Appended to experiments_results.csv:
H4_128C_pruned70_int8,925985,3.617,0.26,1.0624096095561981,0.4607587866424888,6.332181429862976
========== Done ==========
=== JOB_STATISTICS ===
=== current date     : Fri May 29 12:05:16 PM CEST 2026
= Job-ID             : 1367714 on tinyfat
= Job-Name           : inference_128ch_h1-4
= Job-Command        : /home/hpc/vlbi/vlbi107v/hifi-gan/inference.sh
= Initial workdir    : /home/hpc/vlbi/vlbi107v/hifi-gan
= Queue/Partition    : work
= Slurm account      : vlbi with QOS=normal
= Requested resources:  for 02:00:00
= Elapsed runtime    : 00:04:29
= Total RAM usage    : 1.5 GiB of requested  GiB (%)   
= Node list          : tf063
= Subm/Elig/Start/End: 2026-05-29T12:00:47 / 2026-05-29T12:00:47 / 2026-05-29T12:00:47 / 2026-05-29T12:05:16
======================
=== Quota infos ======
    Path                 Used     SoftQ    HardQ    Gracetime  Filec    FileQ    FiHaQ    FileGrace    
    /home/woody            93.7G  1000.0G  1500.0G        N/A     116K   5,000K   7,500K        N/A    
!!! /home/hpc             105.4G   104.9G   209.7G  -29101days      60K     500K   1,000K        N/A !!!
======================
