### Starting TaskPrologue of job 1428667 on tf093 at Sun Jul  5 01:41:15 PM CEST 2026
Running on cores 32-39,96-103 with governor ondemand
No GPU known
### Finished TaskPrologue

==========(sbatch.tinyfat) Inference: 128 Channels (g_07960000) ==========
========== H2: quantized (INT8 dynamic quantization) ==========
Initializing Inference Process..
Using device: cpu (baseline and quantized inference both run on CPU)
Quantization enabled: forcing CPU inference for INT8 model.
Loading '/home/hpc/vlbi/vlbi107v/hifi-gan/cp_hifigan/v1_c128/g_07960000'
Complete.
Checkpoint contains weight_norm parameters. Keeping weight_norm wrappers for loading...
Removing weight norm...
Calibrating static quantization using 50 samples...
INT8 quantization scope: resblocks_range
Quantizing residual blocks 2..9; all other layers stay FP32.
Checking quantized modules after static quantization:
Quantized module: resblocks.2.convs1.0 (torch.ao.nn.quantized.modules.conv.Conv1d)
Quantized module: resblocks.2.convs1.1 (torch.ao.nn.quantized.modules.conv.Conv1d)
Quantized module: resblocks.2.convs1.2 (torch.ao.nn.quantized.modules.conv.Conv1d)
Quantized module: resblocks.2.convs2.0 (torch.ao.nn.quantized.modules.conv.Conv1d)
Quantized module: resblocks.2.convs2.1 (torch.ao.nn.quantized.modules.conv.Conv1d)
Quantized module: resblocks.2.convs2.2 (torch.ao.nn.quantized.modules.conv.Conv1d)
Quantized module: resblocks.3.convs1.0 (torch.ao.nn.quantized.modules.conv.Conv1d)
Quantized module: resblocks.3.convs1.1 (torch.ao.nn.quantized.modules.conv.Conv1d)
Quantized module: resblocks.3.convs1.2 (torch.ao.nn.quantized.modules.conv.Conv1d)
Quantized module: resblocks.3.convs2.0 (torch.ao.nn.quantized.modules.conv.Conv1d)
Quantized module: resblocks.3.convs2.1 (torch.ao.nn.quantized.modules.conv.Conv1d)
Quantized module: resblocks.3.convs2.2 (torch.ao.nn.quantized.modules.conv.Conv1d)
Quantized module: resblocks.4.convs1.0 (torch.ao.nn.quantized.modules.conv.Conv1d)
Quantized module: resblocks.4.convs1.1 (torch.ao.nn.quantized.modules.conv.Conv1d)
Quantized module: resblocks.4.convs1.2 (torch.ao.nn.quantized.modules.conv.Conv1d)
Quantized module: resblocks.4.convs2.0 (torch.ao.nn.quantized.modules.conv.Conv1d)
Quantized module: resblocks.4.convs2.1 (torch.ao.nn.quantized.modules.conv.Conv1d)
Quantized module: resblocks.4.convs2.2 (torch.ao.nn.quantized.modules.conv.Conv1d)
Quantized module: resblocks.5.convs1.0 (torch.ao.nn.quantized.modules.conv.Conv1d)
Quantized module: resblocks.5.convs1.1 (torch.ao.nn.quantized.modules.conv.Conv1d)
Quantized module: resblocks.5.convs1.2 (torch.ao.nn.quantized.modules.conv.Conv1d)
Quantized module: resblocks.5.convs2.0 (torch.ao.nn.quantized.modules.conv.Conv1d)
Quantized module: resblocks.5.convs2.1 (torch.ao.nn.quantized.modules.conv.Conv1d)
Quantized module: resblocks.5.convs2.2 (torch.ao.nn.quantized.modules.conv.Conv1d)
Quantized module: resblocks.6.convs1.0 (torch.ao.nn.quantized.modules.conv.Conv1d)
Quantized module: resblocks.6.convs1.1 (torch.ao.nn.quantized.modules.conv.Conv1d)
Quantized module: resblocks.6.convs1.2 (torch.ao.nn.quantized.modules.conv.Conv1d)
Quantized module: resblocks.6.convs2.0 (torch.ao.nn.quantized.modules.conv.Conv1d)
Quantized module: resblocks.6.convs2.1 (torch.ao.nn.quantized.modules.conv.Conv1d)
Quantized module: resblocks.6.convs2.2 (torch.ao.nn.quantized.modules.conv.Conv1d)
Quantized module: resblocks.7.convs1.0 (torch.ao.nn.quantized.modules.conv.Conv1d)
Quantized module: resblocks.7.convs1.1 (torch.ao.nn.quantized.modules.conv.Conv1d)
Quantized module: resblocks.7.convs1.2 (torch.ao.nn.quantized.modules.conv.Conv1d)
Quantized module: resblocks.7.convs2.0 (torch.ao.nn.quantized.modules.conv.Conv1d)
Quantized module: resblocks.7.convs2.1 (torch.ao.nn.quantized.modules.conv.Conv1d)
Quantized module: resblocks.7.convs2.2 (torch.ao.nn.quantized.modules.conv.Conv1d)
Quantized module: resblocks.8.convs1.0 (torch.ao.nn.quantized.modules.conv.Conv1d)
Quantized module: resblocks.8.convs1.1 (torch.ao.nn.quantized.modules.conv.Conv1d)
Quantized module: resblocks.8.convs1.2 (torch.ao.nn.quantized.modules.conv.Conv1d)
Quantized module: resblocks.8.convs2.0 (torch.ao.nn.quantized.modules.conv.Conv1d)
Quantized module: resblocks.8.convs2.1 (torch.ao.nn.quantized.modules.conv.Conv1d)
Quantized module: resblocks.8.convs2.2 (torch.ao.nn.quantized.modules.conv.Conv1d)
Quantized module: resblocks.9.convs1.0 (torch.ao.nn.quantized.modules.conv.Conv1d)
Quantized module: resblocks.9.convs1.1 (torch.ao.nn.quantized.modules.conv.Conv1d)
Quantized module: resblocks.9.convs1.2 (torch.ao.nn.quantized.modules.conv.Conv1d)
Quantized module: resblocks.9.convs2.0 (torch.ao.nn.quantized.modules.conv.Conv1d)
Quantized module: resblocks.9.convs2.1 (torch.ao.nn.quantized.modules.conv.Conv1d)
Quantized module: resblocks.9.convs2.2 (torch.ao.nn.quantized.modules.conv.Conv1d)
Saving checkpoint to /home/hpc/vlbi/vlbi107v/hifi-gan/cp_hifigan/v1_c128/compressed_checkpoint_int8
Complete.
Saved compressed checkpoint: /home/hpc/vlbi/vlbi107v/hifi-gan/cp_hifigan/v1_c128/compressed_checkpoint_int8 (2.451 MB)
Compressed checkpoint parameters: 926,177
Loaded checkpoint: /home/hpc/vlbi/vlbi107v/hifi-gan/cp_hifigan/v1_c128/g_07960000 (3.617 MB)
Generator parameters: 926,177
generated_audios/generated_H2_128C_int8/1089-134686-0000_generated.wav | RTF: 0.0258(0.269s / 10.435s) | Generator RTF: 0.0254(0.265s / 10.435s)
generated_audios/generated_H2_128C_int8/1089-134686-0001_generated.wav | RTF: 0.0327(0.107s / 3.275s) | Generator RTF: 0.0316(0.104s / 3.275s)
generated_audios/generated_H2_128C_int8/1089-134686-0002_generated.wav | RTF: 0.0291(0.193s / 6.625s) | Generator RTF: 0.0285(0.189s / 6.625s)
generated_audios/generated_H2_128C_int8/1089-134686-0003_generated.wav | RTF: 0.0289(0.078s / 2.680s) | Generator RTF: 0.0276(0.074s / 2.680s)
generated_audios/generated_H2_128C_int8/1089-134686-0004_generated.wav | RTF: 0.0252(0.131s / 5.215s) | Generator RTF: 0.0245(0.128s / 5.215s)
generated_audios/generated_H2_128C_int8/1089-134686-0005_generated.wav | RTF: 0.0254(0.245s / 9.635s) | Generator RTF: 0.0250(0.241s / 9.635s)
generated_audios/generated_H2_128C_int8/1089-134686-0006_generated.wav | RTF: 0.0275(0.290s / 10.555s) | Generator RTF: 0.0271(0.286s / 10.555s)
generated_audios/generated_H2_128C_int8/1089-134686-0007_generated.wav | RTF: 0.0269(0.115s / 4.275s) | Generator RTF: 0.0261(0.112s / 4.275s)
generated_audios/generated_H2_128C_int8/1089-134686-0008_generated.wav | RTF: 0.0293(0.197s / 6.730s) | Generator RTF: 0.0287(0.193s / 6.730s)
generated_audios/generated_H2_128C_int8/1089-134686-0009_generated.wav | RTF: 0.0264(0.279s / 10.575s) | Generator RTF: 0.0260(0.275s / 10.575s)
generated_audios/generated_H2_128C_int8/1089-134686-0010_generated.wav | RTF: 0.0261(0.115s / 4.405s) | Generator RTF: 0.0254(0.112s / 4.405s)
generated_audios/generated_H2_128C_int8/1089-134686-0011_generated.wav | RTF: 0.0274(0.341s / 12.445s) | Generator RTF: 0.0270(0.336s / 12.445s)
generated_audios/generated_H2_128C_int8/1089-134686-0012_generated.wav | RTF: 0.0298(0.346s / 11.640s) | Generator RTF: 0.0294(0.342s / 11.640s)
generated_audios/generated_H2_128C_int8/1089-134686-0013_generated.wav | RTF: 0.0273(0.216s / 7.915s) | Generator RTF: 0.0267(0.212s / 7.915s)
generated_audios/generated_H2_128C_int8/1089-134686-0014_generated.wav | RTF: 0.0305(0.068s / 2.225s) | Generator RTF: 0.0290(0.065s / 2.225s)
generated_audios/generated_H2_128C_int8/1089-134686-0015_generated.wav | RTF: 0.0254(0.148s / 5.815s) | Generator RTF: 0.0248(0.144s / 5.815s)
generated_audios/generated_H2_128C_int8/1089-134686-0016_generated.wav | RTF: 0.0293(0.104s / 3.540s) | Generator RTF: 0.0283(0.100s / 3.540s)
generated_audios/generated_H2_128C_int8/1089-134686-0017_generated.wav | RTF: 0.0255(0.226s / 8.870s) | Generator RTF: 0.0250(0.222s / 8.870s)
generated_audios/generated_H2_128C_int8/1089-134686-0018_generated.wav | RTF: 0.0273(0.430s / 15.720s) | Generator RTF: 0.0270(0.425s / 15.720s)
generated_audios/generated_H2_128C_int8/1089-134686-0019_generated.wav | RTF: 0.0266(0.370s / 13.895s) | Generator RTF: 0.0263(0.366s / 13.895s)
generated_audios/generated_H2_128C_int8/1089-134686-0020_generated.wav | RTF: 0.0285(0.478s / 16.790s) | Generator RTF: 0.0282(0.473s / 16.790s)
generated_audios/generated_H2_128C_int8/1089-134686-0021_generated.wav | RTF: 0.0275(0.180s / 6.550s) | Generator RTF: 0.0269(0.176s / 6.550s)
generated_audios/generated_H2_128C_int8/1089-134686-0022_generated.wav | RTF: 0.0253(0.283s / 11.175s) | Generator RTF: 0.0249(0.278s / 11.175s)
generated_audios/generated_H2_128C_int8/1089-134686-0023_generated.wav | RTF: 0.0275(0.366s / 13.275s) | Generator RTF: 0.0272(0.361s / 13.275s)
generated_audios/generated_H2_128C_int8/1089-134686-0024_generated.wav | RTF: 0.0254(0.296s / 11.655s) | Generator RTF: 0.0250(0.292s / 11.655s)
generated_audios/generated_H2_128C_int8/1089-134686-0025_generated.wav | RTF: 0.0260(0.172s / 6.610s) | Generator RTF: 0.0254(0.168s / 6.610s)
generated_audios/generated_H2_128C_int8/1089-134686-0026_generated.wav | RTF: 0.0312(0.125s / 4.010s) | Generator RTF: 0.0302(0.121s / 4.010s)
generated_audios/generated_H2_128C_int8/1089-134686-0027_generated.wav | RTF: 0.0287(0.078s / 2.710s) | Generator RTF: 0.0275(0.075s / 2.710s)
generated_audios/generated_H2_128C_int8/1089-134686-0028_generated.wav | RTF: 0.0250(0.195s / 7.830s) | Generator RTF: 0.0244(0.191s / 7.830s)
generated_audios/generated_H2_128C_int8/1089-134686-0029_generated.wav | RTF: 0.0300(0.140s / 4.670s) | Generator RTF: 0.0292(0.136s / 4.670s)
generated_audios/generated_H2_128C_int8/1089-134686-0030_generated.wav | RTF: 0.0246(0.067s / 2.715s) | Generator RTF: 0.0233(0.063s / 2.715s)
generated_audios/generated_H2_128C_int8/1089-134686-0031_generated.wav | RTF: 0.0222(0.147s / 6.615s) | Generator RTF: 0.0215(0.143s / 6.615s)
generated_audios/generated_H2_128C_int8/121-121726-0000_generated.wav | RTF: 0.0257(0.217s / 8.460s) | Generator RTF: 0.0252(0.213s / 8.460s)
generated_audios/generated_H2_128C_int8/121-121726-0001_generated.wav | RTF: 0.0291(0.172s / 5.925s) | Generator RTF: 0.0284(0.168s / 5.925s)
generated_audios/generated_H2_128C_int8/121-121726-0002_generated.wav | RTF: 0.0230(0.101s / 4.410s) | Generator RTF: 0.0222(0.098s / 4.410s)
generated_audios/generated_H2_128C_int8/121-121726-0003_generated.wav | RTF: 0.0257(0.174s / 6.755s) | Generator RTF: 0.0251(0.170s / 6.755s)
generated_audios/generated_H2_128C_int8/121-121726-0004_generated.wav | RTF: 0.0266(0.107s / 4.020s) | Generator RTF: 0.0257(0.103s / 4.020s)
generated_audios/generated_H2_128C_int8/121-121726-0005_generated.wav | RTF: 0.0285(0.088s / 3.100s) | Generator RTF: 0.0275(0.085s / 3.100s)
generated_audios/generated_H2_128C_int8/121-121726-0006_generated.wav | RTF: 0.0278(0.108s / 3.895s) | Generator RTF: 0.0269(0.105s / 3.895s)
generated_audios/generated_H2_128C_int8/121-121726-0007_generated.wav | RTF: 0.0291(0.196s / 6.730s) | Generator RTF: 0.0285(0.192s / 6.730s)
generated_audios/generated_H2_128C_int8/121-121726-0008_generated.wav | RTF: 0.0296(0.148s / 4.990s) | Generator RTF: 0.0289(0.144s / 4.990s)
generated_audios/generated_H2_128C_int8/121-121726-0009_generated.wav | RTF: 0.0259(0.188s / 7.260s) | Generator RTF: 0.0253(0.184s / 7.260s)
generated_audios/generated_H2_128C_int8/121-121726-0010_generated.wav | RTF: 0.0251(0.247s / 9.810s) | Generator RTF: 0.0247(0.242s / 9.810s)
generated_audios/generated_H2_128C_int8/121-121726-0011_generated.wav | RTF: 0.0273(0.110s / 4.035s) | Generator RTF: 0.0264(0.107s / 4.035s)
generated_audios/generated_H2_128C_int8/121-121726-0012_generated.wav | RTF: 0.0292(0.118s / 4.045s) | Generator RTF: 0.0283(0.115s / 4.045s)
generated_audios/generated_H2_128C_int8/121-121726-0013_generated.wav | RTF: 0.0294(0.073s / 2.490s) | Generator RTF: 0.0281(0.070s / 2.490s)
generated_audios/generated_H2_128C_int8/121-121726-0014_generated.wav | RTF: 0.0275(0.087s / 3.165s) | Generator RTF: 0.0265(0.084s / 3.165s)
generated_audios/generated_H2_128C_int8/121-123852-0000_generated.wav | RTF: 0.0288(0.510s / 17.695s) | Generator RTF: 0.0285(0.504s / 17.695s)
generated_audios/generated_H2_128C_int8/121-123852-0001_generated.wav | RTF: 0.0322(0.060s / 1.870s) | Generator RTF: 0.0304(0.057s / 1.870s)
generated_audios/generated_H2_128C_int8/121-123852-0002_generated.wav | RTF: 0.0286(0.494s / 17.285s) | Generator RTF: 0.0283(0.490s / 17.285s)
generated_audios/generated_H2_128C_int8/121-123852-0003_generated.wav | RTF: 0.3112(7.314s / 23.505s) | Generator RTF: 0.3109(7.308s / 23.505s)
generated_audios/generated_H2_128C_int8/121-123852-0004_generated.wav | RTF: 0.2818(4.590s / 16.290s) | Generator RTF: 0.2814(4.585s / 16.290s)
generated_audios/generated_H2_128C_int8/121-123859-0000_generated.wav | RTF: 0.2696(4.688s / 17.390s) | Generator RTF: 0.2693(4.683s / 17.390s)
generated_audios/generated_H2_128C_int8/121-123859-0001_generated.wav | RTF: 0.2776(7.051s / 25.395s) | Generator RTF: 0.2774(7.044s / 25.395s)
generated_audios/generated_H2_128C_int8/121-123859-0002_generated.wav | RTF: 0.2863(8.600s / 30.040s) | Generator RTF: 0.2861(8.594s / 30.040s)
generated_audios/generated_H2_128C_int8/121-123859-0003_generated.wav | RTF: 0.2617(2.833s / 10.825s) | Generator RTF: 0.2613(2.829s / 10.825s)
generated_audios/generated_H2_128C_int8/121-123859-0004_generated.wav | RTF: 0.2645(2.514s / 9.505s) | Generator RTF: 0.2640(2.510s / 9.505s)
generated_audios/generated_H2_128C_int8/121-127105-0000_generated.wav | RTF: 0.2625(2.592s / 9.875s) | Generator RTF: 0.2621(2.588s / 9.875s)
generated_audios/generated_H2_128C_int8/121-127105-0001_generated.wav | RTF: 0.2468(1.240s / 5.025s) | Generator RTF: 0.2461(1.237s / 5.025s)
generated_audios/generated_H2_128C_int8/121-127105-0002_generated.wav | RTF: 0.2470(1.851s / 7.495s) | Generator RTF: 0.2464(1.847s / 7.495s)
generated_audios/generated_H2_128C_int8/121-127105-0003_generated.wav | RTF: 0.2567(1.983s / 7.725s) | Generator RTF: 0.2562(1.979s / 7.725s)
generated_audios/generated_H2_128C_int8/121-127105-0004_generated.wav | RTF: 0.2562(0.541s / 2.110s) | Generator RTF: 0.2547(0.537s / 2.110s)
generated_audios/generated_H2_128C_int8/121-127105-0005_generated.wav | RTF: 0.2485(1.446s / 5.820s) | Generator RTF: 0.2478(1.442s / 5.820s)
generated_audios/generated_H2_128C_int8/121-127105-0006_generated.wav | RTF: 0.2603(1.230s / 4.725s) | Generator RTF: 0.2596(1.227s / 4.725s)
generated_audios/generated_H2_128C_int8/121-127105-0007_generated.wav | RTF: 0.2504(1.450s / 5.790s) | Generator RTF: 0.2498(1.446s / 5.790s)
generated_audios/generated_H2_128C_int8/121-127105-0008_generated.wav | RTF: 0.2509(0.693s / 2.760s) | Generator RTF: 0.2497(0.689s / 2.760s)
generated_audios/generated_H2_128C_int8/121-127105-0009_generated.wav | RTF: 0.2561(0.587s / 2.290s) | Generator RTF: 0.2547(0.583s / 2.290s)
generated_audios/generated_H2_128C_int8/121-127105-0010_generated.wav | RTF: 0.2523(0.719s / 2.850s) | Generator RTF: 0.2512(0.716s / 2.850s)
generated_audios/generated_H2_128C_int8/121-127105-0011_generated.wav | RTF: 0.2576(1.489s / 5.780s) | Generator RTF: 0.2570(1.485s / 5.780s)
generated_audios/generated_H2_128C_int8/121-127105-0012_generated.wav | RTF: 0.2635(1.273s / 4.830s) | Generator RTF: 0.2627(1.269s / 4.830s)
generated_audios/generated_H2_128C_int8/121-127105-0013_generated.wav | RTF: 0.2473(1.458s / 5.895s) | Generator RTF: 0.2467(1.454s / 5.895s)
generated_audios/generated_H2_128C_int8/121-127105-0014_generated.wav | RTF: 0.2394(0.540s / 2.255s) | Generator RTF: 0.2379(0.536s / 2.255s)
generated_audios/generated_H2_128C_int8/121-127105-0015_generated.wav | RTF: 0.2551(0.755s / 2.960s) | Generator RTF: 0.2540(0.752s / 2.960s)
generated_audios/generated_H2_128C_int8/121-127105-0016_generated.wav | RTF: 0.2427(0.493s / 2.030s) | Generator RTF: 0.2410(0.489s / 2.030s)
generated_audios/generated_H2_128C_int8/121-127105-0017_generated.wav | RTF: 0.2545(0.686s / 2.695s) | Generator RTF: 0.2532(0.682s / 2.695s)
generated_audios/generated_H2_128C_int8/121-127105-0018_generated.wav | RTF: 0.2563(0.710s / 2.770s) | Generator RTF: 0.2551(0.707s / 2.770s)
generated_audios/generated_H2_128C_int8/121-127105-0019_generated.wav | RTF: 0.2469(0.870s / 3.525s) | Generator RTF: 0.2459(0.867s / 3.525s)
generated_audios/generated_H2_128C_int8/121-127105-0020_generated.wav | RTF: 0.2724(3.911s / 14.355s) | Generator RTF: 0.2721(3.906s / 14.355s)
generated_audios/generated_H2_128C_int8/121-127105-0021_generated.wav | RTF: 0.2444(0.489s / 2.000s) | Generator RTF: 0.2428(0.486s / 2.000s)
generated_audios/generated_H2_128C_int8/121-127105-0022_generated.wav | RTF: 0.2570(1.304s / 5.075s) | Generator RTF: 0.2566(1.302s / 5.075s)
generated_audios/generated_H2_128C_int8/121-127105-0023_generated.wav | RTF: 0.2492(2.718s / 10.910s) | Generator RTF: 0.2487(2.714s / 10.910s)
generated_audios/generated_H2_128C_int8/121-127105-0024_generated.wav | RTF: 0.2854(4.125s / 14.450s) | Generator RTF: 0.2851(4.120s / 14.450s)
generated_audios/generated_H2_128C_int8/121-127105-0025_generated.wav | RTF: 0.2722(4.373s / 16.065s) | Generator RTF: 0.2720(4.369s / 16.065s)
generated_audios/generated_H2_128C_int8/121-127105-0026_generated.wav | RTF: 0.2457(1.850s / 7.530s) | Generator RTF: 0.2452(1.846s / 7.530s)
generated_audios/generated_H2_128C_int8/121-127105-0027_generated.wav | RTF: 0.2760(3.828s / 13.870s) | Generator RTF: 0.2757(3.824s / 13.870s)
generated_audios/generated_H2_128C_int8/121-127105-0028_generated.wav | RTF: 0.0250(0.168s / 6.750s) | Generator RTF: 0.0244(0.165s / 6.750s)
generated_audios/generated_H2_128C_int8/121-127105-0029_generated.wav | RTF: 0.2558(1.870s / 7.310s) | Generator RTF: 0.2553(1.866s / 7.310s)
generated_audios/generated_H2_128C_int8/121-127105-0030_generated.wav | RTF: 0.2500(0.544s / 2.175s) | Generator RTF: 0.2484(0.540s / 2.175s)
generated_audios/generated_H2_128C_int8/121-127105-0031_generated.wav | RTF: 0.2465(2.653s / 10.765s) | Generator RTF: 0.2461(2.650s / 10.765s)
generated_audios/generated_H2_128C_int8/121-127105-0032_generated.wav | RTF: 0.2413(0.765s / 3.170s) | Generator RTF: 0.2402(0.761s / 3.170s)
generated_audios/generated_H2_128C_int8/121-127105-0033_generated.wav | RTF: 0.2506(0.590s / 2.355s) | Generator RTF: 0.2492(0.587s / 2.355s)
generated_audios/generated_H2_128C_int8/121-127105-0034_generated.wav | RTF: 0.2618(1.940s / 7.410s) | Generator RTF: 0.2613(1.937s / 7.410s)
generated_audios/generated_H2_128C_int8/121-127105-0035_generated.wav | RTF: 0.2719(3.848s / 14.150s) | Generator RTF: 0.2716(3.843s / 14.150s)
generated_audios/generated_H2_128C_int8/121-127105-0036_generated.wav | RTF: 0.2423(1.006s / 4.150s) | Generator RTF: 0.2415(1.002s / 4.150s)
generated_audios/generated_H2_128C_int8/237-126133-0000_generated.wav | RTF: 0.2863(3.805s / 13.290s) | Generator RTF: 0.2860(3.801s / 13.290s)
generated_audios/generated_H2_128C_int8/237-126133-0001_generated.wav | RTF: 0.2873(3.437s / 11.965s) | Generator RTF: 0.2869(3.433s / 11.965s)
generated_audios/generated_H2_128C_int8/237-126133-0002_generated.wav | RTF: 0.2514(2.242s / 8.920s) | Generator RTF: 0.2508(2.237s / 8.920s)
generated_audios/generated_H2_128C_int8/237-126133-0003_generated.wav | RTF: 0.2567(1.684s / 6.560s) | Generator RTF: 0.2562(1.681s / 6.560s)
generated_audios/generated_H2_128C_int8/237-126133-0004_generated.wav | RTF: 0.2643(0.871s / 3.295s) | Generator RTF: 0.2632(0.867s / 3.295s)
generated_audios/generated_H2_128C_int8/237-126133-0005_generated.wav | RTF: 0.2607(1.697s / 6.510s) | Generator RTF: 0.2601(1.693s / 6.510s)
generated_audios/generated_H2_128C_int8/237-126133-0006_generated.wav | RTF: 0.2578(1.586s / 6.150s) | Generator RTF: 0.2572(1.582s / 6.150s)
generated_audios/generated_H2_128C_int8/237-126133-0007_generated.wav | RTF: 0.2459(2.134s / 8.680s) | Generator RTF: 0.2454(2.130s / 8.680s)
generated_audios/generated_H2_128C_int8/237-126133-0008_generated.wav | RTF: 0.2585(0.999s / 3.865s) | Generator RTF: 0.2575(0.995s / 3.865s)
generated_audios/generated_H2_128C_int8/237-126133-0009_generated.wav | RTF: 0.2561(1.017s / 3.970s) | Generator RTF: 0.2552(1.013s / 3.970s)
generated_audios/generated_H2_128C_int8/237-126133-0010_generated.wav | RTF: 0.2460(1.535s / 6.240s) | Generator RTF: 0.2454(1.531s / 6.240s)
generated_audios/generated_H2_128C_int8/237-126133-0011_generated.wav | RTF: 0.2634(1.768s / 6.710s) | Generator RTF: 0.2628(1.764s / 6.710s)
generated_audios/generated_H2_128C_int8/237-126133-0012_generated.wav | RTF: 0.2631(1.171s / 4.450s) | Generator RTF: 0.2623(1.167s / 4.450s)
generated_audios/generated_H2_128C_int8/237-126133-0013_generated.wav | RTF: 0.2596(1.769s / 6.815s) | Generator RTF: 0.2591(1.766s / 6.815s)
generated_audios/generated_H2_128C_int8/237-126133-0014_generated.wav | RTF: 0.2601(1.766s / 6.790s) | Generator RTF: 0.2595(1.762s / 6.790s)
generated_audios/generated_H2_128C_int8/237-126133-0015_generated.wav | RTF: 0.2495(2.331s / 9.340s) | Generator RTF: 0.2491(2.327s / 9.340s)
generated_audios/generated_H2_128C_int8/237-126133-0016_generated.wav | RTF: 0.2485(1.056s / 4.250s) | Generator RTF: 0.2476(1.052s / 4.250s)
generated_audios/generated_H2_128C_int8/237-126133-0017_generated.wav | RTF: 0.2504(1.555s / 6.210s) | Generator RTF: 0.2497(1.551s / 6.210s)
generated_audios/generated_H2_128C_int8/237-126133-0018_generated.wav | RTF: 0.2595(1.063s / 4.095s) | Generator RTF: 0.2586(1.059s / 4.095s)
generated_audios/generated_H2_128C_int8/237-126133-0019_generated.wav | RTF: 0.2696(1.919s / 7.120s) | Generator RTF: 0.2690(1.915s / 7.120s)
generated_audios/generated_H2_128C_int8/237-126133-0020_generated.wav | RTF: 0.2420(0.542s / 2.240s) | Generator RTF: 0.2406(0.539s / 2.240s)
generated_audios/generated_H2_128C_int8/237-126133-0021_generated.wav | RTF: 0.2475(1.081s / 4.365s) | Generator RTF: 0.2469(1.078s / 4.365s)
generated_audios/generated_H2_128C_int8/237-126133-0022_generated.wav | RTF: 0.2617(1.319s / 5.040s) | Generator RTF: 0.2610(1.316s / 5.040s)
generated_audios/generated_H2_128C_int8/237-126133-0023_generated.wav | RTF: 0.2621(1.749s / 6.675s) | Generator RTF: 0.2615(1.746s / 6.675s)
generated_audios/generated_H2_128C_int8/237-126133-0024_generated.wav | RTF: 0.2646(2.557s / 9.665s) | Generator RTF: 0.2641(2.553s / 9.665s)
generated_audios/generated_H2_128C_int8/237-126133-0025_generated.wav | RTF: 0.2569(0.965s / 3.755s) | Generator RTF: 0.2558(0.961s / 3.755s)
generated_audios/generated_H2_128C_int8/237-134493-0000_generated.wav | RTF: 0.2650(1.088s / 4.105s) | Generator RTF: 0.2642(1.084s / 4.105s)
generated_audios/generated_H2_128C_int8/237-134493-0001_generated.wav | RTF: 0.2590(1.912s / 7.380s) | Generator RTF: 0.2585(1.908s / 7.380s)
generated_audios/generated_H2_128C_int8/237-134493-0002_generated.wav | RTF: 0.2697(3.073s / 11.395s) | Generator RTF: 0.2694(3.069s / 11.395s)
generated_audios/generated_H2_128C_int8/237-134493-0003_generated.wav | RTF: 0.2850(3.638s / 12.765s) | Generator RTF: 0.2847(3.634s / 12.765s)
generated_audios/generated_H2_128C_int8/237-134493-0004_generated.wav | RTF: 0.2638(1.800s / 6.825s) | Generator RTF: 0.2632(1.796s / 6.825s)
generated_audios/generated_H2_128C_int8/237-134493-0005_generated.wav | RTF: 0.2515(2.753s / 10.945s) | Generator RTF: 0.2511(2.748s / 10.945s)
generated_audios/generated_H2_128C_int8/237-134493-0006_generated.wav | RTF: 0.2476(1.088s / 4.395s) | Generator RTF: 0.2467(1.084s / 4.395s)
generated_audios/generated_H2_128C_int8/237-134493-0007_generated.wav | RTF: 0.2451(0.499s / 2.035s) | Generator RTF: 0.2437(0.496s / 2.035s)
generated_audios/generated_H2_128C_int8/237-134493-0008_generated.wav | RTF: 0.2393(0.552s / 2.305s) | Generator RTF: 0.2380(0.549s / 2.305s)
generated_audios/generated_H2_128C_int8/237-134493-0009_generated.wav | RTF: 0.2590(0.770s / 2.975s) | Generator RTF: 0.2578(0.767s / 2.975s)
generated_audios/generated_H2_128C_int8/237-134493-0010_generated.wav | RTF: 0.2533(0.728s / 2.875s) | Generator RTF: 0.2522(0.725s / 2.875s)
generated_audios/generated_H2_128C_int8/237-134493-0011_generated.wav | RTF: 0.2652(1.335s / 5.035s) | Generator RTF: 0.2645(1.332s / 5.035s)
generated_audios/generated_H2_128C_int8/237-134493-0012_generated.wav | RTF: 0.2444(0.895s / 3.660s) | Generator RTF: 0.2435(0.891s / 3.660s)
generated_audios/generated_H2_128C_int8/237-134493-0013_generated.wav | RTF: 0.0244(0.100s / 4.090s) | Generator RTF: 0.0236(0.096s / 4.090s)
generated_audios/generated_H2_128C_int8/237-134493-0014_generated.wav | RTF: 0.2485(0.920s / 3.700s) | Generator RTF: 0.2476(0.916s / 3.700s)
generated_audios/generated_H2_128C_int8/237-134493-0015_generated.wav | RTF: 0.0274(0.180s / 6.550s) | Generator RTF: 0.0269(0.176s / 6.550s)
generated_audios/generated_H2_128C_int8/237-134493-0016_generated.wav | RTF: 0.2635(2.657s / 10.085s) | Generator RTF: 0.2631(2.653s / 10.085s)
generated_audios/generated_H2_128C_int8/237-134493-0017_generated.wav | RTF: 0.2625(2.390s / 9.105s) | Generator RTF: 0.2621(2.386s / 9.105s)
generated_audios/generated_H2_128C_int8/237-134493-0018_generated.wav | RTF: 0.2602(1.246s / 4.790s) | Generator RTF: 0.2594(1.243s / 4.790s)
generated_audios/generated_H2_128C_int8/237-134500-0000_generated.wav | RTF: 0.2587(1.586s / 6.130s) | Generator RTF: 0.2582(1.583s / 6.130s)
generated_audios/generated_H2_128C_int8/237-134500-0001_generated.wav | RTF: 0.2402(0.435s / 1.810s) | Generator RTF: 0.2385(0.432s / 1.810s)
generated_audios/generated_H2_128C_int8/237-134500-0002_generated.wav | RTF: 0.2610(1.323s / 5.070s) | Generator RTF: 0.2603(1.320s / 5.070s)
generated_audios/generated_H2_128C_int8/237-134500-0003_generated.wav | RTF: 0.0286(0.091s / 3.170s) | Generator RTF: 0.0276(0.087s / 3.170s)
generated_audios/generated_H2_128C_int8/237-134500-0004_generated.wav | RTF: 0.0319(0.071s / 2.225s) | Generator RTF: 0.0305(0.068s / 2.225s)
generated_audios/generated_H2_128C_int8/237-134500-0005_generated.wav | RTF: 0.2520(0.602s / 2.390s) | Generator RTF: 0.2512(0.600s / 2.390s)
generated_audios/generated_H2_128C_int8/237-134500-0006_generated.wav | RTF: 0.2464(1.041s / 4.225s) | Generator RTF: 0.2456(1.038s / 4.225s)
generated_audios/generated_H2_128C_int8/237-134500-0007_generated.wav | RTF: 0.0256(0.061s / 2.390s) | Generator RTF: 0.0242(0.058s / 2.390s)
generated_audios/generated_H2_128C_int8/237-134500-0008_generated.wav | RTF: 0.0267(0.100s / 3.760s) | Generator RTF: 0.0258(0.097s / 3.760s)
generated_audios/generated_H2_128C_int8/237-134500-0009_generated.wav | RTF: 0.0258(0.057s / 2.220s) | Generator RTF: 0.0242(0.054s / 2.220s)
generated_audios/generated_H2_128C_int8/237-134500-0010_generated.wav | RTF: 0.2620(1.047s / 3.995s) | Generator RTF: 0.2612(1.044s / 3.995s)
generated_audios/generated_H2_128C_int8/237-134500-0011_generated.wav | RTF: 0.2468(0.827s / 3.350s) | Generator RTF: 0.2458(0.824s / 3.350s)
generated_audios/generated_H2_128C_int8/237-134500-0012_generated.wav | RTF: 0.2701(2.953s / 10.935s) | Generator RTF: 0.2697(2.949s / 10.935s)
generated_audios/generated_H2_128C_int8/237-134500-0013_generated.wav | RTF: 0.0284(0.300s / 10.560s) | Generator RTF: 0.0280(0.295s / 10.560s)
generated_audios/generated_H2_128C_int8/237-134500-0014_generated.wav | RTF: 0.0304(0.129s / 4.250s) | Generator RTF: 0.0296(0.126s / 4.250s)
generated_audios/generated_H2_128C_int8/237-134500-0015_generated.wav | RTF: 0.2610(2.823s / 10.815s) | Generator RTF: 0.2606(2.819s / 10.815s)
generated_audios/generated_H2_128C_int8/237-134500-0016_generated.wav | RTF: 0.0282(0.089s / 3.160s) | Generator RTF: 0.0272(0.086s / 3.160s)
generated_audios/generated_H2_128C_int8/237-134500-0017_generated.wav | RTF: 0.0311(0.068s / 2.180s) | Generator RTF: 0.0298(0.065s / 2.180s)
generated_audios/generated_H2_128C_int8/237-134500-0018_generated.wav | RTF: 0.2911(3.739s / 12.845s) | Generator RTF: 0.2907(3.734s / 12.845s)
generated_audios/generated_H2_128C_int8/237-134500-0019_generated.wav | RTF: 0.2476(0.708s / 2.860s) | Generator RTF: 0.2465(0.705s / 2.860s)
generated_audios/generated_H2_128C_int8/237-134500-0020_generated.wav | RTF: 0.0262(0.057s / 2.180s) | Generator RTF: 0.0247(0.054s / 2.180s)
generated_audios/generated_H2_128C_int8/237-134500-0021_generated.wav | RTF: 0.2467(1.263s / 5.120s) | Generator RTF: 0.2461(1.260s / 5.120s)
generated_audios/generated_H2_128C_int8/237-134500-0022_generated.wav | RTF: 0.2510(1.297s / 5.165s) | Generator RTF: 0.2503(1.293s / 5.165s)
generated_audios/generated_H2_128C_int8/237-134500-0023_generated.wav | RTF: 0.2651(0.811s / 3.060s) | Generator RTF: 0.2639(0.808s / 3.060s)
generated_audios/generated_H2_128C_int8/237-134500-0024_generated.wav | RTF: 0.0272(0.120s / 4.410s) | Generator RTF: 0.0264(0.116s / 4.410s)
generated_audios/generated_H2_128C_int8/237-134500-0025_generated.wav | RTF: 0.2415(0.394s / 1.630s) | Generator RTF: 0.2397(0.391s / 1.630s)
generated_audios/generated_H2_128C_int8/237-134500-0026_generated.wav | RTF: 0.2600(0.793s / 3.050s) | Generator RTF: 0.2589(0.790s / 3.050s)
generated_audios/generated_H2_128C_int8/237-134500-0027_generated.wav | RTF: 0.2639(0.863s / 3.270s) | Generator RTF: 0.2630(0.860s / 3.270s)
generated_audios/generated_H2_128C_int8/237-134500-0028_generated.wav | RTF: 0.2664(1.205s / 4.525s) | Generator RTF: 0.2656(1.202s / 4.525s)
generated_audios/generated_H2_128C_int8/237-134500-0029_generated.wav | RTF: 0.2476(0.511s / 2.065s) | Generator RTF: 0.2460(0.508s / 2.065s)
generated_audios/generated_H2_128C_int8/237-134500-0030_generated.wav | RTF: 0.2666(0.741s / 2.780s) | Generator RTF: 0.2654(0.738s / 2.780s)
generated_audios/generated_H2_128C_int8/237-134500-0031_generated.wav | RTF: 0.2625(2.785s / 10.610s) | Generator RTF: 0.2621(2.781s / 10.610s)
generated_audios/generated_H2_128C_int8/237-134500-0032_generated.wav | RTF: 0.0280(0.141s / 5.025s) | Generator RTF: 0.0273(0.137s / 5.025s)
generated_audios/generated_H2_128C_int8/237-134500-0033_generated.wav | RTF: 0.2506(1.591s / 6.350s) | Generator RTF: 0.2502(1.589s / 6.350s)
generated_audios/generated_H2_128C_int8/237-134500-0034_generated.wav | RTF: 0.2486(0.764s / 3.075s) | Generator RTF: 0.2475(0.761s / 3.075s)
generated_audios/generated_H2_128C_int8/237-134500-0035_generated.wav | RTF: 0.2620(0.669s / 2.555s) | Generator RTF: 0.2607(0.666s / 2.555s)
generated_audios/generated_H2_128C_int8/237-134500-0036_generated.wav | RTF: 0.2662(1.757s / 6.600s) | Generator RTF: 0.2657(1.754s / 6.600s)
generated_audios/generated_H2_128C_int8/237-134500-0037_generated.wav | RTF: 0.2635(1.873s / 7.105s) | Generator RTF: 0.2630(1.869s / 7.105s)
generated_audios/generated_H2_128C_int8/237-134500-0038_generated.wav | RTF: 0.2539(0.618s / 2.435s) | Generator RTF: 0.2528(0.615s / 2.435s)
generated_audios/generated_H2_128C_int8/237-134500-0039_generated.wav | RTF: 0.2665(1.234s / 4.630s) | Generator RTF: 0.2657(1.230s / 4.630s)
generated_audios/generated_H2_128C_int8/237-134500-0040_generated.wav | RTF: 0.0268(0.108s / 4.030s) | Generator RTF: 0.0259(0.104s / 4.030s)
generated_audios/generated_H2_128C_int8/237-134500-0041_generated.wav | RTF: 0.0299(0.266s / 8.920s) | Generator RTF: 0.0295(0.263s / 8.920s)
generated_audios/generated_H2_128C_int8/237-134500-0042_generated.wav | RTF: 0.2534(0.652s / 2.575s) | Generator RTF: 0.2521(0.649s / 2.575s)
generated_audios/generated_H2_128C_int8/260-123286-0000_generated.wav | RTF: 0.2545(1.792s / 7.040s) | Generator RTF: 0.2539(1.788s / 7.040s)
generated_audios/generated_H2_128C_int8/260-123286-0001_generated.wav | RTF: 0.0246(0.075s / 3.070s) | Generator RTF: 0.0234(0.072s / 3.070s)
generated_audios/generated_H2_128C_int8/260-123286-0002_generated.wav | RTF: 0.2668(2.664s / 9.985s) | Generator RTF: 0.2663(2.659s / 9.985s)
generated_audios/generated_H2_128C_int8/260-123286-0003_generated.wav | RTF: 0.2681(1.976s / 7.370s) | Generator RTF: 0.2676(1.972s / 7.370s)
generated_audios/generated_H2_128C_int8/260-123286-0004_generated.wav | RTF: 0.2651(0.919s / 3.465s) | Generator RTF: 0.2641(0.915s / 3.465s)
generated_audios/generated_H2_128C_int8/260-123286-0005_generated.wav | RTF: 0.2535(1.219s / 4.810s) | Generator RTF: 0.2528(1.216s / 4.810s)
generated_audios/generated_H2_128C_int8/260-123286-0006_generated.wav | RTF: 0.2646(1.959s / 7.405s) | Generator RTF: 0.2641(1.956s / 7.405s)
generated_audios/generated_H2_128C_int8/260-123286-0007_generated.wav | RTF: 0.2605(1.185s / 4.550s) | Generator RTF: 0.2598(1.182s / 4.550s)
generated_audios/generated_H2_128C_int8/260-123286-0008_generated.wav | RTF: 0.2549(0.952s / 3.735s) | Generator RTF: 0.2539(0.948s / 3.735s)
generated_audios/generated_H2_128C_int8/260-123286-0009_generated.wav | RTF: 0.2723(1.578s / 5.795s) | Generator RTF: 0.2716(1.574s / 5.795s)
generated_audios/generated_H2_128C_int8/260-123286-0010_generated.wav | RTF: 0.0256(0.066s / 2.575s) | Generator RTF: 0.0243(0.063s / 2.575s)
generated_audios/generated_H2_128C_int8/260-123286-0011_generated.wav | RTF: 0.0307(0.131s / 4.255s) | Generator RTF: 0.0299(0.127s / 4.255s)
generated_audios/generated_H2_128C_int8/260-123286-0012_generated.wav | RTF: 0.0260(0.063s / 2.430s) | Generator RTF: 0.0246(0.060s / 2.430s)
generated_audios/generated_H2_128C_int8/260-123286-0013_generated.wav | RTF: 0.2643(1.250s / 4.730s) | Generator RTF: 0.2636(1.247s / 4.730s)
generated_audios/generated_H2_128C_int8/260-123286-0014_generated.wav | RTF: 0.0296(0.088s / 2.980s) | Generator RTF: 0.0284(0.085s / 2.980s)
generated_audios/generated_H2_128C_int8/260-123286-0015_generated.wav | RTF: 0.2731(1.423s / 5.210s) | Generator RTF: 0.2724(1.419s / 5.210s)
generated_audios/generated_H2_128C_int8/260-123286-0016_generated.wav | RTF: 0.2681(1.877s / 7.000s) | Generator RTF: 0.2676(1.873s / 7.000s)
generated_audios/generated_H2_128C_int8/260-123286-0017_generated.wav | RTF: 0.2539(1.009s / 3.975s) | Generator RTF: 0.2530(1.006s / 3.975s)
generated_audios/generated_H2_128C_int8/260-123286-0018_generated.wav | RTF: 0.2730(1.548s / 5.670s) | Generator RTF: 0.2724(1.545s / 5.670s)
generated_audios/generated_H2_128C_int8/260-123286-0019_generated.wav | RTF: 0.2949(3.510s / 11.905s) | Generator RTF: 0.2945(3.506s / 11.905s)
generated_audios/generated_H2_128C_int8/260-123286-0020_generated.wav | RTF: 0.0285(0.087s / 3.060s) | Generator RTF: 0.0275(0.084s / 3.060s)
generated_audios/generated_H2_128C_int8/260-123286-0021_generated.wav | RTF: 0.2615(0.667s / 2.550s) | Generator RTF: 0.2603(0.664s / 2.550s)
generated_audios/generated_H2_128C_int8/260-123286-0022_generated.wav | RTF: 0.2677(0.866s / 3.235s) | Generator RTF: 0.2667(0.863s / 3.235s)
generated_audios/generated_H2_128C_int8/260-123286-0023_generated.wav | RTF: 0.2707(1.590s / 5.875s) | Generator RTF: 0.2701(1.587s / 5.875s)
generated_audios/generated_H2_128C_int8/260-123286-0024_generated.wav | RTF: 0.2642(0.803s / 3.040s) | Generator RTF: 0.2631(0.800s / 3.040s)
generated_audios/generated_H2_128C_int8/260-123286-0025_generated.wav | RTF: 0.2596(2.390s / 9.205s) | Generator RTF: 0.2592(2.386s / 9.205s)
generated_audios/generated_H2_128C_int8/260-123286-0026_generated.wav | RTF: 0.2606(1.808s / 6.940s) | Generator RTF: 0.2600(1.804s / 6.940s)
generated_audios/generated_H2_128C_int8/260-123286-0027_generated.wav | RTF: 0.2767(1.984s / 7.170s) | Generator RTF: 0.2762(1.981s / 7.170s)
generated_audios/generated_H2_128C_int8/260-123286-0028_generated.wav | RTF: 0.2636(1.968s / 7.465s) | Generator RTF: 0.2631(1.964s / 7.465s)
generated_audios/generated_H2_128C_int8/260-123286-0029_generated.wav | RTF: 0.0226(0.103s / 4.545s) | Generator RTF: 0.0218(0.099s / 4.545s)
generated_audios/generated_H2_128C_int8/260-123286-0030_generated.wav | RTF: 0.0272(0.205s / 7.530s) | Generator RTF: 0.0267(0.201s / 7.530s)
generated_audios/generated_H2_128C_int8/260-123286-0031_generated.wav | RTF: 0.2610(1.321s / 5.060s) | Generator RTF: 0.2603(1.317s / 5.060s)
generated_audios/generated_H2_128C_int8/260-123288-0000_generated.wav | RTF: 0.0232(0.071s / 3.040s) | Generator RTF: 0.0222(0.067s / 3.040s)
generated_audios/generated_H2_128C_int8/260-123288-0001_generated.wav | RTF: 0.0258(0.131s / 5.080s) | Generator RTF: 0.0252(0.128s / 5.080s)
generated_audios/generated_H2_128C_int8/260-123288-0002_generated.wav | RTF: 0.2656(1.926s / 7.250s) | Generator RTF: 0.2650(1.922s / 7.250s)
generated_audios/generated_H2_128C_int8/260-123288-0003_generated.wav | RTF: 0.2769(2.466s / 8.905s) | Generator RTF: 0.2764(2.461s / 8.905s)
generated_audios/generated_H2_128C_int8/260-123288-0004_generated.wav | RTF: 0.2755(1.187s / 4.310s) | Generator RTF: 0.2746(1.184s / 4.310s)
generated_audios/generated_H2_128C_int8/260-123288-0005_generated.wav | RTF: 0.2869(3.601s / 12.550s) | Generator RTF: 0.2866(3.597s / 12.550s)
generated_audios/generated_H2_128C_int8/260-123288-0006_generated.wav | RTF: 0.2639(1.288s / 4.880s) | Generator RTF: 0.2632(1.284s / 4.880s)
generated_audios/generated_H2_128C_int8/260-123288-0007_generated.wav | RTF: 0.2841(3.182s / 11.200s) | Generator RTF: 0.2837(3.178s / 11.200s)
generated_audios/generated_H2_128C_int8/260-123288-0008_generated.wav | RTF: 0.2786(1.537s / 5.515s) | Generator RTF: 0.2779(1.533s / 5.515s)
generated_audios/generated_H2_128C_int8/260-123288-0009_generated.wav | RTF: 0.2760(0.948s / 3.435s) | Generator RTF: 0.2750(0.945s / 3.435s)
generated_audios/generated_H2_128C_int8/260-123288-0010_generated.wav | RTF: 0.0278(0.278s / 9.995s) | Generator RTF: 0.0274(0.274s / 9.995s)
generated_audios/generated_H2_128C_int8/260-123288-0011_generated.wav | RTF: 0.2884(2.590s / 8.980s) | Generator RTF: 0.2880(2.586s / 8.980s)
generated_audios/generated_H2_128C_int8/260-123288-0012_generated.wav | RTF: 0.2770(0.982s / 3.545s) | Generator RTF: 0.2760(0.979s / 3.545s)
generated_audios/generated_H2_128C_int8/260-123288-0013_generated.wav | RTF: 0.3084(3.511s / 11.385s) | Generator RTF: 0.3080(3.507s / 11.385s)
generated_audios/generated_H2_128C_int8/260-123288-0014_generated.wav | RTF: 0.0345(0.062s / 1.805s) | Generator RTF: 0.0324(0.058s / 1.805s)
generated_audios/generated_H2_128C_int8/260-123288-0015_generated.wav | RTF: 0.2892(6.126s / 21.185s) | Generator RTF: 0.2889(6.121s / 21.185s)
generated_audios/generated_H2_128C_int8/260-123288-0016_generated.wav | RTF: 0.2875(1.399s / 4.865s) | Generator RTF: 0.2868(1.395s / 4.865s)
generated_audios/generated_H2_128C_int8/260-123288-0017_generated.wav | RTF: 0.2704(1.413s / 5.225s) | Generator RTF: 0.2697(1.409s / 5.225s)
generated_audios/generated_H2_128C_int8/260-123288-0018_generated.wav | RTF: 0.2791(0.906s / 3.245s) | Generator RTF: 0.2781(0.902s / 3.245s)
generated_audios/generated_H2_128C_int8/260-123288-0019_generated.wav | RTF: 0.0289(0.085s / 2.955s) | Generator RTF: 0.0278(0.082s / 2.955s)
generated_audios/generated_H2_128C_int8/260-123288-0020_generated.wav | RTF: 0.2805(0.814s / 2.900s) | Generator RTF: 0.2794(0.810s / 2.900s)
generated_audios/generated_H2_128C_int8/260-123288-0021_generated.wav | RTF: 0.0284(0.077s / 2.710s) | Generator RTF: 0.0272(0.074s / 2.710s)
generated_audios/generated_H2_128C_int8/260-123288-0022_generated.wav | RTF: 0.2815(1.043s / 3.705s) | Generator RTF: 0.2807(1.040s / 3.705s)
generated_audios/generated_H2_128C_int8/260-123288-0023_generated.wav | RTF: 0.0312(0.074s / 2.385s) | Generator RTF: 0.0299(0.071s / 2.385s)
generated_audios/generated_H2_128C_int8/260-123288-0024_generated.wav | RTF: 0.2918(4.258s / 14.595s) | Generator RTF: 0.2915(4.254s / 14.595s)
generated_audios/generated_H2_128C_int8/260-123288-0025_generated.wav | RTF: 0.3007(4.042s / 13.445s) | Generator RTF: 0.2975(3.999s / 13.445s)
generated_audios/generated_H2_128C_int8/260-123288-0026_generated.wav | RTF: 0.3121(5.006s / 16.040s) | Generator RTF: 0.3118(5.001s / 16.040s)
generated_audios/generated_H2_128C_int8/260-123288-0027_generated.wav | RTF: 0.2729(1.721s / 6.305s) | Generator RTF: 0.2724(1.717s / 6.305s)
generated_audios/generated_H2_128C_int8/260-123288-0028_generated.wav | RTF: 0.2793(0.729s / 2.610s) | Generator RTF: 0.2780(0.726s / 2.610s)
generated_audios/generated_H2_128C_int8/260-123440-0000_generated.wav | RTF: 0.2658(0.576s / 2.165s) | Generator RTF: 0.2644(0.572s / 2.165s)
generated_audios/generated_H2_128C_int8/260-123440-0001_generated.wav | RTF: 0.2618(0.456s / 1.740s) | Generator RTF: 0.2600(0.452s / 1.740s)
generated_audios/generated_H2_128C_int8/260-123440-0002_generated.wav | RTF: 0.3097(4.557s / 14.715s) | Generator RTF: 0.3094(4.552s / 14.715s)
generated_audios/generated_H2_128C_int8/260-123440-0003_generated.wav | RTF: 0.2890(1.036s / 3.585s) | Generator RTF: 0.2880(1.033s / 3.585s)
generated_audios/generated_H2_128C_int8/260-123440-0004_generated.wav | RTF: 0.2926(3.517s / 12.020s) | Generator RTF: 0.2922(3.512s / 12.020s)
generated_audios/generated_H2_128C_int8/260-123440-0005_generated.wav | RTF: 0.0288(0.089s / 3.105s) | Generator RTF: 0.0276(0.086s / 3.105s)
generated_audios/generated_H2_128C_int8/260-123440-0006_generated.wav | RTF: 0.0251(0.068s / 2.715s) | Generator RTF: 0.0239(0.065s / 2.715s)
generated_audios/generated_H2_128C_int8/260-123440-0007_generated.wav | RTF: 0.2840(0.961s / 3.385s) | Generator RTF: 0.2831(0.958s / 3.385s)
generated_audios/generated_H2_128C_int8/260-123440-0008_generated.wav | RTF: 0.2854(1.069s / 3.745s) | Generator RTF: 0.2845(1.065s / 3.745s)
generated_audios/generated_H2_128C_int8/260-123440-0009_generated.wav | RTF: 0.2856(0.890s / 3.115s) | Generator RTF: 0.2846(0.886s / 3.115s)
generated_audios/generated_H2_128C_int8/260-123440-0010_generated.wav | RTF: 0.2917(2.426s / 8.315s) | Generator RTF: 0.2912(2.422s / 8.315s)
generated_audios/generated_H2_128C_int8/260-123440-0011_generated.wav | RTF: 0.0222(0.108s / 4.870s) | Generator RTF: 0.0214(0.104s / 4.870s)
generated_audios/generated_H2_128C_int8/260-123440-0012_generated.wav | RTF: 0.2856(1.498s / 5.245s) | Generator RTF: 0.2850(1.495s / 5.245s)
generated_audios/generated_H2_128C_int8/260-123440-0013_generated.wav | RTF: 0.2864(0.995s / 3.475s) | Generator RTF: 0.2854(0.992s / 3.475s)
generated_audios/generated_H2_128C_int8/260-123440-0014_generated.wav | RTF: 0.2904(1.108s / 3.815s) | Generator RTF: 0.2895(1.104s / 3.815s)
generated_audios/generated_H2_128C_int8/260-123440-0015_generated.wav | RTF: 0.0311(0.193s / 6.200s) | Generator RTF: 0.0305(0.189s / 6.200s)
generated_audios/generated_H2_128C_int8/260-123440-0016_generated.wav | RTF: 0.2926(1.432s / 4.895s) | Generator RTF: 0.2919(1.429s / 4.895s)
generated_audios/generated_H2_128C_int8/260-123440-0017_generated.wav | RTF: 0.0309(0.095s / 3.070s) | Generator RTF: 0.0297(0.091s / 3.070s)
generated_audios/generated_H2_128C_int8/260-123440-0018_generated.wav | RTF: 0.2959(1.077s / 3.640s) | Generator RTF: 0.2949(1.074s / 3.640s)
generated_audios/generated_H2_128C_int8/260-123440-0019_generated.wav | RTF: 0.2943(1.951s / 6.630s) | Generator RTF: 0.2937(1.948s / 6.630s)
generated_audios/generated_H2_128C_int8/260-123440-0020_generated.wav | RTF: 0.2929(1.463s / 4.995s) | Generator RTF: 0.2920(1.459s / 4.995s)
generated_audios/generated_H2_128C_int8/61-70968-0000_generated.wav | RTF: 0.2914(1.429s / 4.905s) | Generator RTF: 0.2906(1.426s / 4.905s)
generated_audios/generated_H2_128C_int8/61-70968-0001_generated.wav | RTF: 0.2912(1.051s / 3.610s) | Generator RTF: 0.2903(1.048s / 3.610s)
generated_audios/generated_H2_128C_int8/61-70968-0002_generated.wav | RTF: 0.2848(0.846s / 2.970s) | Generator RTF: 0.2837(0.843s / 2.970s)
generated_audios/generated_H2_128C_int8/61-70968-0003_generated.wav | RTF: 0.0275(0.119s / 4.315s) | Generator RTF: 0.0266(0.115s / 4.315s)
generated_audios/generated_H2_128C_int8/61-70968-0004_generated.wav | RTF: 0.2894(1.124s / 3.885s) | Generator RTF: 0.2884(1.120s / 3.885s)
generated_audios/generated_H2_128C_int8/61-70968-0005_generated.wav | RTF: 0.0267(0.135s / 5.070s) | Generator RTF: 0.0259(0.132s / 5.070s)
generated_audios/generated_H2_128C_int8/61-70968-0006_generated.wav | RTF: 0.2716(0.797s / 2.935s) | Generator RTF: 0.2704(0.794s / 2.935s)
generated_audios/generated_H2_128C_int8/61-70968-0007_generated.wav | RTF: 0.0284(0.101s / 3.550s) | Generator RTF: 0.0274(0.097s / 3.550s)
generated_audios/generated_H2_128C_int8/61-70968-0008_generated.wav | RTF: 0.0272(0.096s / 3.535s) | Generator RTF: 0.0263(0.093s / 3.535s)
generated_audios/generated_H2_128C_int8/61-70968-0009_generated.wav | RTF: 0.2923(1.318s / 4.510s) | Generator RTF: 0.2918(1.316s / 4.510s)
generated_audios/generated_H2_128C_int8/61-70968-0010_generated.wav | RTF: 0.2794(2.318s / 8.295s) | Generator RTF: 0.2790(2.314s / 8.295s)
generated_audios/generated_H2_128C_int8/61-70968-0011_generated.wav | RTF: 0.2791(1.779s / 6.375s) | Generator RTF: 0.2784(1.775s / 6.375s)
generated_audios/generated_H2_128C_int8/61-70968-0012_generated.wav | RTF: 0.0305(0.079s / 2.610s) | Generator RTF: 0.0291(0.076s / 2.610s)
generated_audios/generated_H2_128C_int8/61-70968-0013_generated.wav | RTF: 0.0269(0.120s / 4.450s) | Generator RTF: 0.0262(0.116s / 4.450s)
generated_audios/generated_H2_128C_int8/61-70968-0014_generated.wav | RTF: 0.2942(2.202s / 7.485s) | Generator RTF: 0.2937(2.198s / 7.485s)
generated_audios/generated_H2_128C_int8/61-70968-0015_generated.wav | RTF: 0.2790(1.500s / 5.375s) | Generator RTF: 0.2786(1.497s / 5.375s)
generated_audios/generated_H2_128C_int8/61-70968-0016_generated.wav | RTF: 0.2968(1.104s / 3.720s) | Generator RTF: 0.2958(1.101s / 3.720s)
generated_audios/generated_H2_128C_int8/61-70968-0017_generated.wav | RTF: 0.2971(1.518s / 5.110s) | Generator RTF: 0.2963(1.514s / 5.110s)
generated_audios/generated_H2_128C_int8/61-70968-0018_generated.wav | RTF: 0.2844(0.684s / 2.405s) | Generator RTF: 0.2830(0.681s / 2.405s)
generated_audios/generated_H2_128C_int8/61-70968-0019_generated.wav | RTF: 0.2814(1.541s / 5.475s) | Generator RTF: 0.2810(1.539s / 5.475s)
generated_audios/generated_H2_128C_int8/61-70968-0020_generated.wav | RTF: 0.3020(1.542s / 5.105s) | Generator RTF: 0.3013(1.538s / 5.105s)
generated_audios/generated_H2_128C_int8/61-70968-0021_generated.wav | RTF: 0.2696(0.725s / 2.690s) | Generator RTF: 0.2684(0.722s / 2.690s)
generated_audios/generated_H2_128C_int8/61-70968-0022_generated.wav | RTF: 0.0303(0.142s / 4.670s) | Generator RTF: 0.0295(0.138s / 4.670s)
generated_audios/generated_H2_128C_int8/61-70968-0023_generated.wav | RTF: 0.0281(0.141s / 5.025s) | Generator RTF: 0.0274(0.138s / 5.025s)
generated_audios/generated_H2_128C_int8/61-70968-0024_generated.wav | RTF: 0.2983(1.797s / 6.025s) | Generator RTF: 0.2976(1.793s / 6.025s)
generated_audios/generated_H2_128C_int8/61-70968-0025_generated.wav | RTF: 0.0268(0.118s / 4.410s) | Generator RTF: 0.0260(0.115s / 4.410s)
generated_audios/generated_H2_128C_int8/61-70968-0026_generated.wav | RTF: 0.2802(1.379s / 4.920s) | Generator RTF: 0.2795(1.375s / 4.920s)
generated_audios/generated_H2_128C_int8/61-70968-0027_generated.wav | RTF: 0.2853(1.960s / 6.870s) | Generator RTF: 0.2847(1.956s / 6.870s)
generated_audios/generated_H2_128C_int8/61-70968-0028_generated.wav | RTF: 0.3038(1.627s / 5.355s) | Generator RTF: 0.3032(1.624s / 5.355s)
generated_audios/generated_H2_128C_int8/61-70968-0029_generated.wav | RTF: 0.2946(1.030s / 3.495s) | Generator RTF: 0.2935(1.026s / 3.495s)
generated_audios/generated_H2_128C_int8/61-70968-0030_generated.wav | RTF: 0.2827(1.607s / 5.685s) | Generator RTF: 0.2820(1.603s / 5.685s)
generated_audios/generated_H2_128C_int8/61-70968-0031_generated.wav | RTF: 0.2968(0.868s / 2.925s) | Generator RTF: 0.2956(0.865s / 2.925s)
generated_audios/generated_H2_128C_int8/61-70968-0032_generated.wav | RTF: 0.0267(0.114s / 4.280s) | Generator RTF: 0.0260(0.111s / 4.280s)
generated_audios/generated_H2_128C_int8/61-70968-0033_generated.wav | RTF: 0.0228(0.130s / 5.685s) | Generator RTF: 0.0221(0.126s / 5.685s)
generated_audios/generated_H2_128C_int8/61-70968-0034_generated.wav | RTF: 0.2988(1.264s / 4.230s) | Generator RTF: 0.2980(1.260s / 4.230s)
generated_audios/generated_H2_128C_int8/61-70968-0035_generated.wav | RTF: 0.2830(2.250s / 7.950s) | Generator RTF: 0.2825(2.246s / 7.950s)
generated_audios/generated_H2_128C_int8/61-70968-0036_generated.wav | RTF: 0.0292(0.086s / 2.935s) | Generator RTF: 0.0281(0.082s / 2.935s)
generated_audios/generated_H2_128C_int8/61-70968-0037_generated.wav | RTF: 0.0266(0.115s / 4.315s) | Generator RTF: 0.0258(0.111s / 4.315s)
generated_audios/generated_H2_128C_int8/61-70968-0038_generated.wav | RTF: 0.2768(0.567s / 2.050s) | Generator RTF: 0.2753(0.564s / 2.050s)
generated_audios/generated_H2_128C_int8/61-70968-0039_generated.wav | RTF: 0.2827(1.076s / 3.805s) | Generator RTF: 0.2818(1.072s / 3.805s)
generated_audios/generated_H2_128C_int8/61-70968-0040_generated.wav | RTF: 0.2988(1.180s / 3.950s) | Generator RTF: 0.2978(1.177s / 3.950s)
generated_audios/generated_H2_128C_int8/61-70968-0041_generated.wav | RTF: 0.0267(0.183s / 6.825s) | Generator RTF: 0.0262(0.179s / 6.825s)
generated_audios/generated_H2_128C_int8/61-70968-0042_generated.wav | RTF: 0.0294(0.082s / 2.785s) | Generator RTF: 0.0283(0.079s / 2.785s)
generated_audios/generated_H2_128C_int8/61-70968-0043_generated.wav | RTF: 0.2986(2.011s / 6.735s) | Generator RTF: 0.2980(2.007s / 6.735s)
generated_audios/generated_H2_128C_int8/61-70968-0044_generated.wav | RTF: 0.0295(0.082s / 2.770s) | Generator RTF: 0.0283(0.078s / 2.770s)
generated_audios/generated_H2_128C_int8/61-70968-0045_generated.wav | RTF: 0.0286(0.099s / 3.475s) | Generator RTF: 0.0276(0.096s / 3.475s)
generated_audios/generated_H2_128C_int8/61-70968-0046_generated.wav | RTF: 0.0287(0.102s / 3.550s) | Generator RTF: 0.0278(0.099s / 3.550s)
generated_audios/generated_H2_128C_int8/61-70968-0047_generated.wav | RTF: 0.2836(1.354s / 4.775s) | Generator RTF: 0.2829(1.351s / 4.775s)
generated_audios/generated_H2_128C_int8/61-70968-0048_generated.wav | RTF: 0.2950(0.891s / 3.020s) | Generator RTF: 0.2939(0.887s / 3.020s)
generated_audios/generated_H2_128C_int8/61-70968-0049_generated.wav | RTF: 0.3007(2.481s / 8.250s) | Generator RTF: 0.3002(2.476s / 8.250s)
generated_audios/generated_H2_128C_int8/61-70968-0050_generated.wav | RTF: 0.2864(1.598s / 5.580s) | Generator RTF: 0.2858(1.595s / 5.580s)
generated_audios/generated_H2_128C_int8/61-70968-0051_generated.wav | RTF: 0.2819(0.884s / 3.135s) | Generator RTF: 0.2807(0.880s / 3.135s)
generated_audios/generated_H2_128C_int8/61-70968-0052_generated.wav | RTF: 0.2869(0.760s / 2.650s) | Generator RTF: 0.2856(0.757s / 2.650s)
generated_audios/generated_H2_128C_int8/61-70968-0053_generated.wav | RTF: 0.0307(0.130s / 4.220s) | Generator RTF: 0.0298(0.126s / 4.220s)
generated_audios/generated_H2_128C_int8/61-70968-0054_generated.wav | RTF: 0.2999(2.357s / 7.860s) | Generator RTF: 0.2994(2.353s / 7.860s)
generated_audios/generated_H2_128C_int8/61-70968-0055_generated.wav | RTF: 0.0273(0.108s / 3.965s) | Generator RTF: 0.0264(0.105s / 3.965s)
generated_audios/generated_H2_128C_int8/61-70968-0056_generated.wav | RTF: 0.3002(1.070s / 3.565s) | Generator RTF: 0.2992(1.067s / 3.565s)
generated_audios/generated_H2_128C_int8/61-70968-0057_generated.wav | RTF: 0.0254(0.129s / 5.065s) | Generator RTF: 0.0248(0.125s / 5.065s)
generated_audios/generated_H2_128C_int8/61-70968-0058_generated.wav | RTF: 0.2685(0.489s / 1.820s) | Generator RTF: 0.2668(0.486s / 1.820s)
generated_audios/generated_H2_128C_int8/61-70968-0059_generated.wav | RTF: 0.0330(0.072s / 2.170s) | Generator RTF: 0.0315(0.068s / 2.170s)
generated_audios/generated_H2_128C_int8/61-70968-0060_generated.wav | RTF: 0.0302(0.113s / 3.735s) | Generator RTF: 0.0293(0.109s / 3.735s)
generated_audios/generated_H2_128C_int8/61-70968-0061_generated.wav | RTF: 0.2992(1.655s / 5.530s) | Generator RTF: 0.2986(1.651s / 5.530s)
generated_audios/generated_H2_128C_int8/61-70968-0062_generated.wav | RTF: 0.0313(0.080s / 2.555s) | Generator RTF: 0.0299(0.076s / 2.555s)
generated_audios/generated_H2_128C_int8/61-70970-0000_generated.wav | RTF: 0.3073(1.867s / 6.075s) | Generator RTF: 0.3068(1.864s / 6.075s)
generated_audios/generated_H2_128C_int8/61-70970-0001_generated.wav | RTF: 0.3014(1.855s / 6.155s) | Generator RTF: 0.3008(1.851s / 6.155s)
generated_audios/generated_H2_128C_int8/61-70970-0002_generated.wav | RTF: 0.2815(1.172s / 4.165s) | Generator RTF: 0.2808(1.169s / 4.165s)
generated_audios/generated_H2_128C_int8/61-70970-0003_generated.wav | RTF: 0.2795(1.072s / 3.835s) | Generator RTF: 0.2786(1.068s / 3.835s)
generated_audios/generated_H2_128C_int8/61-70970-0004_generated.wav | RTF: 0.2963(3.116s / 10.515s) | Generator RTF: 0.2959(3.112s / 10.515s)
generated_audios/generated_H2_128C_int8/61-70970-0005_generated.wav | RTF: 0.2793(0.564s / 2.020s) | Generator RTF: 0.2777(0.561s / 2.020s)
generated_audios/generated_H2_128C_int8/61-70970-0006_generated.wav | RTF: 0.2968(0.693s / 2.335s) | Generator RTF: 0.2954(0.690s / 2.335s)
generated_audios/generated_H2_128C_int8/61-70970-0007_generated.wav | RTF: 0.3074(1.379s / 4.485s) | Generator RTF: 0.3066(1.375s / 4.485s)
generated_audios/generated_H2_128C_int8/61-70970-0008_generated.wav | RTF: 0.3060(0.658s / 2.150s) | Generator RTF: 0.3045(0.655s / 2.150s)
generated_audios/generated_H2_128C_int8/61-70970-0009_generated.wav | RTF: 0.3181(1.083s / 3.405s) | Generator RTF: 0.3171(1.080s / 3.405s)
generated_audios/generated_H2_128C_int8/61-70970-0010_generated.wav | RTF: 0.0298(0.091s / 3.045s) | Generator RTF: 0.0287(0.087s / 3.045s)
generated_audios/generated_H2_128C_int8/61-70970-0011_generated.wav | RTF: 0.0226(0.138s / 6.075s) | Generator RTF: 0.0220(0.134s / 6.075s)
generated_audios/generated_H2_128C_int8/61-70970-0012_generated.wav | RTF: 0.0242(0.076s / 3.135s) | Generator RTF: 0.0232(0.073s / 3.135s)
generated_audios/generated_H2_128C_int8/61-70970-0013_generated.wav | RTF: 0.3069(1.335s / 4.350s) | Generator RTF: 0.3061(1.332s / 4.350s)
generated_audios/generated_H2_128C_int8/61-70970-0014_generated.wav | RTF: 0.0240(0.082s / 3.405s) | Generator RTF: 0.0230(0.078s / 3.405s)
generated_audios/generated_H2_128C_int8/61-70970-0015_generated.wav | RTF: 0.3055(2.571s / 8.415s) | Generator RTF: 0.3051(2.567s / 8.415s)
generated_audios/generated_H2_128C_int8/61-70970-0016_generated.wav | RTF: 0.3065(1.339s / 4.370s) | Generator RTF: 0.3056(1.335s / 4.370s)
generated_audios/generated_H2_128C_int8/61-70970-0017_generated.wav | RTF: 0.0297(0.076s / 2.550s) | Generator RTF: 0.0283(0.072s / 2.550s)
generated_audios/generated_H2_128C_int8/61-70970-0018_generated.wav | RTF: 0.2845(1.308s / 4.600s) | Generator RTF: 0.2837(1.305s / 4.600s)
generated_audios/generated_H2_128C_int8/61-70970-0019_generated.wav | RTF: 0.2996(1.132s / 3.780s) | Generator RTF: 0.2986(1.129s / 3.780s)
generated_audios/generated_H2_128C_int8/61-70970-0020_generated.wav | RTF: 0.0273(0.137s / 5.025s) | Generator RTF: 0.0265(0.133s / 5.025s)
generated_audios/generated_H2_128C_int8/61-70970-0021_generated.wav | RTF: 0.2837(1.533s / 5.405s) | Generator RTF: 0.2831(1.530s / 5.405s)
generated_audios/generated_H2_128C_int8/61-70970-0022_generated.wav | RTF: 0.0266(0.106s / 3.970s) | Generator RTF: 0.0257(0.102s / 3.970s)
generated_audios/generated_H2_128C_int8/61-70970-0023_generated.wav | RTF: 0.0283(0.105s / 3.705s) | Generator RTF: 0.0274(0.101s / 3.705s)
generated_audios/generated_H2_128C_int8/61-70970-0024_generated.wav | RTF: 0.2969(2.148s / 7.235s) | Generator RTF: 0.2964(2.144s / 7.235s)
generated_audios/generated_H2_128C_int8/61-70970-0025_generated.wav | RTF: 0.3019(2.245s / 7.435s) | Generator RTF: 0.3014(2.241s / 7.435s)
generated_audios/generated_H2_128C_int8/61-70970-0026_generated.wav | RTF: 0.0287(0.157s / 5.475s) | Generator RTF: 0.0283(0.155s / 5.475s)
generated_audios/generated_H2_128C_int8/61-70970-0027_generated.wav | RTF: 0.0258(0.131s / 5.080s) | Generator RTF: 0.0251(0.128s / 5.080s)
generated_audios/generated_H2_128C_int8/61-70970-0028_generated.wav | RTF: 0.0273(0.179s / 6.550s) | Generator RTF: 0.0267(0.175s / 6.550s)
generated_audios/generated_H2_128C_int8/61-70970-0029_generated.wav | RTF: 0.0266(0.107s / 4.030s) | Generator RTF: 0.0258(0.104s / 4.030s)
generated_audios/generated_H2_128C_int8/61-70970-0030_generated.wav | RTF: 0.0282(0.091s / 3.240s) | Generator RTF: 0.0276(0.089s / 3.240s)
generated_audios/generated_H2_128C_int8/61-70970-0031_generated.wav | RTF: 0.2971(1.526s / 5.135s) | Generator RTF: 0.2966(1.523s / 5.135s)
generated_audios/generated_H2_128C_int8/61-70970-0032_generated.wav | RTF: 0.0239(0.075s / 3.135s) | Generator RTF: 0.0228(0.072s / 3.135s)
generated_audios/generated_H2_128C_int8/61-70970-0033_generated.wav | RTF: 0.2792(0.955s / 3.420s) | Generator RTF: 0.2782(0.951s / 3.420s)
generated_audios/generated_H2_128C_int8/61-70970-0034_generated.wav | RTF: 0.0224(0.100s / 4.485s) | Generator RTF: 0.0216(0.097s / 4.485s)
generated_audios/generated_H2_128C_int8/61-70970-0035_generated.wav | RTF: 0.0257(0.190s / 7.405s) | Generator RTF: 0.0252(0.187s / 7.405s)
generated_audios/generated_H2_128C_int8/61-70970-0036_generated.wav | RTF: 0.0256(0.174s / 6.785s) | Generator RTF: 0.0250(0.170s / 6.785s)
generated_audios/generated_H2_128C_int8/61-70970-0037_generated.wav | RTF: 0.2964(1.772s / 5.980s) | Generator RTF: 0.2957(1.769s / 5.980s)
generated_audios/generated_H2_128C_int8/61-70970-0038_generated.wav | RTF: 0.2985(3.104s / 10.400s) | Generator RTF: 0.2980(3.100s / 10.400s)
generated_audios/generated_H2_128C_int8/61-70970-0039_generated.wav | RTF: 0.0263(0.175s / 6.665s) | Generator RTF: 0.0256(0.171s / 6.665s)
generated_audios/generated_H2_128C_int8/61-70970-0040_generated.wav | RTF: 0.0266(0.111s / 4.165s) | Generator RTF: 0.0257(0.107s / 4.165s)
generated_audios/generated_H2_128C_int8/672-122797-0000_generated.wav | RTF: 0.2994(1.219s / 4.070s) | Generator RTF: 0.2985(1.215s / 4.070s)
generated_audios/generated_H2_128C_int8/672-122797-0001_generated.wav | RTF: 0.3099(4.689s / 15.130s) | Generator RTF: 0.3096(4.685s / 15.130s)
generated_audios/generated_H2_128C_int8/672-122797-0002_generated.wav | RTF: 0.2815(3.834s / 13.620s) | Generator RTF: 0.2812(3.830s / 13.620s)
generated_audios/generated_H2_128C_int8/672-122797-0003_generated.wav | RTF: 0.2976(1.416s / 4.760s) | Generator RTF: 0.2968(1.413s / 4.760s)
generated_audios/generated_H2_128C_int8/672-122797-0004_generated.wav | RTF: 0.2886(2.958s / 10.250s) | Generator RTF: 0.2882(2.954s / 10.250s)
generated_audios/generated_H2_128C_int8/672-122797-0005_generated.wav | RTF: 0.2917(0.951s / 3.260s) | Generator RTF: 0.2907(0.948s / 3.260s)
generated_audios/generated_H2_128C_int8/672-122797-0006_generated.wav | RTF: 0.3123(4.357s / 13.950s) | Generator RTF: 0.3120(4.352s / 13.950s)
generated_audios/generated_H2_128C_int8/672-122797-0007_generated.wav | RTF: 0.2939(1.887s / 6.420s) | Generator RTF: 0.2933(1.883s / 6.420s)
generated_audios/generated_H2_128C_int8/672-122797-0008_generated.wav | RTF: 0.3072(9.464s / 30.810s) | Generator RTF: 0.3069(9.457s / 30.810s)
generated_audios/generated_H2_128C_int8/672-122797-0009_generated.wav | RTF: 0.0289(0.080s / 2.765s) | Generator RTF: 0.0277(0.076s / 2.765s)
generated_audios/generated_H2_128C_int8/672-122797-0010_generated.wav | RTF: 0.0270(0.103s / 3.815s) | Generator RTF: 0.0262(0.100s / 3.815s)
generated_audios/generated_H2_128C_int8/672-122797-0011_generated.wav | RTF: 0.3030(0.770s / 2.540s) | Generator RTF: 0.3016(0.766s / 2.540s)
generated_audios/generated_H2_128C_int8/672-122797-0012_generated.wav | RTF: 0.3093(2.402s / 7.765s) | Generator RTF: 0.3089(2.399s / 7.765s)
generated_audios/generated_H2_128C_int8/672-122797-0013_generated.wav | RTF: 0.3076(2.678s / 8.705s) | Generator RTF: 0.3071(2.673s / 8.705s)
generated_audios/generated_H2_128C_int8/672-122797-0014_generated.wav | RTF: 0.0292(0.075s / 2.555s) | Generator RTF: 0.0278(0.071s / 2.555s)
generated_audios/generated_H2_128C_int8/672-122797-0015_generated.wav | RTF: 0.0264(0.118s / 4.455s) | Generator RTF: 0.0259(0.115s / 4.455s)
generated_audios/generated_H2_128C_int8/672-122797-0016_generated.wav | RTF: 0.2988(2.754s / 9.215s) | Generator RTF: 0.2985(2.750s / 9.215s)
generated_audios/generated_H2_128C_int8/672-122797-0017_generated.wav | RTF: 0.3102(1.495s / 4.820s) | Generator RTF: 0.3095(1.492s / 4.820s)
generated_audios/generated_H2_128C_int8/672-122797-0018_generated.wav | RTF: 0.3026(1.492s / 4.930s) | Generator RTF: 0.3018(1.488s / 4.930s)
generated_audios/generated_H2_128C_int8/672-122797-0019_generated.wav | RTF: 0.2877(1.182s / 4.110s) | Generator RTF: 0.2868(1.179s / 4.110s)
generated_audios/generated_H2_128C_int8/672-122797-0020_generated.wav | RTF: 0.3045(2.687s / 8.825s) | Generator RTF: 0.3040(2.683s / 8.825s)
generated_audios/generated_H2_128C_int8/672-122797-0021_generated.wav | RTF: 0.0282(0.117s / 4.150s) | Generator RTF: 0.0275(0.114s / 4.150s)
generated_audios/generated_H2_128C_int8/672-122797-0022_generated.wav | RTF: 0.3053(5.803s / 19.005s) | Generator RTF: 0.3051(5.798s / 19.005s)
generated_audios/generated_H2_128C_int8/672-122797-0023_generated.wav | RTF: 0.2979(2.888s / 9.695s) | Generator RTF: 0.2975(2.884s / 9.695s)
generated_audios/generated_H2_128C_int8/672-122797-0024_generated.wav | RTF: 0.2933(1.211s / 4.130s) | Generator RTF: 0.2924(1.208s / 4.130s)
generated_audios/generated_H2_128C_int8/672-122797-0025_generated.wav | RTF: 0.3039(3.248s / 10.690s) | Generator RTF: 0.3035(3.244s / 10.690s)
generated_audios/generated_H2_128C_int8/672-122797-0026_generated.wav | RTF: 0.3052(4.261s / 13.960s) | Generator RTF: 0.3049(4.256s / 13.960s)
generated_audios/generated_H2_128C_int8/672-122797-0027_generated.wav | RTF: 0.0262(0.126s / 4.790s) | Generator RTF: 0.0254(0.122s / 4.790s)
generated_audios/generated_H2_128C_int8/672-122797-0028_generated.wav | RTF: 0.0302(0.079s / 2.610s) | Generator RTF: 0.0291(0.076s / 2.610s)
generated_audios/generated_H2_128C_int8/672-122797-0029_generated.wav | RTF: 0.0276(0.084s / 3.050s) | Generator RTF: 0.0264(0.081s / 3.050s)
generated_audios/generated_H2_128C_int8/672-122797-0030_generated.wav | RTF: 0.2961(1.355s / 4.575s) | Generator RTF: 0.2953(1.351s / 4.575s)
generated_audios/generated_H2_128C_int8/672-122797-0031_generated.wav | RTF: 0.0279(0.111s / 3.980s) | Generator RTF: 0.0270(0.108s / 3.980s)
generated_audios/generated_H2_128C_int8/672-122797-0032_generated.wav | RTF: 0.0266(0.106s / 4.000s) | Generator RTF: 0.0257(0.103s / 4.000s)
generated_audios/generated_H2_128C_int8/672-122797-0033_generated.wav | RTF: 0.2950(0.379s / 1.285s) | Generator RTF: 0.2623(0.337s / 1.285s)
generated_audios/generated_H2_128C_int8/672-122797-0034_generated.wav | RTF: 0.0258(0.132s / 5.110s) | Generator RTF: 0.0251(0.128s / 5.110s)
generated_audios/generated_H2_128C_int8/672-122797-0035_generated.wav | RTF: 0.0282(0.082s / 2.900s) | Generator RTF: 0.0271(0.078s / 2.900s)
generated_audios/generated_H2_128C_int8/672-122797-0036_generated.wav | RTF: 0.0267(0.143s / 5.365s) | Generator RTF: 0.0259(0.139s / 5.365s)
generated_audios/generated_H2_128C_int8/672-122797-0037_generated.wav | RTF: 0.2783(0.545s / 1.960s) | Generator RTF: 0.2767(0.542s / 1.960s)
generated_audios/generated_H2_128C_int8/672-122797-0038_generated.wav | RTF: 0.3071(2.703s / 8.800s) | Generator RTF: 0.3067(2.699s / 8.800s)
generated_audios/generated_H2_128C_int8/672-122797-0039_generated.wav | RTF: 0.2995(1.205s / 4.025s) | Generator RTF: 0.2986(1.202s / 4.025s)
generated_audios/generated_H2_128C_int8/672-122797-0040_generated.wav | RTF: 0.0263(0.135s / 5.125s) | Generator RTF: 0.0256(0.131s / 5.125s)
generated_audios/generated_H2_128C_int8/672-122797-0041_generated.wav | RTF: 0.0278(0.108s / 3.880s) | Generator RTF: 0.0270(0.105s / 3.880s)
generated_audios/generated_H2_128C_int8/672-122797-0042_generated.wav | RTF: 0.3072(4.703s / 15.310s) | Generator RTF: 0.3069(4.698s / 15.310s)
generated_audios/generated_H2_128C_int8/672-122797-0043_generated.wav | RTF: 0.0271(0.102s / 3.780s) | Generator RTF: 0.0262(0.099s / 3.780s)
generated_audios/generated_H2_128C_int8/672-122797-0044_generated.wav | RTF: 0.0270(0.101s / 3.740s) | Generator RTF: 0.0260(0.097s / 3.740s)
generated_audios/generated_H2_128C_int8/672-122797-0045_generated.wav | RTF: 0.0230(0.320s / 13.960s) | Generator RTF: 0.0226(0.316s / 13.960s)
generated_audios/generated_H2_128C_int8/672-122797-0046_generated.wav | RTF: 0.2985(1.408s / 4.715s) | Generator RTF: 0.2978(1.404s / 4.715s)
generated_audios/generated_H2_128C_int8/672-122797-0047_generated.wav | RTF: 0.2965(0.986s / 3.325s) | Generator RTF: 0.2954(0.982s / 3.325s)
generated_audios/generated_H2_128C_int8/672-122797-0048_generated.wav | RTF: 0.0277(0.182s / 6.555s) | Generator RTF: 0.0272(0.178s / 6.555s)
generated_audios/generated_H2_128C_int8/672-122797-0049_generated.wav | RTF: 0.0321(0.065s / 2.020s) | Generator RTF: 0.0305(0.062s / 2.020s)
generated_audios/generated_H2_128C_int8/672-122797-0050_generated.wav | RTF: 0.3063(1.487s / 4.855s) | Generator RTF: 0.3014(1.463s / 4.855s)
generated_audios/generated_H2_128C_int8/672-122797-0051_generated.wav | RTF: 0.3091(1.442s / 4.665s) | Generator RTF: 0.3084(1.439s / 4.665s)
generated_audios/generated_H2_128C_int8/672-122797-0052_generated.wav | RTF: 0.2906(1.245s / 4.285s) | Generator RTF: 0.2897(1.242s / 4.285s)
generated_audios/generated_H2_128C_int8/672-122797-0053_generated.wav | RTF: 0.0280(0.083s / 2.955s) | Generator RTF: 0.0268(0.079s / 2.955s)
generated_audios/generated_H2_128C_int8/672-122797-0054_generated.wav | RTF: 0.0301(0.128s / 4.250s) | Generator RTF: 0.0293(0.125s / 4.250s)
generated_audios/generated_H2_128C_int8/672-122797-0055_generated.wav | RTF: 0.2865(2.358s / 8.230s) | Generator RTF: 0.2860(2.354s / 8.230s)
generated_audios/generated_H2_128C_int8/672-122797-0056_generated.wav | RTF: 0.0268(0.140s / 5.225s) | Generator RTF: 0.0261(0.136s / 5.225s)
generated_audios/generated_H2_128C_int8/672-122797-0057_generated.wav | RTF: 0.0261(0.172s / 6.560s) | Generator RTF: 0.0256(0.168s / 6.560s)
generated_audios/generated_H2_128C_int8/672-122797-0058_generated.wav | RTF: 0.3012(1.347s / 4.470s) | Generator RTF: 0.3005(1.343s / 4.470s)
generated_audios/generated_H2_128C_int8/672-122797-0059_generated.wav | RTF: 0.2931(1.032s / 3.520s) | Generator RTF: 0.2921(1.028s / 3.520s)
generated_audios/generated_H2_128C_int8/672-122797-0060_generated.wav | RTF: 0.0290(0.097s / 3.350s) | Generator RTF: 0.0279(0.094s / 3.350s)
generated_audios/generated_H2_128C_int8/672-122797-0061_generated.wav | RTF: 0.3107(2.358s / 7.590s) | Generator RTF: 0.3102(2.354s / 7.590s)
generated_audios/generated_H2_128C_int8/672-122797-0062_generated.wav | RTF: 0.3063(0.819s / 2.675s) | Generator RTF: 0.3051(0.816s / 2.675s)
generated_audios/generated_H2_128C_int8/672-122797-0063_generated.wav | RTF: 0.0259(0.131s / 5.075s) | Generator RTF: 0.0251(0.128s / 5.075s)
generated_audios/generated_H2_128C_int8/672-122797-0064_generated.wav | RTF: 0.3042(4.645s / 15.270s) | Generator RTF: 0.3038(4.640s / 15.270s)
generated_audios/generated_H2_128C_int8/672-122797-0065_generated.wav | RTF: 0.0286(0.087s / 3.030s) | Generator RTF: 0.0275(0.083s / 3.030s)
generated_audios/generated_H2_128C_int8/672-122797-0066_generated.wav | RTF: 0.0275(0.133s / 4.815s) | Generator RTF: 0.0267(0.129s / 4.815s)
generated_audios/generated_H2_128C_int8/672-122797-0067_generated.wav | RTF: 0.2916(3.801s / 13.035s) | Generator RTF: 0.2913(3.797s / 13.035s)
generated_audios/generated_H2_128C_int8/672-122797-0068_generated.wav | RTF: 0.0272(0.109s / 4.020s) | Generator RTF: 0.0263(0.106s / 4.020s)
generated_audios/generated_H2_128C_int8/672-122797-0069_generated.wav | RTF: 0.3081(1.544s / 5.010s) | Generator RTF: 0.3076(1.541s / 5.010s)
generated_audios/generated_H2_128C_int8/672-122797-0070_generated.wav | RTF: 0.2843(1.782s / 6.270s) | Generator RTF: 0.2837(1.779s / 6.270s)
generated_audios/generated_H2_128C_int8/672-122797-0071_generated.wav | RTF: 0.3043(2.701s / 8.875s) | Generator RTF: 0.3039(2.697s / 8.875s)
generated_audios/generated_H2_128C_int8/672-122797-0072_generated.wav | RTF: 0.3107(2.467s / 7.940s) | Generator RTF: 0.3101(2.462s / 7.940s)
generated_audios/generated_H2_128C_int8/672-122797-0073_generated.wav | RTF: 0.3072(2.521s / 8.205s) | Generator RTF: 0.3067(2.517s / 8.205s)
generated_audios/generated_H2_128C_int8/672-122797-0074_generated.wav | RTF: 0.3069(2.679s / 8.730s) | Generator RTF: 0.3064(2.675s / 8.730s)
generated_audios/generated_H2_128C_int8/908-157963-0000_generated.wav | RTF: 0.2893(3.651s / 12.620s) | Generator RTF: 0.2890(3.647s / 12.620s)
generated_audios/generated_H2_128C_int8/908-157963-0001_generated.wav | RTF: 0.2986(0.861s / 2.885s) | Generator RTF: 0.2974(0.858s / 2.885s)
generated_audios/generated_H2_128C_int8/908-157963-0002_generated.wav | RTF: 0.3002(0.827s / 2.755s) | Generator RTF: 0.2994(0.825s / 2.755s)
generated_audios/generated_H2_128C_int8/908-157963-0003_generated.wav | RTF: 0.2986(0.920s / 3.080s) | Generator RTF: 0.2974(0.916s / 3.080s)
generated_audios/generated_H2_128C_int8/908-157963-0004_generated.wav | RTF: 0.3033(4.244s / 13.990s) | Generator RTF: 0.3029(4.238s / 13.990s)
generated_audios/generated_H2_128C_int8/908-157963-0005_generated.wav | RTF: 0.2982(2.098s / 7.035s) | Generator RTF: 0.2976(2.093s / 7.035s)
generated_audios/generated_H2_128C_int8/908-157963-0006_generated.wav | RTF: 0.3050(2.473s / 8.110s) | Generator RTF: 0.3045(2.469s / 8.110s)
generated_audios/generated_H2_128C_int8/908-157963-0007_generated.wav | RTF: 0.3158(10.349s / 32.770s) | Generator RTF: 0.3156(10.343s / 32.770s)
generated_audios/generated_H2_128C_int8/908-157963-0008_generated.wav | RTF: 0.3084(6.153s / 19.950s) | Generator RTF: 0.3082(6.148s / 19.950s)
generated_audios/generated_H2_128C_int8/908-157963-0009_generated.wav | RTF: 0.3044(1.236s / 4.060s) | Generator RTF: 0.3035(1.232s / 4.060s)
generated_audios/generated_H2_128C_int8/908-157963-0010_generated.wav | RTF: 0.0214(0.135s / 6.280s) | Generator RTF: 0.0208(0.131s / 6.280s)
generated_audios/generated_H2_128C_int8/908-157963-0011_generated.wav | RTF: 0.0255(0.265s / 10.395s) | Generator RTF: 0.0251(0.261s / 10.395s)
generated_audios/generated_H2_128C_int8/908-157963-0012_generated.wav | RTF: 0.3001(3.028s / 10.090s) | Generator RTF: 0.2997(3.024s / 10.090s)
generated_audios/generated_H2_128C_int8/908-157963-0013_generated.wav | RTF: 0.0275(0.119s / 4.315s) | Generator RTF: 0.0267(0.115s / 4.315s)
generated_audios/generated_H2_128C_int8/908-157963-0014_generated.wav | RTF: 0.0262(0.118s / 4.520s) | Generator RTF: 0.0254(0.115s / 4.520s)
generated_audios/generated_H2_128C_int8/908-157963-0015_generated.wav | RTF: 0.2857(4.132s / 14.465s) | Generator RTF: 0.2853(4.127s / 14.465s)
generated_audios/generated_H2_128C_int8/908-157963-0016_generated.wav | RTF: 0.0260(0.133s / 5.105s) | Generator RTF: 0.0253(0.129s / 5.105s)
generated_audios/generated_H2_128C_int8/908-157963-0017_generated.wav | RTF: 0.2951(1.461s / 4.950s) | Generator RTF: 0.2944(1.457s / 4.950s)
generated_audios/generated_H2_128C_int8/908-157963-0018_generated.wav | RTF: 0.0297(0.127s / 4.255s) | Generator RTF: 0.0289(0.123s / 4.255s)
generated_audios/generated_H2_128C_int8/908-157963-0019_generated.wav | RTF: 0.3097(6.640s / 21.440s) | Generator RTF: 0.3094(6.634s / 21.440s)
generated_audios/generated_H2_128C_int8/908-157963-0020_generated.wav | RTF: 0.3019(2.959s / 9.800s) | Generator RTF: 0.3015(2.955s / 9.800s)
generated_audios/generated_H2_128C_int8/908-157963-0021_generated.wav | RTF: 0.0256(0.262s / 10.240s) | Generator RTF: 0.0252(0.258s / 10.240s)
generated_audios/generated_H2_128C_int8/908-157963-0022_generated.wav | RTF: 0.3070(1.415s / 4.610s) | Generator RTF: 0.3061(1.411s / 4.610s)
generated_audios/generated_H2_128C_int8/908-157963-0023_generated.wav | RTF: 0.3112(2.996s / 9.625s) | Generator RTF: 0.3108(2.992s / 9.625s)
generated_audios/generated_H2_128C_int8/908-157963-0024_generated.wav | RTF: 0.3076(1.058s / 3.440s) | Generator RTF: 0.3066(1.055s / 3.440s)
generated_audios/generated_H2_128C_int8/908-157963-0025_generated.wav | RTF: 0.2882(2.670s / 9.265s) | Generator RTF: 0.2878(2.666s / 9.265s)
generated_audios/generated_H2_128C_int8/908-157963-0026_generated.wav | RTF: 0.2981(2.415s / 8.100s) | Generator RTF: 0.2976(2.410s / 8.100s)
generated_audios/generated_H2_128C_int8/908-157963-0027_generated.wav | RTF: 0.0263(0.137s / 5.225s) | Generator RTF: 0.0257(0.134s / 5.225s)
generated_audios/generated_H2_128C_int8/908-157963-0028_generated.wav | RTF: 0.0219(0.109s / 4.955s) | Generator RTF: 0.0212(0.105s / 4.955s)
generated_audios/generated_H2_128C_int8/908-157963-0029_generated.wav | RTF: 0.2788(1.012s / 3.630s) | Generator RTF: 0.2778(1.008s / 3.630s)
generated_audios/generated_H2_128C_int8/908-157963-0030_generated.wav | RTF: 0.0225(0.102s / 4.520s) | Generator RTF: 0.0217(0.098s / 4.520s)
generated_audios/generated_H2_128C_int8/908-31957-0000_generated.wav | RTF: 0.2854(0.607s / 2.125s) | Generator RTF: 0.2839(0.603s / 2.125s)
generated_audios/generated_H2_128C_int8/908-31957-0001_generated.wav | RTF: 0.3031(3.430s / 11.315s) | Generator RTF: 0.3028(3.426s / 11.315s)
generated_audios/generated_H2_128C_int8/908-31957-0002_generated.wav | RTF: 0.0258(0.124s / 4.790s) | Generator RTF: 0.0251(0.120s / 4.790s)
generated_audios/generated_H2_128C_int8/908-31957-0003_generated.wav | RTF: 0.0254(0.167s / 6.565s) | Generator RTF: 0.0248(0.163s / 6.565s)
generated_audios/generated_H2_128C_int8/908-31957-0004_generated.wav | RTF: 0.3060(4.515s / 14.755s) | Generator RTF: 0.3057(4.511s / 14.755s)
generated_audios/generated_H2_128C_int8/908-31957-0005_generated.wav | RTF: 0.0262(0.118s / 4.490s) | Generator RTF: 0.0254(0.114s / 4.490s)
generated_audios/generated_H2_128C_int8/908-31957-0006_generated.wav | RTF: 0.2821(1.661s / 5.890s) | Generator RTF: 0.2815(1.658s / 5.890s)
generated_audios/generated_H2_128C_int8/908-31957-0007_generated.wav | RTF: 0.0255(0.148s / 5.800s) | Generator RTF: 0.0249(0.144s / 5.800s)
generated_audios/generated_H2_128C_int8/908-31957-0008_generated.wav | RTF: 0.2798(2.800s / 10.005s) | Generator RTF: 0.2794(2.796s / 10.005s)
generated_audios/generated_H2_128C_int8/908-31957-0009_generated.wav | RTF: 0.2818(2.171s / 7.705s) | Generator RTF: 0.2813(2.167s / 7.705s)
generated_audios/generated_H2_128C_int8/908-31957-0010_generated.wav | RTF: 0.2822(0.708s / 2.510s) | Generator RTF: 0.2809(0.705s / 2.510s)
generated_audios/generated_H2_128C_int8/908-31957-0011_generated.wav | RTF: 0.0295(0.069s / 2.335s) | Generator RTF: 0.0281(0.066s / 2.335s)
generated_audios/generated_H2_128C_int8/908-31957-0012_generated.wav | RTF: 0.2977(2.267s / 7.615s) | Generator RTF: 0.2971(2.262s / 7.615s)
generated_audios/generated_H2_128C_int8/908-31957-0013_generated.wav | RTF: 0.2994(1.850s / 6.180s) | Generator RTF: 0.2988(1.846s / 6.180s)
generated_audios/generated_H2_128C_int8/908-31957-0014_generated.wav | RTF: 0.2812(2.126s / 7.560s) | Generator RTF: 0.2806(2.122s / 7.560s)
generated_audios/generated_H2_128C_int8/908-31957-0015_generated.wav | RTF: 0.2913(6.252s / 21.465s) | Generator RTF: 0.2910(6.246s / 21.465s)
generated_audios/generated_H2_128C_int8/908-31957-0016_generated.wav | RTF: 0.2843(1.842s / 6.480s) | Generator RTF: 0.2837(1.839s / 6.480s)
generated_audios/generated_H2_128C_int8/908-31957-0017_generated.wav | RTF: 0.3010(2.346s / 7.795s) | Generator RTF: 0.3005(2.343s / 7.795s)
generated_audios/generated_H2_128C_int8/908-31957-0018_generated.wav | RTF: 0.3097(1.213s / 3.915s) | Generator RTF: 0.3088(1.209s / 3.915s)
generated_audios/generated_H2_128C_int8/908-31957-0019_generated.wav | RTF: 0.3118(2.974s / 9.540s) | Generator RTF: 0.3113(2.970s / 9.540s)
generated_audios/generated_H2_128C_int8/908-31957-0020_generated.wav | RTF: 0.0229(0.135s / 5.895s) | Generator RTF: 0.0223(0.131s / 5.895s)
generated_audios/generated_H2_128C_int8/908-31957-0021_generated.wav | RTF: 0.2899(3.161s / 10.905s) | Generator RTF: 0.2895(3.157s / 10.905s)
generated_audios/generated_H2_128C_int8/908-31957-0022_generated.wav | RTF: 0.3085(4.349s / 14.100s) | Generator RTF: 0.3082(4.345s / 14.100s)
generated_audios/generated_H2_128C_int8/908-31957-0023_generated.wav | RTF: 0.3095(2.635s / 8.515s) | Generator RTF: 0.3090(2.631s / 8.515s)
generated_audios/generated_H2_128C_int8/908-31957-0024_generated.wav | RTF: 0.3002(2.263s / 7.540s) | Generator RTF: 0.2997(2.259s / 7.540s)
generated_audios/generated_H2_128C_int8/908-31957-0025_generated.wav | RTF: 0.3055(6.280s / 20.560s) | Generator RTF: 0.3052(6.275s / 20.560s)
Average RTF: 0.2089(660.028s / 3159.849s)
Average Generator RTF: 0.2083(658.067s / 3159.849s)
Evaluation summary:
  Mel-spectrogram L1: 1.507008
  PESQ: 1.200291
  STOI: 0.813758
Appended per-audio metrics to CSV: per_audio_results/H2_quantized_resblocks_range_2_9

Appended metrics to CSV: experiments_results.csv
Appended to experiments_results.csv:
H2_128C_quantized_resblocks_range_1_10,926225,1.979,0.2045,0.2039,1.1970363647937774,0.8129459662359331,1.5116396387815476
========== Done ==========
=== JOB_STATISTICS ===
=== current date     : Sun Jul  5 01:55:51 PM CEST 2026
= Job-ID             : 1428667 on tinyfat
= Job-Name           : inference_256ch_h1-4
= Job-Command        : /home/hpc/vlbi/vlbi107v/hifi-gan/inference_Test.sh
= Initial workdir    : /home/hpc/vlbi/vlbi107v/hifi-gan
= Queue/Partition    : work
= Slurm account      : vlbi with QOS=normal
= Requested resources:  for 1-00:00:00
= Elapsed runtime    : 00:14:37
= Total RAM usage    : 15.6 GiB of requested  GiB (%)   
= Node list          : tf093
= Subm/Elig/Start/End: 2026-07-05T13:41:14 / 2026-07-05T13:41:14 / 2026-07-05T13:41:14 / 2026-07-05T13:55:51
======================
=== Quota infos ======
    Path                 Used     SoftQ    HardQ    Gracetime  Filec    FileQ    FiHaQ    FileGrace    
    /home/hpc              92.1G   104.9G   209.7G        N/A      85K     500K   1,000K        N/A    
    /home/woody           281.2G  1000.0G  1500.0G        N/A     118K   5,000K   7,500K        N/A    
======================
