### Starting TaskPrologue of job 1428687 on tf061 at Sun Jul  5 01:47:33 PM CEST 2026
Running on cores 56-63,120-127 with governor ondemand
No GPU known
### Finished TaskPrologue

==========(sbatch.tinyfat) Inference: 256 Channels (g_07960000) ==========
========== H2: quantized (INT8 dynamic quantization) ==========
Initializing Inference Process..
Using device: cpu (baseline and quantized inference both run on CPU)
Quantization enabled: forcing CPU inference for INT8 model.
Loading '/home/hpc/vlbi/vlbi107v/hifi-gan/cp_hifigan/v1_c256/g_07960000'
Complete.
Checkpoint contains weight_norm parameters. Keeping weight_norm wrappers for loading...
Removing weight norm...
Calibrating static quantization using 50 samples...
INT8 quantization scope: no_upsample
Checking quantized modules after static quantization:
Quantized module: conv_pre (torch.ao.nn.quantized.modules.conv.Conv1d)
Quantized module: resblocks.0.convs1.0 (torch.ao.nn.quantized.modules.conv.Conv1d)
Quantized module: resblocks.0.convs1.1 (torch.ao.nn.quantized.modules.conv.Conv1d)
Quantized module: resblocks.0.convs1.2 (torch.ao.nn.quantized.modules.conv.Conv1d)
Quantized module: resblocks.0.convs2.0 (torch.ao.nn.quantized.modules.conv.Conv1d)
Quantized module: resblocks.0.convs2.1 (torch.ao.nn.quantized.modules.conv.Conv1d)
Quantized module: resblocks.0.convs2.2 (torch.ao.nn.quantized.modules.conv.Conv1d)
Quantized module: resblocks.1.convs1.0 (torch.ao.nn.quantized.modules.conv.Conv1d)
Quantized module: resblocks.1.convs1.1 (torch.ao.nn.quantized.modules.conv.Conv1d)
Quantized module: resblocks.1.convs1.2 (torch.ao.nn.quantized.modules.conv.Conv1d)
Quantized module: resblocks.1.convs2.0 (torch.ao.nn.quantized.modules.conv.Conv1d)
Quantized module: resblocks.1.convs2.1 (torch.ao.nn.quantized.modules.conv.Conv1d)
Quantized module: resblocks.1.convs2.2 (torch.ao.nn.quantized.modules.conv.Conv1d)
Quantized module: resblocks.2.convs1.0 (torch.ao.nn.quantized.modules.conv.Conv1d)
Quantized module: resblocks.2.convs1.1 (torch.ao.nn.quantized.modules.conv.Conv1d)
Quantized module: resblocks.2.convs1.2 (torch.ao.nn.quantized.modules.conv.Conv1d)
Quantized module: resblocks.2.convs2.0 (torch.ao.nn.quantized.modules.conv.Conv1d)
Quantized module: resblocks.2.convs2.1 (torch.ao.nn.quantized.modules.conv.Conv1d)
Quantized module: resblocks.2.convs2.2 (torch.ao.nn.quantized.modules.conv.Conv1d)
Quantized module: resblocks.3.convs1.0 (torch.ao.nn.quantized.modules.conv.Conv1d)
Quantized module: resblocks.3.convs1.1 (torch.ao.nn.quantized.modules.conv.Conv1d)
Quantized module: resblocks.3.convs1.2 (torch.ao.nn.quantized.modules.conv.Conv1d)
Quantized module: resblocks.3.convs2.0 (torch.ao.nn.quantized.modules.conv.Conv1d)
Quantized module: resblocks.3.convs2.1 (torch.ao.nn.quantized.modules.conv.Conv1d)
Quantized module: resblocks.3.convs2.2 (torch.ao.nn.quantized.modules.conv.Conv1d)
Quantized module: resblocks.4.convs1.0 (torch.ao.nn.quantized.modules.conv.Conv1d)
Quantized module: resblocks.4.convs1.1 (torch.ao.nn.quantized.modules.conv.Conv1d)
Quantized module: resblocks.4.convs1.2 (torch.ao.nn.quantized.modules.conv.Conv1d)
Quantized module: resblocks.4.convs2.0 (torch.ao.nn.quantized.modules.conv.Conv1d)
Quantized module: resblocks.4.convs2.1 (torch.ao.nn.quantized.modules.conv.Conv1d)
Quantized module: resblocks.4.convs2.2 (torch.ao.nn.quantized.modules.conv.Conv1d)
Quantized module: resblocks.5.convs1.0 (torch.ao.nn.quantized.modules.conv.Conv1d)
Quantized module: resblocks.5.convs1.1 (torch.ao.nn.quantized.modules.conv.Conv1d)
Quantized module: resblocks.5.convs1.2 (torch.ao.nn.quantized.modules.conv.Conv1d)
Quantized module: resblocks.5.convs2.0 (torch.ao.nn.quantized.modules.conv.Conv1d)
Quantized module: resblocks.5.convs2.1 (torch.ao.nn.quantized.modules.conv.Conv1d)
Quantized module: resblocks.5.convs2.2 (torch.ao.nn.quantized.modules.conv.Conv1d)
Quantized module: resblocks.6.convs1.0 (torch.ao.nn.quantized.modules.conv.Conv1d)
Quantized module: resblocks.6.convs1.1 (torch.ao.nn.quantized.modules.conv.Conv1d)
Quantized module: resblocks.6.convs1.2 (torch.ao.nn.quantized.modules.conv.Conv1d)
Quantized module: resblocks.6.convs2.0 (torch.ao.nn.quantized.modules.conv.Conv1d)
Quantized module: resblocks.6.convs2.1 (torch.ao.nn.quantized.modules.conv.Conv1d)
Quantized module: resblocks.6.convs2.2 (torch.ao.nn.quantized.modules.conv.Conv1d)
Quantized module: resblocks.7.convs1.0 (torch.ao.nn.quantized.modules.conv.Conv1d)
Quantized module: resblocks.7.convs1.1 (torch.ao.nn.quantized.modules.conv.Conv1d)
Quantized module: resblocks.7.convs1.2 (torch.ao.nn.quantized.modules.conv.Conv1d)
Quantized module: resblocks.7.convs2.0 (torch.ao.nn.quantized.modules.conv.Conv1d)
Quantized module: resblocks.7.convs2.1 (torch.ao.nn.quantized.modules.conv.Conv1d)
Quantized module: resblocks.7.convs2.2 (torch.ao.nn.quantized.modules.conv.Conv1d)
Quantized module: resblocks.8.convs1.0 (torch.ao.nn.quantized.modules.conv.Conv1d)
Quantized module: resblocks.8.convs1.1 (torch.ao.nn.quantized.modules.conv.Conv1d)
Quantized module: resblocks.8.convs1.2 (torch.ao.nn.quantized.modules.conv.Conv1d)
Quantized module: resblocks.8.convs2.0 (torch.ao.nn.quantized.modules.conv.Conv1d)
Quantized module: resblocks.8.convs2.1 (torch.ao.nn.quantized.modules.conv.Conv1d)
Quantized module: resblocks.8.convs2.2 (torch.ao.nn.quantized.modules.conv.Conv1d)
Quantized module: resblocks.9.convs1.0 (torch.ao.nn.quantized.modules.conv.Conv1d)
Quantized module: resblocks.9.convs1.1 (torch.ao.nn.quantized.modules.conv.Conv1d)
Quantized module: resblocks.9.convs1.2 (torch.ao.nn.quantized.modules.conv.Conv1d)
Quantized module: resblocks.9.convs2.0 (torch.ao.nn.quantized.modules.conv.Conv1d)
Quantized module: resblocks.9.convs2.1 (torch.ao.nn.quantized.modules.conv.Conv1d)
Quantized module: resblocks.9.convs2.2 (torch.ao.nn.quantized.modules.conv.Conv1d)
Quantized module: resblocks.10.convs1.0 (torch.ao.nn.quantized.modules.conv.Conv1d)
Quantized module: resblocks.10.convs1.1 (torch.ao.nn.quantized.modules.conv.Conv1d)
Quantized module: resblocks.10.convs1.2 (torch.ao.nn.quantized.modules.conv.Conv1d)
Quantized module: resblocks.10.convs2.0 (torch.ao.nn.quantized.modules.conv.Conv1d)
Quantized module: resblocks.10.convs2.1 (torch.ao.nn.quantized.modules.conv.Conv1d)
Quantized module: resblocks.10.convs2.2 (torch.ao.nn.quantized.modules.conv.Conv1d)
Quantized module: resblocks.11.convs1.0 (torch.ao.nn.quantized.modules.conv.Conv1d)
Quantized module: resblocks.11.convs1.1 (torch.ao.nn.quantized.modules.conv.Conv1d)
Quantized module: resblocks.11.convs1.2 (torch.ao.nn.quantized.modules.conv.Conv1d)
Quantized module: resblocks.11.convs2.0 (torch.ao.nn.quantized.modules.conv.Conv1d)
Quantized module: resblocks.11.convs2.1 (torch.ao.nn.quantized.modules.conv.Conv1d)
Quantized module: resblocks.11.convs2.2 (torch.ao.nn.quantized.modules.conv.Conv1d)
Quantized module: conv_post (torch.ao.nn.quantized.modules.conv.Conv1d)
Saving checkpoint to /home/hpc/vlbi/vlbi107v/hifi-gan/cp_hifigan/v1_c256/compressed_checkpoint_int8
Complete.
Saved compressed checkpoint: /home/hpc/vlbi/vlbi107v/hifi-gan/cp_hifigan/v1_c256/compressed_checkpoint_int8 (5.592 MB)
Compressed checkpoint parameters: 3,556,057
Loaded checkpoint: /home/hpc/vlbi/vlbi107v/hifi-gan/cp_hifigan/v1_c256/g_07960000 (13.660 MB)
Generator parameters: 3,556,057
generated_audios/generated_H2_256C_int8/1089-134686-0000_generated.wav | RTF: 0.0570(0.595s / 10.435s) | Generator RTF: 0.0566(0.591s / 10.435s)
generated_audios/generated_H2_256C_int8/1089-134686-0001_generated.wav | RTF: 0.0613(0.201s / 3.275s) | Generator RTF: 0.0602(0.197s / 3.275s)
generated_audios/generated_H2_256C_int8/1089-134686-0002_generated.wav | RTF: 0.0577(0.382s / 6.625s) | Generator RTF: 0.0571(0.378s / 6.625s)
generated_audios/generated_H2_256C_int8/1089-134686-0003_generated.wav | RTF: 0.0626(0.168s / 2.680s) | Generator RTF: 0.0612(0.164s / 2.680s)
generated_audios/generated_H2_256C_int8/1089-134686-0004_generated.wav | RTF: 0.0575(0.300s / 5.215s) | Generator RTF: 0.0570(0.297s / 5.215s)
generated_audios/generated_H2_256C_int8/1089-134686-0005_generated.wav | RTF: 0.0567(0.546s / 9.635s) | Generator RTF: 0.0563(0.542s / 9.635s)
generated_audios/generated_H2_256C_int8/1089-134686-0006_generated.wav | RTF: 0.0578(0.610s / 10.555s) | Generator RTF: 0.0574(0.606s / 10.555s)
generated_audios/generated_H2_256C_int8/1089-134686-0007_generated.wav | RTF: 0.0600(0.257s / 4.275s) | Generator RTF: 0.0592(0.253s / 4.275s)
generated_audios/generated_H2_256C_int8/1089-134686-0008_generated.wav | RTF: 0.0553(0.372s / 6.730s) | Generator RTF: 0.0547(0.368s / 6.730s)
generated_audios/generated_H2_256C_int8/1089-134686-0009_generated.wav | RTF: 0.0576(0.609s / 10.575s) | Generator RTF: 0.0572(0.605s / 10.575s)
generated_audios/generated_H2_256C_int8/1089-134686-0010_generated.wav | RTF: 0.0582(0.256s / 4.405s) | Generator RTF: 0.0574(0.253s / 4.405s)
generated_audios/generated_H2_256C_int8/1089-134686-0011_generated.wav | RTF: 0.0558(0.694s / 12.445s) | Generator RTF: 0.0554(0.689s / 12.445s)
generated_audios/generated_H2_256C_int8/1089-134686-0012_generated.wav | RTF: 0.0569(0.662s / 11.640s) | Generator RTF: 0.0565(0.657s / 11.640s)
generated_audios/generated_H2_256C_int8/1089-134686-0013_generated.wav | RTF: 0.0572(0.453s / 7.915s) | Generator RTF: 0.0566(0.448s / 7.915s)
generated_audios/generated_H2_256C_int8/1089-134686-0014_generated.wav | RTF: 0.0616(0.137s / 2.225s) | Generator RTF: 0.0601(0.134s / 2.225s)
generated_audios/generated_H2_256C_int8/1089-134686-0015_generated.wav | RTF: 0.0577(0.336s / 5.815s) | Generator RTF: 0.0571(0.332s / 5.815s)
generated_audios/generated_H2_256C_int8/1089-134686-0016_generated.wav | RTF: 0.0620(0.219s / 3.540s) | Generator RTF: 0.0610(0.216s / 3.540s)
generated_audios/generated_H2_256C_int8/1089-134686-0017_generated.wav | RTF: 0.0567(0.503s / 8.870s) | Generator RTF: 0.0562(0.499s / 8.870s)
generated_audios/generated_H2_256C_int8/1089-134686-0018_generated.wav | RTF: 0.0576(0.905s / 15.720s) | Generator RTF: 0.0573(0.900s / 15.720s)
generated_audios/generated_H2_256C_int8/1089-134686-0019_generated.wav | RTF: 0.0564(0.784s / 13.895s) | Generator RTF: 0.0561(0.779s / 13.895s)
generated_audios/generated_H2_256C_int8/1089-134686-0020_generated.wav | RTF: 0.0575(0.965s / 16.790s) | Generator RTF: 0.0572(0.960s / 16.790s)
generated_audios/generated_H2_256C_int8/1089-134686-0021_generated.wav | RTF: 0.0582(0.381s / 6.550s) | Generator RTF: 0.0576(0.377s / 6.550s)
generated_audios/generated_H2_256C_int8/1089-134686-0022_generated.wav | RTF: 0.0562(0.628s / 11.175s) | Generator RTF: 0.0558(0.623s / 11.175s)
generated_audios/generated_H2_256C_int8/1089-134686-0023_generated.wav | RTF: 0.0577(0.766s / 13.275s) | Generator RTF: 0.0573(0.761s / 13.275s)
generated_audios/generated_H2_256C_int8/1089-134686-0024_generated.wav | RTF: 0.0559(0.651s / 11.655s) | Generator RTF: 0.0555(0.647s / 11.655s)
generated_audios/generated_H2_256C_int8/1089-134686-0025_generated.wav | RTF: 0.0577(0.382s / 6.610s) | Generator RTF: 0.0571(0.378s / 6.610s)
generated_audios/generated_H2_256C_int8/1089-134686-0026_generated.wav | RTF: 0.0586(0.235s / 4.010s) | Generator RTF: 0.0577(0.231s / 4.010s)
generated_audios/generated_H2_256C_int8/1089-134686-0027_generated.wav | RTF: 0.0616(0.167s / 2.710s) | Generator RTF: 0.0603(0.164s / 2.710s)
generated_audios/generated_H2_256C_int8/1089-134686-0028_generated.wav | RTF: 0.0561(0.439s / 7.830s) | Generator RTF: 0.0556(0.435s / 7.830s)
generated_audios/generated_H2_256C_int8/1089-134686-0029_generated.wav | RTF: 0.0582(0.272s / 4.670s) | Generator RTF: 0.0574(0.268s / 4.670s)
generated_audios/generated_H2_256C_int8/1089-134686-0030_generated.wav | RTF: 0.0561(0.152s / 2.715s) | Generator RTF: 0.0550(0.149s / 2.715s)
generated_audios/generated_H2_256C_int8/1089-134686-0031_generated.wav | RTF: 0.0560(0.370s / 6.615s) | Generator RTF: 0.0554(0.366s / 6.615s)
generated_audios/generated_H2_256C_int8/121-121726-0000_generated.wav | RTF: 0.0559(0.473s / 8.460s) | Generator RTF: 0.0554(0.468s / 8.460s)
generated_audios/generated_H2_256C_int8/121-121726-0001_generated.wav | RTF: 0.0580(0.344s / 5.925s) | Generator RTF: 0.0573(0.340s / 5.925s)
generated_audios/generated_H2_256C_int8/121-121726-0002_generated.wav | RTF: 0.0552(0.244s / 4.410s) | Generator RTF: 0.0544(0.240s / 4.410s)
generated_audios/generated_H2_256C_int8/121-121726-0003_generated.wav | RTF: 0.0576(0.389s / 6.755s) | Generator RTF: 0.0570(0.385s / 6.755s)
generated_audios/generated_H2_256C_int8/121-121726-0004_generated.wav | RTF: 0.0607(0.244s / 4.020s) | Generator RTF: 0.0598(0.240s / 4.020s)
generated_audios/generated_H2_256C_int8/121-121726-0005_generated.wav | RTF: 0.0642(0.199s / 3.100s) | Generator RTF: 0.0631(0.196s / 3.100s)
generated_audios/generated_H2_256C_int8/121-121726-0006_generated.wav | RTF: 0.0637(0.248s / 3.895s) | Generator RTF: 0.0628(0.244s / 3.895s)
generated_audios/generated_H2_256C_int8/121-121726-0007_generated.wav | RTF: 0.0542(0.365s / 6.730s) | Generator RTF: 0.0538(0.362s / 6.730s)
generated_audios/generated_H2_256C_int8/121-121726-0008_generated.wav | RTF: 0.0567(0.283s / 4.990s) | Generator RTF: 0.0559(0.279s / 4.990s)
generated_audios/generated_H2_256C_int8/121-121726-0009_generated.wav | RTF: 0.0561(0.407s / 7.260s) | Generator RTF: 0.0556(0.403s / 7.260s)
generated_audios/generated_H2_256C_int8/121-121726-0010_generated.wav | RTF: 0.0565(0.554s / 9.810s) | Generator RTF: 0.0561(0.550s / 9.810s)
generated_audios/generated_H2_256C_int8/121-121726-0011_generated.wav | RTF: 0.0588(0.237s / 4.035s) | Generator RTF: 0.0579(0.234s / 4.035s)
generated_audios/generated_H2_256C_int8/121-121726-0012_generated.wav | RTF: 0.0565(0.228s / 4.045s) | Generator RTF: 0.0556(0.225s / 4.045s)
generated_audios/generated_H2_256C_int8/121-121726-0013_generated.wav | RTF: 0.0570(0.142s / 2.490s) | Generator RTF: 0.0557(0.139s / 2.490s)
generated_audios/generated_H2_256C_int8/121-121726-0014_generated.wav | RTF: 0.0578(0.183s / 3.165s) | Generator RTF: 0.0568(0.180s / 3.165s)
generated_audios/generated_H2_256C_int8/121-123852-0000_generated.wav | RTF: 0.0565(0.999s / 17.695s) | Generator RTF: 0.0562(0.994s / 17.695s)
generated_audios/generated_H2_256C_int8/121-123852-0001_generated.wav | RTF: 0.0589(0.110s / 1.870s) | Generator RTF: 0.0570(0.107s / 1.870s)
generated_audios/generated_H2_256C_int8/121-123852-0002_generated.wav | RTF: 0.0598(1.033s / 17.285s) | Generator RTF: 0.0595(1.028s / 17.285s)
generated_audios/generated_H2_256C_int8/121-123852-0003_generated.wav | RTF: 0.2873(6.753s / 23.505s) | Generator RTF: 0.2870(6.747s / 23.505s)
generated_audios/generated_H2_256C_int8/121-123852-0004_generated.wav | RTF: 0.2718(4.428s / 16.290s) | Generator RTF: 0.2715(4.423s / 16.290s)
generated_audios/generated_H2_256C_int8/121-123859-0000_generated.wav | RTF: 0.2720(4.730s / 17.390s) | Generator RTF: 0.2717(4.724s / 17.390s)
generated_audios/generated_H2_256C_int8/121-123859-0001_generated.wav | RTF: 0.2826(7.176s / 25.395s) | Generator RTF: 0.2823(7.169s / 25.395s)
generated_audios/generated_H2_256C_int8/121-123859-0002_generated.wav | RTF: 0.2823(8.479s / 30.040s) | Generator RTF: 0.2821(8.473s / 30.040s)
generated_audios/generated_H2_256C_int8/121-123859-0003_generated.wav | RTF: 0.2480(2.684s / 10.825s) | Generator RTF: 0.2475(2.680s / 10.825s)
generated_audios/generated_H2_256C_int8/121-123859-0004_generated.wav | RTF: 0.2594(2.466s / 9.505s) | Generator RTF: 0.2590(2.462s / 9.505s)
generated_audios/generated_H2_256C_int8/121-127105-0000_generated.wav | RTF: 0.2698(2.664s / 9.875s) | Generator RTF: 0.2694(2.660s / 9.875s)
generated_audios/generated_H2_256C_int8/121-127105-0001_generated.wav | RTF: 0.2571(1.292s / 5.025s) | Generator RTF: 0.2563(1.288s / 5.025s)
generated_audios/generated_H2_256C_int8/121-127105-0002_generated.wav | RTF: 0.2539(1.903s / 7.495s) | Generator RTF: 0.2533(1.899s / 7.495s)
generated_audios/generated_H2_256C_int8/121-127105-0003_generated.wav | RTF: 0.2585(1.997s / 7.725s) | Generator RTF: 0.2580(1.993s / 7.725s)
generated_audios/generated_H2_256C_int8/121-127105-0004_generated.wav | RTF: 0.2678(0.565s / 2.110s) | Generator RTF: 0.2662(0.562s / 2.110s)
generated_audios/generated_H2_256C_int8/121-127105-0005_generated.wav | RTF: 0.2546(1.482s / 5.820s) | Generator RTF: 0.2540(1.478s / 5.820s)
generated_audios/generated_H2_256C_int8/121-127105-0006_generated.wav | RTF: 0.2562(1.210s / 4.725s) | Generator RTF: 0.2554(1.207s / 4.725s)
generated_audios/generated_H2_256C_int8/121-127105-0007_generated.wav | RTF: 0.2529(1.464s / 5.790s) | Generator RTF: 0.2523(1.461s / 5.790s)
generated_audios/generated_H2_256C_int8/121-127105-0008_generated.wav | RTF: 0.2527(0.697s / 2.760s) | Generator RTF: 0.2515(0.694s / 2.760s)
generated_audios/generated_H2_256C_int8/121-127105-0009_generated.wav | RTF: 0.2574(0.589s / 2.290s) | Generator RTF: 0.2559(0.586s / 2.290s)
generated_audios/generated_H2_256C_int8/121-127105-0010_generated.wav | RTF: 0.2643(0.753s / 2.850s) | Generator RTF: 0.2630(0.750s / 2.850s)
generated_audios/generated_H2_256C_int8/121-127105-0011_generated.wav | RTF: 0.2583(1.493s / 5.780s) | Generator RTF: 0.2577(1.489s / 5.780s)
generated_audios/generated_H2_256C_int8/121-127105-0012_generated.wav | RTF: 0.2626(1.268s / 4.830s) | Generator RTF: 0.2619(1.265s / 4.830s)
generated_audios/generated_H2_256C_int8/121-127105-0013_generated.wav | RTF: 0.2543(1.499s / 5.895s) | Generator RTF: 0.2536(1.495s / 5.895s)
generated_audios/generated_H2_256C_int8/121-127105-0014_generated.wav | RTF: 0.2637(0.595s / 2.255s) | Generator RTF: 0.2621(0.591s / 2.255s)
generated_audios/generated_H2_256C_int8/121-127105-0015_generated.wav | RTF: 0.2619(0.775s / 2.960s) | Generator RTF: 0.2607(0.772s / 2.960s)
generated_audios/generated_H2_256C_int8/121-127105-0016_generated.wav | RTF: 0.2560(0.520s / 2.030s) | Generator RTF: 0.2544(0.516s / 2.030s)
generated_audios/generated_H2_256C_int8/121-127105-0017_generated.wav | RTF: 0.2631(0.709s / 2.695s) | Generator RTF: 0.2619(0.706s / 2.695s)
generated_audios/generated_H2_256C_int8/121-127105-0018_generated.wav | RTF: 0.2646(0.733s / 2.770s) | Generator RTF: 0.2633(0.729s / 2.770s)
generated_audios/generated_H2_256C_int8/121-127105-0019_generated.wav | RTF: 0.2581(0.910s / 3.525s) | Generator RTF: 0.2570(0.906s / 3.525s)
generated_audios/generated_H2_256C_int8/121-127105-0020_generated.wav | RTF: 0.2856(4.099s / 14.355s) | Generator RTF: 0.2852(4.095s / 14.355s)
generated_audios/generated_H2_256C_int8/121-127105-0021_generated.wav | RTF: 0.2731(0.546s / 2.000s) | Generator RTF: 0.2713(0.543s / 2.000s)
generated_audios/generated_H2_256C_int8/121-127105-0022_generated.wav | RTF: 0.2551(1.295s / 5.075s) | Generator RTF: 0.2544(1.291s / 5.075s)
generated_audios/generated_H2_256C_int8/121-127105-0023_generated.wav | RTF: 0.2606(2.843s / 10.910s) | Generator RTF: 0.2602(2.839s / 10.910s)
generated_audios/generated_H2_256C_int8/121-127105-0024_generated.wav | RTF: 0.2880(4.161s / 14.450s) | Generator RTF: 0.2876(4.156s / 14.450s)
generated_audios/generated_H2_256C_int8/121-127105-0025_generated.wav | RTF: 0.2819(4.529s / 16.065s) | Generator RTF: 0.2816(4.524s / 16.065s)
generated_audios/generated_H2_256C_int8/121-127105-0026_generated.wav | RTF: 0.2573(1.937s / 7.530s) | Generator RTF: 0.2567(1.933s / 7.530s)
generated_audios/generated_H2_256C_int8/121-127105-0027_generated.wav | RTF: 0.2863(3.972s / 13.870s) | Generator RTF: 0.2860(3.967s / 13.870s)
generated_audios/generated_H2_256C_int8/121-127105-0028_generated.wav | RTF: 0.0574(0.387s / 6.750s) | Generator RTF: 0.0567(0.383s / 6.750s)
generated_audios/generated_H2_256C_int8/121-127105-0029_generated.wav | RTF: 0.2595(1.897s / 7.310s) | Generator RTF: 0.2590(1.893s / 7.310s)
generated_audios/generated_H2_256C_int8/121-127105-0030_generated.wav | RTF: 0.2725(0.593s / 2.175s) | Generator RTF: 0.2709(0.589s / 2.175s)
generated_audios/generated_H2_256C_int8/121-127105-0031_generated.wav | RTF: 0.2623(2.824s / 10.765s) | Generator RTF: 0.2620(2.820s / 10.765s)
generated_audios/generated_H2_256C_int8/121-127105-0032_generated.wav | RTF: 0.2541(0.806s / 3.170s) | Generator RTF: 0.2528(0.801s / 3.170s)
generated_audios/generated_H2_256C_int8/121-127105-0033_generated.wav | RTF: 0.2624(0.618s / 2.355s) | Generator RTF: 0.2609(0.615s / 2.355s)
generated_audios/generated_H2_256C_int8/121-127105-0034_generated.wav | RTF: 0.2551(1.890s / 7.410s) | Generator RTF: 0.2546(1.887s / 7.410s)
generated_audios/generated_H2_256C_int8/121-127105-0035_generated.wav | RTF: 0.2832(4.007s / 14.150s) | Generator RTF: 0.2828(4.002s / 14.150s)
generated_audios/generated_H2_256C_int8/121-127105-0036_generated.wav | RTF: 0.2489(1.033s / 4.150s) | Generator RTF: 0.2480(1.029s / 4.150s)
generated_audios/generated_H2_256C_int8/237-126133-0000_generated.wav | RTF: 0.2843(3.778s / 13.290s) | Generator RTF: 0.2839(3.773s / 13.290s)
generated_audios/generated_H2_256C_int8/237-126133-0001_generated.wav | RTF: 0.2859(3.421s / 11.965s) | Generator RTF: 0.2855(3.416s / 11.965s)
generated_audios/generated_H2_256C_int8/237-126133-0002_generated.wav | RTF: 0.2564(2.287s / 8.920s) | Generator RTF: 0.2559(2.283s / 8.920s)
generated_audios/generated_H2_256C_int8/237-126133-0003_generated.wav | RTF: 0.2606(1.710s / 6.560s) | Generator RTF: 0.2600(1.706s / 6.560s)
generated_audios/generated_H2_256C_int8/237-126133-0004_generated.wav | RTF: 0.2645(0.872s / 3.295s) | Generator RTF: 0.2636(0.868s / 3.295s)
generated_audios/generated_H2_256C_int8/237-126133-0005_generated.wav | RTF: 0.2631(1.713s / 6.510s) | Generator RTF: 0.2626(1.710s / 6.510s)
generated_audios/generated_H2_256C_int8/237-126133-0006_generated.wav | RTF: 0.2512(1.545s / 6.150s) | Generator RTF: 0.2506(1.541s / 6.150s)
generated_audios/generated_H2_256C_int8/237-126133-0007_generated.wav | RTF: 0.2509(2.178s / 8.680s) | Generator RTF: 0.2505(2.174s / 8.680s)
generated_audios/generated_H2_256C_int8/237-126133-0008_generated.wav | RTF: 0.2552(0.986s / 3.865s) | Generator RTF: 0.2543(0.983s / 3.865s)
generated_audios/generated_H2_256C_int8/237-126133-0009_generated.wav | RTF: 0.2526(1.003s / 3.970s) | Generator RTF: 0.2517(0.999s / 3.970s)
generated_audios/generated_H2_256C_int8/237-126133-0010_generated.wav | RTF: 0.2468(1.540s / 6.240s) | Generator RTF: 0.2462(1.536s / 6.240s)
generated_audios/generated_H2_256C_int8/237-126133-0011_generated.wav | RTF: 0.2460(1.651s / 6.710s) | Generator RTF: 0.2454(1.647s / 6.710s)
generated_audios/generated_H2_256C_int8/237-126133-0012_generated.wav | RTF: 0.2512(1.118s / 4.450s) | Generator RTF: 0.2503(1.114s / 4.450s)
generated_audios/generated_H2_256C_int8/237-126133-0013_generated.wav | RTF: 0.2497(1.702s / 6.815s) | Generator RTF: 0.2491(1.697s / 6.815s)
generated_audios/generated_H2_256C_int8/237-126133-0014_generated.wav | RTF: 0.2475(1.681s / 6.790s) | Generator RTF: 0.2470(1.677s / 6.790s)
generated_audios/generated_H2_256C_int8/237-126133-0015_generated.wav | RTF: 0.2453(2.291s / 9.340s) | Generator RTF: 0.2448(2.287s / 9.340s)
generated_audios/generated_H2_256C_int8/237-126133-0016_generated.wav | RTF: 0.2450(1.041s / 4.250s) | Generator RTF: 0.2441(1.037s / 4.250s)
generated_audios/generated_H2_256C_int8/237-126133-0017_generated.wav | RTF: 0.2456(1.525s / 6.210s) | Generator RTF: 0.2450(1.522s / 6.210s)
generated_audios/generated_H2_256C_int8/237-126133-0018_generated.wav | RTF: 0.2557(1.047s / 4.095s) | Generator RTF: 0.2548(1.043s / 4.095s)
generated_audios/generated_H2_256C_int8/237-126133-0019_generated.wav | RTF: 0.2472(1.760s / 7.120s) | Generator RTF: 0.2468(1.757s / 7.120s)
generated_audios/generated_H2_256C_int8/237-126133-0020_generated.wav | RTF: 0.2500(0.560s / 2.240s) | Generator RTF: 0.2484(0.556s / 2.240s)
generated_audios/generated_H2_256C_int8/237-126133-0021_generated.wav | RTF: 0.2435(1.063s / 4.365s) | Generator RTF: 0.2427(1.059s / 4.365s)
generated_audios/generated_H2_256C_int8/237-126133-0022_generated.wav | RTF: 0.2483(1.252s / 5.040s) | Generator RTF: 0.2476(1.248s / 5.040s)
generated_audios/generated_H2_256C_int8/237-126133-0023_generated.wav | RTF: 0.2497(1.667s / 6.675s) | Generator RTF: 0.2492(1.663s / 6.675s)
generated_audios/generated_H2_256C_int8/237-126133-0024_generated.wav | RTF: 0.2531(2.446s / 9.665s) | Generator RTF: 0.2526(2.441s / 9.665s)
generated_audios/generated_H2_256C_int8/237-126133-0025_generated.wav | RTF: 0.2520(0.946s / 3.755s) | Generator RTF: 0.2511(0.943s / 3.755s)
generated_audios/generated_H2_256C_int8/237-134493-0000_generated.wav | RTF: 0.2504(1.028s / 4.105s) | Generator RTF: 0.2498(1.026s / 4.105s)
generated_audios/generated_H2_256C_int8/237-134493-0001_generated.wav | RTF: 0.2467(1.821s / 7.380s) | Generator RTF: 0.2462(1.817s / 7.380s)
generated_audios/generated_H2_256C_int8/237-134493-0002_generated.wav | RTF: 0.2543(2.898s / 11.395s) | Generator RTF: 0.2539(2.893s / 11.395s)
generated_audios/generated_H2_256C_int8/237-134493-0003_generated.wav | RTF: 0.2761(3.525s / 12.765s) | Generator RTF: 0.2757(3.520s / 12.765s)
generated_audios/generated_H2_256C_int8/237-134493-0004_generated.wav | RTF: 0.2454(1.675s / 6.825s) | Generator RTF: 0.2448(1.671s / 6.825s)
generated_audios/generated_H2_256C_int8/237-134493-0005_generated.wav | RTF: 0.2502(2.739s / 10.945s) | Generator RTF: 0.2498(2.735s / 10.945s)
generated_audios/generated_H2_256C_int8/237-134493-0006_generated.wav | RTF: 0.2468(1.085s / 4.395s) | Generator RTF: 0.2460(1.081s / 4.395s)
generated_audios/generated_H2_256C_int8/237-134493-0007_generated.wav | RTF: 0.2585(0.526s / 2.035s) | Generator RTF: 0.2569(0.523s / 2.035s)
generated_audios/generated_H2_256C_int8/237-134493-0008_generated.wav | RTF: 0.2447(0.564s / 2.305s) | Generator RTF: 0.2433(0.561s / 2.305s)
generated_audios/generated_H2_256C_int8/237-134493-0009_generated.wav | RTF: 0.2931(0.872s / 2.975s) | Generator RTF: 0.2920(0.869s / 2.975s)
generated_audios/generated_H2_256C_int8/237-134493-0010_generated.wav | RTF: 0.2455(0.706s / 2.875s) | Generator RTF: 0.2443(0.702s / 2.875s)
generated_audios/generated_H2_256C_int8/237-134493-0011_generated.wav | RTF: 0.2501(1.259s / 5.035s) | Generator RTF: 0.2494(1.256s / 5.035s)
generated_audios/generated_H2_256C_int8/237-134493-0012_generated.wav | RTF: 0.2420(0.886s / 3.660s) | Generator RTF: 0.2411(0.883s / 3.660s)
generated_audios/generated_H2_256C_int8/237-134493-0013_generated.wav | RTF: 0.0579(0.237s / 4.090s) | Generator RTF: 0.0571(0.233s / 4.090s)
generated_audios/generated_H2_256C_int8/237-134493-0014_generated.wav | RTF: 0.2435(0.901s / 3.700s) | Generator RTF: 0.2425(0.897s / 3.700s)
generated_audios/generated_H2_256C_int8/237-134493-0015_generated.wav | RTF: 0.0570(0.374s / 6.550s) | Generator RTF: 0.0564(0.370s / 6.550s)
generated_audios/generated_H2_256C_int8/237-134493-0016_generated.wav | RTF: 0.2485(2.506s / 10.085s) | Generator RTF: 0.2481(2.502s / 10.085s)
generated_audios/generated_H2_256C_int8/237-134493-0017_generated.wav | RTF: 0.2551(2.322s / 9.105s) | Generator RTF: 0.2546(2.318s / 9.105s)
generated_audios/generated_H2_256C_int8/237-134493-0018_generated.wav | RTF: 0.2450(1.173s / 4.790s) | Generator RTF: 0.2442(1.170s / 4.790s)
generated_audios/generated_H2_256C_int8/237-134500-0000_generated.wav | RTF: 0.2461(1.508s / 6.130s) | Generator RTF: 0.2455(1.505s / 6.130s)
generated_audios/generated_H2_256C_int8/237-134500-0001_generated.wav | RTF: 0.2545(0.461s / 1.810s) | Generator RTF: 0.2528(0.458s / 1.810s)
generated_audios/generated_H2_256C_int8/237-134500-0002_generated.wav | RTF: 0.2467(1.251s / 5.070s) | Generator RTF: 0.2461(1.248s / 5.070s)
generated_audios/generated_H2_256C_int8/237-134500-0003_generated.wav | RTF: 0.0552(0.175s / 3.170s) | Generator RTF: 0.0541(0.171s / 3.170s)
generated_audios/generated_H2_256C_int8/237-134500-0004_generated.wav | RTF: 0.0624(0.139s / 2.225s) | Generator RTF: 0.0609(0.136s / 2.225s)
generated_audios/generated_H2_256C_int8/237-134500-0005_generated.wav | RTF: 0.2555(0.611s / 2.390s) | Generator RTF: 0.2541(0.607s / 2.390s)
generated_audios/generated_H2_256C_int8/237-134500-0006_generated.wav | RTF: 0.2436(1.029s / 4.225s) | Generator RTF: 0.2428(1.026s / 4.225s)
generated_audios/generated_H2_256C_int8/237-134500-0007_generated.wav | RTF: 0.0550(0.131s / 2.390s) | Generator RTF: 0.0537(0.128s / 2.390s)
generated_audios/generated_H2_256C_int8/237-134500-0008_generated.wav | RTF: 0.0543(0.204s / 3.760s) | Generator RTF: 0.0534(0.201s / 3.760s)
generated_audios/generated_H2_256C_int8/237-134500-0009_generated.wav | RTF: 0.0588(0.131s / 2.220s) | Generator RTF: 0.0573(0.127s / 2.220s)
generated_audios/generated_H2_256C_int8/237-134500-0010_generated.wav | RTF: 0.2530(1.011s / 3.995s) | Generator RTF: 0.2521(1.007s / 3.995s)
generated_audios/generated_H2_256C_int8/237-134500-0011_generated.wav | RTF: 0.2447(0.820s / 3.350s) | Generator RTF: 0.2436(0.816s / 3.350s)
generated_audios/generated_H2_256C_int8/237-134500-0012_generated.wav | RTF: 0.2513(2.748s / 10.935s) | Generator RTF: 0.2510(2.744s / 10.935s)
generated_audios/generated_H2_256C_int8/237-134500-0013_generated.wav | RTF: 0.0564(0.596s / 10.560s) | Generator RTF: 0.0560(0.592s / 10.560s)
generated_audios/generated_H2_256C_int8/237-134500-0014_generated.wav | RTF: 0.0557(0.237s / 4.250s) | Generator RTF: 0.0548(0.233s / 4.250s)
generated_audios/generated_H2_256C_int8/237-134500-0015_generated.wav | RTF: 0.2470(2.671s / 10.815s) | Generator RTF: 0.2466(2.667s / 10.815s)
generated_audios/generated_H2_256C_int8/237-134500-0016_generated.wav | RTF: 0.0616(0.195s / 3.160s) | Generator RTF: 0.0606(0.191s / 3.160s)
generated_audios/generated_H2_256C_int8/237-134500-0017_generated.wav | RTF: 0.0571(0.124s / 2.180s) | Generator RTF: 0.0556(0.121s / 2.180s)
generated_audios/generated_H2_256C_int8/237-134500-0018_generated.wav | RTF: 0.2752(3.535s / 12.845s) | Generator RTF: 0.2749(3.531s / 12.845s)
generated_audios/generated_H2_256C_int8/237-134500-0019_generated.wav | RTF: 0.2470(0.706s / 2.860s) | Generator RTF: 0.2459(0.703s / 2.860s)
generated_audios/generated_H2_256C_int8/237-134500-0020_generated.wav | RTF: 0.0574(0.125s / 2.180s) | Generator RTF: 0.0559(0.122s / 2.180s)
generated_audios/generated_H2_256C_int8/237-134500-0021_generated.wav | RTF: 0.2430(1.244s / 5.120s) | Generator RTF: 0.2423(1.241s / 5.120s)
generated_audios/generated_H2_256C_int8/237-134500-0022_generated.wav | RTF: 0.2412(1.246s / 5.165s) | Generator RTF: 0.2405(1.242s / 5.165s)
generated_audios/generated_H2_256C_int8/237-134500-0023_generated.wav | RTF: 0.2485(0.760s / 3.060s) | Generator RTF: 0.2475(0.757s / 3.060s)
generated_audios/generated_H2_256C_int8/237-134500-0024_generated.wav | RTF: 0.0575(0.254s / 4.410s) | Generator RTF: 0.0568(0.251s / 4.410s)
generated_audios/generated_H2_256C_int8/237-134500-0025_generated.wav | RTF: 0.2526(0.412s / 1.630s) | Generator RTF: 0.2507(0.409s / 1.630s)
generated_audios/generated_H2_256C_int8/237-134500-0026_generated.wav | RTF: 0.2482(0.757s / 3.050s) | Generator RTF: 0.2470(0.753s / 3.050s)
generated_audios/generated_H2_256C_int8/237-134500-0027_generated.wav | RTF: 0.2493(0.815s / 3.270s) | Generator RTF: 0.2484(0.812s / 3.270s)
generated_audios/generated_H2_256C_int8/237-134500-0028_generated.wav | RTF: 0.2509(1.135s / 4.525s) | Generator RTF: 0.2502(1.132s / 4.525s)
generated_audios/generated_H2_256C_int8/237-134500-0029_generated.wav | RTF: 0.2451(0.506s / 2.065s) | Generator RTF: 0.2435(0.503s / 2.065s)
generated_audios/generated_H2_256C_int8/237-134500-0030_generated.wav | RTF: 0.2511(0.698s / 2.780s) | Generator RTF: 0.2499(0.695s / 2.780s)
generated_audios/generated_H2_256C_int8/237-134500-0031_generated.wav | RTF: 0.2576(2.733s / 10.610s) | Generator RTF: 0.2572(2.728s / 10.610s)
generated_audios/generated_H2_256C_int8/237-134500-0032_generated.wav | RTF: 0.0589(0.296s / 5.025s) | Generator RTF: 0.0582(0.293s / 5.025s)
generated_audios/generated_H2_256C_int8/237-134500-0033_generated.wav | RTF: 0.2445(1.553s / 6.350s) | Generator RTF: 0.2440(1.549s / 6.350s)
generated_audios/generated_H2_256C_int8/237-134500-0034_generated.wav | RTF: 0.2434(0.749s / 3.075s) | Generator RTF: 0.2423(0.745s / 3.075s)
generated_audios/generated_H2_256C_int8/237-134500-0035_generated.wav | RTF: 0.2550(0.652s / 2.555s) | Generator RTF: 0.2538(0.648s / 2.555s)
generated_audios/generated_H2_256C_int8/237-134500-0036_generated.wav | RTF: 0.2472(1.631s / 6.600s) | Generator RTF: 0.2466(1.628s / 6.600s)
generated_audios/generated_H2_256C_int8/237-134500-0037_generated.wav | RTF: 0.2476(1.759s / 7.105s) | Generator RTF: 0.2471(1.755s / 7.105s)
generated_audios/generated_H2_256C_int8/237-134500-0038_generated.wav | RTF: 0.2496(0.608s / 2.435s) | Generator RTF: 0.2483(0.605s / 2.435s)
generated_audios/generated_H2_256C_int8/237-134500-0039_generated.wav | RTF: 0.2501(1.158s / 4.630s) | Generator RTF: 0.2493(1.154s / 4.630s)
generated_audios/generated_H2_256C_int8/237-134500-0040_generated.wav | RTF: 0.0576(0.232s / 4.030s) | Generator RTF: 0.0568(0.229s / 4.030s)
generated_audios/generated_H2_256C_int8/237-134500-0041_generated.wav | RTF: 0.0612(0.546s / 8.920s) | Generator RTF: 0.0607(0.542s / 8.920s)
generated_audios/generated_H2_256C_int8/237-134500-0042_generated.wav | RTF: 0.2526(0.650s / 2.575s) | Generator RTF: 0.2511(0.647s / 2.575s)
generated_audios/generated_H2_256C_int8/260-123286-0000_generated.wav | RTF: 0.2450(1.725s / 7.040s) | Generator RTF: 0.2445(1.721s / 7.040s)
generated_audios/generated_H2_256C_int8/260-123286-0001_generated.wav | RTF: 0.0552(0.170s / 3.070s) | Generator RTF: 0.0540(0.166s / 3.070s)
generated_audios/generated_H2_256C_int8/260-123286-0002_generated.wav | RTF: 0.2511(2.507s / 9.985s) | Generator RTF: 0.2507(2.504s / 9.985s)
generated_audios/generated_H2_256C_int8/260-123286-0003_generated.wav | RTF: 0.2463(1.816s / 7.370s) | Generator RTF: 0.2459(1.812s / 7.370s)
generated_audios/generated_H2_256C_int8/260-123286-0004_generated.wav | RTF: 0.2518(0.873s / 3.465s) | Generator RTF: 0.2509(0.870s / 3.465s)
generated_audios/generated_H2_256C_int8/260-123286-0005_generated.wav | RTF: 0.2456(1.181s / 4.810s) | Generator RTF: 0.2449(1.178s / 4.810s)
generated_audios/generated_H2_256C_int8/260-123286-0006_generated.wav | RTF: 0.2487(1.841s / 7.405s) | Generator RTF: 0.2482(1.838s / 7.405s)
generated_audios/generated_H2_256C_int8/260-123286-0007_generated.wav | RTF: 0.2452(1.115s / 4.550s) | Generator RTF: 0.2444(1.112s / 4.550s)
generated_audios/generated_H2_256C_int8/260-123286-0008_generated.wav | RTF: 0.2442(0.912s / 3.735s) | Generator RTF: 0.2433(0.909s / 3.735s)
generated_audios/generated_H2_256C_int8/260-123286-0009_generated.wav | RTF: 0.2437(1.412s / 5.795s) | Generator RTF: 0.2430(1.408s / 5.795s)
generated_audios/generated_H2_256C_int8/260-123286-0010_generated.wav | RTF: 0.0566(0.146s / 2.575s) | Generator RTF: 0.0552(0.142s / 2.575s)
generated_audios/generated_H2_256C_int8/260-123286-0011_generated.wav | RTF: 0.0552(0.235s / 4.255s) | Generator RTF: 0.0544(0.232s / 4.255s)
generated_audios/generated_H2_256C_int8/260-123286-0012_generated.wav | RTF: 0.0568(0.138s / 2.430s) | Generator RTF: 0.0554(0.135s / 2.430s)
generated_audios/generated_H2_256C_int8/260-123286-0013_generated.wav | RTF: 0.2468(1.167s / 4.730s) | Generator RTF: 0.2461(1.164s / 4.730s)
generated_audios/generated_H2_256C_int8/260-123286-0014_generated.wav | RTF: 0.0602(0.179s / 2.980s) | Generator RTF: 0.0591(0.176s / 2.980s)
generated_audios/generated_H2_256C_int8/260-123286-0015_generated.wav | RTF: 0.2545(1.326s / 5.210s) | Generator RTF: 0.2539(1.323s / 5.210s)
generated_audios/generated_H2_256C_int8/260-123286-0016_generated.wav | RTF: 0.2485(1.740s / 7.000s) | Generator RTF: 0.2480(1.736s / 7.000s)
generated_audios/generated_H2_256C_int8/260-123286-0017_generated.wav | RTF: 0.2466(0.980s / 3.975s) | Generator RTF: 0.2456(0.976s / 3.975s)
generated_audios/generated_H2_256C_int8/260-123286-0018_generated.wav | RTF: 0.2483(1.408s / 5.670s) | Generator RTF: 0.2477(1.404s / 5.670s)
generated_audios/generated_H2_256C_int8/260-123286-0019_generated.wav | RTF: 0.2812(3.348s / 11.905s) | Generator RTF: 0.2808(3.343s / 11.905s)
generated_audios/generated_H2_256C_int8/260-123286-0020_generated.wav | RTF: 0.0566(0.173s / 3.060s) | Generator RTF: 0.0554(0.170s / 3.060s)
generated_audios/generated_H2_256C_int8/260-123286-0021_generated.wav | RTF: 0.2463(0.628s / 2.550s) | Generator RTF: 0.2451(0.625s / 2.550s)
generated_audios/generated_H2_256C_int8/260-123286-0022_generated.wav | RTF: 0.2551(0.825s / 3.235s) | Generator RTF: 0.2541(0.822s / 3.235s)
generated_audios/generated_H2_256C_int8/260-123286-0023_generated.wav | RTF: 0.2479(1.456s / 5.875s) | Generator RTF: 0.2472(1.453s / 5.875s)
generated_audios/generated_H2_256C_int8/260-123286-0024_generated.wav | RTF: 0.2428(0.738s / 3.040s) | Generator RTF: 0.2417(0.735s / 3.040s)
generated_audios/generated_H2_256C_int8/260-123286-0025_generated.wav | RTF: 0.2488(2.290s / 9.205s) | Generator RTF: 0.2484(2.286s / 9.205s)
generated_audios/generated_H2_256C_int8/260-123286-0026_generated.wav | RTF: 0.2476(1.718s / 6.940s) | Generator RTF: 0.2471(1.715s / 6.940s)
generated_audios/generated_H2_256C_int8/260-123286-0027_generated.wav | RTF: 0.2464(1.767s / 7.170s) | Generator RTF: 0.2459(1.763s / 7.170s)
generated_audios/generated_H2_256C_int8/260-123286-0028_generated.wav | RTF: 0.2452(1.830s / 7.465s) | Generator RTF: 0.2446(1.826s / 7.465s)
generated_audios/generated_H2_256C_int8/260-123286-0029_generated.wav | RTF: 0.0528(0.240s / 4.545s) | Generator RTF: 0.0521(0.237s / 4.545s)
generated_audios/generated_H2_256C_int8/260-123286-0030_generated.wav | RTF: 0.0588(0.443s / 7.530s) | Generator RTF: 0.0583(0.439s / 7.530s)
generated_audios/generated_H2_256C_int8/260-123286-0031_generated.wav | RTF: 0.2450(1.240s / 5.060s) | Generator RTF: 0.2445(1.237s / 5.060s)
generated_audios/generated_H2_256C_int8/260-123288-0000_generated.wav | RTF: 0.0539(0.164s / 3.040s) | Generator RTF: 0.0529(0.161s / 3.040s)
generated_audios/generated_H2_256C_int8/260-123288-0001_generated.wav | RTF: 0.0575(0.292s / 5.080s) | Generator RTF: 0.0568(0.288s / 5.080s)
generated_audios/generated_H2_256C_int8/260-123288-0002_generated.wav | RTF: 0.2506(1.817s / 7.250s) | Generator RTF: 0.2501(1.813s / 7.250s)
generated_audios/generated_H2_256C_int8/260-123288-0003_generated.wav | RTF: 0.2531(2.253s / 8.905s) | Generator RTF: 0.2526(2.249s / 8.905s)
generated_audios/generated_H2_256C_int8/260-123288-0004_generated.wav | RTF: 0.2523(1.087s / 4.310s) | Generator RTF: 0.2514(1.084s / 4.310s)
generated_audios/generated_H2_256C_int8/260-123288-0005_generated.wav | RTF: 0.2764(3.468s / 12.550s) | Generator RTF: 0.2760(3.464s / 12.550s)
generated_audios/generated_H2_256C_int8/260-123288-0006_generated.wav | RTF: 0.2460(1.200s / 4.880s) | Generator RTF: 0.2452(1.197s / 4.880s)
generated_audios/generated_H2_256C_int8/260-123288-0007_generated.wav | RTF: 0.2539(2.844s / 11.200s) | Generator RTF: 0.2535(2.839s / 11.200s)
generated_audios/generated_H2_256C_int8/260-123288-0008_generated.wav | RTF: 0.2529(1.395s / 5.515s) | Generator RTF: 0.2522(1.391s / 5.515s)
generated_audios/generated_H2_256C_int8/260-123288-0009_generated.wav | RTF: 0.2476(0.850s / 3.435s) | Generator RTF: 0.2469(0.848s / 3.435s)
generated_audios/generated_H2_256C_int8/260-123288-0010_generated.wav | RTF: 0.0566(0.566s / 9.995s) | Generator RTF: 0.0562(0.561s / 9.995s)
generated_audios/generated_H2_256C_int8/260-123288-0011_generated.wav | RTF: 0.2469(2.217s / 8.980s) | Generator RTF: 0.2464(2.213s / 8.980s)
generated_audios/generated_H2_256C_int8/260-123288-0012_generated.wav | RTF: 0.2515(0.891s / 3.545s) | Generator RTF: 0.2504(0.888s / 3.545s)
generated_audios/generated_H2_256C_int8/260-123288-0013_generated.wav | RTF: 0.2553(2.906s / 11.385s) | Generator RTF: 0.2549(2.902s / 11.385s)
generated_audios/generated_H2_256C_int8/260-123288-0014_generated.wav | RTF: 0.0633(0.114s / 1.805s) | Generator RTF: 0.0614(0.111s / 1.805s)
generated_audios/generated_H2_256C_int8/260-123288-0015_generated.wav | RTF: 0.2724(5.772s / 21.185s) | Generator RTF: 0.2722(5.766s / 21.185s)
generated_audios/generated_H2_256C_int8/260-123288-0016_generated.wav | RTF: 0.2516(1.224s / 4.865s) | Generator RTF: 0.2509(1.221s / 4.865s)
generated_audios/generated_H2_256C_int8/260-123288-0017_generated.wav | RTF: 0.2436(1.273s / 5.225s) | Generator RTF: 0.2429(1.269s / 5.225s)
generated_audios/generated_H2_256C_int8/260-123288-0018_generated.wav | RTF: 0.2490(0.808s / 3.245s) | Generator RTF: 0.2479(0.804s / 3.245s)
generated_audios/generated_H2_256C_int8/260-123288-0019_generated.wav | RTF: 0.0605(0.179s / 2.955s) | Generator RTF: 0.0594(0.175s / 2.955s)
generated_audios/generated_H2_256C_int8/260-123288-0020_generated.wav | RTF: 0.2457(0.712s / 2.900s) | Generator RTF: 0.2445(0.709s / 2.900s)
generated_audios/generated_H2_256C_int8/260-123288-0021_generated.wav | RTF: 0.0593(0.161s / 2.710s) | Generator RTF: 0.0585(0.159s / 2.710s)
generated_audios/generated_H2_256C_int8/260-123288-0022_generated.wav | RTF: 0.2495(0.924s / 3.705s) | Generator RTF: 0.2486(0.921s / 3.705s)
generated_audios/generated_H2_256C_int8/260-123288-0023_generated.wav | RTF: 0.0625(0.149s / 2.385s) | Generator RTF: 0.0611(0.146s / 2.385s)
generated_audios/generated_H2_256C_int8/260-123288-0024_generated.wav | RTF: 0.2725(3.977s / 14.595s) | Generator RTF: 0.2722(3.972s / 14.595s)
generated_audios/generated_H2_256C_int8/260-123288-0025_generated.wav | RTF: 0.2704(3.636s / 13.445s) | Generator RTF: 0.2701(3.631s / 13.445s)
generated_audios/generated_H2_256C_int8/260-123288-0026_generated.wav | RTF: 0.2695(4.322s / 16.040s) | Generator RTF: 0.2691(4.317s / 16.040s)
generated_audios/generated_H2_256C_int8/260-123288-0027_generated.wav | RTF: 0.2467(1.556s / 6.305s) | Generator RTF: 0.2461(1.552s / 6.305s)
generated_audios/generated_H2_256C_int8/260-123288-0028_generated.wav | RTF: 0.2570(0.671s / 2.610s) | Generator RTF: 0.2557(0.667s / 2.610s)
generated_audios/generated_H2_256C_int8/260-123440-0000_generated.wav | RTF: 0.2444(0.529s / 2.165s) | Generator RTF: 0.2428(0.526s / 2.165s)
generated_audios/generated_H2_256C_int8/260-123440-0001_generated.wav | RTF: 0.2555(0.445s / 1.740s) | Generator RTF: 0.2536(0.441s / 1.740s)
generated_audios/generated_H2_256C_int8/260-123440-0002_generated.wav | RTF: 0.2753(4.050s / 14.715s) | Generator RTF: 0.2749(4.046s / 14.715s)
generated_audios/generated_H2_256C_int8/260-123440-0003_generated.wav | RTF: 0.2525(0.905s / 3.585s) | Generator RTF: 0.2515(0.902s / 3.585s)
generated_audios/generated_H2_256C_int8/260-123440-0004_generated.wav | RTF: 0.2732(3.284s / 12.020s) | Generator RTF: 0.2728(3.279s / 12.020s)
generated_audios/generated_H2_256C_int8/260-123440-0005_generated.wav | RTF: 0.0617(0.191s / 3.105s) | Generator RTF: 0.0605(0.188s / 3.105s)
generated_audios/generated_H2_256C_int8/260-123440-0006_generated.wav | RTF: 0.0571(0.155s / 2.715s) | Generator RTF: 0.0558(0.151s / 2.715s)
generated_audios/generated_H2_256C_int8/260-123440-0007_generated.wav | RTF: 0.2446(0.828s / 3.385s) | Generator RTF: 0.2435(0.824s / 3.385s)
generated_audios/generated_H2_256C_int8/260-123440-0008_generated.wav | RTF: 0.2522(0.945s / 3.745s) | Generator RTF: 0.2514(0.941s / 3.745s)
generated_audios/generated_H2_256C_int8/260-123440-0009_generated.wav | RTF: 0.2491(0.776s / 3.115s) | Generator RTF: 0.2482(0.773s / 3.115s)
generated_audios/generated_H2_256C_int8/260-123440-0010_generated.wav | RTF: 0.2511(2.088s / 8.315s) | Generator RTF: 0.2507(2.085s / 8.315s)
generated_audios/generated_H2_256C_int8/260-123440-0011_generated.wav | RTF: 0.0545(0.265s / 4.870s) | Generator RTF: 0.0537(0.261s / 4.870s)
generated_audios/generated_H2_256C_int8/260-123440-0012_generated.wav | RTF: 0.2503(1.313s / 5.245s) | Generator RTF: 0.2495(1.309s / 5.245s)
generated_audios/generated_H2_256C_int8/260-123440-0013_generated.wav | RTF: 0.2532(0.880s / 3.475s) | Generator RTF: 0.2520(0.876s / 3.475s)
generated_audios/generated_H2_256C_int8/260-123440-0014_generated.wav | RTF: 0.2509(0.957s / 3.815s) | Generator RTF: 0.2500(0.954s / 3.815s)
generated_audios/generated_H2_256C_int8/260-123440-0015_generated.wav | RTF: 0.0579(0.359s / 6.200s) | Generator RTF: 0.0572(0.355s / 6.200s)
generated_audios/generated_H2_256C_int8/260-123440-0016_generated.wav | RTF: 0.2514(1.231s / 4.895s) | Generator RTF: 0.2506(1.227s / 4.895s)
generated_audios/generated_H2_256C_int8/260-123440-0017_generated.wav | RTF: 0.0612(0.188s / 3.070s) | Generator RTF: 0.0600(0.184s / 3.070s)
generated_audios/generated_H2_256C_int8/260-123440-0018_generated.wav | RTF: 0.2549(0.928s / 3.640s) | Generator RTF: 0.2541(0.925s / 3.640s)
generated_audios/generated_H2_256C_int8/260-123440-0019_generated.wav | RTF: 0.2507(1.662s / 6.630s) | Generator RTF: 0.2501(1.658s / 6.630s)
generated_audios/generated_H2_256C_int8/260-123440-0020_generated.wav | RTF: 0.2512(1.255s / 4.995s) | Generator RTF: 0.2505(1.251s / 4.995s)
generated_audios/generated_H2_256C_int8/61-70968-0000_generated.wav | RTF: 0.2520(1.236s / 4.905s) | Generator RTF: 0.2512(1.232s / 4.905s)
generated_audios/generated_H2_256C_int8/61-70968-0001_generated.wav | RTF: 0.2512(0.907s / 3.610s) | Generator RTF: 0.2503(0.904s / 3.610s)
generated_audios/generated_H2_256C_int8/61-70968-0002_generated.wav | RTF: 0.2462(0.731s / 2.970s) | Generator RTF: 0.2450(0.728s / 2.970s)
generated_audios/generated_H2_256C_int8/61-70968-0003_generated.wav | RTF: 0.0549(0.237s / 4.315s) | Generator RTF: 0.0540(0.233s / 4.315s)
generated_audios/generated_H2_256C_int8/61-70968-0004_generated.wav | RTF: 0.2529(0.983s / 3.885s) | Generator RTF: 0.2520(0.979s / 3.885s)
generated_audios/generated_H2_256C_int8/61-70968-0005_generated.wav | RTF: 0.0579(0.294s / 5.070s) | Generator RTF: 0.0572(0.290s / 5.070s)
generated_audios/generated_H2_256C_int8/61-70968-0006_generated.wav | RTF: 0.2444(0.717s / 2.935s) | Generator RTF: 0.2433(0.714s / 2.935s)
generated_audios/generated_H2_256C_int8/61-70968-0007_generated.wav | RTF: 0.0536(0.190s / 3.550s) | Generator RTF: 0.0527(0.187s / 3.550s)
generated_audios/generated_H2_256C_int8/61-70968-0008_generated.wav | RTF: 0.0599(0.212s / 3.535s) | Generator RTF: 0.0589(0.208s / 3.535s)
generated_audios/generated_H2_256C_int8/61-70968-0009_generated.wav | RTF: 0.2516(1.135s / 4.510s) | Generator RTF: 0.2507(1.131s / 4.510s)
generated_audios/generated_H2_256C_int8/61-70968-0010_generated.wav | RTF: 0.2495(2.070s / 8.295s) | Generator RTF: 0.2489(2.065s / 8.295s)
generated_audios/generated_H2_256C_int8/61-70968-0011_generated.wav | RTF: 0.2511(1.601s / 6.375s) | Generator RTF: 0.2505(1.597s / 6.375s)
generated_audios/generated_H2_256C_int8/61-70968-0012_generated.wav | RTF: 0.0596(0.156s / 2.610s) | Generator RTF: 0.0582(0.152s / 2.610s)
generated_audios/generated_H2_256C_int8/61-70968-0013_generated.wav | RTF: 0.0576(0.256s / 4.450s) | Generator RTF: 0.0568(0.253s / 4.450s)
generated_audios/generated_H2_256C_int8/61-70968-0014_generated.wav | RTF: 0.2531(1.895s / 7.485s) | Generator RTF: 0.2526(1.890s / 7.485s)
generated_audios/generated_H2_256C_int8/61-70968-0015_generated.wav | RTF: 0.2459(1.322s / 5.375s) | Generator RTF: 0.2454(1.319s / 5.375s)
generated_audios/generated_H2_256C_int8/61-70968-0016_generated.wav | RTF: 0.2580(0.960s / 3.720s) | Generator RTF: 0.2570(0.956s / 3.720s)
generated_audios/generated_H2_256C_int8/61-70968-0017_generated.wav | RTF: 0.2518(1.287s / 5.110s) | Generator RTF: 0.2511(1.283s / 5.110s)
generated_audios/generated_H2_256C_int8/61-70968-0018_generated.wav | RTF: 0.2517(0.605s / 2.405s) | Generator RTF: 0.2503(0.602s / 2.405s)
generated_audios/generated_H2_256C_int8/61-70968-0019_generated.wav | RTF: 0.2450(1.341s / 5.475s) | Generator RTF: 0.2443(1.338s / 5.475s)
generated_audios/generated_H2_256C_int8/61-70968-0020_generated.wav | RTF: 0.2502(1.277s / 5.105s) | Generator RTF: 0.2495(1.274s / 5.105s)
generated_audios/generated_H2_256C_int8/61-70968-0021_generated.wav | RTF: 0.2479(0.667s / 2.690s) | Generator RTF: 0.2466(0.663s / 2.690s)
generated_audios/generated_H2_256C_int8/61-70968-0022_generated.wav | RTF: 0.0574(0.268s / 4.670s) | Generator RTF: 0.0566(0.264s / 4.670s)
generated_audios/generated_H2_256C_int8/61-70968-0023_generated.wav | RTF: 0.0588(0.296s / 5.025s) | Generator RTF: 0.0581(0.292s / 5.025s)
generated_audios/generated_H2_256C_int8/61-70968-0024_generated.wav | RTF: 0.2489(1.499s / 6.025s) | Generator RTF: 0.2482(1.496s / 6.025s)
generated_audios/generated_H2_256C_int8/61-70968-0025_generated.wav | RTF: 0.0562(0.248s / 4.410s) | Generator RTF: 0.0554(0.244s / 4.410s)
generated_audios/generated_H2_256C_int8/61-70968-0026_generated.wav | RTF: 0.2496(1.228s / 4.920s) | Generator RTF: 0.2489(1.224s / 4.920s)
generated_audios/generated_H2_256C_int8/61-70968-0027_generated.wav | RTF: 0.2476(1.701s / 6.870s) | Generator RTF: 0.2470(1.697s / 6.870s)
generated_audios/generated_H2_256C_int8/61-70968-0028_generated.wav | RTF: 0.2501(1.339s / 5.355s) | Generator RTF: 0.2494(1.335s / 5.355s)
generated_audios/generated_H2_256C_int8/61-70968-0029_generated.wav | RTF: 0.2584(0.903s / 3.495s) | Generator RTF: 0.2575(0.900s / 3.495s)
generated_audios/generated_H2_256C_int8/61-70968-0030_generated.wav | RTF: 0.2484(1.412s / 5.685s) | Generator RTF: 0.2479(1.409s / 5.685s)
generated_audios/generated_H2_256C_int8/61-70968-0031_generated.wav | RTF: 0.2535(0.742s / 2.925s) | Generator RTF: 0.2524(0.738s / 2.925s)
generated_audios/generated_H2_256C_int8/61-70968-0032_generated.wav | RTF: 0.0596(0.255s / 4.280s) | Generator RTF: 0.0588(0.252s / 4.280s)
generated_audios/generated_H2_256C_int8/61-70968-0033_generated.wav | RTF: 0.0557(0.316s / 5.685s) | Generator RTF: 0.0550(0.313s / 5.685s)
generated_audios/generated_H2_256C_int8/61-70968-0034_generated.wav | RTF: 0.2507(1.061s / 4.230s) | Generator RTF: 0.2499(1.057s / 4.230s)
generated_audios/generated_H2_256C_int8/61-70968-0035_generated.wav | RTF: 0.2494(1.983s / 7.950s) | Generator RTF: 0.2489(1.978s / 7.950s)
generated_audios/generated_H2_256C_int8/61-70968-0036_generated.wav | RTF: 0.0558(0.164s / 2.935s) | Generator RTF: 0.0546(0.160s / 2.935s)
generated_audios/generated_H2_256C_int8/61-70968-0037_generated.wav | RTF: 0.0534(0.231s / 4.315s) | Generator RTF: 0.0526(0.227s / 4.315s)
generated_audios/generated_H2_256C_int8/61-70968-0038_generated.wav | RTF: 0.2622(0.537s / 2.050s) | Generator RTF: 0.2605(0.534s / 2.050s)
generated_audios/generated_H2_256C_int8/61-70968-0039_generated.wav | RTF: 0.2435(0.927s / 3.805s) | Generator RTF: 0.2426(0.923s / 3.805s)
generated_audios/generated_H2_256C_int8/61-70968-0040_generated.wav | RTF: 0.2534(1.001s / 3.950s) | Generator RTF: 0.2525(0.997s / 3.950s)
generated_audios/generated_H2_256C_int8/61-70968-0041_generated.wav | RTF: 0.0585(0.399s / 6.825s) | Generator RTF: 0.0579(0.395s / 6.825s)
generated_audios/generated_H2_256C_int8/61-70968-0042_generated.wav | RTF: 0.0614(0.171s / 2.785s) | Generator RTF: 0.0601(0.167s / 2.785s)
generated_audios/generated_H2_256C_int8/61-70968-0043_generated.wav | RTF: 0.2533(1.706s / 6.735s) | Generator RTF: 0.2527(1.702s / 6.735s)
generated_audios/generated_H2_256C_int8/61-70968-0044_generated.wav | RTF: 0.0602(0.167s / 2.770s) | Generator RTF: 0.0589(0.163s / 2.770s)
generated_audios/generated_H2_256C_int8/61-70968-0045_generated.wav | RTF: 0.0566(0.197s / 3.475s) | Generator RTF: 0.0556(0.193s / 3.475s)
generated_audios/generated_H2_256C_int8/61-70968-0046_generated.wav | RTF: 0.0548(0.194s / 3.550s) | Generator RTF: 0.0538(0.191s / 3.550s)
generated_audios/generated_H2_256C_int8/61-70968-0047_generated.wav | RTF: 0.2466(1.177s / 4.775s) | Generator RTF: 0.2460(1.174s / 4.775s)
generated_audios/generated_H2_256C_int8/61-70968-0048_generated.wav | RTF: 0.2542(0.768s / 3.020s) | Generator RTF: 0.2531(0.764s / 3.020s)
generated_audios/generated_H2_256C_int8/61-70968-0049_generated.wav | RTF: 0.2502(2.064s / 8.250s) | Generator RTF: 0.2498(2.061s / 8.250s)
generated_audios/generated_H2_256C_int8/61-70968-0050_generated.wav | RTF: 0.2518(1.405s / 5.580s) | Generator RTF: 0.2511(1.401s / 5.580s)
generated_audios/generated_H2_256C_int8/61-70968-0051_generated.wav | RTF: 0.2672(0.838s / 3.135s) | Generator RTF: 0.2664(0.835s / 3.135s)
generated_audios/generated_H2_256C_int8/61-70968-0052_generated.wav | RTF: 0.2512(0.666s / 2.650s) | Generator RTF: 0.2499(0.662s / 2.650s)
generated_audios/generated_H2_256C_int8/61-70968-0053_generated.wav | RTF: 0.0568(0.240s / 4.220s) | Generator RTF: 0.0560(0.236s / 4.220s)
generated_audios/generated_H2_256C_int8/61-70968-0054_generated.wav | RTF: 0.2651(2.084s / 7.860s) | Generator RTF: 0.2646(2.080s / 7.860s)
generated_audios/generated_H2_256C_int8/61-70968-0055_generated.wav | RTF: 0.0591(0.234s / 3.965s) | Generator RTF: 0.0581(0.230s / 3.965s)
generated_audios/generated_H2_256C_int8/61-70968-0056_generated.wav | RTF: 0.2639(0.941s / 3.565s) | Generator RTF: 0.2628(0.937s / 3.565s)
generated_audios/generated_H2_256C_int8/61-70968-0057_generated.wav | RTF: 0.0535(0.271s / 5.065s) | Generator RTF: 0.0528(0.267s / 5.065s)
generated_audios/generated_H2_256C_int8/61-70968-0058_generated.wav | RTF: 0.2647(0.482s / 1.820s) | Generator RTF: 0.2629(0.478s / 1.820s)
generated_audios/generated_H2_256C_int8/61-70968-0059_generated.wav | RTF: 0.0613(0.133s / 2.170s) | Generator RTF: 0.0598(0.130s / 2.170s)
generated_audios/generated_H2_256C_int8/61-70968-0060_generated.wav | RTF: 0.0605(0.226s / 3.735s) | Generator RTF: 0.0595(0.222s / 3.735s)
generated_audios/generated_H2_256C_int8/61-70968-0061_generated.wav | RTF: 0.2722(1.505s / 5.530s) | Generator RTF: 0.2715(1.501s / 5.530s)
generated_audios/generated_H2_256C_int8/61-70968-0062_generated.wav | RTF: 0.0599(0.153s / 2.555s) | Generator RTF: 0.0585(0.150s / 2.555s)
generated_audios/generated_H2_256C_int8/61-70970-0000_generated.wav | RTF: 0.2698(1.639s / 6.075s) | Generator RTF: 0.2692(1.636s / 6.075s)
generated_audios/generated_H2_256C_int8/61-70970-0001_generated.wav | RTF: 0.2776(1.709s / 6.155s) | Generator RTF: 0.2770(1.705s / 6.155s)
generated_audios/generated_H2_256C_int8/61-70970-0002_generated.wav | RTF: 0.2820(1.175s / 4.165s) | Generator RTF: 0.2811(1.171s / 4.165s)
generated_audios/generated_H2_256C_int8/61-70970-0003_generated.wav | RTF: 0.2758(1.058s / 3.835s) | Generator RTF: 0.2749(1.054s / 3.835s)
generated_audios/generated_H2_256C_int8/61-70970-0004_generated.wav | RTF: 0.2761(2.903s / 10.515s) | Generator RTF: 0.2757(2.898s / 10.515s)
generated_audios/generated_H2_256C_int8/61-70970-0005_generated.wav | RTF: 0.2931(0.592s / 2.020s) | Generator RTF: 0.2914(0.589s / 2.020s)
generated_audios/generated_H2_256C_int8/61-70970-0006_generated.wav | RTF: 0.2953(0.690s / 2.335s) | Generator RTF: 0.2939(0.686s / 2.335s)
generated_audios/generated_H2_256C_int8/61-70970-0007_generated.wav | RTF: 0.2878(1.291s / 4.485s) | Generator RTF: 0.2870(1.287s / 4.485s)
generated_audios/generated_H2_256C_int8/61-70970-0008_generated.wav | RTF: 0.3042(0.654s / 2.150s) | Generator RTF: 0.3027(0.651s / 2.150s)
generated_audios/generated_H2_256C_int8/61-70970-0009_generated.wav | RTF: 0.2871(0.978s / 3.405s) | Generator RTF: 0.2860(0.974s / 3.405s)
generated_audios/generated_H2_256C_int8/61-70970-0010_generated.wav | RTF: 0.0575(0.175s / 3.045s) | Generator RTF: 0.0563(0.172s / 3.045s)
generated_audios/generated_H2_256C_int8/61-70970-0011_generated.wav | RTF: 0.0539(0.328s / 6.075s) | Generator RTF: 0.0533(0.324s / 6.075s)
generated_audios/generated_H2_256C_int8/61-70970-0012_generated.wav | RTF: 0.0547(0.171s / 3.135s) | Generator RTF: 0.0538(0.169s / 3.135s)
generated_audios/generated_H2_256C_int8/61-70970-0013_generated.wav | RTF: 0.2942(1.280s / 4.350s) | Generator RTF: 0.2934(1.276s / 4.350s)
generated_audios/generated_H2_256C_int8/61-70970-0014_generated.wav | RTF: 0.0541(0.184s / 3.405s) | Generator RTF: 0.0531(0.181s / 3.405s)
generated_audios/generated_H2_256C_int8/61-70970-0015_generated.wav | RTF: 0.2832(2.384s / 8.415s) | Generator RTF: 0.2828(2.380s / 8.415s)
generated_audios/generated_H2_256C_int8/61-70970-0016_generated.wav | RTF: 0.2844(1.243s / 4.370s) | Generator RTF: 0.2835(1.239s / 4.370s)
generated_audios/generated_H2_256C_int8/61-70970-0017_generated.wav | RTF: 0.0651(0.166s / 2.550s) | Generator RTF: 0.0637(0.162s / 2.550s)
generated_audios/generated_H2_256C_int8/61-70970-0018_generated.wav | RTF: 0.2796(1.286s / 4.600s) | Generator RTF: 0.2788(1.282s / 4.600s)
generated_audios/generated_H2_256C_int8/61-70970-0019_generated.wav | RTF: 0.2805(1.060s / 3.780s) | Generator RTF: 0.2795(1.057s / 3.780s)
generated_audios/generated_H2_256C_int8/61-70970-0020_generated.wav | RTF: 0.0567(0.285s / 5.025s) | Generator RTF: 0.0559(0.281s / 5.025s)
generated_audios/generated_H2_256C_int8/61-70970-0021_generated.wav | RTF: 0.2781(1.503s / 5.405s) | Generator RTF: 0.2775(1.500s / 5.405s)
generated_audios/generated_H2_256C_int8/61-70970-0022_generated.wav | RTF: 0.0538(0.214s / 3.970s) | Generator RTF: 0.0529(0.210s / 3.970s)
generated_audios/generated_H2_256C_int8/61-70970-0023_generated.wav | RTF: 0.0583(0.216s / 3.705s) | Generator RTF: 0.0574(0.213s / 3.705s)
generated_audios/generated_H2_256C_int8/61-70970-0024_generated.wav | RTF: 0.2826(2.045s / 7.235s) | Generator RTF: 0.2821(2.041s / 7.235s)
generated_audios/generated_H2_256C_int8/61-70970-0025_generated.wav | RTF: 0.2872(2.135s / 7.435s) | Generator RTF: 0.2866(2.131s / 7.435s)
generated_audios/generated_H2_256C_int8/61-70970-0026_generated.wav | RTF: 0.0534(0.292s / 5.475s) | Generator RTF: 0.0527(0.289s / 5.475s)
generated_audios/generated_H2_256C_int8/61-70970-0027_generated.wav | RTF: 0.0580(0.295s / 5.080s) | Generator RTF: 0.0573(0.291s / 5.080s)
generated_audios/generated_H2_256C_int8/61-70970-0028_generated.wav | RTF: 0.0566(0.371s / 6.550s) | Generator RTF: 0.0561(0.367s / 6.550s)
generated_audios/generated_H2_256C_int8/61-70970-0029_generated.wav | RTF: 0.0584(0.235s / 4.030s) | Generator RTF: 0.0575(0.232s / 4.030s)
generated_audios/generated_H2_256C_int8/61-70970-0030_generated.wav | RTF: 0.0587(0.190s / 3.240s) | Generator RTF: 0.0575(0.186s / 3.240s)
generated_audios/generated_H2_256C_int8/61-70970-0031_generated.wav | RTF: 0.2792(1.434s / 5.135s) | Generator RTF: 0.2785(1.430s / 5.135s)
generated_audios/generated_H2_256C_int8/61-70970-0032_generated.wav | RTF: 0.0545(0.171s / 3.135s) | Generator RTF: 0.0533(0.167s / 3.135s)
generated_audios/generated_H2_256C_int8/61-70970-0033_generated.wav | RTF: 0.2754(0.942s / 3.420s) | Generator RTF: 0.2744(0.938s / 3.420s)
generated_audios/generated_H2_256C_int8/61-70970-0034_generated.wav | RTF: 0.0550(0.247s / 4.485s) | Generator RTF: 0.0542(0.243s / 4.485s)
generated_audios/generated_H2_256C_int8/61-70970-0035_generated.wav | RTF: 0.0555(0.411s / 7.405s) | Generator RTF: 0.0549(0.407s / 7.405s)
generated_audios/generated_H2_256C_int8/61-70970-0036_generated.wav | RTF: 0.0569(0.386s / 6.785s) | Generator RTF: 0.0563(0.382s / 6.785s)
generated_audios/generated_H2_256C_int8/61-70970-0037_generated.wav | RTF: 0.2798(1.673s / 5.980s) | Generator RTF: 0.2792(1.669s / 5.980s)
generated_audios/generated_H2_256C_int8/61-70970-0038_generated.wav | RTF: 0.2810(2.922s / 10.400s) | Generator RTF: 0.2805(2.918s / 10.400s)
generated_audios/generated_H2_256C_int8/61-70970-0039_generated.wav | RTF: 0.0559(0.372s / 6.665s) | Generator RTF: 0.0553(0.368s / 6.665s)
generated_audios/generated_H2_256C_int8/61-70970-0040_generated.wav | RTF: 0.0547(0.228s / 4.165s) | Generator RTF: 0.0538(0.224s / 4.165s)
generated_audios/generated_H2_256C_int8/672-122797-0000_generated.wav | RTF: 0.2869(1.168s / 4.070s) | Generator RTF: 0.2864(1.166s / 4.070s)
generated_audios/generated_H2_256C_int8/672-122797-0001_generated.wav | RTF: 0.2796(4.230s / 15.130s) | Generator RTF: 0.2793(4.226s / 15.130s)
generated_audios/generated_H2_256C_int8/672-122797-0002_generated.wav | RTF: 0.2765(3.766s / 13.620s) | Generator RTF: 0.2761(3.761s / 13.620s)
generated_audios/generated_H2_256C_int8/672-122797-0003_generated.wav | RTF: 0.2913(1.387s / 4.760s) | Generator RTF: 0.2908(1.384s / 4.760s)
generated_audios/generated_H2_256C_int8/672-122797-0004_generated.wav | RTF: 0.2773(2.842s / 10.250s) | Generator RTF: 0.2769(2.838s / 10.250s)
generated_audios/generated_H2_256C_int8/672-122797-0005_generated.wav | RTF: 0.3007(0.980s / 3.260s) | Generator RTF: 0.2996(0.977s / 3.260s)
generated_audios/generated_H2_256C_int8/672-122797-0006_generated.wav | RTF: 0.2867(3.999s / 13.950s) | Generator RTF: 0.2863(3.994s / 13.950s)
generated_audios/generated_H2_256C_int8/672-122797-0007_generated.wav | RTF: 0.2837(1.821s / 6.420s) | Generator RTF: 0.2830(1.817s / 6.420s)
generated_audios/generated_H2_256C_int8/672-122797-0008_generated.wav | RTF: 0.2863(8.821s / 30.810s) | Generator RTF: 0.2861(8.814s / 30.810s)
generated_audios/generated_H2_256C_int8/672-122797-0009_generated.wav | RTF: 0.0564(0.156s / 2.765s) | Generator RTF: 0.0550(0.152s / 2.765s)
generated_audios/generated_H2_256C_int8/672-122797-0010_generated.wav | RTF: 0.0570(0.218s / 3.815s) | Generator RTF: 0.0561(0.214s / 3.815s)
generated_audios/generated_H2_256C_int8/672-122797-0011_generated.wav | RTF: 0.3104(0.788s / 2.540s) | Generator RTF: 0.3090(0.785s / 2.540s)
generated_audios/generated_H2_256C_int8/672-122797-0012_generated.wav | RTF: 0.2954(2.293s / 7.765s) | Generator RTF: 0.2949(2.290s / 7.765s)
generated_audios/generated_H2_256C_int8/672-122797-0013_generated.wav | RTF: 0.2847(2.479s / 8.705s) | Generator RTF: 0.2842(2.474s / 8.705s)
generated_audios/generated_H2_256C_int8/672-122797-0014_generated.wav | RTF: 0.0572(0.146s / 2.555s) | Generator RTF: 0.0558(0.143s / 2.555s)
generated_audios/generated_H2_256C_int8/672-122797-0015_generated.wav | RTF: 0.0584(0.260s / 4.455s) | Generator RTF: 0.0579(0.258s / 4.455s)
generated_audios/generated_H2_256C_int8/672-122797-0016_generated.wav | RTF: 0.2815(2.594s / 9.215s) | Generator RTF: 0.2810(2.590s / 9.215s)
generated_audios/generated_H2_256C_int8/672-122797-0017_generated.wav | RTF: 0.2858(1.378s / 4.820s) | Generator RTF: 0.2850(1.374s / 4.820s)
generated_audios/generated_H2_256C_int8/672-122797-0018_generated.wav | RTF: 0.2822(1.391s / 4.930s) | Generator RTF: 0.2814(1.387s / 4.930s)
generated_audios/generated_H2_256C_int8/672-122797-0019_generated.wav | RTF: 0.2807(1.154s / 4.110s) | Generator RTF: 0.2799(1.151s / 4.110s)
generated_audios/generated_H2_256C_int8/672-122797-0020_generated.wav | RTF: 0.2811(2.481s / 8.825s) | Generator RTF: 0.2806(2.477s / 8.825s)
generated_audios/generated_H2_256C_int8/672-122797-0021_generated.wav | RTF: 0.0586(0.243s / 4.150s) | Generator RTF: 0.0577(0.240s / 4.150s)
generated_audios/generated_H2_256C_int8/672-122797-0022_generated.wav | RTF: 0.2840(5.396s / 19.005s) | Generator RTF: 0.2837(5.392s / 19.005s)
generated_audios/generated_H2_256C_int8/672-122797-0023_generated.wav | RTF: 0.2831(2.744s / 9.695s) | Generator RTF: 0.2826(2.740s / 9.695s)
generated_audios/generated_H2_256C_int8/672-122797-0024_generated.wav | RTF: 0.2848(1.176s / 4.130s) | Generator RTF: 0.2839(1.172s / 4.130s)
generated_audios/generated_H2_256C_int8/672-122797-0025_generated.wav | RTF: 0.2822(3.017s / 10.690s) | Generator RTF: 0.2818(3.012s / 10.690s)
generated_audios/generated_H2_256C_int8/672-122797-0026_generated.wav | RTF: 0.2828(3.948s / 13.960s) | Generator RTF: 0.2825(3.943s / 13.960s)
generated_audios/generated_H2_256C_int8/672-122797-0027_generated.wav | RTF: 0.0580(0.278s / 4.790s) | Generator RTF: 0.0572(0.274s / 4.790s)
generated_audios/generated_H2_256C_int8/672-122797-0028_generated.wav | RTF: 0.0639(0.167s / 2.610s) | Generator RTF: 0.0630(0.165s / 2.610s)
generated_audios/generated_H2_256C_int8/672-122797-0029_generated.wav | RTF: 0.0538(0.164s / 3.050s) | Generator RTF: 0.0527(0.161s / 3.050s)
generated_audios/generated_H2_256C_int8/672-122797-0030_generated.wav | RTF: 0.2825(1.292s / 4.575s) | Generator RTF: 0.2817(1.289s / 4.575s)
generated_audios/generated_H2_256C_int8/672-122797-0031_generated.wav | RTF: 0.0573(0.228s / 3.980s) | Generator RTF: 0.0563(0.224s / 3.980s)
generated_audios/generated_H2_256C_int8/672-122797-0032_generated.wav | RTF: 0.0583(0.233s / 4.000s) | Generator RTF: 0.0574(0.229s / 4.000s)
generated_audios/generated_H2_256C_int8/672-122797-0033_generated.wav | RTF: 0.2897(0.372s / 1.285s) | Generator RTF: 0.2870(0.369s / 1.285s)
generated_audios/generated_H2_256C_int8/672-122797-0034_generated.wav | RTF: 0.0574(0.293s / 5.110s) | Generator RTF: 0.0567(0.290s / 5.110s)
generated_audios/generated_H2_256C_int8/672-122797-0035_generated.wav | RTF: 0.0649(0.188s / 2.900s) | Generator RTF: 0.0636(0.184s / 2.900s)
generated_audios/generated_H2_256C_int8/672-122797-0036_generated.wav | RTF: 0.0577(0.309s / 5.365s) | Generator RTF: 0.0569(0.306s / 5.365s)
generated_audios/generated_H2_256C_int8/672-122797-0037_generated.wav | RTF: 0.2791(0.547s / 1.960s) | Generator RTF: 0.2775(0.544s / 1.960s)
generated_audios/generated_H2_256C_int8/672-122797-0038_generated.wav | RTF: 0.2786(2.452s / 8.800s) | Generator RTF: 0.2782(2.448s / 8.800s)
generated_audios/generated_H2_256C_int8/672-122797-0039_generated.wav | RTF: 0.2822(1.136s / 4.025s) | Generator RTF: 0.2813(1.132s / 4.025s)
generated_audios/generated_H2_256C_int8/672-122797-0040_generated.wav | RTF: 0.0592(0.304s / 5.125s) | Generator RTF: 0.0584(0.299s / 5.125s)
generated_audios/generated_H2_256C_int8/672-122797-0041_generated.wav | RTF: 0.0585(0.227s / 3.880s) | Generator RTF: 0.0575(0.223s / 3.880s)
generated_audios/generated_H2_256C_int8/672-122797-0042_generated.wav | RTF: 0.2816(4.311s / 15.310s) | Generator RTF: 0.2813(4.306s / 15.310s)
generated_audios/generated_H2_256C_int8/672-122797-0043_generated.wav | RTF: 0.0560(0.212s / 3.780s) | Generator RTF: 0.0550(0.208s / 3.780s)
generated_audios/generated_H2_256C_int8/672-122797-0044_generated.wav | RTF: 0.0590(0.221s / 3.740s) | Generator RTF: 0.0581(0.217s / 3.740s)
generated_audios/generated_H2_256C_int8/672-122797-0045_generated.wav | RTF: 0.0518(0.723s / 13.960s) | Generator RTF: 0.0514(0.718s / 13.960s)
generated_audios/generated_H2_256C_int8/672-122797-0046_generated.wav | RTF: 0.2813(1.326s / 4.715s) | Generator RTF: 0.2806(1.323s / 4.715s)
generated_audios/generated_H2_256C_int8/672-122797-0047_generated.wav | RTF: 0.2879(0.957s / 3.325s) | Generator RTF: 0.2869(0.954s / 3.325s)
generated_audios/generated_H2_256C_int8/672-122797-0048_generated.wav | RTF: 0.0536(0.351s / 6.555s) | Generator RTF: 0.0530(0.347s / 6.555s)
generated_audios/generated_H2_256C_int8/672-122797-0049_generated.wav | RTF: 0.0663(0.134s / 2.020s) | Generator RTF: 0.0645(0.130s / 2.020s)
generated_audios/generated_H2_256C_int8/672-122797-0050_generated.wav | RTF: 0.2864(1.390s / 4.855s) | Generator RTF: 0.2855(1.386s / 4.855s)
generated_audios/generated_H2_256C_int8/672-122797-0051_generated.wav | RTF: 0.2813(1.312s / 4.665s) | Generator RTF: 0.2806(1.309s / 4.665s)
generated_audios/generated_H2_256C_int8/672-122797-0052_generated.wav | RTF: 0.2805(1.202s / 4.285s) | Generator RTF: 0.2797(1.199s / 4.285s)
generated_audios/generated_H2_256C_int8/672-122797-0053_generated.wav | RTF: 0.0593(0.175s / 2.955s) | Generator RTF: 0.0581(0.172s / 2.955s)
generated_audios/generated_H2_256C_int8/672-122797-0054_generated.wav | RTF: 0.0568(0.242s / 4.250s) | Generator RTF: 0.0560(0.238s / 4.250s)
generated_audios/generated_H2_256C_int8/672-122797-0055_generated.wav | RTF: 0.2805(2.308s / 8.230s) | Generator RTF: 0.2799(2.304s / 8.230s)
generated_audios/generated_H2_256C_int8/672-122797-0056_generated.wav | RTF: 0.0564(0.295s / 5.225s) | Generator RTF: 0.0557(0.291s / 5.225s)
generated_audios/generated_H2_256C_int8/672-122797-0057_generated.wav | RTF: 0.0547(0.359s / 6.560s) | Generator RTF: 0.0542(0.355s / 6.560s)
generated_audios/generated_H2_256C_int8/672-122797-0058_generated.wav | RTF: 0.2907(1.300s / 4.470s) | Generator RTF: 0.2900(1.296s / 4.470s)
generated_audios/generated_H2_256C_int8/672-122797-0059_generated.wav | RTF: 0.2856(1.005s / 3.520s) | Generator RTF: 0.2845(1.001s / 3.520s)
generated_audios/generated_H2_256C_int8/672-122797-0060_generated.wav | RTF: 0.0610(0.204s / 3.350s) | Generator RTF: 0.0599(0.201s / 3.350s)
generated_audios/generated_H2_256C_int8/672-122797-0061_generated.wav | RTF: 0.2791(2.118s / 7.590s) | Generator RTF: 0.2786(2.115s / 7.590s)
generated_audios/generated_H2_256C_int8/672-122797-0062_generated.wav | RTF: 0.2877(0.770s / 2.675s) | Generator RTF: 0.2864(0.766s / 2.675s)
generated_audios/generated_H2_256C_int8/672-122797-0063_generated.wav | RTF: 0.0559(0.284s / 5.075s) | Generator RTF: 0.0552(0.280s / 5.075s)
generated_audios/generated_H2_256C_int8/672-122797-0064_generated.wav | RTF: 0.2839(4.335s / 15.270s) | Generator RTF: 0.2836(4.331s / 15.270s)
generated_audios/generated_H2_256C_int8/672-122797-0065_generated.wav | RTF: 0.0581(0.176s / 3.030s) | Generator RTF: 0.0572(0.173s / 3.030s)
generated_audios/generated_H2_256C_int8/672-122797-0066_generated.wav | RTF: 0.0557(0.268s / 4.815s) | Generator RTF: 0.0549(0.265s / 4.815s)
generated_audios/generated_H2_256C_int8/672-122797-0067_generated.wav | RTF: 0.2777(3.619s / 13.035s) | Generator RTF: 0.2773(3.614s / 13.035s)
generated_audios/generated_H2_256C_int8/672-122797-0068_generated.wav | RTF: 0.0530(0.213s / 4.020s) | Generator RTF: 0.0521(0.210s / 4.020s)
generated_audios/generated_H2_256C_int8/672-122797-0069_generated.wav | RTF: 0.2840(1.423s / 5.010s) | Generator RTF: 0.2834(1.420s / 5.010s)
generated_audios/generated_H2_256C_int8/672-122797-0070_generated.wav | RTF: 0.2821(1.769s / 6.270s) | Generator RTF: 0.2815(1.765s / 6.270s)
generated_audios/generated_H2_256C_int8/672-122797-0071_generated.wav | RTF: 0.2844(2.524s / 8.875s) | Generator RTF: 0.2840(2.520s / 8.875s)
generated_audios/generated_H2_256C_int8/672-122797-0072_generated.wav | RTF: 0.2794(2.218s / 7.940s) | Generator RTF: 0.2789(2.214s / 7.940s)
generated_audios/generated_H2_256C_int8/672-122797-0073_generated.wav | RTF: 0.2781(2.282s / 8.205s) | Generator RTF: 0.2778(2.279s / 8.205s)
generated_audios/generated_H2_256C_int8/672-122797-0074_generated.wav | RTF: 0.2781(2.428s / 8.730s) | Generator RTF: 0.2776(2.424s / 8.730s)
generated_audios/generated_H2_256C_int8/908-157963-0000_generated.wav | RTF: 0.2780(3.508s / 12.620s) | Generator RTF: 0.2776(3.504s / 12.620s)
generated_audios/generated_H2_256C_int8/908-157963-0001_generated.wav | RTF: 0.2828(0.816s / 2.885s) | Generator RTF: 0.2817(0.813s / 2.885s)
generated_audios/generated_H2_256C_int8/908-157963-0002_generated.wav | RTF: 0.2726(0.751s / 2.755s) | Generator RTF: 0.2714(0.748s / 2.755s)
generated_audios/generated_H2_256C_int8/908-157963-0003_generated.wav | RTF: 0.2818(0.868s / 3.080s) | Generator RTF: 0.2806(0.864s / 3.080s)
generated_audios/generated_H2_256C_int8/908-157963-0004_generated.wav | RTF: 0.2813(3.935s / 13.990s) | Generator RTF: 0.2810(3.931s / 13.990s)
generated_audios/generated_H2_256C_int8/908-157963-0005_generated.wav | RTF: 0.2802(1.971s / 7.035s) | Generator RTF: 0.2796(1.967s / 7.035s)
generated_audios/generated_H2_256C_int8/908-157963-0006_generated.wav | RTF: 0.2821(2.288s / 8.110s) | Generator RTF: 0.2816(2.283s / 8.110s)
generated_audios/generated_H2_256C_int8/908-157963-0007_generated.wav | RTF: 0.2837(9.297s / 32.770s) | Generator RTF: 0.2835(9.289s / 32.770s)
generated_audios/generated_H2_256C_int8/908-157963-0008_generated.wav | RTF: 0.2798(5.583s / 19.950s) | Generator RTF: 0.2796(5.577s / 19.950s)
generated_audios/generated_H2_256C_int8/908-157963-0009_generated.wav | RTF: 0.2828(1.148s / 4.060s) | Generator RTF: 0.2820(1.145s / 4.060s)
generated_audios/generated_H2_256C_int8/908-157963-0010_generated.wav | RTF: 0.0524(0.329s / 6.280s) | Generator RTF: 0.0518(0.325s / 6.280s)
generated_audios/generated_H2_256C_int8/908-157963-0011_generated.wav | RTF: 0.0539(0.560s / 10.395s) | Generator RTF: 0.0535(0.556s / 10.395s)
generated_audios/generated_H2_256C_int8/908-157963-0012_generated.wav | RTF: 0.2849(2.874s / 10.090s) | Generator RTF: 0.2845(2.870s / 10.090s)
generated_audios/generated_H2_256C_int8/908-157963-0013_generated.wav | RTF: 0.0563(0.243s / 4.315s) | Generator RTF: 0.0555(0.240s / 4.315s)
generated_audios/generated_H2_256C_int8/908-157963-0014_generated.wav | RTF: 0.0569(0.257s / 4.520s) | Generator RTF: 0.0561(0.253s / 4.520s)
generated_audios/generated_H2_256C_int8/908-157963-0015_generated.wav | RTF: 0.2785(4.028s / 14.465s) | Generator RTF: 0.2781(4.023s / 14.465s)
generated_audios/generated_H2_256C_int8/908-157963-0016_generated.wav | RTF: 0.0549(0.280s / 5.105s) | Generator RTF: 0.0544(0.278s / 5.105s)
generated_audios/generated_H2_256C_int8/908-157963-0017_generated.wav | RTF: 0.2751(1.362s / 4.950s) | Generator RTF: 0.2744(1.358s / 4.950s)
generated_audios/generated_H2_256C_int8/908-157963-0018_generated.wav | RTF: 0.0526(0.224s / 4.255s) | Generator RTF: 0.0518(0.220s / 4.255s)
generated_audios/generated_H2_256C_int8/908-157963-0019_generated.wav | RTF: 0.2801(6.006s / 21.440s) | Generator RTF: 0.2799(6.001s / 21.440s)
generated_audios/generated_H2_256C_int8/908-157963-0020_generated.wav | RTF: 0.2814(2.758s / 9.800s) | Generator RTF: 0.2810(2.754s / 9.800s)
generated_audios/generated_H2_256C_int8/908-157963-0021_generated.wav | RTF: 0.0541(0.554s / 10.240s) | Generator RTF: 0.0536(0.549s / 10.240s)
generated_audios/generated_H2_256C_int8/908-157963-0022_generated.wav | RTF: 0.2882(1.329s / 4.610s) | Generator RTF: 0.2875(1.325s / 4.610s)
generated_audios/generated_H2_256C_int8/908-157963-0023_generated.wav | RTF: 0.2816(2.710s / 9.625s) | Generator RTF: 0.2812(2.707s / 9.625s)
generated_audios/generated_H2_256C_int8/908-157963-0024_generated.wav | RTF: 0.2821(0.970s / 3.440s) | Generator RTF: 0.2811(0.967s / 3.440s)
generated_audios/generated_H2_256C_int8/908-157963-0025_generated.wav | RTF: 0.2779(2.575s / 9.265s) | Generator RTF: 0.2775(2.571s / 9.265s)
generated_audios/generated_H2_256C_int8/908-157963-0026_generated.wav | RTF: 0.2811(2.277s / 8.100s) | Generator RTF: 0.2808(2.274s / 8.100s)
generated_audios/generated_H2_256C_int8/908-157963-0027_generated.wav | RTF: 0.0509(0.266s / 5.225s) | Generator RTF: 0.0502(0.262s / 5.225s)
generated_audios/generated_H2_256C_int8/908-157963-0028_generated.wav | RTF: 0.0514(0.255s / 4.955s) | Generator RTF: 0.0507(0.251s / 4.955s)
generated_audios/generated_H2_256C_int8/908-157963-0029_generated.wav | RTF: 0.2765(1.004s / 3.630s) | Generator RTF: 0.2755(1.000s / 3.630s)
generated_audios/generated_H2_256C_int8/908-157963-0030_generated.wav | RTF: 0.0526(0.238s / 4.520s) | Generator RTF: 0.0518(0.234s / 4.520s)
generated_audios/generated_H2_256C_int8/908-31957-0000_generated.wav | RTF: 0.2796(0.594s / 2.125s) | Generator RTF: 0.2780(0.591s / 2.125s)
generated_audios/generated_H2_256C_int8/908-31957-0001_generated.wav | RTF: 0.2794(3.162s / 11.315s) | Generator RTF: 0.2792(3.159s / 11.315s)
generated_audios/generated_H2_256C_int8/908-31957-0002_generated.wav | RTF: 0.0564(0.270s / 4.790s) | Generator RTF: 0.0556(0.266s / 4.790s)
generated_audios/generated_H2_256C_int8/908-31957-0003_generated.wav | RTF: 0.0508(0.334s / 6.565s) | Generator RTF: 0.0502(0.329s / 6.565s)
generated_audios/generated_H2_256C_int8/908-31957-0004_generated.wav | RTF: 0.2792(4.120s / 14.755s) | Generator RTF: 0.2789(4.116s / 14.755s)
generated_audios/generated_H2_256C_int8/908-31957-0005_generated.wav | RTF: 0.0579(0.260s / 4.490s) | Generator RTF: 0.0571(0.256s / 4.490s)
generated_audios/generated_H2_256C_int8/908-31957-0006_generated.wav | RTF: 0.2763(1.628s / 5.890s) | Generator RTF: 0.2757(1.624s / 5.890s)
generated_audios/generated_H2_256C_int8/908-31957-0007_generated.wav | RTF: 0.0581(0.337s / 5.800s) | Generator RTF: 0.0574(0.333s / 5.800s)
generated_audios/generated_H2_256C_int8/908-31957-0008_generated.wav | RTF: 0.2787(2.789s / 10.005s) | Generator RTF: 0.2783(2.785s / 10.005s)
generated_audios/generated_H2_256C_int8/908-31957-0009_generated.wav | RTF: 0.2788(2.148s / 7.705s) | Generator RTF: 0.2783(2.144s / 7.705s)
generated_audios/generated_H2_256C_int8/908-31957-0010_generated.wav | RTF: 0.2775(0.696s / 2.510s) | Generator RTF: 0.2762(0.693s / 2.510s)
generated_audios/generated_H2_256C_int8/908-31957-0011_generated.wav | RTF: 0.0603(0.141s / 2.335s) | Generator RTF: 0.0589(0.137s / 2.335s)
generated_audios/generated_H2_256C_int8/908-31957-0012_generated.wav | RTF: 0.2782(2.118s / 7.615s) | Generator RTF: 0.2777(2.114s / 7.615s)
generated_audios/generated_H2_256C_int8/908-31957-0013_generated.wav | RTF: 0.2803(1.732s / 6.180s) | Generator RTF: 0.2796(1.728s / 6.180s)
generated_audios/generated_H2_256C_int8/908-31957-0014_generated.wav | RTF: 0.2765(2.091s / 7.560s) | Generator RTF: 0.2760(2.086s / 7.560s)
generated_audios/generated_H2_256C_int8/908-31957-0015_generated.wav | RTF: 0.2824(6.062s / 21.465s) | Generator RTF: 0.2822(6.057s / 21.465s)
generated_audios/generated_H2_256C_int8/908-31957-0016_generated.wav | RTF: 0.2767(1.793s / 6.480s) | Generator RTF: 0.2763(1.790s / 6.480s)
generated_audios/generated_H2_256C_int8/908-31957-0017_generated.wav | RTF: 0.2791(2.176s / 7.795s) | Generator RTF: 0.2786(2.172s / 7.795s)
generated_audios/generated_H2_256C_int8/908-31957-0018_generated.wav | RTF: 0.2770(1.084s / 3.915s) | Generator RTF: 0.2761(1.081s / 3.915s)
generated_audios/generated_H2_256C_int8/908-31957-0019_generated.wav | RTF: 0.2819(2.689s / 9.540s) | Generator RTF: 0.2815(2.685s / 9.540s)
generated_audios/generated_H2_256C_int8/908-31957-0020_generated.wav | RTF: 0.0506(0.298s / 5.895s) | Generator RTF: 0.0499(0.294s / 5.895s)
generated_audios/generated_H2_256C_int8/908-31957-0021_generated.wav | RTF: 0.2772(3.023s / 10.905s) | Generator RTF: 0.2769(3.019s / 10.905s)
generated_audios/generated_H2_256C_int8/908-31957-0022_generated.wav | RTF: 0.2806(3.957s / 14.100s) | Generator RTF: 0.2803(3.953s / 14.100s)
generated_audios/generated_H2_256C_int8/908-31957-0023_generated.wav | RTF: 0.2770(2.359s / 8.515s) | Generator RTF: 0.2765(2.354s / 8.515s)
generated_audios/generated_H2_256C_int8/908-31957-0024_generated.wav | RTF: 0.2787(2.102s / 7.540s) | Generator RTF: 0.2782(2.098s / 7.540s)
generated_audios/generated_H2_256C_int8/908-31957-0025_generated.wav | RTF: 0.2930(6.024s / 20.560s) | Generator RTF: 0.2928(6.019s / 20.560s)
Average RTF: 0.2063(651.776s / 3159.849s)
Average Generator RTF: 0.2057(649.890s / 3159.849s)
Evaluation summary:
  Mel-spectrogram L1: 0.917148
  PESQ: 1.963060
  STOI: 0.865054
Appended per-audio metrics to CSV: per_audio_results/H2_quantized_no_upsample

Appended metrics to CSV: experiments_results.csv
Appended to experiments_results.csv:
H2_256C_quantized_no_upsample,3556057,5.592,0.2063,0.2057,1.9630599975585938,0.865053689965824,0.9171476626396179
========== Done ==========
=== JOB_STATISTICS ===
=== current date     : Sun Jul  5 02:02:29 PM CEST 2026
= Job-ID             : 1428687 on tinyfat
= Job-Name           : inference_256ch_h1-4
= Job-Command        : /home/hpc/vlbi/vlbi107v/hifi-gan/inference_Test.sh
= Initial workdir    : /home/hpc/vlbi/vlbi107v/hifi-gan
= Queue/Partition    : work
= Slurm account      : vlbi with QOS=normal
= Requested resources:  for 1-00:00:00
= Elapsed runtime    : 00:14:57
= Total RAM usage    : 13.4 GiB of requested  GiB (%)   
= Node list          : tf061
= Subm/Elig/Start/End: 2026-07-05T13:47:29 / 2026-07-05T13:47:29 / 2026-07-05T13:47:32 / 2026-07-05T14:02:29
======================
=== Quota infos ======
    Path                 Used     SoftQ    HardQ    Gracetime  Filec    FileQ    FiHaQ    FileGrace    
    /home/woody           281.2G  1000.0G  1500.0G        N/A     118K   5,000K   7,500K        N/A    
    /home/hpc              91.9G   104.9G   209.7G        N/A      86K     500K   1,000K        N/A    
======================
