/home/woody/vlbi/vlbi107v/miniconda3/envs/hifi-gan/lib/python3.8/site-packages/torch/nn/utils/weight_norm.py:134: FutureWarning: `torch.nn.utils.weight_norm` is deprecated in favor of `torch.nn.utils.parametrizations.weight_norm`.
  WeightNorm.apply(module, name, dim)
/home/woody/vlbi/vlbi107v/miniconda3/envs/hifi-gan/lib/python3.8/site-packages/torch/ao/quantization/observer.py:221: UserWarning: Please use quant_min and quant_max to specify the range for observers.                     reduce_range will be deprecated in a future release of PyTorch.
  warnings.warn(
/home/woody/vlbi/vlbi107v/miniconda3/envs/hifi-gan/lib/python3.8/site-packages/torch/nn/utils/weight_norm.py:134: FutureWarning: `torch.nn.utils.weight_norm` is deprecated in favor of `torch.nn.utils.parametrizations.weight_norm`.
  WeightNorm.apply(module, name, dim)
/home/woody/vlbi/vlbi107v/miniconda3/envs/hifi-gan/lib/python3.8/site-packages/torch/ao/quantization/observer.py:221: UserWarning: Please use quant_min and quant_max to specify the range for observers.                     reduce_range will be deprecated in a future release of PyTorch.
  warnings.warn(
/home/woody/vlbi/vlbi107v/miniconda3/envs/hifi-gan/lib/python3.8/site-packages/torch/nn/utils/weight_norm.py:134: FutureWarning: `torch.nn.utils.weight_norm` is deprecated in favor of `torch.nn.utils.parametrizations.weight_norm`.
  WeightNorm.apply(module, name, dim)
/home/woody/vlbi/vlbi107v/miniconda3/envs/hifi-gan/lib/python3.8/site-packages/torch/ao/quantization/observer.py:221: UserWarning: Please use quant_min and quant_max to specify the range for observers.                     reduce_range will be deprecated in a future release of PyTorch.
  warnings.warn(
/home/woody/vlbi/vlbi107v/miniconda3/envs/hifi-gan/lib/python3.8/site-packages/torch/nn/utils/weight_norm.py:134: FutureWarning: `torch.nn.utils.weight_norm` is deprecated in favor of `torch.nn.utils.parametrizations.weight_norm`.
  WeightNorm.apply(module, name, dim)
/home/woody/vlbi/vlbi107v/miniconda3/envs/hifi-gan/lib/python3.8/site-packages/torch/ao/quantization/observer.py:221: UserWarning: Please use quant_min and quant_max to specify the range for observers.                     reduce_range will be deprecated in a future release of PyTorch.
  warnings.warn(
Traceback (most recent call last):
  File "inference.py", line 531, in <module>
    main()
  File "inference.py", line 527, in main
    inference(a)
  File "inference.py", line 421, in inference
    pesq_scores.append(pesq_fn(16000, ref_16k, gen_16k, "wb"))
  File "/home/woody/vlbi/vlbi107v/miniconda3/envs/hifi-gan/lib/python3.8/site-packages/pesq/_pesq.py", line 114, in pesq
    return _pesq_inner(ref, deg, fs, mode, on_error)
  File "/home/woody/vlbi/vlbi107v/miniconda3/envs/hifi-gan/lib/python3.8/site-packages/pesq/_pesq.py", line 65, in _pesq_inner
    return cypesq(
  File "pesq/cypesq.pyx", line 171, in cypesq.cypesq
  File "pesq/cypesq.pyx", line 181, in cypesq.cypesq
ValueError: cannot convert float NaN to integer
srun: error: tf091: task 0: Exited with exit code 1
srun: Terminating StepId=1423033.3
