### Starting TaskPrologue of job 1428688 on tf062 at Sun Jul  5 01:47:42 PM CEST 2026
Running on cores 0-7,64-71 with governor ondemand
No GPU known
### Finished TaskPrologue

==========(sbatch.tinyfat) Inference: 128 Channels (g_07960000) ==========
========== H2: quantized (INT8 dynamic quantization) ==========
Initializing Inference Process..
Using device: cpu (baseline and quantized inference both run on CPU)
Quantization enabled: forcing CPU inference for INT8 model.
Loading '/home/hpc/vlbi/vlbi107v/hifi-gan/cp_hifigan/v1_c128/g_07960000'
Complete.
Checkpoint contains weight_norm parameters. Keeping weight_norm wrappers for loading...
Removing weight norm...
Calibrating static quantization using 50 samples...
INT8 quantization scope: no_upsample
Checking quantized modules after static quantization:
Quantized module: conv_pre (torch.ao.nn.quantized.modules.conv.Conv1d)
Quantized module: resblocks.0.convs1.0 (torch.ao.nn.quantized.modules.conv.Conv1d)
Quantized module: resblocks.0.convs1.1 (torch.ao.nn.quantized.modules.conv.Conv1d)
Quantized module: resblocks.0.convs1.2 (torch.ao.nn.quantized.modules.conv.Conv1d)
Quantized module: resblocks.0.convs2.0 (torch.ao.nn.quantized.modules.conv.Conv1d)
Quantized module: resblocks.0.convs2.1 (torch.ao.nn.quantized.modules.conv.Conv1d)
Quantized module: resblocks.0.convs2.2 (torch.ao.nn.quantized.modules.conv.Conv1d)
Quantized module: resblocks.1.convs1.0 (torch.ao.nn.quantized.modules.conv.Conv1d)
Quantized module: resblocks.1.convs1.1 (torch.ao.nn.quantized.modules.conv.Conv1d)
Quantized module: resblocks.1.convs1.2 (torch.ao.nn.quantized.modules.conv.Conv1d)
Quantized module: resblocks.1.convs2.0 (torch.ao.nn.quantized.modules.conv.Conv1d)
Quantized module: resblocks.1.convs2.1 (torch.ao.nn.quantized.modules.conv.Conv1d)
Quantized module: resblocks.1.convs2.2 (torch.ao.nn.quantized.modules.conv.Conv1d)
Quantized module: resblocks.2.convs1.0 (torch.ao.nn.quantized.modules.conv.Conv1d)
Quantized module: resblocks.2.convs1.1 (torch.ao.nn.quantized.modules.conv.Conv1d)
Quantized module: resblocks.2.convs1.2 (torch.ao.nn.quantized.modules.conv.Conv1d)
Quantized module: resblocks.2.convs2.0 (torch.ao.nn.quantized.modules.conv.Conv1d)
Quantized module: resblocks.2.convs2.1 (torch.ao.nn.quantized.modules.conv.Conv1d)
Quantized module: resblocks.2.convs2.2 (torch.ao.nn.quantized.modules.conv.Conv1d)
Quantized module: resblocks.3.convs1.0 (torch.ao.nn.quantized.modules.conv.Conv1d)
Quantized module: resblocks.3.convs1.1 (torch.ao.nn.quantized.modules.conv.Conv1d)
Quantized module: resblocks.3.convs1.2 (torch.ao.nn.quantized.modules.conv.Conv1d)
Quantized module: resblocks.3.convs2.0 (torch.ao.nn.quantized.modules.conv.Conv1d)
Quantized module: resblocks.3.convs2.1 (torch.ao.nn.quantized.modules.conv.Conv1d)
Quantized module: resblocks.3.convs2.2 (torch.ao.nn.quantized.modules.conv.Conv1d)
Quantized module: resblocks.4.convs1.0 (torch.ao.nn.quantized.modules.conv.Conv1d)
Quantized module: resblocks.4.convs1.1 (torch.ao.nn.quantized.modules.conv.Conv1d)
Quantized module: resblocks.4.convs1.2 (torch.ao.nn.quantized.modules.conv.Conv1d)
Quantized module: resblocks.4.convs2.0 (torch.ao.nn.quantized.modules.conv.Conv1d)
Quantized module: resblocks.4.convs2.1 (torch.ao.nn.quantized.modules.conv.Conv1d)
Quantized module: resblocks.4.convs2.2 (torch.ao.nn.quantized.modules.conv.Conv1d)
Quantized module: resblocks.5.convs1.0 (torch.ao.nn.quantized.modules.conv.Conv1d)
Quantized module: resblocks.5.convs1.1 (torch.ao.nn.quantized.modules.conv.Conv1d)
Quantized module: resblocks.5.convs1.2 (torch.ao.nn.quantized.modules.conv.Conv1d)
Quantized module: resblocks.5.convs2.0 (torch.ao.nn.quantized.modules.conv.Conv1d)
Quantized module: resblocks.5.convs2.1 (torch.ao.nn.quantized.modules.conv.Conv1d)
Quantized module: resblocks.5.convs2.2 (torch.ao.nn.quantized.modules.conv.Conv1d)
Quantized module: resblocks.6.convs1.0 (torch.ao.nn.quantized.modules.conv.Conv1d)
Quantized module: resblocks.6.convs1.1 (torch.ao.nn.quantized.modules.conv.Conv1d)
Quantized module: resblocks.6.convs1.2 (torch.ao.nn.quantized.modules.conv.Conv1d)
Quantized module: resblocks.6.convs2.0 (torch.ao.nn.quantized.modules.conv.Conv1d)
Quantized module: resblocks.6.convs2.1 (torch.ao.nn.quantized.modules.conv.Conv1d)
Quantized module: resblocks.6.convs2.2 (torch.ao.nn.quantized.modules.conv.Conv1d)
Quantized module: resblocks.7.convs1.0 (torch.ao.nn.quantized.modules.conv.Conv1d)
Quantized module: resblocks.7.convs1.1 (torch.ao.nn.quantized.modules.conv.Conv1d)
Quantized module: resblocks.7.convs1.2 (torch.ao.nn.quantized.modules.conv.Conv1d)
Quantized module: resblocks.7.convs2.0 (torch.ao.nn.quantized.modules.conv.Conv1d)
Quantized module: resblocks.7.convs2.1 (torch.ao.nn.quantized.modules.conv.Conv1d)
Quantized module: resblocks.7.convs2.2 (torch.ao.nn.quantized.modules.conv.Conv1d)
Quantized module: resblocks.8.convs1.0 (torch.ao.nn.quantized.modules.conv.Conv1d)
Quantized module: resblocks.8.convs1.1 (torch.ao.nn.quantized.modules.conv.Conv1d)
Quantized module: resblocks.8.convs1.2 (torch.ao.nn.quantized.modules.conv.Conv1d)
Quantized module: resblocks.8.convs2.0 (torch.ao.nn.quantized.modules.conv.Conv1d)
Quantized module: resblocks.8.convs2.1 (torch.ao.nn.quantized.modules.conv.Conv1d)
Quantized module: resblocks.8.convs2.2 (torch.ao.nn.quantized.modules.conv.Conv1d)
Quantized module: resblocks.9.convs1.0 (torch.ao.nn.quantized.modules.conv.Conv1d)
Quantized module: resblocks.9.convs1.1 (torch.ao.nn.quantized.modules.conv.Conv1d)
Quantized module: resblocks.9.convs1.2 (torch.ao.nn.quantized.modules.conv.Conv1d)
Quantized module: resblocks.9.convs2.0 (torch.ao.nn.quantized.modules.conv.Conv1d)
Quantized module: resblocks.9.convs2.1 (torch.ao.nn.quantized.modules.conv.Conv1d)
Quantized module: resblocks.9.convs2.2 (torch.ao.nn.quantized.modules.conv.Conv1d)
Quantized module: resblocks.10.convs1.0 (torch.ao.nn.quantized.modules.conv.Conv1d)
Quantized module: resblocks.10.convs1.1 (torch.ao.nn.quantized.modules.conv.Conv1d)
Quantized module: resblocks.10.convs1.2 (torch.ao.nn.quantized.modules.conv.Conv1d)
Quantized module: resblocks.10.convs2.0 (torch.ao.nn.quantized.modules.conv.Conv1d)
Quantized module: resblocks.10.convs2.1 (torch.ao.nn.quantized.modules.conv.Conv1d)
Quantized module: resblocks.10.convs2.2 (torch.ao.nn.quantized.modules.conv.Conv1d)
Quantized module: resblocks.11.convs1.0 (torch.ao.nn.quantized.modules.conv.Conv1d)
Quantized module: resblocks.11.convs1.1 (torch.ao.nn.quantized.modules.conv.Conv1d)
Quantized module: resblocks.11.convs1.2 (torch.ao.nn.quantized.modules.conv.Conv1d)
Quantized module: resblocks.11.convs2.0 (torch.ao.nn.quantized.modules.conv.Conv1d)
Quantized module: resblocks.11.convs2.1 (torch.ao.nn.quantized.modules.conv.Conv1d)
Quantized module: resblocks.11.convs2.2 (torch.ao.nn.quantized.modules.conv.Conv1d)
Quantized module: conv_post (torch.ao.nn.quantized.modules.conv.Conv1d)
Saving checkpoint to /home/hpc/vlbi/vlbi107v/hifi-gan/cp_hifigan/v1_c128/compressed_checkpoint_int8
Complete.
Saved compressed checkpoint: /home/hpc/vlbi/vlbi107v/hifi-gan/cp_hifigan/v1_c128/compressed_checkpoint_int8 (1.613 MB)
Compressed checkpoint parameters: 926,393
Loaded checkpoint: /home/hpc/vlbi/vlbi107v/hifi-gan/cp_hifigan/v1_c128/g_07960000 (3.617 MB)
Generator parameters: 926,393
generated_audios/generated_H2_128C_int8/1089-134686-0000_generated.wav | RTF: 0.0274(0.286s / 10.435s) | Generator RTF: 0.0271(0.282s / 10.435s)
generated_audios/generated_H2_128C_int8/1089-134686-0001_generated.wav | RTF: 0.0339(0.111s / 3.275s) | Generator RTF: 0.0331(0.108s / 3.275s)
generated_audios/generated_H2_128C_int8/1089-134686-0002_generated.wav | RTF: 0.0313(0.207s / 6.625s) | Generator RTF: 0.0307(0.204s / 6.625s)
generated_audios/generated_H2_128C_int8/1089-134686-0003_generated.wav | RTF: 0.0314(0.084s / 2.680s) | Generator RTF: 0.0302(0.081s / 2.680s)
generated_audios/generated_H2_128C_int8/1089-134686-0004_generated.wav | RTF: 0.0279(0.146s / 5.215s) | Generator RTF: 0.0274(0.143s / 5.215s)
generated_audios/generated_H2_128C_int8/1089-134686-0005_generated.wav | RTF: 0.0265(0.255s / 9.635s) | Generator RTF: 0.0261(0.251s / 9.635s)
generated_audios/generated_H2_128C_int8/1089-134686-0006_generated.wav | RTF: 0.0284(0.300s / 10.555s) | Generator RTF: 0.0281(0.296s / 10.555s)
generated_audios/generated_H2_128C_int8/1089-134686-0007_generated.wav | RTF: 0.0287(0.123s / 4.275s) | Generator RTF: 0.0279(0.119s / 4.275s)
generated_audios/generated_H2_128C_int8/1089-134686-0008_generated.wav | RTF: 0.0245(0.165s / 6.730s) | Generator RTF: 0.0239(0.161s / 6.730s)
generated_audios/generated_H2_128C_int8/1089-134686-0009_generated.wav | RTF: 0.0266(0.281s / 10.575s) | Generator RTF: 0.0262(0.277s / 10.575s)
generated_audios/generated_H2_128C_int8/1089-134686-0010_generated.wav | RTF: 0.0285(0.126s / 4.405s) | Generator RTF: 0.0278(0.122s / 4.405s)
generated_audios/generated_H2_128C_int8/1089-134686-0011_generated.wav | RTF: 0.0271(0.337s / 12.445s) | Generator RTF: 0.0268(0.333s / 12.445s)
generated_audios/generated_H2_128C_int8/1089-134686-0012_generated.wav | RTF: 0.0299(0.348s / 11.640s) | Generator RTF: 0.0295(0.344s / 11.640s)
generated_audios/generated_H2_128C_int8/1089-134686-0013_generated.wav | RTF: 0.0285(0.226s / 7.915s) | Generator RTF: 0.0280(0.221s / 7.915s)
generated_audios/generated_H2_128C_int8/1089-134686-0014_generated.wav | RTF: 0.0324(0.072s / 2.225s) | Generator RTF: 0.0310(0.069s / 2.225s)
generated_audios/generated_H2_128C_int8/1089-134686-0015_generated.wav | RTF: 0.0270(0.157s / 5.815s) | Generator RTF: 0.0264(0.153s / 5.815s)
generated_audios/generated_H2_128C_int8/1089-134686-0016_generated.wav | RTF: 0.0294(0.104s / 3.540s) | Generator RTF: 0.0285(0.101s / 3.540s)
generated_audios/generated_H2_128C_int8/1089-134686-0017_generated.wav | RTF: 0.0264(0.234s / 8.870s) | Generator RTF: 0.0260(0.230s / 8.870s)
generated_audios/generated_H2_128C_int8/1089-134686-0018_generated.wav | RTF: 0.0258(0.406s / 15.720s) | Generator RTF: 0.0255(0.401s / 15.720s)
generated_audios/generated_H2_128C_int8/1089-134686-0019_generated.wav | RTF: 0.0261(0.363s / 13.895s) | Generator RTF: 0.0258(0.358s / 13.895s)
generated_audios/generated_H2_128C_int8/1089-134686-0020_generated.wav | RTF: 0.0276(0.463s / 16.790s) | Generator RTF: 0.0273(0.458s / 16.790s)
generated_audios/generated_H2_128C_int8/1089-134686-0021_generated.wav | RTF: 0.0295(0.193s / 6.550s) | Generator RTF: 0.0290(0.190s / 6.550s)
generated_audios/generated_H2_128C_int8/1089-134686-0022_generated.wav | RTF: 0.0261(0.292s / 11.175s) | Generator RTF: 0.0258(0.288s / 11.175s)
generated_audios/generated_H2_128C_int8/1089-134686-0023_generated.wav | RTF: 0.0277(0.368s / 13.275s) | Generator RTF: 0.0274(0.363s / 13.275s)
generated_audios/generated_H2_128C_int8/1089-134686-0024_generated.wav | RTF: 0.0266(0.310s / 11.655s) | Generator RTF: 0.0262(0.305s / 11.655s)
generated_audios/generated_H2_128C_int8/1089-134686-0025_generated.wav | RTF: 0.0277(0.183s / 6.610s) | Generator RTF: 0.0271(0.179s / 6.610s)
generated_audios/generated_H2_128C_int8/1089-134686-0026_generated.wav | RTF: 0.0326(0.131s / 4.010s) | Generator RTF: 0.0318(0.127s / 4.010s)
generated_audios/generated_H2_128C_int8/1089-134686-0027_generated.wav | RTF: 0.0320(0.087s / 2.710s) | Generator RTF: 0.0309(0.084s / 2.710s)
generated_audios/generated_H2_128C_int8/1089-134686-0028_generated.wav | RTF: 0.0271(0.212s / 7.830s) | Generator RTF: 0.0267(0.209s / 7.830s)
generated_audios/generated_H2_128C_int8/1089-134686-0029_generated.wav | RTF: 0.0318(0.149s / 4.670s) | Generator RTF: 0.0311(0.145s / 4.670s)
generated_audios/generated_H2_128C_int8/1089-134686-0030_generated.wav | RTF: 0.0287(0.078s / 2.715s) | Generator RTF: 0.0278(0.075s / 2.715s)
generated_audios/generated_H2_128C_int8/1089-134686-0031_generated.wav | RTF: 0.0248(0.164s / 6.615s) | Generator RTF: 0.0243(0.161s / 6.615s)
generated_audios/generated_H2_128C_int8/121-121726-0000_generated.wav | RTF: 0.0269(0.228s / 8.460s) | Generator RTF: 0.0264(0.224s / 8.460s)
generated_audios/generated_H2_128C_int8/121-121726-0001_generated.wav | RTF: 0.0317(0.188s / 5.925s) | Generator RTF: 0.0311(0.184s / 5.925s)
generated_audios/generated_H2_128C_int8/121-121726-0002_generated.wav | RTF: 0.0263(0.116s / 4.410s) | Generator RTF: 0.0256(0.113s / 4.410s)
generated_audios/generated_H2_128C_int8/121-121726-0003_generated.wav | RTF: 0.0275(0.186s / 6.755s) | Generator RTF: 0.0270(0.183s / 6.755s)
generated_audios/generated_H2_128C_int8/121-121726-0004_generated.wav | RTF: 0.0288(0.116s / 4.020s) | Generator RTF: 0.0280(0.113s / 4.020s)
generated_audios/generated_H2_128C_int8/121-121726-0005_generated.wav | RTF: 0.0301(0.093s / 3.100s) | Generator RTF: 0.0290(0.090s / 3.100s)
generated_audios/generated_H2_128C_int8/121-121726-0006_generated.wav | RTF: 0.0293(0.114s / 3.895s) | Generator RTF: 0.0285(0.111s / 3.895s)
generated_audios/generated_H2_128C_int8/121-121726-0007_generated.wav | RTF: 0.0246(0.165s / 6.730s) | Generator RTF: 0.0240(0.162s / 6.730s)
generated_audios/generated_H2_128C_int8/121-121726-0008_generated.wav | RTF: 0.0317(0.158s / 4.990s) | Generator RTF: 0.0310(0.154s / 4.990s)
generated_audios/generated_H2_128C_int8/121-121726-0009_generated.wav | RTF: 0.0274(0.199s / 7.260s) | Generator RTF: 0.0269(0.195s / 7.260s)
generated_audios/generated_H2_128C_int8/121-121726-0010_generated.wav | RTF: 0.0265(0.260s / 9.810s) | Generator RTF: 0.0261(0.256s / 9.810s)
generated_audios/generated_H2_128C_int8/121-121726-0011_generated.wav | RTF: 0.0288(0.116s / 4.035s) | Generator RTF: 0.0280(0.113s / 4.035s)
generated_audios/generated_H2_128C_int8/121-121726-0012_generated.wav | RTF: 0.0304(0.123s / 4.045s) | Generator RTF: 0.0296(0.120s / 4.045s)
generated_audios/generated_H2_128C_int8/121-121726-0013_generated.wav | RTF: 0.0286(0.071s / 2.490s) | Generator RTF: 0.0275(0.069s / 2.490s)
generated_audios/generated_H2_128C_int8/121-121726-0014_generated.wav | RTF: 0.0271(0.086s / 3.165s) | Generator RTF: 0.0261(0.083s / 3.165s)
generated_audios/generated_H2_128C_int8/121-123852-0000_generated.wav | RTF: 0.0234(0.414s / 17.695s) | Generator RTF: 0.0231(0.409s / 17.695s)
generated_audios/generated_H2_128C_int8/121-123852-0001_generated.wav | RTF: 0.0313(0.059s / 1.870s) | Generator RTF: 0.0296(0.055s / 1.870s)
generated_audios/generated_H2_128C_int8/121-123852-0002_generated.wav | RTF: 0.0240(0.415s / 17.285s) | Generator RTF: 0.0238(0.411s / 17.285s)
generated_audios/generated_H2_128C_int8/121-123852-0003_generated.wav | RTF: 0.3012(7.079s / 23.505s) | Generator RTF: 0.3009(7.073s / 23.505s)
generated_audios/generated_H2_128C_int8/121-123852-0004_generated.wav | RTF: 0.2768(4.510s / 16.290s) | Generator RTF: 0.2766(4.505s / 16.290s)
generated_audios/generated_H2_128C_int8/121-123859-0000_generated.wav | RTF: 0.2641(4.593s / 17.390s) | Generator RTF: 0.2639(4.589s / 17.390s)
generated_audios/generated_H2_128C_int8/121-123859-0001_generated.wav | RTF: 0.2653(6.737s / 25.395s) | Generator RTF: 0.2650(6.731s / 25.395s)
generated_audios/generated_H2_128C_int8/121-123859-0002_generated.wav | RTF: 0.2781(8.355s / 30.040s) | Generator RTF: 0.2779(8.349s / 30.040s)
generated_audios/generated_H2_128C_int8/121-123859-0003_generated.wav | RTF: 0.2553(2.763s / 10.825s) | Generator RTF: 0.2549(2.759s / 10.825s)
generated_audios/generated_H2_128C_int8/121-123859-0004_generated.wav | RTF: 0.2618(2.488s / 9.505s) | Generator RTF: 0.2614(2.485s / 9.505s)
generated_audios/generated_H2_128C_int8/121-127105-0000_generated.wav | RTF: 0.2564(2.532s / 9.875s) | Generator RTF: 0.2560(2.528s / 9.875s)
generated_audios/generated_H2_128C_int8/121-127105-0001_generated.wav | RTF: 0.2409(1.210s / 5.025s) | Generator RTF: 0.2403(1.208s / 5.025s)
generated_audios/generated_H2_128C_int8/121-127105-0002_generated.wav | RTF: 0.2440(1.829s / 7.495s) | Generator RTF: 0.2435(1.825s / 7.495s)
generated_audios/generated_H2_128C_int8/121-127105-0003_generated.wav | RTF: 0.2525(1.950s / 7.725s) | Generator RTF: 0.2520(1.946s / 7.725s)
generated_audios/generated_H2_128C_int8/121-127105-0004_generated.wav | RTF: 0.2518(0.531s / 2.110s) | Generator RTF: 0.2503(0.528s / 2.110s)
generated_audios/generated_H2_128C_int8/121-127105-0005_generated.wav | RTF: 0.2441(1.421s / 5.820s) | Generator RTF: 0.2435(1.417s / 5.820s)
generated_audios/generated_H2_128C_int8/121-127105-0006_generated.wav | RTF: 0.2542(1.201s / 4.725s) | Generator RTF: 0.2534(1.197s / 4.725s)
generated_audios/generated_H2_128C_int8/121-127105-0007_generated.wav | RTF: 0.2448(1.418s / 5.790s) | Generator RTF: 0.2442(1.414s / 5.790s)
generated_audios/generated_H2_128C_int8/121-127105-0008_generated.wav | RTF: 0.2485(0.686s / 2.760s) | Generator RTF: 0.2472(0.682s / 2.760s)
generated_audios/generated_H2_128C_int8/121-127105-0009_generated.wav | RTF: 0.2547(0.583s / 2.290s) | Generator RTF: 0.2530(0.579s / 2.290s)
generated_audios/generated_H2_128C_int8/121-127105-0010_generated.wav | RTF: 0.2489(0.709s / 2.850s) | Generator RTF: 0.2477(0.706s / 2.850s)
generated_audios/generated_H2_128C_int8/121-127105-0011_generated.wav | RTF: 0.2531(1.463s / 5.780s) | Generator RTF: 0.2525(1.459s / 5.780s)
generated_audios/generated_H2_128C_int8/121-127105-0012_generated.wav | RTF: 0.2585(1.248s / 4.830s) | Generator RTF: 0.2579(1.245s / 4.830s)
generated_audios/generated_H2_128C_int8/121-127105-0013_generated.wav | RTF: 0.2452(1.445s / 5.895s) | Generator RTF: 0.2446(1.442s / 5.895s)
generated_audios/generated_H2_128C_int8/121-127105-0014_generated.wav | RTF: 0.2386(0.538s / 2.255s) | Generator RTF: 0.2373(0.535s / 2.255s)
generated_audios/generated_H2_128C_int8/121-127105-0015_generated.wav | RTF: 0.2540(0.752s / 2.960s) | Generator RTF: 0.2529(0.749s / 2.960s)
generated_audios/generated_H2_128C_int8/121-127105-0016_generated.wav | RTF: 0.2438(0.495s / 2.030s) | Generator RTF: 0.2424(0.492s / 2.030s)
generated_audios/generated_H2_128C_int8/121-127105-0017_generated.wav | RTF: 0.2521(0.679s / 2.695s) | Generator RTF: 0.2508(0.676s / 2.695s)
generated_audios/generated_H2_128C_int8/121-127105-0018_generated.wav | RTF: 0.2530(0.701s / 2.770s) | Generator RTF: 0.2519(0.698s / 2.770s)
generated_audios/generated_H2_128C_int8/121-127105-0019_generated.wav | RTF: 0.2438(0.859s / 3.525s) | Generator RTF: 0.2428(0.856s / 3.525s)
generated_audios/generated_H2_128C_int8/121-127105-0020_generated.wav | RTF: 0.2678(3.844s / 14.355s) | Generator RTF: 0.2675(3.840s / 14.355s)
generated_audios/generated_H2_128C_int8/121-127105-0021_generated.wav | RTF: 0.2436(0.487s / 2.000s) | Generator RTF: 0.2420(0.484s / 2.000s)
generated_audios/generated_H2_128C_int8/121-127105-0022_generated.wav | RTF: 0.2515(1.276s / 5.075s) | Generator RTF: 0.2508(1.273s / 5.075s)
generated_audios/generated_H2_128C_int8/121-127105-0023_generated.wav | RTF: 0.2440(2.662s / 10.910s) | Generator RTF: 0.2437(2.659s / 10.910s)
generated_audios/generated_H2_128C_int8/121-127105-0024_generated.wav | RTF: 0.2831(4.091s / 14.450s) | Generator RTF: 0.2828(4.087s / 14.450s)
generated_audios/generated_H2_128C_int8/121-127105-0025_generated.wav | RTF: 0.2645(4.249s / 16.065s) | Generator RTF: 0.2642(4.245s / 16.065s)
generated_audios/generated_H2_128C_int8/121-127105-0026_generated.wav | RTF: 0.2426(1.827s / 7.530s) | Generator RTF: 0.2421(1.823s / 7.530s)
generated_audios/generated_H2_128C_int8/121-127105-0027_generated.wav | RTF: 0.2678(3.715s / 13.870s) | Generator RTF: 0.2675(3.710s / 13.870s)
generated_audios/generated_H2_128C_int8/121-127105-0028_generated.wav | RTF: 0.0244(0.165s / 6.750s) | Generator RTF: 0.0238(0.160s / 6.750s)
generated_audios/generated_H2_128C_int8/121-127105-0029_generated.wav | RTF: 0.2542(1.858s / 7.310s) | Generator RTF: 0.2538(1.855s / 7.310s)
generated_audios/generated_H2_128C_int8/121-127105-0030_generated.wav | RTF: 0.2450(0.533s / 2.175s) | Generator RTF: 0.2435(0.530s / 2.175s)
generated_audios/generated_H2_128C_int8/121-127105-0031_generated.wav | RTF: 0.2403(2.587s / 10.765s) | Generator RTF: 0.2400(2.584s / 10.765s)
generated_audios/generated_H2_128C_int8/121-127105-0032_generated.wav | RTF: 0.2363(0.749s / 3.170s) | Generator RTF: 0.2353(0.746s / 3.170s)
generated_audios/generated_H2_128C_int8/121-127105-0033_generated.wav | RTF: 0.2507(0.591s / 2.355s) | Generator RTF: 0.2494(0.587s / 2.355s)
generated_audios/generated_H2_128C_int8/121-127105-0034_generated.wav | RTF: 0.2576(1.909s / 7.410s) | Generator RTF: 0.2571(1.905s / 7.410s)
generated_audios/generated_H2_128C_int8/121-127105-0035_generated.wav | RTF: 0.2694(3.812s / 14.150s) | Generator RTF: 0.2691(3.807s / 14.150s)
generated_audios/generated_H2_128C_int8/121-127105-0036_generated.wav | RTF: 0.2355(0.977s / 4.150s) | Generator RTF: 0.2347(0.974s / 4.150s)
generated_audios/generated_H2_128C_int8/237-126133-0000_generated.wav | RTF: 0.2841(3.776s / 13.290s) | Generator RTF: 0.2838(3.772s / 13.290s)
generated_audios/generated_H2_128C_int8/237-126133-0001_generated.wav | RTF: 0.2948(3.527s / 11.965s) | Generator RTF: 0.2944(3.523s / 11.965s)
generated_audios/generated_H2_128C_int8/237-126133-0002_generated.wav | RTF: 0.2450(2.185s / 8.920s) | Generator RTF: 0.2446(2.182s / 8.920s)
generated_audios/generated_H2_128C_int8/237-126133-0003_generated.wav | RTF: 0.2546(1.670s / 6.560s) | Generator RTF: 0.2541(1.667s / 6.560s)
generated_audios/generated_H2_128C_int8/237-126133-0004_generated.wav | RTF: 0.2590(0.853s / 3.295s) | Generator RTF: 0.2580(0.850s / 3.295s)
generated_audios/generated_H2_128C_int8/237-126133-0005_generated.wav | RTF: 0.2572(1.674s / 6.510s) | Generator RTF: 0.2567(1.671s / 6.510s)
generated_audios/generated_H2_128C_int8/237-126133-0006_generated.wav | RTF: 0.2536(1.560s / 6.150s) | Generator RTF: 0.2530(1.556s / 6.150s)
generated_audios/generated_H2_128C_int8/237-126133-0007_generated.wav | RTF: 0.2425(2.105s / 8.680s) | Generator RTF: 0.2421(2.101s / 8.680s)
generated_audios/generated_H2_128C_int8/237-126133-0008_generated.wav | RTF: 0.2553(0.987s / 3.865s) | Generator RTF: 0.2543(0.983s / 3.865s)
generated_audios/generated_H2_128C_int8/237-126133-0009_generated.wav | RTF: 0.2509(0.996s / 3.970s) | Generator RTF: 0.2501(0.993s / 3.970s)
generated_audios/generated_H2_128C_int8/237-126133-0010_generated.wav | RTF: 0.2451(1.530s / 6.240s) | Generator RTF: 0.2446(1.526s / 6.240s)
generated_audios/generated_H2_128C_int8/237-126133-0011_generated.wav | RTF: 0.2608(1.750s / 6.710s) | Generator RTF: 0.2602(1.746s / 6.710s)
generated_audios/generated_H2_128C_int8/237-126133-0012_generated.wav | RTF: 0.2598(1.156s / 4.450s) | Generator RTF: 0.2591(1.153s / 4.450s)
generated_audios/generated_H2_128C_int8/237-126133-0013_generated.wav | RTF: 0.2589(1.765s / 6.815s) | Generator RTF: 0.2584(1.761s / 6.815s)
generated_audios/generated_H2_128C_int8/237-126133-0014_generated.wav | RTF: 0.2568(1.744s / 6.790s) | Generator RTF: 0.2562(1.740s / 6.790s)
generated_audios/generated_H2_128C_int8/237-126133-0015_generated.wav | RTF: 0.2459(2.297s / 9.340s) | Generator RTF: 0.2454(2.292s / 9.340s)
generated_audios/generated_H2_128C_int8/237-126133-0016_generated.wav | RTF: 0.2486(1.057s / 4.250s) | Generator RTF: 0.2479(1.053s / 4.250s)
generated_audios/generated_H2_128C_int8/237-126133-0017_generated.wav | RTF: 0.2451(1.522s / 6.210s) | Generator RTF: 0.2445(1.518s / 6.210s)
generated_audios/generated_H2_128C_int8/237-126133-0018_generated.wav | RTF: 0.2586(1.059s / 4.095s) | Generator RTF: 0.2577(1.055s / 4.095s)
generated_audios/generated_H2_128C_int8/237-126133-0019_generated.wav | RTF: 0.2623(1.867s / 7.120s) | Generator RTF: 0.2617(1.864s / 7.120s)
generated_audios/generated_H2_128C_int8/237-126133-0020_generated.wav | RTF: 0.2425(0.543s / 2.240s) | Generator RTF: 0.2412(0.540s / 2.240s)
generated_audios/generated_H2_128C_int8/237-126133-0021_generated.wav | RTF: 0.2418(1.056s / 4.365s) | Generator RTF: 0.2410(1.052s / 4.365s)
generated_audios/generated_H2_128C_int8/237-126133-0022_generated.wav | RTF: 0.2580(1.300s / 5.040s) | Generator RTF: 0.2573(1.297s / 5.040s)
generated_audios/generated_H2_128C_int8/237-126133-0023_generated.wav | RTF: 0.2566(1.713s / 6.675s) | Generator RTF: 0.2561(1.709s / 6.675s)
generated_audios/generated_H2_128C_int8/237-126133-0024_generated.wav | RTF: 0.2585(2.498s / 9.665s) | Generator RTF: 0.2581(2.495s / 9.665s)
generated_audios/generated_H2_128C_int8/237-126133-0025_generated.wav | RTF: 0.2508(0.942s / 3.755s) | Generator RTF: 0.2498(0.938s / 3.755s)
generated_audios/generated_H2_128C_int8/237-134493-0000_generated.wav | RTF: 0.2637(1.083s / 4.105s) | Generator RTF: 0.2629(1.079s / 4.105s)
generated_audios/generated_H2_128C_int8/237-134493-0001_generated.wav | RTF: 0.2559(1.889s / 7.380s) | Generator RTF: 0.2554(1.885s / 7.380s)
generated_audios/generated_H2_128C_int8/237-134493-0002_generated.wav | RTF: 0.2700(3.076s / 11.395s) | Generator RTF: 0.2696(3.072s / 11.395s)
generated_audios/generated_H2_128C_int8/237-134493-0003_generated.wav | RTF: 0.2781(3.549s / 12.765s) | Generator RTF: 0.2777(3.545s / 12.765s)
generated_audios/generated_H2_128C_int8/237-134493-0004_generated.wav | RTF: 0.2610(1.781s / 6.825s) | Generator RTF: 0.2604(1.777s / 6.825s)
generated_audios/generated_H2_128C_int8/237-134493-0005_generated.wav | RTF: 0.2471(2.705s / 10.945s) | Generator RTF: 0.2467(2.700s / 10.945s)
generated_audios/generated_H2_128C_int8/237-134493-0006_generated.wav | RTF: 0.2423(1.065s / 4.395s) | Generator RTF: 0.2417(1.062s / 4.395s)
generated_audios/generated_H2_128C_int8/237-134493-0007_generated.wav | RTF: 0.2413(0.491s / 2.035s) | Generator RTF: 0.2401(0.489s / 2.035s)
generated_audios/generated_H2_128C_int8/237-134493-0008_generated.wav | RTF: 0.2387(0.550s / 2.305s) | Generator RTF: 0.2376(0.548s / 2.305s)
generated_audios/generated_H2_128C_int8/237-134493-0009_generated.wav | RTF: 0.2576(0.766s / 2.975s) | Generator RTF: 0.2564(0.763s / 2.975s)
generated_audios/generated_H2_128C_int8/237-134493-0010_generated.wav | RTF: 0.2517(0.724s / 2.875s) | Generator RTF: 0.2505(0.720s / 2.875s)
generated_audios/generated_H2_128C_int8/237-134493-0011_generated.wav | RTF: 0.2647(1.333s / 5.035s) | Generator RTF: 0.2640(1.329s / 5.035s)
generated_audios/generated_H2_128C_int8/237-134493-0012_generated.wav | RTF: 0.2419(0.885s / 3.660s) | Generator RTF: 0.2411(0.882s / 3.660s)
generated_audios/generated_H2_128C_int8/237-134493-0013_generated.wav | RTF: 0.0269(0.110s / 4.090s) | Generator RTF: 0.0261(0.107s / 4.090s)
generated_audios/generated_H2_128C_int8/237-134493-0014_generated.wav | RTF: 0.2461(0.911s / 3.700s) | Generator RTF: 0.2452(0.907s / 3.700s)
generated_audios/generated_H2_128C_int8/237-134493-0015_generated.wav | RTF: 0.0293(0.192s / 6.550s) | Generator RTF: 0.0288(0.189s / 6.550s)
generated_audios/generated_H2_128C_int8/237-134493-0016_generated.wav | RTF: 0.2582(2.604s / 10.085s) | Generator RTF: 0.2578(2.600s / 10.085s)
generated_audios/generated_H2_128C_int8/237-134493-0017_generated.wav | RTF: 0.2570(2.340s / 9.105s) | Generator RTF: 0.2566(2.337s / 9.105s)
generated_audios/generated_H2_128C_int8/237-134493-0018_generated.wav | RTF: 0.2542(1.218s / 4.790s) | Generator RTF: 0.2534(1.214s / 4.790s)
generated_audios/generated_H2_128C_int8/237-134500-0000_generated.wav | RTF: 0.2526(1.549s / 6.130s) | Generator RTF: 0.2520(1.545s / 6.130s)
generated_audios/generated_H2_128C_int8/237-134500-0001_generated.wav | RTF: 0.2360(0.427s / 1.810s) | Generator RTF: 0.2342(0.424s / 1.810s)
generated_audios/generated_H2_128C_int8/237-134500-0002_generated.wav | RTF: 0.2554(1.295s / 5.070s) | Generator RTF: 0.2547(1.292s / 5.070s)
generated_audios/generated_H2_128C_int8/237-134500-0003_generated.wav | RTF: 0.0277(0.088s / 3.170s) | Generator RTF: 0.0266(0.084s / 3.170s)
generated_audios/generated_H2_128C_int8/237-134500-0004_generated.wav | RTF: 0.0329(0.073s / 2.225s) | Generator RTF: 0.0315(0.070s / 2.225s)
generated_audios/generated_H2_128C_int8/237-134500-0005_generated.wav | RTF: 0.2478(0.592s / 2.390s) | Generator RTF: 0.2464(0.589s / 2.390s)
generated_audios/generated_H2_128C_int8/237-134500-0006_generated.wav | RTF: 0.2409(1.018s / 4.225s) | Generator RTF: 0.2401(1.015s / 4.225s)
generated_audios/generated_H2_128C_int8/237-134500-0007_generated.wav | RTF: 0.0287(0.069s / 2.390s) | Generator RTF: 0.0274(0.065s / 2.390s)
generated_audios/generated_H2_128C_int8/237-134500-0008_generated.wav | RTF: 0.0260(0.098s / 3.760s) | Generator RTF: 0.0252(0.095s / 3.760s)
generated_audios/generated_H2_128C_int8/237-134500-0009_generated.wav | RTF: 0.0297(0.066s / 2.220s) | Generator RTF: 0.0282(0.063s / 2.220s)
generated_audios/generated_H2_128C_int8/237-134500-0010_generated.wav | RTF: 0.2564(1.024s / 3.995s) | Generator RTF: 0.2555(1.021s / 3.995s)
generated_audios/generated_H2_128C_int8/237-134500-0011_generated.wav | RTF: 0.2440(0.817s / 3.350s) | Generator RTF: 0.2420(0.811s / 3.350s)
generated_audios/generated_H2_128C_int8/237-134500-0012_generated.wav | RTF: 0.2604(2.847s / 10.935s) | Generator RTF: 0.2601(2.844s / 10.935s)
generated_audios/generated_H2_128C_int8/237-134500-0013_generated.wav | RTF: 0.0280(0.296s / 10.560s) | Generator RTF: 0.0276(0.291s / 10.560s)
generated_audios/generated_H2_128C_int8/237-134500-0014_generated.wav | RTF: 0.0260(0.111s / 4.250s) | Generator RTF: 0.0253(0.108s / 4.250s)
generated_audios/generated_H2_128C_int8/237-134500-0015_generated.wav | RTF: 0.2552(2.760s / 10.815s) | Generator RTF: 0.2548(2.756s / 10.815s)
generated_audios/generated_H2_128C_int8/237-134500-0016_generated.wav | RTF: 0.0300(0.095s / 3.160s) | Generator RTF: 0.0290(0.092s / 3.160s)
generated_audios/generated_H2_128C_int8/237-134500-0017_generated.wav | RTF: 0.0295(0.064s / 2.180s) | Generator RTF: 0.0281(0.061s / 2.180s)
generated_audios/generated_H2_128C_int8/237-134500-0018_generated.wav | RTF: 0.2828(3.633s / 12.845s) | Generator RTF: 0.2825(3.629s / 12.845s)
generated_audios/generated_H2_128C_int8/237-134500-0019_generated.wav | RTF: 0.2420(0.692s / 2.860s) | Generator RTF: 0.2407(0.689s / 2.860s)
generated_audios/generated_H2_128C_int8/237-134500-0020_generated.wav | RTF: 0.0295(0.064s / 2.180s) | Generator RTF: 0.0281(0.061s / 2.180s)
generated_audios/generated_H2_128C_int8/237-134500-0021_generated.wav | RTF: 0.2408(1.233s / 5.120s) | Generator RTF: 0.2402(1.230s / 5.120s)
generated_audios/generated_H2_128C_int8/237-134500-0022_generated.wav | RTF: 0.2455(1.268s / 5.165s) | Generator RTF: 0.2449(1.265s / 5.165s)
generated_audios/generated_H2_128C_int8/237-134500-0023_generated.wav | RTF: 0.2573(0.787s / 3.060s) | Generator RTF: 0.2562(0.784s / 3.060s)
generated_audios/generated_H2_128C_int8/237-134500-0024_generated.wav | RTF: 0.0282(0.124s / 4.410s) | Generator RTF: 0.0275(0.121s / 4.410s)
generated_audios/generated_H2_128C_int8/237-134500-0025_generated.wav | RTF: 0.2381(0.388s / 1.630s) | Generator RTF: 0.2362(0.385s / 1.630s)
generated_audios/generated_H2_128C_int8/237-134500-0026_generated.wav | RTF: 0.2538(0.774s / 3.050s) | Generator RTF: 0.2528(0.771s / 3.050s)
generated_audios/generated_H2_128C_int8/237-134500-0027_generated.wav | RTF: 0.2606(0.852s / 3.270s) | Generator RTF: 0.2598(0.849s / 3.270s)
generated_audios/generated_H2_128C_int8/237-134500-0028_generated.wav | RTF: 0.2619(1.185s / 4.525s) | Generator RTF: 0.2613(1.182s / 4.525s)
generated_audios/generated_H2_128C_int8/237-134500-0029_generated.wav | RTF: 0.2442(0.504s / 2.065s) | Generator RTF: 0.2428(0.501s / 2.065s)
generated_audios/generated_H2_128C_int8/237-134500-0030_generated.wav | RTF: 0.2605(0.724s / 2.780s) | Generator RTF: 0.2593(0.721s / 2.780s)
generated_audios/generated_H2_128C_int8/237-134500-0031_generated.wav | RTF: 0.2549(2.704s / 10.610s) | Generator RTF: 0.2544(2.700s / 10.610s)
generated_audios/generated_H2_128C_int8/237-134500-0032_generated.wav | RTF: 0.0295(0.148s / 5.025s) | Generator RTF: 0.0287(0.144s / 5.025s)
generated_audios/generated_H2_128C_int8/237-134500-0033_generated.wav | RTF: 0.2421(1.538s / 6.350s) | Generator RTF: 0.2416(1.534s / 6.350s)
generated_audios/generated_H2_128C_int8/237-134500-0034_generated.wav | RTF: 0.2412(0.742s / 3.075s) | Generator RTF: 0.2401(0.738s / 3.075s)
generated_audios/generated_H2_128C_int8/237-134500-0035_generated.wav | RTF: 0.2531(0.647s / 2.555s) | Generator RTF: 0.2518(0.643s / 2.555s)
generated_audios/generated_H2_128C_int8/237-134500-0036_generated.wav | RTF: 0.2580(1.703s / 6.600s) | Generator RTF: 0.2574(1.699s / 6.600s)
generated_audios/generated_H2_128C_int8/237-134500-0037_generated.wav | RTF: 0.2551(1.812s / 7.105s) | Generator RTF: 0.2546(1.809s / 7.105s)
generated_audios/generated_H2_128C_int8/237-134500-0038_generated.wav | RTF: 0.2484(0.605s / 2.435s) | Generator RTF: 0.2472(0.602s / 2.435s)
generated_audios/generated_H2_128C_int8/237-134500-0039_generated.wav | RTF: 0.2571(1.190s / 4.630s) | Generator RTF: 0.2564(1.187s / 4.630s)
generated_audios/generated_H2_128C_int8/237-134500-0040_generated.wav | RTF: 0.0291(0.117s / 4.030s) | Generator RTF: 0.0282(0.114s / 4.030s)
generated_audios/generated_H2_128C_int8/237-134500-0041_generated.wav | RTF: 0.0299(0.267s / 8.920s) | Generator RTF: 0.0296(0.264s / 8.920s)
generated_audios/generated_H2_128C_int8/237-134500-0042_generated.wav | RTF: 0.2483(0.639s / 2.575s) | Generator RTF: 0.2470(0.636s / 2.575s)
generated_audios/generated_H2_128C_int8/260-123286-0000_generated.wav | RTF: 0.2506(1.764s / 7.040s) | Generator RTF: 0.2502(1.761s / 7.040s)
generated_audios/generated_H2_128C_int8/260-123286-0001_generated.wav | RTF: 0.0273(0.084s / 3.070s) | Generator RTF: 0.0263(0.081s / 3.070s)
generated_audios/generated_H2_128C_int8/260-123286-0002_generated.wav | RTF: 0.2591(2.587s / 9.985s) | Generator RTF: 0.2587(2.583s / 9.985s)
generated_audios/generated_H2_128C_int8/260-123286-0003_generated.wav | RTF: 0.2570(1.894s / 7.370s) | Generator RTF: 0.2564(1.890s / 7.370s)
generated_audios/generated_H2_128C_int8/260-123286-0004_generated.wav | RTF: 0.2553(0.885s / 3.465s) | Generator RTF: 0.2544(0.881s / 3.465s)
generated_audios/generated_H2_128C_int8/260-123286-0005_generated.wav | RTF: 0.2455(1.181s / 4.810s) | Generator RTF: 0.2448(1.177s / 4.810s)
generated_audios/generated_H2_128C_int8/260-123286-0006_generated.wav | RTF: 0.2552(1.890s / 7.405s) | Generator RTF: 0.2547(1.886s / 7.405s)
generated_audios/generated_H2_128C_int8/260-123286-0007_generated.wav | RTF: 0.2534(1.153s / 4.550s) | Generator RTF: 0.2526(1.149s / 4.550s)
generated_audios/generated_H2_128C_int8/260-123286-0008_generated.wav | RTF: 0.2456(0.917s / 3.735s) | Generator RTF: 0.2447(0.914s / 3.735s)
generated_audios/generated_H2_128C_int8/260-123286-0009_generated.wav | RTF: 0.2630(1.524s / 5.795s) | Generator RTF: 0.2623(1.520s / 5.795s)
generated_audios/generated_H2_128C_int8/260-123286-0010_generated.wav | RTF: 0.0291(0.075s / 2.575s) | Generator RTF: 0.0278(0.072s / 2.575s)
generated_audios/generated_H2_128C_int8/260-123286-0011_generated.wav | RTF: 0.0260(0.110s / 4.255s) | Generator RTF: 0.0253(0.108s / 4.255s)
generated_audios/generated_H2_128C_int8/260-123286-0012_generated.wav | RTF: 0.0282(0.069s / 2.430s) | Generator RTF: 0.0269(0.065s / 2.430s)
generated_audios/generated_H2_128C_int8/260-123286-0013_generated.wav | RTF: 0.2531(1.197s / 4.730s) | Generator RTF: 0.2523(1.194s / 4.730s)
generated_audios/generated_H2_128C_int8/260-123286-0014_generated.wav | RTF: 0.0293(0.087s / 2.980s) | Generator RTF: 0.0282(0.084s / 2.980s)
generated_audios/generated_H2_128C_int8/260-123286-0015_generated.wav | RTF: 0.2604(1.357s / 5.210s) | Generator RTF: 0.2598(1.353s / 5.210s)
generated_audios/generated_H2_128C_int8/260-123286-0016_generated.wav | RTF: 0.2580(1.806s / 7.000s) | Generator RTF: 0.2576(1.803s / 7.000s)
generated_audios/generated_H2_128C_int8/260-123286-0017_generated.wav | RTF: 0.2424(0.964s / 3.975s) | Generator RTF: 0.2415(0.960s / 3.975s)
generated_audios/generated_H2_128C_int8/260-123286-0018_generated.wav | RTF: 0.2594(1.471s / 5.670s) | Generator RTF: 0.2588(1.467s / 5.670s)
generated_audios/generated_H2_128C_int8/260-123286-0019_generated.wav | RTF: 0.2837(3.378s / 11.905s) | Generator RTF: 0.2834(3.374s / 11.905s)
generated_audios/generated_H2_128C_int8/260-123286-0020_generated.wav | RTF: 0.0275(0.084s / 3.060s) | Generator RTF: 0.0263(0.080s / 3.060s)
generated_audios/generated_H2_128C_int8/260-123286-0021_generated.wav | RTF: 0.2506(0.639s / 2.550s) | Generator RTF: 0.2494(0.636s / 2.550s)
generated_audios/generated_H2_128C_int8/260-123286-0022_generated.wav | RTF: 0.2516(0.814s / 3.235s) | Generator RTF: 0.2506(0.811s / 3.235s)
generated_audios/generated_H2_128C_int8/260-123286-0023_generated.wav | RTF: 0.2610(1.533s / 5.875s) | Generator RTF: 0.2604(1.530s / 5.875s)
generated_audios/generated_H2_128C_int8/260-123286-0024_generated.wav | RTF: 0.2506(0.762s / 3.040s) | Generator RTF: 0.2495(0.759s / 3.040s)
generated_audios/generated_H2_128C_int8/260-123286-0025_generated.wav | RTF: 0.2440(2.246s / 9.205s) | Generator RTF: 0.2436(2.243s / 9.205s)
generated_audios/generated_H2_128C_int8/260-123286-0026_generated.wav | RTF: 0.2450(1.700s / 6.940s) | Generator RTF: 0.2445(1.697s / 6.940s)
generated_audios/generated_H2_128C_int8/260-123286-0027_generated.wav | RTF: 0.2611(1.872s / 7.170s) | Generator RTF: 0.2606(1.869s / 7.170s)
generated_audios/generated_H2_128C_int8/260-123286-0028_generated.wav | RTF: 0.2469(1.843s / 7.465s) | Generator RTF: 0.2465(1.840s / 7.465s)
generated_audios/generated_H2_128C_int8/260-123286-0029_generated.wav | RTF: 0.0259(0.118s / 4.545s) | Generator RTF: 0.0251(0.114s / 4.545s)
generated_audios/generated_H2_128C_int8/260-123286-0030_generated.wav | RTF: 0.0283(0.213s / 7.530s) | Generator RTF: 0.0278(0.209s / 7.530s)
generated_audios/generated_H2_128C_int8/260-123286-0031_generated.wav | RTF: 0.2432(1.231s / 5.060s) | Generator RTF: 0.2426(1.228s / 5.060s)
generated_audios/generated_H2_128C_int8/260-123288-0000_generated.wav | RTF: 0.0273(0.083s / 3.040s) | Generator RTF: 0.0262(0.080s / 3.040s)
generated_audios/generated_H2_128C_int8/260-123288-0001_generated.wav | RTF: 0.0276(0.140s / 5.080s) | Generator RTF: 0.0270(0.137s / 5.080s)
generated_audios/generated_H2_128C_int8/260-123288-0002_generated.wav | RTF: 0.2464(1.786s / 7.250s) | Generator RTF: 0.2458(1.782s / 7.250s)
generated_audios/generated_H2_128C_int8/260-123288-0003_generated.wav | RTF: 0.2547(2.268s / 8.905s) | Generator RTF: 0.2542(2.264s / 8.905s)
generated_audios/generated_H2_128C_int8/260-123288-0004_generated.wav | RTF: 0.2536(1.093s / 4.310s) | Generator RTF: 0.2528(1.089s / 4.310s)
generated_audios/generated_H2_128C_int8/260-123288-0005_generated.wav | RTF: 0.2677(3.360s / 12.550s) | Generator RTF: 0.2674(3.356s / 12.550s)
generated_audios/generated_H2_128C_int8/260-123288-0006_generated.wav | RTF: 0.2465(1.203s / 4.880s) | Generator RTF: 0.2458(1.200s / 4.880s)
generated_audios/generated_H2_128C_int8/260-123288-0007_generated.wav | RTF: 0.2629(2.944s / 11.200s) | Generator RTF: 0.2626(2.941s / 11.200s)
generated_audios/generated_H2_128C_int8/260-123288-0008_generated.wav | RTF: 0.2551(1.407s / 5.515s) | Generator RTF: 0.2545(1.404s / 5.515s)
generated_audios/generated_H2_128C_int8/260-123288-0009_generated.wav | RTF: 0.2532(0.870s / 3.435s) | Generator RTF: 0.2521(0.866s / 3.435s)
generated_audios/generated_H2_128C_int8/260-123288-0010_generated.wav | RTF: 0.0239(0.239s / 9.995s) | Generator RTF: 0.0236(0.236s / 9.995s)
generated_audios/generated_H2_128C_int8/260-123288-0011_generated.wav | RTF: 0.2613(2.346s / 8.980s) | Generator RTF: 0.2608(2.342s / 8.980s)
generated_audios/generated_H2_128C_int8/260-123288-0012_generated.wav | RTF: 0.2537(0.899s / 3.545s) | Generator RTF: 0.2528(0.896s / 3.545s)
generated_audios/generated_H2_128C_int8/260-123288-0013_generated.wav | RTF: 0.2833(3.225s / 11.385s) | Generator RTF: 0.2828(3.220s / 11.385s)
generated_audios/generated_H2_128C_int8/260-123288-0014_generated.wav | RTF: 0.0353(0.064s / 1.805s) | Generator RTF: 0.0335(0.061s / 1.805s)
generated_audios/generated_H2_128C_int8/260-123288-0015_generated.wav | RTF: 0.2639(5.591s / 21.185s) | Generator RTF: 0.2636(5.585s / 21.185s)
generated_audios/generated_H2_128C_int8/260-123288-0016_generated.wav | RTF: 0.2604(1.267s / 4.865s) | Generator RTF: 0.2598(1.264s / 4.865s)
generated_audios/generated_H2_128C_int8/260-123288-0017_generated.wav | RTF: 0.2470(1.291s / 5.225s) | Generator RTF: 0.2464(1.287s / 5.225s)
generated_audios/generated_H2_128C_int8/260-123288-0018_generated.wav | RTF: 0.2534(0.822s / 3.245s) | Generator RTF: 0.2524(0.819s / 3.245s)
generated_audios/generated_H2_128C_int8/260-123288-0019_generated.wav | RTF: 0.0308(0.091s / 2.955s) | Generator RTF: 0.0297(0.088s / 2.955s)
generated_audios/generated_H2_128C_int8/260-123288-0020_generated.wav | RTF: 0.2527(0.733s / 2.900s) | Generator RTF: 0.2516(0.730s / 2.900s)
generated_audios/generated_H2_128C_int8/260-123288-0021_generated.wav | RTF: 0.0308(0.084s / 2.710s) | Generator RTF: 0.0297(0.080s / 2.710s)
generated_audios/generated_H2_128C_int8/260-123288-0022_generated.wav | RTF: 0.2543(0.942s / 3.705s) | Generator RTF: 0.2534(0.939s / 3.705s)
generated_audios/generated_H2_128C_int8/260-123288-0023_generated.wav | RTF: 0.0330(0.079s / 2.385s) | Generator RTF: 0.0315(0.075s / 2.385s)
generated_audios/generated_H2_128C_int8/260-123288-0024_generated.wav | RTF: 0.2699(3.939s / 14.595s) | Generator RTF: 0.2695(3.934s / 14.595s)
generated_audios/generated_H2_128C_int8/260-123288-0025_generated.wav | RTF: 0.2744(3.689s / 13.445s) | Generator RTF: 0.2741(3.685s / 13.445s)
generated_audios/generated_H2_128C_int8/260-123288-0026_generated.wav | RTF: 0.2831(4.542s / 16.040s) | Generator RTF: 0.2828(4.537s / 16.040s)
generated_audios/generated_H2_128C_int8/260-123288-0027_generated.wav | RTF: 0.2433(1.534s / 6.305s) | Generator RTF: 0.2427(1.530s / 6.305s)
generated_audios/generated_H2_128C_int8/260-123288-0028_generated.wav | RTF: 0.2543(0.664s / 2.610s) | Generator RTF: 0.2530(0.660s / 2.610s)
generated_audios/generated_H2_128C_int8/260-123440-0000_generated.wav | RTF: 0.2432(0.527s / 2.165s) | Generator RTF: 0.2420(0.524s / 2.165s)
generated_audios/generated_H2_128C_int8/260-123440-0001_generated.wav | RTF: 0.2384(0.415s / 1.740s) | Generator RTF: 0.2366(0.412s / 1.740s)
generated_audios/generated_H2_128C_int8/260-123440-0002_generated.wav | RTF: 0.2766(4.070s / 14.715s) | Generator RTF: 0.2762(4.064s / 14.715s)
generated_audios/generated_H2_128C_int8/260-123440-0003_generated.wav | RTF: 0.2559(0.918s / 3.585s) | Generator RTF: 0.2549(0.914s / 3.585s)
generated_audios/generated_H2_128C_int8/260-123440-0004_generated.wav | RTF: 0.2665(3.203s / 12.020s) | Generator RTF: 0.2662(3.200s / 12.020s)
generated_audios/generated_H2_128C_int8/260-123440-0005_generated.wav | RTF: 0.0304(0.094s / 3.105s) | Generator RTF: 0.0293(0.091s / 3.105s)
generated_audios/generated_H2_128C_int8/260-123440-0006_generated.wav | RTF: 0.0276(0.075s / 2.715s) | Generator RTF: 0.0264(0.072s / 2.715s)
generated_audios/generated_H2_128C_int8/260-123440-0007_generated.wav | RTF: 0.2528(0.856s / 3.385s) | Generator RTF: 0.2518(0.852s / 3.385s)
generated_audios/generated_H2_128C_int8/260-123440-0008_generated.wav | RTF: 0.2571(0.963s / 3.745s) | Generator RTF: 0.2562(0.960s / 3.745s)
generated_audios/generated_H2_128C_int8/260-123440-0009_generated.wav | RTF: 0.2578(0.803s / 3.115s) | Generator RTF: 0.2567(0.800s / 3.115s)
generated_audios/generated_H2_128C_int8/260-123440-0010_generated.wav | RTF: 0.2582(2.147s / 8.315s) | Generator RTF: 0.2577(2.143s / 8.315s)
generated_audios/generated_H2_128C_int8/260-123440-0011_generated.wav | RTF: 0.0255(0.124s / 4.870s) | Generator RTF: 0.0249(0.121s / 4.870s)
generated_audios/generated_H2_128C_int8/260-123440-0012_generated.wav | RTF: 0.2519(1.321s / 5.245s) | Generator RTF: 0.2512(1.317s / 5.245s)
generated_audios/generated_H2_128C_int8/260-123440-0013_generated.wav | RTF: 0.2530(0.879s / 3.475s) | Generator RTF: 0.2520(0.876s / 3.475s)
generated_audios/generated_H2_128C_int8/260-123440-0014_generated.wav | RTF: 0.2550(0.973s / 3.815s) | Generator RTF: 0.2541(0.969s / 3.815s)
generated_audios/generated_H2_128C_int8/260-123440-0015_generated.wav | RTF: 0.0305(0.189s / 6.200s) | Generator RTF: 0.0299(0.186s / 6.200s)
generated_audios/generated_H2_128C_int8/260-123440-0016_generated.wav | RTF: 0.2590(1.268s / 4.895s) | Generator RTF: 0.2583(1.264s / 4.895s)
generated_audios/generated_H2_128C_int8/260-123440-0017_generated.wav | RTF: 0.0324(0.100s / 3.070s) | Generator RTF: 0.0313(0.096s / 3.070s)
generated_audios/generated_H2_128C_int8/260-123440-0018_generated.wav | RTF: 0.2607(0.949s / 3.640s) | Generator RTF: 0.2598(0.946s / 3.640s)
generated_audios/generated_H2_128C_int8/260-123440-0019_generated.wav | RTF: 0.2666(1.768s / 6.630s) | Generator RTF: 0.2661(1.764s / 6.630s)
generated_audios/generated_H2_128C_int8/260-123440-0020_generated.wav | RTF: 0.2593(1.295s / 4.995s) | Generator RTF: 0.2587(1.292s / 4.995s)
generated_audios/generated_H2_128C_int8/61-70968-0000_generated.wav | RTF: 0.2610(1.280s / 4.905s) | Generator RTF: 0.2602(1.276s / 4.905s)
generated_audios/generated_H2_128C_int8/61-70968-0001_generated.wav | RTF: 0.2583(0.932s / 3.610s) | Generator RTF: 0.2574(0.929s / 3.610s)
generated_audios/generated_H2_128C_int8/61-70968-0002_generated.wav | RTF: 0.2537(0.753s / 2.970s) | Generator RTF: 0.2525(0.750s / 2.970s)
generated_audios/generated_H2_128C_int8/61-70968-0003_generated.wav | RTF: 0.0263(0.113s / 4.315s) | Generator RTF: 0.0255(0.110s / 4.315s)
generated_audios/generated_H2_128C_int8/61-70968-0004_generated.wav | RTF: 0.2589(1.006s / 3.885s) | Generator RTF: 0.2580(1.003s / 3.885s)
generated_audios/generated_H2_128C_int8/61-70968-0005_generated.wav | RTF: 0.0284(0.144s / 5.070s) | Generator RTF: 0.0277(0.140s / 5.070s)
generated_audios/generated_H2_128C_int8/61-70968-0006_generated.wav | RTF: 0.2436(0.715s / 2.935s) | Generator RTF: 0.2425(0.712s / 2.935s)
generated_audios/generated_H2_128C_int8/61-70968-0007_generated.wav | RTF: 0.0274(0.097s / 3.550s) | Generator RTF: 0.0265(0.094s / 3.550s)
generated_audios/generated_H2_128C_int8/61-70968-0008_generated.wav | RTF: 0.0299(0.106s / 3.535s) | Generator RTF: 0.0290(0.102s / 3.535s)
generated_audios/generated_H2_128C_int8/61-70968-0009_generated.wav | RTF: 0.2585(1.166s / 4.510s) | Generator RTF: 0.2577(1.162s / 4.510s)
generated_audios/generated_H2_128C_int8/61-70968-0010_generated.wav | RTF: 0.2448(2.030s / 8.295s) | Generator RTF: 0.2444(2.027s / 8.295s)
generated_audios/generated_H2_128C_int8/61-70968-0011_generated.wav | RTF: 0.2435(1.553s / 6.375s) | Generator RTF: 0.2430(1.549s / 6.375s)
generated_audios/generated_H2_128C_int8/61-70968-0012_generated.wav | RTF: 0.0286(0.075s / 2.610s) | Generator RTF: 0.0273(0.071s / 2.610s)
generated_audios/generated_H2_128C_int8/61-70968-0013_generated.wav | RTF: 0.0284(0.126s / 4.450s) | Generator RTF: 0.0276(0.123s / 4.450s)
generated_audios/generated_H2_128C_int8/61-70968-0014_generated.wav | RTF: 0.2574(1.927s / 7.485s) | Generator RTF: 0.2569(1.923s / 7.485s)
generated_audios/generated_H2_128C_int8/61-70968-0015_generated.wav | RTF: 0.2440(1.311s / 5.375s) | Generator RTF: 0.2434(1.309s / 5.375s)
generated_audios/generated_H2_128C_int8/61-70968-0016_generated.wav | RTF: 0.2575(0.958s / 3.720s) | Generator RTF: 0.2568(0.955s / 3.720s)
generated_audios/generated_H2_128C_int8/61-70968-0017_generated.wav | RTF: 0.2602(1.330s / 5.110s) | Generator RTF: 0.2596(1.326s / 5.110s)
generated_audios/generated_H2_128C_int8/61-70968-0018_generated.wav | RTF: 0.2534(0.609s / 2.405s) | Generator RTF: 0.2520(0.606s / 2.405s)
generated_audios/generated_H2_128C_int8/61-70968-0019_generated.wav | RTF: 0.2487(1.362s / 5.475s) | Generator RTF: 0.2481(1.358s / 5.475s)
generated_audios/generated_H2_128C_int8/61-70968-0020_generated.wav | RTF: 0.2681(1.368s / 5.105s) | Generator RTF: 0.2674(1.365s / 5.105s)
generated_audios/generated_H2_128C_int8/61-70968-0021_generated.wav | RTF: 0.2392(0.643s / 2.690s) | Generator RTF: 0.2379(0.640s / 2.690s)
generated_audios/generated_H2_128C_int8/61-70968-0022_generated.wav | RTF: 0.0322(0.150s / 4.670s) | Generator RTF: 0.0314(0.147s / 4.670s)
generated_audios/generated_H2_128C_int8/61-70968-0023_generated.wav | RTF: 0.0297(0.149s / 5.025s) | Generator RTF: 0.0290(0.146s / 5.025s)
generated_audios/generated_H2_128C_int8/61-70968-0024_generated.wav | RTF: 0.2566(1.546s / 6.025s) | Generator RTF: 0.2561(1.543s / 6.025s)
generated_audios/generated_H2_128C_int8/61-70968-0025_generated.wav | RTF: 0.0281(0.124s / 4.410s) | Generator RTF: 0.0273(0.120s / 4.410s)
generated_audios/generated_H2_128C_int8/61-70968-0026_generated.wav | RTF: 0.2451(1.206s / 4.920s) | Generator RTF: 0.2443(1.202s / 4.920s)
generated_audios/generated_H2_128C_int8/61-70968-0027_generated.wav | RTF: 0.2482(1.705s / 6.870s) | Generator RTF: 0.2476(1.701s / 6.870s)
generated_audios/generated_H2_128C_int8/61-70968-0028_generated.wav | RTF: 0.2644(1.416s / 5.355s) | Generator RTF: 0.2638(1.413s / 5.355s)
generated_audios/generated_H2_128C_int8/61-70968-0029_generated.wav | RTF: 0.2594(0.906s / 3.495s) | Generator RTF: 0.2585(0.903s / 3.495s)
generated_audios/generated_H2_128C_int8/61-70968-0030_generated.wav | RTF: 0.2499(1.421s / 5.685s) | Generator RTF: 0.2493(1.417s / 5.685s)
generated_audios/generated_H2_128C_int8/61-70968-0031_generated.wav | RTF: 0.2611(0.764s / 2.925s) | Generator RTF: 0.2600(0.760s / 2.925s)
generated_audios/generated_H2_128C_int8/61-70968-0032_generated.wav | RTF: 0.0286(0.123s / 4.280s) | Generator RTF: 0.0280(0.120s / 4.280s)
generated_audios/generated_H2_128C_int8/61-70968-0033_generated.wav | RTF: 0.0250(0.142s / 5.685s) | Generator RTF: 0.0243(0.138s / 5.685s)
generated_audios/generated_H2_128C_int8/61-70968-0034_generated.wav | RTF: 0.2597(1.099s / 4.230s) | Generator RTF: 0.2589(1.095s / 4.230s)
generated_audios/generated_H2_128C_int8/61-70968-0035_generated.wav | RTF: 0.2465(1.960s / 7.950s) | Generator RTF: 0.2461(1.957s / 7.950s)
generated_audios/generated_H2_128C_int8/61-70968-0036_generated.wav | RTF: 0.0281(0.083s / 2.935s) | Generator RTF: 0.0270(0.079s / 2.935s)
generated_audios/generated_H2_128C_int8/61-70968-0037_generated.wav | RTF: 0.0257(0.111s / 4.315s) | Generator RTF: 0.0250(0.108s / 4.315s)
generated_audios/generated_H2_128C_int8/61-70968-0038_generated.wav | RTF: 0.2470(0.506s / 2.050s) | Generator RTF: 0.2455(0.503s / 2.050s)
generated_audios/generated_H2_128C_int8/61-70968-0039_generated.wav | RTF: 0.2462(0.937s / 3.805s) | Generator RTF: 0.2454(0.934s / 3.805s)
generated_audios/generated_H2_128C_int8/61-70968-0040_generated.wav | RTF: 0.2603(1.028s / 3.950s) | Generator RTF: 0.2594(1.024s / 3.950s)
generated_audios/generated_H2_128C_int8/61-70968-0041_generated.wav | RTF: 0.0274(0.187s / 6.825s) | Generator RTF: 0.0269(0.183s / 6.825s)
generated_audios/generated_H2_128C_int8/61-70968-0042_generated.wav | RTF: 0.0314(0.087s / 2.785s) | Generator RTF: 0.0304(0.085s / 2.785s)
generated_audios/generated_H2_128C_int8/61-70968-0043_generated.wav | RTF: 0.2600(1.751s / 6.735s) | Generator RTF: 0.2595(1.748s / 6.735s)
generated_audios/generated_H2_128C_int8/61-70968-0044_generated.wav | RTF: 0.0313(0.087s / 2.770s) | Generator RTF: 0.0301(0.084s / 2.770s)
generated_audios/generated_H2_128C_int8/61-70968-0045_generated.wav | RTF: 0.0266(0.092s / 3.475s) | Generator RTF: 0.0256(0.089s / 3.475s)
generated_audios/generated_H2_128C_int8/61-70968-0046_generated.wav | RTF: 0.0263(0.093s / 3.550s) | Generator RTF: 0.0254(0.090s / 3.550s)
generated_audios/generated_H2_128C_int8/61-70968-0047_generated.wav | RTF: 0.2459(1.174s / 4.775s) | Generator RTF: 0.2452(1.171s / 4.775s)
generated_audios/generated_H2_128C_int8/61-70968-0048_generated.wav | RTF: 0.2571(0.777s / 3.020s) | Generator RTF: 0.2560(0.773s / 3.020s)
generated_audios/generated_H2_128C_int8/61-70968-0049_generated.wav | RTF: 0.2605(2.149s / 8.250s) | Generator RTF: 0.2601(2.146s / 8.250s)
generated_audios/generated_H2_128C_int8/61-70968-0050_generated.wav | RTF: 0.2460(1.373s / 5.580s) | Generator RTF: 0.2453(1.369s / 5.580s)
generated_audios/generated_H2_128C_int8/61-70968-0051_generated.wav | RTF: 0.2447(0.767s / 3.135s) | Generator RTF: 0.2436(0.764s / 3.135s)
generated_audios/generated_H2_128C_int8/61-70968-0052_generated.wav | RTF: 0.2463(0.653s / 2.650s) | Generator RTF: 0.2451(0.650s / 2.650s)
generated_audios/generated_H2_128C_int8/61-70968-0053_generated.wav | RTF: 0.0324(0.137s / 4.220s) | Generator RTF: 0.0315(0.133s / 4.220s)
generated_audios/generated_H2_128C_int8/61-70968-0054_generated.wav | RTF: 0.2622(2.061s / 7.860s) | Generator RTF: 0.2617(2.057s / 7.860s)
generated_audios/generated_H2_128C_int8/61-70968-0055_generated.wav | RTF: 0.0296(0.117s / 3.965s) | Generator RTF: 0.0287(0.114s / 3.965s)
generated_audios/generated_H2_128C_int8/61-70968-0056_generated.wav | RTF: 0.2600(0.927s / 3.565s) | Generator RTF: 0.2590(0.923s / 3.565s)
generated_audios/generated_H2_128C_int8/61-70968-0057_generated.wav | RTF: 0.0252(0.128s / 5.065s) | Generator RTF: 0.0245(0.124s / 5.065s)
generated_audios/generated_H2_128C_int8/61-70968-0058_generated.wav | RTF: 0.2412(0.439s / 1.820s) | Generator RTF: 0.2394(0.436s / 1.820s)
generated_audios/generated_H2_128C_int8/61-70968-0059_generated.wav | RTF: 0.0329(0.071s / 2.170s) | Generator RTF: 0.0314(0.068s / 2.170s)
generated_audios/generated_H2_128C_int8/61-70968-0060_generated.wav | RTF: 0.0324(0.121s / 3.735s) | Generator RTF: 0.0315(0.118s / 3.735s)
generated_audios/generated_H2_128C_int8/61-70968-0061_generated.wav | RTF: 0.2612(1.445s / 5.530s) | Generator RTF: 0.2605(1.441s / 5.530s)
generated_audios/generated_H2_128C_int8/61-70968-0062_generated.wav | RTF: 0.0315(0.081s / 2.555s) | Generator RTF: 0.0303(0.077s / 2.555s)
generated_audios/generated_H2_128C_int8/61-70970-0000_generated.wav | RTF: 0.2686(1.632s / 6.075s) | Generator RTF: 0.2681(1.629s / 6.075s)
generated_audios/generated_H2_128C_int8/61-70970-0001_generated.wav | RTF: 0.2670(1.643s / 6.155s) | Generator RTF: 0.2665(1.640s / 6.155s)
generated_audios/generated_H2_128C_int8/61-70970-0002_generated.wav | RTF: 0.2666(1.111s / 4.165s) | Generator RTF: 0.2658(1.107s / 4.165s)
generated_audios/generated_H2_128C_int8/61-70970-0003_generated.wav | RTF: 0.2582(0.990s / 3.835s) | Generator RTF: 0.2572(0.986s / 3.835s)
generated_audios/generated_H2_128C_int8/61-70970-0004_generated.wav | RTF: 0.2738(2.879s / 10.515s) | Generator RTF: 0.2735(2.876s / 10.515s)
generated_audios/generated_H2_128C_int8/61-70970-0005_generated.wav | RTF: 0.2608(0.527s / 2.020s) | Generator RTF: 0.2595(0.524s / 2.020s)
generated_audios/generated_H2_128C_int8/61-70970-0006_generated.wav | RTF: 0.2694(0.629s / 2.335s) | Generator RTF: 0.2681(0.626s / 2.335s)
generated_audios/generated_H2_128C_int8/61-70970-0007_generated.wav | RTF: 0.2780(1.247s / 4.485s) | Generator RTF: 0.2772(1.243s / 4.485s)
generated_audios/generated_H2_128C_int8/61-70970-0008_generated.wav | RTF: 0.2609(0.561s / 2.150s) | Generator RTF: 0.2594(0.558s / 2.150s)
generated_audios/generated_H2_128C_int8/61-70970-0009_generated.wav | RTF: 0.2803(0.954s / 3.405s) | Generator RTF: 0.2794(0.951s / 3.405s)
generated_audios/generated_H2_128C_int8/61-70970-0010_generated.wav | RTF: 0.0318(0.097s / 3.045s) | Generator RTF: 0.0307(0.093s / 3.045s)
generated_audios/generated_H2_128C_int8/61-70970-0011_generated.wav | RTF: 0.0242(0.147s / 6.075s) | Generator RTF: 0.0237(0.144s / 6.075s)
generated_audios/generated_H2_128C_int8/61-70970-0012_generated.wav | RTF: 0.0271(0.085s / 3.135s) | Generator RTF: 0.0260(0.082s / 3.135s)
generated_audios/generated_H2_128C_int8/61-70970-0013_generated.wav | RTF: 0.2834(1.233s / 4.350s) | Generator RTF: 0.2826(1.229s / 4.350s)
generated_audios/generated_H2_128C_int8/61-70970-0014_generated.wav | RTF: 0.0271(0.092s / 3.405s) | Generator RTF: 0.0260(0.089s / 3.405s)
generated_audios/generated_H2_128C_int8/61-70970-0015_generated.wav | RTF: 0.2863(2.409s / 8.415s) | Generator RTF: 0.2858(2.405s / 8.415s)
generated_audios/generated_H2_128C_int8/61-70970-0016_generated.wav | RTF: 0.2869(1.254s / 4.370s) | Generator RTF: 0.2862(1.251s / 4.370s)
generated_audios/generated_H2_128C_int8/61-70970-0017_generated.wav | RTF: 0.0314(0.080s / 2.550s) | Generator RTF: 0.0300(0.077s / 2.550s)
generated_audios/generated_H2_128C_int8/61-70970-0018_generated.wav | RTF: 0.2718(1.250s / 4.600s) | Generator RTF: 0.2710(1.247s / 4.600s)
generated_audios/generated_H2_128C_int8/61-70970-0019_generated.wav | RTF: 0.2835(1.071s / 3.780s) | Generator RTF: 0.2826(1.068s / 3.780s)
generated_audios/generated_H2_128C_int8/61-70970-0020_generated.wav | RTF: 0.0253(0.127s / 5.025s) | Generator RTF: 0.0245(0.123s / 5.025s)
generated_audios/generated_H2_128C_int8/61-70970-0021_generated.wav | RTF: 0.2707(1.463s / 5.405s) | Generator RTF: 0.2700(1.459s / 5.405s)
generated_audios/generated_H2_128C_int8/61-70970-0022_generated.wav | RTF: 0.0262(0.104s / 3.970s) | Generator RTF: 0.0254(0.101s / 3.970s)
generated_audios/generated_H2_128C_int8/61-70970-0023_generated.wav | RTF: 0.0295(0.109s / 3.705s) | Generator RTF: 0.0287(0.106s / 3.705s)
generated_audios/generated_H2_128C_int8/61-70970-0024_generated.wav | RTF: 0.2856(2.066s / 7.235s) | Generator RTF: 0.2850(2.062s / 7.235s)
generated_audios/generated_H2_128C_int8/61-70970-0025_generated.wav | RTF: 0.2903(2.158s / 7.435s) | Generator RTF: 0.2898(2.155s / 7.435s)
generated_audios/generated_H2_128C_int8/61-70970-0026_generated.wav | RTF: 0.0246(0.134s / 5.475s) | Generator RTF: 0.0240(0.131s / 5.475s)
generated_audios/generated_H2_128C_int8/61-70970-0027_generated.wav | RTF: 0.0275(0.140s / 5.080s) | Generator RTF: 0.0269(0.137s / 5.080s)
generated_audios/generated_H2_128C_int8/61-70970-0028_generated.wav | RTF: 0.0293(0.192s / 6.550s) | Generator RTF: 0.0288(0.189s / 6.550s)
generated_audios/generated_H2_128C_int8/61-70970-0029_generated.wav | RTF: 0.0287(0.115s / 4.030s) | Generator RTF: 0.0279(0.112s / 4.030s)
generated_audios/generated_H2_128C_int8/61-70970-0030_generated.wav | RTF: 0.0300(0.097s / 3.240s) | Generator RTF: 0.0289(0.094s / 3.240s)
generated_audios/generated_H2_128C_int8/61-70970-0031_generated.wav | RTF: 0.2868(1.473s / 5.135s) | Generator RTF: 0.2861(1.469s / 5.135s)
generated_audios/generated_H2_128C_int8/61-70970-0032_generated.wav | RTF: 0.0289(0.091s / 3.135s) | Generator RTF: 0.0278(0.087s / 3.135s)
generated_audios/generated_H2_128C_int8/61-70970-0033_generated.wav | RTF: 0.2696(0.922s / 3.420s) | Generator RTF: 0.2687(0.919s / 3.420s)
generated_audios/generated_H2_128C_int8/61-70970-0034_generated.wav | RTF: 0.0260(0.117s / 4.485s) | Generator RTF: 0.0252(0.113s / 4.485s)
generated_audios/generated_H2_128C_int8/61-70970-0035_generated.wav | RTF: 0.0274(0.203s / 7.405s) | Generator RTF: 0.0268(0.199s / 7.405s)
generated_audios/generated_H2_128C_int8/61-70970-0036_generated.wav | RTF: 0.0272(0.185s / 6.785s) | Generator RTF: 0.0266(0.180s / 6.785s)
generated_audios/generated_H2_128C_int8/61-70970-0037_generated.wav | RTF: 0.2865(1.713s / 5.980s) | Generator RTF: 0.2859(1.710s / 5.980s)
generated_audios/generated_H2_128C_int8/61-70970-0038_generated.wav | RTF: 0.2880(2.995s / 10.400s) | Generator RTF: 0.2875(2.990s / 10.400s)
generated_audios/generated_H2_128C_int8/61-70970-0039_generated.wav | RTF: 0.0278(0.185s / 6.665s) | Generator RTF: 0.0271(0.181s / 6.665s)
generated_audios/generated_H2_128C_int8/61-70970-0040_generated.wav | RTF: 0.0257(0.107s / 4.165s) | Generator RTF: 0.0250(0.104s / 4.165s)
generated_audios/generated_H2_128C_int8/672-122797-0000_generated.wav | RTF: 0.2876(1.171s / 4.070s) | Generator RTF: 0.2868(1.167s / 4.070s)
generated_audios/generated_H2_128C_int8/672-122797-0001_generated.wav | RTF: 0.2987(4.520s / 15.130s) | Generator RTF: 0.2985(4.516s / 15.130s)
generated_audios/generated_H2_128C_int8/672-122797-0002_generated.wav | RTF: 0.2738(3.729s / 13.620s) | Generator RTF: 0.2735(3.725s / 13.620s)
generated_audios/generated_H2_128C_int8/672-122797-0003_generated.wav | RTF: 0.2896(1.378s / 4.760s) | Generator RTF: 0.2888(1.375s / 4.760s)
generated_audios/generated_H2_128C_int8/672-122797-0004_generated.wav | RTF: 0.2784(2.853s / 10.250s) | Generator RTF: 0.2780(2.850s / 10.250s)
generated_audios/generated_H2_128C_int8/672-122797-0005_generated.wav | RTF: 0.2844(0.927s / 3.260s) | Generator RTF: 0.2833(0.924s / 3.260s)
generated_audios/generated_H2_128C_int8/672-122797-0006_generated.wav | RTF: 0.3015(4.206s / 13.950s) | Generator RTF: 0.3012(4.202s / 13.950s)
generated_audios/generated_H2_128C_int8/672-122797-0007_generated.wav | RTF: 0.2814(1.807s / 6.420s) | Generator RTF: 0.2808(1.803s / 6.420s)
generated_audios/generated_H2_128C_int8/672-122797-0008_generated.wav | RTF: 0.3007(9.265s / 30.810s) | Generator RTF: 0.3005(9.258s / 30.810s)
generated_audios/generated_H2_128C_int8/672-122797-0009_generated.wav | RTF: 0.0284(0.079s / 2.765s) | Generator RTF: 0.0269(0.075s / 2.765s)
generated_audios/generated_H2_128C_int8/672-122797-0010_generated.wav | RTF: 0.0292(0.111s / 3.815s) | Generator RTF: 0.0283(0.108s / 3.815s)
generated_audios/generated_H2_128C_int8/672-122797-0011_generated.wav | RTF: 0.2974(0.755s / 2.540s) | Generator RTF: 0.2962(0.752s / 2.540s)
generated_audios/generated_H2_128C_int8/672-122797-0012_generated.wav | RTF: 0.2995(2.325s / 7.765s) | Generator RTF: 0.2990(2.322s / 7.765s)
generated_audios/generated_H2_128C_int8/672-122797-0013_generated.wav | RTF: 0.2980(2.594s / 8.705s) | Generator RTF: 0.2975(2.590s / 8.705s)
generated_audios/generated_H2_128C_int8/672-122797-0014_generated.wav | RTF: 0.0287(0.073s / 2.555s) | Generator RTF: 0.0274(0.070s / 2.555s)
generated_audios/generated_H2_128C_int8/672-122797-0015_generated.wav | RTF: 0.0284(0.127s / 4.455s) | Generator RTF: 0.0277(0.123s / 4.455s)
generated_audios/generated_H2_128C_int8/672-122797-0016_generated.wav | RTF: 0.2937(2.706s / 9.215s) | Generator RTF: 0.2933(2.703s / 9.215s)
generated_audios/generated_H2_128C_int8/672-122797-0017_generated.wav | RTF: 0.2919(1.407s / 4.820s) | Generator RTF: 0.2912(1.403s / 4.820s)
generated_audios/generated_H2_128C_int8/672-122797-0018_generated.wav | RTF: 0.2934(1.446s / 4.930s) | Generator RTF: 0.2926(1.442s / 4.930s)
generated_audios/generated_H2_128C_int8/672-122797-0019_generated.wav | RTF: 0.2817(1.158s / 4.110s) | Generator RTF: 0.2810(1.155s / 4.110s)
generated_audios/generated_H2_128C_int8/672-122797-0020_generated.wav | RTF: 0.2978(2.628s / 8.825s) | Generator RTF: 0.2973(2.624s / 8.825s)
generated_audios/generated_H2_128C_int8/672-122797-0021_generated.wav | RTF: 0.0301(0.125s / 4.150s) | Generator RTF: 0.0293(0.122s / 4.150s)
generated_audios/generated_H2_128C_int8/672-122797-0022_generated.wav | RTF: 0.3020(5.739s / 19.005s) | Generator RTF: 0.3018(5.735s / 19.005s)
generated_audios/generated_H2_128C_int8/672-122797-0023_generated.wav | RTF: 0.2933(2.844s / 9.695s) | Generator RTF: 0.2929(2.840s / 9.695s)
generated_audios/generated_H2_128C_int8/672-122797-0024_generated.wav | RTF: 0.2921(1.206s / 4.130s) | Generator RTF: 0.2911(1.202s / 4.130s)
generated_audios/generated_H2_128C_int8/672-122797-0025_generated.wav | RTF: 0.3002(3.210s / 10.690s) | Generator RTF: 0.2998(3.205s / 10.690s)
generated_audios/generated_H2_128C_int8/672-122797-0026_generated.wav | RTF: 0.3011(4.203s / 13.960s) | Generator RTF: 0.3008(4.199s / 13.960s)
generated_audios/generated_H2_128C_int8/672-122797-0027_generated.wav | RTF: 0.0284(0.136s / 4.790s) | Generator RTF: 0.0277(0.133s / 4.790s)
generated_audios/generated_H2_128C_int8/672-122797-0028_generated.wav | RTF: 0.0324(0.085s / 2.610s) | Generator RTF: 0.0313(0.082s / 2.610s)
generated_audios/generated_H2_128C_int8/672-122797-0029_generated.wav | RTF: 0.0273(0.083s / 3.050s) | Generator RTF: 0.0262(0.080s / 3.050s)
generated_audios/generated_H2_128C_int8/672-122797-0030_generated.wav | RTF: 0.2939(1.345s / 4.575s) | Generator RTF: 0.2931(1.341s / 4.575s)
generated_audios/generated_H2_128C_int8/672-122797-0031_generated.wav | RTF: 0.0301(0.120s / 3.980s) | Generator RTF: 0.0292(0.116s / 3.980s)
generated_audios/generated_H2_128C_int8/672-122797-0032_generated.wav | RTF: 0.0288(0.115s / 4.000s) | Generator RTF: 0.0280(0.112s / 4.000s)
generated_audios/generated_H2_128C_int8/672-122797-0033_generated.wav | RTF: 0.2690(0.346s / 1.285s) | Generator RTF: 0.2664(0.342s / 1.285s)
generated_audios/generated_H2_128C_int8/672-122797-0034_generated.wav | RTF: 0.0281(0.143s / 5.110s) | Generator RTF: 0.0275(0.140s / 5.110s)
generated_audios/generated_H2_128C_int8/672-122797-0035_generated.wav | RTF: 0.0318(0.092s / 2.900s) | Generator RTF: 0.0306(0.089s / 2.900s)
generated_audios/generated_H2_128C_int8/672-122797-0036_generated.wav | RTF: 0.0279(0.150s / 5.365s) | Generator RTF: 0.0273(0.147s / 5.365s)
generated_audios/generated_H2_128C_int8/672-122797-0037_generated.wav | RTF: 0.2782(0.545s / 1.960s) | Generator RTF: 0.2766(0.542s / 1.960s)
generated_audios/generated_H2_128C_int8/672-122797-0038_generated.wav | RTF: 0.3020(2.658s / 8.800s) | Generator RTF: 0.3015(2.654s / 8.800s)
generated_audios/generated_H2_128C_int8/672-122797-0039_generated.wav | RTF: 0.2942(1.184s / 4.025s) | Generator RTF: 0.2935(1.181s / 4.025s)
generated_audios/generated_H2_128C_int8/672-122797-0040_generated.wav | RTF: 0.0289(0.148s / 5.125s) | Generator RTF: 0.0282(0.144s / 5.125s)
generated_audios/generated_H2_128C_int8/672-122797-0041_generated.wav | RTF: 0.0293(0.114s / 3.880s) | Generator RTF: 0.0283(0.110s / 3.880s)
generated_audios/generated_H2_128C_int8/672-122797-0042_generated.wav | RTF: 0.3026(4.633s / 15.310s) | Generator RTF: 0.3023(4.629s / 15.310s)
generated_audios/generated_H2_128C_int8/672-122797-0043_generated.wav | RTF: 0.0271(0.103s / 3.780s) | Generator RTF: 0.0263(0.099s / 3.780s)
generated_audios/generated_H2_128C_int8/672-122797-0044_generated.wav | RTF: 0.0324(0.121s / 3.740s) | Generator RTF: 0.0317(0.119s / 3.740s)
generated_audios/generated_H2_128C_int8/672-122797-0045_generated.wav | RTF: 0.0231(0.323s / 13.960s) | Generator RTF: 0.0228(0.318s / 13.960s)
generated_audios/generated_H2_128C_int8/672-122797-0046_generated.wav | RTF: 0.2920(1.377s / 4.715s) | Generator RTF: 0.2912(1.373s / 4.715s)
generated_audios/generated_H2_128C_int8/672-122797-0047_generated.wav | RTF: 0.2900(0.964s / 3.325s) | Generator RTF: 0.2890(0.961s / 3.325s)
generated_audios/generated_H2_128C_int8/672-122797-0048_generated.wav | RTF: 0.0245(0.161s / 6.555s) | Generator RTF: 0.0240(0.157s / 6.555s)
generated_audios/generated_H2_128C_int8/672-122797-0049_generated.wav | RTF: 0.0341(0.069s / 2.020s) | Generator RTF: 0.0328(0.066s / 2.020s)
generated_audios/generated_H2_128C_int8/672-122797-0050_generated.wav | RTF: 0.2928(1.422s / 4.855s) | Generator RTF: 0.2920(1.418s / 4.855s)
generated_audios/generated_H2_128C_int8/672-122797-0051_generated.wav | RTF: 0.3013(1.405s / 4.665s) | Generator RTF: 0.3006(1.402s / 4.665s)
generated_audios/generated_H2_128C_int8/672-122797-0052_generated.wav | RTF: 0.2839(1.217s / 4.285s) | Generator RTF: 0.2831(1.213s / 4.285s)
generated_audios/generated_H2_128C_int8/672-122797-0053_generated.wav | RTF: 0.0311(0.092s / 2.955s) | Generator RTF: 0.0300(0.089s / 2.955s)
generated_audios/generated_H2_128C_int8/672-122797-0054_generated.wav | RTF: 0.0320(0.136s / 4.250s) | Generator RTF: 0.0312(0.133s / 4.250s)
generated_audios/generated_H2_128C_int8/672-122797-0055_generated.wav | RTF: 0.2790(2.296s / 8.230s) | Generator RTF: 0.2786(2.293s / 8.230s)
generated_audios/generated_H2_128C_int8/672-122797-0056_generated.wav | RTF: 0.0292(0.153s / 5.225s) | Generator RTF: 0.0285(0.149s / 5.225s)
generated_audios/generated_H2_128C_int8/672-122797-0057_generated.wav | RTF: 0.0281(0.184s / 6.560s) | Generator RTF: 0.0275(0.180s / 6.560s)
generated_audios/generated_H2_128C_int8/672-122797-0058_generated.wav | RTF: 0.2953(1.320s / 4.470s) | Generator RTF: 0.2945(1.317s / 4.470s)
generated_audios/generated_H2_128C_int8/672-122797-0059_generated.wav | RTF: 0.2875(1.012s / 3.520s) | Generator RTF: 0.2866(1.009s / 3.520s)
generated_audios/generated_H2_128C_int8/672-122797-0060_generated.wav | RTF: 0.0321(0.107s / 3.350s) | Generator RTF: 0.0311(0.104s / 3.350s)
generated_audios/generated_H2_128C_int8/672-122797-0061_generated.wav | RTF: 0.3032(2.302s / 7.590s) | Generator RTF: 0.3028(2.298s / 7.590s)
generated_audios/generated_H2_128C_int8/672-122797-0062_generated.wav | RTF: 0.3022(0.808s / 2.675s) | Generator RTF: 0.3011(0.805s / 2.675s)
generated_audios/generated_H2_128C_int8/672-122797-0063_generated.wav | RTF: 0.0282(0.143s / 5.075s) | Generator RTF: 0.0275(0.140s / 5.075s)
generated_audios/generated_H2_128C_int8/672-122797-0064_generated.wav | RTF: 0.2953(4.509s / 15.270s) | Generator RTF: 0.2950(4.505s / 15.270s)
generated_audios/generated_H2_128C_int8/672-122797-0065_generated.wav | RTF: 0.0331(0.100s / 3.030s) | Generator RTF: 0.0321(0.097s / 3.030s)
generated_audios/generated_H2_128C_int8/672-122797-0066_generated.wav | RTF: 0.0292(0.140s / 4.815s) | Generator RTF: 0.0285(0.137s / 4.815s)
generated_audios/generated_H2_128C_int8/672-122797-0067_generated.wav | RTF: 0.2823(3.679s / 13.035s) | Generator RTF: 0.2819(3.675s / 13.035s)
generated_audios/generated_H2_128C_int8/672-122797-0068_generated.wav | RTF: 0.0265(0.106s / 4.020s) | Generator RTF: 0.0254(0.102s / 4.020s)
generated_audios/generated_H2_128C_int8/672-122797-0069_generated.wav | RTF: 0.2988(1.497s / 5.010s) | Generator RTF: 0.2981(1.493s / 5.010s)
generated_audios/generated_H2_128C_int8/672-122797-0070_generated.wav | RTF: 0.2782(1.744s / 6.270s) | Generator RTF: 0.2775(1.740s / 6.270s)
generated_audios/generated_H2_128C_int8/672-122797-0071_generated.wav | RTF: 0.2969(2.635s / 8.875s) | Generator RTF: 0.2965(2.631s / 8.875s)
generated_audios/generated_H2_128C_int8/672-122797-0072_generated.wav | RTF: 0.3029(2.405s / 7.940s) | Generator RTF: 0.3025(2.402s / 7.940s)
generated_audios/generated_H2_128C_int8/672-122797-0073_generated.wav | RTF: 0.2977(2.443s / 8.205s) | Generator RTF: 0.2972(2.439s / 8.205s)
generated_audios/generated_H2_128C_int8/672-122797-0074_generated.wav | RTF: 0.2995(2.615s / 8.730s) | Generator RTF: 0.2991(2.611s / 8.730s)
generated_audios/generated_H2_128C_int8/908-157963-0000_generated.wav | RTF: 0.2807(3.542s / 12.620s) | Generator RTF: 0.2804(3.538s / 12.620s)
generated_audios/generated_H2_128C_int8/908-157963-0001_generated.wav | RTF: 0.2931(0.846s / 2.885s) | Generator RTF: 0.2919(0.842s / 2.885s)
generated_audios/generated_H2_128C_int8/908-157963-0002_generated.wav | RTF: 0.2933(0.808s / 2.755s) | Generator RTF: 0.2922(0.805s / 2.755s)
generated_audios/generated_H2_128C_int8/908-157963-0003_generated.wav | RTF: 0.2922(0.900s / 3.080s) | Generator RTF: 0.2913(0.897s / 3.080s)
generated_audios/generated_H2_128C_int8/908-157963-0004_generated.wav | RTF: 0.2950(4.127s / 13.990s) | Generator RTF: 0.2947(4.123s / 13.990s)
generated_audios/generated_H2_128C_int8/908-157963-0005_generated.wav | RTF: 0.2916(2.052s / 7.035s) | Generator RTF: 0.2911(2.048s / 7.035s)
generated_audios/generated_H2_128C_int8/908-157963-0006_generated.wav | RTF: 0.2970(2.408s / 8.110s) | Generator RTF: 0.2964(2.404s / 8.110s)
generated_audios/generated_H2_128C_int8/908-157963-0007_generated.wav | RTF: 0.3024(9.910s / 32.770s) | Generator RTF: 0.3022(9.902s / 32.770s)
generated_audios/generated_H2_128C_int8/908-157963-0008_generated.wav | RTF: 0.2981(5.947s / 19.950s) | Generator RTF: 0.2978(5.942s / 19.950s)
generated_audios/generated_H2_128C_int8/908-157963-0009_generated.wav | RTF: 0.2977(1.209s / 4.060s) | Generator RTF: 0.2970(1.206s / 4.060s)
generated_audios/generated_H2_128C_int8/908-157963-0010_generated.wav | RTF: 0.0245(0.154s / 6.280s) | Generator RTF: 0.0239(0.150s / 6.280s)
generated_audios/generated_H2_128C_int8/908-157963-0011_generated.wav | RTF: 0.0270(0.281s / 10.395s) | Generator RTF: 0.0267(0.277s / 10.395s)
generated_audios/generated_H2_128C_int8/908-157963-0012_generated.wav | RTF: 0.2917(2.944s / 10.090s) | Generator RTF: 0.2913(2.940s / 10.090s)
generated_audios/generated_H2_128C_int8/908-157963-0013_generated.wav | RTF: 0.0296(0.128s / 4.315s) | Generator RTF: 0.0287(0.124s / 4.315s)
generated_audios/generated_H2_128C_int8/908-157963-0014_generated.wav | RTF: 0.0287(0.130s / 4.520s) | Generator RTF: 0.0279(0.126s / 4.520s)
generated_audios/generated_H2_128C_int8/908-157963-0015_generated.wav | RTF: 0.2766(4.000s / 14.465s) | Generator RTF: 0.2763(3.996s / 14.465s)
generated_audios/generated_H2_128C_int8/908-157963-0016_generated.wav | RTF: 0.0283(0.144s / 5.105s) | Generator RTF: 0.0275(0.140s / 5.105s)
generated_audios/generated_H2_128C_int8/908-157963-0017_generated.wav | RTF: 0.2791(1.382s / 4.950s) | Generator RTF: 0.2784(1.378s / 4.950s)
generated_audios/generated_H2_128C_int8/908-157963-0018_generated.wav | RTF: 0.0267(0.114s / 4.255s) | Generator RTF: 0.0258(0.110s / 4.255s)
generated_audios/generated_H2_128C_int8/908-157963-0019_generated.wav | RTF: 0.2992(6.414s / 21.440s) | Generator RTF: 0.2989(6.409s / 21.440s)
generated_audios/generated_H2_128C_int8/908-157963-0020_generated.wav | RTF: 0.2953(2.894s / 9.800s) | Generator RTF: 0.2949(2.890s / 9.800s)
generated_audios/generated_H2_128C_int8/908-157963-0021_generated.wav | RTF: 0.0271(0.278s / 10.240s) | Generator RTF: 0.0267(0.274s / 10.240s)
generated_audios/generated_H2_128C_int8/908-157963-0022_generated.wav | RTF: 0.3005(1.385s / 4.610s) | Generator RTF: 0.2996(1.381s / 4.610s)
generated_audios/generated_H2_128C_int8/908-157963-0023_generated.wav | RTF: 0.3035(2.921s / 9.625s) | Generator RTF: 0.3031(2.917s / 9.625s)
generated_audios/generated_H2_128C_int8/908-157963-0024_generated.wav | RTF: 0.3007(1.034s / 3.440s) | Generator RTF: 0.2997(1.031s / 3.440s)
generated_audios/generated_H2_128C_int8/908-157963-0025_generated.wav | RTF: 0.2822(2.615s / 9.265s) | Generator RTF: 0.2819(2.612s / 9.265s)
generated_audios/generated_H2_128C_int8/908-157963-0026_generated.wav | RTF: 0.2915(2.361s / 8.100s) | Generator RTF: 0.2910(2.357s / 8.100s)
generated_audios/generated_H2_128C_int8/908-157963-0027_generated.wav | RTF: 0.0251(0.131s / 5.225s) | Generator RTF: 0.0244(0.128s / 5.225s)
generated_audios/generated_H2_128C_int8/908-157963-0028_generated.wav | RTF: 0.0253(0.126s / 4.955s) | Generator RTF: 0.0246(0.122s / 4.955s)
generated_audios/generated_H2_128C_int8/908-157963-0029_generated.wav | RTF: 0.2769(1.005s / 3.630s) | Generator RTF: 0.2761(1.002s / 3.630s)
generated_audios/generated_H2_128C_int8/908-157963-0030_generated.wav | RTF: 0.0253(0.114s / 4.520s) | Generator RTF: 0.0244(0.111s / 4.520s)
generated_audios/generated_H2_128C_int8/908-31957-0000_generated.wav | RTF: 0.2846(0.605s / 2.125s) | Generator RTF: 0.2830(0.601s / 2.125s)
generated_audios/generated_H2_128C_int8/908-31957-0001_generated.wav | RTF: 0.2973(3.364s / 11.315s) | Generator RTF: 0.2969(3.360s / 11.315s)
generated_audios/generated_H2_128C_int8/908-31957-0002_generated.wav | RTF: 0.0282(0.135s / 4.790s) | Generator RTF: 0.0275(0.132s / 4.790s)
generated_audios/generated_H2_128C_int8/908-31957-0003_generated.wav | RTF: 0.0244(0.160s / 6.565s) | Generator RTF: 0.0239(0.157s / 6.565s)
generated_audios/generated_H2_128C_int8/908-31957-0004_generated.wav | RTF: 0.2996(4.421s / 14.755s) | Generator RTF: 0.2993(4.416s / 14.755s)
generated_audios/generated_H2_128C_int8/908-31957-0005_generated.wav | RTF: 0.0285(0.128s / 4.490s) | Generator RTF: 0.0276(0.124s / 4.490s)
generated_audios/generated_H2_128C_int8/908-31957-0006_generated.wav | RTF: 0.2768(1.630s / 5.890s) | Generator RTF: 0.2762(1.627s / 5.890s)
generated_audios/generated_H2_128C_int8/908-31957-0007_generated.wav | RTF: 0.0282(0.163s / 5.800s) | Generator RTF: 0.0275(0.159s / 5.800s)
generated_audios/generated_H2_128C_int8/908-31957-0008_generated.wav | RTF: 0.2746(2.747s / 10.005s) | Generator RTF: 0.2742(2.743s / 10.005s)
generated_audios/generated_H2_128C_int8/908-31957-0009_generated.wav | RTF: 0.2769(2.133s / 7.705s) | Generator RTF: 0.2763(2.129s / 7.705s)
generated_audios/generated_H2_128C_int8/908-31957-0010_generated.wav | RTF: 0.2770(0.695s / 2.510s) | Generator RTF: 0.2757(0.692s / 2.510s)
generated_audios/generated_H2_128C_int8/908-31957-0011_generated.wav | RTF: 0.0331(0.077s / 2.335s) | Generator RTF: 0.0317(0.074s / 2.335s)
generated_audios/generated_H2_128C_int8/908-31957-0012_generated.wav | RTF: 0.2912(2.218s / 7.615s) | Generator RTF: 0.2907(2.214s / 7.615s)
generated_audios/generated_H2_128C_int8/908-31957-0013_generated.wav | RTF: 0.2930(1.811s / 6.180s) | Generator RTF: 0.2924(1.807s / 6.180s)
generated_audios/generated_H2_128C_int8/908-31957-0014_generated.wav | RTF: 0.2757(2.084s / 7.560s) | Generator RTF: 0.2752(2.080s / 7.560s)
generated_audios/generated_H2_128C_int8/908-31957-0015_generated.wav | RTF: 0.2834(6.084s / 21.465s) | Generator RTF: 0.2832(6.079s / 21.465s)
generated_audios/generated_H2_128C_int8/908-31957-0016_generated.wav | RTF: 0.2780(1.802s / 6.480s) | Generator RTF: 0.2775(1.798s / 6.480s)
generated_audios/generated_H2_128C_int8/908-31957-0017_generated.wav | RTF: 0.2930(2.284s / 7.795s) | Generator RTF: 0.2925(2.280s / 7.795s)
generated_audios/generated_H2_128C_int8/908-31957-0018_generated.wav | RTF: 0.3016(1.181s / 3.915s) | Generator RTF: 0.3007(1.177s / 3.915s)
generated_audios/generated_H2_128C_int8/908-31957-0019_generated.wav | RTF: 0.3022(2.883s / 9.540s) | Generator RTF: 0.3018(2.879s / 9.540s)
generated_audios/generated_H2_128C_int8/908-31957-0020_generated.wav | RTF: 0.0253(0.149s / 5.895s) | Generator RTF: 0.0246(0.145s / 5.895s)
generated_audios/generated_H2_128C_int8/908-31957-0021_generated.wav | RTF: 0.2822(3.077s / 10.905s) | Generator RTF: 0.2819(3.074s / 10.905s)
generated_audios/generated_H2_128C_int8/908-31957-0022_generated.wav | RTF: 0.2997(4.226s / 14.100s) | Generator RTF: 0.2994(4.222s / 14.100s)
generated_audios/generated_H2_128C_int8/908-31957-0023_generated.wav | RTF: 0.3013(2.565s / 8.515s) | Generator RTF: 0.3008(2.561s / 8.515s)
generated_audios/generated_H2_128C_int8/908-31957-0024_generated.wav | RTF: 0.2924(2.205s / 7.540s) | Generator RTF: 0.2920(2.201s / 7.540s)
generated_audios/generated_H2_128C_int8/908-31957-0025_generated.wav | RTF: 0.2943(6.050s / 20.560s) | Generator RTF: 0.2940(6.045s / 20.560s)
Average RTF: 0.2004(633.330s / 3159.849s)
Average Generator RTF: 0.1999(631.532s / 3159.849s)
Evaluation summary:
  Mel-spectrogram L1: 1.117357
  PESQ: 1.487182
  STOI: 0.847400
Appended per-audio metrics to CSV: per_audio_results/H2_quantized_no_upsample

Appended metrics to CSV: experiments_results.csv
Appended to experiments_results.csv:
H2_128C_quantized_no_upsample,926393,1.613,0.2004,0.1999,1.4871823642253876,0.8474002896685144,1.1173571393489838
========== Done ==========
=== JOB_STATISTICS ===
=== current date     : Sun Jul  5 02:01:53 PM CEST 2026
= Job-ID             : 1428688 on tinyfat
= Job-Name           : inference_128ch_h1-4
= Job-Command        : /home/hpc/vlbi/vlbi107v/hifi-gan/inference_Test.sh
= Initial workdir    : /home/hpc/vlbi/vlbi107v/hifi-gan
= Queue/Partition    : work
= Slurm account      : vlbi with QOS=normal
= Requested resources:  for 1-00:00:00
= Elapsed runtime    : 00:14:12
= Total RAM usage    : 16.5 GiB of requested  GiB (%)   
= Node list          : tf062
= Subm/Elig/Start/End: 2026-07-05T13:47:41 / 2026-07-05T13:47:41 / 2026-07-05T13:47:41 / 2026-07-05T14:01:53
======================
=== Quota infos ======
    Path                 Used     SoftQ    HardQ    Gracetime  Filec    FileQ    FiHaQ    FileGrace    
    /home/woody           281.2G  1000.0G  1500.0G        N/A     118K   5,000K   7,500K        N/A    
    /home/hpc              91.9G   104.9G   209.7G        N/A      86K     500K   1,000K        N/A    
======================
