### Starting TaskPrologue of job 1428669 on tf093 at Sun Jul  5 01:41:34 PM CEST 2026
Running on cores 48-55,112-119 with governor ondemand
No GPU known
### Finished TaskPrologue

==========(sbatch.tinyfat) Inference: 128 Channels (g_07960000) ==========
========== H2: quantized (INT8 dynamic quantization) ==========
Initializing Inference Process..
Using device: cpu (baseline and quantized inference both run on CPU)
Quantization enabled: forcing CPU inference for INT8 model.
Loading '/home/hpc/vlbi/vlbi107v/hifi-gan/cp_hifigan/v1_c128/g_07960000'
Complete.
Checkpoint contains weight_norm parameters. Keeping weight_norm wrappers for loading...
Removing weight norm...
Calibrating static quantization using 50 samples...
INT8 quantization scope: resblocks_range
Quantizing residual blocks 1..10; all other layers stay FP32.
Checking quantized modules after static quantization:
Quantized module: resblocks.1.convs1.0 (torch.ao.nn.quantized.modules.conv.Conv1d)
Quantized module: resblocks.1.convs1.1 (torch.ao.nn.quantized.modules.conv.Conv1d)
Quantized module: resblocks.1.convs1.2 (torch.ao.nn.quantized.modules.conv.Conv1d)
Quantized module: resblocks.1.convs2.0 (torch.ao.nn.quantized.modules.conv.Conv1d)
Quantized module: resblocks.1.convs2.1 (torch.ao.nn.quantized.modules.conv.Conv1d)
Quantized module: resblocks.1.convs2.2 (torch.ao.nn.quantized.modules.conv.Conv1d)
Quantized module: resblocks.2.convs1.0 (torch.ao.nn.quantized.modules.conv.Conv1d)
Quantized module: resblocks.2.convs1.1 (torch.ao.nn.quantized.modules.conv.Conv1d)
Quantized module: resblocks.2.convs1.2 (torch.ao.nn.quantized.modules.conv.Conv1d)
Quantized module: resblocks.2.convs2.0 (torch.ao.nn.quantized.modules.conv.Conv1d)
Quantized module: resblocks.2.convs2.1 (torch.ao.nn.quantized.modules.conv.Conv1d)
Quantized module: resblocks.2.convs2.2 (torch.ao.nn.quantized.modules.conv.Conv1d)
Quantized module: resblocks.3.convs1.0 (torch.ao.nn.quantized.modules.conv.Conv1d)
Quantized module: resblocks.3.convs1.1 (torch.ao.nn.quantized.modules.conv.Conv1d)
Quantized module: resblocks.3.convs1.2 (torch.ao.nn.quantized.modules.conv.Conv1d)
Quantized module: resblocks.3.convs2.0 (torch.ao.nn.quantized.modules.conv.Conv1d)
Quantized module: resblocks.3.convs2.1 (torch.ao.nn.quantized.modules.conv.Conv1d)
Quantized module: resblocks.3.convs2.2 (torch.ao.nn.quantized.modules.conv.Conv1d)
Quantized module: resblocks.4.convs1.0 (torch.ao.nn.quantized.modules.conv.Conv1d)
Quantized module: resblocks.4.convs1.1 (torch.ao.nn.quantized.modules.conv.Conv1d)
Quantized module: resblocks.4.convs1.2 (torch.ao.nn.quantized.modules.conv.Conv1d)
Quantized module: resblocks.4.convs2.0 (torch.ao.nn.quantized.modules.conv.Conv1d)
Quantized module: resblocks.4.convs2.1 (torch.ao.nn.quantized.modules.conv.Conv1d)
Quantized module: resblocks.4.convs2.2 (torch.ao.nn.quantized.modules.conv.Conv1d)
Quantized module: resblocks.5.convs1.0 (torch.ao.nn.quantized.modules.conv.Conv1d)
Quantized module: resblocks.5.convs1.1 (torch.ao.nn.quantized.modules.conv.Conv1d)
Quantized module: resblocks.5.convs1.2 (torch.ao.nn.quantized.modules.conv.Conv1d)
Quantized module: resblocks.5.convs2.0 (torch.ao.nn.quantized.modules.conv.Conv1d)
Quantized module: resblocks.5.convs2.1 (torch.ao.nn.quantized.modules.conv.Conv1d)
Quantized module: resblocks.5.convs2.2 (torch.ao.nn.quantized.modules.conv.Conv1d)
Quantized module: resblocks.6.convs1.0 (torch.ao.nn.quantized.modules.conv.Conv1d)
Quantized module: resblocks.6.convs1.1 (torch.ao.nn.quantized.modules.conv.Conv1d)
Quantized module: resblocks.6.convs1.2 (torch.ao.nn.quantized.modules.conv.Conv1d)
Quantized module: resblocks.6.convs2.0 (torch.ao.nn.quantized.modules.conv.Conv1d)
Quantized module: resblocks.6.convs2.1 (torch.ao.nn.quantized.modules.conv.Conv1d)
Quantized module: resblocks.6.convs2.2 (torch.ao.nn.quantized.modules.conv.Conv1d)
Quantized module: resblocks.7.convs1.0 (torch.ao.nn.quantized.modules.conv.Conv1d)
Quantized module: resblocks.7.convs1.1 (torch.ao.nn.quantized.modules.conv.Conv1d)
Quantized module: resblocks.7.convs1.2 (torch.ao.nn.quantized.modules.conv.Conv1d)
Quantized module: resblocks.7.convs2.0 (torch.ao.nn.quantized.modules.conv.Conv1d)
Quantized module: resblocks.7.convs2.1 (torch.ao.nn.quantized.modules.conv.Conv1d)
Quantized module: resblocks.7.convs2.2 (torch.ao.nn.quantized.modules.conv.Conv1d)
Quantized module: resblocks.8.convs1.0 (torch.ao.nn.quantized.modules.conv.Conv1d)
Quantized module: resblocks.8.convs1.1 (torch.ao.nn.quantized.modules.conv.Conv1d)
Quantized module: resblocks.8.convs1.2 (torch.ao.nn.quantized.modules.conv.Conv1d)
Quantized module: resblocks.8.convs2.0 (torch.ao.nn.quantized.modules.conv.Conv1d)
Quantized module: resblocks.8.convs2.1 (torch.ao.nn.quantized.modules.conv.Conv1d)
Quantized module: resblocks.8.convs2.2 (torch.ao.nn.quantized.modules.conv.Conv1d)
Quantized module: resblocks.9.convs1.0 (torch.ao.nn.quantized.modules.conv.Conv1d)
Quantized module: resblocks.9.convs1.1 (torch.ao.nn.quantized.modules.conv.Conv1d)
Quantized module: resblocks.9.convs1.2 (torch.ao.nn.quantized.modules.conv.Conv1d)
Quantized module: resblocks.9.convs2.0 (torch.ao.nn.quantized.modules.conv.Conv1d)
Quantized module: resblocks.9.convs2.1 (torch.ao.nn.quantized.modules.conv.Conv1d)
Quantized module: resblocks.9.convs2.2 (torch.ao.nn.quantized.modules.conv.Conv1d)
Quantized module: resblocks.10.convs1.0 (torch.ao.nn.quantized.modules.conv.Conv1d)
Quantized module: resblocks.10.convs1.1 (torch.ao.nn.quantized.modules.conv.Conv1d)
Quantized module: resblocks.10.convs1.2 (torch.ao.nn.quantized.modules.conv.Conv1d)
Quantized module: resblocks.10.convs2.0 (torch.ao.nn.quantized.modules.conv.Conv1d)
Quantized module: resblocks.10.convs2.1 (torch.ao.nn.quantized.modules.conv.Conv1d)
Quantized module: resblocks.10.convs2.2 (torch.ao.nn.quantized.modules.conv.Conv1d)
Saving checkpoint to /home/hpc/vlbi/vlbi107v/hifi-gan/cp_hifigan/v1_c128/compressed_checkpoint_int8
Complete.
Saved compressed checkpoint: /home/hpc/vlbi/vlbi107v/hifi-gan/cp_hifigan/v1_c128/compressed_checkpoint_int8 (1.979 MB)
Compressed checkpoint parameters: 926,225
Loaded checkpoint: /home/hpc/vlbi/vlbi107v/hifi-gan/cp_hifigan/v1_c128/g_07960000 (3.617 MB)
Generator parameters: 926,225
generated_audios/generated_H2_128C_int8/1089-134686-0000_generated.wav | RTF: 0.0277(0.289s / 10.435s) | Generator RTF: 0.0274(0.286s / 10.435s)
generated_audios/generated_H2_128C_int8/1089-134686-0001_generated.wav | RTF: 0.0296(0.097s / 3.275s) | Generator RTF: 0.0285(0.093s / 3.275s)
generated_audios/generated_H2_128C_int8/1089-134686-0002_generated.wav | RTF: 0.0270(0.179s / 6.625s) | Generator RTF: 0.0265(0.175s / 6.625s)
generated_audios/generated_H2_128C_int8/1089-134686-0003_generated.wav | RTF: 0.0266(0.071s / 2.680s) | Generator RTF: 0.0253(0.068s / 2.680s)
generated_audios/generated_H2_128C_int8/1089-134686-0004_generated.wav | RTF: 0.0235(0.122s / 5.215s) | Generator RTF: 0.0228(0.119s / 5.215s)
generated_audios/generated_H2_128C_int8/1089-134686-0005_generated.wav | RTF: 0.0240(0.231s / 9.635s) | Generator RTF: 0.0236(0.227s / 9.635s)
generated_audios/generated_H2_128C_int8/1089-134686-0006_generated.wav | RTF: 0.0260(0.274s / 10.555s) | Generator RTF: 0.0255(0.269s / 10.555s)
generated_audios/generated_H2_128C_int8/1089-134686-0007_generated.wav | RTF: 0.0256(0.110s / 4.275s) | Generator RTF: 0.0248(0.106s / 4.275s)
generated_audios/generated_H2_128C_int8/1089-134686-0008_generated.wav | RTF: 0.0199(0.134s / 6.730s) | Generator RTF: 0.0193(0.130s / 6.730s)
generated_audios/generated_H2_128C_int8/1089-134686-0009_generated.wav | RTF: 0.0238(0.251s / 10.575s) | Generator RTF: 0.0234(0.247s / 10.575s)
generated_audios/generated_H2_128C_int8/1089-134686-0010_generated.wav | RTF: 0.0243(0.107s / 4.405s) | Generator RTF: 0.0235(0.103s / 4.405s)
generated_audios/generated_H2_128C_int8/1089-134686-0011_generated.wav | RTF: 0.0253(0.315s / 12.445s) | Generator RTF: 0.0250(0.311s / 12.445s)
generated_audios/generated_H2_128C_int8/1089-134686-0012_generated.wav | RTF: 0.0279(0.325s / 11.640s) | Generator RTF: 0.0275(0.320s / 11.640s)
generated_audios/generated_H2_128C_int8/1089-134686-0013_generated.wav | RTF: 0.0260(0.205s / 7.915s) | Generator RTF: 0.0254(0.201s / 7.915s)
generated_audios/generated_H2_128C_int8/1089-134686-0014_generated.wav | RTF: 0.0288(0.064s / 2.225s) | Generator RTF: 0.0273(0.061s / 2.225s)
generated_audios/generated_H2_128C_int8/1089-134686-0015_generated.wav | RTF: 0.0239(0.139s / 5.815s) | Generator RTF: 0.0235(0.137s / 5.815s)
generated_audios/generated_H2_128C_int8/1089-134686-0016_generated.wav | RTF: 0.0255(0.090s / 3.540s) | Generator RTF: 0.0246(0.087s / 3.540s)
generated_audios/generated_H2_128C_int8/1089-134686-0017_generated.wav | RTF: 0.0250(0.221s / 8.870s) | Generator RTF: 0.0245(0.217s / 8.870s)
generated_audios/generated_H2_128C_int8/1089-134686-0018_generated.wav | RTF: 0.0246(0.387s / 15.720s) | Generator RTF: 0.0243(0.382s / 15.720s)
generated_audios/generated_H2_128C_int8/1089-134686-0019_generated.wav | RTF: 0.0250(0.347s / 13.895s) | Generator RTF: 0.0246(0.342s / 13.895s)
generated_audios/generated_H2_128C_int8/1089-134686-0020_generated.wav | RTF: 0.0270(0.453s / 16.790s) | Generator RTF: 0.0267(0.449s / 16.790s)
generated_audios/generated_H2_128C_int8/1089-134686-0021_generated.wav | RTF: 0.0257(0.169s / 6.550s) | Generator RTF: 0.0251(0.165s / 6.550s)
generated_audios/generated_H2_128C_int8/1089-134686-0022_generated.wav | RTF: 0.0238(0.266s / 11.175s) | Generator RTF: 0.0234(0.262s / 11.175s)
generated_audios/generated_H2_128C_int8/1089-134686-0023_generated.wav | RTF: 0.0261(0.346s / 13.275s) | Generator RTF: 0.0258(0.342s / 13.275s)
generated_audios/generated_H2_128C_int8/1089-134686-0024_generated.wav | RTF: 0.0243(0.283s / 11.655s) | Generator RTF: 0.0239(0.278s / 11.655s)
generated_audios/generated_H2_128C_int8/1089-134686-0025_generated.wav | RTF: 0.0236(0.156s / 6.610s) | Generator RTF: 0.0230(0.152s / 6.610s)
generated_audios/generated_H2_128C_int8/1089-134686-0026_generated.wav | RTF: 0.0289(0.116s / 4.010s) | Generator RTF: 0.0280(0.112s / 4.010s)
generated_audios/generated_H2_128C_int8/1089-134686-0027_generated.wav | RTF: 0.0272(0.074s / 2.710s) | Generator RTF: 0.0260(0.070s / 2.710s)
generated_audios/generated_H2_128C_int8/1089-134686-0028_generated.wav | RTF: 0.0243(0.190s / 7.830s) | Generator RTF: 0.0238(0.187s / 7.830s)
generated_audios/generated_H2_128C_int8/1089-134686-0029_generated.wav | RTF: 0.0282(0.132s / 4.670s) | Generator RTF: 0.0274(0.128s / 4.670s)
generated_audios/generated_H2_128C_int8/1089-134686-0030_generated.wav | RTF: 0.0221(0.060s / 2.715s) | Generator RTF: 0.0209(0.057s / 2.715s)
generated_audios/generated_H2_128C_int8/1089-134686-0031_generated.wav | RTF: 0.0211(0.140s / 6.615s) | Generator RTF: 0.0207(0.137s / 6.615s)
generated_audios/generated_H2_128C_int8/121-121726-0000_generated.wav | RTF: 0.0246(0.208s / 8.460s) | Generator RTF: 0.0241(0.204s / 8.460s)
generated_audios/generated_H2_128C_int8/121-121726-0001_generated.wav | RTF: 0.0276(0.163s / 5.925s) | Generator RTF: 0.0270(0.160s / 5.925s)
generated_audios/generated_H2_128C_int8/121-121726-0002_generated.wav | RTF: 0.0208(0.092s / 4.410s) | Generator RTF: 0.0200(0.088s / 4.410s)
generated_audios/generated_H2_128C_int8/121-121726-0003_generated.wav | RTF: 0.0240(0.162s / 6.755s) | Generator RTF: 0.0234(0.158s / 6.755s)
generated_audios/generated_H2_128C_int8/121-121726-0004_generated.wav | RTF: 0.0244(0.098s / 4.020s) | Generator RTF: 0.0235(0.094s / 4.020s)
generated_audios/generated_H2_128C_int8/121-121726-0005_generated.wav | RTF: 0.0258(0.080s / 3.100s) | Generator RTF: 0.0246(0.076s / 3.100s)
generated_audios/generated_H2_128C_int8/121-121726-0006_generated.wav | RTF: 0.0248(0.097s / 3.895s) | Generator RTF: 0.0239(0.093s / 3.895s)
generated_audios/generated_H2_128C_int8/121-121726-0007_generated.wav | RTF: 0.0201(0.135s / 6.730s) | Generator RTF: 0.0195(0.131s / 6.730s)
generated_audios/generated_H2_128C_int8/121-121726-0008_generated.wav | RTF: 0.0271(0.135s / 4.990s) | Generator RTF: 0.0264(0.132s / 4.990s)
generated_audios/generated_H2_128C_int8/121-121726-0009_generated.wav | RTF: 0.0243(0.176s / 7.260s) | Generator RTF: 0.0237(0.172s / 7.260s)
generated_audios/generated_H2_128C_int8/121-121726-0010_generated.wav | RTF: 0.0235(0.230s / 9.810s) | Generator RTF: 0.0230(0.226s / 9.810s)
generated_audios/generated_H2_128C_int8/121-121726-0011_generated.wav | RTF: 0.0255(0.103s / 4.035s) | Generator RTF: 0.0247(0.099s / 4.035s)
generated_audios/generated_H2_128C_int8/121-121726-0012_generated.wav | RTF: 0.0308(0.124s / 4.045s) | Generator RTF: 0.0299(0.121s / 4.045s)
generated_audios/generated_H2_128C_int8/121-121726-0013_generated.wav | RTF: 0.0278(0.069s / 2.490s) | Generator RTF: 0.0265(0.066s / 2.490s)
generated_audios/generated_H2_128C_int8/121-121726-0014_generated.wav | RTF: 0.0259(0.082s / 3.165s) | Generator RTF: 0.0248(0.079s / 3.165s)
generated_audios/generated_H2_128C_int8/121-123852-0000_generated.wav | RTF: 0.0271(0.480s / 17.695s) | Generator RTF: 0.0268(0.475s / 17.695s)
generated_audios/generated_H2_128C_int8/121-123852-0001_generated.wav | RTF: 0.0300(0.056s / 1.870s) | Generator RTF: 0.0283(0.053s / 1.870s)
generated_audios/generated_H2_128C_int8/121-123852-0002_generated.wav | RTF: 0.0269(0.465s / 17.285s) | Generator RTF: 0.0266(0.460s / 17.285s)
generated_audios/generated_H2_128C_int8/121-123852-0003_generated.wav | RTF: 0.3050(7.169s / 23.505s) | Generator RTF: 0.3047(7.163s / 23.505s)
generated_audios/generated_H2_128C_int8/121-123852-0004_generated.wav | RTF: 0.2775(4.521s / 16.290s) | Generator RTF: 0.2772(4.516s / 16.290s)
generated_audios/generated_H2_128C_int8/121-123859-0000_generated.wav | RTF: 0.2655(4.616s / 17.390s) | Generator RTF: 0.2652(4.611s / 17.390s)
generated_audios/generated_H2_128C_int8/121-123859-0001_generated.wav | RTF: 0.2727(6.924s / 25.395s) | Generator RTF: 0.2724(6.919s / 25.395s)
generated_audios/generated_H2_128C_int8/121-123859-0002_generated.wav | RTF: 0.2835(8.517s / 30.040s) | Generator RTF: 0.2833(8.511s / 30.040s)
generated_audios/generated_H2_128C_int8/121-123859-0003_generated.wav | RTF: 0.2568(2.780s / 10.825s) | Generator RTF: 0.2564(2.776s / 10.825s)
generated_audios/generated_H2_128C_int8/121-123859-0004_generated.wav | RTF: 0.2603(2.474s / 9.505s) | Generator RTF: 0.2598(2.469s / 9.505s)
generated_audios/generated_H2_128C_int8/121-127105-0000_generated.wav | RTF: 0.2587(2.555s / 9.875s) | Generator RTF: 0.2582(2.550s / 9.875s)
generated_audios/generated_H2_128C_int8/121-127105-0001_generated.wav | RTF: 0.2430(1.221s / 5.025s) | Generator RTF: 0.2423(1.218s / 5.025s)
generated_audios/generated_H2_128C_int8/121-127105-0002_generated.wav | RTF: 0.2418(1.812s / 7.495s) | Generator RTF: 0.2413(1.808s / 7.495s)
generated_audios/generated_H2_128C_int8/121-127105-0003_generated.wav | RTF: 0.2541(1.963s / 7.725s) | Generator RTF: 0.2536(1.959s / 7.725s)
generated_audios/generated_H2_128C_int8/121-127105-0004_generated.wav | RTF: 0.2512(0.530s / 2.110s) | Generator RTF: 0.2498(0.527s / 2.110s)
generated_audios/generated_H2_128C_int8/121-127105-0005_generated.wav | RTF: 0.2454(1.428s / 5.820s) | Generator RTF: 0.2447(1.424s / 5.820s)
generated_audios/generated_H2_128C_int8/121-127105-0006_generated.wav | RTF: 0.2565(1.212s / 4.725s) | Generator RTF: 0.2557(1.208s / 4.725s)
generated_audios/generated_H2_128C_int8/121-127105-0007_generated.wav | RTF: 0.2472(1.431s / 5.790s) | Generator RTF: 0.2468(1.429s / 5.790s)
generated_audios/generated_H2_128C_int8/121-127105-0008_generated.wav | RTF: 0.2519(0.695s / 2.760s) | Generator RTF: 0.2507(0.692s / 2.760s)
generated_audios/generated_H2_128C_int8/121-127105-0009_generated.wav | RTF: 0.2530(0.579s / 2.290s) | Generator RTF: 0.2522(0.578s / 2.290s)
generated_audios/generated_H2_128C_int8/121-127105-0010_generated.wav | RTF: 0.2478(0.706s / 2.850s) | Generator RTF: 0.2467(0.703s / 2.850s)
generated_audios/generated_H2_128C_int8/121-127105-0011_generated.wav | RTF: 0.2539(1.467s / 5.780s) | Generator RTF: 0.2533(1.464s / 5.780s)
generated_audios/generated_H2_128C_int8/121-127105-0012_generated.wav | RTF: 0.2589(1.251s / 4.830s) | Generator RTF: 0.2582(1.247s / 4.830s)
generated_audios/generated_H2_128C_int8/121-127105-0013_generated.wav | RTF: 0.2429(1.432s / 5.895s) | Generator RTF: 0.2423(1.428s / 5.895s)
generated_audios/generated_H2_128C_int8/121-127105-0014_generated.wav | RTF: 0.2369(0.534s / 2.255s) | Generator RTF: 0.2355(0.531s / 2.255s)
generated_audios/generated_H2_128C_int8/121-127105-0015_generated.wav | RTF: 0.2511(0.743s / 2.960s) | Generator RTF: 0.2500(0.740s / 2.960s)
generated_audios/generated_H2_128C_int8/121-127105-0016_generated.wav | RTF: 0.2407(0.489s / 2.030s) | Generator RTF: 0.2390(0.485s / 2.030s)
generated_audios/generated_H2_128C_int8/121-127105-0017_generated.wav | RTF: 0.2521(0.679s / 2.695s) | Generator RTF: 0.2509(0.676s / 2.695s)
generated_audios/generated_H2_128C_int8/121-127105-0018_generated.wav | RTF: 0.2524(0.699s / 2.770s) | Generator RTF: 0.2512(0.696s / 2.770s)
generated_audios/generated_H2_128C_int8/121-127105-0019_generated.wav | RTF: 0.2391(0.843s / 3.525s) | Generator RTF: 0.2381(0.839s / 3.525s)
generated_audios/generated_H2_128C_int8/121-127105-0020_generated.wav | RTF: 0.2714(3.895s / 14.355s) | Generator RTF: 0.2710(3.891s / 14.355s)
generated_audios/generated_H2_128C_int8/121-127105-0021_generated.wav | RTF: 0.2424(0.485s / 2.000s) | Generator RTF: 0.2410(0.482s / 2.000s)
generated_audios/generated_H2_128C_int8/121-127105-0022_generated.wav | RTF: 0.2521(1.279s / 5.075s) | Generator RTF: 0.2514(1.276s / 5.075s)
generated_audios/generated_H2_128C_int8/121-127105-0023_generated.wav | RTF: 0.2438(2.659s / 10.910s) | Generator RTF: 0.2434(2.655s / 10.910s)
generated_audios/generated_H2_128C_int8/121-127105-0024_generated.wav | RTF: 0.2817(4.070s / 14.450s) | Generator RTF: 0.2813(4.065s / 14.450s)
generated_audios/generated_H2_128C_int8/121-127105-0025_generated.wav | RTF: 0.2691(4.323s / 16.065s) | Generator RTF: 0.2688(4.318s / 16.065s)
generated_audios/generated_H2_128C_int8/121-127105-0026_generated.wav | RTF: 0.2419(1.822s / 7.530s) | Generator RTF: 0.2414(1.818s / 7.530s)
generated_audios/generated_H2_128C_int8/121-127105-0027_generated.wav | RTF: 0.2710(3.759s / 13.870s) | Generator RTF: 0.2707(3.755s / 13.870s)
generated_audios/generated_H2_128C_int8/121-127105-0028_generated.wav | RTF: 0.0231(0.156s / 6.750s) | Generator RTF: 0.0225(0.152s / 6.750s)
generated_audios/generated_H2_128C_int8/121-127105-0029_generated.wav | RTF: 0.2537(1.854s / 7.310s) | Generator RTF: 0.2531(1.850s / 7.310s)
generated_audios/generated_H2_128C_int8/121-127105-0030_generated.wav | RTF: 0.2477(0.539s / 2.175s) | Generator RTF: 0.2461(0.535s / 2.175s)
generated_audios/generated_H2_128C_int8/121-127105-0031_generated.wav | RTF: 0.2412(2.597s / 10.765s) | Generator RTF: 0.2409(2.593s / 10.765s)
generated_audios/generated_H2_128C_int8/121-127105-0032_generated.wav | RTF: 0.2387(0.757s / 3.170s) | Generator RTF: 0.2376(0.753s / 3.170s)
generated_audios/generated_H2_128C_int8/121-127105-0033_generated.wav | RTF: 0.2480(0.584s / 2.355s) | Generator RTF: 0.2467(0.581s / 2.355s)
generated_audios/generated_H2_128C_int8/121-127105-0034_generated.wav | RTF: 0.2596(1.923s / 7.410s) | Generator RTF: 0.2590(1.920s / 7.410s)
generated_audios/generated_H2_128C_int8/121-127105-0035_generated.wav | RTF: 0.2691(3.808s / 14.150s) | Generator RTF: 0.2687(3.803s / 14.150s)
generated_audios/generated_H2_128C_int8/121-127105-0036_generated.wav | RTF: 0.2391(0.992s / 4.150s) | Generator RTF: 0.2381(0.988s / 4.150s)
generated_audios/generated_H2_128C_int8/237-126133-0000_generated.wav | RTF: 0.2834(3.767s / 13.290s) | Generator RTF: 0.2831(3.762s / 13.290s)
generated_audios/generated_H2_128C_int8/237-126133-0001_generated.wav | RTF: 0.2834(3.391s / 11.965s) | Generator RTF: 0.2830(3.386s / 11.965s)
generated_audios/generated_H2_128C_int8/237-126133-0002_generated.wav | RTF: 0.2469(2.203s / 8.920s) | Generator RTF: 0.2465(2.198s / 8.920s)
generated_audios/generated_H2_128C_int8/237-126133-0003_generated.wav | RTF: 0.2540(1.667s / 6.560s) | Generator RTF: 0.2535(1.663s / 6.560s)
generated_audios/generated_H2_128C_int8/237-126133-0004_generated.wav | RTF: 0.2561(0.844s / 3.295s) | Generator RTF: 0.2551(0.841s / 3.295s)
generated_audios/generated_H2_128C_int8/237-126133-0005_generated.wav | RTF: 0.2588(1.685s / 6.510s) | Generator RTF: 0.2582(1.681s / 6.510s)
generated_audios/generated_H2_128C_int8/237-126133-0006_generated.wav | RTF: 0.2563(1.576s / 6.150s) | Generator RTF: 0.2557(1.573s / 6.150s)
generated_audios/generated_H2_128C_int8/237-126133-0007_generated.wav | RTF: 0.2446(2.123s / 8.680s) | Generator RTF: 0.2442(2.119s / 8.680s)
generated_audios/generated_H2_128C_int8/237-126133-0008_generated.wav | RTF: 0.2540(0.982s / 3.865s) | Generator RTF: 0.2531(0.978s / 3.865s)
generated_audios/generated_H2_128C_int8/237-126133-0009_generated.wav | RTF: 0.2488(0.988s / 3.970s) | Generator RTF: 0.2479(0.984s / 3.970s)
generated_audios/generated_H2_128C_int8/237-126133-0010_generated.wav | RTF: 0.2435(1.519s / 6.240s) | Generator RTF: 0.2430(1.516s / 6.240s)
generated_audios/generated_H2_128C_int8/237-126133-0011_generated.wav | RTF: 0.2616(1.756s / 6.710s) | Generator RTF: 0.2611(1.752s / 6.710s)
generated_audios/generated_H2_128C_int8/237-126133-0012_generated.wav | RTF: 0.2621(1.166s / 4.450s) | Generator RTF: 0.2613(1.163s / 4.450s)
generated_audios/generated_H2_128C_int8/237-126133-0013_generated.wav | RTF: 0.2567(1.749s / 6.815s) | Generator RTF: 0.2561(1.746s / 6.815s)
generated_audios/generated_H2_128C_int8/237-126133-0014_generated.wav | RTF: 0.2596(1.763s / 6.790s) | Generator RTF: 0.2591(1.759s / 6.790s)
generated_audios/generated_H2_128C_int8/237-126133-0015_generated.wav | RTF: 0.2457(2.295s / 9.340s) | Generator RTF: 0.2453(2.291s / 9.340s)
generated_audios/generated_H2_128C_int8/237-126133-0016_generated.wav | RTF: 0.2440(1.037s / 4.250s) | Generator RTF: 0.2431(1.033s / 4.250s)
generated_audios/generated_H2_128C_int8/237-126133-0017_generated.wav | RTF: 0.2456(1.525s / 6.210s) | Generator RTF: 0.2451(1.522s / 6.210s)
generated_audios/generated_H2_128C_int8/237-126133-0018_generated.wav | RTF: 0.2592(1.061s / 4.095s) | Generator RTF: 0.2584(1.058s / 4.095s)
generated_audios/generated_H2_128C_int8/237-126133-0019_generated.wav | RTF: 0.2610(1.858s / 7.120s) | Generator RTF: 0.2604(1.854s / 7.120s)
generated_audios/generated_H2_128C_int8/237-126133-0020_generated.wav | RTF: 0.2381(0.533s / 2.240s) | Generator RTF: 0.2366(0.530s / 2.240s)
generated_audios/generated_H2_128C_int8/237-126133-0021_generated.wav | RTF: 0.2419(1.056s / 4.365s) | Generator RTF: 0.2411(1.052s / 4.365s)
generated_audios/generated_H2_128C_int8/237-126133-0022_generated.wav | RTF: 0.2578(1.299s / 5.040s) | Generator RTF: 0.2573(1.297s / 5.040s)
generated_audios/generated_H2_128C_int8/237-126133-0023_generated.wav | RTF: 0.2569(1.715s / 6.675s) | Generator RTF: 0.2563(1.711s / 6.675s)
generated_audios/generated_H2_128C_int8/237-126133-0024_generated.wav | RTF: 0.2604(2.516s / 9.665s) | Generator RTF: 0.2599(2.512s / 9.665s)
generated_audios/generated_H2_128C_int8/237-126133-0025_generated.wav | RTF: 0.2526(0.949s / 3.755s) | Generator RTF: 0.2518(0.945s / 3.755s)
generated_audios/generated_H2_128C_int8/237-134493-0000_generated.wav | RTF: 0.2615(1.073s / 4.105s) | Generator RTF: 0.2607(1.070s / 4.105s)
generated_audios/generated_H2_128C_int8/237-134493-0001_generated.wav | RTF: 0.2540(1.875s / 7.380s) | Generator RTF: 0.2534(1.870s / 7.380s)
generated_audios/generated_H2_128C_int8/237-134493-0002_generated.wav | RTF: 0.2695(3.071s / 11.395s) | Generator RTF: 0.2692(3.067s / 11.395s)
generated_audios/generated_H2_128C_int8/237-134493-0003_generated.wav | RTF: 0.2813(3.590s / 12.765s) | Generator RTF: 0.2809(3.586s / 12.765s)
generated_audios/generated_H2_128C_int8/237-134493-0004_generated.wav | RTF: 0.2611(1.782s / 6.825s) | Generator RTF: 0.2605(1.778s / 6.825s)
generated_audios/generated_H2_128C_int8/237-134493-0005_generated.wav | RTF: 0.2464(2.696s / 10.945s) | Generator RTF: 0.2460(2.693s / 10.945s)
generated_audios/generated_H2_128C_int8/237-134493-0006_generated.wav | RTF: 0.2436(1.071s / 4.395s) | Generator RTF: 0.2428(1.067s / 4.395s)
generated_audios/generated_H2_128C_int8/237-134493-0007_generated.wav | RTF: 0.2411(0.491s / 2.035s) | Generator RTF: 0.2396(0.488s / 2.035s)
generated_audios/generated_H2_128C_int8/237-134493-0008_generated.wav | RTF: 0.2387(0.550s / 2.305s) | Generator RTF: 0.2374(0.547s / 2.305s)
generated_audios/generated_H2_128C_int8/237-134493-0009_generated.wav | RTF: 0.2567(0.764s / 2.975s) | Generator RTF: 0.2556(0.760s / 2.975s)
generated_audios/generated_H2_128C_int8/237-134493-0010_generated.wav | RTF: 0.2536(0.729s / 2.875s) | Generator RTF: 0.2525(0.726s / 2.875s)
generated_audios/generated_H2_128C_int8/237-134493-0011_generated.wav | RTF: 0.2617(1.318s / 5.035s) | Generator RTF: 0.2611(1.314s / 5.035s)
generated_audios/generated_H2_128C_int8/237-134493-0012_generated.wav | RTF: 0.2423(0.887s / 3.660s) | Generator RTF: 0.2413(0.883s / 3.660s)
generated_audios/generated_H2_128C_int8/237-134493-0013_generated.wav | RTF: 0.0221(0.091s / 4.090s) | Generator RTF: 0.0213(0.087s / 4.090s)
generated_audios/generated_H2_128C_int8/237-134493-0014_generated.wav | RTF: 0.2468(0.913s / 3.700s) | Generator RTF: 0.2459(0.910s / 3.700s)
generated_audios/generated_H2_128C_int8/237-134493-0015_generated.wav | RTF: 0.0261(0.171s / 6.550s) | Generator RTF: 0.0255(0.167s / 6.550s)
generated_audios/generated_H2_128C_int8/237-134493-0016_generated.wav | RTF: 0.2621(2.643s / 10.085s) | Generator RTF: 0.2617(2.639s / 10.085s)
generated_audios/generated_H2_128C_int8/237-134493-0017_generated.wav | RTF: 0.2593(2.361s / 9.105s) | Generator RTF: 0.2588(2.357s / 9.105s)
generated_audios/generated_H2_128C_int8/237-134493-0018_generated.wav | RTF: 0.2589(1.240s / 4.790s) | Generator RTF: 0.2582(1.237s / 4.790s)
generated_audios/generated_H2_128C_int8/237-134500-0000_generated.wav | RTF: 0.2568(1.574s / 6.130s) | Generator RTF: 0.2562(1.570s / 6.130s)
generated_audios/generated_H2_128C_int8/237-134500-0001_generated.wav | RTF: 0.2361(0.427s / 1.810s) | Generator RTF: 0.2344(0.424s / 1.810s)
generated_audios/generated_H2_128C_int8/237-134500-0002_generated.wav | RTF: 0.2591(1.313s / 5.070s) | Generator RTF: 0.2584(1.310s / 5.070s)
generated_audios/generated_H2_128C_int8/237-134500-0003_generated.wav | RTF: 0.0268(0.085s / 3.170s) | Generator RTF: 0.0258(0.082s / 3.170s)
generated_audios/generated_H2_128C_int8/237-134500-0004_generated.wav | RTF: 0.0279(0.062s / 2.225s) | Generator RTF: 0.0265(0.059s / 2.225s)
generated_audios/generated_H2_128C_int8/237-134500-0005_generated.wav | RTF: 0.2477(0.592s / 2.390s) | Generator RTF: 0.2464(0.589s / 2.390s)
generated_audios/generated_H2_128C_int8/237-134500-0006_generated.wav | RTF: 0.2437(1.030s / 4.225s) | Generator RTF: 0.2430(1.027s / 4.225s)
generated_audios/generated_H2_128C_int8/237-134500-0007_generated.wav | RTF: 0.0236(0.056s / 2.390s) | Generator RTF: 0.0223(0.053s / 2.390s)
generated_audios/generated_H2_128C_int8/237-134500-0008_generated.wav | RTF: 0.0212(0.080s / 3.760s) | Generator RTF: 0.0205(0.077s / 3.760s)
generated_audios/generated_H2_128C_int8/237-134500-0009_generated.wav | RTF: 0.0239(0.053s / 2.220s) | Generator RTF: 0.0225(0.050s / 2.220s)
generated_audios/generated_H2_128C_int8/237-134500-0010_generated.wav | RTF: 0.2572(1.028s / 3.995s) | Generator RTF: 0.2566(1.025s / 3.995s)
generated_audios/generated_H2_128C_int8/237-134500-0011_generated.wav | RTF: 0.2445(0.819s / 3.350s) | Generator RTF: 0.2435(0.816s / 3.350s)
generated_audios/generated_H2_128C_int8/237-134500-0012_generated.wav | RTF: 0.2650(2.897s / 10.935s) | Generator RTF: 0.2646(2.893s / 10.935s)
generated_audios/generated_H2_128C_int8/237-134500-0013_generated.wav | RTF: 0.0262(0.276s / 10.560s) | Generator RTF: 0.0258(0.272s / 10.560s)
generated_audios/generated_H2_128C_int8/237-134500-0014_generated.wav | RTF: 0.0280(0.119s / 4.250s) | Generator RTF: 0.0272(0.115s / 4.250s)
generated_audios/generated_H2_128C_int8/237-134500-0015_generated.wav | RTF: 0.2574(2.783s / 10.815s) | Generator RTF: 0.2570(2.779s / 10.815s)
generated_audios/generated_H2_128C_int8/237-134500-0016_generated.wav | RTF: 0.0263(0.083s / 3.160s) | Generator RTF: 0.0251(0.079s / 3.160s)
generated_audios/generated_H2_128C_int8/237-134500-0017_generated.wav | RTF: 0.0280(0.061s / 2.180s) | Generator RTF: 0.0265(0.058s / 2.180s)
generated_audios/generated_H2_128C_int8/237-134500-0018_generated.wav | RTF: 0.2851(3.663s / 12.845s) | Generator RTF: 0.2848(3.659s / 12.845s)
generated_audios/generated_H2_128C_int8/237-134500-0019_generated.wav | RTF: 0.2423(0.693s / 2.860s) | Generator RTF: 0.2411(0.690s / 2.860s)
generated_audios/generated_H2_128C_int8/237-134500-0020_generated.wav | RTF: 0.0240(0.052s / 2.180s) | Generator RTF: 0.0226(0.049s / 2.180s)
generated_audios/generated_H2_128C_int8/237-134500-0021_generated.wav | RTF: 0.2407(1.232s / 5.120s) | Generator RTF: 0.2400(1.229s / 5.120s)
generated_audios/generated_H2_128C_int8/237-134500-0022_generated.wav | RTF: 0.2461(1.271s / 5.165s) | Generator RTF: 0.2455(1.268s / 5.165s)
generated_audios/generated_H2_128C_int8/237-134500-0023_generated.wav | RTF: 0.2561(0.784s / 3.060s) | Generator RTF: 0.2549(0.780s / 3.060s)
generated_audios/generated_H2_128C_int8/237-134500-0024_generated.wav | RTF: 0.0242(0.107s / 4.410s) | Generator RTF: 0.0235(0.103s / 4.410s)
generated_audios/generated_H2_128C_int8/237-134500-0025_generated.wav | RTF: 0.2345(0.382s / 1.630s) | Generator RTF: 0.2325(0.379s / 1.630s)
generated_audios/generated_H2_128C_int8/237-134500-0026_generated.wav | RTF: 0.2529(0.771s / 3.050s) | Generator RTF: 0.2519(0.768s / 3.050s)
generated_audios/generated_H2_128C_int8/237-134500-0027_generated.wav | RTF: 0.2599(0.850s / 3.270s) | Generator RTF: 0.2590(0.847s / 3.270s)
generated_audios/generated_H2_128C_int8/237-134500-0028_generated.wav | RTF: 0.2609(1.181s / 4.525s) | Generator RTF: 0.2602(1.177s / 4.525s)
generated_audios/generated_H2_128C_int8/237-134500-0029_generated.wav | RTF: 0.2417(0.499s / 2.065s) | Generator RTF: 0.2401(0.496s / 2.065s)
generated_audios/generated_H2_128C_int8/237-134500-0030_generated.wav | RTF: 0.2571(0.715s / 2.780s) | Generator RTF: 0.2560(0.712s / 2.780s)
generated_audios/generated_H2_128C_int8/237-134500-0031_generated.wav | RTF: 0.2598(2.757s / 10.610s) | Generator RTF: 0.2594(2.752s / 10.610s)
generated_audios/generated_H2_128C_int8/237-134500-0032_generated.wav | RTF: 0.0255(0.128s / 5.025s) | Generator RTF: 0.0248(0.125s / 5.025s)
generated_audios/generated_H2_128C_int8/237-134500-0033_generated.wav | RTF: 0.2463(1.564s / 6.350s) | Generator RTF: 0.2457(1.560s / 6.350s)
generated_audios/generated_H2_128C_int8/237-134500-0034_generated.wav | RTF: 0.2413(0.742s / 3.075s) | Generator RTF: 0.2402(0.739s / 3.075s)
generated_audios/generated_H2_128C_int8/237-134500-0035_generated.wav | RTF: 0.2531(0.647s / 2.555s) | Generator RTF: 0.2519(0.643s / 2.555s)
generated_audios/generated_H2_128C_int8/237-134500-0036_generated.wav | RTF: 0.2610(1.722s / 6.600s) | Generator RTF: 0.2604(1.719s / 6.600s)
generated_audios/generated_H2_128C_int8/237-134500-0037_generated.wav | RTF: 0.2584(1.836s / 7.105s) | Generator RTF: 0.2579(1.832s / 7.105s)
generated_audios/generated_H2_128C_int8/237-134500-0038_generated.wav | RTF: 0.2479(0.604s / 2.435s) | Generator RTF: 0.2467(0.601s / 2.435s)
generated_audios/generated_H2_128C_int8/237-134500-0039_generated.wav | RTF: 0.2611(1.209s / 4.630s) | Generator RTF: 0.2603(1.205s / 4.630s)
generated_audios/generated_H2_128C_int8/237-134500-0040_generated.wav | RTF: 0.0253(0.102s / 4.030s) | Generator RTF: 0.0244(0.098s / 4.030s)
generated_audios/generated_H2_128C_int8/237-134500-0041_generated.wav | RTF: 0.0270(0.241s / 8.920s) | Generator RTF: 0.0266(0.237s / 8.920s)
generated_audios/generated_H2_128C_int8/237-134500-0042_generated.wav | RTF: 0.2480(0.639s / 2.575s) | Generator RTF: 0.2468(0.635s / 2.575s)
generated_audios/generated_H2_128C_int8/260-123286-0000_generated.wav | RTF: 0.2495(1.756s / 7.040s) | Generator RTF: 0.2490(1.753s / 7.040s)
generated_audios/generated_H2_128C_int8/260-123286-0001_generated.wav | RTF: 0.0228(0.070s / 3.070s) | Generator RTF: 0.0218(0.067s / 3.070s)
generated_audios/generated_H2_128C_int8/260-123286-0002_generated.wav | RTF: 0.2594(2.590s / 9.985s) | Generator RTF: 0.2590(2.586s / 9.985s)
generated_audios/generated_H2_128C_int8/260-123286-0003_generated.wav | RTF: 0.2618(1.929s / 7.370s) | Generator RTF: 0.2613(1.926s / 7.370s)
generated_audios/generated_H2_128C_int8/260-123286-0004_generated.wav | RTF: 0.2572(0.891s / 3.465s) | Generator RTF: 0.2561(0.887s / 3.465s)
generated_audios/generated_H2_128C_int8/260-123286-0005_generated.wav | RTF: 0.2460(1.183s / 4.810s) | Generator RTF: 0.2453(1.180s / 4.810s)
generated_audios/generated_H2_128C_int8/260-123286-0006_generated.wav | RTF: 0.2567(1.901s / 7.405s) | Generator RTF: 0.2562(1.897s / 7.405s)
generated_audios/generated_H2_128C_int8/260-123286-0007_generated.wav | RTF: 0.2524(1.148s / 4.550s) | Generator RTF: 0.2515(1.145s / 4.550s)
generated_audios/generated_H2_128C_int8/260-123286-0008_generated.wav | RTF: 0.2455(0.917s / 3.735s) | Generator RTF: 0.2446(0.913s / 3.735s)
generated_audios/generated_H2_128C_int8/260-123286-0009_generated.wav | RTF: 0.2626(1.522s / 5.795s) | Generator RTF: 0.2620(1.519s / 5.795s)
generated_audios/generated_H2_128C_int8/260-123286-0010_generated.wav | RTF: 0.0234(0.060s / 2.575s) | Generator RTF: 0.0221(0.057s / 2.575s)
generated_audios/generated_H2_128C_int8/260-123286-0011_generated.wav | RTF: 0.0276(0.117s / 4.255s) | Generator RTF: 0.0268(0.114s / 4.255s)
generated_audios/generated_H2_128C_int8/260-123286-0012_generated.wav | RTF: 0.0233(0.057s / 2.430s) | Generator RTF: 0.0220(0.053s / 2.430s)
generated_audios/generated_H2_128C_int8/260-123286-0013_generated.wav | RTF: 0.2560(1.211s / 4.730s) | Generator RTF: 0.2553(1.207s / 4.730s)
generated_audios/generated_H2_128C_int8/260-123286-0014_generated.wav | RTF: 0.0281(0.084s / 2.980s) | Generator RTF: 0.0269(0.080s / 2.980s)
generated_audios/generated_H2_128C_int8/260-123286-0015_generated.wav | RTF: 0.2614(1.362s / 5.210s) | Generator RTF: 0.2608(1.359s / 5.210s)
generated_audios/generated_H2_128C_int8/260-123286-0016_generated.wav | RTF: 0.2597(1.818s / 7.000s) | Generator RTF: 0.2591(1.813s / 7.000s)
generated_audios/generated_H2_128C_int8/260-123286-0017_generated.wav | RTF: 0.2444(0.971s / 3.975s) | Generator RTF: 0.2435(0.968s / 3.975s)
generated_audios/generated_H2_128C_int8/260-123286-0018_generated.wav | RTF: 0.2591(1.469s / 5.670s) | Generator RTF: 0.2585(1.466s / 5.670s)
generated_audios/generated_H2_128C_int8/260-123286-0019_generated.wav | RTF: 0.2849(3.392s / 11.905s) | Generator RTF: 0.2845(3.387s / 11.905s)
generated_audios/generated_H2_128C_int8/260-123286-0020_generated.wav | RTF: 0.0265(0.081s / 3.060s) | Generator RTF: 0.0254(0.078s / 3.060s)
generated_audios/generated_H2_128C_int8/260-123286-0021_generated.wav | RTF: 0.2515(0.641s / 2.550s) | Generator RTF: 0.2502(0.638s / 2.550s)
generated_audios/generated_H2_128C_int8/260-123286-0022_generated.wav | RTF: 0.2558(0.827s / 3.235s) | Generator RTF: 0.2547(0.824s / 3.235s)
generated_audios/generated_H2_128C_int8/260-123286-0023_generated.wav | RTF: 0.2627(1.543s / 5.875s) | Generator RTF: 0.2621(1.540s / 5.875s)
generated_audios/generated_H2_128C_int8/260-123286-0024_generated.wav | RTF: 0.2550(0.775s / 3.040s) | Generator RTF: 0.2539(0.772s / 3.040s)
generated_audios/generated_H2_128C_int8/260-123286-0025_generated.wav | RTF: 0.2504(2.305s / 9.205s) | Generator RTF: 0.2500(2.302s / 9.205s)
generated_audios/generated_H2_128C_int8/260-123286-0026_generated.wav | RTF: 0.2487(1.726s / 6.940s) | Generator RTF: 0.2481(1.722s / 6.940s)
generated_audios/generated_H2_128C_int8/260-123286-0027_generated.wav | RTF: 0.2659(1.907s / 7.170s) | Generator RTF: 0.2655(1.903s / 7.170s)
generated_audios/generated_H2_128C_int8/260-123286-0028_generated.wav | RTF: 0.2514(1.877s / 7.465s) | Generator RTF: 0.2510(1.873s / 7.465s)
generated_audios/generated_H2_128C_int8/260-123286-0029_generated.wav | RTF: 0.0212(0.096s / 4.545s) | Generator RTF: 0.0204(0.093s / 4.545s)
generated_audios/generated_H2_128C_int8/260-123286-0030_generated.wav | RTF: 0.0252(0.190s / 7.530s) | Generator RTF: 0.0247(0.186s / 7.530s)
generated_audios/generated_H2_128C_int8/260-123286-0031_generated.wav | RTF: 0.2485(1.257s / 5.060s) | Generator RTF: 0.2478(1.254s / 5.060s)
generated_audios/generated_H2_128C_int8/260-123288-0000_generated.wav | RTF: 0.0231(0.070s / 3.040s) | Generator RTF: 0.0220(0.067s / 3.040s)
generated_audios/generated_H2_128C_int8/260-123288-0001_generated.wav | RTF: 0.0233(0.118s / 5.080s) | Generator RTF: 0.0226(0.115s / 5.080s)
generated_audios/generated_H2_128C_int8/260-123288-0002_generated.wav | RTF: 0.2496(1.809s / 7.250s) | Generator RTF: 0.2490(1.806s / 7.250s)
generated_audios/generated_H2_128C_int8/260-123288-0003_generated.wav | RTF: 0.2600(2.315s / 8.905s) | Generator RTF: 0.2596(2.311s / 8.905s)
generated_audios/generated_H2_128C_int8/260-123288-0004_generated.wav | RTF: 0.2585(1.114s / 4.310s) | Generator RTF: 0.2577(1.111s / 4.310s)
generated_audios/generated_H2_128C_int8/260-123288-0005_generated.wav | RTF: 0.2734(3.431s / 12.550s) | Generator RTF: 0.2730(3.427s / 12.550s)
generated_audios/generated_H2_128C_int8/260-123288-0006_generated.wav | RTF: 0.2510(1.225s / 4.880s) | Generator RTF: 0.2502(1.221s / 4.880s)
generated_audios/generated_H2_128C_int8/260-123288-0007_generated.wav | RTF: 0.2671(2.991s / 11.200s) | Generator RTF: 0.2667(2.987s / 11.200s)
generated_audios/generated_H2_128C_int8/260-123288-0008_generated.wav | RTF: 0.2646(1.459s / 5.515s) | Generator RTF: 0.2640(1.456s / 5.515s)
generated_audios/generated_H2_128C_int8/260-123288-0009_generated.wav | RTF: 0.2619(0.900s / 3.435s) | Generator RTF: 0.2609(0.896s / 3.435s)
generated_audios/generated_H2_128C_int8/260-123288-0010_generated.wav | RTF: 0.0233(0.233s / 9.995s) | Generator RTF: 0.0230(0.230s / 9.995s)
generated_audios/generated_H2_128C_int8/260-123288-0011_generated.wav | RTF: 0.2722(2.444s / 8.980s) | Generator RTF: 0.2717(2.440s / 8.980s)
generated_audios/generated_H2_128C_int8/260-123288-0012_generated.wav | RTF: 0.2637(0.935s / 3.545s) | Generator RTF: 0.2627(0.931s / 3.545s)
generated_audios/generated_H2_128C_int8/260-123288-0013_generated.wav | RTF: 0.2976(3.388s / 11.385s) | Generator RTF: 0.2972(3.384s / 11.385s)
generated_audios/generated_H2_128C_int8/260-123288-0014_generated.wav | RTF: 0.0304(0.055s / 1.805s) | Generator RTF: 0.0285(0.051s / 1.805s)
generated_audios/generated_H2_128C_int8/260-123288-0015_generated.wav | RTF: 0.2802(5.936s / 21.185s) | Generator RTF: 0.2800(5.931s / 21.185s)
generated_audios/generated_H2_128C_int8/260-123288-0016_generated.wav | RTF: 0.2770(1.348s / 4.865s) | Generator RTF: 0.2762(1.344s / 4.865s)
generated_audios/generated_H2_128C_int8/260-123288-0017_generated.wav | RTF: 0.2608(1.363s / 5.225s) | Generator RTF: 0.2600(1.359s / 5.225s)
generated_audios/generated_H2_128C_int8/260-123288-0018_generated.wav | RTF: 0.2684(0.871s / 3.245s) | Generator RTF: 0.2674(0.868s / 3.245s)
generated_audios/generated_H2_128C_int8/260-123288-0019_generated.wav | RTF: 0.0266(0.078s / 2.955s) | Generator RTF: 0.0254(0.075s / 2.955s)
generated_audios/generated_H2_128C_int8/260-123288-0020_generated.wav | RTF: 0.2688(0.779s / 2.900s) | Generator RTF: 0.2676(0.776s / 2.900s)
generated_audios/generated_H2_128C_int8/260-123288-0021_generated.wav | RTF: 0.0268(0.073s / 2.710s) | Generator RTF: 0.0256(0.069s / 2.710s)
generated_audios/generated_H2_128C_int8/260-123288-0022_generated.wav | RTF: 0.2697(0.999s / 3.705s) | Generator RTF: 0.2688(0.996s / 3.705s)
generated_audios/generated_H2_128C_int8/260-123288-0023_generated.wav | RTF: 0.0277(0.066s / 2.385s) | Generator RTF: 0.0264(0.063s / 2.385s)
generated_audios/generated_H2_128C_int8/260-123288-0024_generated.wav | RTF: 0.2827(4.127s / 14.595s) | Generator RTF: 0.2824(4.122s / 14.595s)
generated_audios/generated_H2_128C_int8/260-123288-0025_generated.wav | RTF: 0.2865(3.852s / 13.445s) | Generator RTF: 0.2861(3.847s / 13.445s)
generated_audios/generated_H2_128C_int8/260-123288-0026_generated.wav | RTF: 0.3023(4.848s / 16.040s) | Generator RTF: 0.3019(4.843s / 16.040s)
generated_audios/generated_H2_128C_int8/260-123288-0027_generated.wav | RTF: 0.2614(1.648s / 6.305s) | Generator RTF: 0.2608(1.645s / 6.305s)
generated_audios/generated_H2_128C_int8/260-123288-0028_generated.wav | RTF: 0.2700(0.705s / 2.610s) | Generator RTF: 0.2687(0.701s / 2.610s)
generated_audios/generated_H2_128C_int8/260-123440-0000_generated.wav | RTF: 0.2568(0.556s / 2.165s) | Generator RTF: 0.2553(0.553s / 2.165s)
generated_audios/generated_H2_128C_int8/260-123440-0001_generated.wav | RTF: 0.2554(0.444s / 1.740s) | Generator RTF: 0.2537(0.442s / 1.740s)
generated_audios/generated_H2_128C_int8/260-123440-0002_generated.wav | RTF: 0.2993(4.405s / 14.715s) | Generator RTF: 0.2990(4.400s / 14.715s)
generated_audios/generated_H2_128C_int8/260-123440-0003_generated.wav | RTF: 0.2770(0.993s / 3.585s) | Generator RTF: 0.2760(0.989s / 3.585s)
generated_audios/generated_H2_128C_int8/260-123440-0004_generated.wav | RTF: 0.2832(3.404s / 12.020s) | Generator RTF: 0.2828(3.400s / 12.020s)
generated_audios/generated_H2_128C_int8/260-123440-0005_generated.wav | RTF: 0.0263(0.082s / 3.105s) | Generator RTF: 0.0252(0.078s / 3.105s)
generated_audios/generated_H2_128C_int8/260-123440-0006_generated.wav | RTF: 0.0227(0.062s / 2.715s) | Generator RTF: 0.0216(0.059s / 2.715s)
generated_audios/generated_H2_128C_int8/260-123440-0007_generated.wav | RTF: 0.2729(0.924s / 3.385s) | Generator RTF: 0.2719(0.920s / 3.385s)
generated_audios/generated_H2_128C_int8/260-123440-0008_generated.wav | RTF: 0.2782(1.042s / 3.745s) | Generator RTF: 0.2777(1.040s / 3.745s)
generated_audios/generated_H2_128C_int8/260-123440-0009_generated.wav | RTF: 0.2793(0.870s / 3.115s) | Generator RTF: 0.2783(0.867s / 3.115s)
generated_audios/generated_H2_128C_int8/260-123440-0010_generated.wav | RTF: 0.2825(2.349s / 8.315s) | Generator RTF: 0.2820(2.345s / 8.315s)
generated_audios/generated_H2_128C_int8/260-123440-0011_generated.wav | RTF: 0.0205(0.100s / 4.870s) | Generator RTF: 0.0198(0.096s / 4.870s)
generated_audios/generated_H2_128C_int8/260-123440-0012_generated.wav | RTF: 0.2766(1.451s / 5.245s) | Generator RTF: 0.2760(1.447s / 5.245s)
generated_audios/generated_H2_128C_int8/260-123440-0013_generated.wav | RTF: 0.2745(0.954s / 3.475s) | Generator RTF: 0.2735(0.950s / 3.475s)
generated_audios/generated_H2_128C_int8/260-123440-0014_generated.wav | RTF: 0.2793(1.065s / 3.815s) | Generator RTF: 0.2784(1.062s / 3.815s)
generated_audios/generated_H2_128C_int8/260-123440-0015_generated.wav | RTF: 0.0280(0.174s / 6.200s) | Generator RTF: 0.0275(0.170s / 6.200s)
generated_audios/generated_H2_128C_int8/260-123440-0016_generated.wav | RTF: 0.2863(1.402s / 4.895s) | Generator RTF: 0.2856(1.398s / 4.895s)
generated_audios/generated_H2_128C_int8/260-123440-0017_generated.wav | RTF: 0.0274(0.084s / 3.070s) | Generator RTF: 0.0263(0.081s / 3.070s)
generated_audios/generated_H2_128C_int8/260-123440-0018_generated.wav | RTF: 0.2877(1.047s / 3.640s) | Generator RTF: 0.2868(1.044s / 3.640s)
generated_audios/generated_H2_128C_int8/260-123440-0019_generated.wav | RTF: 0.2888(1.915s / 6.630s) | Generator RTF: 0.2882(1.911s / 6.630s)
generated_audios/generated_H2_128C_int8/260-123440-0020_generated.wav | RTF: 0.2859(1.428s / 4.995s) | Generator RTF: 0.2851(1.424s / 4.995s)
generated_audios/generated_H2_128C_int8/61-70968-0000_generated.wav | RTF: 0.2849(1.397s / 4.905s) | Generator RTF: 0.2842(1.394s / 4.905s)
generated_audios/generated_H2_128C_int8/61-70968-0001_generated.wav | RTF: 0.2827(1.021s / 3.610s) | Generator RTF: 0.2818(1.017s / 3.610s)
generated_audios/generated_H2_128C_int8/61-70968-0002_generated.wav | RTF: 0.2785(0.827s / 2.970s) | Generator RTF: 0.2774(0.824s / 2.970s)
generated_audios/generated_H2_128C_int8/61-70968-0003_generated.wav | RTF: 0.0253(0.109s / 4.315s) | Generator RTF: 0.0245(0.106s / 4.315s)
generated_audios/generated_H2_128C_int8/61-70968-0004_generated.wav | RTF: 0.2795(1.086s / 3.885s) | Generator RTF: 0.2787(1.083s / 3.885s)
generated_audios/generated_H2_128C_int8/61-70968-0005_generated.wav | RTF: 0.0242(0.123s / 5.070s) | Generator RTF: 0.0237(0.120s / 5.070s)
generated_audios/generated_H2_128C_int8/61-70968-0006_generated.wav | RTF: 0.2646(0.777s / 2.935s) | Generator RTF: 0.2635(0.773s / 2.935s)
generated_audios/generated_H2_128C_int8/61-70968-0007_generated.wav | RTF: 0.0256(0.091s / 3.550s) | Generator RTF: 0.0246(0.087s / 3.550s)
generated_audios/generated_H2_128C_int8/61-70968-0008_generated.wav | RTF: 0.0257(0.091s / 3.535s) | Generator RTF: 0.0248(0.088s / 3.535s)
generated_audios/generated_H2_128C_int8/61-70968-0009_generated.wav | RTF: 0.2807(1.266s / 4.510s) | Generator RTF: 0.2801(1.263s / 4.510s)
generated_audios/generated_H2_128C_int8/61-70968-0010_generated.wav | RTF: 0.2671(2.216s / 8.295s) | Generator RTF: 0.2666(2.212s / 8.295s)
generated_audios/generated_H2_128C_int8/61-70968-0011_generated.wav | RTF: 0.2674(1.705s / 6.375s) | Generator RTF: 0.2668(1.701s / 6.375s)
generated_audios/generated_H2_128C_int8/61-70968-0012_generated.wav | RTF: 0.0280(0.073s / 2.610s) | Generator RTF: 0.0269(0.070s / 2.610s)
generated_audios/generated_H2_128C_int8/61-70968-0013_generated.wav | RTF: 0.0244(0.109s / 4.450s) | Generator RTF: 0.0237(0.105s / 4.450s)
generated_audios/generated_H2_128C_int8/61-70968-0014_generated.wav | RTF: 0.2838(2.124s / 7.485s) | Generator RTF: 0.2832(2.120s / 7.485s)
generated_audios/generated_H2_128C_int8/61-70968-0015_generated.wav | RTF: 0.2688(1.445s / 5.375s) | Generator RTF: 0.2681(1.441s / 5.375s)
generated_audios/generated_H2_128C_int8/61-70968-0016_generated.wav | RTF: 0.2838(1.056s / 3.720s) | Generator RTF: 0.2829(1.052s / 3.720s)
generated_audios/generated_H2_128C_int8/61-70968-0017_generated.wav | RTF: 0.2838(1.450s / 5.110s) | Generator RTF: 0.2831(1.447s / 5.110s)
generated_audios/generated_H2_128C_int8/61-70968-0018_generated.wav | RTF: 0.2742(0.659s / 2.405s) | Generator RTF: 0.2728(0.656s / 2.405s)
generated_audios/generated_H2_128C_int8/61-70968-0019_generated.wav | RTF: 0.2714(1.486s / 5.475s) | Generator RTF: 0.2707(1.482s / 5.475s)
generated_audios/generated_H2_128C_int8/61-70968-0020_generated.wav | RTF: 0.2899(1.480s / 5.105s) | Generator RTF: 0.2892(1.476s / 5.105s)
generated_audios/generated_H2_128C_int8/61-70968-0021_generated.wav | RTF: 0.2629(0.707s / 2.690s) | Generator RTF: 0.2618(0.704s / 2.690s)
generated_audios/generated_H2_128C_int8/61-70968-0022_generated.wav | RTF: 0.0290(0.135s / 4.670s) | Generator RTF: 0.0282(0.132s / 4.670s)
generated_audios/generated_H2_128C_int8/61-70968-0023_generated.wav | RTF: 0.0254(0.128s / 5.025s) | Generator RTF: 0.0247(0.124s / 5.025s)
generated_audios/generated_H2_128C_int8/61-70968-0024_generated.wav | RTF: 0.2870(1.729s / 6.025s) | Generator RTF: 0.2864(1.726s / 6.025s)
generated_audios/generated_H2_128C_int8/61-70968-0025_generated.wav | RTF: 0.0247(0.109s / 4.410s) | Generator RTF: 0.0239(0.105s / 4.410s)
generated_audios/generated_H2_128C_int8/61-70968-0026_generated.wav | RTF: 0.2716(1.336s / 4.920s) | Generator RTF: 0.2709(1.333s / 4.920s)
generated_audios/generated_H2_128C_int8/61-70968-0027_generated.wav | RTF: 0.2745(1.886s / 6.870s) | Generator RTF: 0.2740(1.882s / 6.870s)
generated_audios/generated_H2_128C_int8/61-70968-0028_generated.wav | RTF: 0.2934(1.571s / 5.355s) | Generator RTF: 0.2927(1.568s / 5.355s)
generated_audios/generated_H2_128C_int8/61-70968-0029_generated.wav | RTF: 0.2834(0.990s / 3.495s) | Generator RTF: 0.2823(0.987s / 3.495s)
generated_audios/generated_H2_128C_int8/61-70968-0030_generated.wav | RTF: 0.2746(1.561s / 5.685s) | Generator RTF: 0.2739(1.557s / 5.685s)
generated_audios/generated_H2_128C_int8/61-70968-0031_generated.wav | RTF: 0.2889(0.845s / 2.925s) | Generator RTF: 0.2877(0.842s / 2.925s)
generated_audios/generated_H2_128C_int8/61-70968-0032_generated.wav | RTF: 0.0247(0.106s / 4.280s) | Generator RTF: 0.0239(0.102s / 4.280s)
generated_audios/generated_H2_128C_int8/61-70968-0033_generated.wav | RTF: 0.0200(0.114s / 5.685s) | Generator RTF: 0.0194(0.110s / 5.685s)
generated_audios/generated_H2_128C_int8/61-70968-0034_generated.wav | RTF: 0.2956(1.250s / 4.230s) | Generator RTF: 0.2948(1.247s / 4.230s)
generated_audios/generated_H2_128C_int8/61-70968-0035_generated.wav | RTF: 0.2783(2.212s / 7.950s) | Generator RTF: 0.2778(2.208s / 7.950s)
generated_audios/generated_H2_128C_int8/61-70968-0036_generated.wav | RTF: 0.0233(0.068s / 2.935s) | Generator RTF: 0.0221(0.065s / 2.935s)
generated_audios/generated_H2_128C_int8/61-70968-0037_generated.wav | RTF: 0.0214(0.092s / 4.315s) | Generator RTF: 0.0206(0.089s / 4.315s)
generated_audios/generated_H2_128C_int8/61-70968-0038_generated.wav | RTF: 0.2736(0.561s / 2.050s) | Generator RTF: 0.2719(0.557s / 2.050s)
generated_audios/generated_H2_128C_int8/61-70968-0039_generated.wav | RTF: 0.2756(1.049s / 3.805s) | Generator RTF: 0.2747(1.045s / 3.805s)
generated_audios/generated_H2_128C_int8/61-70968-0040_generated.wav | RTF: 0.2912(1.150s / 3.950s) | Generator RTF: 0.2903(1.147s / 3.950s)
generated_audios/generated_H2_128C_int8/61-70968-0041_generated.wav | RTF: 0.0235(0.160s / 6.825s) | Generator RTF: 0.0229(0.156s / 6.825s)
generated_audios/generated_H2_128C_int8/61-70968-0042_generated.wav | RTF: 0.0272(0.076s / 2.785s) | Generator RTF: 0.0260(0.072s / 2.785s)
generated_audios/generated_H2_128C_int8/61-70968-0043_generated.wav | RTF: 0.2948(1.986s / 6.735s) | Generator RTF: 0.2943(1.982s / 6.735s)
generated_audios/generated_H2_128C_int8/61-70968-0044_generated.wav | RTF: 0.0272(0.075s / 2.770s) | Generator RTF: 0.0261(0.072s / 2.770s)
generated_audios/generated_H2_128C_int8/61-70968-0045_generated.wav | RTF: 0.0254(0.088s / 3.475s) | Generator RTF: 0.0244(0.085s / 3.475s)
generated_audios/generated_H2_128C_int8/61-70968-0046_generated.wav | RTF: 0.0258(0.091s / 3.550s) | Generator RTF: 0.0249(0.088s / 3.550s)
generated_audios/generated_H2_128C_int8/61-70968-0047_generated.wav | RTF: 0.2780(1.328s / 4.775s) | Generator RTF: 0.2773(1.324s / 4.775s)
generated_audios/generated_H2_128C_int8/61-70968-0048_generated.wav | RTF: 0.2900(0.876s / 3.020s) | Generator RTF: 0.2888(0.872s / 3.020s)
generated_audios/generated_H2_128C_int8/61-70968-0049_generated.wav | RTF: 0.2955(2.438s / 8.250s) | Generator RTF: 0.2951(2.434s / 8.250s)
generated_audios/generated_H2_128C_int8/61-70968-0050_generated.wav | RTF: 0.2795(1.560s / 5.580s) | Generator RTF: 0.2789(1.556s / 5.580s)
generated_audios/generated_H2_128C_int8/61-70968-0051_generated.wav | RTF: 0.2780(0.871s / 3.135s) | Generator RTF: 0.2768(0.868s / 3.135s)
generated_audios/generated_H2_128C_int8/61-70968-0052_generated.wav | RTF: 0.2846(0.754s / 2.650s) | Generator RTF: 0.2833(0.751s / 2.650s)
generated_audios/generated_H2_128C_int8/61-70968-0053_generated.wav | RTF: 0.0283(0.120s / 4.220s) | Generator RTF: 0.0275(0.116s / 4.220s)
generated_audios/generated_H2_128C_int8/61-70968-0054_generated.wav | RTF: 0.2964(2.329s / 7.860s) | Generator RTF: 0.2959(2.325s / 7.860s)
generated_audios/generated_H2_128C_int8/61-70968-0055_generated.wav | RTF: 0.0256(0.101s / 3.965s) | Generator RTF: 0.0246(0.098s / 3.965s)
generated_audios/generated_H2_128C_int8/61-70968-0056_generated.wav | RTF: 0.2922(1.042s / 3.565s) | Generator RTF: 0.2913(1.038s / 3.565s)
generated_audios/generated_H2_128C_int8/61-70968-0057_generated.wav | RTF: 0.0240(0.121s / 5.065s) | Generator RTF: 0.0232(0.118s / 5.065s)
generated_audios/generated_H2_128C_int8/61-70968-0058_generated.wav | RTF: 0.2608(0.475s / 1.820s) | Generator RTF: 0.2590(0.471s / 1.820s)
generated_audios/generated_H2_128C_int8/61-70968-0059_generated.wav | RTF: 0.0317(0.069s / 2.170s) | Generator RTF: 0.0305(0.066s / 2.170s)
generated_audios/generated_H2_128C_int8/61-70968-0060_generated.wav | RTF: 0.0284(0.106s / 3.735s) | Generator RTF: 0.0275(0.103s / 3.735s)
generated_audios/generated_H2_128C_int8/61-70968-0061_generated.wav | RTF: 0.2925(1.618s / 5.530s) | Generator RTF: 0.2919(1.614s / 5.530s)
generated_audios/generated_H2_128C_int8/61-70968-0062_generated.wav | RTF: 0.0270(0.069s / 2.555s) | Generator RTF: 0.0256(0.065s / 2.555s)
generated_audios/generated_H2_128C_int8/61-70970-0000_generated.wav | RTF: 0.2965(1.801s / 6.075s) | Generator RTF: 0.2959(1.798s / 6.075s)
generated_audios/generated_H2_128C_int8/61-70970-0001_generated.wav | RTF: 0.2887(1.777s / 6.155s) | Generator RTF: 0.2882(1.774s / 6.155s)
generated_audios/generated_H2_128C_int8/61-70970-0002_generated.wav | RTF: 0.2929(1.220s / 4.165s) | Generator RTF: 0.2921(1.217s / 4.165s)
generated_audios/generated_H2_128C_int8/61-70970-0003_generated.wav | RTF: 0.2839(1.089s / 3.835s) | Generator RTF: 0.2831(1.086s / 3.835s)
generated_audios/generated_H2_128C_int8/61-70970-0004_generated.wav | RTF: 0.2935(3.087s / 10.515s) | Generator RTF: 0.2931(3.082s / 10.515s)
generated_audios/generated_H2_128C_int8/61-70970-0005_generated.wav | RTF: 0.2826(0.571s / 2.020s) | Generator RTF: 0.2810(0.568s / 2.020s)
generated_audios/generated_H2_128C_int8/61-70970-0006_generated.wav | RTF: 0.2915(0.681s / 2.335s) | Generator RTF: 0.2901(0.677s / 2.335s)
generated_audios/generated_H2_128C_int8/61-70970-0007_generated.wav | RTF: 0.3044(1.365s / 4.485s) | Generator RTF: 0.3036(1.362s / 4.485s)
generated_audios/generated_H2_128C_int8/61-70970-0008_generated.wav | RTF: 0.3061(0.658s / 2.150s) | Generator RTF: 0.3047(0.655s / 2.150s)
generated_audios/generated_H2_128C_int8/61-70970-0009_generated.wav | RTF: 0.3141(1.070s / 3.405s) | Generator RTF: 0.3131(1.066s / 3.405s)
generated_audios/generated_H2_128C_int8/61-70970-0010_generated.wav | RTF: 0.0276(0.084s / 3.045s) | Generator RTF: 0.0265(0.081s / 3.045s)
generated_audios/generated_H2_128C_int8/61-70970-0011_generated.wav | RTF: 0.0199(0.121s / 6.075s) | Generator RTF: 0.0193(0.117s / 6.075s)
generated_audios/generated_H2_128C_int8/61-70970-0012_generated.wav | RTF: 0.0227(0.071s / 3.135s) | Generator RTF: 0.0215(0.068s / 3.135s)
generated_audios/generated_H2_128C_int8/61-70970-0013_generated.wav | RTF: 0.3029(1.318s / 4.350s) | Generator RTF: 0.3021(1.314s / 4.350s)
generated_audios/generated_H2_128C_int8/61-70970-0014_generated.wav | RTF: 0.0216(0.074s / 3.405s) | Generator RTF: 0.0206(0.070s / 3.405s)
generated_audios/generated_H2_128C_int8/61-70970-0015_generated.wav | RTF: 0.3018(2.539s / 8.415s) | Generator RTF: 0.3014(2.536s / 8.415s)
generated_audios/generated_H2_128C_int8/61-70970-0016_generated.wav | RTF: 0.3037(1.327s / 4.370s) | Generator RTF: 0.3029(1.324s / 4.370s)
generated_audios/generated_H2_128C_int8/61-70970-0017_generated.wav | RTF: 0.0268(0.068s / 2.550s) | Generator RTF: 0.0254(0.065s / 2.550s)
generated_audios/generated_H2_128C_int8/61-70970-0018_generated.wav | RTF: 0.2824(1.299s / 4.600s) | Generator RTF: 0.2817(1.296s / 4.600s)
generated_audios/generated_H2_128C_int8/61-70970-0019_generated.wav | RTF: 0.2967(1.122s / 3.780s) | Generator RTF: 0.2958(1.118s / 3.780s)
generated_audios/generated_H2_128C_int8/61-70970-0020_generated.wav | RTF: 0.0255(0.128s / 5.025s) | Generator RTF: 0.0248(0.124s / 5.025s)
generated_audios/generated_H2_128C_int8/61-70970-0021_generated.wav | RTF: 0.2805(1.516s / 5.405s) | Generator RTF: 0.2798(1.512s / 5.405s)
generated_audios/generated_H2_128C_int8/61-70970-0022_generated.wav | RTF: 0.0212(0.084s / 3.970s) | Generator RTF: 0.0203(0.081s / 3.970s)
generated_audios/generated_H2_128C_int8/61-70970-0023_generated.wav | RTF: 0.0259(0.096s / 3.705s) | Generator RTF: 0.0249(0.092s / 3.705s)
generated_audios/generated_H2_128C_int8/61-70970-0024_generated.wav | RTF: 0.2952(2.136s / 7.235s) | Generator RTF: 0.2946(2.132s / 7.235s)
generated_audios/generated_H2_128C_int8/61-70970-0025_generated.wav | RTF: 0.2996(2.227s / 7.435s) | Generator RTF: 0.2991(2.224s / 7.435s)
generated_audios/generated_H2_128C_int8/61-70970-0026_generated.wav | RTF: 0.0267(0.146s / 5.475s) | Generator RTF: 0.0260(0.143s / 5.475s)
generated_audios/generated_H2_128C_int8/61-70970-0027_generated.wav | RTF: 0.0239(0.122s / 5.080s) | Generator RTF: 0.0232(0.118s / 5.080s)
generated_audios/generated_H2_128C_int8/61-70970-0028_generated.wav | RTF: 0.0258(0.169s / 6.550s) | Generator RTF: 0.0252(0.165s / 6.550s)
generated_audios/generated_H2_128C_int8/61-70970-0029_generated.wav | RTF: 0.0272(0.110s / 4.030s) | Generator RTF: 0.0263(0.106s / 4.030s)
generated_audios/generated_H2_128C_int8/61-70970-0030_generated.wav | RTF: 0.0263(0.085s / 3.240s) | Generator RTF: 0.0252(0.082s / 3.240s)
generated_audios/generated_H2_128C_int8/61-70970-0031_generated.wav | RTF: 0.2942(1.511s / 5.135s) | Generator RTF: 0.2935(1.507s / 5.135s)
generated_audios/generated_H2_128C_int8/61-70970-0032_generated.wav | RTF: 0.0229(0.072s / 3.135s) | Generator RTF: 0.0218(0.068s / 3.135s)
generated_audios/generated_H2_128C_int8/61-70970-0033_generated.wav | RTF: 0.2759(0.944s / 3.420s) | Generator RTF: 0.2750(0.941s / 3.420s)
generated_audios/generated_H2_128C_int8/61-70970-0034_generated.wav | RTF: 0.0207(0.093s / 4.485s) | Generator RTF: 0.0199(0.089s / 4.485s)
generated_audios/generated_H2_128C_int8/61-70970-0035_generated.wav | RTF: 0.0228(0.169s / 7.405s) | Generator RTF: 0.0223(0.165s / 7.405s)
generated_audios/generated_H2_128C_int8/61-70970-0036_generated.wav | RTF: 0.0233(0.158s / 6.785s) | Generator RTF: 0.0227(0.154s / 6.785s)
generated_audios/generated_H2_128C_int8/61-70970-0037_generated.wav | RTF: 0.2944(1.761s / 5.980s) | Generator RTF: 0.2940(1.758s / 5.980s)
generated_audios/generated_H2_128C_int8/61-70970-0038_generated.wav | RTF: 0.2937(3.054s / 10.400s) | Generator RTF: 0.2933(3.050s / 10.400s)
generated_audios/generated_H2_128C_int8/61-70970-0039_generated.wav | RTF: 0.0253(0.168s / 6.665s) | Generator RTF: 0.0247(0.164s / 6.665s)
generated_audios/generated_H2_128C_int8/61-70970-0040_generated.wav | RTF: 0.0252(0.105s / 4.165s) | Generator RTF: 0.0244(0.102s / 4.165s)
generated_audios/generated_H2_128C_int8/672-122797-0000_generated.wav | RTF: 0.2949(1.200s / 4.070s) | Generator RTF: 0.2944(1.198s / 4.070s)
generated_audios/generated_H2_128C_int8/672-122797-0001_generated.wav | RTF: 0.3069(4.644s / 15.130s) | Generator RTF: 0.3066(4.639s / 15.130s)
generated_audios/generated_H2_128C_int8/672-122797-0002_generated.wav | RTF: 0.2812(3.830s / 13.620s) | Generator RTF: 0.2808(3.825s / 13.620s)
generated_audios/generated_H2_128C_int8/672-122797-0003_generated.wav | RTF: 0.2936(1.397s / 4.760s) | Generator RTF: 0.2928(1.394s / 4.760s)
generated_audios/generated_H2_128C_int8/672-122797-0004_generated.wav | RTF: 0.2860(2.932s / 10.250s) | Generator RTF: 0.2856(2.928s / 10.250s)
generated_audios/generated_H2_128C_int8/672-122797-0005_generated.wav | RTF: 0.2878(0.938s / 3.260s) | Generator RTF: 0.2867(0.935s / 3.260s)
generated_audios/generated_H2_128C_int8/672-122797-0006_generated.wav | RTF: 0.3092(4.313s / 13.950s) | Generator RTF: 0.3089(4.309s / 13.950s)
generated_audios/generated_H2_128C_int8/672-122797-0007_generated.wav | RTF: 0.2925(1.878s / 6.420s) | Generator RTF: 0.2919(1.874s / 6.420s)
generated_audios/generated_H2_128C_int8/672-122797-0008_generated.wav | RTF: 0.3052(9.405s / 30.810s) | Generator RTF: 0.3050(9.398s / 30.810s)
generated_audios/generated_H2_128C_int8/672-122797-0009_generated.wav | RTF: 0.0264(0.073s / 2.765s) | Generator RTF: 0.0252(0.070s / 2.765s)
generated_audios/generated_H2_128C_int8/672-122797-0010_generated.wav | RTF: 0.0260(0.099s / 3.815s) | Generator RTF: 0.0251(0.096s / 3.815s)
generated_audios/generated_H2_128C_int8/672-122797-0011_generated.wav | RTF: 0.3026(0.769s / 2.540s) | Generator RTF: 0.3013(0.765s / 2.540s)
generated_audios/generated_H2_128C_int8/672-122797-0012_generated.wav | RTF: 0.3075(2.387s / 7.765s) | Generator RTF: 0.3069(2.383s / 7.765s)
generated_audios/generated_H2_128C_int8/672-122797-0013_generated.wav | RTF: 0.3047(2.652s / 8.705s) | Generator RTF: 0.3042(2.648s / 8.705s)
generated_audios/generated_H2_128C_int8/672-122797-0014_generated.wav | RTF: 0.0276(0.070s / 2.555s) | Generator RTF: 0.0262(0.067s / 2.555s)
generated_audios/generated_H2_128C_int8/672-122797-0015_generated.wav | RTF: 0.0242(0.108s / 4.455s) | Generator RTF: 0.0235(0.105s / 4.455s)
generated_audios/generated_H2_128C_int8/672-122797-0016_generated.wav | RTF: 0.2960(2.728s / 9.215s) | Generator RTF: 0.2956(2.724s / 9.215s)
generated_audios/generated_H2_128C_int8/672-122797-0017_generated.wav | RTF: 0.2953(1.423s / 4.820s) | Generator RTF: 0.2945(1.419s / 4.820s)
generated_audios/generated_H2_128C_int8/672-122797-0018_generated.wav | RTF: 0.2986(1.472s / 4.930s) | Generator RTF: 0.2979(1.468s / 4.930s)
generated_audios/generated_H2_128C_int8/672-122797-0019_generated.wav | RTF: 0.2855(1.174s / 4.110s) | Generator RTF: 0.2847(1.170s / 4.110s)
generated_audios/generated_H2_128C_int8/672-122797-0020_generated.wav | RTF: 0.2995(2.643s / 8.825s) | Generator RTF: 0.2991(2.639s / 8.825s)
generated_audios/generated_H2_128C_int8/672-122797-0021_generated.wav | RTF: 0.0258(0.107s / 4.150s) | Generator RTF: 0.0249(0.103s / 4.150s)
generated_audios/generated_H2_128C_int8/672-122797-0022_generated.wav | RTF: 0.3020(5.739s / 19.005s) | Generator RTF: 0.3017(5.734s / 19.005s)
generated_audios/generated_H2_128C_int8/672-122797-0023_generated.wav | RTF: 0.2951(2.861s / 9.695s) | Generator RTF: 0.2946(2.857s / 9.695s)
generated_audios/generated_H2_128C_int8/672-122797-0024_generated.wav | RTF: 0.2902(1.199s / 4.130s) | Generator RTF: 0.2894(1.195s / 4.130s)
generated_audios/generated_H2_128C_int8/672-122797-0025_generated.wav | RTF: 0.3014(3.222s / 10.690s) | Generator RTF: 0.3010(3.218s / 10.690s)
generated_audios/generated_H2_128C_int8/672-122797-0026_generated.wav | RTF: 0.3012(4.204s / 13.960s) | Generator RTF: 0.3008(4.200s / 13.960s)
generated_audios/generated_H2_128C_int8/672-122797-0027_generated.wav | RTF: 0.0245(0.117s / 4.790s) | Generator RTF: 0.0238(0.114s / 4.790s)
generated_audios/generated_H2_128C_int8/672-122797-0028_generated.wav | RTF: 0.0279(0.073s / 2.610s) | Generator RTF: 0.0266(0.069s / 2.610s)
generated_audios/generated_H2_128C_int8/672-122797-0029_generated.wav | RTF: 0.0260(0.079s / 3.050s) | Generator RTF: 0.0249(0.076s / 3.050s)
generated_audios/generated_H2_128C_int8/672-122797-0030_generated.wav | RTF: 0.2941(1.346s / 4.575s) | Generator RTF: 0.2933(1.342s / 4.575s)
generated_audios/generated_H2_128C_int8/672-122797-0031_generated.wav | RTF: 0.0262(0.104s / 3.980s) | Generator RTF: 0.0253(0.101s / 3.980s)
generated_audios/generated_H2_128C_int8/672-122797-0032_generated.wav | RTF: 0.0252(0.101s / 4.000s) | Generator RTF: 0.0244(0.098s / 4.000s)
generated_audios/generated_H2_128C_int8/672-122797-0033_generated.wav | RTF: 0.2620(0.337s / 1.285s) | Generator RTF: 0.2594(0.333s / 1.285s)
generated_audios/generated_H2_128C_int8/672-122797-0034_generated.wav | RTF: 0.0240(0.122s / 5.110s) | Generator RTF: 0.0232(0.119s / 5.110s)
generated_audios/generated_H2_128C_int8/672-122797-0035_generated.wav | RTF: 0.0270(0.078s / 2.900s) | Generator RTF: 0.0258(0.075s / 2.900s)
generated_audios/generated_H2_128C_int8/672-122797-0036_generated.wav | RTF: 0.0249(0.134s / 5.365s) | Generator RTF: 0.0242(0.130s / 5.365s)
generated_audios/generated_H2_128C_int8/672-122797-0037_generated.wav | RTF: 0.2783(0.546s / 1.960s) | Generator RTF: 0.2767(0.542s / 1.960s)
generated_audios/generated_H2_128C_int8/672-122797-0038_generated.wav | RTF: 0.3011(2.650s / 8.800s) | Generator RTF: 0.3007(2.646s / 8.800s)
generated_audios/generated_H2_128C_int8/672-122797-0039_generated.wav | RTF: 0.2959(1.191s / 4.025s) | Generator RTF: 0.2950(1.187s / 4.025s)
generated_audios/generated_H2_128C_int8/672-122797-0040_generated.wav | RTF: 0.0249(0.128s / 5.125s) | Generator RTF: 0.0241(0.124s / 5.125s)
generated_audios/generated_H2_128C_int8/672-122797-0041_generated.wav | RTF: 0.0255(0.099s / 3.880s) | Generator RTF: 0.0245(0.095s / 3.880s)
generated_audios/generated_H2_128C_int8/672-122797-0042_generated.wav | RTF: 0.3030(4.639s / 15.310s) | Generator RTF: 0.3027(4.635s / 15.310s)
generated_audios/generated_H2_128C_int8/672-122797-0043_generated.wav | RTF: 0.0258(0.098s / 3.780s) | Generator RTF: 0.0248(0.094s / 3.780s)
generated_audios/generated_H2_128C_int8/672-122797-0044_generated.wav | RTF: 0.0254(0.095s / 3.740s) | Generator RTF: 0.0246(0.092s / 3.740s)
generated_audios/generated_H2_128C_int8/672-122797-0045_generated.wav | RTF: 0.0207(0.289s / 13.960s) | Generator RTF: 0.0205(0.286s / 13.960s)
generated_audios/generated_H2_128C_int8/672-122797-0046_generated.wav | RTF: 0.2967(1.399s / 4.715s) | Generator RTF: 0.2959(1.395s / 4.715s)
generated_audios/generated_H2_128C_int8/672-122797-0047_generated.wav | RTF: 0.2929(0.974s / 3.325s) | Generator RTF: 0.2916(0.970s / 3.325s)
generated_audios/generated_H2_128C_int8/672-122797-0048_generated.wav | RTF: 0.0259(0.170s / 6.555s) | Generator RTF: 0.0254(0.167s / 6.555s)
generated_audios/generated_H2_128C_int8/672-122797-0049_generated.wav | RTF: 0.0288(0.058s / 2.020s) | Generator RTF: 0.0272(0.055s / 2.020s)
generated_audios/generated_H2_128C_int8/672-122797-0050_generated.wav | RTF: 0.3016(1.464s / 4.855s) | Generator RTF: 0.2965(1.440s / 4.855s)
generated_audios/generated_H2_128C_int8/672-122797-0051_generated.wav | RTF: 0.3038(1.417s / 4.665s) | Generator RTF: 0.3029(1.413s / 4.665s)
generated_audios/generated_H2_128C_int8/672-122797-0052_generated.wav | RTF: 0.2867(1.229s / 4.285s) | Generator RTF: 0.2859(1.225s / 4.285s)
generated_audios/generated_H2_128C_int8/672-122797-0053_generated.wav | RTF: 0.0268(0.079s / 2.955s) | Generator RTF: 0.0257(0.076s / 2.955s)
generated_audios/generated_H2_128C_int8/672-122797-0054_generated.wav | RTF: 0.0284(0.121s / 4.250s) | Generator RTF: 0.0276(0.117s / 4.250s)
generated_audios/generated_H2_128C_int8/672-122797-0055_generated.wav | RTF: 0.2841(2.338s / 8.230s) | Generator RTF: 0.2837(2.334s / 8.230s)
generated_audios/generated_H2_128C_int8/672-122797-0056_generated.wav | RTF: 0.0252(0.132s / 5.225s) | Generator RTF: 0.0245(0.128s / 5.225s)
generated_audios/generated_H2_128C_int8/672-122797-0057_generated.wav | RTF: 0.0247(0.162s / 6.560s) | Generator RTF: 0.0241(0.158s / 6.560s)
generated_audios/generated_H2_128C_int8/672-122797-0058_generated.wav | RTF: 0.3004(1.343s / 4.470s) | Generator RTF: 0.2995(1.339s / 4.470s)
generated_audios/generated_H2_128C_int8/672-122797-0059_generated.wav | RTF: 0.2922(1.029s / 3.520s) | Generator RTF: 0.2912(1.025s / 3.520s)
generated_audios/generated_H2_128C_int8/672-122797-0060_generated.wav | RTF: 0.0297(0.099s / 3.350s) | Generator RTF: 0.0287(0.096s / 3.350s)
generated_audios/generated_H2_128C_int8/672-122797-0061_generated.wav | RTF: 0.3084(2.341s / 7.590s) | Generator RTF: 0.3079(2.337s / 7.590s)
generated_audios/generated_H2_128C_int8/672-122797-0062_generated.wav | RTF: 0.3197(0.855s / 2.675s) | Generator RTF: 0.3184(0.852s / 2.675s)
generated_audios/generated_H2_128C_int8/672-122797-0063_generated.wav | RTF: 0.0234(0.119s / 5.075s) | Generator RTF: 0.0227(0.115s / 5.075s)
generated_audios/generated_H2_128C_int8/672-122797-0064_generated.wav | RTF: 0.3012(4.600s / 15.270s) | Generator RTF: 0.3009(4.595s / 15.270s)
generated_audios/generated_H2_128C_int8/672-122797-0065_generated.wav | RTF: 0.0258(0.078s / 3.030s) | Generator RTF: 0.0246(0.075s / 3.030s)
generated_audios/generated_H2_128C_int8/672-122797-0066_generated.wav | RTF: 0.0250(0.120s / 4.815s) | Generator RTF: 0.0242(0.117s / 4.815s)
generated_audios/generated_H2_128C_int8/672-122797-0067_generated.wav | RTF: 0.2875(3.747s / 13.035s) | Generator RTF: 0.2871(3.742s / 13.035s)
generated_audios/generated_H2_128C_int8/672-122797-0068_generated.wav | RTF: 0.0229(0.092s / 4.020s) | Generator RTF: 0.0221(0.089s / 4.020s)
generated_audios/generated_H2_128C_int8/672-122797-0069_generated.wav | RTF: 0.3056(1.531s / 5.010s) | Generator RTF: 0.3050(1.528s / 5.010s)
generated_audios/generated_H2_128C_int8/672-122797-0070_generated.wav | RTF: 0.2831(1.775s / 6.270s) | Generator RTF: 0.2825(1.771s / 6.270s)
generated_audios/generated_H2_128C_int8/672-122797-0071_generated.wav | RTF: 0.2997(2.660s / 8.875s) | Generator RTF: 0.2992(2.655s / 8.875s)
generated_audios/generated_H2_128C_int8/672-122797-0072_generated.wav | RTF: 0.3058(2.428s / 7.940s) | Generator RTF: 0.3052(2.424s / 7.940s)
generated_audios/generated_H2_128C_int8/672-122797-0073_generated.wav | RTF: 0.3009(2.469s / 8.205s) | Generator RTF: 0.3004(2.465s / 8.205s)
generated_audios/generated_H2_128C_int8/672-122797-0074_generated.wav | RTF: 0.3037(2.651s / 8.730s) | Generator RTF: 0.3032(2.647s / 8.730s)
generated_audios/generated_H2_128C_int8/908-157963-0000_generated.wav | RTF: 0.2858(3.607s / 12.620s) | Generator RTF: 0.2854(3.602s / 12.620s)
generated_audios/generated_H2_128C_int8/908-157963-0001_generated.wav | RTF: 0.2951(0.851s / 2.885s) | Generator RTF: 0.2939(0.848s / 2.885s)
generated_audios/generated_H2_128C_int8/908-157963-0002_generated.wav | RTF: 0.2947(0.812s / 2.755s) | Generator RTF: 0.2937(0.809s / 2.755s)
generated_audios/generated_H2_128C_int8/908-157963-0003_generated.wav | RTF: 0.2944(0.907s / 3.080s) | Generator RTF: 0.2931(0.903s / 3.080s)
generated_audios/generated_H2_128C_int8/908-157963-0004_generated.wav | RTF: 0.2989(4.182s / 13.990s) | Generator RTF: 0.2986(4.177s / 13.990s)
generated_audios/generated_H2_128C_int8/908-157963-0005_generated.wav | RTF: 0.2930(2.061s / 7.035s) | Generator RTF: 0.2924(2.057s / 7.035s)
generated_audios/generated_H2_128C_int8/908-157963-0006_generated.wav | RTF: 0.2976(2.413s / 8.110s) | Generator RTF: 0.2970(2.409s / 8.110s)
generated_audios/generated_H2_128C_int8/908-157963-0007_generated.wav | RTF: 0.3099(10.155s / 32.770s) | Generator RTF: 0.3096(10.147s / 32.770s)
generated_audios/generated_H2_128C_int8/908-157963-0008_generated.wav | RTF: 0.3046(6.076s / 19.950s) | Generator RTF: 0.3043(6.070s / 19.950s)
generated_audios/generated_H2_128C_int8/908-157963-0009_generated.wav | RTF: 0.3041(1.235s / 4.060s) | Generator RTF: 0.3033(1.231s / 4.060s)
generated_audios/generated_H2_128C_int8/908-157963-0010_generated.wav | RTF: 0.0198(0.124s / 6.280s) | Generator RTF: 0.0191(0.120s / 6.280s)
generated_audios/generated_H2_128C_int8/908-157963-0011_generated.wav | RTF: 0.0229(0.238s / 10.395s) | Generator RTF: 0.0224(0.233s / 10.395s)
generated_audios/generated_H2_128C_int8/908-157963-0012_generated.wav | RTF: 0.2980(3.007s / 10.090s) | Generator RTF: 0.2976(3.003s / 10.090s)
generated_audios/generated_H2_128C_int8/908-157963-0013_generated.wav | RTF: 0.0248(0.107s / 4.315s) | Generator RTF: 0.0239(0.103s / 4.315s)
generated_audios/generated_H2_128C_int8/908-157963-0014_generated.wav | RTF: 0.0246(0.111s / 4.520s) | Generator RTF: 0.0238(0.108s / 4.520s)
generated_audios/generated_H2_128C_int8/908-157963-0015_generated.wav | RTF: 0.2806(4.058s / 14.465s) | Generator RTF: 0.2802(4.054s / 14.465s)
generated_audios/generated_H2_128C_int8/908-157963-0016_generated.wav | RTF: 0.0238(0.121s / 5.105s) | Generator RTF: 0.0231(0.118s / 5.105s)
generated_audios/generated_H2_128C_int8/908-157963-0017_generated.wav | RTF: 0.2822(1.397s / 4.950s) | Generator RTF: 0.2815(1.393s / 4.950s)
generated_audios/generated_H2_128C_int8/908-157963-0018_generated.wav | RTF: 0.0277(0.118s / 4.255s) | Generator RTF: 0.0269(0.114s / 4.255s)
generated_audios/generated_H2_128C_int8/908-157963-0019_generated.wav | RTF: 0.3054(6.548s / 21.440s) | Generator RTF: 0.3052(6.543s / 21.440s)
generated_audios/generated_H2_128C_int8/908-157963-0020_generated.wav | RTF: 0.2974(2.914s / 9.800s) | Generator RTF: 0.2970(2.910s / 9.800s)
generated_audios/generated_H2_128C_int8/908-157963-0021_generated.wav | RTF: 0.0234(0.240s / 10.240s) | Generator RTF: 0.0230(0.235s / 10.240s)
generated_audios/generated_H2_128C_int8/908-157963-0022_generated.wav | RTF: 0.3027(1.395s / 4.610s) | Generator RTF: 0.3019(1.392s / 4.610s)
generated_audios/generated_H2_128C_int8/908-157963-0023_generated.wav | RTF: 0.3052(2.937s / 9.625s) | Generator RTF: 0.3047(2.933s / 9.625s)
generated_audios/generated_H2_128C_int8/908-157963-0024_generated.wav | RTF: 0.3029(1.042s / 3.440s) | Generator RTF: 0.3019(1.039s / 3.440s)
generated_audios/generated_H2_128C_int8/908-157963-0025_generated.wav | RTF: 0.2832(2.624s / 9.265s) | Generator RTF: 0.2828(2.620s / 9.265s)
generated_audios/generated_H2_128C_int8/908-157963-0026_generated.wav | RTF: 0.2934(2.376s / 8.100s) | Generator RTF: 0.2929(2.372s / 8.100s)
generated_audios/generated_H2_128C_int8/908-157963-0027_generated.wav | RTF: 0.0248(0.130s / 5.225s) | Generator RTF: 0.0241(0.126s / 5.225s)
generated_audios/generated_H2_128C_int8/908-157963-0028_generated.wav | RTF: 0.0205(0.101s / 4.955s) | Generator RTF: 0.0197(0.098s / 4.955s)
generated_audios/generated_H2_128C_int8/908-157963-0029_generated.wav | RTF: 0.2769(1.005s / 3.630s) | Generator RTF: 0.2759(1.002s / 3.630s)
generated_audios/generated_H2_128C_int8/908-157963-0030_generated.wav | RTF: 0.0206(0.093s / 4.520s) | Generator RTF: 0.0198(0.089s / 4.520s)
generated_audios/generated_H2_128C_int8/908-31957-0000_generated.wav | RTF: 0.2790(0.593s / 2.125s) | Generator RTF: 0.2774(0.590s / 2.125s)
generated_audios/generated_H2_128C_int8/908-31957-0001_generated.wav | RTF: 0.2999(3.393s / 11.315s) | Generator RTF: 0.2995(3.389s / 11.315s)
generated_audios/generated_H2_128C_int8/908-31957-0002_generated.wav | RTF: 0.0242(0.116s / 4.790s) | Generator RTF: 0.0234(0.112s / 4.790s)
generated_audios/generated_H2_128C_int8/908-31957-0003_generated.wav | RTF: 0.0236(0.155s / 6.565s) | Generator RTF: 0.0231(0.151s / 6.565s)
generated_audios/generated_H2_128C_int8/908-31957-0004_generated.wav | RTF: 0.3039(4.484s / 14.755s) | Generator RTF: 0.3036(4.480s / 14.755s)
generated_audios/generated_H2_128C_int8/908-31957-0005_generated.wav | RTF: 0.0240(0.108s / 4.490s) | Generator RTF: 0.0232(0.104s / 4.490s)
generated_audios/generated_H2_128C_int8/908-31957-0006_generated.wav | RTF: 0.2793(1.645s / 5.890s) | Generator RTF: 0.2787(1.642s / 5.890s)
generated_audios/generated_H2_128C_int8/908-31957-0007_generated.wav | RTF: 0.0230(0.133s / 5.800s) | Generator RTF: 0.0223(0.130s / 5.800s)
generated_audios/generated_H2_128C_int8/908-31957-0008_generated.wav | RTF: 0.2770(2.771s / 10.005s) | Generator RTF: 0.2766(2.767s / 10.005s)
generated_audios/generated_H2_128C_int8/908-31957-0009_generated.wav | RTF: 0.2791(2.151s / 7.705s) | Generator RTF: 0.2786(2.147s / 7.705s)
generated_audios/generated_H2_128C_int8/908-31957-0010_generated.wav | RTF: 0.2773(0.696s / 2.510s) | Generator RTF: 0.2760(0.693s / 2.510s)
generated_audios/generated_H2_128C_int8/908-31957-0011_generated.wav | RTF: 0.0279(0.065s / 2.335s) | Generator RTF: 0.0265(0.062s / 2.335s)
generated_audios/generated_H2_128C_int8/908-31957-0012_generated.wav | RTF: 0.2952(2.248s / 7.615s) | Generator RTF: 0.2947(2.244s / 7.615s)
generated_audios/generated_H2_128C_int8/908-31957-0013_generated.wav | RTF: 0.2965(1.832s / 6.180s) | Generator RTF: 0.2959(1.828s / 6.180s)
generated_audios/generated_H2_128C_int8/908-31957-0014_generated.wav | RTF: 0.2782(2.103s / 7.560s) | Generator RTF: 0.2776(2.099s / 7.560s)
generated_audios/generated_H2_128C_int8/908-31957-0015_generated.wav | RTF: 0.2870(6.161s / 21.465s) | Generator RTF: 0.2868(6.156s / 21.465s)
generated_audios/generated_H2_128C_int8/908-31957-0016_generated.wav | RTF: 0.2814(1.823s / 6.480s) | Generator RTF: 0.2808(1.819s / 6.480s)
generated_audios/generated_H2_128C_int8/908-31957-0017_generated.wav | RTF: 0.2988(2.329s / 7.795s) | Generator RTF: 0.2984(2.326s / 7.795s)
generated_audios/generated_H2_128C_int8/908-31957-0018_generated.wav | RTF: 0.3058(1.197s / 3.915s) | Generator RTF: 0.3050(1.194s / 3.915s)
generated_audios/generated_H2_128C_int8/908-31957-0019_generated.wav | RTF: 0.3082(2.940s / 9.540s) | Generator RTF: 0.3078(2.936s / 9.540s)
generated_audios/generated_H2_128C_int8/908-31957-0020_generated.wav | RTF: 0.0203(0.120s / 5.895s) | Generator RTF: 0.0197(0.116s / 5.895s)
generated_audios/generated_H2_128C_int8/908-31957-0021_generated.wav | RTF: 0.2872(3.132s / 10.905s) | Generator RTF: 0.2868(3.127s / 10.905s)
generated_audios/generated_H2_128C_int8/908-31957-0022_generated.wav | RTF: 0.3041(4.288s / 14.100s) | Generator RTF: 0.3038(4.283s / 14.100s)
generated_audios/generated_H2_128C_int8/908-31957-0023_generated.wav | RTF: 0.3027(2.577s / 8.515s) | Generator RTF: 0.3022(2.574s / 8.515s)
generated_audios/generated_H2_128C_int8/908-31957-0024_generated.wav | RTF: 0.2933(2.211s / 7.540s) | Generator RTF: 0.2928(2.208s / 7.540s)
generated_audios/generated_H2_128C_int8/908-31957-0025_generated.wav | RTF: 0.3012(6.193s / 20.560s) | Generator RTF: 0.3009(6.187s / 20.560s)
Average RTF: 0.2045(646.112s / 3159.849s)
Average Generator RTF: 0.2039(644.244s / 3159.849s)
Evaluation summary:
  Mel-spectrogram L1: 1.511640
  PESQ: 1.197036
  STOI: 0.812946
Appended per-audio metrics to CSV: per_audio_results/H2_quantized_resblocks_range_1_10

Appended metrics to CSV: experiments_results.csv
Appended to experiments_results.csv:
H2_128C_quantized_resblocks_range_2_9,926177,2.451,0.2088,0.2082,1.1941789853572846,0.8124729155466003,1.5146546392440796
========== Done ==========
=== JOB_STATISTICS ===
=== current date     : Sun Jul  5 01:55:58 PM CEST 2026
= Job-ID             : 1428669 on tinyfat
= Job-Name           : inference_512ch_h1-4
= Job-Command        : /home/hpc/vlbi/vlbi107v/hifi-gan/inference_Test.sh
= Initial workdir    : /home/hpc/vlbi/vlbi107v/hifi-gan
= Queue/Partition    : work
= Slurm account      : vlbi with QOS=normal
= Requested resources:  for 1-00:00:00
= Elapsed runtime    : 00:14:25
= Total RAM usage    : 15.7 GiB of requested  GiB (%)   
= Node list          : tf093
= Subm/Elig/Start/End: 2026-07-05T13:41:33 / 2026-07-05T13:41:33 / 2026-07-05T13:41:33 / 2026-07-05T13:55:58
======================
=== Quota infos ======
    Path                 Used     SoftQ    HardQ    Gracetime  Filec    FileQ    FiHaQ    FileGrace    
    /home/hpc              92.1G   104.9G   209.7G        N/A      85K     500K   1,000K        N/A    
    /home/woody           281.2G  1000.0G  1500.0G        N/A     118K   5,000K   7,500K        N/A    
======================
