### Starting TaskPrologue of job 1428677 on tf060 at Sun Jul  5 01:44:50 PM CEST 2026
Running on cores 40-47,104-111 with governor ondemand
No GPU known
### Finished TaskPrologue

==========(sbatch.tinyfat) Inference: 128 Channels (g_07960000) ==========
========== H2: quantized (INT8 dynamic quantization) ==========
Initializing Inference Process..
Using device: cpu (baseline and quantized inference both run on CPU)
Quantization enabled: forcing CPU inference for INT8 model.
Loading '/home/hpc/vlbi/vlbi107v/hifi-gan/cp_hifigan/v1_c128/g_07960000'
Complete.
Checkpoint contains weight_norm parameters. Keeping weight_norm wrappers for loading...
Removing weight norm...
Calibrating static quantization using 50 samples...
INT8 quantization scope: resblocks
Checking quantized modules after static quantization:
Quantized module: resblocks.0.convs1.0 (torch.ao.nn.quantized.modules.conv.Conv1d)
Quantized module: resblocks.0.convs1.1 (torch.ao.nn.quantized.modules.conv.Conv1d)
Quantized module: resblocks.0.convs1.2 (torch.ao.nn.quantized.modules.conv.Conv1d)
Quantized module: resblocks.0.convs2.0 (torch.ao.nn.quantized.modules.conv.Conv1d)
Quantized module: resblocks.0.convs2.1 (torch.ao.nn.quantized.modules.conv.Conv1d)
Quantized module: resblocks.0.convs2.2 (torch.ao.nn.quantized.modules.conv.Conv1d)
Quantized module: resblocks.1.convs1.0 (torch.ao.nn.quantized.modules.conv.Conv1d)
Quantized module: resblocks.1.convs1.1 (torch.ao.nn.quantized.modules.conv.Conv1d)
Quantized module: resblocks.1.convs1.2 (torch.ao.nn.quantized.modules.conv.Conv1d)
Quantized module: resblocks.1.convs2.0 (torch.ao.nn.quantized.modules.conv.Conv1d)
Quantized module: resblocks.1.convs2.1 (torch.ao.nn.quantized.modules.conv.Conv1d)
Quantized module: resblocks.1.convs2.2 (torch.ao.nn.quantized.modules.conv.Conv1d)
Quantized module: resblocks.2.convs1.0 (torch.ao.nn.quantized.modules.conv.Conv1d)
Quantized module: resblocks.2.convs1.1 (torch.ao.nn.quantized.modules.conv.Conv1d)
Quantized module: resblocks.2.convs1.2 (torch.ao.nn.quantized.modules.conv.Conv1d)
Quantized module: resblocks.2.convs2.0 (torch.ao.nn.quantized.modules.conv.Conv1d)
Quantized module: resblocks.2.convs2.1 (torch.ao.nn.quantized.modules.conv.Conv1d)
Quantized module: resblocks.2.convs2.2 (torch.ao.nn.quantized.modules.conv.Conv1d)
Quantized module: resblocks.3.convs1.0 (torch.ao.nn.quantized.modules.conv.Conv1d)
Quantized module: resblocks.3.convs1.1 (torch.ao.nn.quantized.modules.conv.Conv1d)
Quantized module: resblocks.3.convs1.2 (torch.ao.nn.quantized.modules.conv.Conv1d)
Quantized module: resblocks.3.convs2.0 (torch.ao.nn.quantized.modules.conv.Conv1d)
Quantized module: resblocks.3.convs2.1 (torch.ao.nn.quantized.modules.conv.Conv1d)
Quantized module: resblocks.3.convs2.2 (torch.ao.nn.quantized.modules.conv.Conv1d)
Quantized module: resblocks.4.convs1.0 (torch.ao.nn.quantized.modules.conv.Conv1d)
Quantized module: resblocks.4.convs1.1 (torch.ao.nn.quantized.modules.conv.Conv1d)
Quantized module: resblocks.4.convs1.2 (torch.ao.nn.quantized.modules.conv.Conv1d)
Quantized module: resblocks.4.convs2.0 (torch.ao.nn.quantized.modules.conv.Conv1d)
Quantized module: resblocks.4.convs2.1 (torch.ao.nn.quantized.modules.conv.Conv1d)
Quantized module: resblocks.4.convs2.2 (torch.ao.nn.quantized.modules.conv.Conv1d)
Quantized module: resblocks.5.convs1.0 (torch.ao.nn.quantized.modules.conv.Conv1d)
Quantized module: resblocks.5.convs1.1 (torch.ao.nn.quantized.modules.conv.Conv1d)
Quantized module: resblocks.5.convs1.2 (torch.ao.nn.quantized.modules.conv.Conv1d)
Quantized module: resblocks.5.convs2.0 (torch.ao.nn.quantized.modules.conv.Conv1d)
Quantized module: resblocks.5.convs2.1 (torch.ao.nn.quantized.modules.conv.Conv1d)
Quantized module: resblocks.5.convs2.2 (torch.ao.nn.quantized.modules.conv.Conv1d)
Quantized module: resblocks.6.convs1.0 (torch.ao.nn.quantized.modules.conv.Conv1d)
Quantized module: resblocks.6.convs1.1 (torch.ao.nn.quantized.modules.conv.Conv1d)
Quantized module: resblocks.6.convs1.2 (torch.ao.nn.quantized.modules.conv.Conv1d)
Quantized module: resblocks.6.convs2.0 (torch.ao.nn.quantized.modules.conv.Conv1d)
Quantized module: resblocks.6.convs2.1 (torch.ao.nn.quantized.modules.conv.Conv1d)
Quantized module: resblocks.6.convs2.2 (torch.ao.nn.quantized.modules.conv.Conv1d)
Quantized module: resblocks.7.convs1.0 (torch.ao.nn.quantized.modules.conv.Conv1d)
Quantized module: resblocks.7.convs1.1 (torch.ao.nn.quantized.modules.conv.Conv1d)
Quantized module: resblocks.7.convs1.2 (torch.ao.nn.quantized.modules.conv.Conv1d)
Quantized module: resblocks.7.convs2.0 (torch.ao.nn.quantized.modules.conv.Conv1d)
Quantized module: resblocks.7.convs2.1 (torch.ao.nn.quantized.modules.conv.Conv1d)
Quantized module: resblocks.7.convs2.2 (torch.ao.nn.quantized.modules.conv.Conv1d)
Quantized module: resblocks.8.convs1.0 (torch.ao.nn.quantized.modules.conv.Conv1d)
Quantized module: resblocks.8.convs1.1 (torch.ao.nn.quantized.modules.conv.Conv1d)
Quantized module: resblocks.8.convs1.2 (torch.ao.nn.quantized.modules.conv.Conv1d)
Quantized module: resblocks.8.convs2.0 (torch.ao.nn.quantized.modules.conv.Conv1d)
Quantized module: resblocks.8.convs2.1 (torch.ao.nn.quantized.modules.conv.Conv1d)
Quantized module: resblocks.8.convs2.2 (torch.ao.nn.quantized.modules.conv.Conv1d)
Quantized module: resblocks.9.convs1.0 (torch.ao.nn.quantized.modules.conv.Conv1d)
Quantized module: resblocks.9.convs1.1 (torch.ao.nn.quantized.modules.conv.Conv1d)
Quantized module: resblocks.9.convs1.2 (torch.ao.nn.quantized.modules.conv.Conv1d)
Quantized module: resblocks.9.convs2.0 (torch.ao.nn.quantized.modules.conv.Conv1d)
Quantized module: resblocks.9.convs2.1 (torch.ao.nn.quantized.modules.conv.Conv1d)
Quantized module: resblocks.9.convs2.2 (torch.ao.nn.quantized.modules.conv.Conv1d)
Quantized module: resblocks.10.convs1.0 (torch.ao.nn.quantized.modules.conv.Conv1d)
Quantized module: resblocks.10.convs1.1 (torch.ao.nn.quantized.modules.conv.Conv1d)
Quantized module: resblocks.10.convs1.2 (torch.ao.nn.quantized.modules.conv.Conv1d)
Quantized module: resblocks.10.convs2.0 (torch.ao.nn.quantized.modules.conv.Conv1d)
Quantized module: resblocks.10.convs2.1 (torch.ao.nn.quantized.modules.conv.Conv1d)
Quantized module: resblocks.10.convs2.2 (torch.ao.nn.quantized.modules.conv.Conv1d)
Quantized module: resblocks.11.convs1.0 (torch.ao.nn.quantized.modules.conv.Conv1d)
Quantized module: resblocks.11.convs1.1 (torch.ao.nn.quantized.modules.conv.Conv1d)
Quantized module: resblocks.11.convs1.2 (torch.ao.nn.quantized.modules.conv.Conv1d)
Quantized module: resblocks.11.convs2.0 (torch.ao.nn.quantized.modules.conv.Conv1d)
Quantized module: resblocks.11.convs2.1 (torch.ao.nn.quantized.modules.conv.Conv1d)
Quantized module: resblocks.11.convs2.2 (torch.ao.nn.quantized.modules.conv.Conv1d)
Saving checkpoint to /home/hpc/vlbi/vlbi107v/hifi-gan/cp_hifigan/v1_c128/compressed_checkpoint_int8
Complete.
Saved compressed checkpoint: /home/hpc/vlbi/vlbi107v/hifi-gan/cp_hifigan/v1_c128/compressed_checkpoint_int8 (1.815 MB)
Compressed checkpoint parameters: 926,391
Loaded checkpoint: /home/hpc/vlbi/vlbi107v/hifi-gan/cp_hifigan/v1_c128/g_07960000 (3.617 MB)
Generator parameters: 926,391
generated_audios/generated_H2_128C_int8/1089-134686-0000_generated.wav | RTF: 0.0273(0.285s / 10.435s) | Generator RTF: 0.0269(0.281s / 10.435s)
generated_audios/generated_H2_128C_int8/1089-134686-0001_generated.wav | RTF: 0.0340(0.111s / 3.275s) | Generator RTF: 0.0329(0.108s / 3.275s)
generated_audios/generated_H2_128C_int8/1089-134686-0002_generated.wav | RTF: 0.0315(0.209s / 6.625s) | Generator RTF: 0.0309(0.205s / 6.625s)
generated_audios/generated_H2_128C_int8/1089-134686-0003_generated.wav | RTF: 0.0318(0.085s / 2.680s) | Generator RTF: 0.0304(0.082s / 2.680s)
generated_audios/generated_H2_128C_int8/1089-134686-0004_generated.wav | RTF: 0.0282(0.147s / 5.215s) | Generator RTF: 0.0275(0.143s / 5.215s)
generated_audios/generated_H2_128C_int8/1089-134686-0005_generated.wav | RTF: 0.0278(0.268s / 9.635s) | Generator RTF: 0.0274(0.264s / 9.635s)
generated_audios/generated_H2_128C_int8/1089-134686-0006_generated.wav | RTF: 0.0291(0.308s / 10.555s) | Generator RTF: 0.0287(0.303s / 10.555s)
generated_audios/generated_H2_128C_int8/1089-134686-0007_generated.wav | RTF: 0.0292(0.125s / 4.275s) | Generator RTF: 0.0284(0.121s / 4.275s)
generated_audios/generated_H2_128C_int8/1089-134686-0008_generated.wav | RTF: 0.0253(0.170s / 6.730s) | Generator RTF: 0.0247(0.166s / 6.730s)
generated_audios/generated_H2_128C_int8/1089-134686-0009_generated.wav | RTF: 0.0273(0.289s / 10.575s) | Generator RTF: 0.0269(0.284s / 10.575s)
generated_audios/generated_H2_128C_int8/1089-134686-0010_generated.wav | RTF: 0.0295(0.130s / 4.405s) | Generator RTF: 0.0286(0.126s / 4.405s)
generated_audios/generated_H2_128C_int8/1089-134686-0011_generated.wav | RTF: 0.0277(0.345s / 12.445s) | Generator RTF: 0.0274(0.341s / 12.445s)
generated_audios/generated_H2_128C_int8/1089-134686-0012_generated.wav | RTF: 0.0304(0.354s / 11.640s) | Generator RTF: 0.0301(0.350s / 11.640s)
generated_audios/generated_H2_128C_int8/1089-134686-0013_generated.wav | RTF: 0.0294(0.233s / 7.915s) | Generator RTF: 0.0289(0.229s / 7.915s)
generated_audios/generated_H2_128C_int8/1089-134686-0014_generated.wav | RTF: 0.0335(0.074s / 2.225s) | Generator RTF: 0.0319(0.071s / 2.225s)
generated_audios/generated_H2_128C_int8/1089-134686-0015_generated.wav | RTF: 0.0280(0.163s / 5.815s) | Generator RTF: 0.0275(0.160s / 5.815s)
generated_audios/generated_H2_128C_int8/1089-134686-0016_generated.wav | RTF: 0.0305(0.108s / 3.540s) | Generator RTF: 0.0295(0.105s / 3.540s)
generated_audios/generated_H2_128C_int8/1089-134686-0017_generated.wav | RTF: 0.0269(0.239s / 8.870s) | Generator RTF: 0.0265(0.235s / 8.870s)
generated_audios/generated_H2_128C_int8/1089-134686-0018_generated.wav | RTF: 0.0268(0.421s / 15.720s) | Generator RTF: 0.0265(0.416s / 15.720s)
generated_audios/generated_H2_128C_int8/1089-134686-0019_generated.wav | RTF: 0.0269(0.374s / 13.895s) | Generator RTF: 0.0266(0.370s / 13.895s)
generated_audios/generated_H2_128C_int8/1089-134686-0020_generated.wav | RTF: 0.0283(0.475s / 16.790s) | Generator RTF: 0.0280(0.470s / 16.790s)
generated_audios/generated_H2_128C_int8/1089-134686-0021_generated.wav | RTF: 0.0300(0.196s / 6.550s) | Generator RTF: 0.0294(0.192s / 6.550s)
generated_audios/generated_H2_128C_int8/1089-134686-0022_generated.wav | RTF: 0.0268(0.300s / 11.175s) | Generator RTF: 0.0264(0.295s / 11.175s)
generated_audios/generated_H2_128C_int8/1089-134686-0023_generated.wav | RTF: 0.0285(0.378s / 13.275s) | Generator RTF: 0.0281(0.373s / 13.275s)
generated_audios/generated_H2_128C_int8/1089-134686-0024_generated.wav | RTF: 0.0273(0.318s / 11.655s) | Generator RTF: 0.0270(0.314s / 11.655s)
generated_audios/generated_H2_128C_int8/1089-134686-0025_generated.wav | RTF: 0.0288(0.190s / 6.610s) | Generator RTF: 0.0282(0.187s / 6.610s)
generated_audios/generated_H2_128C_int8/1089-134686-0026_generated.wav | RTF: 0.0330(0.132s / 4.010s) | Generator RTF: 0.0322(0.129s / 4.010s)
generated_audios/generated_H2_128C_int8/1089-134686-0027_generated.wav | RTF: 0.0313(0.085s / 2.710s) | Generator RTF: 0.0302(0.082s / 2.710s)
generated_audios/generated_H2_128C_int8/1089-134686-0028_generated.wav | RTF: 0.0281(0.220s / 7.830s) | Generator RTF: 0.0277(0.217s / 7.830s)
generated_audios/generated_H2_128C_int8/1089-134686-0029_generated.wav | RTF: 0.0323(0.151s / 4.670s) | Generator RTF: 0.0316(0.147s / 4.670s)
generated_audios/generated_H2_128C_int8/1089-134686-0030_generated.wav | RTF: 0.0292(0.079s / 2.715s) | Generator RTF: 0.0280(0.076s / 2.715s)
generated_audios/generated_H2_128C_int8/1089-134686-0031_generated.wav | RTF: 0.0252(0.167s / 6.615s) | Generator RTF: 0.0247(0.163s / 6.615s)
generated_audios/generated_H2_128C_int8/121-121726-0000_generated.wav | RTF: 0.0283(0.239s / 8.460s) | Generator RTF: 0.0278(0.235s / 8.460s)
generated_audios/generated_H2_128C_int8/121-121726-0001_generated.wav | RTF: 0.0318(0.189s / 5.925s) | Generator RTF: 0.0312(0.185s / 5.925s)
generated_audios/generated_H2_128C_int8/121-121726-0002_generated.wav | RTF: 0.0267(0.118s / 4.410s) | Generator RTF: 0.0258(0.114s / 4.410s)
generated_audios/generated_H2_128C_int8/121-121726-0003_generated.wav | RTF: 0.0286(0.193s / 6.755s) | Generator RTF: 0.0281(0.190s / 6.755s)
generated_audios/generated_H2_128C_int8/121-121726-0004_generated.wav | RTF: 0.0300(0.121s / 4.020s) | Generator RTF: 0.0291(0.117s / 4.020s)
generated_audios/generated_H2_128C_int8/121-121726-0005_generated.wav | RTF: 0.0352(0.109s / 3.100s) | Generator RTF: 0.0342(0.106s / 3.100s)
generated_audios/generated_H2_128C_int8/121-121726-0006_generated.wav | RTF: 0.0309(0.120s / 3.895s) | Generator RTF: 0.0298(0.116s / 3.895s)
generated_audios/generated_H2_128C_int8/121-121726-0007_generated.wav | RTF: 0.0253(0.171s / 6.730s) | Generator RTF: 0.0247(0.167s / 6.730s)
generated_audios/generated_H2_128C_int8/121-121726-0008_generated.wav | RTF: 0.0328(0.164s / 4.990s) | Generator RTF: 0.0320(0.160s / 4.990s)
generated_audios/generated_H2_128C_int8/121-121726-0009_generated.wav | RTF: 0.0286(0.207s / 7.260s) | Generator RTF: 0.0280(0.204s / 7.260s)
generated_audios/generated_H2_128C_int8/121-121726-0010_generated.wav | RTF: 0.0272(0.267s / 9.810s) | Generator RTF: 0.0268(0.263s / 9.810s)
generated_audios/generated_H2_128C_int8/121-121726-0011_generated.wav | RTF: 0.0297(0.120s / 4.035s) | Generator RTF: 0.0288(0.116s / 4.035s)
generated_audios/generated_H2_128C_int8/121-121726-0012_generated.wav | RTF: 0.0312(0.126s / 4.045s) | Generator RTF: 0.0302(0.122s / 4.045s)
generated_audios/generated_H2_128C_int8/121-121726-0013_generated.wav | RTF: 0.0321(0.080s / 2.490s) | Generator RTF: 0.0313(0.078s / 2.490s)
generated_audios/generated_H2_128C_int8/121-121726-0014_generated.wav | RTF: 0.0310(0.098s / 3.165s) | Generator RTF: 0.0303(0.096s / 3.165s)
generated_audios/generated_H2_128C_int8/121-123852-0000_generated.wav | RTF: 0.0282(0.499s / 17.695s) | Generator RTF: 0.0279(0.493s / 17.695s)
generated_audios/generated_H2_128C_int8/121-123852-0001_generated.wav | RTF: 0.0359(0.067s / 1.870s) | Generator RTF: 0.0341(0.064s / 1.870s)
generated_audios/generated_H2_128C_int8/121-123852-0002_generated.wav | RTF: 0.0275(0.476s / 17.285s) | Generator RTF: 0.0272(0.471s / 17.285s)
generated_audios/generated_H2_128C_int8/121-123852-0003_generated.wav | RTF: 0.3091(7.264s / 23.505s) | Generator RTF: 0.3088(7.258s / 23.505s)
generated_audios/generated_H2_128C_int8/121-123852-0004_generated.wav | RTF: 0.2851(4.644s / 16.290s) | Generator RTF: 0.2847(4.638s / 16.290s)
generated_audios/generated_H2_128C_int8/121-123859-0000_generated.wav | RTF: 0.2657(4.620s / 17.390s) | Generator RTF: 0.2654(4.615s / 17.390s)
generated_audios/generated_H2_128C_int8/121-123859-0001_generated.wav | RTF: 0.2701(6.859s / 25.395s) | Generator RTF: 0.2698(6.853s / 25.395s)
generated_audios/generated_H2_128C_int8/121-123859-0002_generated.wav | RTF: 0.2820(8.471s / 30.040s) | Generator RTF: 0.2818(8.464s / 30.040s)
generated_audios/generated_H2_128C_int8/121-123859-0003_generated.wav | RTF: 0.2591(2.805s / 10.825s) | Generator RTF: 0.2587(2.800s / 10.825s)
generated_audios/generated_H2_128C_int8/121-123859-0004_generated.wav | RTF: 0.2588(2.460s / 9.505s) | Generator RTF: 0.2583(2.455s / 9.505s)
generated_audios/generated_H2_128C_int8/121-127105-0000_generated.wav | RTF: 0.2610(2.577s / 9.875s) | Generator RTF: 0.2606(2.573s / 9.875s)
generated_audios/generated_H2_128C_int8/121-127105-0001_generated.wav | RTF: 0.2457(1.235s / 5.025s) | Generator RTF: 0.2449(1.231s / 5.025s)
generated_audios/generated_H2_128C_int8/121-127105-0002_generated.wav | RTF: 0.2447(1.834s / 7.495s) | Generator RTF: 0.2442(1.830s / 7.495s)
generated_audios/generated_H2_128C_int8/121-127105-0003_generated.wav | RTF: 0.2551(1.971s / 7.725s) | Generator RTF: 0.2546(1.967s / 7.725s)
generated_audios/generated_H2_128C_int8/121-127105-0004_generated.wav | RTF: 0.2548(0.538s / 2.110s) | Generator RTF: 0.2533(0.534s / 2.110s)
generated_audios/generated_H2_128C_int8/121-127105-0005_generated.wav | RTF: 0.2493(1.451s / 5.820s) | Generator RTF: 0.2487(1.447s / 5.820s)
generated_audios/generated_H2_128C_int8/121-127105-0006_generated.wav | RTF: 0.2582(1.220s / 4.725s) | Generator RTF: 0.2574(1.216s / 4.725s)
generated_audios/generated_H2_128C_int8/121-127105-0007_generated.wav | RTF: 0.2502(1.449s / 5.790s) | Generator RTF: 0.2497(1.446s / 5.790s)
generated_audios/generated_H2_128C_int8/121-127105-0008_generated.wav | RTF: 0.2516(0.694s / 2.760s) | Generator RTF: 0.2505(0.691s / 2.760s)
generated_audios/generated_H2_128C_int8/121-127105-0009_generated.wav | RTF: 0.2575(0.590s / 2.290s) | Generator RTF: 0.2564(0.587s / 2.290s)
generated_audios/generated_H2_128C_int8/121-127105-0010_generated.wav | RTF: 0.2549(0.727s / 2.850s) | Generator RTF: 0.2538(0.723s / 2.850s)
generated_audios/generated_H2_128C_int8/121-127105-0011_generated.wav | RTF: 0.2577(1.489s / 5.780s) | Generator RTF: 0.2571(1.486s / 5.780s)
generated_audios/generated_H2_128C_int8/121-127105-0012_generated.wav | RTF: 0.2616(1.263s / 4.830s) | Generator RTF: 0.2608(1.260s / 4.830s)
generated_audios/generated_H2_128C_int8/121-127105-0013_generated.wav | RTF: 0.2464(1.452s / 5.895s) | Generator RTF: 0.2457(1.448s / 5.895s)
generated_audios/generated_H2_128C_int8/121-127105-0014_generated.wav | RTF: 0.2419(0.545s / 2.255s) | Generator RTF: 0.2404(0.542s / 2.255s)
generated_audios/generated_H2_128C_int8/121-127105-0015_generated.wav | RTF: 0.2558(0.757s / 2.960s) | Generator RTF: 0.2548(0.754s / 2.960s)
generated_audios/generated_H2_128C_int8/121-127105-0016_generated.wav | RTF: 0.2446(0.497s / 2.030s) | Generator RTF: 0.2430(0.493s / 2.030s)
generated_audios/generated_H2_128C_int8/121-127105-0017_generated.wav | RTF: 0.2540(0.685s / 2.695s) | Generator RTF: 0.2528(0.681s / 2.695s)
generated_audios/generated_H2_128C_int8/121-127105-0018_generated.wav | RTF: 0.2557(0.708s / 2.770s) | Generator RTF: 0.2545(0.705s / 2.770s)
generated_audios/generated_H2_128C_int8/121-127105-0019_generated.wav | RTF: 0.2480(0.874s / 3.525s) | Generator RTF: 0.2470(0.871s / 3.525s)
generated_audios/generated_H2_128C_int8/121-127105-0020_generated.wav | RTF: 0.2722(3.908s / 14.355s) | Generator RTF: 0.2719(3.903s / 14.355s)
generated_audios/generated_H2_128C_int8/121-127105-0021_generated.wav | RTF: 0.2452(0.490s / 2.000s) | Generator RTF: 0.2434(0.487s / 2.000s)
generated_audios/generated_H2_128C_int8/121-127105-0022_generated.wav | RTF: 0.2560(1.299s / 5.075s) | Generator RTF: 0.2553(1.296s / 5.075s)
generated_audios/generated_H2_128C_int8/121-127105-0023_generated.wav | RTF: 0.2471(2.696s / 10.910s) | Generator RTF: 0.2468(2.693s / 10.910s)
generated_audios/generated_H2_128C_int8/121-127105-0024_generated.wav | RTF: 0.2843(4.108s / 14.450s) | Generator RTF: 0.2839(4.103s / 14.450s)
generated_audios/generated_H2_128C_int8/121-127105-0025_generated.wav | RTF: 0.2661(4.275s / 16.065s) | Generator RTF: 0.2658(4.269s / 16.065s)
generated_audios/generated_H2_128C_int8/121-127105-0026_generated.wav | RTF: 0.2442(1.839s / 7.530s) | Generator RTF: 0.2437(1.835s / 7.530s)
generated_audios/generated_H2_128C_int8/121-127105-0027_generated.wav | RTF: 0.2690(3.730s / 13.870s) | Generator RTF: 0.2686(3.725s / 13.870s)
generated_audios/generated_H2_128C_int8/121-127105-0028_generated.wav | RTF: 0.0284(0.192s / 6.750s) | Generator RTF: 0.0279(0.188s / 6.750s)
generated_audios/generated_H2_128C_int8/121-127105-0029_generated.wav | RTF: 0.2543(1.859s / 7.310s) | Generator RTF: 0.2538(1.855s / 7.310s)
generated_audios/generated_H2_128C_int8/121-127105-0030_generated.wav | RTF: 0.2493(0.542s / 2.175s) | Generator RTF: 0.2478(0.539s / 2.175s)
generated_audios/generated_H2_128C_int8/121-127105-0031_generated.wav | RTF: 0.2408(2.592s / 10.765s) | Generator RTF: 0.2405(2.589s / 10.765s)
generated_audios/generated_H2_128C_int8/121-127105-0032_generated.wav | RTF: 0.2386(0.756s / 3.170s) | Generator RTF: 0.2375(0.753s / 3.170s)
generated_audios/generated_H2_128C_int8/121-127105-0033_generated.wav | RTF: 0.2485(0.585s / 2.355s) | Generator RTF: 0.2472(0.582s / 2.355s)
generated_audios/generated_H2_128C_int8/121-127105-0034_generated.wav | RTF: 0.2585(1.915s / 7.410s) | Generator RTF: 0.2580(1.912s / 7.410s)
generated_audios/generated_H2_128C_int8/121-127105-0035_generated.wav | RTF: 0.2708(3.832s / 14.150s) | Generator RTF: 0.2704(3.827s / 14.150s)
generated_audios/generated_H2_128C_int8/121-127105-0036_generated.wav | RTF: 0.2389(0.991s / 4.150s) | Generator RTF: 0.2380(0.988s / 4.150s)
generated_audios/generated_H2_128C_int8/237-126133-0000_generated.wav | RTF: 0.2860(3.801s / 13.290s) | Generator RTF: 0.2857(3.797s / 13.290s)
generated_audios/generated_H2_128C_int8/237-126133-0001_generated.wav | RTF: 0.2869(3.432s / 11.965s) | Generator RTF: 0.2865(3.428s / 11.965s)
generated_audios/generated_H2_128C_int8/237-126133-0002_generated.wav | RTF: 0.2479(2.212s / 8.920s) | Generator RTF: 0.2475(2.207s / 8.920s)
generated_audios/generated_H2_128C_int8/237-126133-0003_generated.wav | RTF: 0.2536(1.664s / 6.560s) | Generator RTF: 0.2530(1.660s / 6.560s)
generated_audios/generated_H2_128C_int8/237-126133-0004_generated.wav | RTF: 0.2586(0.852s / 3.295s) | Generator RTF: 0.2576(0.849s / 3.295s)
generated_audios/generated_H2_128C_int8/237-126133-0005_generated.wav | RTF: 0.2585(1.683s / 6.510s) | Generator RTF: 0.2579(1.679s / 6.510s)
generated_audios/generated_H2_128C_int8/237-126133-0006_generated.wav | RTF: 0.2559(1.574s / 6.150s) | Generator RTF: 0.2553(1.570s / 6.150s)
generated_audios/generated_H2_128C_int8/237-126133-0007_generated.wav | RTF: 0.2461(2.136s / 8.680s) | Generator RTF: 0.2456(2.132s / 8.680s)
generated_audios/generated_H2_128C_int8/237-126133-0008_generated.wav | RTF: 0.2553(0.987s / 3.865s) | Generator RTF: 0.2543(0.983s / 3.865s)
generated_audios/generated_H2_128C_int8/237-126133-0009_generated.wav | RTF: 0.2558(1.015s / 3.970s) | Generator RTF: 0.2549(1.012s / 3.970s)
generated_audios/generated_H2_128C_int8/237-126133-0010_generated.wav | RTF: 0.2488(1.552s / 6.240s) | Generator RTF: 0.2482(1.549s / 6.240s)
generated_audios/generated_H2_128C_int8/237-126133-0011_generated.wav | RTF: 0.2647(1.776s / 6.710s) | Generator RTF: 0.2641(1.772s / 6.710s)
generated_audios/generated_H2_128C_int8/237-126133-0012_generated.wav | RTF: 0.2645(1.177s / 4.450s) | Generator RTF: 0.2637(1.173s / 4.450s)
generated_audios/generated_H2_128C_int8/237-126133-0013_generated.wav | RTF: 0.2603(1.774s / 6.815s) | Generator RTF: 0.2597(1.770s / 6.815s)
generated_audios/generated_H2_128C_int8/237-126133-0014_generated.wav | RTF: 0.2606(1.769s / 6.790s) | Generator RTF: 0.2600(1.765s / 6.790s)
generated_audios/generated_H2_128C_int8/237-126133-0015_generated.wav | RTF: 0.2473(2.310s / 9.340s) | Generator RTF: 0.2468(2.305s / 9.340s)
generated_audios/generated_H2_128C_int8/237-126133-0016_generated.wav | RTF: 0.2489(1.058s / 4.250s) | Generator RTF: 0.2481(1.054s / 4.250s)
generated_audios/generated_H2_128C_int8/237-126133-0017_generated.wav | RTF: 0.2482(1.542s / 6.210s) | Generator RTF: 0.2476(1.538s / 6.210s)
generated_audios/generated_H2_128C_int8/237-126133-0018_generated.wav | RTF: 0.2584(1.058s / 4.095s) | Generator RTF: 0.2576(1.055s / 4.095s)
generated_audios/generated_H2_128C_int8/237-126133-0019_generated.wav | RTF: 0.2633(1.875s / 7.120s) | Generator RTF: 0.2628(1.871s / 7.120s)
generated_audios/generated_H2_128C_int8/237-126133-0020_generated.wav | RTF: 0.2413(0.541s / 2.240s) | Generator RTF: 0.2398(0.537s / 2.240s)
generated_audios/generated_H2_128C_int8/237-126133-0021_generated.wav | RTF: 0.2446(1.068s / 4.365s) | Generator RTF: 0.2438(1.064s / 4.365s)
generated_audios/generated_H2_128C_int8/237-126133-0022_generated.wav | RTF: 0.2606(1.314s / 5.040s) | Generator RTF: 0.2600(1.310s / 5.040s)
generated_audios/generated_H2_128C_int8/237-126133-0023_generated.wav | RTF: 0.2610(1.742s / 6.675s) | Generator RTF: 0.2604(1.738s / 6.675s)
generated_audios/generated_H2_128C_int8/237-126133-0024_generated.wav | RTF: 0.2632(2.544s / 9.665s) | Generator RTF: 0.2628(2.540s / 9.665s)
generated_audios/generated_H2_128C_int8/237-126133-0025_generated.wav | RTF: 0.2543(0.955s / 3.755s) | Generator RTF: 0.2535(0.952s / 3.755s)
generated_audios/generated_H2_128C_int8/237-134493-0000_generated.wav | RTF: 0.2623(1.077s / 4.105s) | Generator RTF: 0.2614(1.073s / 4.105s)
generated_audios/generated_H2_128C_int8/237-134493-0001_generated.wav | RTF: 0.2585(1.908s / 7.380s) | Generator RTF: 0.2579(1.904s / 7.380s)
generated_audios/generated_H2_128C_int8/237-134493-0002_generated.wav | RTF: 0.2624(2.990s / 11.395s) | Generator RTF: 0.2620(2.985s / 11.395s)
generated_audios/generated_H2_128C_int8/237-134493-0003_generated.wav | RTF: 0.2846(3.633s / 12.765s) | Generator RTF: 0.2843(3.629s / 12.765s)
generated_audios/generated_H2_128C_int8/237-134493-0004_generated.wav | RTF: 0.2624(1.791s / 6.825s) | Generator RTF: 0.2618(1.787s / 6.825s)
generated_audios/generated_H2_128C_int8/237-134493-0005_generated.wav | RTF: 0.2481(2.715s / 10.945s) | Generator RTF: 0.2477(2.711s / 10.945s)
generated_audios/generated_H2_128C_int8/237-134493-0006_generated.wav | RTF: 0.2456(1.079s / 4.395s) | Generator RTF: 0.2448(1.076s / 4.395s)
generated_audios/generated_H2_128C_int8/237-134493-0007_generated.wav | RTF: 0.2431(0.495s / 2.035s) | Generator RTF: 0.2414(0.491s / 2.035s)
generated_audios/generated_H2_128C_int8/237-134493-0008_generated.wav | RTF: 0.2388(0.550s / 2.305s) | Generator RTF: 0.2374(0.547s / 2.305s)
generated_audios/generated_H2_128C_int8/237-134493-0009_generated.wav | RTF: 0.2555(0.760s / 2.975s) | Generator RTF: 0.2543(0.757s / 2.975s)
generated_audios/generated_H2_128C_int8/237-134493-0010_generated.wav | RTF: 0.2540(0.730s / 2.875s) | Generator RTF: 0.2531(0.728s / 2.875s)
generated_audios/generated_H2_128C_int8/237-134493-0011_generated.wav | RTF: 0.2641(1.330s / 5.035s) | Generator RTF: 0.2634(1.326s / 5.035s)
generated_audios/generated_H2_128C_int8/237-134493-0012_generated.wav | RTF: 0.2440(0.893s / 3.660s) | Generator RTF: 0.2430(0.890s / 3.660s)
generated_audios/generated_H2_128C_int8/237-134493-0013_generated.wav | RTF: 0.0266(0.109s / 4.090s) | Generator RTF: 0.0257(0.105s / 4.090s)
generated_audios/generated_H2_128C_int8/237-134493-0014_generated.wav | RTF: 0.2457(0.909s / 3.700s) | Generator RTF: 0.2447(0.905s / 3.700s)
generated_audios/generated_H2_128C_int8/237-134493-0015_generated.wav | RTF: 0.0303(0.198s / 6.550s) | Generator RTF: 0.0297(0.194s / 6.550s)
generated_audios/generated_H2_128C_int8/237-134493-0016_generated.wav | RTF: 0.2592(2.614s / 10.085s) | Generator RTF: 0.2588(2.610s / 10.085s)
generated_audios/generated_H2_128C_int8/237-134493-0017_generated.wav | RTF: 0.2615(2.381s / 9.105s) | Generator RTF: 0.2610(2.376s / 9.105s)
generated_audios/generated_H2_128C_int8/237-134493-0018_generated.wav | RTF: 0.2572(1.232s / 4.790s) | Generator RTF: 0.2566(1.229s / 4.790s)
generated_audios/generated_H2_128C_int8/237-134500-0000_generated.wav | RTF: 0.2551(1.564s / 6.130s) | Generator RTF: 0.2544(1.560s / 6.130s)
generated_audios/generated_H2_128C_int8/237-134500-0001_generated.wav | RTF: 0.2367(0.428s / 1.810s) | Generator RTF: 0.2349(0.425s / 1.810s)
generated_audios/generated_H2_128C_int8/237-134500-0002_generated.wav | RTF: 0.2577(1.307s / 5.070s) | Generator RTF: 0.2570(1.303s / 5.070s)
generated_audios/generated_H2_128C_int8/237-134500-0003_generated.wav | RTF: 0.0317(0.101s / 3.170s) | Generator RTF: 0.0307(0.097s / 3.170s)
generated_audios/generated_H2_128C_int8/237-134500-0004_generated.wav | RTF: 0.0331(0.074s / 2.225s) | Generator RTF: 0.0317(0.071s / 2.225s)
generated_audios/generated_H2_128C_int8/237-134500-0005_generated.wav | RTF: 0.2470(0.590s / 2.390s) | Generator RTF: 0.2457(0.587s / 2.390s)
generated_audios/generated_H2_128C_int8/237-134500-0006_generated.wav | RTF: 0.2437(1.030s / 4.225s) | Generator RTF: 0.2429(1.026s / 4.225s)
generated_audios/generated_H2_128C_int8/237-134500-0007_generated.wav | RTF: 0.0292(0.070s / 2.390s) | Generator RTF: 0.0278(0.066s / 2.390s)
generated_audios/generated_H2_128C_int8/237-134500-0008_generated.wav | RTF: 0.0268(0.101s / 3.760s) | Generator RTF: 0.0259(0.097s / 3.760s)
generated_audios/generated_H2_128C_int8/237-134500-0009_generated.wav | RTF: 0.0301(0.067s / 2.220s) | Generator RTF: 0.0286(0.064s / 2.220s)
generated_audios/generated_H2_128C_int8/237-134500-0010_generated.wav | RTF: 0.2591(1.035s / 3.995s) | Generator RTF: 0.2583(1.032s / 3.995s)
generated_audios/generated_H2_128C_int8/237-134500-0011_generated.wav | RTF: 0.2466(0.826s / 3.350s) | Generator RTF: 0.2455(0.823s / 3.350s)
generated_audios/generated_H2_128C_int8/237-134500-0012_generated.wav | RTF: 0.2641(2.888s / 10.935s) | Generator RTF: 0.2637(2.884s / 10.935s)
generated_audios/generated_H2_128C_int8/237-134500-0013_generated.wav | RTF: 0.0288(0.304s / 10.560s) | Generator RTF: 0.0284(0.300s / 10.560s)
generated_audios/generated_H2_128C_int8/237-134500-0014_generated.wav | RTF: 0.0269(0.114s / 4.250s) | Generator RTF: 0.0260(0.111s / 4.250s)
generated_audios/generated_H2_128C_int8/237-134500-0015_generated.wav | RTF: 0.2582(2.792s / 10.815s) | Generator RTF: 0.2577(2.788s / 10.815s)
generated_audios/generated_H2_128C_int8/237-134500-0016_generated.wav | RTF: 0.0310(0.098s / 3.160s) | Generator RTF: 0.0299(0.094s / 3.160s)
generated_audios/generated_H2_128C_int8/237-134500-0017_generated.wav | RTF: 0.0336(0.073s / 2.180s) | Generator RTF: 0.0321(0.070s / 2.180s)
generated_audios/generated_H2_128C_int8/237-134500-0018_generated.wav | RTF: 0.2850(3.660s / 12.845s) | Generator RTF: 0.2846(3.656s / 12.845s)
generated_audios/generated_H2_128C_int8/237-134500-0019_generated.wav | RTF: 0.2447(0.700s / 2.860s) | Generator RTF: 0.2436(0.697s / 2.860s)
generated_audios/generated_H2_128C_int8/237-134500-0020_generated.wav | RTF: 0.0300(0.065s / 2.180s) | Generator RTF: 0.0285(0.062s / 2.180s)
generated_audios/generated_H2_128C_int8/237-134500-0021_generated.wav | RTF: 0.2425(1.242s / 5.120s) | Generator RTF: 0.2418(1.238s / 5.120s)
generated_audios/generated_H2_128C_int8/237-134500-0022_generated.wav | RTF: 0.2475(1.278s / 5.165s) | Generator RTF: 0.2468(1.275s / 5.165s)
generated_audios/generated_H2_128C_int8/237-134500-0023_generated.wav | RTF: 0.2594(0.794s / 3.060s) | Generator RTF: 0.2582(0.790s / 3.060s)
generated_audios/generated_H2_128C_int8/237-134500-0024_generated.wav | RTF: 0.0294(0.130s / 4.410s) | Generator RTF: 0.0286(0.126s / 4.410s)
generated_audios/generated_H2_128C_int8/237-134500-0025_generated.wav | RTF: 0.2395(0.390s / 1.630s) | Generator RTF: 0.2374(0.387s / 1.630s)
generated_audios/generated_H2_128C_int8/237-134500-0026_generated.wav | RTF: 0.2568(0.783s / 3.050s) | Generator RTF: 0.2557(0.780s / 3.050s)
generated_audios/generated_H2_128C_int8/237-134500-0027_generated.wav | RTF: 0.2633(0.861s / 3.270s) | Generator RTF: 0.2623(0.858s / 3.270s)
generated_audios/generated_H2_128C_int8/237-134500-0028_generated.wav | RTF: 0.2613(1.183s / 4.525s) | Generator RTF: 0.2606(1.179s / 4.525s)
generated_audios/generated_H2_128C_int8/237-134500-0029_generated.wav | RTF: 0.2429(0.502s / 2.065s) | Generator RTF: 0.2414(0.498s / 2.065s)
generated_audios/generated_H2_128C_int8/237-134500-0030_generated.wav | RTF: 0.2621(0.729s / 2.780s) | Generator RTF: 0.2609(0.725s / 2.780s)
generated_audios/generated_H2_128C_int8/237-134500-0031_generated.wav | RTF: 0.2584(2.741s / 10.610s) | Generator RTF: 0.2580(2.737s / 10.610s)
generated_audios/generated_H2_128C_int8/237-134500-0032_generated.wav | RTF: 0.0302(0.152s / 5.025s) | Generator RTF: 0.0294(0.148s / 5.025s)
generated_audios/generated_H2_128C_int8/237-134500-0033_generated.wav | RTF: 0.2452(1.557s / 6.350s) | Generator RTF: 0.2447(1.554s / 6.350s)
generated_audios/generated_H2_128C_int8/237-134500-0034_generated.wav | RTF: 0.2416(0.743s / 3.075s) | Generator RTF: 0.2405(0.740s / 3.075s)
generated_audios/generated_H2_128C_int8/237-134500-0035_generated.wav | RTF: 0.2547(0.651s / 2.555s) | Generator RTF: 0.2539(0.649s / 2.555s)
generated_audios/generated_H2_128C_int8/237-134500-0036_generated.wav | RTF: 0.2598(1.715s / 6.600s) | Generator RTF: 0.2592(1.711s / 6.600s)
generated_audios/generated_H2_128C_int8/237-134500-0037_generated.wav | RTF: 0.2567(1.824s / 7.105s) | Generator RTF: 0.2561(1.820s / 7.105s)
generated_audios/generated_H2_128C_int8/237-134500-0038_generated.wav | RTF: 0.2499(0.608s / 2.435s) | Generator RTF: 0.2487(0.606s / 2.435s)
generated_audios/generated_H2_128C_int8/237-134500-0039_generated.wav | RTF: 0.2604(1.206s / 4.630s) | Generator RTF: 0.2598(1.203s / 4.630s)
generated_audios/generated_H2_128C_int8/237-134500-0040_generated.wav | RTF: 0.0296(0.119s / 4.030s) | Generator RTF: 0.0287(0.116s / 4.030s)
generated_audios/generated_H2_128C_int8/237-134500-0041_generated.wav | RTF: 0.0304(0.271s / 8.920s) | Generator RTF: 0.0299(0.267s / 8.920s)
generated_audios/generated_H2_128C_int8/237-134500-0042_generated.wav | RTF: 0.2488(0.641s / 2.575s) | Generator RTF: 0.2475(0.637s / 2.575s)
generated_audios/generated_H2_128C_int8/260-123286-0000_generated.wav | RTF: 0.2495(1.756s / 7.040s) | Generator RTF: 0.2490(1.753s / 7.040s)
generated_audios/generated_H2_128C_int8/260-123286-0001_generated.wav | RTF: 0.0279(0.086s / 3.070s) | Generator RTF: 0.0267(0.082s / 3.070s)
generated_audios/generated_H2_128C_int8/260-123286-0002_generated.wav | RTF: 0.2617(2.613s / 9.985s) | Generator RTF: 0.2613(2.609s / 9.985s)
generated_audios/generated_H2_128C_int8/260-123286-0003_generated.wav | RTF: 0.2601(1.917s / 7.370s) | Generator RTF: 0.2595(1.913s / 7.370s)
generated_audios/generated_H2_128C_int8/260-123286-0004_generated.wav | RTF: 0.2575(0.892s / 3.465s) | Generator RTF: 0.2566(0.889s / 3.465s)
generated_audios/generated_H2_128C_int8/260-123286-0005_generated.wav | RTF: 0.2471(1.188s / 4.810s) | Generator RTF: 0.2465(1.186s / 4.810s)
generated_audios/generated_H2_128C_int8/260-123286-0006_generated.wav | RTF: 0.2585(1.914s / 7.405s) | Generator RTF: 0.2580(1.911s / 7.405s)
generated_audios/generated_H2_128C_int8/260-123286-0007_generated.wav | RTF: 0.2551(1.161s / 4.550s) | Generator RTF: 0.2544(1.157s / 4.550s)
generated_audios/generated_H2_128C_int8/260-123286-0008_generated.wav | RTF: 0.2451(0.916s / 3.735s) | Generator RTF: 0.2443(0.913s / 3.735s)
generated_audios/generated_H2_128C_int8/260-123286-0009_generated.wav | RTF: 0.2658(1.540s / 5.795s) | Generator RTF: 0.2652(1.537s / 5.795s)
generated_audios/generated_H2_128C_int8/260-123286-0010_generated.wav | RTF: 0.0289(0.074s / 2.575s) | Generator RTF: 0.0276(0.071s / 2.575s)
generated_audios/generated_H2_128C_int8/260-123286-0011_generated.wav | RTF: 0.0262(0.111s / 4.255s) | Generator RTF: 0.0254(0.108s / 4.255s)
generated_audios/generated_H2_128C_int8/260-123286-0012_generated.wav | RTF: 0.0292(0.071s / 2.430s) | Generator RTF: 0.0278(0.068s / 2.430s)
generated_audios/generated_H2_128C_int8/260-123286-0013_generated.wav | RTF: 0.2572(1.216s / 4.730s) | Generator RTF: 0.2565(1.213s / 4.730s)
generated_audios/generated_H2_128C_int8/260-123286-0014_generated.wav | RTF: 0.0334(0.099s / 2.980s) | Generator RTF: 0.0322(0.096s / 2.980s)
generated_audios/generated_H2_128C_int8/260-123286-0015_generated.wav | RTF: 0.2621(1.366s / 5.210s) | Generator RTF: 0.2615(1.362s / 5.210s)
generated_audios/generated_H2_128C_int8/260-123286-0016_generated.wav | RTF: 0.2621(1.835s / 7.000s) | Generator RTF: 0.2616(1.831s / 7.000s)
generated_audios/generated_H2_128C_int8/260-123286-0017_generated.wav | RTF: 0.2480(0.986s / 3.975s) | Generator RTF: 0.2471(0.982s / 3.975s)
generated_audios/generated_H2_128C_int8/260-123286-0018_generated.wav | RTF: 0.2649(1.502s / 5.670s) | Generator RTF: 0.2643(1.498s / 5.670s)
generated_audios/generated_H2_128C_int8/260-123286-0019_generated.wav | RTF: 0.2908(3.462s / 11.905s) | Generator RTF: 0.2904(3.457s / 11.905s)
generated_audios/generated_H2_128C_int8/260-123286-0020_generated.wav | RTF: 0.0276(0.084s / 3.060s) | Generator RTF: 0.0266(0.081s / 3.060s)
generated_audios/generated_H2_128C_int8/260-123286-0021_generated.wav | RTF: 0.2530(0.645s / 2.550s) | Generator RTF: 0.2518(0.642s / 2.550s)
generated_audios/generated_H2_128C_int8/260-123286-0022_generated.wav | RTF: 0.2559(0.828s / 3.235s) | Generator RTF: 0.2548(0.824s / 3.235s)
generated_audios/generated_H2_128C_int8/260-123286-0023_generated.wav | RTF: 0.2622(1.541s / 5.875s) | Generator RTF: 0.2616(1.537s / 5.875s)
generated_audios/generated_H2_128C_int8/260-123286-0024_generated.wav | RTF: 0.2563(0.779s / 3.040s) | Generator RTF: 0.2552(0.776s / 3.040s)
generated_audios/generated_H2_128C_int8/260-123286-0025_generated.wav | RTF: 0.2485(2.287s / 9.205s) | Generator RTF: 0.2480(2.283s / 9.205s)
generated_audios/generated_H2_128C_int8/260-123286-0026_generated.wav | RTF: 0.2509(1.741s / 6.940s) | Generator RTF: 0.2504(1.737s / 6.940s)
generated_audios/generated_H2_128C_int8/260-123286-0027_generated.wav | RTF: 0.2658(1.906s / 7.170s) | Generator RTF: 0.2653(1.902s / 7.170s)
generated_audios/generated_H2_128C_int8/260-123286-0028_generated.wav | RTF: 0.2495(1.863s / 7.465s) | Generator RTF: 0.2491(1.859s / 7.465s)
generated_audios/generated_H2_128C_int8/260-123286-0029_generated.wav | RTF: 0.0265(0.120s / 4.545s) | Generator RTF: 0.0257(0.117s / 4.545s)
generated_audios/generated_H2_128C_int8/260-123286-0030_generated.wav | RTF: 0.0288(0.217s / 7.530s) | Generator RTF: 0.0283(0.213s / 7.530s)
generated_audios/generated_H2_128C_int8/260-123286-0031_generated.wav | RTF: 0.2462(1.246s / 5.060s) | Generator RTF: 0.2455(1.242s / 5.060s)
generated_audios/generated_H2_128C_int8/260-123288-0000_generated.wav | RTF: 0.0279(0.085s / 3.040s) | Generator RTF: 0.0267(0.081s / 3.040s)
generated_audios/generated_H2_128C_int8/260-123288-0001_generated.wav | RTF: 0.0292(0.148s / 5.080s) | Generator RTF: 0.0285(0.145s / 5.080s)
generated_audios/generated_H2_128C_int8/260-123288-0002_generated.wav | RTF: 0.2502(1.814s / 7.250s) | Generator RTF: 0.2497(1.810s / 7.250s)
generated_audios/generated_H2_128C_int8/260-123288-0003_generated.wav | RTF: 0.2600(2.315s / 8.905s) | Generator RTF: 0.2596(2.311s / 8.905s)
generated_audios/generated_H2_128C_int8/260-123288-0004_generated.wav | RTF: 0.2571(1.108s / 4.310s) | Generator RTF: 0.2563(1.105s / 4.310s)
generated_audios/generated_H2_128C_int8/260-123288-0005_generated.wav | RTF: 0.2738(3.436s / 12.550s) | Generator RTF: 0.2734(3.431s / 12.550s)
generated_audios/generated_H2_128C_int8/260-123288-0006_generated.wav | RTF: 0.2512(1.226s / 4.880s) | Generator RTF: 0.2505(1.222s / 4.880s)
generated_audios/generated_H2_128C_int8/260-123288-0007_generated.wav | RTF: 0.2649(2.967s / 11.200s) | Generator RTF: 0.2645(2.963s / 11.200s)
generated_audios/generated_H2_128C_int8/260-123288-0008_generated.wav | RTF: 0.2590(1.429s / 5.515s) | Generator RTF: 0.2584(1.425s / 5.515s)
generated_audios/generated_H2_128C_int8/260-123288-0009_generated.wav | RTF: 0.2565(0.881s / 3.435s) | Generator RTF: 0.2555(0.878s / 3.435s)
generated_audios/generated_H2_128C_int8/260-123288-0010_generated.wav | RTF: 0.0246(0.246s / 9.995s) | Generator RTF: 0.0242(0.242s / 9.995s)
generated_audios/generated_H2_128C_int8/260-123288-0011_generated.wav | RTF: 0.2662(2.391s / 8.980s) | Generator RTF: 0.2657(2.386s / 8.980s)
generated_audios/generated_H2_128C_int8/260-123288-0012_generated.wav | RTF: 0.2580(0.915s / 3.545s) | Generator RTF: 0.2570(0.911s / 3.545s)
generated_audios/generated_H2_128C_int8/260-123288-0013_generated.wav | RTF: 0.2897(3.299s / 11.385s) | Generator RTF: 0.2894(3.294s / 11.385s)
generated_audios/generated_H2_128C_int8/260-123288-0014_generated.wav | RTF: 0.0356(0.064s / 1.805s) | Generator RTF: 0.0337(0.061s / 1.805s)
generated_audios/generated_H2_128C_int8/260-123288-0015_generated.wav | RTF: 0.2698(5.716s / 21.185s) | Generator RTF: 0.2696(5.711s / 21.185s)
generated_audios/generated_H2_128C_int8/260-123288-0016_generated.wav | RTF: 0.2671(1.299s / 4.865s) | Generator RTF: 0.2663(1.295s / 4.865s)
generated_audios/generated_H2_128C_int8/260-123288-0017_generated.wav | RTF: 0.2518(1.315s / 5.225s) | Generator RTF: 0.2511(1.312s / 5.225s)
generated_audios/generated_H2_128C_int8/260-123288-0018_generated.wav | RTF: 0.2580(0.837s / 3.245s) | Generator RTF: 0.2570(0.834s / 3.245s)
generated_audios/generated_H2_128C_int8/260-123288-0019_generated.wav | RTF: 0.0310(0.092s / 2.955s) | Generator RTF: 0.0299(0.088s / 2.955s)
generated_audios/generated_H2_128C_int8/260-123288-0020_generated.wav | RTF: 0.2595(0.752s / 2.900s) | Generator RTF: 0.2584(0.749s / 2.900s)
generated_audios/generated_H2_128C_int8/260-123288-0021_generated.wav | RTF: 0.0322(0.087s / 2.710s) | Generator RTF: 0.0310(0.084s / 2.710s)
generated_audios/generated_H2_128C_int8/260-123288-0022_generated.wav | RTF: 0.2586(0.958s / 3.705s) | Generator RTF: 0.2577(0.955s / 3.705s)
generated_audios/generated_H2_128C_int8/260-123288-0023_generated.wav | RTF: 0.0333(0.079s / 2.385s) | Generator RTF: 0.0319(0.076s / 2.385s)
generated_audios/generated_H2_128C_int8/260-123288-0024_generated.wav | RTF: 0.2733(3.989s / 14.595s) | Generator RTF: 0.2730(3.985s / 14.595s)
generated_audios/generated_H2_128C_int8/260-123288-0025_generated.wav | RTF: 0.2760(3.711s / 13.445s) | Generator RTF: 0.2757(3.706s / 13.445s)
generated_audios/generated_H2_128C_int8/260-123288-0026_generated.wav | RTF: 0.2886(4.630s / 16.040s) | Generator RTF: 0.2883(4.625s / 16.040s)
generated_audios/generated_H2_128C_int8/260-123288-0027_generated.wav | RTF: 0.2515(1.586s / 6.305s) | Generator RTF: 0.2508(1.581s / 6.305s)
generated_audios/generated_H2_128C_int8/260-123288-0028_generated.wav | RTF: 0.2595(0.677s / 2.610s) | Generator RTF: 0.2583(0.674s / 2.610s)
generated_audios/generated_H2_128C_int8/260-123440-0000_generated.wav | RTF: 0.2471(0.535s / 2.165s) | Generator RTF: 0.2456(0.532s / 2.165s)
generated_audios/generated_H2_128C_int8/260-123440-0001_generated.wav | RTF: 0.2445(0.426s / 1.740s) | Generator RTF: 0.2427(0.422s / 1.740s)
generated_audios/generated_H2_128C_int8/260-123440-0002_generated.wav | RTF: 0.2860(4.208s / 14.715s) | Generator RTF: 0.2856(4.202s / 14.715s)
generated_audios/generated_H2_128C_int8/260-123440-0003_generated.wav | RTF: 0.2611(0.936s / 3.585s) | Generator RTF: 0.2600(0.932s / 3.585s)
generated_audios/generated_H2_128C_int8/260-123440-0004_generated.wav | RTF: 0.2744(3.298s / 12.020s) | Generator RTF: 0.2741(3.294s / 12.020s)
generated_audios/generated_H2_128C_int8/260-123440-0005_generated.wav | RTF: 0.0311(0.097s / 3.105s) | Generator RTF: 0.0300(0.093s / 3.105s)
generated_audios/generated_H2_128C_int8/260-123440-0006_generated.wav | RTF: 0.0287(0.078s / 2.715s) | Generator RTF: 0.0275(0.075s / 2.715s)
generated_audios/generated_H2_128C_int8/260-123440-0007_generated.wav | RTF: 0.2630(0.890s / 3.385s) | Generator RTF: 0.2620(0.887s / 3.385s)
generated_audios/generated_H2_128C_int8/260-123440-0008_generated.wav | RTF: 0.2637(0.988s / 3.745s) | Generator RTF: 0.2628(0.984s / 3.745s)
generated_audios/generated_H2_128C_int8/260-123440-0009_generated.wav | RTF: 0.2669(0.831s / 3.115s) | Generator RTF: 0.2658(0.828s / 3.115s)
generated_audios/generated_H2_128C_int8/260-123440-0010_generated.wav | RTF: 0.2701(2.246s / 8.315s) | Generator RTF: 0.2696(2.241s / 8.315s)
generated_audios/generated_H2_128C_int8/260-123440-0011_generated.wav | RTF: 0.0264(0.129s / 4.870s) | Generator RTF: 0.0257(0.125s / 4.870s)
generated_audios/generated_H2_128C_int8/260-123440-0012_generated.wav | RTF: 0.2641(1.385s / 5.245s) | Generator RTF: 0.2635(1.382s / 5.245s)
generated_audios/generated_H2_128C_int8/260-123440-0013_generated.wav | RTF: 0.2651(0.921s / 3.475s) | Generator RTF: 0.2640(0.918s / 3.475s)
generated_audios/generated_H2_128C_int8/260-123440-0014_generated.wav | RTF: 0.2680(1.023s / 3.815s) | Generator RTF: 0.2671(1.019s / 3.815s)
generated_audios/generated_H2_128C_int8/260-123440-0015_generated.wav | RTF: 0.0322(0.200s / 6.200s) | Generator RTF: 0.0316(0.196s / 6.200s)
generated_audios/generated_H2_128C_int8/260-123440-0016_generated.wav | RTF: 0.2715(1.329s / 4.895s) | Generator RTF: 0.2708(1.326s / 4.895s)
generated_audios/generated_H2_128C_int8/260-123440-0017_generated.wav | RTF: 0.0334(0.103s / 3.070s) | Generator RTF: 0.0323(0.099s / 3.070s)
generated_audios/generated_H2_128C_int8/260-123440-0018_generated.wav | RTF: 0.2741(0.998s / 3.640s) | Generator RTF: 0.2732(0.995s / 3.640s)
generated_audios/generated_H2_128C_int8/260-123440-0019_generated.wav | RTF: 0.2763(1.832s / 6.630s) | Generator RTF: 0.2757(1.828s / 6.630s)
generated_audios/generated_H2_128C_int8/260-123440-0020_generated.wav | RTF: 0.2727(1.362s / 4.995s) | Generator RTF: 0.2720(1.359s / 4.995s)
generated_audios/generated_H2_128C_int8/61-70968-0000_generated.wav | RTF: 0.2760(1.354s / 4.905s) | Generator RTF: 0.2753(1.351s / 4.905s)
generated_audios/generated_H2_128C_int8/61-70968-0001_generated.wav | RTF: 0.2746(0.991s / 3.610s) | Generator RTF: 0.2740(0.989s / 3.610s)
generated_audios/generated_H2_128C_int8/61-70968-0002_generated.wav | RTF: 0.2676(0.795s / 2.970s) | Generator RTF: 0.2665(0.792s / 2.970s)
generated_audios/generated_H2_128C_int8/61-70968-0003_generated.wav | RTF: 0.0268(0.116s / 4.315s) | Generator RTF: 0.0260(0.112s / 4.315s)
generated_audios/generated_H2_128C_int8/61-70968-0004_generated.wav | RTF: 0.2756(1.071s / 3.885s) | Generator RTF: 0.2746(1.067s / 3.885s)
generated_audios/generated_H2_128C_int8/61-70968-0005_generated.wav | RTF: 0.0291(0.148s / 5.070s) | Generator RTF: 0.0284(0.144s / 5.070s)
generated_audios/generated_H2_128C_int8/61-70968-0006_generated.wav | RTF: 0.2570(0.754s / 2.935s) | Generator RTF: 0.2558(0.751s / 2.935s)
generated_audios/generated_H2_128C_int8/61-70968-0007_generated.wav | RTF: 0.0275(0.098s / 3.550s) | Generator RTF: 0.0266(0.094s / 3.550s)
generated_audios/generated_H2_128C_int8/61-70968-0008_generated.wav | RTF: 0.0307(0.108s / 3.535s) | Generator RTF: 0.0297(0.105s / 3.535s)
generated_audios/generated_H2_128C_int8/61-70968-0009_generated.wav | RTF: 0.2737(1.234s / 4.510s) | Generator RTF: 0.2729(1.231s / 4.510s)
generated_audios/generated_H2_128C_int8/61-70968-0010_generated.wav | RTF: 0.2603(2.159s / 8.295s) | Generator RTF: 0.2598(2.155s / 8.295s)
generated_audios/generated_H2_128C_int8/61-70968-0011_generated.wav | RTF: 0.2596(1.655s / 6.375s) | Generator RTF: 0.2590(1.651s / 6.375s)
generated_audios/generated_H2_128C_int8/61-70968-0012_generated.wav | RTF: 0.0294(0.077s / 2.610s) | Generator RTF: 0.0281(0.073s / 2.610s)
generated_audios/generated_H2_128C_int8/61-70968-0013_generated.wav | RTF: 0.0294(0.131s / 4.450s) | Generator RTF: 0.0286(0.127s / 4.450s)
generated_audios/generated_H2_128C_int8/61-70968-0014_generated.wav | RTF: 0.2749(2.058s / 7.485s) | Generator RTF: 0.2744(2.054s / 7.485s)
generated_audios/generated_H2_128C_int8/61-70968-0015_generated.wav | RTF: 0.2612(1.404s / 5.375s) | Generator RTF: 0.2606(1.401s / 5.375s)
generated_audios/generated_H2_128C_int8/61-70968-0016_generated.wav | RTF: 0.2769(1.030s / 3.720s) | Generator RTF: 0.2760(1.027s / 3.720s)
generated_audios/generated_H2_128C_int8/61-70968-0017_generated.wav | RTF: 0.2756(1.408s / 5.110s) | Generator RTF: 0.2750(1.405s / 5.110s)
generated_audios/generated_H2_128C_int8/61-70968-0018_generated.wav | RTF: 0.2697(0.649s / 2.405s) | Generator RTF: 0.2684(0.645s / 2.405s)
generated_audios/generated_H2_128C_int8/61-70968-0019_generated.wav | RTF: 0.2649(1.450s / 5.475s) | Generator RTF: 0.2642(1.446s / 5.475s)
generated_audios/generated_H2_128C_int8/61-70968-0020_generated.wav | RTF: 0.2839(1.449s / 5.105s) | Generator RTF: 0.2832(1.446s / 5.105s)
generated_audios/generated_H2_128C_int8/61-70968-0021_generated.wav | RTF: 0.2552(0.686s / 2.690s) | Generator RTF: 0.2540(0.683s / 2.690s)
generated_audios/generated_H2_128C_int8/61-70968-0022_generated.wav | RTF: 0.0325(0.152s / 4.670s) | Generator RTF: 0.0318(0.148s / 4.670s)
generated_audios/generated_H2_128C_int8/61-70968-0023_generated.wav | RTF: 0.0303(0.152s / 5.025s) | Generator RTF: 0.0296(0.149s / 5.025s)
generated_audios/generated_H2_128C_int8/61-70968-0024_generated.wav | RTF: 0.2808(1.692s / 6.025s) | Generator RTF: 0.2802(1.688s / 6.025s)
generated_audios/generated_H2_128C_int8/61-70968-0025_generated.wav | RTF: 0.0292(0.129s / 4.410s) | Generator RTF: 0.0284(0.125s / 4.410s)
generated_audios/generated_H2_128C_int8/61-70968-0026_generated.wav | RTF: 0.2630(1.294s / 4.920s) | Generator RTF: 0.2622(1.290s / 4.920s)
generated_audios/generated_H2_128C_int8/61-70968-0027_generated.wav | RTF: 0.2668(1.833s / 6.870s) | Generator RTF: 0.2663(1.829s / 6.870s)
generated_audios/generated_H2_128C_int8/61-70968-0028_generated.wav | RTF: 0.2837(1.519s / 5.355s) | Generator RTF: 0.2830(1.516s / 5.355s)
generated_audios/generated_H2_128C_int8/61-70968-0029_generated.wav | RTF: 0.2763(0.966s / 3.495s) | Generator RTF: 0.2752(0.962s / 3.495s)
generated_audios/generated_H2_128C_int8/61-70968-0030_generated.wav | RTF: 0.2692(1.531s / 5.685s) | Generator RTF: 0.2686(1.527s / 5.685s)
generated_audios/generated_H2_128C_int8/61-70968-0031_generated.wav | RTF: 0.2819(0.825s / 2.925s) | Generator RTF: 0.2807(0.821s / 2.925s)
generated_audios/generated_H2_128C_int8/61-70968-0032_generated.wav | RTF: 0.0294(0.126s / 4.280s) | Generator RTF: 0.0285(0.122s / 4.280s)
generated_audios/generated_H2_128C_int8/61-70968-0033_generated.wav | RTF: 0.0254(0.145s / 5.685s) | Generator RTF: 0.0248(0.141s / 5.685s)
generated_audios/generated_H2_128C_int8/61-70968-0034_generated.wav | RTF: 0.2835(1.199s / 4.230s) | Generator RTF: 0.2826(1.195s / 4.230s)
generated_audios/generated_H2_128C_int8/61-70968-0035_generated.wav | RTF: 0.2696(2.143s / 7.950s) | Generator RTF: 0.2691(2.139s / 7.950s)
generated_audios/generated_H2_128C_int8/61-70968-0036_generated.wav | RTF: 0.0288(0.085s / 2.935s) | Generator RTF: 0.0277(0.081s / 2.935s)
generated_audios/generated_H2_128C_int8/61-70968-0037_generated.wav | RTF: 0.0267(0.115s / 4.315s) | Generator RTF: 0.0259(0.112s / 4.315s)
generated_audios/generated_H2_128C_int8/61-70968-0038_generated.wav | RTF: 0.2671(0.547s / 2.050s) | Generator RTF: 0.2655(0.544s / 2.050s)
generated_audios/generated_H2_128C_int8/61-70968-0039_generated.wav | RTF: 0.2707(1.030s / 3.805s) | Generator RTF: 0.2698(1.027s / 3.805s)
generated_audios/generated_H2_128C_int8/61-70968-0040_generated.wav | RTF: 0.2845(1.124s / 3.950s) | Generator RTF: 0.2836(1.120s / 3.950s)
generated_audios/generated_H2_128C_int8/61-70968-0041_generated.wav | RTF: 0.0287(0.196s / 6.825s) | Generator RTF: 0.0282(0.192s / 6.825s)
generated_audios/generated_H2_128C_int8/61-70968-0042_generated.wav | RTF: 0.0318(0.089s / 2.785s) | Generator RTF: 0.0305(0.085s / 2.785s)
generated_audios/generated_H2_128C_int8/61-70968-0043_generated.wav | RTF: 0.2874(1.936s / 6.735s) | Generator RTF: 0.2869(1.932s / 6.735s)
generated_audios/generated_H2_128C_int8/61-70968-0044_generated.wav | RTF: 0.0323(0.089s / 2.770s) | Generator RTF: 0.0310(0.086s / 2.770s)
generated_audios/generated_H2_128C_int8/61-70968-0045_generated.wav | RTF: 0.0303(0.105s / 3.475s) | Generator RTF: 0.0293(0.102s / 3.475s)
generated_audios/generated_H2_128C_int8/61-70968-0046_generated.wav | RTF: 0.0273(0.097s / 3.550s) | Generator RTF: 0.0264(0.094s / 3.550s)
generated_audios/generated_H2_128C_int8/61-70968-0047_generated.wav | RTF: 0.2710(1.294s / 4.775s) | Generator RTF: 0.2703(1.291s / 4.775s)
generated_audios/generated_H2_128C_int8/61-70968-0048_generated.wav | RTF: 0.2837(0.857s / 3.020s) | Generator RTF: 0.2825(0.853s / 3.020s)
generated_audios/generated_H2_128C_int8/61-70968-0049_generated.wav | RTF: 0.2893(2.387s / 8.250s) | Generator RTF: 0.2888(2.383s / 8.250s)
generated_audios/generated_H2_128C_int8/61-70968-0050_generated.wav | RTF: 0.2744(1.531s / 5.580s) | Generator RTF: 0.2737(1.527s / 5.580s)
generated_audios/generated_H2_128C_int8/61-70968-0051_generated.wav | RTF: 0.2678(0.840s / 3.135s) | Generator RTF: 0.2667(0.836s / 3.135s)
generated_audios/generated_H2_128C_int8/61-70968-0052_generated.wav | RTF: 0.2726(0.722s / 2.650s) | Generator RTF: 0.2713(0.719s / 2.650s)
generated_audios/generated_H2_128C_int8/61-70968-0053_generated.wav | RTF: 0.0331(0.140s / 4.220s) | Generator RTF: 0.0323(0.136s / 4.220s)
generated_audios/generated_H2_128C_int8/61-70968-0054_generated.wav | RTF: 0.2893(2.274s / 7.860s) | Generator RTF: 0.2889(2.271s / 7.860s)
generated_audios/generated_H2_128C_int8/61-70968-0055_generated.wav | RTF: 0.0301(0.119s / 3.965s) | Generator RTF: 0.0292(0.116s / 3.965s)
generated_audios/generated_H2_128C_int8/61-70968-0056_generated.wav | RTF: 0.2757(0.983s / 3.565s) | Generator RTF: 0.2747(0.979s / 3.565s)
generated_audios/generated_H2_128C_int8/61-70968-0057_generated.wav | RTF: 0.0288(0.146s / 5.065s) | Generator RTF: 0.0281(0.142s / 5.065s)
generated_audios/generated_H2_128C_int8/61-70968-0058_generated.wav | RTF: 0.2437(0.443s / 1.820s) | Generator RTF: 0.2419(0.440s / 1.820s)
generated_audios/generated_H2_128C_int8/61-70968-0059_generated.wav | RTF: 0.0336(0.073s / 2.170s) | Generator RTF: 0.0321(0.070s / 2.170s)
generated_audios/generated_H2_128C_int8/61-70968-0060_generated.wav | RTF: 0.0330(0.123s / 3.735s) | Generator RTF: 0.0321(0.120s / 3.735s)
generated_audios/generated_H2_128C_int8/61-70968-0061_generated.wav | RTF: 0.2786(1.541s / 5.530s) | Generator RTF: 0.2780(1.537s / 5.530s)
generated_audios/generated_H2_128C_int8/61-70968-0062_generated.wav | RTF: 0.0318(0.081s / 2.555s) | Generator RTF: 0.0304(0.078s / 2.555s)
generated_audios/generated_H2_128C_int8/61-70970-0000_generated.wav | RTF: 0.2910(1.768s / 6.075s) | Generator RTF: 0.2904(1.764s / 6.075s)
generated_audios/generated_H2_128C_int8/61-70970-0001_generated.wav | RTF: 0.2903(1.787s / 6.155s) | Generator RTF: 0.2897(1.783s / 6.155s)
generated_audios/generated_H2_128C_int8/61-70970-0002_generated.wav | RTF: 0.2945(1.227s / 4.165s) | Generator RTF: 0.2937(1.223s / 4.165s)
generated_audios/generated_H2_128C_int8/61-70970-0003_generated.wav | RTF: 0.2837(1.088s / 3.835s) | Generator RTF: 0.2828(1.085s / 3.835s)
generated_audios/generated_H2_128C_int8/61-70970-0004_generated.wav | RTF: 0.2913(3.063s / 10.515s) | Generator RTF: 0.2908(3.058s / 10.515s)
generated_audios/generated_H2_128C_int8/61-70970-0005_generated.wav | RTF: 0.2806(0.567s / 2.020s) | Generator RTF: 0.2790(0.564s / 2.020s)
generated_audios/generated_H2_128C_int8/61-70970-0006_generated.wav | RTF: 0.2942(0.687s / 2.335s) | Generator RTF: 0.2930(0.684s / 2.335s)
generated_audios/generated_H2_128C_int8/61-70970-0007_generated.wav | RTF: 0.3035(1.361s / 4.485s) | Generator RTF: 0.3029(1.358s / 4.485s)
generated_audios/generated_H2_128C_int8/61-70970-0008_generated.wav | RTF: 0.3073(0.661s / 2.150s) | Generator RTF: 0.3058(0.657s / 2.150s)
generated_audios/generated_H2_128C_int8/61-70970-0009_generated.wav | RTF: 0.3122(1.063s / 3.405s) | Generator RTF: 0.3113(1.060s / 3.405s)
generated_audios/generated_H2_128C_int8/61-70970-0010_generated.wav | RTF: 0.0317(0.096s / 3.045s) | Generator RTF: 0.0305(0.093s / 3.045s)
generated_audios/generated_H2_128C_int8/61-70970-0011_generated.wav | RTF: 0.0249(0.152s / 6.075s) | Generator RTF: 0.0244(0.148s / 6.075s)
generated_audios/generated_H2_128C_int8/61-70970-0012_generated.wav | RTF: 0.0277(0.087s / 3.135s) | Generator RTF: 0.0267(0.084s / 3.135s)
generated_audios/generated_H2_128C_int8/61-70970-0013_generated.wav | RTF: 0.3044(1.324s / 4.350s) | Generator RTF: 0.3035(1.320s / 4.350s)
generated_audios/generated_H2_128C_int8/61-70970-0014_generated.wav | RTF: 0.0272(0.093s / 3.405s) | Generator RTF: 0.0262(0.089s / 3.405s)
generated_audios/generated_H2_128C_int8/61-70970-0015_generated.wav | RTF: 0.3019(2.540s / 8.415s) | Generator RTF: 0.3014(2.537s / 8.415s)
generated_audios/generated_H2_128C_int8/61-70970-0016_generated.wav | RTF: 0.3053(1.334s / 4.370s) | Generator RTF: 0.3045(1.331s / 4.370s)
generated_audios/generated_H2_128C_int8/61-70970-0017_generated.wav | RTF: 0.0322(0.082s / 2.550s) | Generator RTF: 0.0309(0.079s / 2.550s)
generated_audios/generated_H2_128C_int8/61-70970-0018_generated.wav | RTF: 0.2823(1.299s / 4.600s) | Generator RTF: 0.2816(1.296s / 4.600s)
generated_audios/generated_H2_128C_int8/61-70970-0019_generated.wav | RTF: 0.2964(1.121s / 3.780s) | Generator RTF: 0.2956(1.117s / 3.780s)
generated_audios/generated_H2_128C_int8/61-70970-0020_generated.wav | RTF: 0.0294(0.148s / 5.025s) | Generator RTF: 0.0287(0.144s / 5.025s)
generated_audios/generated_H2_128C_int8/61-70970-0021_generated.wav | RTF: 0.2819(1.523s / 5.405s) | Generator RTF: 0.2812(1.520s / 5.405s)
generated_audios/generated_H2_128C_int8/61-70970-0022_generated.wav | RTF: 0.0269(0.107s / 3.970s) | Generator RTF: 0.0260(0.103s / 3.970s)
generated_audios/generated_H2_128C_int8/61-70970-0023_generated.wav | RTF: 0.0306(0.113s / 3.705s) | Generator RTF: 0.0297(0.110s / 3.705s)
generated_audios/generated_H2_128C_int8/61-70970-0024_generated.wav | RTF: 0.2948(2.133s / 7.235s) | Generator RTF: 0.2943(2.129s / 7.235s)
generated_audios/generated_H2_128C_int8/61-70970-0025_generated.wav | RTF: 0.2990(2.223s / 7.435s) | Generator RTF: 0.2985(2.219s / 7.435s)
generated_audios/generated_H2_128C_int8/61-70970-0026_generated.wav | RTF: 0.0320(0.175s / 5.475s) | Generator RTF: 0.0313(0.172s / 5.475s)
generated_audios/generated_H2_128C_int8/61-70970-0027_generated.wav | RTF: 0.0286(0.146s / 5.080s) | Generator RTF: 0.0279(0.142s / 5.080s)
generated_audios/generated_H2_128C_int8/61-70970-0028_generated.wav | RTF: 0.0298(0.195s / 6.550s) | Generator RTF: 0.0292(0.191s / 6.550s)
generated_audios/generated_H2_128C_int8/61-70970-0029_generated.wav | RTF: 0.0296(0.119s / 4.030s) | Generator RTF: 0.0287(0.116s / 4.030s)
generated_audios/generated_H2_128C_int8/61-70970-0030_generated.wav | RTF: 0.0311(0.101s / 3.240s) | Generator RTF: 0.0301(0.097s / 3.240s)
generated_audios/generated_H2_128C_int8/61-70970-0031_generated.wav | RTF: 0.2951(1.515s / 5.135s) | Generator RTF: 0.2944(1.512s / 5.135s)
generated_audios/generated_H2_128C_int8/61-70970-0032_generated.wav | RTF: 0.0280(0.088s / 3.135s) | Generator RTF: 0.0268(0.084s / 3.135s)
generated_audios/generated_H2_128C_int8/61-70970-0033_generated.wav | RTF: 0.2788(0.953s / 3.420s) | Generator RTF: 0.2779(0.950s / 3.420s)
generated_audios/generated_H2_128C_int8/61-70970-0034_generated.wav | RTF: 0.0255(0.114s / 4.485s) | Generator RTF: 0.0248(0.111s / 4.485s)
generated_audios/generated_H2_128C_int8/61-70970-0035_generated.wav | RTF: 0.0282(0.209s / 7.405s) | Generator RTF: 0.0277(0.205s / 7.405s)
generated_audios/generated_H2_128C_int8/61-70970-0036_generated.wav | RTF: 0.0283(0.192s / 6.785s) | Generator RTF: 0.0277(0.188s / 6.785s)
generated_audios/generated_H2_128C_int8/61-70970-0037_generated.wav | RTF: 0.2955(1.767s / 5.980s) | Generator RTF: 0.2949(1.763s / 5.980s)
generated_audios/generated_H2_128C_int8/61-70970-0038_generated.wav | RTF: 0.2946(3.064s / 10.400s) | Generator RTF: 0.2942(3.060s / 10.400s)
generated_audios/generated_H2_128C_int8/61-70970-0039_generated.wav | RTF: 0.0281(0.187s / 6.665s) | Generator RTF: 0.0275(0.183s / 6.665s)
generated_audios/generated_H2_128C_int8/61-70970-0040_generated.wav | RTF: 0.0264(0.110s / 4.165s) | Generator RTF: 0.0256(0.107s / 4.165s)
generated_audios/generated_H2_128C_int8/672-122797-0000_generated.wav | RTF: 0.2980(1.213s / 4.070s) | Generator RTF: 0.2972(1.210s / 4.070s)
generated_audios/generated_H2_128C_int8/672-122797-0001_generated.wav | RTF: 0.3060(4.629s / 15.130s) | Generator RTF: 0.3057(4.625s / 15.130s)
generated_audios/generated_H2_128C_int8/672-122797-0002_generated.wav | RTF: 0.2797(3.809s / 13.620s) | Generator RTF: 0.2793(3.804s / 13.620s)
generated_audios/generated_H2_128C_int8/672-122797-0003_generated.wav | RTF: 0.2974(1.415s / 4.760s) | Generator RTF: 0.2966(1.412s / 4.760s)
generated_audios/generated_H2_128C_int8/672-122797-0004_generated.wav | RTF: 0.2880(2.952s / 10.250s) | Generator RTF: 0.2876(2.948s / 10.250s)
generated_audios/generated_H2_128C_int8/672-122797-0005_generated.wav | RTF: 0.2914(0.950s / 3.260s) | Generator RTF: 0.2903(0.946s / 3.260s)
generated_audios/generated_H2_128C_int8/672-122797-0006_generated.wav | RTF: 0.3096(4.318s / 13.950s) | Generator RTF: 0.3093(4.314s / 13.950s)
generated_audios/generated_H2_128C_int8/672-122797-0007_generated.wav | RTF: 0.2880(1.849s / 6.420s) | Generator RTF: 0.2874(1.845s / 6.420s)
generated_audios/generated_H2_128C_int8/672-122797-0008_generated.wav | RTF: 0.3030(9.337s / 30.810s) | Generator RTF: 0.3028(9.330s / 30.810s)
generated_audios/generated_H2_128C_int8/672-122797-0009_generated.wav | RTF: 0.0331(0.091s / 2.765s) | Generator RTF: 0.0317(0.088s / 2.765s)
generated_audios/generated_H2_128C_int8/672-122797-0010_generated.wav | RTF: 0.0304(0.116s / 3.815s) | Generator RTF: 0.0294(0.112s / 3.815s)
generated_audios/generated_H2_128C_int8/672-122797-0011_generated.wav | RTF: 0.2976(0.756s / 2.540s) | Generator RTF: 0.2963(0.753s / 2.540s)
generated_audios/generated_H2_128C_int8/672-122797-0012_generated.wav | RTF: 0.3043(2.363s / 7.765s) | Generator RTF: 0.3038(2.359s / 7.765s)
generated_audios/generated_H2_128C_int8/672-122797-0013_generated.wav | RTF: 0.3010(2.621s / 8.705s) | Generator RTF: 0.3005(2.616s / 8.705s)
generated_audios/generated_H2_128C_int8/672-122797-0014_generated.wav | RTF: 0.0336(0.086s / 2.555s) | Generator RTF: 0.0320(0.082s / 2.555s)
generated_audios/generated_H2_128C_int8/672-122797-0015_generated.wav | RTF: 0.0302(0.135s / 4.455s) | Generator RTF: 0.0294(0.131s / 4.455s)
generated_audios/generated_H2_128C_int8/672-122797-0016_generated.wav | RTF: 0.2956(2.724s / 9.215s) | Generator RTF: 0.2952(2.720s / 9.215s)
generated_audios/generated_H2_128C_int8/672-122797-0017_generated.wav | RTF: 0.2921(1.408s / 4.820s) | Generator RTF: 0.2913(1.404s / 4.820s)
generated_audios/generated_H2_128C_int8/672-122797-0018_generated.wav | RTF: 0.2956(1.457s / 4.930s) | Generator RTF: 0.2948(1.454s / 4.930s)
generated_audios/generated_H2_128C_int8/672-122797-0019_generated.wav | RTF: 0.2817(1.158s / 4.110s) | Generator RTF: 0.2808(1.154s / 4.110s)
generated_audios/generated_H2_128C_int8/672-122797-0020_generated.wav | RTF: 0.2978(2.628s / 8.825s) | Generator RTF: 0.2973(2.624s / 8.825s)
generated_audios/generated_H2_128C_int8/672-122797-0021_generated.wav | RTF: 0.0309(0.128s / 4.150s) | Generator RTF: 0.0301(0.125s / 4.150s)
generated_audios/generated_H2_128C_int8/672-122797-0022_generated.wav | RTF: 0.3025(5.749s / 19.005s) | Generator RTF: 0.3023(5.744s / 19.005s)
generated_audios/generated_H2_128C_int8/672-122797-0023_generated.wav | RTF: 0.2978(2.888s / 9.695s) | Generator RTF: 0.2974(2.883s / 9.695s)
generated_audios/generated_H2_128C_int8/672-122797-0024_generated.wav | RTF: 0.2948(1.217s / 4.130s) | Generator RTF: 0.2940(1.214s / 4.130s)
generated_audios/generated_H2_128C_int8/672-122797-0025_generated.wav | RTF: 0.3052(3.263s / 10.690s) | Generator RTF: 0.3049(3.259s / 10.690s)
generated_audios/generated_H2_128C_int8/672-122797-0026_generated.wav | RTF: 0.3043(4.248s / 13.960s) | Generator RTF: 0.3039(4.243s / 13.960s)
generated_audios/generated_H2_128C_int8/672-122797-0027_generated.wav | RTF: 0.0293(0.140s / 4.790s) | Generator RTF: 0.0286(0.137s / 4.790s)
generated_audios/generated_H2_128C_int8/672-122797-0028_generated.wav | RTF: 0.0331(0.086s / 2.610s) | Generator RTF: 0.0318(0.083s / 2.610s)
generated_audios/generated_H2_128C_int8/672-122797-0029_generated.wav | RTF: 0.0313(0.096s / 3.050s) | Generator RTF: 0.0302(0.092s / 3.050s)
generated_audios/generated_H2_128C_int8/672-122797-0030_generated.wav | RTF: 0.2961(1.355s / 4.575s) | Generator RTF: 0.2952(1.351s / 4.575s)
generated_audios/generated_H2_128C_int8/672-122797-0031_generated.wav | RTF: 0.0310(0.123s / 3.980s) | Generator RTF: 0.0301(0.120s / 3.980s)
generated_audios/generated_H2_128C_int8/672-122797-0032_generated.wav | RTF: 0.0297(0.119s / 4.000s) | Generator RTF: 0.0288(0.115s / 4.000s)
generated_audios/generated_H2_128C_int8/672-122797-0033_generated.wav | RTF: 0.2663(0.342s / 1.285s) | Generator RTF: 0.2639(0.339s / 1.285s)
generated_audios/generated_H2_128C_int8/672-122797-0034_generated.wav | RTF: 0.0284(0.145s / 5.110s) | Generator RTF: 0.0280(0.143s / 5.110s)
generated_audios/generated_H2_128C_int8/672-122797-0035_generated.wav | RTF: 0.0316(0.092s / 2.900s) | Generator RTF: 0.0304(0.088s / 2.900s)
generated_audios/generated_H2_128C_int8/672-122797-0036_generated.wav | RTF: 0.0293(0.157s / 5.365s) | Generator RTF: 0.0287(0.154s / 5.365s)
generated_audios/generated_H2_128C_int8/672-122797-0037_generated.wav | RTF: 0.2812(0.551s / 1.960s) | Generator RTF: 0.2795(0.548s / 1.960s)
generated_audios/generated_H2_128C_int8/672-122797-0038_generated.wav | RTF: 0.3059(2.692s / 8.800s) | Generator RTF: 0.3046(2.680s / 8.800s)
generated_audios/generated_H2_128C_int8/672-122797-0039_generated.wav | RTF: 0.2981(1.200s / 4.025s) | Generator RTF: 0.2972(1.196s / 4.025s)
generated_audios/generated_H2_128C_int8/672-122797-0040_generated.wav | RTF: 0.0298(0.152s / 5.125s) | Generator RTF: 0.0290(0.149s / 5.125s)
generated_audios/generated_H2_128C_int8/672-122797-0041_generated.wav | RTF: 0.0301(0.117s / 3.880s) | Generator RTF: 0.0292(0.113s / 3.880s)
generated_audios/generated_H2_128C_int8/672-122797-0042_generated.wav | RTF: 0.3055(4.677s / 15.310s) | Generator RTF: 0.3052(4.672s / 15.310s)
generated_audios/generated_H2_128C_int8/672-122797-0043_generated.wav | RTF: 0.0328(0.124s / 3.780s) | Generator RTF: 0.0318(0.120s / 3.780s)
generated_audios/generated_H2_128C_int8/672-122797-0044_generated.wav | RTF: 0.0300(0.112s / 3.740s) | Generator RTF: 0.0290(0.109s / 3.740s)
generated_audios/generated_H2_128C_int8/672-122797-0045_generated.wav | RTF: 0.0238(0.332s / 13.960s) | Generator RTF: 0.0235(0.328s / 13.960s)
generated_audios/generated_H2_128C_int8/672-122797-0046_generated.wav | RTF: 0.2958(1.395s / 4.715s) | Generator RTF: 0.2952(1.392s / 4.715s)
generated_audios/generated_H2_128C_int8/672-122797-0047_generated.wav | RTF: 0.2952(0.981s / 3.325s) | Generator RTF: 0.2941(0.978s / 3.325s)
generated_audios/generated_H2_128C_int8/672-122797-0048_generated.wav | RTF: 0.0302(0.198s / 6.555s) | Generator RTF: 0.0296(0.194s / 6.555s)
generated_audios/generated_H2_128C_int8/672-122797-0049_generated.wav | RTF: 0.0351(0.071s / 2.020s) | Generator RTF: 0.0335(0.068s / 2.020s)
generated_audios/generated_H2_128C_int8/672-122797-0050_generated.wav | RTF: 0.3009(1.461s / 4.855s) | Generator RTF: 0.3001(1.457s / 4.855s)
generated_audios/generated_H2_128C_int8/672-122797-0051_generated.wav | RTF: 0.3083(1.438s / 4.665s) | Generator RTF: 0.3076(1.435s / 4.665s)
generated_audios/generated_H2_128C_int8/672-122797-0052_generated.wav | RTF: 0.2895(1.240s / 4.285s) | Generator RTF: 0.2886(1.237s / 4.285s)
generated_audios/generated_H2_128C_int8/672-122797-0053_generated.wav | RTF: 0.0315(0.093s / 2.955s) | Generator RTF: 0.0304(0.090s / 2.955s)
generated_audios/generated_H2_128C_int8/672-122797-0054_generated.wav | RTF: 0.0328(0.139s / 4.250s) | Generator RTF: 0.0320(0.136s / 4.250s)
generated_audios/generated_H2_128C_int8/672-122797-0055_generated.wav | RTF: 0.2858(2.352s / 8.230s) | Generator RTF: 0.2853(2.348s / 8.230s)
generated_audios/generated_H2_128C_int8/672-122797-0056_generated.wav | RTF: 0.0299(0.156s / 5.225s) | Generator RTF: 0.0292(0.152s / 5.225s)
generated_audios/generated_H2_128C_int8/672-122797-0057_generated.wav | RTF: 0.0289(0.189s / 6.560s) | Generator RTF: 0.0282(0.185s / 6.560s)
generated_audios/generated_H2_128C_int8/672-122797-0058_generated.wav | RTF: 0.3024(1.352s / 4.470s) | Generator RTF: 0.3016(1.348s / 4.470s)
generated_audios/generated_H2_128C_int8/672-122797-0059_generated.wav | RTF: 0.2938(1.034s / 3.520s) | Generator RTF: 0.2928(1.031s / 3.520s)
generated_audios/generated_H2_128C_int8/672-122797-0060_generated.wav | RTF: 0.0320(0.107s / 3.350s) | Generator RTF: 0.0310(0.104s / 3.350s)
generated_audios/generated_H2_128C_int8/672-122797-0061_generated.wav | RTF: 0.3085(2.342s / 7.590s) | Generator RTF: 0.3080(2.338s / 7.590s)
generated_audios/generated_H2_128C_int8/672-122797-0062_generated.wav | RTF: 0.3067(0.820s / 2.675s) | Generator RTF: 0.3054(0.817s / 2.675s)
generated_audios/generated_H2_128C_int8/672-122797-0063_generated.wav | RTF: 0.0290(0.147s / 5.075s) | Generator RTF: 0.0282(0.143s / 5.075s)
generated_audios/generated_H2_128C_int8/672-122797-0064_generated.wav | RTF: 0.3007(4.592s / 15.270s) | Generator RTF: 0.3004(4.587s / 15.270s)
generated_audios/generated_H2_128C_int8/672-122797-0065_generated.wav | RTF: 0.0316(0.096s / 3.030s) | Generator RTF: 0.0304(0.092s / 3.030s)
generated_audios/generated_H2_128C_int8/672-122797-0066_generated.wav | RTF: 0.0302(0.145s / 4.815s) | Generator RTF: 0.0295(0.142s / 4.815s)
generated_audios/generated_H2_128C_int8/672-122797-0067_generated.wav | RTF: 0.2881(3.756s / 13.035s) | Generator RTF: 0.2878(3.751s / 13.035s)
generated_audios/generated_H2_128C_int8/672-122797-0068_generated.wav | RTF: 0.0271(0.109s / 4.020s) | Generator RTF: 0.0261(0.105s / 4.020s)
generated_audios/generated_H2_128C_int8/672-122797-0069_generated.wav | RTF: 0.3048(1.527s / 5.010s) | Generator RTF: 0.3041(1.524s / 5.010s)
generated_audios/generated_H2_128C_int8/672-122797-0070_generated.wav | RTF: 0.2841(1.781s / 6.270s) | Generator RTF: 0.2835(1.778s / 6.270s)
generated_audios/generated_H2_128C_int8/672-122797-0071_generated.wav | RTF: 0.3023(2.683s / 8.875s) | Generator RTF: 0.3018(2.678s / 8.875s)
generated_audios/generated_H2_128C_int8/672-122797-0072_generated.wav | RTF: 0.3072(2.439s / 7.940s) | Generator RTF: 0.3068(2.436s / 7.940s)
generated_audios/generated_H2_128C_int8/672-122797-0073_generated.wav | RTF: 0.3040(2.494s / 8.205s) | Generator RTF: 0.3034(2.490s / 8.205s)
generated_audios/generated_H2_128C_int8/672-122797-0074_generated.wav | RTF: 0.3069(2.679s / 8.730s) | Generator RTF: 0.3064(2.674s / 8.730s)
generated_audios/generated_H2_128C_int8/908-157963-0000_generated.wav | RTF: 0.2858(3.606s / 12.620s) | Generator RTF: 0.2854(3.602s / 12.620s)
generated_audios/generated_H2_128C_int8/908-157963-0001_generated.wav | RTF: 0.2967(0.856s / 2.885s) | Generator RTF: 0.2954(0.852s / 2.885s)
generated_audios/generated_H2_128C_int8/908-157963-0002_generated.wav | RTF: 0.2993(0.825s / 2.755s) | Generator RTF: 0.2981(0.821s / 2.755s)
generated_audios/generated_H2_128C_int8/908-157963-0003_generated.wav | RTF: 0.2967(0.914s / 3.080s) | Generator RTF: 0.2956(0.910s / 3.080s)
generated_audios/generated_H2_128C_int8/908-157963-0004_generated.wav | RTF: 0.3005(4.204s / 13.990s) | Generator RTF: 0.3002(4.199s / 13.990s)
generated_audios/generated_H2_128C_int8/908-157963-0005_generated.wav | RTF: 0.2963(2.085s / 7.035s) | Generator RTF: 0.2958(2.081s / 7.035s)
generated_audios/generated_H2_128C_int8/908-157963-0006_generated.wav | RTF: 0.3003(2.435s / 8.110s) | Generator RTF: 0.2998(2.431s / 8.110s)
generated_audios/generated_H2_128C_int8/908-157963-0007_generated.wav | RTF: 0.3058(10.020s / 32.770s) | Generator RTF: 0.3055(10.012s / 32.770s)
generated_audios/generated_H2_128C_int8/908-157963-0008_generated.wav | RTF: 0.3034(6.053s / 19.950s) | Generator RTF: 0.3031(6.047s / 19.950s)
generated_audios/generated_H2_128C_int8/908-157963-0009_generated.wav | RTF: 0.3035(1.232s / 4.060s) | Generator RTF: 0.3025(1.228s / 4.060s)
generated_audios/generated_H2_128C_int8/908-157963-0010_generated.wav | RTF: 0.0248(0.156s / 6.280s) | Generator RTF: 0.0242(0.152s / 6.280s)
generated_audios/generated_H2_128C_int8/908-157963-0011_generated.wav | RTF: 0.0275(0.286s / 10.395s) | Generator RTF: 0.0271(0.282s / 10.395s)
generated_audios/generated_H2_128C_int8/908-157963-0012_generated.wav | RTF: 0.2971(2.997s / 10.090s) | Generator RTF: 0.2967(2.993s / 10.090s)
generated_audios/generated_H2_128C_int8/908-157963-0013_generated.wav | RTF: 0.0302(0.130s / 4.315s) | Generator RTF: 0.0293(0.126s / 4.315s)
generated_audios/generated_H2_128C_int8/908-157963-0014_generated.wav | RTF: 0.0291(0.131s / 4.520s) | Generator RTF: 0.0283(0.128s / 4.520s)
generated_audios/generated_H2_128C_int8/908-157963-0015_generated.wav | RTF: 0.2834(4.099s / 14.465s) | Generator RTF: 0.2831(4.095s / 14.465s)
generated_audios/generated_H2_128C_int8/908-157963-0016_generated.wav | RTF: 0.0287(0.147s / 5.105s) | Generator RTF: 0.0281(0.143s / 5.105s)
generated_audios/generated_H2_128C_int8/908-157963-0017_generated.wav | RTF: 0.2850(1.411s / 4.950s) | Generator RTF: 0.2843(1.407s / 4.950s)
generated_audios/generated_H2_128C_int8/908-157963-0018_generated.wav | RTF: 0.0259(0.110s / 4.255s) | Generator RTF: 0.0251(0.107s / 4.255s)
generated_audios/generated_H2_128C_int8/908-157963-0019_generated.wav | RTF: 0.3063(6.566s / 21.440s) | Generator RTF: 0.3060(6.561s / 21.440s)
generated_audios/generated_H2_128C_int8/908-157963-0020_generated.wav | RTF: 0.3042(2.981s / 9.800s) | Generator RTF: 0.3038(2.977s / 9.800s)
generated_audios/generated_H2_128C_int8/908-157963-0021_generated.wav | RTF: 0.0278(0.284s / 10.240s) | Generator RTF: 0.0274(0.280s / 10.240s)
generated_audios/generated_H2_128C_int8/908-157963-0022_generated.wav | RTF: 0.3068(1.414s / 4.610s) | Generator RTF: 0.3061(1.411s / 4.610s)
generated_audios/generated_H2_128C_int8/908-157963-0023_generated.wav | RTF: 0.3093(2.977s / 9.625s) | Generator RTF: 0.3088(2.972s / 9.625s)
generated_audios/generated_H2_128C_int8/908-157963-0024_generated.wav | RTF: 0.3070(1.056s / 3.440s) | Generator RTF: 0.3060(1.053s / 3.440s)
generated_audios/generated_H2_128C_int8/908-157963-0025_generated.wav | RTF: 0.2880(2.668s / 9.265s) | Generator RTF: 0.2876(2.665s / 9.265s)
generated_audios/generated_H2_128C_int8/908-157963-0026_generated.wav | RTF: 0.2977(2.412s / 8.100s) | Generator RTF: 0.2972(2.408s / 8.100s)
generated_audios/generated_H2_128C_int8/908-157963-0027_generated.wav | RTF: 0.0256(0.134s / 5.225s) | Generator RTF: 0.0249(0.130s / 5.225s)
generated_audios/generated_H2_128C_int8/908-157963-0028_generated.wav | RTF: 0.0256(0.127s / 4.955s) | Generator RTF: 0.0249(0.124s / 4.955s)
generated_audios/generated_H2_128C_int8/908-157963-0029_generated.wav | RTF: 0.2814(1.021s / 3.630s) | Generator RTF: 0.2803(1.017s / 3.630s)
generated_audios/generated_H2_128C_int8/908-157963-0030_generated.wav | RTF: 0.0258(0.117s / 4.520s) | Generator RTF: 0.0250(0.113s / 4.520s)
generated_audios/generated_H2_128C_int8/908-31957-0000_generated.wav | RTF: 0.2895(0.615s / 2.125s) | Generator RTF: 0.2880(0.612s / 2.125s)
generated_audios/generated_H2_128C_int8/908-31957-0001_generated.wav | RTF: 0.3023(3.420s / 11.315s) | Generator RTF: 0.3018(3.415s / 11.315s)
generated_audios/generated_H2_128C_int8/908-31957-0002_generated.wav | RTF: 0.0294(0.141s / 4.790s) | Generator RTF: 0.0286(0.137s / 4.790s)
generated_audios/generated_H2_128C_int8/908-31957-0003_generated.wav | RTF: 0.0287(0.188s / 6.565s) | Generator RTF: 0.0281(0.185s / 6.565s)
generated_audios/generated_H2_128C_int8/908-31957-0004_generated.wav | RTF: 0.3069(4.528s / 14.755s) | Generator RTF: 0.3066(4.524s / 14.755s)
generated_audios/generated_H2_128C_int8/908-31957-0005_generated.wav | RTF: 0.0299(0.134s / 4.490s) | Generator RTF: 0.0290(0.130s / 4.490s)
generated_audios/generated_H2_128C_int8/908-31957-0006_generated.wav | RTF: 0.2837(1.671s / 5.890s) | Generator RTF: 0.2832(1.668s / 5.890s)
generated_audios/generated_H2_128C_int8/908-31957-0007_generated.wav | RTF: 0.0279(0.162s / 5.800s) | Generator RTF: 0.0274(0.159s / 5.800s)
generated_audios/generated_H2_128C_int8/908-31957-0008_generated.wav | RTF: 0.2791(2.792s / 10.005s) | Generator RTF: 0.2787(2.788s / 10.005s)
generated_audios/generated_H2_128C_int8/908-31957-0009_generated.wav | RTF: 0.2811(2.166s / 7.705s) | Generator RTF: 0.2806(2.162s / 7.705s)
generated_audios/generated_H2_128C_int8/908-31957-0010_generated.wav | RTF: 0.2811(0.705s / 2.510s) | Generator RTF: 0.2795(0.702s / 2.510s)
generated_audios/generated_H2_128C_int8/908-31957-0011_generated.wav | RTF: 0.0335(0.078s / 2.335s) | Generator RTF: 0.0322(0.075s / 2.335s)
generated_audios/generated_H2_128C_int8/908-31957-0012_generated.wav | RTF: 0.2973(2.264s / 7.615s) | Generator RTF: 0.2968(2.260s / 7.615s)
generated_audios/generated_H2_128C_int8/908-31957-0013_generated.wav | RTF: 0.2985(1.845s / 6.180s) | Generator RTF: 0.2979(1.841s / 6.180s)
generated_audios/generated_H2_128C_int8/908-31957-0014_generated.wav | RTF: 0.2789(2.108s / 7.560s) | Generator RTF: 0.2784(2.105s / 7.560s)
generated_audios/generated_H2_128C_int8/908-31957-0015_generated.wav | RTF: 0.2888(6.200s / 21.465s) | Generator RTF: 0.2886(6.194s / 21.465s)
generated_audios/generated_H2_128C_int8/908-31957-0016_generated.wav | RTF: 0.2853(1.849s / 6.480s) | Generator RTF: 0.2847(1.845s / 6.480s)
generated_audios/generated_H2_128C_int8/908-31957-0017_generated.wav | RTF: 0.2975(2.319s / 7.795s) | Generator RTF: 0.2970(2.315s / 7.795s)
generated_audios/generated_H2_128C_int8/908-31957-0018_generated.wav | RTF: 0.2993(1.172s / 3.915s) | Generator RTF: 0.2984(1.168s / 3.915s)
generated_audios/generated_H2_128C_int8/908-31957-0019_generated.wav | RTF: 0.3036(2.896s / 9.540s) | Generator RTF: 0.3031(2.892s / 9.540s)
generated_audios/generated_H2_128C_int8/908-31957-0020_generated.wav | RTF: 0.0256(0.151s / 5.895s) | Generator RTF: 0.0250(0.147s / 5.895s)
generated_audios/generated_H2_128C_int8/908-31957-0021_generated.wav | RTF: 0.2842(3.099s / 10.905s) | Generator RTF: 0.2839(3.096s / 10.905s)
generated_audios/generated_H2_128C_int8/908-31957-0022_generated.wav | RTF: 0.3016(4.252s / 14.100s) | Generator RTF: 0.3012(4.247s / 14.100s)
generated_audios/generated_H2_128C_int8/908-31957-0023_generated.wav | RTF: 0.3034(2.583s / 8.515s) | Generator RTF: 0.3029(2.579s / 8.515s)
generated_audios/generated_H2_128C_int8/908-31957-0024_generated.wav | RTF: 0.2972(2.241s / 7.540s) | Generator RTF: 0.2967(2.237s / 7.540s)
generated_audios/generated_H2_128C_int8/908-31957-0025_generated.wav | RTF: 0.2991(6.150s / 20.560s) | Generator RTF: 0.2988(6.144s / 20.560s)
Average RTF: 0.2050(647.624s / 3159.849s)
Average Generator RTF: 0.2044(645.743s / 3159.849s)
Evaluation summary:
  Mel-spectrogram L1: 1.385606
  PESQ: 1.285684
  STOI: 0.820620
Appended per-audio metrics to CSV: per_audio_results/H2_quantized_resblocks

Appended metrics to CSV: experiments_results.csv
Appended to experiments_results.csv:
H2_128C_quantized_resblocks,926391,1.815,0.205,0.2044,1.285684029340744,0.820619787357574,1.3856060166358948
========== Done ==========
=== JOB_STATISTICS ===
=== current date     : Sun Jul  5 01:59:13 PM CEST 2026
= Job-ID             : 1428677 on tinyfat
= Job-Name           : inference_128ch_h1-4
= Job-Command        : /home/hpc/vlbi/vlbi107v/hifi-gan/inference_Test.sh
= Initial workdir    : /home/hpc/vlbi/vlbi107v/hifi-gan
= Queue/Partition    : work
= Slurm account      : vlbi with QOS=normal
= Requested resources:  for 1-00:00:00
= Elapsed runtime    : 00:14:24
= Total RAM usage    : 15.8 GiB of requested  GiB (%)   
= Node list          : tf060
= Subm/Elig/Start/End: 2026-07-05T13:44:49 / 2026-07-05T13:44:49 / 2026-07-05T13:44:49 / 2026-07-05T13:59:13
======================
=== Quota infos ======
    Path                 Used     SoftQ    HardQ    Gracetime  Filec    FileQ    FiHaQ    FileGrace    
    /home/woody           281.2G  1000.0G  1500.0G        N/A     118K   5,000K   7,500K        N/A    
    /home/hpc              92.0G   104.9G   209.7G        N/A      85K     500K   1,000K        N/A    
======================
