### Starting TaskPrologue of job 1367438 on tf066 at Thu May 28 11:49:14 PM CEST 2026
Running on cores 0-7,64-71 with governor ondemand
No GPU known
### Finished TaskPrologue

==========(sbatch.tinyfat) Inference: 128 Channels (g_05540000) ==========
========== H1: baseline (no compression) ==========
Initializing Inference Process..
Using device: cpu (baseline and quantized inference both run on CPU)
Loading '/home/hpc/vlbi/vlbi107v/hifi-gan/cp_hifigan/v1_c128/g_05540000'
Complete.
Removing weight norm...
Loaded checkpoint: /home/hpc/vlbi/vlbi107v/hifi-gan/cp_hifigan/v1_c128/g_05540000 (3.617 MB)
Generator parameters: 925,985
generated_audios/generated_H1_128C/61-70968-0004_generated.wav | RTF: 0.3493(1.357s / 3.885s)
generated_audios/generated_H1_128C/61-70968-0019_generated.wav | RTF: 0.2571(1.408s / 5.475s)
generated_audios/generated_H1_128C/61-70968-0014_generated.wav | RTF: 0.2768(2.072s / 7.485s)
generated_audios/generated_H1_128C/61-70968-0001_generated.wav | RTF: 0.2744(0.991s / 3.610s)
generated_audios/generated_H1_128C/61-70968-0015_generated.wav | RTF: 0.2687(1.444s / 5.375s)
generated_audios/generated_H1_128C/61-70968-0009_generated.wav | RTF: 0.2827(1.275s / 4.510s)
generated_audios/generated_H1_128C/61-70968-0011_generated.wav | RTF: 0.2665(1.699s / 6.375s)
generated_audios/generated_H1_128C/61-70968-0017_generated.wav | RTF: 0.2699(1.379s / 5.110s)
generated_audios/generated_H1_128C/61-70968-0007_generated.wav | RTF: 0.2676(0.950s / 3.550s)
generated_audios/generated_H1_128C/61-70968-0016_generated.wav | RTF: 0.2734(1.017s / 3.720s)
generated_audios/generated_H1_128C/61-70968-0003_generated.wav | RTF: 0.2657(1.146s / 4.315s)
generated_audios/generated_H1_128C/61-70968-0005_generated.wav | RTF: 0.2794(1.417s / 5.070s)
generated_audios/generated_H1_128C/61-70968-0006_generated.wav | RTF: 0.2639(0.775s / 2.935s)
generated_audios/generated_H1_128C/61-70968-0008_generated.wav | RTF: 0.2790(0.986s / 3.535s)
generated_audios/generated_H1_128C/61-70968-0000_generated.wav | RTF: 0.2777(1.362s / 4.905s)
generated_audios/generated_H1_128C/61-70968-0013_generated.wav | RTF: 0.2776(1.235s / 4.450s)
generated_audios/generated_H1_128C/61-70968-0002_generated.wav | RTF: 0.2634(0.782s / 2.970s)
generated_audios/generated_H1_128C/61-70968-0018_generated.wav | RTF: 0.2668(0.642s / 2.405s)
generated_audios/generated_H1_128C/61-70968-0010_generated.wav | RTF: 0.2651(2.199s / 8.295s)
generated_audios/generated_H1_128C/61-70968-0012_generated.wav | RTF: 0.2714(0.708s / 2.610s)
Average RTF: 0.2743(24.846s / 90.585s)
Evaluation summary:
  Mel-spectrogram L1: 0.310874
  PESQ: 2.074673
  STOI: 0.926944

Appended metrics to CSV: experiments_results.csv
========== H2: quantized (INT8 dynamic quantization) ==========
Initializing Inference Process..
Using device: cpu (baseline and quantized inference both run on CPU)
Quantization enabled: forcing CPU inference for INT8 model.
Loading '/home/hpc/vlbi/vlbi107v/hifi-gan/cp_hifigan/v1_c128/g_05540000'
Complete.
Removing weight norm...
Loaded checkpoint: /home/hpc/vlbi/vlbi107v/hifi-gan/cp_hifigan/v1_c128/g_05540000 (3.617 MB)
Generator parameters: 925,985
generated_audios/generated_H2_128C_int8/61-70968-0004_generated.wav | RTF: 0.6913(2.686s / 3.885s)
generated_audios/generated_H2_128C_int8/61-70968-0019_generated.wav | RTF: 0.5598(3.065s / 5.475s)
generated_audios/generated_H2_128C_int8/61-70968-0014_generated.wav | RTF: 0.2763(2.068s / 7.485s)
generated_audios/generated_H2_128C_int8/61-70968-0001_generated.wav | RTF: 0.2772(1.001s / 3.610s)
generated_audios/generated_H2_128C_int8/61-70968-0015_generated.wav | RTF: 0.2603(1.399s / 5.375s)
generated_audios/generated_H2_128C_int8/61-70968-0009_generated.wav | RTF: 0.2734(1.233s / 4.510s)
generated_audios/generated_H2_128C_int8/61-70968-0011_generated.wav | RTF: 0.2582(1.646s / 6.375s)
generated_audios/generated_H2_128C_int8/61-70968-0017_generated.wav | RTF: 0.2836(1.449s / 5.110s)
generated_audios/generated_H2_128C_int8/61-70968-0007_generated.wav | RTF: 0.2703(0.960s / 3.550s)
generated_audios/generated_H2_128C_int8/61-70968-0016_generated.wav | RTF: 0.2759(1.026s / 3.720s)
generated_audios/generated_H2_128C_int8/61-70968-0003_generated.wav | RTF: 0.2594(1.119s / 4.315s)
generated_audios/generated_H2_128C_int8/61-70968-0005_generated.wav | RTF: 0.2623(1.330s / 5.070s)
generated_audios/generated_H2_128C_int8/61-70968-0006_generated.wav | RTF: 0.2543(0.746s / 2.935s)
generated_audios/generated_H2_128C_int8/61-70968-0008_generated.wav | RTF: 0.2714(0.959s / 3.535s)
generated_audios/generated_H2_128C_int8/61-70968-0000_generated.wav | RTF: 0.2698(1.323s / 4.905s)
generated_audios/generated_H2_128C_int8/61-70968-0013_generated.wav | RTF: 0.2788(1.241s / 4.450s)
generated_audios/generated_H2_128C_int8/61-70968-0002_generated.wav | RTF: 0.2689(0.799s / 2.970s)
generated_audios/generated_H2_128C_int8/61-70968-0018_generated.wav | RTF: 0.2640(0.635s / 2.405s)
generated_audios/generated_H2_128C_int8/61-70968-0010_generated.wav | RTF: 0.2633(2.184s / 8.295s)
generated_audios/generated_H2_128C_int8/61-70968-0012_generated.wav | RTF: 0.2681(0.700s / 2.610s)
Average RTF: 0.3044(27.570s / 90.585s)
Evaluation summary:
  Mel-spectrogram L1: 0.310874
  PESQ: 2.074673
  STOI: 0.926944

Appended metrics to CSV: experiments_results.csv
========== H3: pruning 30% ==========
Initializing Inference Process..
Using device: cpu (baseline and quantized inference both run on CPU)
Loading '/home/hpc/vlbi/vlbi107v/hifi-gan/cp_hifigan/v1_c128/g_05540000'
Complete.
Removing weight norm...
Applying structured pruning with ratio 0.30...
Loaded checkpoint: /home/hpc/vlbi/vlbi107v/hifi-gan/cp_hifigan/v1_c128/g_05540000 (3.617 MB)
Generator parameters: 925,985
generated_audios/generated_H3_128C_pruned30/61-70968-0004_generated.wav | RTF: 0.2797(1.087s / 3.885s)
generated_audios/generated_H3_128C_pruned30/61-70968-0019_generated.wav | RTF: 0.2651(1.451s / 5.475s)
generated_audios/generated_H3_128C_pruned30/61-70968-0014_generated.wav | RTF: 0.2744(2.054s / 7.485s)
generated_audios/generated_H3_128C_pruned30/61-70968-0001_generated.wav | RTF: 0.2708(0.978s / 3.610s)
generated_audios/generated_H3_128C_pruned30/61-70968-0015_generated.wav | RTF: 0.2705(1.454s / 5.375s)
generated_audios/generated_H3_128C_pruned30/61-70968-0009_generated.wav | RTF: 0.2766(1.247s / 4.510s)
generated_audios/generated_H3_128C_pruned30/61-70968-0011_generated.wav | RTF: 0.2598(1.656s / 6.375s)
generated_audios/generated_H3_128C_pruned30/61-70968-0017_generated.wav | RTF: 0.2745(1.403s / 5.110s)
generated_audios/generated_H3_128C_pruned30/61-70968-0007_generated.wav | RTF: 0.2651(0.941s / 3.550s)
generated_audios/generated_H3_128C_pruned30/61-70968-0016_generated.wav | RTF: 0.2837(1.055s / 3.720s)
generated_audios/generated_H3_128C_pruned30/61-70968-0003_generated.wav | RTF: 0.2746(1.185s / 4.315s)
generated_audios/generated_H3_128C_pruned30/61-70968-0005_generated.wav | RTF: 0.2692(1.365s / 5.070s)
generated_audios/generated_H3_128C_pruned30/61-70968-0006_generated.wav | RTF: 0.4731(1.389s / 2.935s)
generated_audios/generated_H3_128C_pruned30/61-70968-0008_generated.wav | RTF: 0.2707(0.957s / 3.535s)
generated_audios/generated_H3_128C_pruned30/61-70968-0000_generated.wav | RTF: 0.2754(1.351s / 4.905s)
generated_audios/generated_H3_128C_pruned30/61-70968-0013_generated.wav | RTF: 0.2794(1.243s / 4.450s)
generated_audios/generated_H3_128C_pruned30/61-70968-0002_generated.wav | RTF: 0.2622(0.779s / 2.970s)
generated_audios/generated_H3_128C_pruned30/61-70968-0018_generated.wav | RTF: 0.2610(0.628s / 2.405s)
generated_audios/generated_H3_128C_pruned30/61-70968-0010_generated.wav | RTF: 0.2556(2.120s / 8.295s)
generated_audios/generated_H3_128C_pruned30/61-70968-0012_generated.wav | RTF: 0.2640(0.689s / 2.610s)
Average RTF: 0.2763(25.032s / 90.585s)
Evaluation summary:
  Mel-spectrogram L1: 3.233988
  PESQ: 1.063696
  STOI: 0.264611

Appended metrics to CSV: experiments_results.csv
========== H3: pruning 50% ==========
Initializing Inference Process..
Using device: cpu (baseline and quantized inference both run on CPU)
Loading '/home/hpc/vlbi/vlbi107v/hifi-gan/cp_hifigan/v1_c128/g_05540000'
Complete.
Removing weight norm...
Applying structured pruning with ratio 0.50...
Loaded checkpoint: /home/hpc/vlbi/vlbi107v/hifi-gan/cp_hifigan/v1_c128/g_05540000 (3.617 MB)
Generator parameters: 925,985
generated_audios/generated_H3_128C_pruned50/61-70968-0004_generated.wav | RTF: 0.2963(1.151s / 3.885s)
generated_audios/generated_H3_128C_pruned50/61-70968-0019_generated.wav | RTF: 0.2622(1.435s / 5.475s)
generated_audios/generated_H3_128C_pruned50/61-70968-0014_generated.wav | RTF: 0.2760(2.066s / 7.485s)
generated_audios/generated_H3_128C_pruned50/61-70968-0001_generated.wav | RTF: 0.2691(0.972s / 3.610s)
generated_audios/generated_H3_128C_pruned50/61-70968-0015_generated.wav | RTF: 0.2586(1.390s / 5.375s)
generated_audios/generated_H3_128C_pruned50/61-70968-0009_generated.wav | RTF: 0.2736(1.234s / 4.510s)
generated_audios/generated_H3_128C_pruned50/61-70968-0011_generated.wav | RTF: 0.2658(1.695s / 6.375s)
generated_audios/generated_H3_128C_pruned50/61-70968-0017_generated.wav | RTF: 0.2825(1.444s / 5.110s)
generated_audios/generated_H3_128C_pruned50/61-70968-0007_generated.wav | RTF: 0.2753(0.977s / 3.550s)
generated_audios/generated_H3_128C_pruned50/61-70968-0016_generated.wav | RTF: 0.2764(1.028s / 3.720s)
generated_audios/generated_H3_128C_pruned50/61-70968-0003_generated.wav | RTF: 0.2785(1.202s / 4.315s)
generated_audios/generated_H3_128C_pruned50/61-70968-0005_generated.wav | RTF: 0.2721(1.380s / 5.070s)
generated_audios/generated_H3_128C_pruned50/61-70968-0006_generated.wav | RTF: 0.2567(0.753s / 2.935s)
generated_audios/generated_H3_128C_pruned50/61-70968-0008_generated.wav | RTF: 0.2754(0.974s / 3.535s)
generated_audios/generated_H3_128C_pruned50/61-70968-0000_generated.wav | RTF: 0.2778(1.363s / 4.905s)
generated_audios/generated_H3_128C_pruned50/61-70968-0013_generated.wav | RTF: 0.2757(1.227s / 4.450s)
generated_audios/generated_H3_128C_pruned50/61-70968-0002_generated.wav | RTF: 0.2597(0.771s / 2.970s)
generated_audios/generated_H3_128C_pruned50/61-70968-0018_generated.wav | RTF: 0.2641(0.635s / 2.405s)
generated_audios/generated_H3_128C_pruned50/61-70968-0010_generated.wav | RTF: 0.2636(2.187s / 8.295s)
generated_audios/generated_H3_128C_pruned50/61-70968-0012_generated.wav | RTF: 0.2736(0.714s / 2.610s)
Average RTF: 0.2715(24.597s / 90.585s)
Evaluation summary:
  Mel-spectrogram L1: 4.070727
  PESQ: 1.180579
  STOI: 0.320975

Appended metrics to CSV: experiments_results.csv
========== H3: pruning 70% ==========
Initializing Inference Process..
Using device: cpu (baseline and quantized inference both run on CPU)
Loading '/home/hpc/vlbi/vlbi107v/hifi-gan/cp_hifigan/v1_c128/g_05540000'
Complete.
Removing weight norm...
Applying structured pruning with ratio 0.70...
Loaded checkpoint: /home/hpc/vlbi/vlbi107v/hifi-gan/cp_hifigan/v1_c128/g_05540000 (3.617 MB)
Generator parameters: 925,985
generated_audios/generated_H3_128C_pruned70/61-70968-0004_generated.wav | RTF: 0.2854(1.109s / 3.885s)
generated_audios/generated_H3_128C_pruned70/61-70968-0019_generated.wav | RTF: 0.2589(1.417s / 5.475s)
generated_audios/generated_H3_128C_pruned70/61-70968-0014_generated.wav | RTF: 0.2751(2.059s / 7.485s)
generated_audios/generated_H3_128C_pruned70/61-70968-0001_generated.wav | RTF: 0.2805(1.013s / 3.610s)
generated_audios/generated_H3_128C_pruned70/61-70968-0015_generated.wav | RTF: 0.2640(1.419s / 5.375s)
generated_audios/generated_H3_128C_pruned70/61-70968-0009_generated.wav | RTF: 0.2650(1.195s / 4.510s)
generated_audios/generated_H3_128C_pruned70/61-70968-0011_generated.wav | RTF: 0.2523(1.609s / 6.375s)
generated_audios/generated_H3_128C_pruned70/61-70968-0017_generated.wav | RTF: 0.2655(1.357s / 5.110s)
generated_audios/generated_H3_128C_pruned70/61-70968-0007_generated.wav | RTF: 0.2725(0.968s / 3.550s)
generated_audios/generated_H3_128C_pruned70/61-70968-0016_generated.wav | RTF: 0.2920(1.086s / 3.720s)
generated_audios/generated_H3_128C_pruned70/61-70968-0003_generated.wav | RTF: 0.2725(1.176s / 4.315s)
generated_audios/generated_H3_128C_pruned70/61-70968-0005_generated.wav | RTF: 0.2835(1.437s / 5.070s)
generated_audios/generated_H3_128C_pruned70/61-70968-0006_generated.wav | RTF: 0.2626(0.771s / 2.935s)
generated_audios/generated_H3_128C_pruned70/61-70968-0008_generated.wav | RTF: 0.2745(0.970s / 3.535s)
generated_audios/generated_H3_128C_pruned70/61-70968-0000_generated.wav | RTF: 0.2683(1.316s / 4.905s)
generated_audios/generated_H3_128C_pruned70/61-70968-0013_generated.wav | RTF: 0.2713(1.207s / 4.450s)
generated_audios/generated_H3_128C_pruned70/61-70968-0002_generated.wav | RTF: 0.2654(0.788s / 2.970s)
generated_audios/generated_H3_128C_pruned70/61-70968-0018_generated.wav | RTF: 0.2602(0.626s / 2.405s)
generated_audios/generated_H3_128C_pruned70/61-70968-0010_generated.wav | RTF: 0.2590(2.148s / 8.295s)
generated_audios/generated_H3_128C_pruned70/61-70968-0012_generated.wav | RTF: 0.2666(0.696s / 2.610s)
Average RTF: 0.2690(24.366s / 90.585s)
Evaluation summary:
  Mel-spectrogram L1: 6.332181
  PESQ: 1.062410
  STOI: 0.460759

Appended metrics to CSV: experiments_results.csv
========== H4: pruning 30% + quantize ==========
Initializing Inference Process..
Using device: cpu (baseline and quantized inference both run on CPU)
Quantization enabled: forcing CPU inference for INT8 model.
Loading '/home/hpc/vlbi/vlbi107v/hifi-gan/cp_hifigan/v1_c128/g_05540000'
Complete.
Removing weight norm...
Applying structured pruning with ratio 0.30...
Loaded checkpoint: /home/hpc/vlbi/vlbi107v/hifi-gan/cp_hifigan/v1_c128/g_05540000 (3.617 MB)
Generator parameters: 925,985
generated_audios/generated_H4_128C_pruned30_int8/61-70968-0004_generated.wav | RTF: 0.2814(1.093s / 3.885s)
generated_audios/generated_H4_128C_pruned30_int8/61-70968-0019_generated.wav | RTF: 0.2577(1.411s / 5.475s)
generated_audios/generated_H4_128C_pruned30_int8/61-70968-0014_generated.wav | RTF: 0.2683(2.009s / 7.485s)
generated_audios/generated_H4_128C_pruned30_int8/61-70968-0001_generated.wav | RTF: 0.2720(0.982s / 3.610s)
generated_audios/generated_H4_128C_pruned30_int8/61-70968-0015_generated.wav | RTF: 0.2570(1.382s / 5.375s)
generated_audios/generated_H4_128C_pruned30_int8/61-70968-0009_generated.wav | RTF: 0.2753(1.242s / 4.510s)
generated_audios/generated_H4_128C_pruned30_int8/61-70968-0011_generated.wav | RTF: 0.2621(1.671s / 6.375s)
generated_audios/generated_H4_128C_pruned30_int8/61-70968-0017_generated.wav | RTF: 0.2740(1.400s / 5.110s)
generated_audios/generated_H4_128C_pruned30_int8/61-70968-0007_generated.wav | RTF: 0.2736(0.971s / 3.550s)
generated_audios/generated_H4_128C_pruned30_int8/61-70968-0016_generated.wav | RTF: 0.2896(1.077s / 3.720s)
generated_audios/generated_H4_128C_pruned30_int8/61-70968-0003_generated.wav | RTF: 0.2824(1.219s / 4.315s)
generated_audios/generated_H4_128C_pruned30_int8/61-70968-0005_generated.wav | RTF: 0.2929(1.485s / 5.070s)
generated_audios/generated_H4_128C_pruned30_int8/61-70968-0006_generated.wav | RTF: 0.2627(0.771s / 2.935s)
generated_audios/generated_H4_128C_pruned30_int8/61-70968-0008_generated.wav | RTF: 0.2826(0.999s / 3.535s)
generated_audios/generated_H4_128C_pruned30_int8/61-70968-0000_generated.wav | RTF: 0.2788(1.368s / 4.905s)
generated_audios/generated_H4_128C_pruned30_int8/61-70968-0013_generated.wav | RTF: 0.2813(1.252s / 4.450s)
generated_audios/generated_H4_128C_pruned30_int8/61-70968-0002_generated.wav | RTF: 0.2677(0.795s / 2.970s)
generated_audios/generated_H4_128C_pruned30_int8/61-70968-0018_generated.wav | RTF: 0.2695(0.648s / 2.405s)
generated_audios/generated_H4_128C_pruned30_int8/61-70968-0010_generated.wav | RTF: 0.2582(2.142s / 8.295s)
generated_audios/generated_H4_128C_pruned30_int8/61-70968-0012_generated.wav | RTF: 0.2726(0.711s / 2.610s)
Average RTF: 0.2719(24.627s / 90.585s)
Evaluation summary:
  Mel-spectrogram L1: 3.233988
  PESQ: 1.063696
  STOI: 0.264611

Appended metrics to CSV: experiments_results.csv
========== H4: pruning 50% + quantize ==========
Initializing Inference Process..
Using device: cpu (baseline and quantized inference both run on CPU)
Quantization enabled: forcing CPU inference for INT8 model.
Loading '/home/hpc/vlbi/vlbi107v/hifi-gan/cp_hifigan/v1_c128/g_05540000'
Complete.
Removing weight norm...
Applying structured pruning with ratio 0.50...
Loaded checkpoint: /home/hpc/vlbi/vlbi107v/hifi-gan/cp_hifigan/v1_c128/g_05540000 (3.617 MB)
Generator parameters: 925,985
generated_audios/generated_H4_128C_pruned50_int8/61-70968-0004_generated.wav | RTF: 0.7003(2.721s / 3.885s)
generated_audios/generated_H4_128C_pruned50_int8/61-70968-0019_generated.wav | RTF: 0.5660(3.099s / 5.475s)
generated_audios/generated_H4_128C_pruned50_int8/61-70968-0014_generated.wav | RTF: 0.4803(3.595s / 7.485s)
generated_audios/generated_H4_128C_pruned50_int8/61-70968-0001_generated.wav | RTF: 0.2727(0.984s / 3.610s)
generated_audios/generated_H4_128C_pruned50_int8/61-70968-0015_generated.wav | RTF: 0.2591(1.393s / 5.375s)
generated_audios/generated_H4_128C_pruned50_int8/61-70968-0009_generated.wav | RTF: 0.2730(1.231s / 4.510s)
generated_audios/generated_H4_128C_pruned50_int8/61-70968-0011_generated.wav | RTF: 0.2577(1.643s / 6.375s)
generated_audios/generated_H4_128C_pruned50_int8/61-70968-0017_generated.wav | RTF: 0.2718(1.389s / 5.110s)
generated_audios/generated_H4_128C_pruned50_int8/61-70968-0007_generated.wav | RTF: 0.2662(0.945s / 3.550s)
generated_audios/generated_H4_128C_pruned50_int8/61-70968-0016_generated.wav | RTF: 0.2757(1.026s / 3.720s)
generated_audios/generated_H4_128C_pruned50_int8/61-70968-0003_generated.wav | RTF: 0.2766(1.194s / 4.315s)
generated_audios/generated_H4_128C_pruned50_int8/61-70968-0005_generated.wav | RTF: 0.2792(1.415s / 5.070s)
generated_audios/generated_H4_128C_pruned50_int8/61-70968-0006_generated.wav | RTF: 0.2570(0.754s / 2.935s)
generated_audios/generated_H4_128C_pruned50_int8/61-70968-0008_generated.wav | RTF: 0.2707(0.957s / 3.535s)
generated_audios/generated_H4_128C_pruned50_int8/61-70968-0000_generated.wav | RTF: 0.2712(1.330s / 4.905s)
generated_audios/generated_H4_128C_pruned50_int8/61-70968-0013_generated.wav | RTF: 0.2724(1.212s / 4.450s)
generated_audios/generated_H4_128C_pruned50_int8/61-70968-0002_generated.wav | RTF: 0.2648(0.787s / 2.970s)
generated_audios/generated_H4_128C_pruned50_int8/61-70968-0018_generated.wav | RTF: 0.2600(0.625s / 2.405s)
generated_audios/generated_H4_128C_pruned50_int8/61-70968-0010_generated.wav | RTF: 0.2591(2.149s / 8.295s)
generated_audios/generated_H4_128C_pruned50_int8/61-70968-0012_generated.wav | RTF: 0.2682(0.700s / 2.610s)
Average RTF: 0.3218(29.150s / 90.585s)
Evaluation summary:
  Mel-spectrogram L1: 4.070727
  PESQ: 1.180579
  STOI: 0.320975

Appended metrics to CSV: experiments_results.csv
========== H4: pruning 70% + quantize ==========
Initializing Inference Process..
Using device: cpu (baseline and quantized inference both run on CPU)
Quantization enabled: forcing CPU inference for INT8 model.
Loading '/home/hpc/vlbi/vlbi107v/hifi-gan/cp_hifigan/v1_c128/g_05540000'
Complete.
Removing weight norm...
Applying structured pruning with ratio 0.70...
Loaded checkpoint: /home/hpc/vlbi/vlbi107v/hifi-gan/cp_hifigan/v1_c128/g_05540000 (3.617 MB)
Generator parameters: 925,985
generated_audios/generated_H4_128C_pruned70_int8/61-70968-0004_generated.wav | RTF: 0.2854(1.109s / 3.885s)
generated_audios/generated_H4_128C_pruned70_int8/61-70968-0019_generated.wav | RTF: 0.2628(1.439s / 5.475s)
generated_audios/generated_H4_128C_pruned70_int8/61-70968-0014_generated.wav | RTF: 0.2863(2.143s / 7.485s)
generated_audios/generated_H4_128C_pruned70_int8/61-70968-0001_generated.wav | RTF: 0.2672(0.965s / 3.610s)
generated_audios/generated_H4_128C_pruned70_int8/61-70968-0015_generated.wav | RTF: 0.2680(1.441s / 5.375s)
generated_audios/generated_H4_128C_pruned70_int8/61-70968-0009_generated.wav | RTF: 0.2743(1.237s / 4.510s)
generated_audios/generated_H4_128C_pruned70_int8/61-70968-0011_generated.wav | RTF: 0.2565(1.635s / 6.375s)
generated_audios/generated_H4_128C_pruned70_int8/61-70968-0017_generated.wav | RTF: 0.2742(1.401s / 5.110s)
generated_audios/generated_H4_128C_pruned70_int8/61-70968-0007_generated.wav | RTF: 0.2797(0.993s / 3.550s)
generated_audios/generated_H4_128C_pruned70_int8/61-70968-0016_generated.wav | RTF: 0.2844(1.058s / 3.720s)
generated_audios/generated_H4_128C_pruned70_int8/61-70968-0003_generated.wav | RTF: 0.2706(1.168s / 4.315s)
generated_audios/generated_H4_128C_pruned70_int8/61-70968-0005_generated.wav | RTF: 0.2835(1.437s / 5.070s)
generated_audios/generated_H4_128C_pruned70_int8/61-70968-0006_generated.wav | RTF: 0.2662(0.781s / 2.935s)
generated_audios/generated_H4_128C_pruned70_int8/61-70968-0008_generated.wav | RTF: 0.2668(0.943s / 3.535s)
generated_audios/generated_H4_128C_pruned70_int8/61-70968-0000_generated.wav | RTF: 0.2736(1.342s / 4.905s)
generated_audios/generated_H4_128C_pruned70_int8/61-70968-0013_generated.wav | RTF: 0.2792(1.242s / 4.450s)
generated_audios/generated_H4_128C_pruned70_int8/61-70968-0002_generated.wav | RTF: 0.8091(2.403s / 2.970s)
generated_audios/generated_H4_128C_pruned70_int8/61-70968-0018_generated.wav | RTF: 0.9547(2.296s / 2.405s)
generated_audios/generated_H4_128C_pruned70_int8/61-70968-0010_generated.wav | RTF: 0.4531(3.758s / 8.295s)
generated_audios/generated_H4_128C_pruned70_int8/61-70968-0012_generated.wav | RTF: 0.5979(1.560s / 2.610s)
Average RTF: 0.3351(30.352s / 90.585s)
Evaluation summary:
  Mel-spectrogram L1: 6.332181
  PESQ: 1.062410
  STOI: 0.460759

Appended metrics to CSV: experiments_results.csv
Appended to experiments_results.csv:
H4_128C_pruned70_int8,925985,3.617,0.3351,1.0624096095561981,0.4607587866424888,6.332181429862976
========== Done ==========
=== JOB_STATISTICS ===
=== current date     : Thu May 28 11:54:03 PM CEST 2026
= Job-ID             : 1367438 on tinyfat
= Job-Name           : inference_128ch_h1-4
= Job-Command        : /home/hpc/vlbi/vlbi107v/hifi-gan/inference.sh
= Initial workdir    : /home/hpc/vlbi/vlbi107v/hifi-gan
= Queue/Partition    : work
= Slurm account      : vlbi with QOS=normal
= Requested resources:  for 02:00:00
= Elapsed runtime    : 00:04:48
= Total RAM usage    : 1.5 GiB of requested  GiB (%)   
= Node list          : tf066
= Subm/Elig/Start/End: 2026-05-28T23:49:13 / 2026-05-28T23:49:13 / 2026-05-28T23:49:14 / 2026-05-28T23:54:02
======================
=== Quota infos ======
    Path                 Used     SoftQ    HardQ    Gracetime  Filec    FileQ    FiHaQ    FileGrace    
    /home/hpc              99.3G   104.9G   209.7G        N/A      57K     500K   1,000K        N/A    
    /home/woody            21.1G  1000.0G  1500.0G        N/A     116K   5,000K   7,500K        N/A    
======================
